

================================================================
== Vitis HLS Report for 'compute_expert_3_Pipeline_VITIS_LOOP_20_1_VITIS_LOOP_29_3'
================================================================
* Date:           Sun Sep 20 21:00:11 2026

* Version:        2023.2 (Build 4023990 on Oct 11 2023)
* Project:        project
* Solution:       solution1 (Vivado IP Flow Target)
* Product family: virtexuplus
* Target device:  xcvu13p_CIV-figd2104-3-e


================================================================
== Performance Estimates
================================================================
+ Timing: 
    * Summary: 
    +--------+----------+----------+------------+
    |  Clock |  Target  | Estimated| Uncertainty|
    +--------+----------+----------+------------+
    |ap_clk  |  10.00 ns|  7.300 ns|     2.70 ns|
    +--------+----------+----------+------------+

+ Latency: 
    * Summary: 
    +---------+---------+----------+----------+-----+-----+---------+
    |  Latency (cycles) |  Latency (absolute) |  Interval | Pipeline|
    |   min   |   max   |    min   |    max   | min | max |   Type  |
    +---------+---------+----------+----------+-----+-----+---------+
    |      293|      293|  2.930 us|  2.930 us|  293|  293|       no|
    +---------+---------+----------+----------+-----+-----+---------+

    + Detail: 
        * Instance: 
        N/A

        * Loop: 
        +-----------------------------------+---------+---------+----------+-----------+-----------+------+----------+
        |                                   |  Latency (cycles) | Iteration|  Initiation Interval  | Trip |          |
        |             Loop Name             |   min   |   max   |  Latency |  achieved |   target  | Count| Pipelined|
        +-----------------------------------+---------+---------+----------+-----------+-----------+------+----------+
        |- VITIS_LOOP_20_1_VITIS_LOOP_29_3  |      291|      291|        37|          1|          1|   256|       yes|
        +-----------------------------------+---------+---------+----------+-----------+-----------+------+----------+



================================================================
== Utilization Estimates
================================================================
* Summary: 
+---------------------+---------+-------+---------+---------+------+
|         Name        | BRAM_18K|  DSP  |    FF   |   LUT   | URAM |
+---------------------+---------+-------+---------+---------+------+
|DSP                  |        -|      -|        -|        -|     -|
|Expression           |        -|      -|        0|      637|     -|
|FIFO                 |        -|      -|        -|        -|     -|
|Instance             |        -|      -|        -|        -|     -|
|Memory               |        -|      -|        -|        -|     -|
|Multiplexer          |        -|      -|        -|      369|     -|
|Register             |        -|      -|     3852|      608|     -|
+---------------------+---------+-------+---------+---------+------+
|Total                |        0|      0|     3852|     1614|     0|
+---------------------+---------+-------+---------+---------+------+
|Available SLR        |     1344|   3072|   864000|   432000|   320|
+---------------------+---------+-------+---------+---------+------+
|Utilization SLR (%)  |        0|      0|       ~0|       ~0|     0|
+---------------------+---------+-------+---------+---------+------+
|Available            |     5376|  12288|  3456000|  1728000|  1280|
+---------------------+---------+-------+---------+---------+------+
|Utilization (%)      |        0|      0|       ~0|       ~0|     0|
+---------------------+---------+-------+---------+---------+------+

+ Detail: 
    * Instance: 
    N/A

    * DSP: 
    N/A

    * Memory: 
    N/A

    * FIFO: 
    N/A

    * Expression: 
    +----------------------------------+----------+----+---+----+------------+------------+
    |           Variable Name          | Operation| DSP| FF| LUT| Bitwidth P0| Bitwidth P1|
    +----------------------------------+----------+----+---+----+------------+------------+
    |add_ln20_1_fu_1039_p2             |         +|   0|  0|  16|           9|           1|
    |add_ln20_fu_1051_p2               |         +|   0|  0|  14|           7|           1|
    |add_ln29_fu_1141_p2               |         +|   0|  0|  10|           3|           1|
    |add_ln34_1_fu_1100_p2             |         +|   0|  0|  13|           6|           6|
    |add_ln34_fu_1130_p2               |         +|   0|  0|  15|           8|           8|
    |ap_block_pp0_stage0_00001         |       and|   0|  0|   2|           1|           1|
    |ap_block_state5_pp0_stage0_iter4  |       and|   0|  0|   2|           1|           1|
    |icmp_ln20_fu_1033_p2              |      icmp|   0|  0|  17|           9|          10|
    |icmp_ln29_1_fu_1147_p2            |      icmp|   0|  0|  12|           3|           4|
    |icmp_ln29_fu_1057_p2              |      icmp|   0|  0|  12|           3|           4|
    |select_ln20_10_fu_1277_p3         |    select|   0|  0|  32|           1|           1|
    |select_ln20_11_fu_1261_p3         |    select|   0|  0|  32|           1|           1|
    |select_ln20_12_fu_1245_p3         |    select|   0|  0|  32|           1|           1|
    |select_ln20_13_fu_1229_p3         |    select|   0|  0|  32|           1|           1|
    |select_ln20_14_fu_1213_p3         |    select|   0|  0|  32|           1|           1|
    |select_ln20_15_fu_1193_p3         |    select|   0|  0|  32|           1|           1|
    |select_ln20_16_fu_1171_p3         |    select|   0|  0|  32|           1|           1|
    |select_ln20_17_fu_1071_p3         |    select|   0|  0|   7|           1|           7|
    |select_ln20_1_fu_1421_p3          |    select|   0|  0|  32|           1|           1|
    |select_ln20_2_fu_1405_p3          |    select|   0|  0|  32|           1|           1|
    |select_ln20_3_fu_1389_p3          |    select|   0|  0|  32|           1|           1|
    |select_ln20_4_fu_1373_p3          |    select|   0|  0|  32|           1|           1|
    |select_ln20_5_fu_1357_p3          |    select|   0|  0|  32|           1|           1|
    |select_ln20_6_fu_1341_p3          |    select|   0|  0|  32|           1|           1|
    |select_ln20_7_fu_1325_p3          |    select|   0|  0|  32|           1|           1|
    |select_ln20_8_fu_1309_p3          |    select|   0|  0|  32|           1|           1|
    |select_ln20_9_fu_1293_p3          |    select|   0|  0|  32|           1|           1|
    |select_ln20_fu_1063_p3            |    select|   0|  0|   3|           1|           1|
    |ap_enable_pp0                     |       xor|   0|  0|   2|           1|           2|
    +----------------------------------+----------+----+---+----+------------+------------+
    |Total                             |          |   0|  0| 637|          69|          63|
    +----------------------------------+----------+----+---+----+------------+------------+

    * Multiplexer: 
    +--------------------------------------+----+-----------+-----+-----------+
    |                 Name                 | LUT| Input Size| Bits| Total Bits|
    +--------------------------------------+----+-----------+-----+-----------+
    |ap_done_int                           |   9|          2|    1|          2|
    |ap_enable_reg_pp0_iter1               |   9|          2|    1|          2|
    |ap_sig_allocacmp_g_load               |   9|          2|    3|          6|
    |ap_sig_allocacmp_indvar_flatten_load  |   9|          2|    9|         18|
    |ap_sig_allocacmp_o_load               |   9|          2|    7|         14|
    |ap_sig_allocacmp_p_load               |   9|          2|   32|         64|
    |ap_sig_allocacmp_p_load11             |   9|          2|   32|         64|
    |ap_sig_allocacmp_p_load12             |   9|          2|   32|         64|
    |ap_sig_allocacmp_p_load13             |   9|          2|   32|         64|
    |ap_sig_allocacmp_p_load14             |   9|          2|   32|         64|
    |ap_sig_allocacmp_p_load15             |   9|          2|   32|         64|
    |ap_sig_allocacmp_p_load16             |   9|          2|   32|         64|
    |ap_sig_allocacmp_p_load17             |   9|          2|   32|         64|
    |ap_sig_allocacmp_p_load18             |   9|          2|   32|         64|
    |ap_sig_allocacmp_p_load19             |   9|          2|   32|         64|
    |ap_sig_allocacmp_p_load20             |   9|          2|   32|         64|
    |ap_sig_allocacmp_p_load21             |   9|          2|   32|         64|
    |ap_sig_allocacmp_p_load22             |   9|          2|   32|         64|
    |ap_sig_allocacmp_p_load23             |   9|          2|   32|         64|
    |ap_sig_allocacmp_p_load24             |   9|          2|   32|         64|
    |ap_sig_allocacmp_p_load25             |   9|          2|   32|         64|
    |empty_72_fu_140                       |   9|          2|   32|         64|
    |empty_73_fu_144                       |   9|          2|   32|         64|
    |empty_74_fu_148                       |   9|          2|   32|         64|
    |empty_75_fu_152                       |   9|          2|   32|         64|
    |empty_76_fu_156                       |   9|          2|   32|         64|
    |empty_77_fu_160                       |   9|          2|   32|         64|
    |empty_78_fu_164                       |   9|          2|   32|         64|
    |empty_79_fu_168                       |   9|          2|   32|         64|
    |empty_80_fu_172                       |   9|          2|   32|         64|
    |empty_81_fu_176                       |   9|          2|   32|         64|
    |empty_82_fu_180                       |   9|          2|   32|         64|
    |empty_83_fu_184                       |   9|          2|   32|         64|
    |empty_84_fu_188                       |   9|          2|   32|         64|
    |empty_85_fu_192                       |   9|          2|   32|         64|
    |empty_86_fu_196                       |   9|          2|   32|         64|
    |empty_fu_136                          |   9|          2|   32|         64|
    |g_fu_200                              |   9|          2|    3|          6|
    |gmem10_blk_n_R                        |   9|          2|    1|          2|
    |indvar_flatten_fu_208                 |   9|          2|    9|         18|
    |o_fu_204                              |   9|          2|    7|         14|
    +--------------------------------------+----+-----------+-----+-----------+
    |Total                                 | 369|         82| 1065|       2130|
    +--------------------------------------+----+-----------+-----+-----------+

    * Register: 
    +-----------------------------------+----+----+-----+-----------+
    |                Name               | FF | LUT| Bits| Const Bits|
    +-----------------------------------+----+----+-----+-----------+
    |acc_65_reg_1864                    |  32|   0|   32|          0|
    |acc_66_reg_1894                    |  32|   0|   32|          0|
    |acc_67_reg_1924                    |  32|   0|   32|          0|
    |acc_68_reg_1954                    |  32|   0|   32|          0|
    |acc_69_reg_1984                    |  32|   0|   32|          0|
    |acc_70_reg_2014                    |  32|   0|   32|          0|
    |acc_71_reg_2044                    |  32|   0|   32|          0|
    |acc_72_reg_2074                    |  32|   0|   32|          0|
    |acc_73_reg_2104                    |  32|   0|   32|          0|
    |acc_74_reg_2134                    |  32|   0|   32|          0|
    |acc_75_reg_2164                    |  32|   0|   32|          0|
    |acc_76_reg_2194                    |  32|   0|   32|          0|
    |acc_77_reg_2224                    |  32|   0|   32|          0|
    |acc_78_reg_2249                    |  32|   0|   32|          0|
    |acc_79_reg_2264                    |  32|   0|   32|          0|
    |add23_10_reg_2149                  |  32|   0|   32|          0|
    |add23_11_reg_2179                  |  32|   0|   32|          0|
    |add23_12_reg_2209                  |  32|   0|   32|          0|
    |add23_13_reg_2239                  |  32|   0|   32|          0|
    |add23_14_reg_2259                  |  32|   0|   32|          0|
    |add23_1_reg_1849                   |  32|   0|   32|          0|
    |add23_2_reg_1879                   |  32|   0|   32|          0|
    |add23_3_reg_1909                   |  32|   0|   32|          0|
    |add23_4_reg_1939                   |  32|   0|   32|          0|
    |add23_5_reg_1969                   |  32|   0|   32|          0|
    |add23_6_reg_1999                   |  32|   0|   32|          0|
    |add23_7_reg_2029                   |  32|   0|   32|          0|
    |add23_8_reg_2059                   |  32|   0|   32|          0|
    |add23_9_reg_2089                   |  32|   0|   32|          0|
    |add23_s_reg_2119                   |  32|   0|   32|          0|
    |add_reg_1814                       |  32|   0|   32|          0|
    |ap_CS_fsm                          |   1|   0|    1|          0|
    |ap_done_reg                        |   1|   0|    1|          0|
    |ap_enable_reg_pp0_iter1            |   1|   0|    1|          0|
    |ap_enable_reg_pp0_iter10           |   1|   0|    1|          0|
    |ap_enable_reg_pp0_iter11           |   1|   0|    1|          0|
    |ap_enable_reg_pp0_iter12           |   1|   0|    1|          0|
    |ap_enable_reg_pp0_iter13           |   1|   0|    1|          0|
    |ap_enable_reg_pp0_iter14           |   1|   0|    1|          0|
    |ap_enable_reg_pp0_iter15           |   1|   0|    1|          0|
    |ap_enable_reg_pp0_iter16           |   1|   0|    1|          0|
    |ap_enable_reg_pp0_iter17           |   1|   0|    1|          0|
    |ap_enable_reg_pp0_iter18           |   1|   0|    1|          0|
    |ap_enable_reg_pp0_iter19           |   1|   0|    1|          0|
    |ap_enable_reg_pp0_iter2            |   1|   0|    1|          0|
    |ap_enable_reg_pp0_iter20           |   1|   0|    1|          0|
    |ap_enable_reg_pp0_iter21           |   1|   0|    1|          0|
    |ap_enable_reg_pp0_iter22           |   1|   0|    1|          0|
    |ap_enable_reg_pp0_iter23           |   1|   0|    1|          0|
    |ap_enable_reg_pp0_iter24           |   1|   0|    1|          0|
    |ap_enable_reg_pp0_iter25           |   1|   0|    1|          0|
    |ap_enable_reg_pp0_iter26           |   1|   0|    1|          0|
    |ap_enable_reg_pp0_iter27           |   1|   0|    1|          0|
    |ap_enable_reg_pp0_iter28           |   1|   0|    1|          0|
    |ap_enable_reg_pp0_iter29           |   1|   0|    1|          0|
    |ap_enable_reg_pp0_iter3            |   1|   0|    1|          0|
    |ap_enable_reg_pp0_iter30           |   1|   0|    1|          0|
    |ap_enable_reg_pp0_iter31           |   1|   0|    1|          0|
    |ap_enable_reg_pp0_iter32           |   1|   0|    1|          0|
    |ap_enable_reg_pp0_iter33           |   1|   0|    1|          0|
    |ap_enable_reg_pp0_iter34           |   1|   0|    1|          0|
    |ap_enable_reg_pp0_iter35           |   1|   0|    1|          0|
    |ap_enable_reg_pp0_iter36           |   1|   0|    1|          0|
    |ap_enable_reg_pp0_iter4            |   1|   0|    1|          0|
    |ap_enable_reg_pp0_iter5            |   1|   0|    1|          0|
    |ap_enable_reg_pp0_iter6            |   1|   0|    1|          0|
    |ap_enable_reg_pp0_iter7            |   1|   0|    1|          0|
    |ap_enable_reg_pp0_iter8            |   1|   0|    1|          0|
    |ap_enable_reg_pp0_iter9            |   1|   0|    1|          0|
    |ap_loop_exit_ready_pp0_iter10_reg  |   1|   0|    1|          0|
    |ap_loop_exit_ready_pp0_iter11_reg  |   1|   0|    1|          0|
    |ap_loop_exit_ready_pp0_iter12_reg  |   1|   0|    1|          0|
    |ap_loop_exit_ready_pp0_iter13_reg  |   1|   0|    1|          0|
    |ap_loop_exit_ready_pp0_iter14_reg  |   1|   0|    1|          0|
    |ap_loop_exit_ready_pp0_iter15_reg  |   1|   0|    1|          0|
    |ap_loop_exit_ready_pp0_iter16_reg  |   1|   0|    1|          0|
    |ap_loop_exit_ready_pp0_iter17_reg  |   1|   0|    1|          0|
    |ap_loop_exit_ready_pp0_iter18_reg  |   1|   0|    1|          0|
    |ap_loop_exit_ready_pp0_iter19_reg  |   1|   0|    1|          0|
    |ap_loop_exit_ready_pp0_iter1_reg   |   1|   0|    1|          0|
    |ap_loop_exit_ready_pp0_iter20_reg  |   1|   0|    1|          0|
    |ap_loop_exit_ready_pp0_iter21_reg  |   1|   0|    1|          0|
    |ap_loop_exit_ready_pp0_iter22_reg  |   1|   0|    1|          0|
    |ap_loop_exit_ready_pp0_iter23_reg  |   1|   0|    1|          0|
    |ap_loop_exit_ready_pp0_iter24_reg  |   1|   0|    1|          0|
    |ap_loop_exit_ready_pp0_iter25_reg  |   1|   0|    1|          0|
    |ap_loop_exit_ready_pp0_iter26_reg  |   1|   0|    1|          0|
    |ap_loop_exit_ready_pp0_iter27_reg  |   1|   0|    1|          0|
    |ap_loop_exit_ready_pp0_iter28_reg  |   1|   0|    1|          0|
    |ap_loop_exit_ready_pp0_iter29_reg  |   1|   0|    1|          0|
    |ap_loop_exit_ready_pp0_iter2_reg   |   1|   0|    1|          0|
    |ap_loop_exit_ready_pp0_iter30_reg  |   1|   0|    1|          0|
    |ap_loop_exit_ready_pp0_iter31_reg  |   1|   0|    1|          0|
    |ap_loop_exit_ready_pp0_iter32_reg  |   1|   0|    1|          0|
    |ap_loop_exit_ready_pp0_iter33_reg  |   1|   0|    1|          0|
    |ap_loop_exit_ready_pp0_iter34_reg  |   1|   0|    1|          0|
    |ap_loop_exit_ready_pp0_iter35_reg  |   1|   0|    1|          0|
    |ap_loop_exit_ready_pp0_iter3_reg   |   1|   0|    1|          0|
    |ap_loop_exit_ready_pp0_iter4_reg   |   1|   0|    1|          0|
    |ap_loop_exit_ready_pp0_iter5_reg   |   1|   0|    1|          0|
    |ap_loop_exit_ready_pp0_iter6_reg   |   1|   0|    1|          0|
    |ap_loop_exit_ready_pp0_iter7_reg   |   1|   0|    1|          0|
    |ap_loop_exit_ready_pp0_iter8_reg   |   1|   0|    1|          0|
    |ap_loop_exit_ready_pp0_iter9_reg   |   1|   0|    1|          0|
    |empty_72_fu_140                    |  32|   0|   32|          0|
    |empty_73_fu_144                    |  32|   0|   32|          0|
    |empty_74_fu_148                    |  32|   0|   32|          0|
    |empty_75_fu_152                    |  32|   0|   32|          0|
    |empty_76_fu_156                    |  32|   0|   32|          0|
    |empty_77_fu_160                    |  32|   0|   32|          0|
    |empty_78_fu_164                    |  32|   0|   32|          0|
    |empty_79_fu_168                    |  32|   0|   32|          0|
    |empty_80_fu_172                    |  32|   0|   32|          0|
    |empty_81_fu_176                    |  32|   0|   32|          0|
    |empty_82_fu_180                    |  32|   0|   32|          0|
    |empty_83_fu_184                    |  32|   0|   32|          0|
    |empty_84_fu_188                    |  32|   0|   32|          0|
    |empty_85_fu_192                    |  32|   0|   32|          0|
    |empty_86_fu_196                    |  32|   0|   32|          0|
    |empty_fu_136                       |  32|   0|   32|          0|
    |g_fu_200                           |   3|   0|    3|          0|
    |gmem10_addr_read_reg_1829          |  32|   0|   32|          0|
    |icmp_ln29_1_reg_1700               |   1|   0|    1|          0|
    |icmp_ln29_reg_1576                 |   1|   0|    1|          0|
    |indvar_flatten_fu_208              |   9|   0|    9|          0|
    |mul20_10_reg_2124                  |  32|   0|   32|          0|
    |mul20_11_reg_2154                  |  32|   0|   32|          0|
    |mul20_12_reg_2184                  |  32|   0|   32|          0|
    |mul20_13_reg_2214                  |  32|   0|   32|          0|
    |mul20_14_reg_2244                  |  32|   0|   32|          0|
    |mul20_1_reg_1819                   |  32|   0|   32|          0|
    |mul20_2_reg_1854                   |  32|   0|   32|          0|
    |mul20_3_reg_1884                   |  32|   0|   32|          0|
    |mul20_4_reg_1914                   |  32|   0|   32|          0|
    |mul20_5_reg_1944                   |  32|   0|   32|          0|
    |mul20_6_reg_1974                   |  32|   0|   32|          0|
    |mul20_7_reg_2004                   |  32|   0|   32|          0|
    |mul20_8_reg_2034                   |  32|   0|   32|          0|
    |mul20_9_reg_2064                   |  32|   0|   32|          0|
    |mul20_s_reg_2094                   |  32|   0|   32|          0|
    |mul_reg_1794                       |  32|   0|   32|          0|
    |o_fu_204                           |   7|   0|    7|          0|
    |result_addr_reg_1704               |   6|   0|    6|          0|
    |x_10_load_reg_1764                 |  32|   0|   32|          0|
    |x_11_load_reg_1769                 |  32|   0|   32|          0|
    |x_12_load_reg_1774                 |  32|   0|   32|          0|
    |x_13_load_reg_1779                 |  32|   0|   32|          0|
    |x_14_load_reg_1784                 |  32|   0|   32|          0|
    |x_15_load_reg_1789                 |  32|   0|   32|          0|
    |x_1_load_reg_1719                  |  32|   0|   32|          0|
    |x_2_load_reg_1724                  |  32|   0|   32|          0|
    |x_3_load_reg_1729                  |  32|   0|   32|          0|
    |x_4_load_reg_1734                  |  32|   0|   32|          0|
    |x_5_load_reg_1739                  |  32|   0|   32|          0|
    |x_6_load_reg_1744                  |  32|   0|   32|          0|
    |x_7_load_reg_1749                  |  32|   0|   32|          0|
    |x_8_load_reg_1754                  |  32|   0|   32|          0|
    |x_9_load_reg_1759                  |  32|   0|   32|          0|
    |zext_ln34_reg_1676                 |   8|   0|   64|         56|
    |icmp_ln29_1_reg_1700               |  64|  32|    1|          0|
    |icmp_ln29_reg_1576                 |  64|  32|    1|          0|
    |result_addr_reg_1704               |  64|  32|    6|          0|
    |x_10_load_reg_1764                 |  64|  32|   32|          0|
    |x_11_load_reg_1769                 |  64|  32|   32|          0|
    |x_12_load_reg_1774                 |  64|  32|   32|          0|
    |x_13_load_reg_1779                 |  64|  32|   32|          0|
    |x_14_load_reg_1784                 |  64|  32|   32|          0|
    |x_15_load_reg_1789                 |  64|  32|   32|          0|
    |x_1_load_reg_1719                  |  64|  32|   32|          0|
    |x_2_load_reg_1724                  |  64|  32|   32|          0|
    |x_3_load_reg_1729                  |  64|  32|   32|          0|
    |x_4_load_reg_1734                  |  64|  32|   32|          0|
    |x_5_load_reg_1739                  |  64|  32|   32|          0|
    |x_6_load_reg_1744                  |  64|  32|   32|          0|
    |x_7_load_reg_1749                  |  64|  32|   32|          0|
    |x_8_load_reg_1754                  |  64|  32|   32|          0|
    |x_9_load_reg_1759                  |  64|  32|   32|          0|
    |zext_ln34_reg_1676                 |  64|  32|   64|         56|
    +-----------------------------------+----+----+-----+-----------+
    |Total                              |3852| 608| 3244|        112|
    +-----------------------------------+----+----+-----+-----------+



================================================================
== Interface
================================================================
* Summary: 
+-----------------------+-----+-----+------------+------------------------------------------------------------+--------------+
|       RTL Ports       | Dir | Bits|  Protocol  |                        Source Object                       |    C Type    |
+-----------------------+-----+-----+------------+------------------------------------------------------------+--------------+
|ap_clk                 |   in|    1|  ap_ctrl_hs|  compute_expert<3>_Pipeline_VITIS_LOOP_20_1_VITIS_LOOP_29_3|  return value|
|ap_rst                 |   in|    1|  ap_ctrl_hs|  compute_expert<3>_Pipeline_VITIS_LOOP_20_1_VITIS_LOOP_29_3|  return value|
|ap_start               |   in|    1|  ap_ctrl_hs|  compute_expert<3>_Pipeline_VITIS_LOOP_20_1_VITIS_LOOP_29_3|  return value|
|ap_done                |  out|    1|  ap_ctrl_hs|  compute_expert<3>_Pipeline_VITIS_LOOP_20_1_VITIS_LOOP_29_3|  return value|
|ap_idle                |  out|    1|  ap_ctrl_hs|  compute_expert<3>_Pipeline_VITIS_LOOP_20_1_VITIS_LOOP_29_3|  return value|
|ap_ready               |  out|    1|  ap_ctrl_hs|  compute_expert<3>_Pipeline_VITIS_LOOP_20_1_VITIS_LOOP_29_3|  return value|
|grp_fu_254_p_din0      |  out|   32|  ap_ctrl_hs|  compute_expert<3>_Pipeline_VITIS_LOOP_20_1_VITIS_LOOP_29_3|  return value|
|grp_fu_254_p_din1      |  out|   32|  ap_ctrl_hs|  compute_expert<3>_Pipeline_VITIS_LOOP_20_1_VITIS_LOOP_29_3|  return value|
|grp_fu_254_p_opcode    |  out|    2|  ap_ctrl_hs|  compute_expert<3>_Pipeline_VITIS_LOOP_20_1_VITIS_LOOP_29_3|  return value|
|grp_fu_254_p_dout0     |   in|   32|  ap_ctrl_hs|  compute_expert<3>_Pipeline_VITIS_LOOP_20_1_VITIS_LOOP_29_3|  return value|
|grp_fu_254_p_ce        |  out|    1|  ap_ctrl_hs|  compute_expert<3>_Pipeline_VITIS_LOOP_20_1_VITIS_LOOP_29_3|  return value|
|grp_fu_258_p_din0      |  out|   32|  ap_ctrl_hs|  compute_expert<3>_Pipeline_VITIS_LOOP_20_1_VITIS_LOOP_29_3|  return value|
|grp_fu_258_p_din1      |  out|   32|  ap_ctrl_hs|  compute_expert<3>_Pipeline_VITIS_LOOP_20_1_VITIS_LOOP_29_3|  return value|
|grp_fu_258_p_opcode    |  out|    2|  ap_ctrl_hs|  compute_expert<3>_Pipeline_VITIS_LOOP_20_1_VITIS_LOOP_29_3|  return value|
|grp_fu_258_p_dout0     |   in|   32|  ap_ctrl_hs|  compute_expert<3>_Pipeline_VITIS_LOOP_20_1_VITIS_LOOP_29_3|  return value|
|grp_fu_258_p_ce        |  out|    1|  ap_ctrl_hs|  compute_expert<3>_Pipeline_VITIS_LOOP_20_1_VITIS_LOOP_29_3|  return value|
|grp_fu_262_p_din0      |  out|   32|  ap_ctrl_hs|  compute_expert<3>_Pipeline_VITIS_LOOP_20_1_VITIS_LOOP_29_3|  return value|
|grp_fu_262_p_din1      |  out|   32|  ap_ctrl_hs|  compute_expert<3>_Pipeline_VITIS_LOOP_20_1_VITIS_LOOP_29_3|  return value|
|grp_fu_262_p_opcode    |  out|    2|  ap_ctrl_hs|  compute_expert<3>_Pipeline_VITIS_LOOP_20_1_VITIS_LOOP_29_3|  return value|
|grp_fu_262_p_dout0     |   in|   32|  ap_ctrl_hs|  compute_expert<3>_Pipeline_VITIS_LOOP_20_1_VITIS_LOOP_29_3|  return value|
|grp_fu_262_p_ce        |  out|    1|  ap_ctrl_hs|  compute_expert<3>_Pipeline_VITIS_LOOP_20_1_VITIS_LOOP_29_3|  return value|
|grp_fu_266_p_din0      |  out|   32|  ap_ctrl_hs|  compute_expert<3>_Pipeline_VITIS_LOOP_20_1_VITIS_LOOP_29_3|  return value|
|grp_fu_266_p_din1      |  out|   32|  ap_ctrl_hs|  compute_expert<3>_Pipeline_VITIS_LOOP_20_1_VITIS_LOOP_29_3|  return value|
|grp_fu_266_p_opcode    |  out|    2|  ap_ctrl_hs|  compute_expert<3>_Pipeline_VITIS_LOOP_20_1_VITIS_LOOP_29_3|  return value|
|grp_fu_266_p_dout0     |   in|   32|  ap_ctrl_hs|  compute_expert<3>_Pipeline_VITIS_LOOP_20_1_VITIS_LOOP_29_3|  return value|
|grp_fu_266_p_ce        |  out|    1|  ap_ctrl_hs|  compute_expert<3>_Pipeline_VITIS_LOOP_20_1_VITIS_LOOP_29_3|  return value|
|grp_fu_270_p_din0      |  out|   32|  ap_ctrl_hs|  compute_expert<3>_Pipeline_VITIS_LOOP_20_1_VITIS_LOOP_29_3|  return value|
|grp_fu_270_p_din1      |  out|   32|  ap_ctrl_hs|  compute_expert<3>_Pipeline_VITIS_LOOP_20_1_VITIS_LOOP_29_3|  return value|
|grp_fu_270_p_opcode    |  out|    2|  ap_ctrl_hs|  compute_expert<3>_Pipeline_VITIS_LOOP_20_1_VITIS_LOOP_29_3|  return value|
|grp_fu_270_p_dout0     |   in|   32|  ap_ctrl_hs|  compute_expert<3>_Pipeline_VITIS_LOOP_20_1_VITIS_LOOP_29_3|  return value|
|grp_fu_270_p_ce        |  out|    1|  ap_ctrl_hs|  compute_expert<3>_Pipeline_VITIS_LOOP_20_1_VITIS_LOOP_29_3|  return value|
|grp_fu_274_p_din0      |  out|   32|  ap_ctrl_hs|  compute_expert<3>_Pipeline_VITIS_LOOP_20_1_VITIS_LOOP_29_3|  return value|
|grp_fu_274_p_din1      |  out|   32|  ap_ctrl_hs|  compute_expert<3>_Pipeline_VITIS_LOOP_20_1_VITIS_LOOP_29_3|  return value|
|grp_fu_274_p_opcode    |  out|    2|  ap_ctrl_hs|  compute_expert<3>_Pipeline_VITIS_LOOP_20_1_VITIS_LOOP_29_3|  return value|
|grp_fu_274_p_dout0     |   in|   32|  ap_ctrl_hs|  compute_expert<3>_Pipeline_VITIS_LOOP_20_1_VITIS_LOOP_29_3|  return value|
|grp_fu_274_p_ce        |  out|    1|  ap_ctrl_hs|  compute_expert<3>_Pipeline_VITIS_LOOP_20_1_VITIS_LOOP_29_3|  return value|
|grp_fu_278_p_din0      |  out|   32|  ap_ctrl_hs|  compute_expert<3>_Pipeline_VITIS_LOOP_20_1_VITIS_LOOP_29_3|  return value|
|grp_fu_278_p_din1      |  out|   32|  ap_ctrl_hs|  compute_expert<3>_Pipeline_VITIS_LOOP_20_1_VITIS_LOOP_29_3|  return value|
|grp_fu_278_p_opcode    |  out|    2|  ap_ctrl_hs|  compute_expert<3>_Pipeline_VITIS_LOOP_20_1_VITIS_LOOP_29_3|  return value|
|grp_fu_278_p_dout0     |   in|   32|  ap_ctrl_hs|  compute_expert<3>_Pipeline_VITIS_LOOP_20_1_VITIS_LOOP_29_3|  return value|
|grp_fu_278_p_ce        |  out|    1|  ap_ctrl_hs|  compute_expert<3>_Pipeline_VITIS_LOOP_20_1_VITIS_LOOP_29_3|  return value|
|grp_fu_282_p_din0      |  out|   32|  ap_ctrl_hs|  compute_expert<3>_Pipeline_VITIS_LOOP_20_1_VITIS_LOOP_29_3|  return value|
|grp_fu_282_p_din1      |  out|   32|  ap_ctrl_hs|  compute_expert<3>_Pipeline_VITIS_LOOP_20_1_VITIS_LOOP_29_3|  return value|
|grp_fu_282_p_opcode    |  out|    2|  ap_ctrl_hs|  compute_expert<3>_Pipeline_VITIS_LOOP_20_1_VITIS_LOOP_29_3|  return value|
|grp_fu_282_p_dout0     |   in|   32|  ap_ctrl_hs|  compute_expert<3>_Pipeline_VITIS_LOOP_20_1_VITIS_LOOP_29_3|  return value|
|grp_fu_282_p_ce        |  out|    1|  ap_ctrl_hs|  compute_expert<3>_Pipeline_VITIS_LOOP_20_1_VITIS_LOOP_29_3|  return value|
|grp_fu_286_p_din0      |  out|   32|  ap_ctrl_hs|  compute_expert<3>_Pipeline_VITIS_LOOP_20_1_VITIS_LOOP_29_3|  return value|
|grp_fu_286_p_din1      |  out|   32|  ap_ctrl_hs|  compute_expert<3>_Pipeline_VITIS_LOOP_20_1_VITIS_LOOP_29_3|  return value|
|grp_fu_286_p_opcode    |  out|    2|  ap_ctrl_hs|  compute_expert<3>_Pipeline_VITIS_LOOP_20_1_VITIS_LOOP_29_3|  return value|
|grp_fu_286_p_dout0     |   in|   32|  ap_ctrl_hs|  compute_expert<3>_Pipeline_VITIS_LOOP_20_1_VITIS_LOOP_29_3|  return value|
|grp_fu_286_p_ce        |  out|    1|  ap_ctrl_hs|  compute_expert<3>_Pipeline_VITIS_LOOP_20_1_VITIS_LOOP_29_3|  return value|
|grp_fu_290_p_din0      |  out|   32|  ap_ctrl_hs|  compute_expert<3>_Pipeline_VITIS_LOOP_20_1_VITIS_LOOP_29_3|  return value|
|grp_fu_290_p_din1      |  out|   32|  ap_ctrl_hs|  compute_expert<3>_Pipeline_VITIS_LOOP_20_1_VITIS_LOOP_29_3|  return value|
|grp_fu_290_p_opcode    |  out|    2|  ap_ctrl_hs|  compute_expert<3>_Pipeline_VITIS_LOOP_20_1_VITIS_LOOP_29_3|  return value|
|grp_fu_290_p_dout0     |   in|   32|  ap_ctrl_hs|  compute_expert<3>_Pipeline_VITIS_LOOP_20_1_VITIS_LOOP_29_3|  return value|
|grp_fu_290_p_ce        |  out|    1|  ap_ctrl_hs|  compute_expert<3>_Pipeline_VITIS_LOOP_20_1_VITIS_LOOP_29_3|  return value|
|grp_fu_294_p_din0      |  out|   32|  ap_ctrl_hs|  compute_expert<3>_Pipeline_VITIS_LOOP_20_1_VITIS_LOOP_29_3|  return value|
|grp_fu_294_p_din1      |  out|   32|  ap_ctrl_hs|  compute_expert<3>_Pipeline_VITIS_LOOP_20_1_VITIS_LOOP_29_3|  return value|
|grp_fu_294_p_opcode    |  out|    2|  ap_ctrl_hs|  compute_expert<3>_Pipeline_VITIS_LOOP_20_1_VITIS_LOOP_29_3|  return value|
|grp_fu_294_p_dout0     |   in|   32|  ap_ctrl_hs|  compute_expert<3>_Pipeline_VITIS_LOOP_20_1_VITIS_LOOP_29_3|  return value|
|grp_fu_294_p_ce        |  out|    1|  ap_ctrl_hs|  compute_expert<3>_Pipeline_VITIS_LOOP_20_1_VITIS_LOOP_29_3|  return value|
|grp_fu_298_p_din0      |  out|   32|  ap_ctrl_hs|  compute_expert<3>_Pipeline_VITIS_LOOP_20_1_VITIS_LOOP_29_3|  return value|
|grp_fu_298_p_din1      |  out|   32|  ap_ctrl_hs|  compute_expert<3>_Pipeline_VITIS_LOOP_20_1_VITIS_LOOP_29_3|  return value|
|grp_fu_298_p_opcode    |  out|    2|  ap_ctrl_hs|  compute_expert<3>_Pipeline_VITIS_LOOP_20_1_VITIS_LOOP_29_3|  return value|
|grp_fu_298_p_dout0     |   in|   32|  ap_ctrl_hs|  compute_expert<3>_Pipeline_VITIS_LOOP_20_1_VITIS_LOOP_29_3|  return value|
|grp_fu_298_p_ce        |  out|    1|  ap_ctrl_hs|  compute_expert<3>_Pipeline_VITIS_LOOP_20_1_VITIS_LOOP_29_3|  return value|
|grp_fu_302_p_din0      |  out|   32|  ap_ctrl_hs|  compute_expert<3>_Pipeline_VITIS_LOOP_20_1_VITIS_LOOP_29_3|  return value|
|grp_fu_302_p_din1      |  out|   32|  ap_ctrl_hs|  compute_expert<3>_Pipeline_VITIS_LOOP_20_1_VITIS_LOOP_29_3|  return value|
|grp_fu_302_p_opcode    |  out|    2|  ap_ctrl_hs|  compute_expert<3>_Pipeline_VITIS_LOOP_20_1_VITIS_LOOP_29_3|  return value|
|grp_fu_302_p_dout0     |   in|   32|  ap_ctrl_hs|  compute_expert<3>_Pipeline_VITIS_LOOP_20_1_VITIS_LOOP_29_3|  return value|
|grp_fu_302_p_ce        |  out|    1|  ap_ctrl_hs|  compute_expert<3>_Pipeline_VITIS_LOOP_20_1_VITIS_LOOP_29_3|  return value|
|grp_fu_306_p_din0      |  out|   32|  ap_ctrl_hs|  compute_expert<3>_Pipeline_VITIS_LOOP_20_1_VITIS_LOOP_29_3|  return value|
|grp_fu_306_p_din1      |  out|   32|  ap_ctrl_hs|  compute_expert<3>_Pipeline_VITIS_LOOP_20_1_VITIS_LOOP_29_3|  return value|
|grp_fu_306_p_opcode    |  out|    2|  ap_ctrl_hs|  compute_expert<3>_Pipeline_VITIS_LOOP_20_1_VITIS_LOOP_29_3|  return value|
|grp_fu_306_p_dout0     |   in|   32|  ap_ctrl_hs|  compute_expert<3>_Pipeline_VITIS_LOOP_20_1_VITIS_LOOP_29_3|  return value|
|grp_fu_306_p_ce        |  out|    1|  ap_ctrl_hs|  compute_expert<3>_Pipeline_VITIS_LOOP_20_1_VITIS_LOOP_29_3|  return value|
|grp_fu_310_p_din0      |  out|   32|  ap_ctrl_hs|  compute_expert<3>_Pipeline_VITIS_LOOP_20_1_VITIS_LOOP_29_3|  return value|
|grp_fu_310_p_din1      |  out|   32|  ap_ctrl_hs|  compute_expert<3>_Pipeline_VITIS_LOOP_20_1_VITIS_LOOP_29_3|  return value|
|grp_fu_310_p_opcode    |  out|    2|  ap_ctrl_hs|  compute_expert<3>_Pipeline_VITIS_LOOP_20_1_VITIS_LOOP_29_3|  return value|
|grp_fu_310_p_dout0     |   in|   32|  ap_ctrl_hs|  compute_expert<3>_Pipeline_VITIS_LOOP_20_1_VITIS_LOOP_29_3|  return value|
|grp_fu_310_p_ce        |  out|    1|  ap_ctrl_hs|  compute_expert<3>_Pipeline_VITIS_LOOP_20_1_VITIS_LOOP_29_3|  return value|
|grp_fu_314_p_din0      |  out|   32|  ap_ctrl_hs|  compute_expert<3>_Pipeline_VITIS_LOOP_20_1_VITIS_LOOP_29_3|  return value|
|grp_fu_314_p_din1      |  out|   32|  ap_ctrl_hs|  compute_expert<3>_Pipeline_VITIS_LOOP_20_1_VITIS_LOOP_29_3|  return value|
|grp_fu_314_p_opcode    |  out|    2|  ap_ctrl_hs|  compute_expert<3>_Pipeline_VITIS_LOOP_20_1_VITIS_LOOP_29_3|  return value|
|grp_fu_314_p_dout0     |   in|   32|  ap_ctrl_hs|  compute_expert<3>_Pipeline_VITIS_LOOP_20_1_VITIS_LOOP_29_3|  return value|
|grp_fu_314_p_ce        |  out|    1|  ap_ctrl_hs|  compute_expert<3>_Pipeline_VITIS_LOOP_20_1_VITIS_LOOP_29_3|  return value|
|grp_fu_318_p_din0      |  out|   32|  ap_ctrl_hs|  compute_expert<3>_Pipeline_VITIS_LOOP_20_1_VITIS_LOOP_29_3|  return value|
|grp_fu_318_p_din1      |  out|   32|  ap_ctrl_hs|  compute_expert<3>_Pipeline_VITIS_LOOP_20_1_VITIS_LOOP_29_3|  return value|
|grp_fu_318_p_opcode    |  out|    2|  ap_ctrl_hs|  compute_expert<3>_Pipeline_VITIS_LOOP_20_1_VITIS_LOOP_29_3|  return value|
|grp_fu_318_p_dout0     |   in|   32|  ap_ctrl_hs|  compute_expert<3>_Pipeline_VITIS_LOOP_20_1_VITIS_LOOP_29_3|  return value|
|grp_fu_318_p_ce        |  out|    1|  ap_ctrl_hs|  compute_expert<3>_Pipeline_VITIS_LOOP_20_1_VITIS_LOOP_29_3|  return value|
|grp_fu_322_p_din0      |  out|   32|  ap_ctrl_hs|  compute_expert<3>_Pipeline_VITIS_LOOP_20_1_VITIS_LOOP_29_3|  return value|
|grp_fu_322_p_din1      |  out|   32|  ap_ctrl_hs|  compute_expert<3>_Pipeline_VITIS_LOOP_20_1_VITIS_LOOP_29_3|  return value|
|grp_fu_322_p_opcode    |  out|    2|  ap_ctrl_hs|  compute_expert<3>_Pipeline_VITIS_LOOP_20_1_VITIS_LOOP_29_3|  return value|
|grp_fu_322_p_dout0     |   in|   32|  ap_ctrl_hs|  compute_expert<3>_Pipeline_VITIS_LOOP_20_1_VITIS_LOOP_29_3|  return value|
|grp_fu_322_p_ce        |  out|    1|  ap_ctrl_hs|  compute_expert<3>_Pipeline_VITIS_LOOP_20_1_VITIS_LOOP_29_3|  return value|
|grp_fu_326_p_din0      |  out|   32|  ap_ctrl_hs|  compute_expert<3>_Pipeline_VITIS_LOOP_20_1_VITIS_LOOP_29_3|  return value|
|grp_fu_326_p_din1      |  out|   32|  ap_ctrl_hs|  compute_expert<3>_Pipeline_VITIS_LOOP_20_1_VITIS_LOOP_29_3|  return value|
|grp_fu_326_p_opcode    |  out|    2|  ap_ctrl_hs|  compute_expert<3>_Pipeline_VITIS_LOOP_20_1_VITIS_LOOP_29_3|  return value|
|grp_fu_326_p_dout0     |   in|   32|  ap_ctrl_hs|  compute_expert<3>_Pipeline_VITIS_LOOP_20_1_VITIS_LOOP_29_3|  return value|
|grp_fu_326_p_ce        |  out|    1|  ap_ctrl_hs|  compute_expert<3>_Pipeline_VITIS_LOOP_20_1_VITIS_LOOP_29_3|  return value|
|grp_fu_330_p_din0      |  out|   32|  ap_ctrl_hs|  compute_expert<3>_Pipeline_VITIS_LOOP_20_1_VITIS_LOOP_29_3|  return value|
|grp_fu_330_p_din1      |  out|   32|  ap_ctrl_hs|  compute_expert<3>_Pipeline_VITIS_LOOP_20_1_VITIS_LOOP_29_3|  return value|
|grp_fu_330_p_opcode    |  out|    2|  ap_ctrl_hs|  compute_expert<3>_Pipeline_VITIS_LOOP_20_1_VITIS_LOOP_29_3|  return value|
|grp_fu_330_p_dout0     |   in|   32|  ap_ctrl_hs|  compute_expert<3>_Pipeline_VITIS_LOOP_20_1_VITIS_LOOP_29_3|  return value|
|grp_fu_330_p_ce        |  out|    1|  ap_ctrl_hs|  compute_expert<3>_Pipeline_VITIS_LOOP_20_1_VITIS_LOOP_29_3|  return value|
|grp_fu_334_p_din0      |  out|   32|  ap_ctrl_hs|  compute_expert<3>_Pipeline_VITIS_LOOP_20_1_VITIS_LOOP_29_3|  return value|
|grp_fu_334_p_din1      |  out|   32|  ap_ctrl_hs|  compute_expert<3>_Pipeline_VITIS_LOOP_20_1_VITIS_LOOP_29_3|  return value|
|grp_fu_334_p_opcode    |  out|    2|  ap_ctrl_hs|  compute_expert<3>_Pipeline_VITIS_LOOP_20_1_VITIS_LOOP_29_3|  return value|
|grp_fu_334_p_dout0     |   in|   32|  ap_ctrl_hs|  compute_expert<3>_Pipeline_VITIS_LOOP_20_1_VITIS_LOOP_29_3|  return value|
|grp_fu_334_p_ce        |  out|    1|  ap_ctrl_hs|  compute_expert<3>_Pipeline_VITIS_LOOP_20_1_VITIS_LOOP_29_3|  return value|
|grp_fu_338_p_din0      |  out|   32|  ap_ctrl_hs|  compute_expert<3>_Pipeline_VITIS_LOOP_20_1_VITIS_LOOP_29_3|  return value|
|grp_fu_338_p_din1      |  out|   32|  ap_ctrl_hs|  compute_expert<3>_Pipeline_VITIS_LOOP_20_1_VITIS_LOOP_29_3|  return value|
|grp_fu_338_p_opcode    |  out|    2|  ap_ctrl_hs|  compute_expert<3>_Pipeline_VITIS_LOOP_20_1_VITIS_LOOP_29_3|  return value|
|grp_fu_338_p_dout0     |   in|   32|  ap_ctrl_hs|  compute_expert<3>_Pipeline_VITIS_LOOP_20_1_VITIS_LOOP_29_3|  return value|
|grp_fu_338_p_ce        |  out|    1|  ap_ctrl_hs|  compute_expert<3>_Pipeline_VITIS_LOOP_20_1_VITIS_LOOP_29_3|  return value|
|grp_fu_342_p_din0      |  out|   32|  ap_ctrl_hs|  compute_expert<3>_Pipeline_VITIS_LOOP_20_1_VITIS_LOOP_29_3|  return value|
|grp_fu_342_p_din1      |  out|   32|  ap_ctrl_hs|  compute_expert<3>_Pipeline_VITIS_LOOP_20_1_VITIS_LOOP_29_3|  return value|
|grp_fu_342_p_opcode    |  out|    2|  ap_ctrl_hs|  compute_expert<3>_Pipeline_VITIS_LOOP_20_1_VITIS_LOOP_29_3|  return value|
|grp_fu_342_p_dout0     |   in|   32|  ap_ctrl_hs|  compute_expert<3>_Pipeline_VITIS_LOOP_20_1_VITIS_LOOP_29_3|  return value|
|grp_fu_342_p_ce        |  out|    1|  ap_ctrl_hs|  compute_expert<3>_Pipeline_VITIS_LOOP_20_1_VITIS_LOOP_29_3|  return value|
|grp_fu_346_p_din0      |  out|   32|  ap_ctrl_hs|  compute_expert<3>_Pipeline_VITIS_LOOP_20_1_VITIS_LOOP_29_3|  return value|
|grp_fu_346_p_din1      |  out|   32|  ap_ctrl_hs|  compute_expert<3>_Pipeline_VITIS_LOOP_20_1_VITIS_LOOP_29_3|  return value|
|grp_fu_346_p_opcode    |  out|    2|  ap_ctrl_hs|  compute_expert<3>_Pipeline_VITIS_LOOP_20_1_VITIS_LOOP_29_3|  return value|
|grp_fu_346_p_dout0     |   in|   32|  ap_ctrl_hs|  compute_expert<3>_Pipeline_VITIS_LOOP_20_1_VITIS_LOOP_29_3|  return value|
|grp_fu_346_p_ce        |  out|    1|  ap_ctrl_hs|  compute_expert<3>_Pipeline_VITIS_LOOP_20_1_VITIS_LOOP_29_3|  return value|
|grp_fu_350_p_din0      |  out|   32|  ap_ctrl_hs|  compute_expert<3>_Pipeline_VITIS_LOOP_20_1_VITIS_LOOP_29_3|  return value|
|grp_fu_350_p_din1      |  out|   32|  ap_ctrl_hs|  compute_expert<3>_Pipeline_VITIS_LOOP_20_1_VITIS_LOOP_29_3|  return value|
|grp_fu_350_p_opcode    |  out|    2|  ap_ctrl_hs|  compute_expert<3>_Pipeline_VITIS_LOOP_20_1_VITIS_LOOP_29_3|  return value|
|grp_fu_350_p_dout0     |   in|   32|  ap_ctrl_hs|  compute_expert<3>_Pipeline_VITIS_LOOP_20_1_VITIS_LOOP_29_3|  return value|
|grp_fu_350_p_ce        |  out|    1|  ap_ctrl_hs|  compute_expert<3>_Pipeline_VITIS_LOOP_20_1_VITIS_LOOP_29_3|  return value|
|grp_fu_354_p_din0      |  out|   32|  ap_ctrl_hs|  compute_expert<3>_Pipeline_VITIS_LOOP_20_1_VITIS_LOOP_29_3|  return value|
|grp_fu_354_p_din1      |  out|   32|  ap_ctrl_hs|  compute_expert<3>_Pipeline_VITIS_LOOP_20_1_VITIS_LOOP_29_3|  return value|
|grp_fu_354_p_opcode    |  out|    2|  ap_ctrl_hs|  compute_expert<3>_Pipeline_VITIS_LOOP_20_1_VITIS_LOOP_29_3|  return value|
|grp_fu_354_p_dout0     |   in|   32|  ap_ctrl_hs|  compute_expert<3>_Pipeline_VITIS_LOOP_20_1_VITIS_LOOP_29_3|  return value|
|grp_fu_354_p_ce        |  out|    1|  ap_ctrl_hs|  compute_expert<3>_Pipeline_VITIS_LOOP_20_1_VITIS_LOOP_29_3|  return value|
|grp_fu_358_p_din0      |  out|   32|  ap_ctrl_hs|  compute_expert<3>_Pipeline_VITIS_LOOP_20_1_VITIS_LOOP_29_3|  return value|
|grp_fu_358_p_din1      |  out|   32|  ap_ctrl_hs|  compute_expert<3>_Pipeline_VITIS_LOOP_20_1_VITIS_LOOP_29_3|  return value|
|grp_fu_358_p_opcode    |  out|    2|  ap_ctrl_hs|  compute_expert<3>_Pipeline_VITIS_LOOP_20_1_VITIS_LOOP_29_3|  return value|
|grp_fu_358_p_dout0     |   in|   32|  ap_ctrl_hs|  compute_expert<3>_Pipeline_VITIS_LOOP_20_1_VITIS_LOOP_29_3|  return value|
|grp_fu_358_p_ce        |  out|    1|  ap_ctrl_hs|  compute_expert<3>_Pipeline_VITIS_LOOP_20_1_VITIS_LOOP_29_3|  return value|
|grp_fu_362_p_din0      |  out|   32|  ap_ctrl_hs|  compute_expert<3>_Pipeline_VITIS_LOOP_20_1_VITIS_LOOP_29_3|  return value|
|grp_fu_362_p_din1      |  out|   32|  ap_ctrl_hs|  compute_expert<3>_Pipeline_VITIS_LOOP_20_1_VITIS_LOOP_29_3|  return value|
|grp_fu_362_p_opcode    |  out|    2|  ap_ctrl_hs|  compute_expert<3>_Pipeline_VITIS_LOOP_20_1_VITIS_LOOP_29_3|  return value|
|grp_fu_362_p_dout0     |   in|   32|  ap_ctrl_hs|  compute_expert<3>_Pipeline_VITIS_LOOP_20_1_VITIS_LOOP_29_3|  return value|
|grp_fu_362_p_ce        |  out|    1|  ap_ctrl_hs|  compute_expert<3>_Pipeline_VITIS_LOOP_20_1_VITIS_LOOP_29_3|  return value|
|grp_fu_366_p_din0      |  out|   32|  ap_ctrl_hs|  compute_expert<3>_Pipeline_VITIS_LOOP_20_1_VITIS_LOOP_29_3|  return value|
|grp_fu_366_p_din1      |  out|   32|  ap_ctrl_hs|  compute_expert<3>_Pipeline_VITIS_LOOP_20_1_VITIS_LOOP_29_3|  return value|
|grp_fu_366_p_opcode    |  out|    2|  ap_ctrl_hs|  compute_expert<3>_Pipeline_VITIS_LOOP_20_1_VITIS_LOOP_29_3|  return value|
|grp_fu_366_p_dout0     |   in|   32|  ap_ctrl_hs|  compute_expert<3>_Pipeline_VITIS_LOOP_20_1_VITIS_LOOP_29_3|  return value|
|grp_fu_366_p_ce        |  out|    1|  ap_ctrl_hs|  compute_expert<3>_Pipeline_VITIS_LOOP_20_1_VITIS_LOOP_29_3|  return value|
|grp_fu_370_p_din0      |  out|   32|  ap_ctrl_hs|  compute_expert<3>_Pipeline_VITIS_LOOP_20_1_VITIS_LOOP_29_3|  return value|
|grp_fu_370_p_din1      |  out|   32|  ap_ctrl_hs|  compute_expert<3>_Pipeline_VITIS_LOOP_20_1_VITIS_LOOP_29_3|  return value|
|grp_fu_370_p_opcode    |  out|    2|  ap_ctrl_hs|  compute_expert<3>_Pipeline_VITIS_LOOP_20_1_VITIS_LOOP_29_3|  return value|
|grp_fu_370_p_dout0     |   in|   32|  ap_ctrl_hs|  compute_expert<3>_Pipeline_VITIS_LOOP_20_1_VITIS_LOOP_29_3|  return value|
|grp_fu_370_p_ce        |  out|    1|  ap_ctrl_hs|  compute_expert<3>_Pipeline_VITIS_LOOP_20_1_VITIS_LOOP_29_3|  return value|
|grp_fu_374_p_din0      |  out|   32|  ap_ctrl_hs|  compute_expert<3>_Pipeline_VITIS_LOOP_20_1_VITIS_LOOP_29_3|  return value|
|grp_fu_374_p_din1      |  out|   32|  ap_ctrl_hs|  compute_expert<3>_Pipeline_VITIS_LOOP_20_1_VITIS_LOOP_29_3|  return value|
|grp_fu_374_p_opcode    |  out|    2|  ap_ctrl_hs|  compute_expert<3>_Pipeline_VITIS_LOOP_20_1_VITIS_LOOP_29_3|  return value|
|grp_fu_374_p_dout0     |   in|   32|  ap_ctrl_hs|  compute_expert<3>_Pipeline_VITIS_LOOP_20_1_VITIS_LOOP_29_3|  return value|
|grp_fu_374_p_ce        |  out|    1|  ap_ctrl_hs|  compute_expert<3>_Pipeline_VITIS_LOOP_20_1_VITIS_LOOP_29_3|  return value|
|grp_fu_378_p_din0      |  out|   32|  ap_ctrl_hs|  compute_expert<3>_Pipeline_VITIS_LOOP_20_1_VITIS_LOOP_29_3|  return value|
|grp_fu_378_p_din1      |  out|   32|  ap_ctrl_hs|  compute_expert<3>_Pipeline_VITIS_LOOP_20_1_VITIS_LOOP_29_3|  return value|
|grp_fu_378_p_opcode    |  out|    2|  ap_ctrl_hs|  compute_expert<3>_Pipeline_VITIS_LOOP_20_1_VITIS_LOOP_29_3|  return value|
|grp_fu_378_p_dout0     |   in|   32|  ap_ctrl_hs|  compute_expert<3>_Pipeline_VITIS_LOOP_20_1_VITIS_LOOP_29_3|  return value|
|grp_fu_378_p_ce        |  out|    1|  ap_ctrl_hs|  compute_expert<3>_Pipeline_VITIS_LOOP_20_1_VITIS_LOOP_29_3|  return value|
|grp_fu_382_p_din0      |  out|   32|  ap_ctrl_hs|  compute_expert<3>_Pipeline_VITIS_LOOP_20_1_VITIS_LOOP_29_3|  return value|
|grp_fu_382_p_din1      |  out|   32|  ap_ctrl_hs|  compute_expert<3>_Pipeline_VITIS_LOOP_20_1_VITIS_LOOP_29_3|  return value|
|grp_fu_382_p_dout0     |   in|   32|  ap_ctrl_hs|  compute_expert<3>_Pipeline_VITIS_LOOP_20_1_VITIS_LOOP_29_3|  return value|
|grp_fu_382_p_ce        |  out|    1|  ap_ctrl_hs|  compute_expert<3>_Pipeline_VITIS_LOOP_20_1_VITIS_LOOP_29_3|  return value|
|grp_fu_386_p_din0      |  out|   32|  ap_ctrl_hs|  compute_expert<3>_Pipeline_VITIS_LOOP_20_1_VITIS_LOOP_29_3|  return value|
|grp_fu_386_p_din1      |  out|   32|  ap_ctrl_hs|  compute_expert<3>_Pipeline_VITIS_LOOP_20_1_VITIS_LOOP_29_3|  return value|
|grp_fu_386_p_dout0     |   in|   32|  ap_ctrl_hs|  compute_expert<3>_Pipeline_VITIS_LOOP_20_1_VITIS_LOOP_29_3|  return value|
|grp_fu_386_p_ce        |  out|    1|  ap_ctrl_hs|  compute_expert<3>_Pipeline_VITIS_LOOP_20_1_VITIS_LOOP_29_3|  return value|
|grp_fu_390_p_din0      |  out|   32|  ap_ctrl_hs|  compute_expert<3>_Pipeline_VITIS_LOOP_20_1_VITIS_LOOP_29_3|  return value|
|grp_fu_390_p_din1      |  out|   32|  ap_ctrl_hs|  compute_expert<3>_Pipeline_VITIS_LOOP_20_1_VITIS_LOOP_29_3|  return value|
|grp_fu_390_p_dout0     |   in|   32|  ap_ctrl_hs|  compute_expert<3>_Pipeline_VITIS_LOOP_20_1_VITIS_LOOP_29_3|  return value|
|grp_fu_390_p_ce        |  out|    1|  ap_ctrl_hs|  compute_expert<3>_Pipeline_VITIS_LOOP_20_1_VITIS_LOOP_29_3|  return value|
|grp_fu_394_p_din0      |  out|   32|  ap_ctrl_hs|  compute_expert<3>_Pipeline_VITIS_LOOP_20_1_VITIS_LOOP_29_3|  return value|
|grp_fu_394_p_din1      |  out|   32|  ap_ctrl_hs|  compute_expert<3>_Pipeline_VITIS_LOOP_20_1_VITIS_LOOP_29_3|  return value|
|grp_fu_394_p_dout0     |   in|   32|  ap_ctrl_hs|  compute_expert<3>_Pipeline_VITIS_LOOP_20_1_VITIS_LOOP_29_3|  return value|
|grp_fu_394_p_ce        |  out|    1|  ap_ctrl_hs|  compute_expert<3>_Pipeline_VITIS_LOOP_20_1_VITIS_LOOP_29_3|  return value|
|grp_fu_398_p_din0      |  out|   32|  ap_ctrl_hs|  compute_expert<3>_Pipeline_VITIS_LOOP_20_1_VITIS_LOOP_29_3|  return value|
|grp_fu_398_p_din1      |  out|   32|  ap_ctrl_hs|  compute_expert<3>_Pipeline_VITIS_LOOP_20_1_VITIS_LOOP_29_3|  return value|
|grp_fu_398_p_dout0     |   in|   32|  ap_ctrl_hs|  compute_expert<3>_Pipeline_VITIS_LOOP_20_1_VITIS_LOOP_29_3|  return value|
|grp_fu_398_p_ce        |  out|    1|  ap_ctrl_hs|  compute_expert<3>_Pipeline_VITIS_LOOP_20_1_VITIS_LOOP_29_3|  return value|
|grp_fu_402_p_din0      |  out|   32|  ap_ctrl_hs|  compute_expert<3>_Pipeline_VITIS_LOOP_20_1_VITIS_LOOP_29_3|  return value|
|grp_fu_402_p_din1      |  out|   32|  ap_ctrl_hs|  compute_expert<3>_Pipeline_VITIS_LOOP_20_1_VITIS_LOOP_29_3|  return value|
|grp_fu_402_p_dout0     |   in|   32|  ap_ctrl_hs|  compute_expert<3>_Pipeline_VITIS_LOOP_20_1_VITIS_LOOP_29_3|  return value|
|grp_fu_402_p_ce        |  out|    1|  ap_ctrl_hs|  compute_expert<3>_Pipeline_VITIS_LOOP_20_1_VITIS_LOOP_29_3|  return value|
|grp_fu_406_p_din0      |  out|   32|  ap_ctrl_hs|  compute_expert<3>_Pipeline_VITIS_LOOP_20_1_VITIS_LOOP_29_3|  return value|
|grp_fu_406_p_din1      |  out|   32|  ap_ctrl_hs|  compute_expert<3>_Pipeline_VITIS_LOOP_20_1_VITIS_LOOP_29_3|  return value|
|grp_fu_406_p_dout0     |   in|   32|  ap_ctrl_hs|  compute_expert<3>_Pipeline_VITIS_LOOP_20_1_VITIS_LOOP_29_3|  return value|
|grp_fu_406_p_ce        |  out|    1|  ap_ctrl_hs|  compute_expert<3>_Pipeline_VITIS_LOOP_20_1_VITIS_LOOP_29_3|  return value|
|grp_fu_410_p_din0      |  out|   32|  ap_ctrl_hs|  compute_expert<3>_Pipeline_VITIS_LOOP_20_1_VITIS_LOOP_29_3|  return value|
|grp_fu_410_p_din1      |  out|   32|  ap_ctrl_hs|  compute_expert<3>_Pipeline_VITIS_LOOP_20_1_VITIS_LOOP_29_3|  return value|
|grp_fu_410_p_dout0     |   in|   32|  ap_ctrl_hs|  compute_expert<3>_Pipeline_VITIS_LOOP_20_1_VITIS_LOOP_29_3|  return value|
|grp_fu_410_p_ce        |  out|    1|  ap_ctrl_hs|  compute_expert<3>_Pipeline_VITIS_LOOP_20_1_VITIS_LOOP_29_3|  return value|
|grp_fu_414_p_din0      |  out|   32|  ap_ctrl_hs|  compute_expert<3>_Pipeline_VITIS_LOOP_20_1_VITIS_LOOP_29_3|  return value|
|grp_fu_414_p_din1      |  out|   32|  ap_ctrl_hs|  compute_expert<3>_Pipeline_VITIS_LOOP_20_1_VITIS_LOOP_29_3|  return value|
|grp_fu_414_p_dout0     |   in|   32|  ap_ctrl_hs|  compute_expert<3>_Pipeline_VITIS_LOOP_20_1_VITIS_LOOP_29_3|  return value|
|grp_fu_414_p_ce        |  out|    1|  ap_ctrl_hs|  compute_expert<3>_Pipeline_VITIS_LOOP_20_1_VITIS_LOOP_29_3|  return value|
|grp_fu_418_p_din0      |  out|   32|  ap_ctrl_hs|  compute_expert<3>_Pipeline_VITIS_LOOP_20_1_VITIS_LOOP_29_3|  return value|
|grp_fu_418_p_din1      |  out|   32|  ap_ctrl_hs|  compute_expert<3>_Pipeline_VITIS_LOOP_20_1_VITIS_LOOP_29_3|  return value|
|grp_fu_418_p_dout0     |   in|   32|  ap_ctrl_hs|  compute_expert<3>_Pipeline_VITIS_LOOP_20_1_VITIS_LOOP_29_3|  return value|
|grp_fu_418_p_ce        |  out|    1|  ap_ctrl_hs|  compute_expert<3>_Pipeline_VITIS_LOOP_20_1_VITIS_LOOP_29_3|  return value|
|grp_fu_422_p_din0      |  out|   32|  ap_ctrl_hs|  compute_expert<3>_Pipeline_VITIS_LOOP_20_1_VITIS_LOOP_29_3|  return value|
|grp_fu_422_p_din1      |  out|   32|  ap_ctrl_hs|  compute_expert<3>_Pipeline_VITIS_LOOP_20_1_VITIS_LOOP_29_3|  return value|
|grp_fu_422_p_dout0     |   in|   32|  ap_ctrl_hs|  compute_expert<3>_Pipeline_VITIS_LOOP_20_1_VITIS_LOOP_29_3|  return value|
|grp_fu_422_p_ce        |  out|    1|  ap_ctrl_hs|  compute_expert<3>_Pipeline_VITIS_LOOP_20_1_VITIS_LOOP_29_3|  return value|
|grp_fu_426_p_din0      |  out|   32|  ap_ctrl_hs|  compute_expert<3>_Pipeline_VITIS_LOOP_20_1_VITIS_LOOP_29_3|  return value|
|grp_fu_426_p_din1      |  out|   32|  ap_ctrl_hs|  compute_expert<3>_Pipeline_VITIS_LOOP_20_1_VITIS_LOOP_29_3|  return value|
|grp_fu_426_p_dout0     |   in|   32|  ap_ctrl_hs|  compute_expert<3>_Pipeline_VITIS_LOOP_20_1_VITIS_LOOP_29_3|  return value|
|grp_fu_426_p_ce        |  out|    1|  ap_ctrl_hs|  compute_expert<3>_Pipeline_VITIS_LOOP_20_1_VITIS_LOOP_29_3|  return value|
|grp_fu_430_p_din0      |  out|   32|  ap_ctrl_hs|  compute_expert<3>_Pipeline_VITIS_LOOP_20_1_VITIS_LOOP_29_3|  return value|
|grp_fu_430_p_din1      |  out|   32|  ap_ctrl_hs|  compute_expert<3>_Pipeline_VITIS_LOOP_20_1_VITIS_LOOP_29_3|  return value|
|grp_fu_430_p_dout0     |   in|   32|  ap_ctrl_hs|  compute_expert<3>_Pipeline_VITIS_LOOP_20_1_VITIS_LOOP_29_3|  return value|
|grp_fu_430_p_ce        |  out|    1|  ap_ctrl_hs|  compute_expert<3>_Pipeline_VITIS_LOOP_20_1_VITIS_LOOP_29_3|  return value|
|grp_fu_434_p_din0      |  out|   32|  ap_ctrl_hs|  compute_expert<3>_Pipeline_VITIS_LOOP_20_1_VITIS_LOOP_29_3|  return value|
|grp_fu_434_p_din1      |  out|   32|  ap_ctrl_hs|  compute_expert<3>_Pipeline_VITIS_LOOP_20_1_VITIS_LOOP_29_3|  return value|
|grp_fu_434_p_dout0     |   in|   32|  ap_ctrl_hs|  compute_expert<3>_Pipeline_VITIS_LOOP_20_1_VITIS_LOOP_29_3|  return value|
|grp_fu_434_p_ce        |  out|    1|  ap_ctrl_hs|  compute_expert<3>_Pipeline_VITIS_LOOP_20_1_VITIS_LOOP_29_3|  return value|
|grp_fu_438_p_din0      |  out|   32|  ap_ctrl_hs|  compute_expert<3>_Pipeline_VITIS_LOOP_20_1_VITIS_LOOP_29_3|  return value|
|grp_fu_438_p_din1      |  out|   32|  ap_ctrl_hs|  compute_expert<3>_Pipeline_VITIS_LOOP_20_1_VITIS_LOOP_29_3|  return value|
|grp_fu_438_p_dout0     |   in|   32|  ap_ctrl_hs|  compute_expert<3>_Pipeline_VITIS_LOOP_20_1_VITIS_LOOP_29_3|  return value|
|grp_fu_438_p_ce        |  out|    1|  ap_ctrl_hs|  compute_expert<3>_Pipeline_VITIS_LOOP_20_1_VITIS_LOOP_29_3|  return value|
|grp_fu_442_p_din0      |  out|   32|  ap_ctrl_hs|  compute_expert<3>_Pipeline_VITIS_LOOP_20_1_VITIS_LOOP_29_3|  return value|
|grp_fu_442_p_din1      |  out|   32|  ap_ctrl_hs|  compute_expert<3>_Pipeline_VITIS_LOOP_20_1_VITIS_LOOP_29_3|  return value|
|grp_fu_442_p_dout0     |   in|   32|  ap_ctrl_hs|  compute_expert<3>_Pipeline_VITIS_LOOP_20_1_VITIS_LOOP_29_3|  return value|
|grp_fu_442_p_ce        |  out|    1|  ap_ctrl_hs|  compute_expert<3>_Pipeline_VITIS_LOOP_20_1_VITIS_LOOP_29_3|  return value|
|m_axi_gmem10_AWVALID   |  out|    1|       m_axi|                                                      gmem10|       pointer|
|m_axi_gmem10_AWREADY   |   in|    1|       m_axi|                                                      gmem10|       pointer|
|m_axi_gmem10_AWADDR    |  out|   64|       m_axi|                                                      gmem10|       pointer|
|m_axi_gmem10_AWID      |  out|    1|       m_axi|                                                      gmem10|       pointer|
|m_axi_gmem10_AWLEN     |  out|   32|       m_axi|                                                      gmem10|       pointer|
|m_axi_gmem10_AWSIZE    |  out|    3|       m_axi|                                                      gmem10|       pointer|
|m_axi_gmem10_AWBURST   |  out|    2|       m_axi|                                                      gmem10|       pointer|
|m_axi_gmem10_AWLOCK    |  out|    2|       m_axi|                                                      gmem10|       pointer|
|m_axi_gmem10_AWCACHE   |  out|    4|       m_axi|                                                      gmem10|       pointer|
|m_axi_gmem10_AWPROT    |  out|    3|       m_axi|                                                      gmem10|       pointer|
|m_axi_gmem10_AWQOS     |  out|    4|       m_axi|                                                      gmem10|       pointer|
|m_axi_gmem10_AWREGION  |  out|    4|       m_axi|                                                      gmem10|       pointer|
|m_axi_gmem10_AWUSER    |  out|    1|       m_axi|                                                      gmem10|       pointer|
|m_axi_gmem10_WVALID    |  out|    1|       m_axi|                                                      gmem10|       pointer|
|m_axi_gmem10_WREADY    |   in|    1|       m_axi|                                                      gmem10|       pointer|
|m_axi_gmem10_WDATA     |  out|   32|       m_axi|                                                      gmem10|       pointer|
|m_axi_gmem10_WSTRB     |  out|    4|       m_axi|                                                      gmem10|       pointer|
|m_axi_gmem10_WLAST     |  out|    1|       m_axi|                                                      gmem10|       pointer|
|m_axi_gmem10_WID       |  out|    1|       m_axi|                                                      gmem10|       pointer|
|m_axi_gmem10_WUSER     |  out|    1|       m_axi|                                                      gmem10|       pointer|
|m_axi_gmem10_ARVALID   |  out|    1|       m_axi|                                                      gmem10|       pointer|
|m_axi_gmem10_ARREADY   |   in|    1|       m_axi|                                                      gmem10|       pointer|
|m_axi_gmem10_ARADDR    |  out|   64|       m_axi|                                                      gmem10|       pointer|
|m_axi_gmem10_ARID      |  out|    1|       m_axi|                                                      gmem10|       pointer|
|m_axi_gmem10_ARLEN     |  out|   32|       m_axi|                                                      gmem10|       pointer|
|m_axi_gmem10_ARSIZE    |  out|    3|       m_axi|                                                      gmem10|       pointer|
|m_axi_gmem10_ARBURST   |  out|    2|       m_axi|                                                      gmem10|       pointer|
|m_axi_gmem10_ARLOCK    |  out|    2|       m_axi|                                                      gmem10|       pointer|
|m_axi_gmem10_ARCACHE   |  out|    4|       m_axi|                                                      gmem10|       pointer|
|m_axi_gmem10_ARPROT    |  out|    3|       m_axi|                                                      gmem10|       pointer|
|m_axi_gmem10_ARQOS     |  out|    4|       m_axi|                                                      gmem10|       pointer|
|m_axi_gmem10_ARREGION  |  out|    4|       m_axi|                                                      gmem10|       pointer|
|m_axi_gmem10_ARUSER    |  out|    1|       m_axi|                                                      gmem10|       pointer|
|m_axi_gmem10_RVALID    |   in|    1|       m_axi|                                                      gmem10|       pointer|
|m_axi_gmem10_RREADY    |  out|    1|       m_axi|                                                      gmem10|       pointer|
|m_axi_gmem10_RDATA     |   in|   32|       m_axi|                                                      gmem10|       pointer|
|m_axi_gmem10_RLAST     |   in|    1|       m_axi|                                                      gmem10|       pointer|
|m_axi_gmem10_RID       |   in|    1|       m_axi|                                                      gmem10|       pointer|
|m_axi_gmem10_RFIFONUM  |   in|    9|       m_axi|                                                      gmem10|       pointer|
|m_axi_gmem10_RUSER     |   in|    1|       m_axi|                                                      gmem10|       pointer|
|m_axi_gmem10_RRESP     |   in|    2|       m_axi|                                                      gmem10|       pointer|
|m_axi_gmem10_BVALID    |   in|    1|       m_axi|                                                      gmem10|       pointer|
|m_axi_gmem10_BREADY    |  out|    1|       m_axi|                                                      gmem10|       pointer|
|m_axi_gmem10_BRESP     |   in|    2|       m_axi|                                                      gmem10|       pointer|
|m_axi_gmem10_BID       |   in|    1|       m_axi|                                                      gmem10|       pointer|
|m_axi_gmem10_BUSER     |   in|    1|       m_axi|                                                      gmem10|       pointer|
|sext_ln20              |   in|   62|     ap_none|                                                   sext_ln20|        scalar|
|zext_ln34_1            |   in|    6|     ap_none|                                                 zext_ln34_1|        scalar|
|x_0_address1           |  out|    6|   ap_memory|                                                         x_0|         array|
|x_0_ce1                |  out|    1|   ap_memory|                                                         x_0|         array|
|x_0_q1                 |   in|   32|   ap_memory|                                                         x_0|         array|
|x_1_address1           |  out|    6|   ap_memory|                                                         x_1|         array|
|x_1_ce1                |  out|    1|   ap_memory|                                                         x_1|         array|
|x_1_q1                 |   in|   32|   ap_memory|                                                         x_1|         array|
|x_2_address1           |  out|    6|   ap_memory|                                                         x_2|         array|
|x_2_ce1                |  out|    1|   ap_memory|                                                         x_2|         array|
|x_2_q1                 |   in|   32|   ap_memory|                                                         x_2|         array|
|x_3_address1           |  out|    6|   ap_memory|                                                         x_3|         array|
|x_3_ce1                |  out|    1|   ap_memory|                                                         x_3|         array|
|x_3_q1                 |   in|   32|   ap_memory|                                                         x_3|         array|
|x_4_address1           |  out|    6|   ap_memory|                                                         x_4|         array|
|x_4_ce1                |  out|    1|   ap_memory|                                                         x_4|         array|
|x_4_q1                 |   in|   32|   ap_memory|                                                         x_4|         array|
|x_5_address1           |  out|    6|   ap_memory|                                                         x_5|         array|
|x_5_ce1                |  out|    1|   ap_memory|                                                         x_5|         array|
|x_5_q1                 |   in|   32|   ap_memory|                                                         x_5|         array|
|x_6_address1           |  out|    6|   ap_memory|                                                         x_6|         array|
|x_6_ce1                |  out|    1|   ap_memory|                                                         x_6|         array|
|x_6_q1                 |   in|   32|   ap_memory|                                                         x_6|         array|
|x_7_address1           |  out|    6|   ap_memory|                                                         x_7|         array|
|x_7_ce1                |  out|    1|   ap_memory|                                                         x_7|         array|
|x_7_q1                 |   in|   32|   ap_memory|                                                         x_7|         array|
|x_8_address1           |  out|    6|   ap_memory|                                                         x_8|         array|
|x_8_ce1                |  out|    1|   ap_memory|                                                         x_8|         array|
|x_8_q1                 |   in|   32|   ap_memory|                                                         x_8|         array|
|x_9_address1           |  out|    6|   ap_memory|                                                         x_9|         array|
|x_9_ce1                |  out|    1|   ap_memory|                                                         x_9|         array|
|x_9_q1                 |   in|   32|   ap_memory|                                                         x_9|         array|
|x_10_address1          |  out|    6|   ap_memory|                                                        x_10|         array|
|x_10_ce1               |  out|    1|   ap_memory|                                                        x_10|         array|
|x_10_q1                |   in|   32|   ap_memory|                                                        x_10|         array|
|x_11_address1          |  out|    6|   ap_memory|                                                        x_11|         array|
|x_11_ce1               |  out|    1|   ap_memory|                                                        x_11|         array|
|x_11_q1                |   in|   32|   ap_memory|                                                        x_11|         array|
|x_12_address1          |  out|    6|   ap_memory|                                                        x_12|         array|
|x_12_ce1               |  out|    1|   ap_memory|                                                        x_12|         array|
|x_12_q1                |   in|   32|   ap_memory|                                                        x_12|         array|
|x_13_address1          |  out|    6|   ap_memory|                                                        x_13|         array|
|x_13_ce1               |  out|    1|   ap_memory|                                                        x_13|         array|
|x_13_q1                |   in|   32|   ap_memory|                                                        x_13|         array|
|x_14_address1          |  out|    6|   ap_memory|                                                        x_14|         array|
|x_14_ce1               |  out|    1|   ap_memory|                                                        x_14|         array|
|x_14_q1                |   in|   32|   ap_memory|                                                        x_14|         array|
|x_15_address1          |  out|    6|   ap_memory|                                                        x_15|         array|
|x_15_ce1               |  out|    1|   ap_memory|                                                        x_15|         array|
|x_15_q1                |   in|   32|   ap_memory|                                                        x_15|         array|
|w_0_address0           |  out|    8|   ap_memory|                                                         w_0|         array|
|w_0_ce0                |  out|    1|   ap_memory|                                                         w_0|         array|
|w_0_q0                 |   in|   32|   ap_memory|                                                         w_0|         array|
|w_1_address0           |  out|    8|   ap_memory|                                                         w_1|         array|
|w_1_ce0                |  out|    1|   ap_memory|                                                         w_1|         array|
|w_1_q0                 |   in|   32|   ap_memory|                                                         w_1|         array|
|w_2_address0           |  out|    8|   ap_memory|                                                         w_2|         array|
|w_2_ce0                |  out|    1|   ap_memory|                                                         w_2|         array|
|w_2_q0                 |   in|   32|   ap_memory|                                                         w_2|         array|
|w_3_address0           |  out|    8|   ap_memory|                                                         w_3|         array|
|w_3_ce0                |  out|    1|   ap_memory|                                                         w_3|         array|
|w_3_q0                 |   in|   32|   ap_memory|                                                         w_3|         array|
|w_4_address0           |  out|    8|   ap_memory|                                                         w_4|         array|
|w_4_ce0                |  out|    1|   ap_memory|                                                         w_4|         array|
|w_4_q0                 |   in|   32|   ap_memory|                                                         w_4|         array|
|w_5_address0           |  out|    8|   ap_memory|                                                         w_5|         array|
|w_5_ce0                |  out|    1|   ap_memory|                                                         w_5|         array|
|w_5_q0                 |   in|   32|   ap_memory|                                                         w_5|         array|
|w_6_address0           |  out|    8|   ap_memory|                                                         w_6|         array|
|w_6_ce0                |  out|    1|   ap_memory|                                                         w_6|         array|
|w_6_q0                 |   in|   32|   ap_memory|                                                         w_6|         array|
|w_7_address0           |  out|    8|   ap_memory|                                                         w_7|         array|
|w_7_ce0                |  out|    1|   ap_memory|                                                         w_7|         array|
|w_7_q0                 |   in|   32|   ap_memory|                                                         w_7|         array|
|w_8_address0           |  out|    8|   ap_memory|                                                         w_8|         array|
|w_8_ce0                |  out|    1|   ap_memory|                                                         w_8|         array|
|w_8_q0                 |   in|   32|   ap_memory|                                                         w_8|         array|
|w_9_address0           |  out|    8|   ap_memory|                                                         w_9|         array|
|w_9_ce0                |  out|    1|   ap_memory|                                                         w_9|         array|
|w_9_q0                 |   in|   32|   ap_memory|                                                         w_9|         array|
|w_10_address0          |  out|    8|   ap_memory|                                                        w_10|         array|
|w_10_ce0               |  out|    1|   ap_memory|                                                        w_10|         array|
|w_10_q0                |   in|   32|   ap_memory|                                                        w_10|         array|
|w_11_address0          |  out|    8|   ap_memory|                                                        w_11|         array|
|w_11_ce0               |  out|    1|   ap_memory|                                                        w_11|         array|
|w_11_q0                |   in|   32|   ap_memory|                                                        w_11|         array|
|w_12_address0          |  out|    8|   ap_memory|                                                        w_12|         array|
|w_12_ce0               |  out|    1|   ap_memory|                                                        w_12|         array|
|w_12_q0                |   in|   32|   ap_memory|                                                        w_12|         array|
|w_13_address0          |  out|    8|   ap_memory|                                                        w_13|         array|
|w_13_ce0               |  out|    1|   ap_memory|                                                        w_13|         array|
|w_13_q0                |   in|   32|   ap_memory|                                                        w_13|         array|
|w_14_address0          |  out|    8|   ap_memory|                                                        w_14|         array|
|w_14_ce0               |  out|    1|   ap_memory|                                                        w_14|         array|
|w_14_q0                |   in|   32|   ap_memory|                                                        w_14|         array|
|w_15_address0          |  out|    8|   ap_memory|                                                        w_15|         array|
|w_15_ce0               |  out|    1|   ap_memory|                                                        w_15|         array|
|w_15_q0                |   in|   32|   ap_memory|                                                        w_15|         array|
|result_address0        |  out|    6|   ap_memory|                                                      result|         array|
|result_ce0             |  out|    1|   ap_memory|                                                      result|         array|
|result_we0             |  out|    1|   ap_memory|                                                      result|         array|
|result_d0              |  out|   32|   ap_memory|                                                      result|         array|
+-----------------------+-----+-----+------------+------------------------------------------------------------+--------------+

