

================================================================
== Vitis HLS Report for 'dataflow_in_loop_VITIS_LOOP_129_4_1_Loop_VITIS_LOOP_170_9_proc712_Pipeline_VITIS'
================================================================
* Date:           Sun Sep 20 21:00:12 2026

* Version:        2023.2 (Build 4023990 on Oct 11 2023)
* Project:        project
* Solution:       solution1 (Vivado IP Flow Target)
* Product family: virtexuplus
* Target device:  xcvu13p_CIV-figd2104-3-e


================================================================
== Performance Estimates
================================================================
+ Timing: 
    * Summary: 
    +--------+----------+----------+------------+
    |  Clock |  Target  | Estimated| Uncertainty|
    +--------+----------+----------+------------+
    |ap_clk  |  10.00 ns|  7.072 ns|     2.70 ns|
    +--------+----------+----------+------------+

+ Latency: 
    * Summary: 
    +---------+---------+----------+----------+-----+-----+---------+
    |  Latency (cycles) |  Latency (absolute) |  Interval | Pipeline|
    |   min   |   max   |    min   |    max   | min | max |   Type  |
    +---------+---------+----------+----------+-----+-----+---------+
    |       75|       75|  0.750 us|  0.750 us|   75|   75|       no|
    +---------+---------+----------+----------+-----+-----+---------+

    + Detail: 
        * Instance: 
        N/A

        * Loop: 
        +---------------------+---------+---------+----------+-----------+-----------+------+----------+
        |                     |  Latency (cycles) | Iteration|  Initiation Interval  | Trip |          |
        |      Loop Name      |   min   |   max   |  Latency |  achieved |   target  | Count| Pipelined|
        +---------------------+---------+---------+----------+-----------+-----------+------+----------+
        |- VITIS_LOOP_187_10  |       73|       73|        11|          1|          1|    64|       yes|
        +---------------------+---------+---------+----------+-----------+-----------+------+----------+



================================================================
== Utilization Estimates
================================================================
* Summary: 
+---------------------+---------+-------+---------+---------+------+
|         Name        | BRAM_18K|  DSP  |    FF   |   LUT   | URAM |
+---------------------+---------+-------+---------+---------+------+
|DSP                  |        -|      -|        -|        -|     -|
|Expression           |        -|      -|        0|       31|     -|
|FIFO                 |        -|      -|        -|        -|     -|
|Instance             |        -|      -|        -|        -|     -|
|Memory               |        -|      -|        -|        -|     -|
|Multiplexer          |        -|      -|        -|       36|     -|
|Register             |        -|      -|      393|       64|     -|
+---------------------+---------+-------+---------+---------+------+
|Total                |        0|      0|      393|      131|     0|
+---------------------+---------+-------+---------+---------+------+
|Available SLR        |     1344|   3072|   864000|   432000|   320|
+---------------------+---------+-------+---------+---------+------+
|Utilization SLR (%)  |        0|      0|       ~0|       ~0|     0|
+---------------------+---------+-------+---------+---------+------+
|Available            |     5376|  12288|  3456000|  1728000|  1280|
+---------------------+---------+-------+---------+---------+------+
|Utilization (%)      |        0|      0|       ~0|       ~0|     0|
+---------------------+---------+-------+---------+---------+------+

+ Detail: 
    * Instance: 
    N/A

    * DSP: 
    N/A

    * Memory: 
    N/A

    * FIFO: 
    N/A

    * Expression: 
    +----------------------+----------+----+---+----+------------+------------+
    |     Variable Name    | Operation| DSP| FF| LUT| Bitwidth P0| Bitwidth P1|
    +----------------------+----------+----+---+----+------------+------------+
    |add_ln187_fu_192_p2   |         +|   0|  0|  14|           7|           1|
    |icmp_ln187_fu_186_p2  |      icmp|   0|  0|  15|           7|           8|
    |ap_enable_pp0         |       xor|   0|  0|   2|           1|           2|
    +----------------------+----------+----+---+----+------------+------------+
    |Total                 |          |   0|  0|  31|          15|          11|
    +----------------------+----------+----+---+----+------------+------------+

    * Multiplexer: 
    +-------------------------+----+-----------+-----+-----------+
    |           Name          | LUT| Input Size| Bits| Total Bits|
    +-------------------------+----+-----------+-----+-----------+
    |ap_done_int              |   9|          2|    1|          2|
    |ap_enable_reg_pp0_iter1  |   9|          2|    1|          2|
    |ap_sig_allocacmp_o_2     |   9|          2|    7|         14|
    |o_fu_44                  |   9|          2|    7|         14|
    +-------------------------+----+-----------+-----+-----------+
    |Total                    |  36|          8|   16|         32|
    +-------------------------+----+-----------+-----+-----------+

    * Register: 
    +----------------------------------+----+----+-----+-----------+
    |               Name               | FF | LUT| Bits| Const Bits|
    +----------------------------------+----+----+-----+-----------+
    |acc_out_addr_reg_302              |   6|   0|    6|          0|
    |add1_reg_313                      |  32|   0|   32|          0|
    |add2_reg_323                      |  32|   0|   32|          0|
    |add_reg_287                       |  32|   0|   32|          0|
    |ap_CS_fsm                         |   1|   0|    1|          0|
    |ap_done_reg                       |   1|   0|    1|          0|
    |ap_enable_reg_pp0_iter1           |   1|   0|    1|          0|
    |ap_enable_reg_pp0_iter10          |   1|   0|    1|          0|
    |ap_enable_reg_pp0_iter2           |   1|   0|    1|          0|
    |ap_enable_reg_pp0_iter3           |   1|   0|    1|          0|
    |ap_enable_reg_pp0_iter4           |   1|   0|    1|          0|
    |ap_enable_reg_pp0_iter5           |   1|   0|    1|          0|
    |ap_enable_reg_pp0_iter6           |   1|   0|    1|          0|
    |ap_enable_reg_pp0_iter7           |   1|   0|    1|          0|
    |ap_enable_reg_pp0_iter8           |   1|   0|    1|          0|
    |ap_enable_reg_pp0_iter9           |   1|   0|    1|          0|
    |ap_loop_exit_ready_pp0_iter1_reg  |   1|   0|    1|          0|
    |ap_loop_exit_ready_pp0_iter2_reg  |   1|   0|    1|          0|
    |ap_loop_exit_ready_pp0_iter3_reg  |   1|   0|    1|          0|
    |ap_loop_exit_ready_pp0_iter4_reg  |   1|   0|    1|          0|
    |ap_loop_exit_ready_pp0_iter5_reg  |   1|   0|    1|          0|
    |ap_loop_exit_ready_pp0_iter6_reg  |   1|   0|    1|          0|
    |ap_loop_exit_ready_pp0_iter7_reg  |   1|   0|    1|          0|
    |ap_loop_exit_ready_pp0_iter8_reg  |   1|   0|    1|          0|
    |ap_loop_exit_ready_pp0_iter9_reg  |   1|   0|    1|          0|
    |mul1_reg_267                      |  32|   0|   32|          0|
    |mul2_reg_272                      |  32|   0|   32|          0|
    |mul3_reg_292                      |  32|   0|   32|          0|
    |mul4_reg_318                      |  32|   0|   32|          0|
    |o_fu_44                           |   7|   0|    7|          0|
    |zext_ln187_reg_240                |   7|   0|   64|         57|
    |acc_out_addr_reg_302              |  64|  32|    6|          0|
    |zext_ln187_reg_240                |  64|  32|   64|         57|
    +----------------------------------+----+----+-----+-----------+
    |Total                             | 393|  64|  392|        114|
    +----------------------------------+----+----+-----+-----------+



================================================================
== Interface
================================================================
* Summary: 
+-------------------------+-----+-----+------------+----------------------------------------------------------------------------------+--------------+
|        RTL Ports        | Dir | Bits|  Protocol  |                                   Source Object                                  |    C Type    |
+-------------------------+-----+-----+------------+----------------------------------------------------------------------------------+--------------+
|ap_clk                   |   in|    1|  ap_ctrl_hs|  dataflow_in_loop_VITIS_LOOP_129_4.1_Loop_VITIS_LOOP_170_9_proc712_Pipeline_VITIS|  return value|
|ap_rst                   |   in|    1|  ap_ctrl_hs|  dataflow_in_loop_VITIS_LOOP_129_4.1_Loop_VITIS_LOOP_170_9_proc712_Pipeline_VITIS|  return value|
|ap_start                 |   in|    1|  ap_ctrl_hs|  dataflow_in_loop_VITIS_LOOP_129_4.1_Loop_VITIS_LOOP_170_9_proc712_Pipeline_VITIS|  return value|
|ap_done                  |  out|    1|  ap_ctrl_hs|  dataflow_in_loop_VITIS_LOOP_129_4.1_Loop_VITIS_LOOP_170_9_proc712_Pipeline_VITIS|  return value|
|ap_idle                  |  out|    1|  ap_ctrl_hs|  dataflow_in_loop_VITIS_LOOP_129_4.1_Loop_VITIS_LOOP_170_9_proc712_Pipeline_VITIS|  return value|
|ap_ready                 |  out|    1|  ap_ctrl_hs|  dataflow_in_loop_VITIS_LOOP_129_4.1_Loop_VITIS_LOOP_170_9_proc712_Pipeline_VITIS|  return value|
|grp_fu_655_p_din0        |  out|   32|  ap_ctrl_hs|  dataflow_in_loop_VITIS_LOOP_129_4.1_Loop_VITIS_LOOP_170_9_proc712_Pipeline_VITIS|  return value|
|grp_fu_655_p_din1        |  out|   32|  ap_ctrl_hs|  dataflow_in_loop_VITIS_LOOP_129_4.1_Loop_VITIS_LOOP_170_9_proc712_Pipeline_VITIS|  return value|
|grp_fu_655_p_opcode      |  out|    2|  ap_ctrl_hs|  dataflow_in_loop_VITIS_LOOP_129_4.1_Loop_VITIS_LOOP_170_9_proc712_Pipeline_VITIS|  return value|
|grp_fu_655_p_dout0       |   in|   32|  ap_ctrl_hs|  dataflow_in_loop_VITIS_LOOP_129_4.1_Loop_VITIS_LOOP_170_9_proc712_Pipeline_VITIS|  return value|
|grp_fu_655_p_ce          |  out|    1|  ap_ctrl_hs|  dataflow_in_loop_VITIS_LOOP_129_4.1_Loop_VITIS_LOOP_170_9_proc712_Pipeline_VITIS|  return value|
|grp_fu_659_p_din0        |  out|   32|  ap_ctrl_hs|  dataflow_in_loop_VITIS_LOOP_129_4.1_Loop_VITIS_LOOP_170_9_proc712_Pipeline_VITIS|  return value|
|grp_fu_659_p_din1        |  out|   32|  ap_ctrl_hs|  dataflow_in_loop_VITIS_LOOP_129_4.1_Loop_VITIS_LOOP_170_9_proc712_Pipeline_VITIS|  return value|
|grp_fu_659_p_opcode      |  out|    2|  ap_ctrl_hs|  dataflow_in_loop_VITIS_LOOP_129_4.1_Loop_VITIS_LOOP_170_9_proc712_Pipeline_VITIS|  return value|
|grp_fu_659_p_dout0       |   in|   32|  ap_ctrl_hs|  dataflow_in_loop_VITIS_LOOP_129_4.1_Loop_VITIS_LOOP_170_9_proc712_Pipeline_VITIS|  return value|
|grp_fu_659_p_ce          |  out|    1|  ap_ctrl_hs|  dataflow_in_loop_VITIS_LOOP_129_4.1_Loop_VITIS_LOOP_170_9_proc712_Pipeline_VITIS|  return value|
|grp_fu_663_p_din0        |  out|   32|  ap_ctrl_hs|  dataflow_in_loop_VITIS_LOOP_129_4.1_Loop_VITIS_LOOP_170_9_proc712_Pipeline_VITIS|  return value|
|grp_fu_663_p_din1        |  out|   32|  ap_ctrl_hs|  dataflow_in_loop_VITIS_LOOP_129_4.1_Loop_VITIS_LOOP_170_9_proc712_Pipeline_VITIS|  return value|
|grp_fu_663_p_opcode      |  out|    2|  ap_ctrl_hs|  dataflow_in_loop_VITIS_LOOP_129_4.1_Loop_VITIS_LOOP_170_9_proc712_Pipeline_VITIS|  return value|
|grp_fu_663_p_dout0       |   in|   32|  ap_ctrl_hs|  dataflow_in_loop_VITIS_LOOP_129_4.1_Loop_VITIS_LOOP_170_9_proc712_Pipeline_VITIS|  return value|
|grp_fu_663_p_ce          |  out|    1|  ap_ctrl_hs|  dataflow_in_loop_VITIS_LOOP_129_4.1_Loop_VITIS_LOOP_170_9_proc712_Pipeline_VITIS|  return value|
|grp_fu_667_p_din0        |  out|   32|  ap_ctrl_hs|  dataflow_in_loop_VITIS_LOOP_129_4.1_Loop_VITIS_LOOP_170_9_proc712_Pipeline_VITIS|  return value|
|grp_fu_667_p_din1        |  out|   32|  ap_ctrl_hs|  dataflow_in_loop_VITIS_LOOP_129_4.1_Loop_VITIS_LOOP_170_9_proc712_Pipeline_VITIS|  return value|
|grp_fu_667_p_opcode      |  out|    2|  ap_ctrl_hs|  dataflow_in_loop_VITIS_LOOP_129_4.1_Loop_VITIS_LOOP_170_9_proc712_Pipeline_VITIS|  return value|
|grp_fu_667_p_dout0       |   in|   32|  ap_ctrl_hs|  dataflow_in_loop_VITIS_LOOP_129_4.1_Loop_VITIS_LOOP_170_9_proc712_Pipeline_VITIS|  return value|
|grp_fu_667_p_ce          |  out|    1|  ap_ctrl_hs|  dataflow_in_loop_VITIS_LOOP_129_4.1_Loop_VITIS_LOOP_170_9_proc712_Pipeline_VITIS|  return value|
|grp_fu_783_p_din0        |  out|   32|  ap_ctrl_hs|  dataflow_in_loop_VITIS_LOOP_129_4.1_Loop_VITIS_LOOP_170_9_proc712_Pipeline_VITIS|  return value|
|grp_fu_783_p_din1        |  out|   32|  ap_ctrl_hs|  dataflow_in_loop_VITIS_LOOP_129_4.1_Loop_VITIS_LOOP_170_9_proc712_Pipeline_VITIS|  return value|
|grp_fu_783_p_dout0       |   in|   32|  ap_ctrl_hs|  dataflow_in_loop_VITIS_LOOP_129_4.1_Loop_VITIS_LOOP_170_9_proc712_Pipeline_VITIS|  return value|
|grp_fu_783_p_ce          |  out|    1|  ap_ctrl_hs|  dataflow_in_loop_VITIS_LOOP_129_4.1_Loop_VITIS_LOOP_170_9_proc712_Pipeline_VITIS|  return value|
|grp_fu_787_p_din0        |  out|   32|  ap_ctrl_hs|  dataflow_in_loop_VITIS_LOOP_129_4.1_Loop_VITIS_LOOP_170_9_proc712_Pipeline_VITIS|  return value|
|grp_fu_787_p_din1        |  out|   32|  ap_ctrl_hs|  dataflow_in_loop_VITIS_LOOP_129_4.1_Loop_VITIS_LOOP_170_9_proc712_Pipeline_VITIS|  return value|
|grp_fu_787_p_dout0       |   in|   32|  ap_ctrl_hs|  dataflow_in_loop_VITIS_LOOP_129_4.1_Loop_VITIS_LOOP_170_9_proc712_Pipeline_VITIS|  return value|
|grp_fu_787_p_ce          |  out|    1|  ap_ctrl_hs|  dataflow_in_loop_VITIS_LOOP_129_4.1_Loop_VITIS_LOOP_170_9_proc712_Pipeline_VITIS|  return value|
|grp_fu_791_p_din0        |  out|   32|  ap_ctrl_hs|  dataflow_in_loop_VITIS_LOOP_129_4.1_Loop_VITIS_LOOP_170_9_proc712_Pipeline_VITIS|  return value|
|grp_fu_791_p_din1        |  out|   32|  ap_ctrl_hs|  dataflow_in_loop_VITIS_LOOP_129_4.1_Loop_VITIS_LOOP_170_9_proc712_Pipeline_VITIS|  return value|
|grp_fu_791_p_dout0       |   in|   32|  ap_ctrl_hs|  dataflow_in_loop_VITIS_LOOP_129_4.1_Loop_VITIS_LOOP_170_9_proc712_Pipeline_VITIS|  return value|
|grp_fu_791_p_ce          |  out|    1|  ap_ctrl_hs|  dataflow_in_loop_VITIS_LOOP_129_4.1_Loop_VITIS_LOOP_170_9_proc712_Pipeline_VITIS|  return value|
|grp_fu_795_p_din0        |  out|   32|  ap_ctrl_hs|  dataflow_in_loop_VITIS_LOOP_129_4.1_Loop_VITIS_LOOP_170_9_proc712_Pipeline_VITIS|  return value|
|grp_fu_795_p_din1        |  out|   32|  ap_ctrl_hs|  dataflow_in_loop_VITIS_LOOP_129_4.1_Loop_VITIS_LOOP_170_9_proc712_Pipeline_VITIS|  return value|
|grp_fu_795_p_dout0       |   in|   32|  ap_ctrl_hs|  dataflow_in_loop_VITIS_LOOP_129_4.1_Loop_VITIS_LOOP_170_9_proc712_Pipeline_VITIS|  return value|
|grp_fu_795_p_ce          |  out|    1|  ap_ctrl_hs|  dataflow_in_loop_VITIS_LOOP_129_4.1_Loop_VITIS_LOOP_170_9_proc712_Pipeline_VITIS|  return value|
|expert_result0_address0  |  out|    6|   ap_memory|                                                                    expert_result0|         array|
|expert_result0_ce0       |  out|    1|   ap_memory|                                                                    expert_result0|         array|
|expert_result0_q0        |   in|   32|   ap_memory|                                                                    expert_result0|         array|
|gates_load               |   in|   32|     ap_none|                                                                        gates_load|        scalar|
|expert_result1_address0  |  out|    6|   ap_memory|                                                                    expert_result1|         array|
|expert_result1_ce0       |  out|    1|   ap_memory|                                                                    expert_result1|         array|
|expert_result1_q0        |   in|   32|   ap_memory|                                                                    expert_result1|         array|
|gates_load_1             |   in|   32|     ap_none|                                                                      gates_load_1|        scalar|
|expert_result2_address0  |  out|    6|   ap_memory|                                                                    expert_result2|         array|
|expert_result2_ce0       |  out|    1|   ap_memory|                                                                    expert_result2|         array|
|expert_result2_q0        |   in|   32|   ap_memory|                                                                    expert_result2|         array|
|gates_load_2             |   in|   32|     ap_none|                                                                      gates_load_2|        scalar|
|expert_result3_address0  |  out|    6|   ap_memory|                                                                    expert_result3|         array|
|expert_result3_ce0       |  out|    1|   ap_memory|                                                                    expert_result3|         array|
|expert_result3_q0        |   in|   32|   ap_memory|                                                                    expert_result3|         array|
|gates_load_3             |   in|   32|     ap_none|                                                                      gates_load_3|        scalar|
|acc_out_address0         |  out|    6|   ap_memory|                                                                           acc_out|         array|
|acc_out_ce0              |  out|    1|   ap_memory|                                                                           acc_out|         array|
|acc_out_we0              |  out|    1|   ap_memory|                                                                           acc_out|         array|
|acc_out_d0               |  out|   32|   ap_memory|                                                                           acc_out|         array|
|acc_out_address1         |  out|    6|   ap_memory|                                                                           acc_out|         array|
|acc_out_ce1              |  out|    1|   ap_memory|                                                                           acc_out|         array|
|acc_out_q1               |   in|   32|   ap_memory|                                                                           acc_out|         array|
+-------------------------+-----+-----+------------+----------------------------------------------------------------------------------+--------------+

