/home/simics/HMoE/HLS_HMoE/run_5/project/HLS_GraphMoE_Run5/solution1/.autopilot/db/moe.pp.0.cpp:6714:5: warning: Added loop label VITIS_LOOP_48_1:   [xilinx-label-all-loops]
    for (int i = 0; i < 32; i++)
    ^~~
    VITIS_LOOP_48_1: 
/home/simics/HMoE/HLS_HMoE/run_5/project/HLS_GraphMoE_Run5/solution1/.autopilot/db/moe.pp.0.cpp:6714:5: note: FIX-IT applied suggested code changes
/home/simics/HMoE/HLS_HMoE/run_5/project/HLS_GraphMoE_Run5/solution1/.autopilot/db/moe.pp.0.cpp:6718:9: warning: Added loop label VITIS_LOOP_52_2:   [xilinx-label-all-loops]
        for (int j = 0; j < 128; j++)
        ^~~
        VITIS_LOOP_52_2: 
/home/simics/HMoE/HLS_HMoE/run_5/project/HLS_GraphMoE_Run5/solution1/.autopilot/db/moe.pp.0.cpp:6718:9: note: FIX-IT applied suggested code changes
/home/simics/HMoE/HLS_HMoE/run_5/project/HLS_GraphMoE_Run5/solution1/.autopilot/db/moe.pp.0.cpp:6728:5: warning: Added loop label VITIS_LOOP_62_3:   [xilinx-label-all-loops]
    for (int i = 0; i < 16; i++)
    ^~~
    VITIS_LOOP_62_3: 
/home/simics/HMoE/HLS_HMoE/run_5/project/HLS_GraphMoE_Run5/solution1/.autopilot/db/moe.pp.0.cpp:6728:5: note: FIX-IT applied suggested code changes
/home/simics/HMoE/HLS_HMoE/run_5/project/HLS_GraphMoE_Run5/solution1/.autopilot/db/moe.pp.0.cpp:6732:9: warning: Added loop label VITIS_LOOP_66_4:   [xilinx-label-all-loops]
        for (int j = 0; j < 32; j++)
        ^~~
        VITIS_LOOP_66_4: 
/home/simics/HMoE/HLS_HMoE/run_5/project/HLS_GraphMoE_Run5/solution1/.autopilot/db/moe.pp.0.cpp:6732:9: note: FIX-IT applied suggested code changes
/home/simics/HMoE/HLS_HMoE/run_5/project/HLS_GraphMoE_Run5/solution1/.autopilot/db/moe.pp.0.cpp:6742:5: warning: Added loop label VITIS_LOOP_76_5:   [xilinx-label-all-loops]
    for (int i = 0; i < 8; i++)
    ^~~
    VITIS_LOOP_76_5: 
/home/simics/HMoE/HLS_HMoE/run_5/project/HLS_GraphMoE_Run5/solution1/.autopilot/db/moe.pp.0.cpp:6742:5: note: FIX-IT applied suggested code changes
/home/simics/HMoE/HLS_HMoE/run_5/project/HLS_GraphMoE_Run5/solution1/.autopilot/db/moe.pp.0.cpp:6746:9: warning: Added loop label VITIS_LOOP_80_6:   [xilinx-label-all-loops]
        for (int j = 0; j < 16; j++)
        ^~~
        VITIS_LOOP_80_6: 
/home/simics/HMoE/HLS_HMoE/run_5/project/HLS_GraphMoE_Run5/solution1/.autopilot/db/moe.pp.0.cpp:6746:9: note: FIX-IT applied suggested code changes
/home/simics/HMoE/HLS_HMoE/run_5/project/HLS_GraphMoE_Run5/solution1/.autopilot/db/moe.pp.0.cpp:6758:5: warning: Added loop label VITIS_LOOP_92_7:   [xilinx-label-all-loops]
    for (int j = 0; j < 8; j++)
    ^~~
    VITIS_LOOP_92_7: 
/home/simics/HMoE/HLS_HMoE/run_5/project/HLS_GraphMoE_Run5/solution1/.autopilot/db/moe.pp.0.cpp:6758:5: note: FIX-IT applied suggested code changes
/home/simics/HMoE/HLS_HMoE/run_5/project/HLS_GraphMoE_Run5/solution1/.autopilot/db/moe.pp.0.cpp:6790:5: warning: Added loop label VITIS_LOOP_140_1:   [xilinx-label-all-loops]
    for (int i = 0; i < 32; i++)
    ^~~
    VITIS_LOOP_140_1: 
/home/simics/HMoE/HLS_HMoE/run_5/project/HLS_GraphMoE_Run5/solution1/.autopilot/db/moe.pp.0.cpp:6790:5: note: FIX-IT applied suggested code changes
/home/simics/HMoE/HLS_HMoE/run_5/project/HLS_GraphMoE_Run5/solution1/.autopilot/db/moe.pp.0.cpp:6794:9: warning: Added loop label VITIS_LOOP_144_2:   [xilinx-label-all-loops]
        for (int j = 0; j < 128; j++)
        ^~~
        VITIS_LOOP_144_2: 
/home/simics/HMoE/HLS_HMoE/run_5/project/HLS_GraphMoE_Run5/solution1/.autopilot/db/moe.pp.0.cpp:6794:9: note: FIX-IT applied suggested code changes
/home/simics/HMoE/HLS_HMoE/run_5/project/HLS_GraphMoE_Run5/solution1/.autopilot/db/moe.pp.0.cpp:6804:5: warning: Added loop label VITIS_LOOP_154_3:   [xilinx-label-all-loops]
    for (int i = 0; i < 16; i++)
    ^~~
    VITIS_LOOP_154_3: 
/home/simics/HMoE/HLS_HMoE/run_5/project/HLS_GraphMoE_Run5/solution1/.autopilot/db/moe.pp.0.cpp:6804:5: note: FIX-IT applied suggested code changes
/home/simics/HMoE/HLS_HMoE/run_5/project/HLS_GraphMoE_Run5/solution1/.autopilot/db/moe.pp.0.cpp:6808:9: warning: Added loop label VITIS_LOOP_158_4:   [xilinx-label-all-loops]
        for (int j = 0; j < 32; j++)
        ^~~
        VITIS_LOOP_158_4: 
/home/simics/HMoE/HLS_HMoE/run_5/project/HLS_GraphMoE_Run5/solution1/.autopilot/db/moe.pp.0.cpp:6808:9: note: FIX-IT applied suggested code changes
/home/simics/HMoE/HLS_HMoE/run_5/project/HLS_GraphMoE_Run5/solution1/.autopilot/db/moe.pp.0.cpp:6818:5: warning: Added loop label VITIS_LOOP_168_5:   [xilinx-label-all-loops]
    for (int i = 0; i < 8; i++)
    ^~~
    VITIS_LOOP_168_5: 
/home/simics/HMoE/HLS_HMoE/run_5/project/HLS_GraphMoE_Run5/solution1/.autopilot/db/moe.pp.0.cpp:6818:5: note: FIX-IT applied suggested code changes
/home/simics/HMoE/HLS_HMoE/run_5/project/HLS_GraphMoE_Run5/solution1/.autopilot/db/moe.pp.0.cpp:6822:9: warning: Added loop label VITIS_LOOP_172_6:   [xilinx-label-all-loops]
        for (int j = 0; j < 16; j++)
        ^~~
        VITIS_LOOP_172_6: 
/home/simics/HMoE/HLS_HMoE/run_5/project/HLS_GraphMoE_Run5/solution1/.autopilot/db/moe.pp.0.cpp:6822:9: note: FIX-IT applied suggested code changes
/home/simics/HMoE/HLS_HMoE/run_5/project/HLS_GraphMoE_Run5/solution1/.autopilot/db/moe.pp.0.cpp:6834:5: warning: Added loop label VITIS_LOOP_184_7:   [xilinx-label-all-loops]
    for (int j = 0; j < 8; j++)
    ^~~
    VITIS_LOOP_184_7: 
/home/simics/HMoE/HLS_HMoE/run_5/project/HLS_GraphMoE_Run5/solution1/.autopilot/db/moe.pp.0.cpp:6834:5: note: FIX-IT applied suggested code changes
/home/simics/HMoE/HLS_HMoE/run_5/project/HLS_GraphMoE_Run5/solution1/.autopilot/db/moe.pp.0.cpp:6902:5: warning: Added loop label VITIS_LOOP_248_1:   [xilinx-label-all-loops]
    for (int e = 0; e < 4; e++)
    ^~~
    VITIS_LOOP_248_1: 
/home/simics/HMoE/HLS_HMoE/run_5/project/HLS_GraphMoE_Run5/solution1/.autopilot/db/moe.pp.0.cpp:6902:5: note: FIX-IT applied suggested code changes
/home/simics/HMoE/HLS_HMoE/run_5/project/HLS_GraphMoE_Run5/solution1/.autopilot/db/moe.pp.0.cpp:6906:9: warning: Added loop label VITIS_LOOP_252_2:   [xilinx-label-all-loops]
        for (int i = 0; i < 128; i++)
        ^~~
        VITIS_LOOP_252_2: 
/home/simics/HMoE/HLS_HMoE/run_5/project/HLS_GraphMoE_Run5/solution1/.autopilot/db/moe.pp.0.cpp:6906:9: note: FIX-IT applied suggested code changes
/home/simics/HMoE/HLS_HMoE/run_5/project/HLS_GraphMoE_Run5/solution1/.autopilot/db/moe.pp.0.cpp:6922:5: warning: Added loop label VITIS_LOOP_268_3:   [xilinx-label-all-loops]
    for (int e = 1; e < 4; e++)
    ^~~
    VITIS_LOOP_268_3: 
/home/simics/HMoE/HLS_HMoE/run_5/project/HLS_GraphMoE_Run5/solution1/.autopilot/db/moe.pp.0.cpp:6922:5: note: FIX-IT applied suggested code changes
/home/simics/HMoE/HLS_HMoE/run_5/project/HLS_GraphMoE_Run5/solution1/.autopilot/db/moe.pp.0.cpp:6931:5: warning: Added loop label VITIS_LOOP_277_4:   [xilinx-label-all-loops]
    for (int e = 0; e < 4; e++)
    ^~~
    VITIS_LOOP_277_4: 
/home/simics/HMoE/HLS_HMoE/run_5/project/HLS_GraphMoE_Run5/solution1/.autopilot/db/moe.pp.0.cpp:6931:5: note: FIX-IT applied suggested code changes
/home/simics/HMoE/HLS_HMoE/run_5/project/HLS_GraphMoE_Run5/solution1/.autopilot/db/moe.pp.0.cpp:6937:5: warning: Added loop label VITIS_LOOP_283_5:   [xilinx-label-all-loops]
    for (int e = 0; e < 4; e++)
    ^~~
    VITIS_LOOP_283_5: 
/home/simics/HMoE/HLS_HMoE/run_5/project/HLS_GraphMoE_Run5/solution1/.autopilot/db/moe.pp.0.cpp:6937:5: note: FIX-IT applied suggested code changes
/home/simics/HMoE/HLS_HMoE/run_5/project/HLS_GraphMoE_Run5/solution1/.autopilot/db/moe.pp.0.cpp:6948:5: warning: Added loop label VITIS_LOOP_312_6:   [xilinx-label-all-loops]
    for (int obj = 0; obj < 5; obj++)
    ^~~
    VITIS_LOOP_312_6: 
/home/simics/HMoE/HLS_HMoE/run_5/project/HLS_GraphMoE_Run5/solution1/.autopilot/db/moe.pp.0.cpp:6948:5: note: FIX-IT applied suggested code changes
/home/simics/HMoE/HLS_HMoE/run_5/project/HLS_GraphMoE_Run5/solution1/.autopilot/db/moe.pp.0.cpp:6990:5: warning: Added loop label VITIS_LOOP_354_7:   [xilinx-label-all-loops]
    for (int obj = 0; obj < 5; obj++)
    ^~~
    VITIS_LOOP_354_7: 
/home/simics/HMoE/HLS_HMoE/run_5/project/HLS_GraphMoE_Run5/solution1/.autopilot/db/moe.pp.0.cpp:6990:5: note: FIX-IT applied suggested code changes
/home/simics/HMoE/HLS_HMoE/run_5/project/HLS_GraphMoE_Run5/solution1/.autopilot/db/moe.pp.0.cpp:7032:5: warning: Added loop label VITIS_LOOP_396_8:   [xilinx-label-all-loops]
    for (int obj = 0; obj < 5; obj++)
    ^~~
    VITIS_LOOP_396_8: 
/home/simics/HMoE/HLS_HMoE/run_5/project/HLS_GraphMoE_Run5/solution1/.autopilot/db/moe.pp.0.cpp:7032:5: note: FIX-IT applied suggested code changes
