

================================================================
== Vitis HLS Report for 'graph_moe_Pipeline_VITIS_LOOP_243_3'
================================================================
* Date:           Sat Sep 12 19:17:52 2026

* Version:        2023.2 (Build 4023990 on Oct 11 2023)
* Project:        HLS_GraphMoE_Run4
* Solution:       solution1 (Vivado IP Flow Target)
* Product family: virtexuplus
* Target device:  xcvu13p_CIV-figd2104-3-e


================================================================
== Performance Estimates
================================================================
+ Timing: 
    * Summary: 
    +--------+----------+----------+------------+
    |  Clock |  Target  | Estimated| Uncertainty|
    +--------+----------+----------+------------+
    |ap_clk  |  10.00 ns|  7.140 ns|     2.70 ns|
    +--------+----------+----------+------------+

+ Latency: 
    * Summary: 
    +---------+---------+-----------+-----------+-----+-----+---------+
    |  Latency (cycles) |   Latency (absolute)  |  Interval | Pipeline|
    |   min   |   max   |    min    |    max    | min | max |   Type  |
    +---------+---------+-----------+-----------+-----+-----+---------+
    |        6|        6|  60.000 ns|  60.000 ns|    6|    6|       no|
    +---------+---------+-----------+-----------+-----+-----+---------+

    + Detail: 
        * Instance: 
        N/A

        * Loop: 
        +--------------------+---------+---------+----------+-----------+-----------+------+----------+
        |                    |  Latency (cycles) | Iteration|  Initiation Interval  | Trip |          |
        |      Loop Name     |   min   |   max   |  Latency |  achieved |   target  | Count| Pipelined|
        +--------------------+---------+---------+----------+-----------+-----------+------+----------+
        |- VITIS_LOOP_243_3  |        4|        4|         3|          1|          1|     3|       yes|
        +--------------------+---------+---------+----------+-----------+-----------+------+----------+

============================================================
+ Verbose Summary: Synthesis Manager
============================================================
InlineROM: 1
ExposeGlobal: 0
============================================================
+ Verbose Summary: CDFG Model
============================================================
IsTopModel: 0
ResetActiveHigh: 1
IsCombinational: 0
IsDatapathOnly: 0
HasWiredReturn: 1
HasMFsm: 2
HasVarLatency: 1
IsPipeline: 0
IsRtlPipelined: 0
IsInstanceOverlapped: 0
IsDontTouch: 0
HasImplIP: 0
IsGatedGlobalClock: 0

+ Individual pipeline summary: 
  * Pipeline-0: initiation interval (II) = 1, depth = 3


============================================================
+ Verbose Summary: Schedule
============================================================
* Number of FSM states : 3
* Pipeline : 1
  Pipeline-0 : II = 1, D = 3, States = { 1 2 3 }
* Dataflow Pipeline: 0

* FSM state transitions: 
1 --> 2 
2 --> 3 
3 --> 

* FSM state operations: 

State 1 <SV = 0> <Delay = 1.24>
ST_1 : Operation 6 [1/1] (0.00ns)   --->   "%max_logit_1 = alloca i32 1" [src/moe.cpp:241]   --->   Operation 6 'alloca' 'max_logit_1' <Predicate = true> <Delay = 0.00>
ST_1 : Operation 7 [1/1] (0.00ns)   --->   "%e_1 = alloca i32 1" [src/moe.cpp:243]   --->   Operation 7 'alloca' 'e_1' <Predicate = true> <Delay = 0.00>
ST_1 : Operation 8 [1/1] (0.00ns)   --->   "%max_logit_21954_read = read i32 @_ssdm_op_Read.ap_auto.float, i32 %max_logit_21954"   --->   Operation 8 'read' 'max_logit_21954_read' <Predicate = true> <Delay = 0.00>
ST_1 : Operation 9 [1/1] (0.00ns)   --->   "%max_logit_22046_read = read i32 @_ssdm_op_Read.ap_auto.float, i32 %max_logit_22046"   --->   Operation 9 'read' 'max_logit_22046_read' <Predicate = true> <Delay = 0.00>
ST_1 : Operation 10 [1/1] (0.00ns)   --->   "%max_logit_21850_read = read i32 @_ssdm_op_Read.ap_auto.float, i32 %max_logit_21850"   --->   Operation 10 'read' 'max_logit_21850_read' <Predicate = true> <Delay = 0.00>
ST_1 : Operation 11 [1/1] (0.00ns)   --->   "%max_logit_read = read i32 @_ssdm_op_Read.ap_auto.float, i32 %max_logit"   --->   Operation 11 'read' 'max_logit_read' <Predicate = true> <Delay = 0.00>
ST_1 : Operation 12 [1/1] (0.36ns)   --->   "%store_ln243 = store i3 1, i3 %e_1" [src/moe.cpp:243]   --->   Operation 12 'store' 'store_ln243' <Predicate = true> <Delay = 0.36>
ST_1 : Operation 13 [1/1] (0.36ns)   --->   "%store_ln241 = store i32 %max_logit_read, i32 %max_logit_1" [src/moe.cpp:241]   --->   Operation 13 'store' 'store_ln241' <Predicate = true> <Delay = 0.36>
ST_1 : Operation 14 [1/1] (0.00ns)   --->   "%br_ln0 = br void %for.body21"   --->   Operation 14 'br' 'br_ln0' <Predicate = true> <Delay = 0.00>
ST_1 : Operation 15 [1/1] (0.00ns)   --->   "%e = load i3 %e_1" [src/moe.cpp:245]   --->   Operation 15 'load' 'e' <Predicate = true> <Delay = 0.00>
ST_1 : Operation 16 [1/1] (0.52ns)   --->   "%icmp_ln243 = icmp_eq  i3 %e, i3 4" [src/moe.cpp:243]   --->   Operation 16 'icmp' 'icmp_ln243' <Predicate = true> <Delay = 0.52> <CoreInst = "Cmp">   --->   Core 9 'Cmp' <Latency = 0> <II = 1> <Delay = 0.52> <FuncUnit> <Opcode : 'icmp'> <InPorts = 2> <OutPorts = 1>
ST_1 : Operation 17 [1/1] (0.00ns)   --->   "%br_ln243 = br i1 %icmp_ln243, void %for.body21.split, void %for.inc42.preheader.exitStub" [src/moe.cpp:243]   --->   Operation 17 'br' 'br_ln243' <Predicate = true> <Delay = 0.00>
ST_1 : Operation 18 [1/1] (0.00ns)   --->   "%trunc_ln245 = trunc i3 %e" [src/moe.cpp:245]   --->   Operation 18 'trunc' 'trunc_ln245' <Predicate = (!icmp_ln243)> <Delay = 0.00>
ST_1 : Operation 19 [1/1] (0.40ns)   --->   "%icmp_ln245 = icmp_eq  i2 %trunc_ln245, i2 1" [src/moe.cpp:245]   --->   Operation 19 'icmp' 'icmp_ln245' <Predicate = (!icmp_ln243)> <Delay = 0.40> <CoreInst = "Cmp">   --->   Core 9 'Cmp' <Latency = 0> <II = 1> <Delay = 0.40> <FuncUnit> <Opcode : 'icmp'> <InPorts = 2> <OutPorts = 1>
ST_1 : Operation 20 [1/1] (0.00ns) (grouped into LUT with out node max_logit_2)   --->   "%select_ln245 = select i1 %icmp_ln245, i32 %max_logit_21850_read, i32 %max_logit_22046_read" [src/moe.cpp:245]   --->   Operation 20 'select' 'select_ln245' <Predicate = (!icmp_ln243)> <Delay = 0.00> <CoreInst = "Sel">   --->   Core 73 'Sel' <Latency = 0> <II = 1> <Delay = 0.21> <FuncUnit> <Opcode : 'select'> <InPorts = 3> <OutPorts = 1>
ST_1 : Operation 21 [1/1] (0.40ns)   --->   "%icmp_ln245_1 = icmp_eq  i2 %trunc_ln245, i2 2" [src/moe.cpp:245]   --->   Operation 21 'icmp' 'icmp_ln245_1' <Predicate = (!icmp_ln243)> <Delay = 0.40> <CoreInst = "Cmp">   --->   Core 9 'Cmp' <Latency = 0> <II = 1> <Delay = 0.40> <FuncUnit> <Opcode : 'icmp'> <InPorts = 2> <OutPorts = 1>
ST_1 : Operation 22 [1/1] (0.21ns) (out node of the LUT)   --->   "%max_logit_2 = select i1 %icmp_ln245_1, i32 %max_logit_21954_read, i32 %select_ln245" [src/moe.cpp:245]   --->   Operation 22 'select' 'max_logit_2' <Predicate = (!icmp_ln243)> <Delay = 0.21> <CoreInst = "Sel">   --->   Core 73 'Sel' <Latency = 0> <II = 1> <Delay = 0.21> <FuncUnit> <Opcode : 'select'> <InPorts = 3> <OutPorts = 1>
ST_1 : Operation 23 [1/1] (0.52ns)   --->   "%add_ln243 = add i3 %e, i3 1" [src/moe.cpp:243]   --->   Operation 23 'add' 'add_ln243' <Predicate = (!icmp_ln243)> <Delay = 0.52> <CoreInst = "Adder">   --->   Core 1 'Adder' <Latency = 0> <II = 1> <Delay = 0.52> <FuncUnit> <Opcode : 'add' 'sub'> <InPorts = 2> <OutPorts = 1>
ST_1 : Operation 24 [1/1] (0.36ns)   --->   "%store_ln243 = store i3 %add_ln243, i3 %e_1" [src/moe.cpp:243]   --->   Operation 24 'store' 'store_ln243' <Predicate = (!icmp_ln243)> <Delay = 0.36>

State 2 <SV = 1> <Delay = 7.14>
ST_2 : Operation 25 [1/1] (0.00ns)   --->   "%max_logit_1_load_1 = load i32 %max_logit_1" [src/moe.cpp:245]   --->   Operation 25 'load' 'max_logit_1_load_1' <Predicate = true> <Delay = 0.00>
ST_2 : Operation 26 [1/1] (0.00ns)   --->   "%bitcast_ln245 = bitcast i32 %max_logit_2" [src/moe.cpp:245]   --->   Operation 26 'bitcast' 'bitcast_ln245' <Predicate = true> <Delay = 0.00>
ST_2 : Operation 27 [1/1] (0.00ns)   --->   "%tmp = partselect i8 @_ssdm_op_PartSelect.i8.i32.i32.i32, i32 %bitcast_ln245, i32 23, i32 30" [src/moe.cpp:245]   --->   Operation 27 'partselect' 'tmp' <Predicate = true> <Delay = 0.00>
ST_2 : Operation 28 [1/1] (0.00ns)   --->   "%trunc_ln245_1 = trunc i32 %bitcast_ln245" [src/moe.cpp:245]   --->   Operation 28 'trunc' 'trunc_ln245_1' <Predicate = true> <Delay = 0.00>
ST_2 : Operation 29 [1/1] (0.00ns)   --->   "%bitcast_ln245_1 = bitcast i32 %max_logit_1_load_1" [src/moe.cpp:245]   --->   Operation 29 'bitcast' 'bitcast_ln245_1' <Predicate = true> <Delay = 0.00>
ST_2 : Operation 30 [1/1] (0.00ns)   --->   "%tmp_5 = partselect i8 @_ssdm_op_PartSelect.i8.i32.i32.i32, i32 %bitcast_ln245_1, i32 23, i32 30" [src/moe.cpp:245]   --->   Operation 30 'partselect' 'tmp_5' <Predicate = true> <Delay = 0.00>
ST_2 : Operation 31 [1/1] (0.00ns)   --->   "%trunc_ln245_2 = trunc i32 %bitcast_ln245_1" [src/moe.cpp:245]   --->   Operation 31 'trunc' 'trunc_ln245_2' <Predicate = true> <Delay = 0.00>
ST_2 : Operation 32 [1/1] (0.65ns)   --->   "%icmp_ln245_2 = icmp_ne  i8 %tmp, i8 255" [src/moe.cpp:245]   --->   Operation 32 'icmp' 'icmp_ln245_2' <Predicate = true> <Delay = 0.65> <CoreInst = "Cmp">   --->   Core 9 'Cmp' <Latency = 0> <II = 1> <Delay = 0.65> <FuncUnit> <Opcode : 'icmp'> <InPorts = 2> <OutPorts = 1>
ST_2 : Operation 33 [1/1] (0.75ns)   --->   "%icmp_ln245_3 = icmp_eq  i23 %trunc_ln245_1, i23 0" [src/moe.cpp:245]   --->   Operation 33 'icmp' 'icmp_ln245_3' <Predicate = true> <Delay = 0.75> <CoreInst = "Cmp">   --->   Core 9 'Cmp' <Latency = 0> <II = 1> <Delay = 0.75> <FuncUnit> <Opcode : 'icmp'> <InPorts = 2> <OutPorts = 1>
ST_2 : Operation 34 [1/1] (0.00ns) (grouped into LUT with out node and_ln245_1)   --->   "%or_ln245 = or i1 %icmp_ln245_3, i1 %icmp_ln245_2" [src/moe.cpp:245]   --->   Operation 34 'or' 'or_ln245' <Predicate = true> <Delay = 0.00> <CoreInst = "LogicGate">   --->   Core 74 'LogicGate' <Latency = 0> <II = 1> <Delay = 0.11> <FuncUnit> <Opcode : 'and' 'or' 'xor'> <InPorts = 2> <OutPorts = 1>
ST_2 : Operation 35 [1/1] (0.65ns)   --->   "%icmp_ln245_4 = icmp_ne  i8 %tmp_5, i8 255" [src/moe.cpp:245]   --->   Operation 35 'icmp' 'icmp_ln245_4' <Predicate = true> <Delay = 0.65> <CoreInst = "Cmp">   --->   Core 9 'Cmp' <Latency = 0> <II = 1> <Delay = 0.65> <FuncUnit> <Opcode : 'icmp'> <InPorts = 2> <OutPorts = 1>
ST_2 : Operation 36 [1/1] (0.75ns)   --->   "%icmp_ln245_5 = icmp_eq  i23 %trunc_ln245_2, i23 0" [src/moe.cpp:245]   --->   Operation 36 'icmp' 'icmp_ln245_5' <Predicate = true> <Delay = 0.75> <CoreInst = "Cmp">   --->   Core 9 'Cmp' <Latency = 0> <II = 1> <Delay = 0.75> <FuncUnit> <Opcode : 'icmp'> <InPorts = 2> <OutPorts = 1>
ST_2 : Operation 37 [1/1] (0.00ns) (grouped into LUT with out node and_ln245_1)   --->   "%or_ln245_1 = or i1 %icmp_ln245_5, i1 %icmp_ln245_4" [src/moe.cpp:245]   --->   Operation 37 'or' 'or_ln245_1' <Predicate = true> <Delay = 0.00> <CoreInst = "LogicGate">   --->   Core 74 'LogicGate' <Latency = 0> <II = 1> <Delay = 0.11> <FuncUnit> <Opcode : 'and' 'or' 'xor'> <InPorts = 2> <OutPorts = 1>
ST_2 : Operation 38 [1/1] (6.81ns)   --->   "%tmp_6 = fcmp_ogt  i32 %max_logit_2, i32 %max_logit_1_load_1" [src/moe.cpp:245]   --->   Operation 38 'fcmp' 'tmp_6' <Predicate = true> <Delay = 6.81> <CoreInst = "FCompare">   --->   Core 19 'FCompare' <Latency = 0> <II = 1> <Delay = 6.81> <FuncUnit> <Opcode : 'fcmp'> <InPorts = 2> <OutPorts = 1>
ST_2 : Operation 39 [1/1] (0.00ns) (grouped into LUT with out node and_ln245_1)   --->   "%and_ln245 = and i1 %tmp_6, i1 %or_ln245" [src/moe.cpp:245]   --->   Operation 39 'and' 'and_ln245' <Predicate = true> <Delay = 0.00> <CoreInst = "LogicGate">   --->   Core 74 'LogicGate' <Latency = 0> <II = 1> <Delay = 0.11> <FuncUnit> <Opcode : 'and' 'or' 'xor'> <InPorts = 2> <OutPorts = 1>
ST_2 : Operation 40 [1/1] (0.11ns) (out node of the LUT)   --->   "%and_ln245_1 = and i1 %and_ln245, i1 %or_ln245_1" [src/moe.cpp:245]   --->   Operation 40 'and' 'and_ln245_1' <Predicate = true> <Delay = 0.11> <CoreInst = "LogicGate">   --->   Core 74 'LogicGate' <Latency = 0> <II = 1> <Delay = 0.11> <FuncUnit> <Opcode : 'and' 'or' 'xor'> <InPorts = 2> <OutPorts = 1>
ST_2 : Operation 41 [1/1] (0.21ns) (out node of the LUT)   --->   "%max_logit_3 = select i1 %and_ln245_1, i32 %max_logit_2, i32 %max_logit_1_load_1" [src/moe.cpp:245]   --->   Operation 41 'select' 'max_logit_3' <Predicate = true> <Delay = 0.21> <CoreInst = "Sel">   --->   Core 73 'Sel' <Latency = 0> <II = 1> <Delay = 0.21> <FuncUnit> <Opcode : 'select'> <InPorts = 3> <OutPorts = 1>
ST_2 : Operation 47 [1/1] (0.00ns)   --->   "%max_logit_1_load = load i32 %max_logit_1"   --->   Operation 47 'load' 'max_logit_1_load' <Predicate = (icmp_ln243)> <Delay = 0.00>
ST_2 : Operation 48 [1/1] (0.00ns)   --->   "%write_ln0 = write void @_ssdm_op_Write.ap_auto.floatP0A, i32 %max_logit_1_out, i32 %max_logit_1_load"   --->   Operation 48 'write' 'write_ln0' <Predicate = (icmp_ln243)> <Delay = 0.00>
ST_2 : Operation 49 [1/1] (0.00ns)   --->   "%ret_ln0 = ret"   --->   Operation 49 'ret' 'ret_ln0' <Predicate = (icmp_ln243)> <Delay = 0.00>

State 3 <SV = 2> <Delay = 0.36>
ST_3 : Operation 42 [1/1] (0.00ns)   --->   "%specpipeline_ln241 = specpipeline void @_ssdm_op_SpecPipeline, i32 4294967295, i32 0, i32 0, i32 0, void @empty_7" [src/moe.cpp:241]   --->   Operation 42 'specpipeline' 'specpipeline_ln241' <Predicate = true> <Delay = 0.00>
ST_3 : Operation 43 [1/1] (0.00ns)   --->   "%speclooptripcount_ln241 = speclooptripcount void @_ssdm_op_SpecLoopTripCount, i64 3, i64 3, i64 3" [src/moe.cpp:241]   --->   Operation 43 'speclooptripcount' 'speclooptripcount_ln241' <Predicate = true> <Delay = 0.00>
ST_3 : Operation 44 [1/1] (0.00ns)   --->   "%specloopname_ln243 = specloopname void @_ssdm_op_SpecLoopName, void @empty_15" [src/moe.cpp:243]   --->   Operation 44 'specloopname' 'specloopname_ln243' <Predicate = true> <Delay = 0.00>
ST_3 : Operation 45 [1/1] (0.36ns)   --->   "%store_ln241 = store i32 %max_logit_3, i32 %max_logit_1" [src/moe.cpp:241]   --->   Operation 45 'store' 'store_ln241' <Predicate = true> <Delay = 0.36>
ST_3 : Operation 46 [1/1] (0.00ns)   --->   "%br_ln243 = br void %for.body21" [src/moe.cpp:243]   --->   Operation 46 'br' 'br_ln243' <Predicate = true> <Delay = 0.00>


============================================================
+ Verbose Summary: Binding
============================================================
STG Binding: 
---------------- STG Properties BEGIN ----------------
- Is combinational: 0
- Is one-state seq: 0
- Is datapath-only: 0
- Is pipelined: 0
- Is top level: 0
Port [ Return ] is wired: 1; IO mode=ap_ctrl_hs:ce=0
Port [ max_logit]:  wired=1; compound=0; hidden=0; nouse=0; global=0; static=0; extern=0; dir=0; type=0; pingpong=0; private_global=0; IO mode=ap_none:ce=0
Port [ max_logit_21850]:  wired=1; compound=0; hidden=0; nouse=0; global=0; static=0; extern=0; dir=0; type=0; pingpong=0; private_global=0; IO mode=ap_none:ce=0
Port [ max_logit_22046]:  wired=1; compound=0; hidden=0; nouse=0; global=0; static=0; extern=0; dir=0; type=0; pingpong=0; private_global=0; IO mode=ap_none:ce=0
Port [ max_logit_21954]:  wired=1; compound=0; hidden=0; nouse=0; global=0; static=0; extern=0; dir=0; type=0; pingpong=0; private_global=0; IO mode=ap_none:ce=0
Port [ max_logit_1_out]:  wired=1; compound=0; hidden=0; nouse=0; global=0; static=0; extern=0; dir=1; type=0; pingpong=0; private_global=0; IO mode=ap_vld:ce=0
---------------- STG Properties END ------------------

---------------- Datapath Model BEGIN ----------------

<LifeTime>
<method=bitvector/>
max_logit_1             (alloca           ) [ 0111]
e_1                     (alloca           ) [ 0100]
max_logit_21954_read    (read             ) [ 0000]
max_logit_22046_read    (read             ) [ 0000]
max_logit_21850_read    (read             ) [ 0000]
max_logit_read          (read             ) [ 0000]
store_ln243             (store            ) [ 0000]
store_ln241             (store            ) [ 0000]
br_ln0                  (br               ) [ 0000]
e                       (load             ) [ 0000]
icmp_ln243              (icmp             ) [ 0110]
br_ln243                (br               ) [ 0000]
trunc_ln245             (trunc            ) [ 0000]
icmp_ln245              (icmp             ) [ 0000]
select_ln245            (select           ) [ 0000]
icmp_ln245_1            (icmp             ) [ 0000]
max_logit_2             (select           ) [ 0110]
add_ln243               (add              ) [ 0000]
store_ln243             (store            ) [ 0000]
max_logit_1_load_1      (load             ) [ 0000]
bitcast_ln245           (bitcast          ) [ 0000]
tmp                     (partselect       ) [ 0000]
trunc_ln245_1           (trunc            ) [ 0000]
bitcast_ln245_1         (bitcast          ) [ 0000]
tmp_5                   (partselect       ) [ 0000]
trunc_ln245_2           (trunc            ) [ 0000]
icmp_ln245_2            (icmp             ) [ 0000]
icmp_ln245_3            (icmp             ) [ 0000]
or_ln245                (or               ) [ 0000]
icmp_ln245_4            (icmp             ) [ 0000]
icmp_ln245_5            (icmp             ) [ 0000]
or_ln245_1              (or               ) [ 0000]
tmp_6                   (fcmp             ) [ 0000]
and_ln245               (and              ) [ 0000]
and_ln245_1             (and              ) [ 0000]
max_logit_3             (select           ) [ 0101]
specpipeline_ln241      (specpipeline     ) [ 0000]
speclooptripcount_ln241 (speclooptripcount) [ 0000]
specloopname_ln243      (specloopname     ) [ 0000]
store_ln241             (store            ) [ 0000]
br_ln243                (br               ) [ 0000]
max_logit_1_load        (load             ) [ 0000]
write_ln0               (write            ) [ 0000]
ret_ln0                 (ret              ) [ 0000]
</LifeTime>

<model>

<comp_list>
<comp id="0" class="1000" name="max_logit">
<pin_list>
<pin id="1" dir="1" index="0" bw="1" slack="0"/>
</pin_list>
<bind>
<StgValue><ssdm name="max_logit"/></StgValue>
</bind>
</comp>

<comp id="2" class="1000" name="max_logit_21850">
<pin_list>
<pin id="3" dir="1" index="0" bw="1" slack="0"/>
</pin_list>
<bind>
<StgValue><ssdm name="max_logit_21850"/></StgValue>
</bind>
</comp>

<comp id="4" class="1000" name="max_logit_22046">
<pin_list>
<pin id="5" dir="1" index="0" bw="1" slack="0"/>
</pin_list>
<bind>
<StgValue><ssdm name="max_logit_22046"/></StgValue>
</bind>
</comp>

<comp id="6" class="1000" name="max_logit_21954">
<pin_list>
<pin id="7" dir="1" index="0" bw="1" slack="0"/>
</pin_list>
<bind>
<StgValue><ssdm name="max_logit_21954"/></StgValue>
</bind>
</comp>

<comp id="8" class="1000" name="max_logit_1_out">
<pin_list>
<pin id="9" dir="1" index="0" bw="1" slack="0"/>
</pin_list>
<bind>
<StgValue><ssdm name="max_logit_1_out"/></StgValue>
</bind>
</comp>

<comp id="10" class="1001" name="const_10">
<pin_list>
<pin id="11" dir="1" index="0" bw="1" slack="0"/>
</pin_list>
<bind>
<StgValue><ssdm name=""/></StgValue>
</bind>
</comp>

<comp id="12" class="1001" name="const_12">
<pin_list>
<pin id="13" dir="1" index="0" bw="1" slack="0"/>
</pin_list>
<bind>
<StgValue><ssdm name="_ssdm_op_Read.ap_auto.float"/></StgValue>
</bind>
</comp>

<comp id="14" class="1001" name="const_14">
<pin_list>
<pin id="15" dir="1" index="0" bw="1" slack="0"/>
</pin_list>
<bind>
<StgValue><ssdm name=""/></StgValue>
</bind>
</comp>

<comp id="16" class="1001" name="const_16">
<pin_list>
<pin id="17" dir="1" index="0" bw="1" slack="0"/>
</pin_list>
<bind>
<StgValue><ssdm name=""/></StgValue>
</bind>
</comp>

<comp id="18" class="1001" name="const_18">
<pin_list>
<pin id="19" dir="1" index="0" bw="1" slack="0"/>
</pin_list>
<bind>
<StgValue><ssdm name=""/></StgValue>
</bind>
</comp>

<comp id="20" class="1001" name="const_20">
<pin_list>
<pin id="21" dir="1" index="0" bw="1" slack="0"/>
</pin_list>
<bind>
<StgValue><ssdm name=""/></StgValue>
</bind>
</comp>

<comp id="22" class="1001" name="const_22">
<pin_list>
<pin id="23" dir="1" index="0" bw="1" slack="0"/>
</pin_list>
<bind>
<StgValue><ssdm name="_ssdm_op_PartSelect.i8.i32.i32.i32"/></StgValue>
</bind>
</comp>

<comp id="24" class="1001" name="const_24">
<pin_list>
<pin id="25" dir="1" index="0" bw="1" slack="0"/>
</pin_list>
<bind>
<StgValue><ssdm name=""/></StgValue>
</bind>
</comp>

<comp id="26" class="1001" name="const_26">
<pin_list>
<pin id="27" dir="1" index="0" bw="1" slack="0"/>
</pin_list>
<bind>
<StgValue><ssdm name=""/></StgValue>
</bind>
</comp>

<comp id="28" class="1001" name="const_28">
<pin_list>
<pin id="29" dir="1" index="0" bw="1" slack="0"/>
</pin_list>
<bind>
<StgValue><ssdm name=""/></StgValue>
</bind>
</comp>

<comp id="30" class="1001" name="const_30">
<pin_list>
<pin id="31" dir="1" index="0" bw="1" slack="0"/>
</pin_list>
<bind>
<StgValue><ssdm name=""/></StgValue>
</bind>
</comp>

<comp id="32" class="1001" name="const_32">
<pin_list>
<pin id="33" dir="1" index="0" bw="1" slack="2147483647"/>
</pin_list>
<bind>
<StgValue><ssdm name="_ssdm_op_SpecPipeline"/></StgValue>
</bind>
</comp>

<comp id="34" class="1001" name="const_34">
<pin_list>
<pin id="35" dir="1" index="0" bw="1" slack="2147483647"/>
</pin_list>
<bind>
<StgValue><ssdm name=""/></StgValue>
</bind>
</comp>

<comp id="36" class="1001" name="const_36">
<pin_list>
<pin id="37" dir="1" index="0" bw="1" slack="2147483647"/>
</pin_list>
<bind>
<StgValue><ssdm name=""/></StgValue>
</bind>
</comp>

<comp id="38" class="1001" name="const_38">
<pin_list>
<pin id="39" dir="1" index="0" bw="1" slack="2147483647"/>
</pin_list>
<bind>
<StgValue><ssdm name="empty_7"/></StgValue>
</bind>
</comp>

<comp id="40" class="1001" name="const_40">
<pin_list>
<pin id="41" dir="1" index="0" bw="1" slack="2147483647"/>
</pin_list>
<bind>
<StgValue><ssdm name="_ssdm_op_SpecLoopTripCount"/></StgValue>
</bind>
</comp>

<comp id="42" class="1001" name="const_42">
<pin_list>
<pin id="43" dir="1" index="0" bw="1" slack="2147483647"/>
</pin_list>
<bind>
<StgValue><ssdm name=""/></StgValue>
</bind>
</comp>

<comp id="44" class="1001" name="const_44">
<pin_list>
<pin id="45" dir="1" index="0" bw="1" slack="2147483647"/>
</pin_list>
<bind>
<StgValue><ssdm name="_ssdm_op_SpecLoopName"/></StgValue>
</bind>
</comp>

<comp id="46" class="1001" name="const_46">
<pin_list>
<pin id="47" dir="1" index="0" bw="1" slack="2147483647"/>
</pin_list>
<bind>
<StgValue><ssdm name="empty_15"/></StgValue>
</bind>
</comp>

<comp id="48" class="1001" name="const_48">
<pin_list>
<pin id="49" dir="1" index="0" bw="1" slack="0"/>
</pin_list>
<bind>
<StgValue><ssdm name="_ssdm_op_Write.ap_auto.floatP0A"/></StgValue>
</bind>
</comp>

<comp id="50" class="1004" name="max_logit_1_fu_50">
<pin_list>
<pin id="51" dir="0" index="0" bw="1" slack="0"/>
<pin id="52" dir="1" index="1" bw="32" slack="0"/>
</pin_list>
<bind>
<opcode="alloca(26) " fcode="alloca"/>
<opset="max_logit_1/1 "/>
</bind>
</comp>

<comp id="54" class="1004" name="e_1_fu_54">
<pin_list>
<pin id="55" dir="0" index="0" bw="1" slack="0"/>
<pin id="56" dir="1" index="1" bw="3" slack="0"/>
</pin_list>
<bind>
<opcode="alloca(26) " fcode="alloca"/>
<opset="e_1/1 "/>
</bind>
</comp>

<comp id="58" class="1004" name="max_logit_21954_read_read_fu_58">
<pin_list>
<pin id="59" dir="0" index="0" bw="32" slack="0"/>
<pin id="60" dir="0" index="1" bw="32" slack="0"/>
<pin id="61" dir="1" index="2" bw="32" slack="0"/>
</pin_list>
<bind>
<opcode="read(1150) " fcode="read"/>
<opset="max_logit_21954_read/1 "/>
</bind>
</comp>

<comp id="64" class="1004" name="max_logit_22046_read_read_fu_64">
<pin_list>
<pin id="65" dir="0" index="0" bw="32" slack="0"/>
<pin id="66" dir="0" index="1" bw="32" slack="0"/>
<pin id="67" dir="1" index="2" bw="32" slack="0"/>
</pin_list>
<bind>
<opcode="read(1150) " fcode="read"/>
<opset="max_logit_22046_read/1 "/>
</bind>
</comp>

<comp id="70" class="1004" name="max_logit_21850_read_read_fu_70">
<pin_list>
<pin id="71" dir="0" index="0" bw="32" slack="0"/>
<pin id="72" dir="0" index="1" bw="32" slack="0"/>
<pin id="73" dir="1" index="2" bw="32" slack="0"/>
</pin_list>
<bind>
<opcode="read(1150) " fcode="read"/>
<opset="max_logit_21850_read/1 "/>
</bind>
</comp>

<comp id="76" class="1004" name="max_logit_read_read_fu_76">
<pin_list>
<pin id="77" dir="0" index="0" bw="32" slack="0"/>
<pin id="78" dir="0" index="1" bw="32" slack="0"/>
<pin id="79" dir="1" index="2" bw="32" slack="0"/>
</pin_list>
<bind>
<opcode="read(1150) " fcode="read"/>
<opset="max_logit_read/1 "/>
</bind>
</comp>

<comp id="82" class="1004" name="write_ln0_write_fu_82">
<pin_list>
<pin id="83" dir="0" index="0" bw="0" slack="0"/>
<pin id="84" dir="0" index="1" bw="32" slack="0"/>
<pin id="85" dir="0" index="2" bw="32" slack="0"/>
<pin id="86" dir="1" index="3" bw="0" slack="2147483647"/>
</pin_list>
<bind>
<opcode="write(1151) " fcode="write"/>
<opset="write_ln0/2 "/>
</bind>
</comp>

<comp id="89" class="1004" name="tmp_6_fu_89">
<pin_list>
<pin id="90" dir="0" index="0" bw="32" slack="1"/>
<pin id="91" dir="0" index="1" bw="32" slack="0"/>
<pin id="92" dir="1" index="2" bw="1" slack="0"/>
</pin_list>
<bind>
<opcode="fcmp(46) " fcode="fcmp"/>
<opset="tmp_6/2 "/>
</bind>
</comp>

<comp id="93" class="1004" name="store_ln243_store_fu_93">
<pin_list>
<pin id="94" dir="0" index="0" bw="1" slack="0"/>
<pin id="95" dir="0" index="1" bw="3" slack="0"/>
<pin id="96" dir="1" index="2" bw="0" slack="2147483647"/>
</pin_list>
<bind>
<opcode="store(28) " fcode="store"/>
<opset="store_ln243/1 "/>
</bind>
</comp>

<comp id="98" class="1004" name="store_ln241_store_fu_98">
<pin_list>
<pin id="99" dir="0" index="0" bw="32" slack="0"/>
<pin id="100" dir="0" index="1" bw="32" slack="0"/>
<pin id="101" dir="1" index="2" bw="0" slack="2147483647"/>
</pin_list>
<bind>
<opcode="store(28) " fcode="store"/>
<opset="store_ln241/1 "/>
</bind>
</comp>

<comp id="103" class="1004" name="e_load_fu_103">
<pin_list>
<pin id="104" dir="0" index="0" bw="3" slack="0"/>
<pin id="105" dir="1" index="1" bw="3" slack="0"/>
</pin_list>
<bind>
<opcode="load(27) " fcode="load"/>
<opset="e/1 "/>
</bind>
</comp>

<comp id="106" class="1004" name="icmp_ln243_fu_106">
<pin_list>
<pin id="107" dir="0" index="0" bw="3" slack="0"/>
<pin id="108" dir="0" index="1" bw="3" slack="0"/>
<pin id="109" dir="1" index="2" bw="1" slack="1"/>
</pin_list>
<bind>
<opcode="icmp(45) " fcode="icmp"/>
<opset="icmp_ln243/1 "/>
</bind>
</comp>

<comp id="112" class="1004" name="trunc_ln245_fu_112">
<pin_list>
<pin id="113" dir="0" index="0" bw="3" slack="0"/>
<pin id="114" dir="1" index="1" bw="2" slack="0"/>
</pin_list>
<bind>
<opcode="trunc(33) " fcode="trunc"/>
<opset="trunc_ln245/1 "/>
</bind>
</comp>

<comp id="116" class="1004" name="icmp_ln245_fu_116">
<pin_list>
<pin id="117" dir="0" index="0" bw="2" slack="0"/>
<pin id="118" dir="0" index="1" bw="1" slack="0"/>
<pin id="119" dir="1" index="2" bw="1" slack="0"/>
</pin_list>
<bind>
<opcode="icmp(45) " fcode="icmp"/>
<opset="icmp_ln245/1 "/>
</bind>
</comp>

<comp id="122" class="1004" name="select_ln245_fu_122">
<pin_list>
<pin id="123" dir="0" index="0" bw="1" slack="0"/>
<pin id="124" dir="0" index="1" bw="32" slack="0"/>
<pin id="125" dir="0" index="2" bw="32" slack="0"/>
<pin id="126" dir="1" index="3" bw="32" slack="0"/>
</pin_list>
<bind>
<opcode="select(49) " fcode="select"/>
<opset="select_ln245/1 "/>
</bind>
</comp>

<comp id="130" class="1004" name="icmp_ln245_1_fu_130">
<pin_list>
<pin id="131" dir="0" index="0" bw="2" slack="0"/>
<pin id="132" dir="0" index="1" bw="2" slack="0"/>
<pin id="133" dir="1" index="2" bw="1" slack="0"/>
</pin_list>
<bind>
<opcode="icmp(45) " fcode="icmp"/>
<opset="icmp_ln245_1/1 "/>
</bind>
</comp>

<comp id="136" class="1004" name="max_logit_2_fu_136">
<pin_list>
<pin id="137" dir="0" index="0" bw="1" slack="0"/>
<pin id="138" dir="0" index="1" bw="32" slack="0"/>
<pin id="139" dir="0" index="2" bw="32" slack="0"/>
<pin id="140" dir="1" index="3" bw="32" slack="1"/>
</pin_list>
<bind>
<opcode="select(49) " fcode="select"/>
<opset="max_logit_2/1 "/>
</bind>
</comp>

<comp id="144" class="1004" name="add_ln243_fu_144">
<pin_list>
<pin id="145" dir="0" index="0" bw="3" slack="0"/>
<pin id="146" dir="0" index="1" bw="1" slack="0"/>
<pin id="147" dir="1" index="2" bw="3" slack="0"/>
</pin_list>
<bind>
<opcode="add(8) " fcode="add"/>
<opset="add_ln243/1 "/>
</bind>
</comp>

<comp id="150" class="1004" name="store_ln243_store_fu_150">
<pin_list>
<pin id="151" dir="0" index="0" bw="3" slack="0"/>
<pin id="152" dir="0" index="1" bw="3" slack="0"/>
<pin id="153" dir="1" index="2" bw="0" slack="2147483647"/>
</pin_list>
<bind>
<opcode="store(28) " fcode="store"/>
<opset="store_ln243/1 "/>
</bind>
</comp>

<comp id="155" class="1004" name="max_logit_1_load_1_load_fu_155">
<pin_list>
<pin id="156" dir="0" index="0" bw="32" slack="1"/>
<pin id="157" dir="1" index="1" bw="32" slack="0"/>
</pin_list>
<bind>
<opcode="load(27) " fcode="load"/>
<opset="max_logit_1_load_1/2 "/>
</bind>
</comp>

<comp id="159" class="1004" name="bitcast_ln245_fu_159">
<pin_list>
<pin id="160" dir="0" index="0" bw="32" slack="1"/>
<pin id="161" dir="1" index="1" bw="32" slack="0"/>
</pin_list>
<bind>
<opcode="bitcast(44) " fcode="bitcast"/>
<opset="bitcast_ln245/2 "/>
</bind>
</comp>

<comp id="162" class="1004" name="tmp_fu_162">
<pin_list>
<pin id="163" dir="0" index="0" bw="8" slack="0"/>
<pin id="164" dir="0" index="1" bw="32" slack="0"/>
<pin id="165" dir="0" index="2" bw="6" slack="0"/>
<pin id="166" dir="0" index="3" bw="6" slack="0"/>
<pin id="167" dir="1" index="4" bw="8" slack="0"/>
</pin_list>
<bind>
<opcode="partselect(1002) " fcode="partselect"/>
<opset="tmp/2 "/>
</bind>
</comp>

<comp id="172" class="1004" name="trunc_ln245_1_fu_172">
<pin_list>
<pin id="173" dir="0" index="0" bw="32" slack="0"/>
<pin id="174" dir="1" index="1" bw="23" slack="0"/>
</pin_list>
<bind>
<opcode="trunc(33) " fcode="trunc"/>
<opset="trunc_ln245_1/2 "/>
</bind>
</comp>

<comp id="176" class="1004" name="bitcast_ln245_1_fu_176">
<pin_list>
<pin id="177" dir="0" index="0" bw="32" slack="0"/>
<pin id="178" dir="1" index="1" bw="32" slack="0"/>
</pin_list>
<bind>
<opcode="bitcast(44) " fcode="bitcast"/>
<opset="bitcast_ln245_1/2 "/>
</bind>
</comp>

<comp id="180" class="1004" name="tmp_5_fu_180">
<pin_list>
<pin id="181" dir="0" index="0" bw="8" slack="0"/>
<pin id="182" dir="0" index="1" bw="32" slack="0"/>
<pin id="183" dir="0" index="2" bw="6" slack="0"/>
<pin id="184" dir="0" index="3" bw="6" slack="0"/>
<pin id="185" dir="1" index="4" bw="8" slack="0"/>
</pin_list>
<bind>
<opcode="partselect(1002) " fcode="partselect"/>
<opset="tmp_5/2 "/>
</bind>
</comp>

<comp id="190" class="1004" name="trunc_ln245_2_fu_190">
<pin_list>
<pin id="191" dir="0" index="0" bw="32" slack="0"/>
<pin id="192" dir="1" index="1" bw="23" slack="0"/>
</pin_list>
<bind>
<opcode="trunc(33) " fcode="trunc"/>
<opset="trunc_ln245_2/2 "/>
</bind>
</comp>

<comp id="194" class="1004" name="icmp_ln245_2_fu_194">
<pin_list>
<pin id="195" dir="0" index="0" bw="8" slack="0"/>
<pin id="196" dir="0" index="1" bw="1" slack="0"/>
<pin id="197" dir="1" index="2" bw="1" slack="0"/>
</pin_list>
<bind>
<opcode="icmp(45) " fcode="icmp"/>
<opset="icmp_ln245_2/2 "/>
</bind>
</comp>

<comp id="200" class="1004" name="icmp_ln245_3_fu_200">
<pin_list>
<pin id="201" dir="0" index="0" bw="23" slack="0"/>
<pin id="202" dir="0" index="1" bw="1" slack="0"/>
<pin id="203" dir="1" index="2" bw="1" slack="0"/>
</pin_list>
<bind>
<opcode="icmp(45) " fcode="icmp"/>
<opset="icmp_ln245_3/2 "/>
</bind>
</comp>

<comp id="206" class="1004" name="or_ln245_fu_206">
<pin_list>
<pin id="207" dir="0" index="0" bw="1" slack="0"/>
<pin id="208" dir="0" index="1" bw="1" slack="0"/>
<pin id="209" dir="1" index="2" bw="1" slack="0"/>
</pin_list>
<bind>
<opcode="or(24) " fcode="or"/>
<opset="or_ln245/2 "/>
</bind>
</comp>

<comp id="212" class="1004" name="icmp_ln245_4_fu_212">
<pin_list>
<pin id="213" dir="0" index="0" bw="8" slack="0"/>
<pin id="214" dir="0" index="1" bw="1" slack="0"/>
<pin id="215" dir="1" index="2" bw="1" slack="0"/>
</pin_list>
<bind>
<opcode="icmp(45) " fcode="icmp"/>
<opset="icmp_ln245_4/2 "/>
</bind>
</comp>

<comp id="218" class="1004" name="icmp_ln245_5_fu_218">
<pin_list>
<pin id="219" dir="0" index="0" bw="23" slack="0"/>
<pin id="220" dir="0" index="1" bw="1" slack="0"/>
<pin id="221" dir="1" index="2" bw="1" slack="0"/>
</pin_list>
<bind>
<opcode="icmp(45) " fcode="icmp"/>
<opset="icmp_ln245_5/2 "/>
</bind>
</comp>

<comp id="224" class="1004" name="or_ln245_1_fu_224">
<pin_list>
<pin id="225" dir="0" index="0" bw="1" slack="0"/>
<pin id="226" dir="0" index="1" bw="1" slack="0"/>
<pin id="227" dir="1" index="2" bw="1" slack="0"/>
</pin_list>
<bind>
<opcode="or(24) " fcode="or"/>
<opset="or_ln245_1/2 "/>
</bind>
</comp>

<comp id="230" class="1004" name="and_ln245_fu_230">
<pin_list>
<pin id="231" dir="0" index="0" bw="1" slack="0"/>
<pin id="232" dir="0" index="1" bw="1" slack="0"/>
<pin id="233" dir="1" index="2" bw="1" slack="0"/>
</pin_list>
<bind>
<opcode="and(23) " fcode="and"/>
<opset="and_ln245/2 "/>
</bind>
</comp>

<comp id="236" class="1004" name="and_ln245_1_fu_236">
<pin_list>
<pin id="237" dir="0" index="0" bw="1" slack="0"/>
<pin id="238" dir="0" index="1" bw="1" slack="0"/>
<pin id="239" dir="1" index="2" bw="1" slack="0"/>
</pin_list>
<bind>
<opcode="and(23) " fcode="and"/>
<opset="and_ln245_1/2 "/>
</bind>
</comp>

<comp id="242" class="1004" name="max_logit_3_fu_242">
<pin_list>
<pin id="243" dir="0" index="0" bw="1" slack="0"/>
<pin id="244" dir="0" index="1" bw="32" slack="1"/>
<pin id="245" dir="0" index="2" bw="32" slack="0"/>
<pin id="246" dir="1" index="3" bw="32" slack="1"/>
</pin_list>
<bind>
<opcode="select(49) " fcode="select"/>
<opset="max_logit_3/2 "/>
</bind>
</comp>

<comp id="249" class="1004" name="store_ln241_store_fu_249">
<pin_list>
<pin id="250" dir="0" index="0" bw="32" slack="1"/>
<pin id="251" dir="0" index="1" bw="32" slack="2"/>
<pin id="252" dir="1" index="2" bw="0" slack="2147483647"/>
</pin_list>
<bind>
<opcode="store(28) " fcode="store"/>
<opset="store_ln241/3 "/>
</bind>
</comp>

<comp id="253" class="1004" name="max_logit_1_load_load_fu_253">
<pin_list>
<pin id="254" dir="0" index="0" bw="32" slack="1"/>
<pin id="255" dir="1" index="1" bw="32" slack="0"/>
</pin_list>
<bind>
<opcode="load(27) " fcode="load"/>
<opset="max_logit_1_load/2 "/>
</bind>
</comp>

<comp id="257" class="1005" name="max_logit_1_reg_257">
<pin_list>
<pin id="258" dir="0" index="0" bw="32" slack="0"/>
<pin id="259" dir="1" index="1" bw="32" slack="0"/>
</pin_list>
<bind>
<opset="max_logit_1 "/>
</bind>
</comp>

<comp id="265" class="1005" name="e_1_reg_265">
<pin_list>
<pin id="266" dir="0" index="0" bw="3" slack="0"/>
<pin id="267" dir="1" index="1" bw="3" slack="0"/>
</pin_list>
<bind>
<opset="e_1 "/>
</bind>
</comp>

<comp id="272" class="1005" name="icmp_ln243_reg_272">
<pin_list>
<pin id="273" dir="0" index="0" bw="1" slack="1"/>
<pin id="274" dir="1" index="1" bw="1" slack="2147483647"/>
</pin_list>
<bind>
<opset="icmp_ln243 "/>
</bind>
</comp>

<comp id="276" class="1005" name="max_logit_2_reg_276">
<pin_list>
<pin id="277" dir="0" index="0" bw="32" slack="1"/>
<pin id="278" dir="1" index="1" bw="32" slack="1"/>
</pin_list>
<bind>
<opset="max_logit_2 "/>
</bind>
</comp>

<comp id="283" class="1005" name="max_logit_3_reg_283">
<pin_list>
<pin id="284" dir="0" index="0" bw="32" slack="1"/>
<pin id="285" dir="1" index="1" bw="32" slack="1"/>
</pin_list>
<bind>
<opset="max_logit_3 "/>
</bind>
</comp>

</comp_list>

<net_list>
<net id="53"><net_src comp="10" pin="0"/><net_sink comp="50" pin=0"/></net>

<net id="57"><net_src comp="10" pin="0"/><net_sink comp="54" pin=0"/></net>

<net id="62"><net_src comp="12" pin="0"/><net_sink comp="58" pin=0"/></net>

<net id="63"><net_src comp="6" pin="0"/><net_sink comp="58" pin=1"/></net>

<net id="68"><net_src comp="12" pin="0"/><net_sink comp="64" pin=0"/></net>

<net id="69"><net_src comp="4" pin="0"/><net_sink comp="64" pin=1"/></net>

<net id="74"><net_src comp="12" pin="0"/><net_sink comp="70" pin=0"/></net>

<net id="75"><net_src comp="2" pin="0"/><net_sink comp="70" pin=1"/></net>

<net id="80"><net_src comp="12" pin="0"/><net_sink comp="76" pin=0"/></net>

<net id="81"><net_src comp="0" pin="0"/><net_sink comp="76" pin=1"/></net>

<net id="87"><net_src comp="48" pin="0"/><net_sink comp="82" pin=0"/></net>

<net id="88"><net_src comp="8" pin="0"/><net_sink comp="82" pin=1"/></net>

<net id="97"><net_src comp="14" pin="0"/><net_sink comp="93" pin=0"/></net>

<net id="102"><net_src comp="76" pin="2"/><net_sink comp="98" pin=0"/></net>

<net id="110"><net_src comp="103" pin="1"/><net_sink comp="106" pin=0"/></net>

<net id="111"><net_src comp="16" pin="0"/><net_sink comp="106" pin=1"/></net>

<net id="115"><net_src comp="103" pin="1"/><net_sink comp="112" pin=0"/></net>

<net id="120"><net_src comp="112" pin="1"/><net_sink comp="116" pin=0"/></net>

<net id="121"><net_src comp="18" pin="0"/><net_sink comp="116" pin=1"/></net>

<net id="127"><net_src comp="116" pin="2"/><net_sink comp="122" pin=0"/></net>

<net id="128"><net_src comp="70" pin="2"/><net_sink comp="122" pin=1"/></net>

<net id="129"><net_src comp="64" pin="2"/><net_sink comp="122" pin=2"/></net>

<net id="134"><net_src comp="112" pin="1"/><net_sink comp="130" pin=0"/></net>

<net id="135"><net_src comp="20" pin="0"/><net_sink comp="130" pin=1"/></net>

<net id="141"><net_src comp="130" pin="2"/><net_sink comp="136" pin=0"/></net>

<net id="142"><net_src comp="58" pin="2"/><net_sink comp="136" pin=1"/></net>

<net id="143"><net_src comp="122" pin="3"/><net_sink comp="136" pin=2"/></net>

<net id="148"><net_src comp="103" pin="1"/><net_sink comp="144" pin=0"/></net>

<net id="149"><net_src comp="14" pin="0"/><net_sink comp="144" pin=1"/></net>

<net id="154"><net_src comp="144" pin="2"/><net_sink comp="150" pin=0"/></net>

<net id="158"><net_src comp="155" pin="1"/><net_sink comp="89" pin=1"/></net>

<net id="168"><net_src comp="22" pin="0"/><net_sink comp="162" pin=0"/></net>

<net id="169"><net_src comp="159" pin="1"/><net_sink comp="162" pin=1"/></net>

<net id="170"><net_src comp="24" pin="0"/><net_sink comp="162" pin=2"/></net>

<net id="171"><net_src comp="26" pin="0"/><net_sink comp="162" pin=3"/></net>

<net id="175"><net_src comp="159" pin="1"/><net_sink comp="172" pin=0"/></net>

<net id="179"><net_src comp="155" pin="1"/><net_sink comp="176" pin=0"/></net>

<net id="186"><net_src comp="22" pin="0"/><net_sink comp="180" pin=0"/></net>

<net id="187"><net_src comp="176" pin="1"/><net_sink comp="180" pin=1"/></net>

<net id="188"><net_src comp="24" pin="0"/><net_sink comp="180" pin=2"/></net>

<net id="189"><net_src comp="26" pin="0"/><net_sink comp="180" pin=3"/></net>

<net id="193"><net_src comp="176" pin="1"/><net_sink comp="190" pin=0"/></net>

<net id="198"><net_src comp="162" pin="4"/><net_sink comp="194" pin=0"/></net>

<net id="199"><net_src comp="28" pin="0"/><net_sink comp="194" pin=1"/></net>

<net id="204"><net_src comp="172" pin="1"/><net_sink comp="200" pin=0"/></net>

<net id="205"><net_src comp="30" pin="0"/><net_sink comp="200" pin=1"/></net>

<net id="210"><net_src comp="200" pin="2"/><net_sink comp="206" pin=0"/></net>

<net id="211"><net_src comp="194" pin="2"/><net_sink comp="206" pin=1"/></net>

<net id="216"><net_src comp="180" pin="4"/><net_sink comp="212" pin=0"/></net>

<net id="217"><net_src comp="28" pin="0"/><net_sink comp="212" pin=1"/></net>

<net id="222"><net_src comp="190" pin="1"/><net_sink comp="218" pin=0"/></net>

<net id="223"><net_src comp="30" pin="0"/><net_sink comp="218" pin=1"/></net>

<net id="228"><net_src comp="218" pin="2"/><net_sink comp="224" pin=0"/></net>

<net id="229"><net_src comp="212" pin="2"/><net_sink comp="224" pin=1"/></net>

<net id="234"><net_src comp="89" pin="2"/><net_sink comp="230" pin=0"/></net>

<net id="235"><net_src comp="206" pin="2"/><net_sink comp="230" pin=1"/></net>

<net id="240"><net_src comp="230" pin="2"/><net_sink comp="236" pin=0"/></net>

<net id="241"><net_src comp="224" pin="2"/><net_sink comp="236" pin=1"/></net>

<net id="247"><net_src comp="236" pin="2"/><net_sink comp="242" pin=0"/></net>

<net id="248"><net_src comp="155" pin="1"/><net_sink comp="242" pin=2"/></net>

<net id="256"><net_src comp="253" pin="1"/><net_sink comp="82" pin=2"/></net>

<net id="260"><net_src comp="50" pin="1"/><net_sink comp="257" pin=0"/></net>

<net id="261"><net_src comp="257" pin="1"/><net_sink comp="98" pin=1"/></net>

<net id="262"><net_src comp="257" pin="1"/><net_sink comp="155" pin=0"/></net>

<net id="263"><net_src comp="257" pin="1"/><net_sink comp="249" pin=1"/></net>

<net id="264"><net_src comp="257" pin="1"/><net_sink comp="253" pin=0"/></net>

<net id="268"><net_src comp="54" pin="1"/><net_sink comp="265" pin=0"/></net>

<net id="269"><net_src comp="265" pin="1"/><net_sink comp="93" pin=1"/></net>

<net id="270"><net_src comp="265" pin="1"/><net_sink comp="103" pin=0"/></net>

<net id="271"><net_src comp="265" pin="1"/><net_sink comp="150" pin=1"/></net>

<net id="275"><net_src comp="106" pin="2"/><net_sink comp="272" pin=0"/></net>

<net id="279"><net_src comp="136" pin="3"/><net_sink comp="276" pin=0"/></net>

<net id="280"><net_src comp="276" pin="1"/><net_sink comp="159" pin=0"/></net>

<net id="281"><net_src comp="276" pin="1"/><net_sink comp="89" pin=0"/></net>

<net id="282"><net_src comp="276" pin="1"/><net_sink comp="242" pin=1"/></net>

<net id="286"><net_src comp="242" pin="3"/><net_sink comp="283" pin=0"/></net>

<net id="287"><net_src comp="283" pin="1"/><net_sink comp="249" pin=0"/></net>

</net_list>

</model> 
---------------- Datapath Model END ------------------

* FSMD analyzer results:
  - Output states:
	Port: max_logit_1_out | {2 }
 - Input state : 
	Port: graph_moe_Pipeline_VITIS_LOOP_243_3 : max_logit | {1 }
	Port: graph_moe_Pipeline_VITIS_LOOP_243_3 : max_logit_21850 | {1 }
	Port: graph_moe_Pipeline_VITIS_LOOP_243_3 : max_logit_22046 | {1 }
	Port: graph_moe_Pipeline_VITIS_LOOP_243_3 : max_logit_21954 | {1 }
  - Chain level:
	State 1
		store_ln243 : 1
		e : 1
		icmp_ln243 : 2
		br_ln243 : 3
		trunc_ln245 : 2
		icmp_ln245 : 3
		select_ln245 : 4
		icmp_ln245_1 : 3
		max_logit_2 : 5
		add_ln243 : 2
		store_ln243 : 3
	State 2
		tmp : 1
		trunc_ln245_1 : 1
		bitcast_ln245_1 : 1
		tmp_5 : 2
		trunc_ln245_2 : 2
		icmp_ln245_2 : 2
		icmp_ln245_3 : 2
		or_ln245 : 3
		icmp_ln245_4 : 3
		icmp_ln245_5 : 3
		or_ln245_1 : 4
		tmp_6 : 1
		and_ln245 : 3
		and_ln245_1 : 3
		max_logit_3 : 3
		write_ln0 : 1
	State 3


============================================================
+ Verbose Summary: Datapath Resource usage 
============================================================

* Functional unit list:
|----------|---------------------------------|---------|---------|
| Operation|         Functional Unit         |    FF   |   LUT   |
|----------|---------------------------------|---------|---------|
|          |        icmp_ln243_fu_106        |    0    |    10   |
|          |        icmp_ln245_fu_116        |    0    |    9    |
|          |       icmp_ln245_1_fu_130       |    0    |    9    |
|   icmp   |       icmp_ln245_2_fu_194       |    0    |    15   |
|          |       icmp_ln245_3_fu_200       |    0    |    30   |
|          |       icmp_ln245_4_fu_212       |    0    |    15   |
|          |       icmp_ln245_5_fu_218       |    0    |    30   |
|----------|---------------------------------|---------|---------|
|          |       select_ln245_fu_122       |    0    |    32   |
|  select  |        max_logit_2_fu_136       |    0    |    32   |
|          |        max_logit_3_fu_242       |    0    |    32   |
|----------|---------------------------------|---------|---------|
|    add   |         add_ln243_fu_144        |    0    |    10   |
|----------|---------------------------------|---------|---------|
|    or    |         or_ln245_fu_206         |    0    |    2    |
|          |        or_ln245_1_fu_224        |    0    |    2    |
|----------|---------------------------------|---------|---------|
|    and   |         and_ln245_fu_230        |    0    |    2    |
|          |        and_ln245_1_fu_236       |    0    |    2    |
|----------|---------------------------------|---------|---------|
|          | max_logit_21954_read_read_fu_58 |    0    |    0    |
|   read   | max_logit_22046_read_read_fu_64 |    0    |    0    |
|          | max_logit_21850_read_read_fu_70 |    0    |    0    |
|          |    max_logit_read_read_fu_76    |    0    |    0    |
|----------|---------------------------------|---------|---------|
|   write  |      write_ln0_write_fu_82      |    0    |    0    |
|----------|---------------------------------|---------|---------|
|   fcmp   |           tmp_6_fu_89           |    0    |    0    |
|----------|---------------------------------|---------|---------|
|          |        trunc_ln245_fu_112       |    0    |    0    |
|   trunc  |       trunc_ln245_1_fu_172      |    0    |    0    |
|          |       trunc_ln245_2_fu_190      |    0    |    0    |
|----------|---------------------------------|---------|---------|
|partselect|            tmp_fu_162           |    0    |    0    |
|          |           tmp_5_fu_180          |    0    |    0    |
|----------|---------------------------------|---------|---------|
|   Total  |                                 |    0    |   232   |
|----------|---------------------------------|---------|---------|

Memories:
N/A

* Register list:
+-------------------+--------+
|                   |   FF   |
+-------------------+--------+
|    e_1_reg_265    |    3   |
| icmp_ln243_reg_272|    1   |
|max_logit_1_reg_257|   32   |
|max_logit_2_reg_276|   32   |
|max_logit_3_reg_283|   32   |
+-------------------+--------+
|       Total       |   100  |
+-------------------+--------+

* Multiplexer (MUX) list: 
|--------|------|------|------|--------|
|  Comp  |  Pin | Size |  BW  | S x BW |
|--------|------|------|------|--------|
|  Total |      |      |      |    0   |
|--------|------|------|------|--------|



* Summary:
+-----------+--------+--------+
|           |   FF   |   LUT  |
+-----------+--------+--------+
|  Function |    0   |   232  |
|   Memory  |    -   |    -   |
|Multiplexer|    -   |    -   |
|  Register |   100  |    -   |
+-----------+--------+--------+
|   Total   |   100  |   232  |
+-----------+--------+--------+
