

================================================================
== Vitis HLS Report for 'graph_moe_Pipeline_VITIS_LOOP_260_5'
================================================================
* Date:           Sat Sep 12 19:17:52 2026

* Version:        2023.2 (Build 4023990 on Oct 11 2023)
* Project:        HLS_GraphMoE_Run4
* Solution:       solution1 (Vivado IP Flow Target)
* Product family: virtexuplus
* Target device:  xcvu13p_CIV-figd2104-3-e


================================================================
== Performance Estimates
================================================================
+ Timing: 
    * Summary: 
    +--------+----------+----------+------------+
    |  Clock |  Target  | Estimated| Uncertainty|
    +--------+----------+----------+------------+
    |ap_clk  |  10.00 ns|  7.050 ns|     2.70 ns|
    +--------+----------+----------+------------+

+ Latency: 
    * Summary: 
    +---------+---------+----------+----------+-----+-----+---------+
    |  Latency (cycles) |  Latency (absolute) |  Interval | Pipeline|
    |   min   |   max   |    min   |    max   | min | max |   Type  |
    +---------+---------+----------+----------+-----+-----+---------+
    |       10|       10|  0.100 us|  0.100 us|   10|   10|       no|
    +---------+---------+----------+----------+-----+-----+---------+

    + Detail: 
        * Instance: 
        N/A

        * Loop: 
        +--------------------+---------+---------+----------+-----------+-----------+------+----------+
        |                    |  Latency (cycles) | Iteration|  Initiation Interval  | Trip |          |
        |      Loop Name     |   min   |   max   |  Latency |  achieved |   target  | Count| Pipelined|
        +--------------------+---------+---------+----------+-----------+-----------+------+----------+
        |- VITIS_LOOP_260_5  |        8|        8|         6|          1|          1|     4|       yes|
        +--------------------+---------+---------+----------+-----------+-----------+------+----------+

============================================================
+ Verbose Summary: Synthesis Manager
============================================================
InlineROM: 1
ExposeGlobal: 0
============================================================
+ Verbose Summary: CDFG Model
============================================================
IsTopModel: 0
ResetActiveHigh: 1
IsCombinational: 0
IsDatapathOnly: 0
HasWiredReturn: 1
HasMFsm: 2
HasVarLatency: 1
IsPipeline: 0
IsRtlPipelined: 0
IsInstanceOverlapped: 0
IsDontTouch: 0
HasImplIP: 0
IsGatedGlobalClock: 0

+ Individual pipeline summary: 
  * Pipeline-0: initiation interval (II) = 1, depth = 6


============================================================
+ Verbose Summary: Schedule
============================================================
* Number of FSM states : 6
* Pipeline : 1
  Pipeline-0 : II = 1, D = 6, States = { 1 2 3 4 5 6 }
* Dataflow Pipeline: 0

* FSM state transitions: 
1 --> 2 
2 --> 3 
3 --> 4 
4 --> 5 
5 --> 6 
6 --> 

* FSM state operations: 

State 1 <SV = 0> <Delay = 7.05>
ST_1 : Operation 9 [1/1] (0.00ns)   --->   "%e = alloca i32 1" [src/moe.cpp:260]   --->   Operation 9 'alloca' 'e' <Predicate = true> <Delay = 0.00>
ST_1 : Operation 10 [1/1] (0.00ns)   --->   "%specinterface_ln0 = specinterface void @_ssdm_op_SpecInterface, i32 %gates, void @empty_6, i32 0, i32 0, void @empty_7, i32 4294967295, i32 0, void @empty_7, void @empty_7, void @empty_7, i32 0, i32 0, i32 0, i32 0, void @empty_7, void @empty_7, i32 4294967295, i32 0"   --->   Operation 10 'specinterface' 'specinterface_ln0' <Predicate = true> <Delay = 0.00>
ST_1 : Operation 11 [1/1] (0.00ns)   --->   "%exp_sum_reload_read = read i32 @_ssdm_op_Read.ap_auto.float, i32 %exp_sum_reload"   --->   Operation 11 'read' 'exp_sum_reload_read' <Predicate = true> <Delay = 0.00>
ST_1 : Operation 12 [1/1] (0.00ns)   --->   "%exp_logits_3_08_reload_read = read i32 @_ssdm_op_Read.ap_auto.float, i32 %exp_logits_3_08_reload"   --->   Operation 12 'read' 'exp_logits_3_08_reload_read' <Predicate = true> <Delay = 0.00>
ST_1 : Operation 13 [1/1] (0.00ns)   --->   "%exp_logits_2_07_reload_read = read i32 @_ssdm_op_Read.ap_auto.float, i32 %exp_logits_2_07_reload"   --->   Operation 13 'read' 'exp_logits_2_07_reload_read' <Predicate = true> <Delay = 0.00>
ST_1 : Operation 14 [1/1] (0.00ns)   --->   "%exp_logits_1_06_reload_read = read i32 @_ssdm_op_Read.ap_auto.float, i32 %exp_logits_1_06_reload"   --->   Operation 14 'read' 'exp_logits_1_06_reload_read' <Predicate = true> <Delay = 0.00>
ST_1 : Operation 15 [1/1] (0.00ns)   --->   "%exp_logits_0_05_reload_read = read i32 @_ssdm_op_Read.ap_auto.float, i32 %exp_logits_0_05_reload"   --->   Operation 15 'read' 'exp_logits_0_05_reload_read' <Predicate = true> <Delay = 0.00>
ST_1 : Operation 16 [1/1] (0.36ns)   --->   "%store_ln260 = store i3 0, i3 %e" [src/moe.cpp:260]   --->   Operation 16 'store' 'store_ln260' <Predicate = true> <Delay = 0.36>
ST_1 : Operation 17 [1/1] (0.00ns)   --->   "%br_ln0 = br void %for.inc54"   --->   Operation 17 'br' 'br_ln0' <Predicate = true> <Delay = 0.00>
ST_1 : Operation 18 [1/1] (0.00ns)   --->   "%e_1 = load i3 %e" [src/moe.cpp:262]   --->   Operation 18 'load' 'e_1' <Predicate = true> <Delay = 0.00>
ST_1 : Operation 19 [1/1] (0.52ns)   --->   "%icmp_ln260 = icmp_eq  i3 %e_1, i3 4" [src/moe.cpp:260]   --->   Operation 19 'icmp' 'icmp_ln260' <Predicate = true> <Delay = 0.52> <CoreInst = "Cmp">   --->   Core 9 'Cmp' <Latency = 0> <II = 1> <Delay = 0.52> <FuncUnit> <Opcode : 'icmp'> <InPorts = 2> <OutPorts = 1>
ST_1 : Operation 20 [1/1] (0.52ns)   --->   "%add_ln260 = add i3 %e_1, i3 1" [src/moe.cpp:260]   --->   Operation 20 'add' 'add_ln260' <Predicate = true> <Delay = 0.52> <CoreInst = "Adder">   --->   Core 1 'Adder' <Latency = 0> <II = 1> <Delay = 0.52> <FuncUnit> <Opcode : 'add' 'sub'> <InPorts = 2> <OutPorts = 1>
ST_1 : Operation 21 [1/1] (0.00ns)   --->   "%br_ln260 = br i1 %icmp_ln260, void %for.inc54.split, void %for.inc131.preheader.exitStub" [src/moe.cpp:260]   --->   Operation 21 'br' 'br_ln260' <Predicate = true> <Delay = 0.00>
ST_1 : Operation 22 [1/1] (0.00ns)   --->   "%trunc_ln262 = trunc i3 %e_1" [src/moe.cpp:262]   --->   Operation 22 'trunc' 'trunc_ln262' <Predicate = (!icmp_ln260)> <Delay = 0.00>
ST_1 : Operation 23 [1/1] (0.42ns)   --->   "%tmp_8 = mux i32 @_ssdm_op_Mux.ap_auto.4float.i2, i32 %exp_logits_0_05_reload_read, i32 %exp_logits_1_06_reload_read, i32 %exp_logits_2_07_reload_read, i32 %exp_logits_3_08_reload_read, i2 %trunc_ln262" [src/moe.cpp:262]   --->   Operation 23 'mux' 'tmp_8' <Predicate = (!icmp_ln260)> <Delay = 0.42> <CoreInst = "Multiplexer">   --->   Core 76 'Multiplexer' <Latency = 0> <II = 1> <Delay = 0.42> <FuncUnit> <Opcode : 'mux'> <InPorts = 2> <OutPorts = 1>
ST_1 : Operation 24 [6/6] (6.26ns)   --->   "%div = fdiv i32 %tmp_8, i32 %exp_sum_reload_read" [src/moe.cpp:262]   --->   Operation 24 'fdiv' 'div' <Predicate = (!icmp_ln260)> <Delay = 6.26> <CoreInst = "FDiv">   --->   Core 20 'FDiv' <Latency = 5> <II = 1> <Delay = 6.26> <FuncUnit> <Opcode : 'fdiv' 'frem'> <InPorts = 2> <OutPorts = 1>
ST_1 : Operation 25 [1/1] (0.36ns)   --->   "%store_ln260 = store i3 %add_ln260, i3 %e" [src/moe.cpp:260]   --->   Operation 25 'store' 'store_ln260' <Predicate = (!icmp_ln260)> <Delay = 0.36>

State 2 <SV = 1> <Delay = 6.26>
ST_2 : Operation 26 [5/6] (6.26ns)   --->   "%div = fdiv i32 %tmp_8, i32 %exp_sum_reload_read" [src/moe.cpp:262]   --->   Operation 26 'fdiv' 'div' <Predicate = true> <Delay = 6.26> <CoreInst = "FDiv">   --->   Core 20 'FDiv' <Latency = 5> <II = 1> <Delay = 6.26> <FuncUnit> <Opcode : 'fdiv' 'frem'> <InPorts = 2> <OutPorts = 1>

State 3 <SV = 2> <Delay = 6.26>
ST_3 : Operation 27 [4/6] (6.26ns)   --->   "%div = fdiv i32 %tmp_8, i32 %exp_sum_reload_read" [src/moe.cpp:262]   --->   Operation 27 'fdiv' 'div' <Predicate = true> <Delay = 6.26> <CoreInst = "FDiv">   --->   Core 20 'FDiv' <Latency = 5> <II = 1> <Delay = 6.26> <FuncUnit> <Opcode : 'fdiv' 'frem'> <InPorts = 2> <OutPorts = 1>

State 4 <SV = 3> <Delay = 6.26>
ST_4 : Operation 28 [3/6] (6.26ns)   --->   "%div = fdiv i32 %tmp_8, i32 %exp_sum_reload_read" [src/moe.cpp:262]   --->   Operation 28 'fdiv' 'div' <Predicate = true> <Delay = 6.26> <CoreInst = "FDiv">   --->   Core 20 'FDiv' <Latency = 5> <II = 1> <Delay = 6.26> <FuncUnit> <Opcode : 'fdiv' 'frem'> <InPorts = 2> <OutPorts = 1>

State 5 <SV = 4> <Delay = 6.26>
ST_5 : Operation 29 [2/6] (6.26ns)   --->   "%div = fdiv i32 %tmp_8, i32 %exp_sum_reload_read" [src/moe.cpp:262]   --->   Operation 29 'fdiv' 'div' <Predicate = true> <Delay = 6.26> <CoreInst = "FDiv">   --->   Core 20 'FDiv' <Latency = 5> <II = 1> <Delay = 6.26> <FuncUnit> <Opcode : 'fdiv' 'frem'> <InPorts = 2> <OutPorts = 1>
ST_5 : Operation 39 [1/1] (0.00ns)   --->   "%ret_ln0 = ret"   --->   Operation 39 'ret' 'ret_ln0' <Predicate = (icmp_ln260)> <Delay = 0.00>

State 6 <SV = 5> <Delay = 6.81>
ST_6 : Operation 30 [1/1] (0.00ns)   --->   "%zext_ln260 = zext i3 %e_1" [src/moe.cpp:260]   --->   Operation 30 'zext' 'zext_ln260' <Predicate = true> <Delay = 0.00>
ST_6 : Operation 31 [1/1] (0.00ns)   --->   "%specpipeline_ln260 = specpipeline void @_ssdm_op_SpecPipeline, i32 4294967295, i32 0, i32 0, i32 0, void @empty_7" [src/moe.cpp:260]   --->   Operation 31 'specpipeline' 'specpipeline_ln260' <Predicate = true> <Delay = 0.00>
ST_6 : Operation 32 [1/1] (0.00ns)   --->   "%speclooptripcount_ln260 = speclooptripcount void @_ssdm_op_SpecLoopTripCount, i64 4, i64 4, i64 4" [src/moe.cpp:260]   --->   Operation 32 'speclooptripcount' 'speclooptripcount_ln260' <Predicate = true> <Delay = 0.00>
ST_6 : Operation 33 [1/1] (0.00ns)   --->   "%specloopname_ln260 = specloopname void @_ssdm_op_SpecLoopName, void @empty_4" [src/moe.cpp:260]   --->   Operation 33 'specloopname' 'specloopname_ln260' <Predicate = true> <Delay = 0.00>
ST_6 : Operation 34 [1/6] (6.26ns)   --->   "%div = fdiv i32 %tmp_8, i32 %exp_sum_reload_read" [src/moe.cpp:262]   --->   Operation 34 'fdiv' 'div' <Predicate = true> <Delay = 6.26> <CoreInst = "FDiv">   --->   Core 20 'FDiv' <Latency = 5> <II = 1> <Delay = 6.26> <FuncUnit> <Opcode : 'fdiv' 'frem'> <InPorts = 2> <OutPorts = 1>
ST_6 : Operation 35 [1/1] (0.00ns)   --->   "%bitcast_ln262 = bitcast i32 %div" [src/moe.cpp:262]   --->   Operation 35 'bitcast' 'bitcast_ln262' <Predicate = true> <Delay = 0.00>
ST_6 : Operation 36 [1/1] (0.00ns)   --->   "%gates_addr = getelementptr i32 %gates, i64 0, i64 %zext_ln260" [src/moe.cpp:262]   --->   Operation 36 'getelementptr' 'gates_addr' <Predicate = true> <Delay = 0.00>
ST_6 : Operation 37 [1/1] (0.54ns)   --->   "%store_ln262 = store i32 %bitcast_ln262, i2 %gates_addr" [src/moe.cpp:262]   --->   Operation 37 'store' 'store_ln262' <Predicate = true> <Delay = 0.54> <CoreInst = "RAM">   --->   Core 83 'RAM' <Latency = 1> <II = 1> <Delay = 0.54> <Storage> <Opcode : 'load' 'store'> <Ports = 2> <Width = 32> <Depth = 4> <RAM>
ST_6 : Operation 38 [1/1] (0.00ns)   --->   "%br_ln260 = br void %for.inc54" [src/moe.cpp:260]   --->   Operation 38 'br' 'br_ln260' <Predicate = true> <Delay = 0.00>


============================================================
+ Verbose Summary: Binding
============================================================
STG Binding: 
---------------- STG Properties BEGIN ----------------
- Is combinational: 0
- Is one-state seq: 0
- Is datapath-only: 0
- Is pipelined: 0
- Is top level: 0
Port [ Return ] is wired: 1; IO mode=ap_ctrl_hs:ce=0
Port [ exp_logits_0_05_reload]:  wired=1; compound=0; hidden=0; nouse=0; global=0; static=0; extern=0; dir=0; type=0; pingpong=0; private_global=0; IO mode=ap_none:ce=0
Port [ exp_logits_1_06_reload]:  wired=1; compound=0; hidden=0; nouse=0; global=0; static=0; extern=0; dir=0; type=0; pingpong=0; private_global=0; IO mode=ap_none:ce=0
Port [ exp_logits_2_07_reload]:  wired=1; compound=0; hidden=0; nouse=0; global=0; static=0; extern=0; dir=0; type=0; pingpong=0; private_global=0; IO mode=ap_none:ce=0
Port [ exp_logits_3_08_reload]:  wired=1; compound=0; hidden=0; nouse=0; global=0; static=0; extern=0; dir=0; type=0; pingpong=0; private_global=0; IO mode=ap_none:ce=0
Port [ exp_sum_reload]:  wired=1; compound=0; hidden=0; nouse=0; global=0; static=0; extern=0; dir=0; type=0; pingpong=0; private_global=0; IO mode=ap_none:ce=0
Port [ gates]:  wired=1; compound=1; hidden=0; nouse=0; global=0; static=0; extern=0; dir=1; type=1; pingpong=0; private_global=0; MemPort=[03]; IO mode=ap_memory:ce=0
---------------- STG Properties END ------------------

---------------- Datapath Model BEGIN ----------------

<LifeTime>
<method=bitvector/>
e                           (alloca           ) [ 0100000]
specinterface_ln0           (specinterface    ) [ 0000000]
exp_sum_reload_read         (read             ) [ 0111111]
exp_logits_3_08_reload_read (read             ) [ 0000000]
exp_logits_2_07_reload_read (read             ) [ 0000000]
exp_logits_1_06_reload_read (read             ) [ 0000000]
exp_logits_0_05_reload_read (read             ) [ 0000000]
store_ln260                 (store            ) [ 0000000]
br_ln0                      (br               ) [ 0000000]
e_1                         (load             ) [ 0111111]
icmp_ln260                  (icmp             ) [ 0111110]
add_ln260                   (add              ) [ 0000000]
br_ln260                    (br               ) [ 0000000]
trunc_ln262                 (trunc            ) [ 0000000]
tmp_8                       (mux              ) [ 0111111]
store_ln260                 (store            ) [ 0000000]
zext_ln260                  (zext             ) [ 0000000]
specpipeline_ln260          (specpipeline     ) [ 0000000]
speclooptripcount_ln260     (speclooptripcount) [ 0000000]
specloopname_ln260          (specloopname     ) [ 0000000]
div                         (fdiv             ) [ 0000000]
bitcast_ln262               (bitcast          ) [ 0000000]
gates_addr                  (getelementptr    ) [ 0000000]
store_ln262                 (store            ) [ 0000000]
br_ln260                    (br               ) [ 0000000]
ret_ln0                     (ret              ) [ 0000000]
</LifeTime>

<model>

<comp_list>
<comp id="0" class="1000" name="exp_logits_0_05_reload">
<pin_list>
<pin id="1" dir="1" index="0" bw="1" slack="0"/>
</pin_list>
<bind>
<StgValue><ssdm name="exp_logits_0_05_reload"/></StgValue>
</bind>
</comp>

<comp id="2" class="1000" name="exp_logits_1_06_reload">
<pin_list>
<pin id="3" dir="1" index="0" bw="1" slack="0"/>
</pin_list>
<bind>
<StgValue><ssdm name="exp_logits_1_06_reload"/></StgValue>
</bind>
</comp>

<comp id="4" class="1000" name="exp_logits_2_07_reload">
<pin_list>
<pin id="5" dir="1" index="0" bw="1" slack="0"/>
</pin_list>
<bind>
<StgValue><ssdm name="exp_logits_2_07_reload"/></StgValue>
</bind>
</comp>

<comp id="6" class="1000" name="exp_logits_3_08_reload">
<pin_list>
<pin id="7" dir="1" index="0" bw="1" slack="0"/>
</pin_list>
<bind>
<StgValue><ssdm name="exp_logits_3_08_reload"/></StgValue>
</bind>
</comp>

<comp id="8" class="1000" name="exp_sum_reload">
<pin_list>
<pin id="9" dir="1" index="0" bw="1" slack="0"/>
</pin_list>
<bind>
<StgValue><ssdm name="exp_sum_reload"/></StgValue>
</bind>
</comp>

<comp id="10" class="1000" name="gates">
<pin_list>
<pin id="11" dir="1" index="0" bw="1" slack="0"/>
</pin_list>
<bind>
<StgValue><ssdm name="gates"/><MemPortTyVec>0 3 </MemPortTyVec>
</StgValue>
</bind>
</comp>

<comp id="12" class="1001" name="const_12">
<pin_list>
<pin id="13" dir="1" index="0" bw="1" slack="0"/>
</pin_list>
<bind>
<StgValue><ssdm name=""/></StgValue>
</bind>
</comp>

<comp id="14" class="1001" name="const_14">
<pin_list>
<pin id="15" dir="1" index="0" bw="1" slack="2147483647"/>
</pin_list>
<bind>
<StgValue><ssdm name="_ssdm_op_SpecInterface"/></StgValue>
</bind>
</comp>

<comp id="16" class="1001" name="const_16">
<pin_list>
<pin id="17" dir="1" index="0" bw="1" slack="2147483647"/>
</pin_list>
<bind>
<StgValue><ssdm name="empty_6"/></StgValue>
</bind>
</comp>

<comp id="18" class="1001" name="const_18">
<pin_list>
<pin id="19" dir="1" index="0" bw="1" slack="2147483647"/>
</pin_list>
<bind>
<StgValue><ssdm name=""/></StgValue>
</bind>
</comp>

<comp id="20" class="1001" name="const_20">
<pin_list>
<pin id="21" dir="1" index="0" bw="1" slack="2147483647"/>
</pin_list>
<bind>
<StgValue><ssdm name="empty_7"/></StgValue>
</bind>
</comp>

<comp id="22" class="1001" name="const_22">
<pin_list>
<pin id="23" dir="1" index="0" bw="1" slack="2147483647"/>
</pin_list>
<bind>
<StgValue><ssdm name=""/></StgValue>
</bind>
</comp>

<comp id="24" class="1001" name="const_24">
<pin_list>
<pin id="25" dir="1" index="0" bw="1" slack="0"/>
</pin_list>
<bind>
<StgValue><ssdm name="_ssdm_op_Read.ap_auto.float"/></StgValue>
</bind>
</comp>

<comp id="26" class="1001" name="const_26">
<pin_list>
<pin id="27" dir="1" index="0" bw="1" slack="0"/>
</pin_list>
<bind>
<StgValue><ssdm name=""/></StgValue>
</bind>
</comp>

<comp id="28" class="1001" name="const_28">
<pin_list>
<pin id="29" dir="1" index="0" bw="1" slack="0"/>
</pin_list>
<bind>
<StgValue><ssdm name=""/></StgValue>
</bind>
</comp>

<comp id="30" class="1001" name="const_30">
<pin_list>
<pin id="31" dir="1" index="0" bw="1" slack="0"/>
</pin_list>
<bind>
<StgValue><ssdm name=""/></StgValue>
</bind>
</comp>

<comp id="32" class="1001" name="const_32">
<pin_list>
<pin id="33" dir="1" index="0" bw="1" slack="0"/>
</pin_list>
<bind>
<StgValue><ssdm name="_ssdm_op_Mux.ap_auto.4float.i2"/></StgValue>
</bind>
</comp>

<comp id="34" class="1001" name="const_34">
<pin_list>
<pin id="35" dir="1" index="0" bw="1" slack="2147483647"/>
</pin_list>
<bind>
<StgValue><ssdm name="_ssdm_op_SpecPipeline"/></StgValue>
</bind>
</comp>

<comp id="36" class="1001" name="const_36">
<pin_list>
<pin id="37" dir="1" index="0" bw="1" slack="2147483647"/>
</pin_list>
<bind>
<StgValue><ssdm name="_ssdm_op_SpecLoopTripCount"/></StgValue>
</bind>
</comp>

<comp id="38" class="1001" name="const_38">
<pin_list>
<pin id="39" dir="1" index="0" bw="1" slack="2147483647"/>
</pin_list>
<bind>
<StgValue><ssdm name=""/></StgValue>
</bind>
</comp>

<comp id="40" class="1001" name="const_40">
<pin_list>
<pin id="41" dir="1" index="0" bw="1" slack="2147483647"/>
</pin_list>
<bind>
<StgValue><ssdm name="_ssdm_op_SpecLoopName"/></StgValue>
</bind>
</comp>

<comp id="42" class="1001" name="const_42">
<pin_list>
<pin id="43" dir="1" index="0" bw="1" slack="2147483647"/>
</pin_list>
<bind>
<StgValue><ssdm name="empty_4"/></StgValue>
</bind>
</comp>

<comp id="44" class="1001" name="const_44">
<pin_list>
<pin id="45" dir="1" index="0" bw="1" slack="0"/>
</pin_list>
<bind>
<StgValue><ssdm name=""/></StgValue>
</bind>
</comp>

<comp id="46" class="1004" name="e_fu_46">
<pin_list>
<pin id="47" dir="0" index="0" bw="1" slack="0"/>
<pin id="48" dir="1" index="1" bw="3" slack="0"/>
</pin_list>
<bind>
<opcode="alloca(26) " fcode="alloca"/>
<opset="e/1 "/>
</bind>
</comp>

<comp id="50" class="1004" name="exp_sum_reload_read_read_fu_50">
<pin_list>
<pin id="51" dir="0" index="0" bw="32" slack="0"/>
<pin id="52" dir="0" index="1" bw="32" slack="0"/>
<pin id="53" dir="1" index="2" bw="32" slack="0"/>
</pin_list>
<bind>
<opcode="read(1150) " fcode="read"/>
<opset="exp_sum_reload_read/1 "/>
</bind>
</comp>

<comp id="56" class="1004" name="exp_logits_3_08_reload_read_read_fu_56">
<pin_list>
<pin id="57" dir="0" index="0" bw="32" slack="0"/>
<pin id="58" dir="0" index="1" bw="32" slack="0"/>
<pin id="59" dir="1" index="2" bw="32" slack="0"/>
</pin_list>
<bind>
<opcode="read(1150) " fcode="read"/>
<opset="exp_logits_3_08_reload_read/1 "/>
</bind>
</comp>

<comp id="62" class="1004" name="exp_logits_2_07_reload_read_read_fu_62">
<pin_list>
<pin id="63" dir="0" index="0" bw="32" slack="0"/>
<pin id="64" dir="0" index="1" bw="32" slack="0"/>
<pin id="65" dir="1" index="2" bw="32" slack="0"/>
</pin_list>
<bind>
<opcode="read(1150) " fcode="read"/>
<opset="exp_logits_2_07_reload_read/1 "/>
</bind>
</comp>

<comp id="68" class="1004" name="exp_logits_1_06_reload_read_read_fu_68">
<pin_list>
<pin id="69" dir="0" index="0" bw="32" slack="0"/>
<pin id="70" dir="0" index="1" bw="32" slack="0"/>
<pin id="71" dir="1" index="2" bw="32" slack="0"/>
</pin_list>
<bind>
<opcode="read(1150) " fcode="read"/>
<opset="exp_logits_1_06_reload_read/1 "/>
</bind>
</comp>

<comp id="74" class="1004" name="exp_logits_0_05_reload_read_read_fu_74">
<pin_list>
<pin id="75" dir="0" index="0" bw="32" slack="0"/>
<pin id="76" dir="0" index="1" bw="32" slack="0"/>
<pin id="77" dir="1" index="2" bw="32" slack="0"/>
</pin_list>
<bind>
<opcode="read(1150) " fcode="read"/>
<opset="exp_logits_0_05_reload_read/1 "/>
</bind>
</comp>

<comp id="80" class="1004" name="gates_addr_gep_fu_80">
<pin_list>
<pin id="81" dir="0" index="0" bw="32" slack="0"/>
<pin id="82" dir="0" index="1" bw="1" slack="0"/>
<pin id="83" dir="0" index="2" bw="3" slack="0"/>
<pin id="84" dir="1" index="3" bw="2" slack="0"/>
</pin_list>
<bind>
<opcode="getelementptr(29) " fcode="getelementptr"/>
<opset="gates_addr/6 "/>
</bind>
</comp>

<comp id="87" class="1004" name="store_ln262_access_fu_87">
<pin_list>
<pin id="88" dir="0" index="0" bw="2" slack="0"/>
<pin id="89" dir="0" index="1" bw="32" slack="0"/>
<pin id="90" dir="0" index="2" bw="0" slack="2147483647"/>
<pin id="91" dir="1" index="3" bw="32" slack="2147483647"/>
</pin_list>
<bind>
<opcode="store(28) " fcode="store"/>
<opset="store_ln262/6 "/>
</bind>
</comp>

<comp id="93" class="1004" name="grp_fu_93">
<pin_list>
<pin id="94" dir="0" index="0" bw="32" slack="0"/>
<pin id="95" dir="0" index="1" bw="32" slack="0"/>
<pin id="96" dir="1" index="2" bw="32" slack="0"/>
</pin_list>
<bind>
<opcode="fdiv(16) " fcode="fdiv"/>
<opset="div/1 "/>
</bind>
</comp>

<comp id="98" class="1004" name="store_ln260_store_fu_98">
<pin_list>
<pin id="99" dir="0" index="0" bw="1" slack="0"/>
<pin id="100" dir="0" index="1" bw="3" slack="0"/>
<pin id="101" dir="1" index="2" bw="0" slack="2147483647"/>
</pin_list>
<bind>
<opcode="store(28) " fcode="store"/>
<opset="store_ln260/1 "/>
</bind>
</comp>

<comp id="103" class="1004" name="e_1_load_fu_103">
<pin_list>
<pin id="104" dir="0" index="0" bw="3" slack="0"/>
<pin id="105" dir="1" index="1" bw="3" slack="0"/>
</pin_list>
<bind>
<opcode="load(27) " fcode="load"/>
<opset="e_1/1 "/>
</bind>
</comp>

<comp id="106" class="1004" name="icmp_ln260_fu_106">
<pin_list>
<pin id="107" dir="0" index="0" bw="3" slack="0"/>
<pin id="108" dir="0" index="1" bw="3" slack="0"/>
<pin id="109" dir="1" index="2" bw="1" slack="4"/>
</pin_list>
<bind>
<opcode="icmp(45) " fcode="icmp"/>
<opset="icmp_ln260/1 "/>
</bind>
</comp>

<comp id="112" class="1004" name="add_ln260_fu_112">
<pin_list>
<pin id="113" dir="0" index="0" bw="3" slack="0"/>
<pin id="114" dir="0" index="1" bw="1" slack="0"/>
<pin id="115" dir="1" index="2" bw="3" slack="0"/>
</pin_list>
<bind>
<opcode="add(8) " fcode="add"/>
<opset="add_ln260/1 "/>
</bind>
</comp>

<comp id="118" class="1004" name="trunc_ln262_fu_118">
<pin_list>
<pin id="119" dir="0" index="0" bw="3" slack="0"/>
<pin id="120" dir="1" index="1" bw="2" slack="0"/>
</pin_list>
<bind>
<opcode="trunc(33) " fcode="trunc"/>
<opset="trunc_ln262/1 "/>
</bind>
</comp>

<comp id="122" class="1004" name="tmp_8_fu_122">
<pin_list>
<pin id="123" dir="0" index="0" bw="32" slack="0"/>
<pin id="124" dir="0" index="1" bw="32" slack="0"/>
<pin id="125" dir="0" index="2" bw="32" slack="0"/>
<pin id="126" dir="0" index="3" bw="32" slack="0"/>
<pin id="127" dir="0" index="4" bw="32" slack="0"/>
<pin id="128" dir="0" index="5" bw="2" slack="0"/>
<pin id="129" dir="1" index="6" bw="32" slack="0"/>
</pin_list>
<bind>
<opcode="mux(1196) " fcode="mux"/>
<opset="tmp_8/1 "/>
</bind>
</comp>

<comp id="137" class="1004" name="store_ln260_store_fu_137">
<pin_list>
<pin id="138" dir="0" index="0" bw="3" slack="0"/>
<pin id="139" dir="0" index="1" bw="3" slack="0"/>
<pin id="140" dir="1" index="2" bw="0" slack="2147483647"/>
</pin_list>
<bind>
<opcode="store(28) " fcode="store"/>
<opset="store_ln260/1 "/>
</bind>
</comp>

<comp id="142" class="1004" name="zext_ln260_fu_142">
<pin_list>
<pin id="143" dir="0" index="0" bw="3" slack="5"/>
<pin id="144" dir="1" index="1" bw="64" slack="0"/>
</pin_list>
<bind>
<opcode="zext(34) " fcode="zext"/>
<opset="zext_ln260/6 "/>
</bind>
</comp>

<comp id="146" class="1004" name="bitcast_ln262_fu_146">
<pin_list>
<pin id="147" dir="0" index="0" bw="32" slack="0"/>
<pin id="148" dir="1" index="1" bw="32" slack="0"/>
</pin_list>
<bind>
<opcode="bitcast(44) " fcode="bitcast"/>
<opset="bitcast_ln262/6 "/>
</bind>
</comp>

<comp id="151" class="1005" name="e_reg_151">
<pin_list>
<pin id="152" dir="0" index="0" bw="3" slack="0"/>
<pin id="153" dir="1" index="1" bw="3" slack="0"/>
</pin_list>
<bind>
<opset="e "/>
</bind>
</comp>

<comp id="158" class="1005" name="exp_sum_reload_read_reg_158">
<pin_list>
<pin id="159" dir="0" index="0" bw="32" slack="1"/>
<pin id="160" dir="1" index="1" bw="32" slack="1"/>
</pin_list>
<bind>
<opset="exp_sum_reload_read "/>
</bind>
</comp>

<comp id="163" class="1005" name="e_1_reg_163">
<pin_list>
<pin id="164" dir="0" index="0" bw="3" slack="5"/>
<pin id="165" dir="1" index="1" bw="3" slack="5"/>
</pin_list>
<bind>
<opset="e_1 "/>
</bind>
</comp>

<comp id="168" class="1005" name="icmp_ln260_reg_168">
<pin_list>
<pin id="169" dir="0" index="0" bw="1" slack="4"/>
<pin id="170" dir="1" index="1" bw="1" slack="2147483647"/>
</pin_list>
<bind>
<opset="icmp_ln260 "/>
</bind>
</comp>

<comp id="172" class="1005" name="tmp_8_reg_172">
<pin_list>
<pin id="173" dir="0" index="0" bw="32" slack="1"/>
<pin id="174" dir="1" index="1" bw="32" slack="1"/>
</pin_list>
<bind>
<opset="tmp_8 "/>
</bind>
</comp>

</comp_list>

<net_list>
<net id="49"><net_src comp="12" pin="0"/><net_sink comp="46" pin=0"/></net>

<net id="54"><net_src comp="24" pin="0"/><net_sink comp="50" pin=0"/></net>

<net id="55"><net_src comp="8" pin="0"/><net_sink comp="50" pin=1"/></net>

<net id="60"><net_src comp="24" pin="0"/><net_sink comp="56" pin=0"/></net>

<net id="61"><net_src comp="6" pin="0"/><net_sink comp="56" pin=1"/></net>

<net id="66"><net_src comp="24" pin="0"/><net_sink comp="62" pin=0"/></net>

<net id="67"><net_src comp="4" pin="0"/><net_sink comp="62" pin=1"/></net>

<net id="72"><net_src comp="24" pin="0"/><net_sink comp="68" pin=0"/></net>

<net id="73"><net_src comp="2" pin="0"/><net_sink comp="68" pin=1"/></net>

<net id="78"><net_src comp="24" pin="0"/><net_sink comp="74" pin=0"/></net>

<net id="79"><net_src comp="0" pin="0"/><net_sink comp="74" pin=1"/></net>

<net id="85"><net_src comp="10" pin="0"/><net_sink comp="80" pin=0"/></net>

<net id="86"><net_src comp="44" pin="0"/><net_sink comp="80" pin=1"/></net>

<net id="92"><net_src comp="80" pin="3"/><net_sink comp="87" pin=0"/></net>

<net id="97"><net_src comp="50" pin="2"/><net_sink comp="93" pin=1"/></net>

<net id="102"><net_src comp="26" pin="0"/><net_sink comp="98" pin=0"/></net>

<net id="110"><net_src comp="103" pin="1"/><net_sink comp="106" pin=0"/></net>

<net id="111"><net_src comp="28" pin="0"/><net_sink comp="106" pin=1"/></net>

<net id="116"><net_src comp="103" pin="1"/><net_sink comp="112" pin=0"/></net>

<net id="117"><net_src comp="30" pin="0"/><net_sink comp="112" pin=1"/></net>

<net id="121"><net_src comp="103" pin="1"/><net_sink comp="118" pin=0"/></net>

<net id="130"><net_src comp="32" pin="0"/><net_sink comp="122" pin=0"/></net>

<net id="131"><net_src comp="74" pin="2"/><net_sink comp="122" pin=1"/></net>

<net id="132"><net_src comp="68" pin="2"/><net_sink comp="122" pin=2"/></net>

<net id="133"><net_src comp="62" pin="2"/><net_sink comp="122" pin=3"/></net>

<net id="134"><net_src comp="56" pin="2"/><net_sink comp="122" pin=4"/></net>

<net id="135"><net_src comp="118" pin="1"/><net_sink comp="122" pin=5"/></net>

<net id="136"><net_src comp="122" pin="6"/><net_sink comp="93" pin=0"/></net>

<net id="141"><net_src comp="112" pin="2"/><net_sink comp="137" pin=0"/></net>

<net id="145"><net_src comp="142" pin="1"/><net_sink comp="80" pin=2"/></net>

<net id="149"><net_src comp="93" pin="2"/><net_sink comp="146" pin=0"/></net>

<net id="150"><net_src comp="146" pin="1"/><net_sink comp="87" pin=1"/></net>

<net id="154"><net_src comp="46" pin="1"/><net_sink comp="151" pin=0"/></net>

<net id="155"><net_src comp="151" pin="1"/><net_sink comp="98" pin=1"/></net>

<net id="156"><net_src comp="151" pin="1"/><net_sink comp="103" pin=0"/></net>

<net id="157"><net_src comp="151" pin="1"/><net_sink comp="137" pin=1"/></net>

<net id="161"><net_src comp="50" pin="2"/><net_sink comp="158" pin=0"/></net>

<net id="162"><net_src comp="158" pin="1"/><net_sink comp="93" pin=1"/></net>

<net id="166"><net_src comp="103" pin="1"/><net_sink comp="163" pin=0"/></net>

<net id="167"><net_src comp="163" pin="1"/><net_sink comp="142" pin=0"/></net>

<net id="171"><net_src comp="106" pin="2"/><net_sink comp="168" pin=0"/></net>

<net id="175"><net_src comp="122" pin="6"/><net_sink comp="172" pin=0"/></net>

<net id="176"><net_src comp="172" pin="1"/><net_sink comp="93" pin=0"/></net>

</net_list>

</model> 
---------------- Datapath Model END ------------------

* FSMD analyzer results:
  - Output states:
	Port: gates | {6 }
 - Input state : 
	Port: graph_moe_Pipeline_VITIS_LOOP_260_5 : exp_logits_0_05_reload | {1 }
	Port: graph_moe_Pipeline_VITIS_LOOP_260_5 : exp_logits_1_06_reload | {1 }
	Port: graph_moe_Pipeline_VITIS_LOOP_260_5 : exp_logits_2_07_reload | {1 }
	Port: graph_moe_Pipeline_VITIS_LOOP_260_5 : exp_logits_3_08_reload | {1 }
	Port: graph_moe_Pipeline_VITIS_LOOP_260_5 : exp_sum_reload | {1 }
  - Chain level:
	State 1
		store_ln260 : 1
		e_1 : 1
		icmp_ln260 : 2
		add_ln260 : 2
		br_ln260 : 3
		trunc_ln262 : 2
		tmp_8 : 3
		div : 4
		store_ln260 : 3
	State 2
	State 3
	State 4
	State 5
	State 6
		bitcast_ln262 : 1
		gates_addr : 1
		store_ln262 : 2


============================================================
+ Verbose Summary: Datapath Resource usage 
============================================================

* Functional unit list:
|----------|----------------------------------------|---------|---------|
| Operation|             Functional Unit            |    FF   |   LUT   |
|----------|----------------------------------------|---------|---------|
|    mux   |              tmp_8_fu_122              |    0    |    20   |
|----------|----------------------------------------|---------|---------|
|   icmp   |            icmp_ln260_fu_106           |    0    |    10   |
|----------|----------------------------------------|---------|---------|
|    add   |            add_ln260_fu_112            |    0    |    10   |
|----------|----------------------------------------|---------|---------|
|          |     exp_sum_reload_read_read_fu_50     |    0    |    0    |
|          | exp_logits_3_08_reload_read_read_fu_56 |    0    |    0    |
|   read   | exp_logits_2_07_reload_read_read_fu_62 |    0    |    0    |
|          | exp_logits_1_06_reload_read_read_fu_68 |    0    |    0    |
|          | exp_logits_0_05_reload_read_read_fu_74 |    0    |    0    |
|----------|----------------------------------------|---------|---------|
|   fdiv   |                grp_fu_93               |    0    |    0    |
|----------|----------------------------------------|---------|---------|
|   trunc  |           trunc_ln262_fu_118           |    0    |    0    |
|----------|----------------------------------------|---------|---------|
|   zext   |            zext_ln260_fu_142           |    0    |    0    |
|----------|----------------------------------------|---------|---------|
|   Total  |                                        |    0    |    40   |
|----------|----------------------------------------|---------|---------|

Memories:
N/A

* Register list:
+---------------------------+--------+
|                           |   FF   |
+---------------------------+--------+
|        e_1_reg_163        |    3   |
|         e_reg_151         |    3   |
|exp_sum_reload_read_reg_158|   32   |
|     icmp_ln260_reg_168    |    1   |
|       tmp_8_reg_172       |   32   |
+---------------------------+--------+
|           Total           |   71   |
+---------------------------+--------+

* Multiplexer (MUX) list: 
|-----------|------|------|------|--------||---------||---------|
|    Comp   |  Pin | Size |  BW  | S x BW ||  Delay  ||   LUT   |
|-----------|------|------|------|--------||---------||---------|
| grp_fu_93 |  p0  |   2  |  32  |   64   ||    9    |
| grp_fu_93 |  p1  |   2  |  32  |   64   ||    9    |
|-----------|------|------|------|--------||---------||---------|
|   Total   |      |      |      |   128  ||  0.724  ||    18   |
|-----------|------|------|------|--------||---------||---------|



* Summary:
+-----------+--------+--------+--------+
|           |  Delay |   FF   |   LUT  |
+-----------+--------+--------+--------+
|  Function |    -   |    0   |   40   |
|   Memory  |    -   |    -   |    -   |
|Multiplexer|    0   |    -   |   18   |
|  Register |    -   |   71   |    -   |
+-----------+--------+--------+--------+
|   Total   |    0   |   71   |   58   |
+-----------+--------+--------+--------+
