

================================================================
== Vitis HLS Report for 'compute_expert'
================================================================
* Date:           Sun Sep 20 18:09:14 2026

* Version:        2023.2 (Build 4023990 on Oct 11 2023)
* Project:        project
* Solution:       solution1 (Vivado IP Flow Target)
* Product family: virtexuplus
* Target device:  xcvu13p_CIV-figd2104-3-e


================================================================
== Performance Estimates
================================================================
+ Timing: 
    * Summary: 
    +--------+----------+----------+------------+
    |  Clock |  Target  | Estimated| Uncertainty|
    +--------+----------+----------+------------+
    |ap_clk  |  10.00 ns|  7.300 ns|     2.70 ns|
    +--------+----------+----------+------------+

+ Latency: 
    * Summary: 
    +---------+---------+-----------+-----------+------+------+---------+
    |  Latency (cycles) |   Latency (absolute)  |   Interval  | Pipeline|
    |   min   |   max   |    min    |    max    |  min |  max |   Type  |
    +---------+---------+-----------+-----------+------+------+---------+
    |     4129|     4129|  41.290 us|  41.290 us|  4129|  4129|       no|
    +---------+---------+-----------+-----------+------+------+---------+

    + Detail: 
        * Instance: 
        N/A

        * Loop: 
        N/A

============================================================
+ Verbose Summary: Synthesis Manager
============================================================
InlineROM: 1
ExposeGlobal: 0
============================================================
+ Verbose Summary: CDFG Model
============================================================
IsTopModel: 0
ResetActiveHigh: 1
IsCombinational: 0
IsDatapathOnly: 0
HasWiredReturn: 1
HasMFsm: 0
HasVarLatency: 1
IsPipeline: 0
IsRtlPipelined: 0
IsInstanceOverlapped: 0
IsDontTouch: 0
HasImplIP: 0
IsGatedGlobalClock: 0


============================================================
+ Verbose Summary: Schedule
============================================================
* Number of FSM states : 10
* Pipeline : 0
* Dataflow Pipeline: 0

* FSM state transitions: 
1 --> 2 
2 --> 3 
3 --> 4 
4 --> 5 
5 --> 6 
6 --> 7 
7 --> 8 
8 --> 9 
9 --> 10 
10 --> 

* FSM state operations: 

State 1 <SV = 0> <Delay = 7.30>
ST_1 : Operation 11 [1/1] (0.00ns)   --->   "%b_read = read i64 @_ssdm_op_Read.ap_auto.i64, i64 %b" [/home/simics/HMoE/HLS_HMoE/pseudo_block/run_6/src/pseudo_moe.cpp:20]   --->   Operation 11 'read' 'b_read' <Predicate = true> <Delay = 0.00>
ST_1 : Operation 12 [1/1] (0.00ns)   --->   "%trunc_ln = partselect i62 @_ssdm_op_PartSelect.i62.i64.i32.i32, i64 %b_read, i32 2, i32 63" [/home/simics/HMoE/HLS_HMoE/pseudo_block/run_6/src/pseudo_moe.cpp:20]   --->   Operation 12 'partselect' 'trunc_ln' <Predicate = true> <Delay = 0.00>
ST_1 : Operation 13 [1/1] (0.00ns)   --->   "%sext_ln20 = sext i62 %trunc_ln" [/home/simics/HMoE/HLS_HMoE/pseudo_block/run_6/src/pseudo_moe.cpp:20]   --->   Operation 13 'sext' 'sext_ln20' <Predicate = true> <Delay = 0.00>
ST_1 : Operation 14 [1/1] (0.00ns)   --->   "%gmem4_addr = getelementptr i32 %gmem4, i64 %sext_ln20" [/home/simics/HMoE/HLS_HMoE/pseudo_block/run_6/src/pseudo_moe.cpp:20]   --->   Operation 14 'getelementptr' 'gmem4_addr' <Predicate = true> <Delay = 0.00>
ST_1 : Operation 15 [8/8] (7.30ns)   --->   "%empty = readreq i1 @_ssdm_op_ReadReq.m_axi.p1i32, i32 %gmem4_addr, i32 64" [/home/simics/HMoE/HLS_HMoE/pseudo_block/run_6/src/pseudo_moe.cpp:20]   --->   Operation 15 'readreq' 'empty' <Predicate = true> <Delay = 7.30> <CoreInst = "m_axi">   --->   Core 121 'm_axi' <Latency = 0> <II = 1> <Delay = 1.00> <Adapter> <Opcode : 'read' 'write' 'readreq' 'writereq' 'writeresp'>

State 2 <SV = 1> <Delay = 7.30>
ST_2 : Operation 16 [7/8] (7.30ns)   --->   "%empty = readreq i1 @_ssdm_op_ReadReq.m_axi.p1i32, i32 %gmem4_addr, i32 64" [/home/simics/HMoE/HLS_HMoE/pseudo_block/run_6/src/pseudo_moe.cpp:20]   --->   Operation 16 'readreq' 'empty' <Predicate = true> <Delay = 7.30> <CoreInst = "m_axi">   --->   Core 121 'm_axi' <Latency = 0> <II = 1> <Delay = 1.00> <Adapter> <Opcode : 'read' 'write' 'readreq' 'writereq' 'writeresp'>

State 3 <SV = 2> <Delay = 7.30>
ST_3 : Operation 17 [6/8] (7.30ns)   --->   "%empty = readreq i1 @_ssdm_op_ReadReq.m_axi.p1i32, i32 %gmem4_addr, i32 64" [/home/simics/HMoE/HLS_HMoE/pseudo_block/run_6/src/pseudo_moe.cpp:20]   --->   Operation 17 'readreq' 'empty' <Predicate = true> <Delay = 7.30> <CoreInst = "m_axi">   --->   Core 121 'm_axi' <Latency = 0> <II = 1> <Delay = 1.00> <Adapter> <Opcode : 'read' 'write' 'readreq' 'writereq' 'writeresp'>

State 4 <SV = 3> <Delay = 7.30>
ST_4 : Operation 18 [5/8] (7.30ns)   --->   "%empty = readreq i1 @_ssdm_op_ReadReq.m_axi.p1i32, i32 %gmem4_addr, i32 64" [/home/simics/HMoE/HLS_HMoE/pseudo_block/run_6/src/pseudo_moe.cpp:20]   --->   Operation 18 'readreq' 'empty' <Predicate = true> <Delay = 7.30> <CoreInst = "m_axi">   --->   Core 121 'm_axi' <Latency = 0> <II = 1> <Delay = 1.00> <Adapter> <Opcode : 'read' 'write' 'readreq' 'writereq' 'writeresp'>

State 5 <SV = 4> <Delay = 7.30>
ST_5 : Operation 19 [4/8] (7.30ns)   --->   "%empty = readreq i1 @_ssdm_op_ReadReq.m_axi.p1i32, i32 %gmem4_addr, i32 64" [/home/simics/HMoE/HLS_HMoE/pseudo_block/run_6/src/pseudo_moe.cpp:20]   --->   Operation 19 'readreq' 'empty' <Predicate = true> <Delay = 7.30> <CoreInst = "m_axi">   --->   Core 121 'm_axi' <Latency = 0> <II = 1> <Delay = 1.00> <Adapter> <Opcode : 'read' 'write' 'readreq' 'writereq' 'writeresp'>

State 6 <SV = 5> <Delay = 7.30>
ST_6 : Operation 20 [3/8] (7.30ns)   --->   "%empty = readreq i1 @_ssdm_op_ReadReq.m_axi.p1i32, i32 %gmem4_addr, i32 64" [/home/simics/HMoE/HLS_HMoE/pseudo_block/run_6/src/pseudo_moe.cpp:20]   --->   Operation 20 'readreq' 'empty' <Predicate = true> <Delay = 7.30> <CoreInst = "m_axi">   --->   Core 121 'm_axi' <Latency = 0> <II = 1> <Delay = 1.00> <Adapter> <Opcode : 'read' 'write' 'readreq' 'writereq' 'writeresp'>

State 7 <SV = 6> <Delay = 7.30>
ST_7 : Operation 21 [2/8] (7.30ns)   --->   "%empty = readreq i1 @_ssdm_op_ReadReq.m_axi.p1i32, i32 %gmem4_addr, i32 64" [/home/simics/HMoE/HLS_HMoE/pseudo_block/run_6/src/pseudo_moe.cpp:20]   --->   Operation 21 'readreq' 'empty' <Predicate = true> <Delay = 7.30> <CoreInst = "m_axi">   --->   Core 121 'm_axi' <Latency = 0> <II = 1> <Delay = 1.00> <Adapter> <Opcode : 'read' 'write' 'readreq' 'writereq' 'writeresp'>

State 8 <SV = 7> <Delay = 7.30>
ST_8 : Operation 22 [1/8] (7.30ns)   --->   "%empty = readreq i1 @_ssdm_op_ReadReq.m_axi.p1i32, i32 %gmem4_addr, i32 64" [/home/simics/HMoE/HLS_HMoE/pseudo_block/run_6/src/pseudo_moe.cpp:20]   --->   Operation 22 'readreq' 'empty' <Predicate = true> <Delay = 7.30> <CoreInst = "m_axi">   --->   Core 121 'm_axi' <Latency = 0> <II = 1> <Delay = 1.00> <Adapter> <Opcode : 'read' 'write' 'readreq' 'writereq' 'writeresp'>

State 9 <SV = 8> <Delay = 0.96>
ST_9 : Operation 23 [1/1] (0.00ns)   --->   "%idx_read = read i10 @_ssdm_op_Read.ap_auto.i10, i10 %idx" [/home/simics/HMoE/HLS_HMoE/pseudo_block/run_6/src/pseudo_moe.cpp:20]   --->   Operation 23 'read' 'idx_read' <Predicate = true> <Delay = 0.00>
ST_9 : Operation 24 [1/1] (0.00ns)   --->   "%x_read = read i64 @_ssdm_op_Read.ap_auto.i64, i64 %x" [/home/simics/HMoE/HLS_HMoE/pseudo_block/run_6/src/pseudo_moe.cpp:20]   --->   Operation 24 'read' 'x_read' <Predicate = true> <Delay = 0.00>
ST_9 : Operation 25 [1/1] (0.00ns)   --->   "%shl_ln = bitconcatenate i12 @_ssdm_op_BitConcatenate.i12.i10.i2, i10 %idx_read, i2 0" [/home/simics/HMoE/HLS_HMoE/pseudo_block/run_6/src/pseudo_moe.cpp:20]   --->   Operation 25 'bitconcatenate' 'shl_ln' <Predicate = true> <Delay = 0.00>
ST_9 : Operation 26 [1/1] (0.00ns)   --->   "%zext_ln20 = zext i12 %shl_ln" [/home/simics/HMoE/HLS_HMoE/pseudo_block/run_6/src/pseudo_moe.cpp:20]   --->   Operation 26 'zext' 'zext_ln20' <Predicate = true> <Delay = 0.00>
ST_9 : Operation 27 [1/1] (0.96ns)   --->   "%add_ln20 = add i64 %zext_ln20, i64 %x_read" [/home/simics/HMoE/HLS_HMoE/pseudo_block/run_6/src/pseudo_moe.cpp:20]   --->   Operation 27 'add' 'add_ln20' <Predicate = true> <Delay = 0.96> <CoreInst = "Adder">   --->   Core 1 'Adder' <Latency = 0> <II = 1> <Delay = 0.96> <FuncUnit> <Opcode : 'add' 'sub'> <InPorts = 2> <OutPorts = 1>
ST_9 : Operation 28 [1/1] (0.00ns)   --->   "%trunc_ln6 = partselect i62 @_ssdm_op_PartSelect.i62.i64.i32.i32, i64 %add_ln20, i32 2, i32 63" [/home/simics/HMoE/HLS_HMoE/pseudo_block/run_6/src/pseudo_moe.cpp:31]   --->   Operation 28 'partselect' 'trunc_ln6' <Predicate = true> <Delay = 0.00>
ST_9 : Operation 29 [2/2] (0.00ns)   --->   "%call_ln20 = call void @compute_expert_Pipeline_VITIS_LOOP_20_1_VITIS_LOOP_31_3, i32 %w_0, i32 %w_1, i32 %w_2, i32 %w_3, i32 %w_4, i32 %w_5, i32 %w_6, i32 %w_7, i32 %result, i32 %gmem4, i62 %trunc_ln, i32 %gmem0, i62 %trunc_ln6" [/home/simics/HMoE/HLS_HMoE/pseudo_block/run_6/src/pseudo_moe.cpp:20]   --->   Operation 29 'call' 'call_ln20' <Predicate = true> <Delay = 0.00> <CoreType = "Generic">   --->   Core 0 '' <Latency = 0> <II = 1> <Delay = 1.00> <Generic> <Opcode : >

State 10 <SV = 9> <Delay = 0.00>
ST_10 : Operation 30 [1/1] (0.00ns)   --->   "%specinterface_ln0 = specinterface void @_ssdm_op_SpecInterface, i32 %gmem4, void @empty_19, i32 0, i32 0, void @empty_35, i32 0, i32 0, void @empty_4, void @empty_34, void @empty_35, i32 16, i32 16, i32 16, i32 16, void @empty_35, void @empty_35, i32 4294967295, i32 0"   --->   Operation 30 'specinterface' 'specinterface_ln0' <Predicate = true> <Delay = 0.00>
ST_10 : Operation 31 [1/1] (0.00ns)   --->   "%specinterface_ln0 = specinterface void @_ssdm_op_SpecInterface, i32 %gmem0, void @empty_19, i32 0, i32 0, void @empty_35, i32 0, i32 0, void @empty, void @empty_34, void @empty_35, i32 16, i32 16, i32 16, i32 16, void @empty_35, void @empty_35, i32 4294967295, i32 0"   --->   Operation 31 'specinterface' 'specinterface_ln0' <Predicate = true> <Delay = 0.00>
ST_10 : Operation 32 [1/2] (0.00ns)   --->   "%call_ln20 = call void @compute_expert_Pipeline_VITIS_LOOP_20_1_VITIS_LOOP_31_3, i32 %w_0, i32 %w_1, i32 %w_2, i32 %w_3, i32 %w_4, i32 %w_5, i32 %w_6, i32 %w_7, i32 %result, i32 %gmem4, i62 %trunc_ln, i32 %gmem0, i62 %trunc_ln6" [/home/simics/HMoE/HLS_HMoE/pseudo_block/run_6/src/pseudo_moe.cpp:20]   --->   Operation 32 'call' 'call_ln20' <Predicate = true> <Delay = 0.00> <CoreType = "Generic">   --->   Core 0 '' <Latency = 0> <II = 1> <Delay = 1.00> <Generic> <Opcode : >
ST_10 : Operation 33 [1/1] (0.00ns)   --->   "%ret_ln50 = ret" [/home/simics/HMoE/HLS_HMoE/pseudo_block/run_6/src/pseudo_moe.cpp:50]   --->   Operation 33 'ret' 'ret_ln50' <Predicate = true> <Delay = 0.00>


============================================================
+ Verbose Summary: Timing violations
============================================================
Target clock period: 10.000ns, clock uncertainty: 2.700ns.

 <State 1>: 7.300ns
The critical path consists of the following:
	wire read operation ('b_read', /home/simics/HMoE/HLS_HMoE/pseudo_block/run_6/src/pseudo_moe.cpp:20) on port 'b' (/home/simics/HMoE/HLS_HMoE/pseudo_block/run_6/src/pseudo_moe.cpp:20) [18]  (0.000 ns)
	'getelementptr' operation 32 bit ('gmem4_addr', /home/simics/HMoE/HLS_HMoE/pseudo_block/run_6/src/pseudo_moe.cpp:20) [25]  (0.000 ns)
	bus request operation ('empty', /home/simics/HMoE/HLS_HMoE/pseudo_block/run_6/src/pseudo_moe.cpp:20) on port 'gmem4' (/home/simics/HMoE/HLS_HMoE/pseudo_block/run_6/src/pseudo_moe.cpp:20) [26]  (7.300 ns)

 <State 2>: 7.300ns
The critical path consists of the following:
	bus request operation ('empty', /home/simics/HMoE/HLS_HMoE/pseudo_block/run_6/src/pseudo_moe.cpp:20) on port 'gmem4' (/home/simics/HMoE/HLS_HMoE/pseudo_block/run_6/src/pseudo_moe.cpp:20) [26]  (7.300 ns)

 <State 3>: 7.300ns
The critical path consists of the following:
	bus request operation ('empty', /home/simics/HMoE/HLS_HMoE/pseudo_block/run_6/src/pseudo_moe.cpp:20) on port 'gmem4' (/home/simics/HMoE/HLS_HMoE/pseudo_block/run_6/src/pseudo_moe.cpp:20) [26]  (7.300 ns)

 <State 4>: 7.300ns
The critical path consists of the following:
	bus request operation ('empty', /home/simics/HMoE/HLS_HMoE/pseudo_block/run_6/src/pseudo_moe.cpp:20) on port 'gmem4' (/home/simics/HMoE/HLS_HMoE/pseudo_block/run_6/src/pseudo_moe.cpp:20) [26]  (7.300 ns)

 <State 5>: 7.300ns
The critical path consists of the following:
	bus request operation ('empty', /home/simics/HMoE/HLS_HMoE/pseudo_block/run_6/src/pseudo_moe.cpp:20) on port 'gmem4' (/home/simics/HMoE/HLS_HMoE/pseudo_block/run_6/src/pseudo_moe.cpp:20) [26]  (7.300 ns)

 <State 6>: 7.300ns
The critical path consists of the following:
	bus request operation ('empty', /home/simics/HMoE/HLS_HMoE/pseudo_block/run_6/src/pseudo_moe.cpp:20) on port 'gmem4' (/home/simics/HMoE/HLS_HMoE/pseudo_block/run_6/src/pseudo_moe.cpp:20) [26]  (7.300 ns)

 <State 7>: 7.300ns
The critical path consists of the following:
	bus request operation ('empty', /home/simics/HMoE/HLS_HMoE/pseudo_block/run_6/src/pseudo_moe.cpp:20) on port 'gmem4' (/home/simics/HMoE/HLS_HMoE/pseudo_block/run_6/src/pseudo_moe.cpp:20) [26]  (7.300 ns)

 <State 8>: 7.300ns
The critical path consists of the following:
	bus request operation ('empty', /home/simics/HMoE/HLS_HMoE/pseudo_block/run_6/src/pseudo_moe.cpp:20) on port 'gmem4' (/home/simics/HMoE/HLS_HMoE/pseudo_block/run_6/src/pseudo_moe.cpp:20) [26]  (7.300 ns)

 <State 9>: 0.963ns
The critical path consists of the following:
	wire read operation ('idx_read', /home/simics/HMoE/HLS_HMoE/pseudo_block/run_6/src/pseudo_moe.cpp:20) on port 'idx' (/home/simics/HMoE/HLS_HMoE/pseudo_block/run_6/src/pseudo_moe.cpp:20) [17]  (0.000 ns)
	'add' operation 64 bit ('add_ln20', /home/simics/HMoE/HLS_HMoE/pseudo_block/run_6/src/pseudo_moe.cpp:20) [22]  (0.963 ns)

 <State 10>: 0.000ns
The critical path consists of the following:


============================================================
+ Verbose Summary: Binding
============================================================
N/A
* FSMD analyzer results:
  - Output states:
 - Input state : 
  - Chain level:
	State 1
	State 2
	State 3
	State 4
	State 5
	State 6
	State 7
	State 8
	State 9
	State 10


============================================================
+ Verbose Summary: Datapath Resource usage 
============================================================
N/A
