

================================================================
== Vitis HLS Report for 'compute_expert'
================================================================
* Date:           Sun Sep 20 18:09:15 2026

* Version:        2023.2 (Build 4023990 on Oct 11 2023)
* Project:        project
* Solution:       solution1 (Vivado IP Flow Target)
* Product family: virtexuplus
* Target device:  xcvu13p_CIV-figd2104-3-e


================================================================
== Performance Estimates
================================================================
+ Timing: 
    * Summary: 
    +--------+----------+----------+------------+
    |  Clock |  Target  | Estimated| Uncertainty|
    +--------+----------+----------+------------+
    |ap_clk  |  10.00 ns|  7.300 ns|     2.70 ns|
    +--------+----------+----------+------------+

+ Latency: 
    * Summary: 
    +---------+---------+-----------+-----------+------+------+---------+
    |  Latency (cycles) |   Latency (absolute)  |   Interval  | Pipeline|
    |   min   |   max   |    min    |    max    |  min |  max |   Type  |
    +---------+---------+-----------+-----------+------+------+---------+
    |     4129|     4129|  41.290 us|  41.290 us|  4129|  4129|       no|
    +---------+---------+-----------+-----------+------+------+---------+

    + Detail: 
        * Instance: 
        +-------------------------------------------------------------------+---------------------------------------------------------+---------+---------+-----------+-----------+------+------+---------+
        |                                                                   |                                                         |  Latency (cycles) |   Latency (absolute)  |   Interval  | Pipeline|
        |                              Instance                             |                          Module                         |   min   |   max   |    min    |    max    |  min |  max |   Type  |
        +-------------------------------------------------------------------+---------------------------------------------------------+---------+---------+-----------+-----------+------+------+---------+
        |grp_compute_expert_Pipeline_VITIS_LOOP_20_1_VITIS_LOOP_31_3_fu_91  |compute_expert_Pipeline_VITIS_LOOP_20_1_VITIS_LOOP_31_3  |     4120|     4120|  41.200 us|  41.200 us|  4120|  4120|       no|
        +-------------------------------------------------------------------+---------------------------------------------------------+---------+---------+-----------+-----------+------+------+---------+

        * Loop: 
        N/A



================================================================
== Utilization Estimates
================================================================
* Summary: 
+---------------------+---------+-------+---------+---------+------+
|         Name        | BRAM_18K|  DSP  |    FF   |   LUT   | URAM |
+---------------------+---------+-------+---------+---------+------+
|DSP                  |        -|      -|        -|        -|     -|
|Expression           |        -|      -|        0|       71|     -|
|FIFO                 |        -|      -|        -|        -|     -|
|Instance             |        -|      7|     1825|     1545|     -|
|Memory               |        -|      -|        -|        -|     -|
|Multiplexer          |        -|      -|        -|      218|     -|
|Register             |        -|      -|      135|        -|     -|
+---------------------+---------+-------+---------+---------+------+
|Total                |        0|      7|     1960|     1834|     0|
+---------------------+---------+-------+---------+---------+------+
|Available SLR        |     1344|   3072|   864000|   432000|   320|
+---------------------+---------+-------+---------+---------+------+
|Utilization SLR (%)  |        0|     ~0|       ~0|       ~0|     0|
+---------------------+---------+-------+---------+---------+------+
|Available            |     5376|  12288|  3456000|  1728000|  1280|
+---------------------+---------+-------+---------+---------+------+
|Utilization (%)      |        0|     ~0|       ~0|       ~0|     0|
+---------------------+---------+-------+---------+---------+------+

+ Detail: 
    * Instance: 
    +-------------------------------------------------------------------+---------------------------------------------------------+---------+----+------+------+-----+
    |                              Instance                             |                          Module                         | BRAM_18K| DSP|  FF  |  LUT | URAM|
    +-------------------------------------------------------------------+---------------------------------------------------------+---------+----+------+------+-----+
    |grp_compute_expert_Pipeline_VITIS_LOOP_20_1_VITIS_LOOP_31_3_fu_91  |compute_expert_Pipeline_VITIS_LOOP_20_1_VITIS_LOOP_31_3  |        0|   7|  1825|  1545|    0|
    +-------------------------------------------------------------------+---------------------------------------------------------+---------+----+------+------+-----+
    |Total                                                              |                                                         |        0|   7|  1825|  1545|    0|
    +-------------------------------------------------------------------+---------------------------------------------------------+---------+----+------+------+-----+

    * DSP: 
    N/A

    * Memory: 
    N/A

    * FIFO: 
    N/A

    * Expression: 
    +--------------------+----------+----+---+----+------------+------------+
    |    Variable Name   | Operation| DSP| FF| LUT| Bitwidth P0| Bitwidth P1|
    +--------------------+----------+----+---+----+------------+------------+
    |add_ln20_fu_152_p2  |         +|   0|  0|  71|          64|          64|
    +--------------------+----------+----+---+----+------------+------------+
    |Total               |          |   0|  0|  71|          64|          64|
    +--------------------+----------+----+---+----+------------+------------+

    * Multiplexer: 
    +----------------------+----+-----------+-----+-----------+
    |         Name         | LUT| Input Size| Bits| Total Bits|
    +----------------------+----+-----------+-----+-----------+
    |ap_NS_fsm             |  59|         11|    1|         11|
    |gmem4_blk_n_AR        |   9|          2|    1|          2|
    |m_axi_gmem0_ARVALID   |   9|          2|    1|          2|
    |m_axi_gmem0_RREADY    |   9|          2|    1|          2|
    |m_axi_gmem4_ARADDR    |  14|          3|   64|        192|
    |m_axi_gmem4_ARBURST   |   9|          2|    2|          4|
    |m_axi_gmem4_ARCACHE   |   9|          2|    4|          8|
    |m_axi_gmem4_ARID      |   9|          2|    1|          2|
    |m_axi_gmem4_ARLEN     |  14|          3|   32|         96|
    |m_axi_gmem4_ARLOCK    |   9|          2|    2|          4|
    |m_axi_gmem4_ARPROT    |   9|          2|    3|          6|
    |m_axi_gmem4_ARQOS     |   9|          2|    4|          8|
    |m_axi_gmem4_ARREGION  |   9|          2|    4|          8|
    |m_axi_gmem4_ARSIZE    |   9|          2|    3|          6|
    |m_axi_gmem4_ARUSER    |   9|          2|    1|          2|
    |m_axi_gmem4_ARVALID   |  14|          3|    1|          3|
    |m_axi_gmem4_RREADY    |   9|          2|    1|          2|
    +----------------------+----+-----------+-----+-----------+
    |Total                 | 218|         46|  126|        358|
    +----------------------+----+-----------+-----+-----------+

    * Register: 
    +--------------------------------------------------------------------------------+----+----+-----+-----------+
    |                                      Name                                      | FF | LUT| Bits| Const Bits|
    +--------------------------------------------------------------------------------+----+----+-----+-----------+
    |ap_CS_fsm                                                                       |  10|   0|   10|          0|
    |grp_compute_expert_Pipeline_VITIS_LOOP_20_1_VITIS_LOOP_31_3_fu_91_ap_start_reg  |   1|   0|    1|          0|
    |trunc_ln6_reg_179                                                               |  62|   0|   62|          0|
    |trunc_ln_reg_169                                                                |  62|   0|   62|          0|
    +--------------------------------------------------------------------------------+----+----+-----+-----------+
    |Total                                                                           | 135|   0|  135|          0|
    +--------------------------------------------------------------------------------+----+----+-----+-----------+



================================================================
== Interface
================================================================
* Summary: 
+----------------------+-----+-----+------------+----------------+--------------+
|       RTL Ports      | Dir | Bits|  Protocol  |  Source Object |    C Type    |
+----------------------+-----+-----+------------+----------------+--------------+
|ap_clk                |   in|    1|  ap_ctrl_hs|  compute_expert|  return value|
|ap_rst                |   in|    1|  ap_ctrl_hs|  compute_expert|  return value|
|ap_start              |   in|    1|  ap_ctrl_hs|  compute_expert|  return value|
|ap_done               |  out|    1|  ap_ctrl_hs|  compute_expert|  return value|
|ap_idle               |  out|    1|  ap_ctrl_hs|  compute_expert|  return value|
|ap_ready              |  out|    1|  ap_ctrl_hs|  compute_expert|  return value|
|m_axi_gmem0_AWVALID   |  out|    1|       m_axi|           gmem0|       pointer|
|m_axi_gmem0_AWREADY   |   in|    1|       m_axi|           gmem0|       pointer|
|m_axi_gmem0_AWADDR    |  out|   64|       m_axi|           gmem0|       pointer|
|m_axi_gmem0_AWID      |  out|    1|       m_axi|           gmem0|       pointer|
|m_axi_gmem0_AWLEN     |  out|   32|       m_axi|           gmem0|       pointer|
|m_axi_gmem0_AWSIZE    |  out|    3|       m_axi|           gmem0|       pointer|
|m_axi_gmem0_AWBURST   |  out|    2|       m_axi|           gmem0|       pointer|
|m_axi_gmem0_AWLOCK    |  out|    2|       m_axi|           gmem0|       pointer|
|m_axi_gmem0_AWCACHE   |  out|    4|       m_axi|           gmem0|       pointer|
|m_axi_gmem0_AWPROT    |  out|    3|       m_axi|           gmem0|       pointer|
|m_axi_gmem0_AWQOS     |  out|    4|       m_axi|           gmem0|       pointer|
|m_axi_gmem0_AWREGION  |  out|    4|       m_axi|           gmem0|       pointer|
|m_axi_gmem0_AWUSER    |  out|    1|       m_axi|           gmem0|       pointer|
|m_axi_gmem0_WVALID    |  out|    1|       m_axi|           gmem0|       pointer|
|m_axi_gmem0_WREADY    |   in|    1|       m_axi|           gmem0|       pointer|
|m_axi_gmem0_WDATA     |  out|   32|       m_axi|           gmem0|       pointer|
|m_axi_gmem0_WSTRB     |  out|    4|       m_axi|           gmem0|       pointer|
|m_axi_gmem0_WLAST     |  out|    1|       m_axi|           gmem0|       pointer|
|m_axi_gmem0_WID       |  out|    1|       m_axi|           gmem0|       pointer|
|m_axi_gmem0_WUSER     |  out|    1|       m_axi|           gmem0|       pointer|
|m_axi_gmem0_ARVALID   |  out|    1|       m_axi|           gmem0|       pointer|
|m_axi_gmem0_ARREADY   |   in|    1|       m_axi|           gmem0|       pointer|
|m_axi_gmem0_ARADDR    |  out|   64|       m_axi|           gmem0|       pointer|
|m_axi_gmem0_ARID      |  out|    1|       m_axi|           gmem0|       pointer|
|m_axi_gmem0_ARLEN     |  out|   32|       m_axi|           gmem0|       pointer|
|m_axi_gmem0_ARSIZE    |  out|    3|       m_axi|           gmem0|       pointer|
|m_axi_gmem0_ARBURST   |  out|    2|       m_axi|           gmem0|       pointer|
|m_axi_gmem0_ARLOCK    |  out|    2|       m_axi|           gmem0|       pointer|
|m_axi_gmem0_ARCACHE   |  out|    4|       m_axi|           gmem0|       pointer|
|m_axi_gmem0_ARPROT    |  out|    3|       m_axi|           gmem0|       pointer|
|m_axi_gmem0_ARQOS     |  out|    4|       m_axi|           gmem0|       pointer|
|m_axi_gmem0_ARREGION  |  out|    4|       m_axi|           gmem0|       pointer|
|m_axi_gmem0_ARUSER    |  out|    1|       m_axi|           gmem0|       pointer|
|m_axi_gmem0_RVALID    |   in|    1|       m_axi|           gmem0|       pointer|
|m_axi_gmem0_RREADY    |  out|    1|       m_axi|           gmem0|       pointer|
|m_axi_gmem0_RDATA     |   in|   32|       m_axi|           gmem0|       pointer|
|m_axi_gmem0_RLAST     |   in|    1|       m_axi|           gmem0|       pointer|
|m_axi_gmem0_RID       |   in|    1|       m_axi|           gmem0|       pointer|
|m_axi_gmem0_RFIFONUM  |   in|    9|       m_axi|           gmem0|       pointer|
|m_axi_gmem0_RUSER     |   in|    1|       m_axi|           gmem0|       pointer|
|m_axi_gmem0_RRESP     |   in|    2|       m_axi|           gmem0|       pointer|
|m_axi_gmem0_BVALID    |   in|    1|       m_axi|           gmem0|       pointer|
|m_axi_gmem0_BREADY    |  out|    1|       m_axi|           gmem0|       pointer|
|m_axi_gmem0_BRESP     |   in|    2|       m_axi|           gmem0|       pointer|
|m_axi_gmem0_BID       |   in|    1|       m_axi|           gmem0|       pointer|
|m_axi_gmem0_BUSER     |   in|    1|       m_axi|           gmem0|       pointer|
|x                     |   in|   64|     ap_none|               x|        scalar|
|w_0_address0          |  out|    9|   ap_memory|             w_0|         array|
|w_0_ce0               |  out|    1|   ap_memory|             w_0|         array|
|w_0_q0                |   in|   32|   ap_memory|             w_0|         array|
|w_1_address0          |  out|    9|   ap_memory|             w_1|         array|
|w_1_ce0               |  out|    1|   ap_memory|             w_1|         array|
|w_1_q0                |   in|   32|   ap_memory|             w_1|         array|
|w_2_address0          |  out|    9|   ap_memory|             w_2|         array|
|w_2_ce0               |  out|    1|   ap_memory|             w_2|         array|
|w_2_q0                |   in|   32|   ap_memory|             w_2|         array|
|w_3_address0          |  out|    9|   ap_memory|             w_3|         array|
|w_3_ce0               |  out|    1|   ap_memory|             w_3|         array|
|w_3_q0                |   in|   32|   ap_memory|             w_3|         array|
|w_4_address0          |  out|    9|   ap_memory|             w_4|         array|
|w_4_ce0               |  out|    1|   ap_memory|             w_4|         array|
|w_4_q0                |   in|   32|   ap_memory|             w_4|         array|
|w_5_address0          |  out|    9|   ap_memory|             w_5|         array|
|w_5_ce0               |  out|    1|   ap_memory|             w_5|         array|
|w_5_q0                |   in|   32|   ap_memory|             w_5|         array|
|w_6_address0          |  out|    9|   ap_memory|             w_6|         array|
|w_6_ce0               |  out|    1|   ap_memory|             w_6|         array|
|w_6_q0                |   in|   32|   ap_memory|             w_6|         array|
|w_7_address0          |  out|    9|   ap_memory|             w_7|         array|
|w_7_ce0               |  out|    1|   ap_memory|             w_7|         array|
|w_7_q0                |   in|   32|   ap_memory|             w_7|         array|
|m_axi_gmem4_AWVALID   |  out|    1|       m_axi|           gmem4|       pointer|
|m_axi_gmem4_AWREADY   |   in|    1|       m_axi|           gmem4|       pointer|
|m_axi_gmem4_AWADDR    |  out|   64|       m_axi|           gmem4|       pointer|
|m_axi_gmem4_AWID      |  out|    1|       m_axi|           gmem4|       pointer|
|m_axi_gmem4_AWLEN     |  out|   32|       m_axi|           gmem4|       pointer|
|m_axi_gmem4_AWSIZE    |  out|    3|       m_axi|           gmem4|       pointer|
|m_axi_gmem4_AWBURST   |  out|    2|       m_axi|           gmem4|       pointer|
|m_axi_gmem4_AWLOCK    |  out|    2|       m_axi|           gmem4|       pointer|
|m_axi_gmem4_AWCACHE   |  out|    4|       m_axi|           gmem4|       pointer|
|m_axi_gmem4_AWPROT    |  out|    3|       m_axi|           gmem4|       pointer|
|m_axi_gmem4_AWQOS     |  out|    4|       m_axi|           gmem4|       pointer|
|m_axi_gmem4_AWREGION  |  out|    4|       m_axi|           gmem4|       pointer|
|m_axi_gmem4_AWUSER    |  out|    1|       m_axi|           gmem4|       pointer|
|m_axi_gmem4_WVALID    |  out|    1|       m_axi|           gmem4|       pointer|
|m_axi_gmem4_WREADY    |   in|    1|       m_axi|           gmem4|       pointer|
|m_axi_gmem4_WDATA     |  out|   32|       m_axi|           gmem4|       pointer|
|m_axi_gmem4_WSTRB     |  out|    4|       m_axi|           gmem4|       pointer|
|m_axi_gmem4_WLAST     |  out|    1|       m_axi|           gmem4|       pointer|
|m_axi_gmem4_WID       |  out|    1|       m_axi|           gmem4|       pointer|
|m_axi_gmem4_WUSER     |  out|    1|       m_axi|           gmem4|       pointer|
|m_axi_gmem4_ARVALID   |  out|    1|       m_axi|           gmem4|       pointer|
|m_axi_gmem4_ARREADY   |   in|    1|       m_axi|           gmem4|       pointer|
|m_axi_gmem4_ARADDR    |  out|   64|       m_axi|           gmem4|       pointer|
|m_axi_gmem4_ARID      |  out|    1|       m_axi|           gmem4|       pointer|
|m_axi_gmem4_ARLEN     |  out|   32|       m_axi|           gmem4|       pointer|
|m_axi_gmem4_ARSIZE    |  out|    3|       m_axi|           gmem4|       pointer|
|m_axi_gmem4_ARBURST   |  out|    2|       m_axi|           gmem4|       pointer|
|m_axi_gmem4_ARLOCK    |  out|    2|       m_axi|           gmem4|       pointer|
|m_axi_gmem4_ARCACHE   |  out|    4|       m_axi|           gmem4|       pointer|
|m_axi_gmem4_ARPROT    |  out|    3|       m_axi|           gmem4|       pointer|
|m_axi_gmem4_ARQOS     |  out|    4|       m_axi|           gmem4|       pointer|
|m_axi_gmem4_ARREGION  |  out|    4|       m_axi|           gmem4|       pointer|
|m_axi_gmem4_ARUSER    |  out|    1|       m_axi|           gmem4|       pointer|
|m_axi_gmem4_RVALID    |   in|    1|       m_axi|           gmem4|       pointer|
|m_axi_gmem4_RREADY    |  out|    1|       m_axi|           gmem4|       pointer|
|m_axi_gmem4_RDATA     |   in|   32|       m_axi|           gmem4|       pointer|
|m_axi_gmem4_RLAST     |   in|    1|       m_axi|           gmem4|       pointer|
|m_axi_gmem4_RID       |   in|    1|       m_axi|           gmem4|       pointer|
|m_axi_gmem4_RFIFONUM  |   in|    9|       m_axi|           gmem4|       pointer|
|m_axi_gmem4_RUSER     |   in|    1|       m_axi|           gmem4|       pointer|
|m_axi_gmem4_RRESP     |   in|    2|       m_axi|           gmem4|       pointer|
|m_axi_gmem4_BVALID    |   in|    1|       m_axi|           gmem4|       pointer|
|m_axi_gmem4_BREADY    |  out|    1|       m_axi|           gmem4|       pointer|
|m_axi_gmem4_BRESP     |   in|    2|       m_axi|           gmem4|       pointer|
|m_axi_gmem4_BID       |   in|    1|       m_axi|           gmem4|       pointer|
|m_axi_gmem4_BUSER     |   in|    1|       m_axi|           gmem4|       pointer|
|b                     |   in|   64|     ap_none|               b|        scalar|
|result_address0       |  out|    6|   ap_memory|          result|         array|
|result_ce0            |  out|    1|   ap_memory|          result|         array|
|result_we0            |  out|    1|   ap_memory|          result|         array|
|result_d0             |  out|   32|   ap_memory|          result|         array|
|idx                   |   in|   10|     ap_none|             idx|        scalar|
+----------------------+-----+-----+------------+----------------+--------------+

============================================================
+ Verbose Summary: Synthesis Manager
============================================================
InlineROM: 1
ExposeGlobal: 0
============================================================
+ Verbose Summary: CDFG Model
============================================================
IsTopModel: 0
ResetActiveHigh: 1
IsCombinational: 2
IsDatapathOnly: 2
HasWiredReturn: 1
HasMFsm: 0
HasVarLatency: 1
IsPipeline: 0
IsRtlPipelined: 0
IsInstanceOverlapped: 0
IsDontTouch: 0
HasImplIP: 0
IsGatedGlobalClock: 0


============================================================
+ Verbose Summary: Schedule
============================================================
* Number of FSM states : 10
* Pipeline : 0
* Dataflow Pipeline: 0

* FSM state transitions: 
1 --> 2 
2 --> 3 
3 --> 4 
4 --> 5 
5 --> 6 
6 --> 7 
7 --> 8 
8 --> 9 
9 --> 10 
10 --> 

* FSM state operations: 

State 1 <SV = 0> <Delay = 7.30>
ST_1 : Operation 11 [1/1] (0.00ns)   --->   "%b_read = read i64 @_ssdm_op_Read.ap_auto.i64, i64 %b" [/home/simics/HMoE/HLS_HMoE/pseudo_block/run_6/src/pseudo_moe.cpp:20]   --->   Operation 11 'read' 'b_read' <Predicate = true> <Delay = 0.00>
ST_1 : Operation 12 [1/1] (0.00ns)   --->   "%trunc_ln = partselect i62 @_ssdm_op_PartSelect.i62.i64.i32.i32, i64 %b_read, i32 2, i32 63" [/home/simics/HMoE/HLS_HMoE/pseudo_block/run_6/src/pseudo_moe.cpp:20]   --->   Operation 12 'partselect' 'trunc_ln' <Predicate = true> <Delay = 0.00>
ST_1 : Operation 13 [1/1] (0.00ns)   --->   "%sext_ln20 = sext i62 %trunc_ln" [/home/simics/HMoE/HLS_HMoE/pseudo_block/run_6/src/pseudo_moe.cpp:20]   --->   Operation 13 'sext' 'sext_ln20' <Predicate = true> <Delay = 0.00>
ST_1 : Operation 14 [1/1] (0.00ns)   --->   "%gmem4_addr = getelementptr i32 %gmem4, i64 %sext_ln20" [/home/simics/HMoE/HLS_HMoE/pseudo_block/run_6/src/pseudo_moe.cpp:20]   --->   Operation 14 'getelementptr' 'gmem4_addr' <Predicate = true> <Delay = 0.00>
ST_1 : Operation 15 [8/8] (7.30ns)   --->   "%empty = readreq i1 @_ssdm_op_ReadReq.m_axi.p1i32, i64 %gmem4_addr, i32 64" [/home/simics/HMoE/HLS_HMoE/pseudo_block/run_6/src/pseudo_moe.cpp:20]   --->   Operation 15 'readreq' 'empty' <Predicate = true> <Delay = 7.30> <CoreInst = "m_axi">   --->   Core 121 'm_axi' <Latency = 0> <II = 1> <Delay = 1.00> <Adapter> <Opcode : 'read' 'write' 'readreq' 'writereq' 'writeresp'>

State 2 <SV = 1> <Delay = 7.30>
ST_2 : Operation 16 [7/8] (7.30ns)   --->   "%empty = readreq i1 @_ssdm_op_ReadReq.m_axi.p1i32, i64 %gmem4_addr, i32 64" [/home/simics/HMoE/HLS_HMoE/pseudo_block/run_6/src/pseudo_moe.cpp:20]   --->   Operation 16 'readreq' 'empty' <Predicate = true> <Delay = 7.30> <CoreInst = "m_axi">   --->   Core 121 'm_axi' <Latency = 0> <II = 1> <Delay = 1.00> <Adapter> <Opcode : 'read' 'write' 'readreq' 'writereq' 'writeresp'>

State 3 <SV = 2> <Delay = 7.30>
ST_3 : Operation 17 [6/8] (7.30ns)   --->   "%empty = readreq i1 @_ssdm_op_ReadReq.m_axi.p1i32, i64 %gmem4_addr, i32 64" [/home/simics/HMoE/HLS_HMoE/pseudo_block/run_6/src/pseudo_moe.cpp:20]   --->   Operation 17 'readreq' 'empty' <Predicate = true> <Delay = 7.30> <CoreInst = "m_axi">   --->   Core 121 'm_axi' <Latency = 0> <II = 1> <Delay = 1.00> <Adapter> <Opcode : 'read' 'write' 'readreq' 'writereq' 'writeresp'>

State 4 <SV = 3> <Delay = 7.30>
ST_4 : Operation 18 [5/8] (7.30ns)   --->   "%empty = readreq i1 @_ssdm_op_ReadReq.m_axi.p1i32, i64 %gmem4_addr, i32 64" [/home/simics/HMoE/HLS_HMoE/pseudo_block/run_6/src/pseudo_moe.cpp:20]   --->   Operation 18 'readreq' 'empty' <Predicate = true> <Delay = 7.30> <CoreInst = "m_axi">   --->   Core 121 'm_axi' <Latency = 0> <II = 1> <Delay = 1.00> <Adapter> <Opcode : 'read' 'write' 'readreq' 'writereq' 'writeresp'>

State 5 <SV = 4> <Delay = 7.30>
ST_5 : Operation 19 [4/8] (7.30ns)   --->   "%empty = readreq i1 @_ssdm_op_ReadReq.m_axi.p1i32, i64 %gmem4_addr, i32 64" [/home/simics/HMoE/HLS_HMoE/pseudo_block/run_6/src/pseudo_moe.cpp:20]   --->   Operation 19 'readreq' 'empty' <Predicate = true> <Delay = 7.30> <CoreInst = "m_axi">   --->   Core 121 'm_axi' <Latency = 0> <II = 1> <Delay = 1.00> <Adapter> <Opcode : 'read' 'write' 'readreq' 'writereq' 'writeresp'>

State 6 <SV = 5> <Delay = 7.30>
ST_6 : Operation 20 [3/8] (7.30ns)   --->   "%empty = readreq i1 @_ssdm_op_ReadReq.m_axi.p1i32, i64 %gmem4_addr, i32 64" [/home/simics/HMoE/HLS_HMoE/pseudo_block/run_6/src/pseudo_moe.cpp:20]   --->   Operation 20 'readreq' 'empty' <Predicate = true> <Delay = 7.30> <CoreInst = "m_axi">   --->   Core 121 'm_axi' <Latency = 0> <II = 1> <Delay = 1.00> <Adapter> <Opcode : 'read' 'write' 'readreq' 'writereq' 'writeresp'>

State 7 <SV = 6> <Delay = 7.30>
ST_7 : Operation 21 [2/8] (7.30ns)   --->   "%empty = readreq i1 @_ssdm_op_ReadReq.m_axi.p1i32, i64 %gmem4_addr, i32 64" [/home/simics/HMoE/HLS_HMoE/pseudo_block/run_6/src/pseudo_moe.cpp:20]   --->   Operation 21 'readreq' 'empty' <Predicate = true> <Delay = 7.30> <CoreInst = "m_axi">   --->   Core 121 'm_axi' <Latency = 0> <II = 1> <Delay = 1.00> <Adapter> <Opcode : 'read' 'write' 'readreq' 'writereq' 'writeresp'>

State 8 <SV = 7> <Delay = 7.30>
ST_8 : Operation 22 [1/8] (7.30ns)   --->   "%empty = readreq i1 @_ssdm_op_ReadReq.m_axi.p1i32, i64 %gmem4_addr, i32 64" [/home/simics/HMoE/HLS_HMoE/pseudo_block/run_6/src/pseudo_moe.cpp:20]   --->   Operation 22 'readreq' 'empty' <Predicate = true> <Delay = 7.30> <CoreInst = "m_axi">   --->   Core 121 'm_axi' <Latency = 0> <II = 1> <Delay = 1.00> <Adapter> <Opcode : 'read' 'write' 'readreq' 'writereq' 'writeresp'>

State 9 <SV = 8> <Delay = 0.96>
ST_9 : Operation 23 [1/1] (0.00ns)   --->   "%idx_read = read i10 @_ssdm_op_Read.ap_auto.i10, i10 %idx" [/home/simics/HMoE/HLS_HMoE/pseudo_block/run_6/src/pseudo_moe.cpp:20]   --->   Operation 23 'read' 'idx_read' <Predicate = true> <Delay = 0.00>
ST_9 : Operation 24 [1/1] (0.00ns)   --->   "%x_read = read i64 @_ssdm_op_Read.ap_auto.i64, i64 %x" [/home/simics/HMoE/HLS_HMoE/pseudo_block/run_6/src/pseudo_moe.cpp:20]   --->   Operation 24 'read' 'x_read' <Predicate = true> <Delay = 0.00>
ST_9 : Operation 25 [1/1] (0.00ns)   --->   "%shl_ln = bitconcatenate i12 @_ssdm_op_BitConcatenate.i12.i10.i2, i10 %idx_read, i2 0" [/home/simics/HMoE/HLS_HMoE/pseudo_block/run_6/src/pseudo_moe.cpp:20]   --->   Operation 25 'bitconcatenate' 'shl_ln' <Predicate = true> <Delay = 0.00>
ST_9 : Operation 26 [1/1] (0.00ns)   --->   "%zext_ln20 = zext i12 %shl_ln" [/home/simics/HMoE/HLS_HMoE/pseudo_block/run_6/src/pseudo_moe.cpp:20]   --->   Operation 26 'zext' 'zext_ln20' <Predicate = true> <Delay = 0.00>
ST_9 : Operation 27 [1/1] (0.96ns)   --->   "%add_ln20 = add i64 %zext_ln20, i64 %x_read" [/home/simics/HMoE/HLS_HMoE/pseudo_block/run_6/src/pseudo_moe.cpp:20]   --->   Operation 27 'add' 'add_ln20' <Predicate = true> <Delay = 0.96> <CoreInst = "Adder">   --->   Core 1 'Adder' <Latency = 0> <II = 1> <Delay = 0.96> <FuncUnit> <Opcode : 'add' 'sub'> <InPorts = 2> <OutPorts = 1>
ST_9 : Operation 28 [1/1] (0.00ns)   --->   "%trunc_ln6 = partselect i62 @_ssdm_op_PartSelect.i62.i64.i32.i32, i64 %add_ln20, i32 2, i32 63" [/home/simics/HMoE/HLS_HMoE/pseudo_block/run_6/src/pseudo_moe.cpp:31]   --->   Operation 28 'partselect' 'trunc_ln6' <Predicate = true> <Delay = 0.00>
ST_9 : Operation 29 [2/2] (0.00ns)   --->   "%call_ln20 = call void @compute_expert_Pipeline_VITIS_LOOP_20_1_VITIS_LOOP_31_3, i32 %w_0, i32 %w_1, i32 %w_2, i32 %w_3, i32 %w_4, i32 %w_5, i32 %w_6, i32 %w_7, i32 %result, i32 %gmem4, i62 %trunc_ln, i32 %gmem0, i62 %trunc_ln6" [/home/simics/HMoE/HLS_HMoE/pseudo_block/run_6/src/pseudo_moe.cpp:20]   --->   Operation 29 'call' 'call_ln20' <Predicate = true> <Delay = 0.00> <CoreType = "Generic">   --->   Core 0 '' <Latency = 0> <II = 1> <Delay = 1.00> <Generic> <Opcode : >

State 10 <SV = 9> <Delay = 0.00>
ST_10 : Operation 30 [1/1] (0.00ns)   --->   "%specinterface_ln0 = specinterface void @_ssdm_op_SpecInterface, i32 %gmem4, void @empty_19, i32 0, i32 0, void @empty_35, i32 0, i32 0, void @empty_4, void @empty_34, void @empty_35, i32 16, i32 16, i32 16, i32 16, void @empty_35, void @empty_35, i32 4294967295, i32 0"   --->   Operation 30 'specinterface' 'specinterface_ln0' <Predicate = true> <Delay = 0.00>
ST_10 : Operation 31 [1/1] (0.00ns)   --->   "%specinterface_ln0 = specinterface void @_ssdm_op_SpecInterface, i32 %gmem0, void @empty_19, i32 0, i32 0, void @empty_35, i32 0, i32 0, void @empty, void @empty_34, void @empty_35, i32 16, i32 16, i32 16, i32 16, void @empty_35, void @empty_35, i32 4294967295, i32 0"   --->   Operation 31 'specinterface' 'specinterface_ln0' <Predicate = true> <Delay = 0.00>
ST_10 : Operation 32 [1/2] (0.00ns)   --->   "%call_ln20 = call void @compute_expert_Pipeline_VITIS_LOOP_20_1_VITIS_LOOP_31_3, i32 %w_0, i32 %w_1, i32 %w_2, i32 %w_3, i32 %w_4, i32 %w_5, i32 %w_6, i32 %w_7, i32 %result, i32 %gmem4, i62 %trunc_ln, i32 %gmem0, i62 %trunc_ln6" [/home/simics/HMoE/HLS_HMoE/pseudo_block/run_6/src/pseudo_moe.cpp:20]   --->   Operation 32 'call' 'call_ln20' <Predicate = true> <Delay = 0.00> <CoreType = "Generic">   --->   Core 0 '' <Latency = 0> <II = 1> <Delay = 1.00> <Generic> <Opcode : >
ST_10 : Operation 33 [1/1] (0.00ns)   --->   "%ret_ln50 = ret" [/home/simics/HMoE/HLS_HMoE/pseudo_block/run_6/src/pseudo_moe.cpp:50]   --->   Operation 33 'ret' 'ret_ln50' <Predicate = true> <Delay = 0.00>


============================================================
+ Verbose Summary: Binding
============================================================
STG Binding: 
---------------- STG Properties BEGIN ----------------
- Is combinational: 0
- Is one-state seq: 0
- Is datapath-only: 0
- Is pipelined: 0
- Is top level: 0
Port [ Return ] is wired: 1; IO mode=ap_ctrl_hs:ce=0
Port [ gmem0]:  wired=1; compound=1; hidden=0; nouse=0; global=0; static=0; extern=0; dir=0; type=4; pingpong=0; private_global=0; IO mode=m_axi:ce=0
Port [ x]:  wired=1; compound=0; hidden=0; nouse=0; global=0; static=0; extern=0; dir=0; type=0; pingpong=0; private_global=0; IO mode=ap_none:ce=0
Port [ w_0]:  wired=1; compound=1; hidden=0; nouse=0; global=0; static=0; extern=0; dir=0; type=1; pingpong=0; private_global=0; MemPort=[13]; IO mode=ap_memory:ce=0
Port [ w_1]:  wired=1; compound=1; hidden=0; nouse=0; global=0; static=0; extern=0; dir=0; type=1; pingpong=0; private_global=0; MemPort=[13]; IO mode=ap_memory:ce=0
Port [ w_2]:  wired=1; compound=1; hidden=0; nouse=0; global=0; static=0; extern=0; dir=0; type=1; pingpong=0; private_global=0; MemPort=[13]; IO mode=ap_memory:ce=0
Port [ w_3]:  wired=1; compound=1; hidden=0; nouse=0; global=0; static=0; extern=0; dir=0; type=1; pingpong=0; private_global=0; MemPort=[13]; IO mode=ap_memory:ce=0
Port [ w_4]:  wired=1; compound=1; hidden=0; nouse=0; global=0; static=0; extern=0; dir=0; type=1; pingpong=0; private_global=0; MemPort=[13]; IO mode=ap_memory:ce=0
Port [ w_5]:  wired=1; compound=1; hidden=0; nouse=0; global=0; static=0; extern=0; dir=0; type=1; pingpong=0; private_global=0; MemPort=[13]; IO mode=ap_memory:ce=0
Port [ w_6]:  wired=1; compound=1; hidden=0; nouse=0; global=0; static=0; extern=0; dir=0; type=1; pingpong=0; private_global=0; MemPort=[13]; IO mode=ap_memory:ce=0
Port [ w_7]:  wired=1; compound=1; hidden=0; nouse=0; global=0; static=0; extern=0; dir=0; type=1; pingpong=0; private_global=0; MemPort=[13]; IO mode=ap_memory:ce=0
Port [ gmem4]:  wired=1; compound=1; hidden=0; nouse=0; global=0; static=0; extern=0; dir=0; type=4; pingpong=0; private_global=0; IO mode=m_axi:ce=0
Port [ b]:  wired=1; compound=0; hidden=0; nouse=0; global=0; static=0; extern=0; dir=0; type=0; pingpong=0; private_global=0; IO mode=ap_none:ce=0
Port [ result]:  wired=1; compound=1; hidden=0; nouse=0; global=0; static=0; extern=0; dir=1; type=1; pingpong=0; private_global=0; MemPort=[03]; IO mode=ap_memory:ce=0
Port [ idx]:  wired=1; compound=0; hidden=0; nouse=0; global=0; static=0; extern=0; dir=0; type=0; pingpong=0; private_global=0; IO mode=ap_none:ce=0
---------------- STG Properties END ------------------

---------------- Datapath Model BEGIN ----------------

<LifeTime>
<method=bitvector/>
b_read            (read          ) [ 00000000000]
trunc_ln          (partselect    ) [ 00111111111]
sext_ln20         (sext          ) [ 00000000000]
gmem4_addr        (getelementptr ) [ 00111111100]
empty             (readreq       ) [ 00000000000]
idx_read          (read          ) [ 00000000000]
x_read            (read          ) [ 00000000000]
shl_ln            (bitconcatenate) [ 00000000000]
zext_ln20         (zext          ) [ 00000000000]
add_ln20          (add           ) [ 00000000000]
trunc_ln6         (partselect    ) [ 00000000001]
specinterface_ln0 (specinterface ) [ 00000000000]
specinterface_ln0 (specinterface ) [ 00000000000]
call_ln20         (call          ) [ 00000000000]
ret_ln50          (ret           ) [ 00000000000]
</LifeTime>

<model>

<comp_list>
<comp id="0" class="1000" name="gmem0">
<pin_list>
<pin id="1" dir="1" index="0" bw="1" slack="0"/>
</pin_list>
<bind>
<StgValue><ssdm name="gmem0"/></StgValue>
</bind>
</comp>

<comp id="2" class="1000" name="x">
<pin_list>
<pin id="3" dir="1" index="0" bw="1" slack="0"/>
</pin_list>
<bind>
<StgValue><ssdm name="x"/></StgValue>
</bind>
</comp>

<comp id="4" class="1000" name="w_0">
<pin_list>
<pin id="5" dir="1" index="0" bw="1" slack="0"/>
</pin_list>
<bind>
<StgValue><ssdm name="w_0"/><MemPortTyVec>1 3 </MemPortTyVec>
</StgValue>
</bind>
</comp>

<comp id="6" class="1000" name="w_1">
<pin_list>
<pin id="7" dir="1" index="0" bw="1" slack="0"/>
</pin_list>
<bind>
<StgValue><ssdm name="w_1"/><MemPortTyVec>1 3 </MemPortTyVec>
</StgValue>
</bind>
</comp>

<comp id="8" class="1000" name="w_2">
<pin_list>
<pin id="9" dir="1" index="0" bw="1" slack="0"/>
</pin_list>
<bind>
<StgValue><ssdm name="w_2"/><MemPortTyVec>1 3 </MemPortTyVec>
</StgValue>
</bind>
</comp>

<comp id="10" class="1000" name="w_3">
<pin_list>
<pin id="11" dir="1" index="0" bw="1" slack="0"/>
</pin_list>
<bind>
<StgValue><ssdm name="w_3"/><MemPortTyVec>1 3 </MemPortTyVec>
</StgValue>
</bind>
</comp>

<comp id="12" class="1000" name="w_4">
<pin_list>
<pin id="13" dir="1" index="0" bw="1" slack="0"/>
</pin_list>
<bind>
<StgValue><ssdm name="w_4"/><MemPortTyVec>1 3 </MemPortTyVec>
</StgValue>
</bind>
</comp>

<comp id="14" class="1000" name="w_5">
<pin_list>
<pin id="15" dir="1" index="0" bw="1" slack="0"/>
</pin_list>
<bind>
<StgValue><ssdm name="w_5"/><MemPortTyVec>1 3 </MemPortTyVec>
</StgValue>
</bind>
</comp>

<comp id="16" class="1000" name="w_6">
<pin_list>
<pin id="17" dir="1" index="0" bw="1" slack="0"/>
</pin_list>
<bind>
<StgValue><ssdm name="w_6"/><MemPortTyVec>1 3 </MemPortTyVec>
</StgValue>
</bind>
</comp>

<comp id="18" class="1000" name="w_7">
<pin_list>
<pin id="19" dir="1" index="0" bw="1" slack="0"/>
</pin_list>
<bind>
<StgValue><ssdm name="w_7"/><MemPortTyVec>1 3 </MemPortTyVec>
</StgValue>
</bind>
</comp>

<comp id="20" class="1000" name="gmem4">
<pin_list>
<pin id="21" dir="1" index="0" bw="1" slack="0"/>
</pin_list>
<bind>
<StgValue><ssdm name="gmem4"/></StgValue>
</bind>
</comp>

<comp id="22" class="1000" name="b">
<pin_list>
<pin id="23" dir="1" index="0" bw="1" slack="0"/>
</pin_list>
<bind>
<StgValue><ssdm name="b"/></StgValue>
</bind>
</comp>

<comp id="24" class="1000" name="result">
<pin_list>
<pin id="25" dir="1" index="0" bw="1" slack="0"/>
</pin_list>
<bind>
<StgValue><ssdm name="result"/><MemPortTyVec>0 3 </MemPortTyVec>
</StgValue>
</bind>
</comp>

<comp id="26" class="1000" name="idx">
<pin_list>
<pin id="27" dir="1" index="0" bw="1" slack="0"/>
</pin_list>
<bind>
<StgValue><ssdm name="idx"/></StgValue>
</bind>
</comp>

<comp id="28" class="1001" name="const_28">
<pin_list>
<pin id="29" dir="1" index="0" bw="1" slack="0"/>
</pin_list>
<bind>
<StgValue><ssdm name="_ssdm_op_Read.ap_auto.i64"/></StgValue>
</bind>
</comp>

<comp id="30" class="1001" name="const_30">
<pin_list>
<pin id="31" dir="1" index="0" bw="1" slack="0"/>
</pin_list>
<bind>
<StgValue><ssdm name="_ssdm_op_PartSelect.i62.i64.i32.i32"/></StgValue>
</bind>
</comp>

<comp id="32" class="1001" name="const_32">
<pin_list>
<pin id="33" dir="1" index="0" bw="1" slack="0"/>
</pin_list>
<bind>
<StgValue><ssdm name=""/></StgValue>
</bind>
</comp>

<comp id="34" class="1001" name="const_34">
<pin_list>
<pin id="35" dir="1" index="0" bw="1" slack="0"/>
</pin_list>
<bind>
<StgValue><ssdm name=""/></StgValue>
</bind>
</comp>

<comp id="36" class="1001" name="const_36">
<pin_list>
<pin id="37" dir="1" index="0" bw="1" slack="0"/>
</pin_list>
<bind>
<StgValue><ssdm name="_ssdm_op_ReadReq.m_axi.p1i32"/></StgValue>
</bind>
</comp>

<comp id="38" class="1001" name="const_38">
<pin_list>
<pin id="39" dir="1" index="0" bw="1" slack="0"/>
</pin_list>
<bind>
<StgValue><ssdm name=""/></StgValue>
</bind>
</comp>

<comp id="40" class="1001" name="const_40">
<pin_list>
<pin id="41" dir="1" index="0" bw="1" slack="0"/>
</pin_list>
<bind>
<StgValue><ssdm name="_ssdm_op_Read.ap_auto.i10"/></StgValue>
</bind>
</comp>

<comp id="42" class="1001" name="const_42">
<pin_list>
<pin id="43" dir="1" index="0" bw="1" slack="0"/>
</pin_list>
<bind>
<StgValue><ssdm name="_ssdm_op_BitConcatenate.i12.i10.i2"/></StgValue>
</bind>
</comp>

<comp id="44" class="1001" name="const_44">
<pin_list>
<pin id="45" dir="1" index="0" bw="1" slack="0"/>
</pin_list>
<bind>
<StgValue><ssdm name=""/></StgValue>
</bind>
</comp>

<comp id="46" class="1001" name="const_46">
<pin_list>
<pin id="47" dir="1" index="0" bw="1" slack="0"/>
</pin_list>
<bind>
<StgValue><ssdm name="compute_expert_Pipeline_VITIS_LOOP_20_1_VITIS_LOOP_31_3"/></StgValue>
</bind>
</comp>

<comp id="48" class="1001" name="const_48">
<pin_list>
<pin id="49" dir="1" index="0" bw="1" slack="2147483647"/>
</pin_list>
<bind>
<StgValue><ssdm name="_ssdm_op_SpecInterface"/></StgValue>
</bind>
</comp>

<comp id="50" class="1001" name="const_50">
<pin_list>
<pin id="51" dir="1" index="0" bw="1" slack="2147483647"/>
</pin_list>
<bind>
<StgValue><ssdm name="empty_19"/></StgValue>
</bind>
</comp>

<comp id="52" class="1001" name="const_52">
<pin_list>
<pin id="53" dir="1" index="0" bw="1" slack="2147483647"/>
</pin_list>
<bind>
<StgValue><ssdm name=""/></StgValue>
</bind>
</comp>

<comp id="54" class="1001" name="const_54">
<pin_list>
<pin id="55" dir="1" index="0" bw="1" slack="2147483647"/>
</pin_list>
<bind>
<StgValue><ssdm name="empty_35"/></StgValue>
</bind>
</comp>

<comp id="56" class="1001" name="const_56">
<pin_list>
<pin id="57" dir="1" index="0" bw="1" slack="2147483647"/>
</pin_list>
<bind>
<StgValue><ssdm name="empty_4"/></StgValue>
</bind>
</comp>

<comp id="58" class="1001" name="const_58">
<pin_list>
<pin id="59" dir="1" index="0" bw="1" slack="2147483647"/>
</pin_list>
<bind>
<StgValue><ssdm name="empty_34"/></StgValue>
</bind>
</comp>

<comp id="60" class="1001" name="const_60">
<pin_list>
<pin id="61" dir="1" index="0" bw="1" slack="2147483647"/>
</pin_list>
<bind>
<StgValue><ssdm name=""/></StgValue>
</bind>
</comp>

<comp id="62" class="1001" name="const_62">
<pin_list>
<pin id="63" dir="1" index="0" bw="1" slack="2147483647"/>
</pin_list>
<bind>
<StgValue><ssdm name=""/></StgValue>
</bind>
</comp>

<comp id="64" class="1001" name="const_64">
<pin_list>
<pin id="65" dir="1" index="0" bw="1" slack="2147483647"/>
</pin_list>
<bind>
<StgValue><ssdm name="empty"/></StgValue>
</bind>
</comp>

<comp id="66" class="1004" name="b_read_read_fu_66">
<pin_list>
<pin id="67" dir="0" index="0" bw="64" slack="0"/>
<pin id="68" dir="0" index="1" bw="64" slack="0"/>
<pin id="69" dir="1" index="2" bw="64" slack="0"/>
</pin_list>
<bind>
<opcode="read(1150) " fcode="read"/>
<opset="b_read/1 "/>
</bind>
</comp>

<comp id="72" class="1004" name="grp_readreq_fu_72">
<pin_list>
<pin id="73" dir="0" index="0" bw="1" slack="0"/>
<pin id="74" dir="0" index="1" bw="32" slack="0"/>
<pin id="75" dir="0" index="2" bw="8" slack="0"/>
<pin id="76" dir="1" index="3" bw="1" slack="2147483647"/>
</pin_list>
<bind>
<opcode="readreq(1154) " fcode="readreq"/>
<opset="empty/1 "/>
</bind>
</comp>

<comp id="79" class="1004" name="idx_read_read_fu_79">
<pin_list>
<pin id="80" dir="0" index="0" bw="10" slack="0"/>
<pin id="81" dir="0" index="1" bw="10" slack="0"/>
<pin id="82" dir="1" index="2" bw="10" slack="0"/>
</pin_list>
<bind>
<opcode="read(1150) " fcode="read"/>
<opset="idx_read/9 "/>
</bind>
</comp>

<comp id="85" class="1004" name="x_read_read_fu_85">
<pin_list>
<pin id="86" dir="0" index="0" bw="64" slack="0"/>
<pin id="87" dir="0" index="1" bw="64" slack="0"/>
<pin id="88" dir="1" index="2" bw="64" slack="0"/>
</pin_list>
<bind>
<opcode="read(1150) " fcode="read"/>
<opset="x_read/9 "/>
</bind>
</comp>

<comp id="91" class="1004" name="grp_compute_expert_Pipeline_VITIS_LOOP_20_1_VITIS_LOOP_31_3_fu_91">
<pin_list>
<pin id="92" dir="0" index="0" bw="0" slack="0"/>
<pin id="93" dir="0" index="1" bw="32" slack="0"/>
<pin id="94" dir="0" index="2" bw="32" slack="0"/>
<pin id="95" dir="0" index="3" bw="32" slack="0"/>
<pin id="96" dir="0" index="4" bw="32" slack="0"/>
<pin id="97" dir="0" index="5" bw="32" slack="0"/>
<pin id="98" dir="0" index="6" bw="32" slack="0"/>
<pin id="99" dir="0" index="7" bw="32" slack="0"/>
<pin id="100" dir="0" index="8" bw="32" slack="0"/>
<pin id="101" dir="0" index="9" bw="32" slack="0"/>
<pin id="102" dir="0" index="10" bw="32" slack="0"/>
<pin id="103" dir="0" index="11" bw="62" slack="8"/>
<pin id="104" dir="0" index="12" bw="32" slack="0"/>
<pin id="105" dir="0" index="13" bw="62" slack="0"/>
<pin id="106" dir="1" index="14" bw="0" slack="2147483647"/>
</pin_list>
<bind>
<opcode="call(48) " fcode="call"/>
<opset="call_ln20/9 "/>
</bind>
</comp>

<comp id="119" class="1004" name="trunc_ln_fu_119">
<pin_list>
<pin id="120" dir="0" index="0" bw="62" slack="0"/>
<pin id="121" dir="0" index="1" bw="64" slack="0"/>
<pin id="122" dir="0" index="2" bw="3" slack="0"/>
<pin id="123" dir="0" index="3" bw="7" slack="0"/>
<pin id="124" dir="1" index="4" bw="62" slack="0"/>
</pin_list>
<bind>
<opcode="partselect(1002) " fcode="partselect"/>
<opset="trunc_ln/1 "/>
</bind>
</comp>

<comp id="129" class="1004" name="sext_ln20_fu_129">
<pin_list>
<pin id="130" dir="0" index="0" bw="62" slack="0"/>
<pin id="131" dir="1" index="1" bw="64" slack="0"/>
</pin_list>
<bind>
<opcode="sext(35) " fcode="sext"/>
<opset="sext_ln20/1 "/>
</bind>
</comp>

<comp id="133" class="1004" name="gmem4_addr_fu_133">
<pin_list>
<pin id="134" dir="0" index="0" bw="64" slack="0"/>
<pin id="135" dir="0" index="1" bw="64" slack="0"/>
<pin id="136" dir="1" index="2" bw="64" slack="0"/>
</pin_list>
<bind>
<opcode="getelementptr(29) " fcode="getelementptr"/>
<opset="gmem4_addr/1 "/>
</bind>
</comp>

<comp id="140" class="1004" name="shl_ln_fu_140">
<pin_list>
<pin id="141" dir="0" index="0" bw="12" slack="0"/>
<pin id="142" dir="0" index="1" bw="10" slack="0"/>
<pin id="143" dir="0" index="2" bw="1" slack="0"/>
<pin id="144" dir="1" index="3" bw="12" slack="0"/>
</pin_list>
<bind>
<opcode="bitconcatenate(1004) " fcode="bitconcatenate"/>
<opset="shl_ln/9 "/>
</bind>
</comp>

<comp id="148" class="1004" name="zext_ln20_fu_148">
<pin_list>
<pin id="149" dir="0" index="0" bw="12" slack="0"/>
<pin id="150" dir="1" index="1" bw="64" slack="0"/>
</pin_list>
<bind>
<opcode="zext(34) " fcode="zext"/>
<opset="zext_ln20/9 "/>
</bind>
</comp>

<comp id="152" class="1004" name="add_ln20_fu_152">
<pin_list>
<pin id="153" dir="0" index="0" bw="12" slack="0"/>
<pin id="154" dir="0" index="1" bw="64" slack="0"/>
<pin id="155" dir="1" index="2" bw="64" slack="0"/>
</pin_list>
<bind>
<opcode="add(8) " fcode="add"/>
<opset="add_ln20/9 "/>
</bind>
</comp>

<comp id="158" class="1004" name="trunc_ln6_fu_158">
<pin_list>
<pin id="159" dir="0" index="0" bw="62" slack="0"/>
<pin id="160" dir="0" index="1" bw="64" slack="0"/>
<pin id="161" dir="0" index="2" bw="3" slack="0"/>
<pin id="162" dir="0" index="3" bw="7" slack="0"/>
<pin id="163" dir="1" index="4" bw="62" slack="0"/>
</pin_list>
<bind>
<opcode="partselect(1002) " fcode="partselect"/>
<opset="trunc_ln6/9 "/>
</bind>
</comp>

<comp id="169" class="1005" name="trunc_ln_reg_169">
<pin_list>
<pin id="170" dir="0" index="0" bw="62" slack="8"/>
<pin id="171" dir="1" index="1" bw="62" slack="8"/>
</pin_list>
<bind>
<opset="trunc_ln "/>
</bind>
</comp>

<comp id="174" class="1005" name="gmem4_addr_reg_174">
<pin_list>
<pin id="175" dir="0" index="0" bw="32" slack="1"/>
<pin id="176" dir="1" index="1" bw="32" slack="1"/>
</pin_list>
<bind>
<opset="gmem4_addr "/>
</bind>
</comp>

<comp id="179" class="1005" name="trunc_ln6_reg_179">
<pin_list>
<pin id="180" dir="0" index="0" bw="62" slack="1"/>
<pin id="181" dir="1" index="1" bw="62" slack="1"/>
</pin_list>
<bind>
<opset="trunc_ln6 "/>
</bind>
</comp>

</comp_list>

<net_list>
<net id="70"><net_src comp="28" pin="0"/><net_sink comp="66" pin=0"/></net>

<net id="71"><net_src comp="22" pin="0"/><net_sink comp="66" pin=1"/></net>

<net id="77"><net_src comp="36" pin="0"/><net_sink comp="72" pin=0"/></net>

<net id="78"><net_src comp="38" pin="0"/><net_sink comp="72" pin=2"/></net>

<net id="83"><net_src comp="40" pin="0"/><net_sink comp="79" pin=0"/></net>

<net id="84"><net_src comp="26" pin="0"/><net_sink comp="79" pin=1"/></net>

<net id="89"><net_src comp="28" pin="0"/><net_sink comp="85" pin=0"/></net>

<net id="90"><net_src comp="2" pin="0"/><net_sink comp="85" pin=1"/></net>

<net id="107"><net_src comp="46" pin="0"/><net_sink comp="91" pin=0"/></net>

<net id="108"><net_src comp="4" pin="0"/><net_sink comp="91" pin=1"/></net>

<net id="109"><net_src comp="6" pin="0"/><net_sink comp="91" pin=2"/></net>

<net id="110"><net_src comp="8" pin="0"/><net_sink comp="91" pin=3"/></net>

<net id="111"><net_src comp="10" pin="0"/><net_sink comp="91" pin=4"/></net>

<net id="112"><net_src comp="12" pin="0"/><net_sink comp="91" pin=5"/></net>

<net id="113"><net_src comp="14" pin="0"/><net_sink comp="91" pin=6"/></net>

<net id="114"><net_src comp="16" pin="0"/><net_sink comp="91" pin=7"/></net>

<net id="115"><net_src comp="18" pin="0"/><net_sink comp="91" pin=8"/></net>

<net id="116"><net_src comp="24" pin="0"/><net_sink comp="91" pin=9"/></net>

<net id="117"><net_src comp="20" pin="0"/><net_sink comp="91" pin=10"/></net>

<net id="118"><net_src comp="0" pin="0"/><net_sink comp="91" pin=12"/></net>

<net id="125"><net_src comp="30" pin="0"/><net_sink comp="119" pin=0"/></net>

<net id="126"><net_src comp="66" pin="2"/><net_sink comp="119" pin=1"/></net>

<net id="127"><net_src comp="32" pin="0"/><net_sink comp="119" pin=2"/></net>

<net id="128"><net_src comp="34" pin="0"/><net_sink comp="119" pin=3"/></net>

<net id="132"><net_src comp="119" pin="4"/><net_sink comp="129" pin=0"/></net>

<net id="137"><net_src comp="20" pin="0"/><net_sink comp="133" pin=0"/></net>

<net id="138"><net_src comp="129" pin="1"/><net_sink comp="133" pin=1"/></net>

<net id="139"><net_src comp="133" pin="2"/><net_sink comp="72" pin=1"/></net>

<net id="145"><net_src comp="42" pin="0"/><net_sink comp="140" pin=0"/></net>

<net id="146"><net_src comp="79" pin="2"/><net_sink comp="140" pin=1"/></net>

<net id="147"><net_src comp="44" pin="0"/><net_sink comp="140" pin=2"/></net>

<net id="151"><net_src comp="140" pin="3"/><net_sink comp="148" pin=0"/></net>

<net id="156"><net_src comp="148" pin="1"/><net_sink comp="152" pin=0"/></net>

<net id="157"><net_src comp="85" pin="2"/><net_sink comp="152" pin=1"/></net>

<net id="164"><net_src comp="30" pin="0"/><net_sink comp="158" pin=0"/></net>

<net id="165"><net_src comp="152" pin="2"/><net_sink comp="158" pin=1"/></net>

<net id="166"><net_src comp="32" pin="0"/><net_sink comp="158" pin=2"/></net>

<net id="167"><net_src comp="34" pin="0"/><net_sink comp="158" pin=3"/></net>

<net id="168"><net_src comp="158" pin="4"/><net_sink comp="91" pin=13"/></net>

<net id="172"><net_src comp="119" pin="4"/><net_sink comp="169" pin=0"/></net>

<net id="173"><net_src comp="169" pin="1"/><net_sink comp="91" pin=11"/></net>

<net id="177"><net_src comp="133" pin="2"/><net_sink comp="174" pin=0"/></net>

<net id="178"><net_src comp="174" pin="1"/><net_sink comp="72" pin=1"/></net>

<net id="182"><net_src comp="158" pin="4"/><net_sink comp="179" pin=0"/></net>

<net id="183"><net_src comp="179" pin="1"/><net_sink comp="91" pin=13"/></net>

</net_list>

</model> 
---------------- Datapath Model END ------------------

* FSMD analyzer results:
  - Output states:
	Port: gmem0 | {}
	Port: gmem4 | {}
	Port: result | {9 10 }
 - Input state : 
	Port: compute_expert : gmem0 | {9 10 }
	Port: compute_expert : x | {9 }
	Port: compute_expert : w_0 | {9 10 }
	Port: compute_expert : w_1 | {9 10 }
	Port: compute_expert : w_2 | {9 10 }
	Port: compute_expert : w_3 | {9 10 }
	Port: compute_expert : w_4 | {9 10 }
	Port: compute_expert : w_5 | {9 10 }
	Port: compute_expert : w_6 | {9 10 }
	Port: compute_expert : w_7 | {9 10 }
	Port: compute_expert : gmem4 | {1 2 3 4 5 6 7 8 9 10 }
	Port: compute_expert : b | {1 }
	Port: compute_expert : idx | {9 }
  - Chain level:
	State 1
		sext_ln20 : 1
		gmem4_addr : 2
		empty : 3
	State 2
	State 3
	State 4
	State 5
	State 6
	State 7
	State 8
	State 9
		zext_ln20 : 1
		add_ln20 : 2
		trunc_ln6 : 3
		call_ln20 : 4
	State 10


============================================================
+ Verbose Summary: Datapath Resource usage 
============================================================

* Functional unit list:
|----------|-------------------------------------------------------------------|---------|---------|---------|---------|
| Operation|                          Functional Unit                          |   DSP   |  Delay  |    FF   |   LUT   |
|----------|-------------------------------------------------------------------|---------|---------|---------|---------|
|   call   | grp_compute_expert_Pipeline_VITIS_LOOP_20_1_VITIS_LOOP_31_3_fu_91 |    7    |  6.053  |   2322  |   1245  |
|----------|-------------------------------------------------------------------|---------|---------|---------|---------|
|    add   |                          add_ln20_fu_152                          |    0    |    0    |    0    |    71   |
|----------|-------------------------------------------------------------------|---------|---------|---------|---------|
|          |                         b_read_read_fu_66                         |    0    |    0    |    0    |    0    |
|   read   |                        idx_read_read_fu_79                        |    0    |    0    |    0    |    0    |
|          |                         x_read_read_fu_85                         |    0    |    0    |    0    |    0    |
|----------|-------------------------------------------------------------------|---------|---------|---------|---------|
|  readreq |                         grp_readreq_fu_72                         |    0    |    0    |    0    |    0    |
|----------|-------------------------------------------------------------------|---------|---------|---------|---------|
|partselect|                          trunc_ln_fu_119                          |    0    |    0    |    0    |    0    |
|          |                          trunc_ln6_fu_158                         |    0    |    0    |    0    |    0    |
|----------|-------------------------------------------------------------------|---------|---------|---------|---------|
|   sext   |                          sext_ln20_fu_129                         |    0    |    0    |    0    |    0    |
|----------|-------------------------------------------------------------------|---------|---------|---------|---------|
|bitconcatenate|                           shl_ln_fu_140                           |    0    |    0    |    0    |    0    |
|----------|-------------------------------------------------------------------|---------|---------|---------|---------|
|   zext   |                          zext_ln20_fu_148                         |    0    |    0    |    0    |    0    |
|----------|-------------------------------------------------------------------|---------|---------|---------|---------|
|   Total  |                                                                   |    7    |  6.053  |   2322  |   1316  |
|----------|-------------------------------------------------------------------|---------|---------|---------|---------|

Memories:
N/A

* Register list:
+------------------+--------+
|                  |   FF   |
+------------------+--------+
|gmem4_addr_reg_174|   32   |
| trunc_ln6_reg_179|   62   |
| trunc_ln_reg_169 |   62   |
+------------------+--------+
|       Total      |   156  |
+------------------+--------+

* Multiplexer (MUX) list: 
|-------------------------------------------------------------------|------|------|------|--------||---------||---------|
|                                Comp                               |  Pin | Size |  BW  | S x BW ||  Delay  ||   LUT   |
|-------------------------------------------------------------------|------|------|------|--------||---------||---------|
|                         grp_readreq_fu_72                         |  p1  |   2  |  32  |   64   ||    9    |
| grp_compute_expert_Pipeline_VITIS_LOOP_20_1_VITIS_LOOP_31_3_fu_91 |  p13 |   2  |  62  |   124  ||    9    |
|-------------------------------------------------------------------|------|------|------|--------||---------||---------|
|                               Total                               |      |      |      |   188  ||  0.724  ||    18   |
|-------------------------------------------------------------------|------|------|------|--------||---------||---------|



* Summary:
+-----------+--------+--------+--------+--------+
|           |   DSP  |  Delay |   FF   |   LUT  |
+-----------+--------+--------+--------+--------+
|  Function |    7   |    6   |  2322  |  1316  |
|   Memory  |    -   |    -   |    -   |    -   |
|Multiplexer|    -   |    0   |    -   |   18   |
|  Register |    -   |    -   |   156  |    -   |
+-----------+--------+--------+--------+--------+
|   Total   |    7   |    6   |  2478  |  1334  |
+-----------+--------+--------+--------+--------+
