

================================================================
== Vitis HLS Report for 'pseudo_moe_Pipeline_VITIS_LOOP_99_1'
================================================================
* Date:           Sun Sep 20 18:09:12 2026

* Version:        2023.2 (Build 4023990 on Oct 11 2023)
* Project:        project
* Solution:       solution1 (Vivado IP Flow Target)
* Product family: virtexuplus
* Target device:  xcvu13p_CIV-figd2104-3-e


================================================================
== Performance Estimates
================================================================
+ Timing: 
    * Summary: 
    +--------+----------+----------+------------+
    |  Clock |  Target  | Estimated| Uncertainty|
    +--------+----------+----------+------------+
    |ap_clk  |  10.00 ns|  7.300 ns|     2.70 ns|
    +--------+----------+----------+------------+

+ Latency: 
    * Summary: 
    +---------+---------+-----------+-----------+------+------+---------+
    |  Latency (cycles) |   Latency (absolute)  |   Interval  | Pipeline|
    |   min   |   max   |    min    |    max    |  min |  max |   Type  |
    +---------+---------+-----------+-----------+------+------+---------+
    |     4099|     4099|  40.990 us|  40.990 us|  4099|  4099|       no|
    +---------+---------+-----------+-----------+------+------+---------+

    + Detail: 
        * Instance: 
        N/A

        * Loop: 
        +-------------------+---------+---------+----------+-----------+-----------+------+----------+
        |                   |  Latency (cycles) | Iteration|  Initiation Interval  | Trip |          |
        |     Loop Name     |   min   |   max   |  Latency |  achieved |   target  | Count| Pipelined|
        +-------------------+---------+---------+----------+-----------+-----------+------+----------+
        |- VITIS_LOOP_99_1  |     4097|     4097|         3|          1|          1|  4096|       yes|
        +-------------------+---------+---------+----------+-----------+-----------+------+----------+

============================================================
+ Verbose Summary: Synthesis Manager
============================================================
InlineROM: 1
ExposeGlobal: 0
============================================================
+ Verbose Summary: CDFG Model
============================================================
IsTopModel: 0
ResetActiveHigh: 1
IsCombinational: 0
IsDatapathOnly: 0
HasWiredReturn: 1
HasMFsm: 2
HasVarLatency: 1
IsPipeline: 0
IsRtlPipelined: 0
IsInstanceOverlapped: 0
IsDontTouch: 0
HasImplIP: 0
IsGatedGlobalClock: 0

+ Individual pipeline summary: 
  * Pipeline-0: initiation interval (II) = 1, depth = 3


============================================================
+ Verbose Summary: Schedule
============================================================
* Number of FSM states : 3
* Pipeline : 1
  Pipeline-0 : II = 1, D = 3, States = { 1 2 3 }
* Dataflow Pipeline: 0

* FSM state transitions: 
1 --> 2 
2 --> 3 
3 --> 

* FSM state operations: 

State 1 <SV = 0> <Delay = 1.41>
ST_1 : Operation 6 [1/1] (0.00ns)   --->   "%k = alloca i32 1" [/home/simics/HMoE/HLS_HMoE/pseudo_block/run_6/src/pseudo_moe.cpp:99]   --->   Operation 6 'alloca' 'k' <Predicate = true> <Delay = 0.00>
ST_1 : Operation 7 [1/1] (0.00ns)   --->   "%sext_ln99_read = read i62 @_ssdm_op_Read.ap_auto.i62, i62 %sext_ln99"   --->   Operation 7 'read' 'sext_ln99_read' <Predicate = true> <Delay = 0.00>
ST_1 : Operation 8 [1/1] (0.00ns)   --->   "%sext_ln99_cast = sext i62 %sext_ln99_read"   --->   Operation 8 'sext' 'sext_ln99_cast' <Predicate = true> <Delay = 0.00>
ST_1 : Operation 9 [1/1] (0.00ns)   --->   "%specinterface_ln0 = specinterface void @_ssdm_op_SpecInterface, i32 %gmem3, void @empty_19, i32 0, i32 0, void @empty_35, i32 0, i32 0, void @empty_3, void @empty_34, void @empty_35, i32 16, i32 16, i32 16, i32 16, void @empty_35, void @empty_35, i32 4294967295, i32 0"   --->   Operation 9 'specinterface' 'specinterface_ln0' <Predicate = true> <Delay = 0.00>
ST_1 : Operation 10 [1/1] (0.36ns)   --->   "%store_ln99 = store i13 0, i13 %k" [/home/simics/HMoE/HLS_HMoE/pseudo_block/run_6/src/pseudo_moe.cpp:99]   --->   Operation 10 'store' 'store_ln99' <Predicate = true> <Delay = 0.36>
ST_1 : Operation 11 [1/1] (0.00ns)   --->   "%br_ln0 = br void %for.inc"   --->   Operation 11 'br' 'br_ln0' <Predicate = true> <Delay = 0.00>
ST_1 : Operation 12 [1/1] (0.00ns)   --->   "%k_1 = load i13 %k" [/home/simics/HMoE/HLS_HMoE/pseudo_block/run_6/src/pseudo_moe.cpp:99]   --->   Operation 12 'load' 'k_1' <Predicate = true> <Delay = 0.00>
ST_1 : Operation 13 [1/1] (0.00ns)   --->   "%specbitsmap_ln0 = specbitsmap void @_ssdm_op_SpecBitsMap, i32 %gmem3"   --->   Operation 13 'specbitsmap' 'specbitsmap_ln0' <Predicate = true> <Delay = 0.00>
ST_1 : Operation 14 [1/1] (0.69ns)   --->   "%icmp_ln99 = icmp_eq  i13 %k_1, i13 4096" [/home/simics/HMoE/HLS_HMoE/pseudo_block/run_6/src/pseudo_moe.cpp:99]   --->   Operation 14 'icmp' 'icmp_ln99' <Predicate = true> <Delay = 0.69> <CoreInst = "Cmp">   --->   Core 9 'Cmp' <Latency = 0> <II = 1> <Delay = 0.69> <FuncUnit> <Opcode : 'icmp'> <InPorts = 2> <OutPorts = 1>
ST_1 : Operation 15 [1/1] (0.69ns)   --->   "%add_ln99 = add i13 %k_1, i13 1" [/home/simics/HMoE/HLS_HMoE/pseudo_block/run_6/src/pseudo_moe.cpp:99]   --->   Operation 15 'add' 'add_ln99' <Predicate = true> <Delay = 0.69> <CoreInst = "Adder">   --->   Core 1 'Adder' <Latency = 0> <II = 1> <Delay = 0.69> <FuncUnit> <Opcode : 'add' 'sub'> <InPorts = 2> <OutPorts = 1>
ST_1 : Operation 16 [1/1] (0.00ns)   --->   "%br_ln99 = br i1 %icmp_ln99, void %for.inc.split, void %VITIS_LOOP_104_2.exitStub" [/home/simics/HMoE/HLS_HMoE/pseudo_block/run_6/src/pseudo_moe.cpp:99]   --->   Operation 16 'br' 'br_ln99' <Predicate = true> <Delay = 0.00>
ST_1 : Operation 17 [1/1] (0.00ns)   --->   "%trunc_ln99 = trunc i13 %k_1" [/home/simics/HMoE/HLS_HMoE/pseudo_block/run_6/src/pseudo_moe.cpp:99]   --->   Operation 17 'trunc' 'trunc_ln99' <Predicate = (!icmp_ln99)> <Delay = 0.00>
ST_1 : Operation 18 [1/1] (0.00ns)   --->   "%lshr_ln = partselect i9 @_ssdm_op_PartSelect.i9.i13.i32.i32, i13 %k_1, i32 3, i32 11" [/home/simics/HMoE/HLS_HMoE/pseudo_block/run_6/src/pseudo_moe.cpp:99]   --->   Operation 18 'partselect' 'lshr_ln' <Predicate = (!icmp_ln99)> <Delay = 0.00>
ST_1 : Operation 19 [1/1] (0.66ns)   --->   "%switch_ln101 = switch i3 %trunc_ln99, void %arrayidx2.case.7, i3 0, void %arrayidx2.case.0, i3 1, void %arrayidx2.case.1, i3 2, void %arrayidx2.case.2, i3 3, void %arrayidx2.case.3, i3 4, void %arrayidx2.case.4, i3 5, void %arrayidx2.case.5, i3 6, void %arrayidx2.case.6" [/home/simics/HMoE/HLS_HMoE/pseudo_block/run_6/src/pseudo_moe.cpp:101]   --->   Operation 19 'switch' 'switch_ln101' <Predicate = (!icmp_ln99)> <Delay = 0.66>
ST_1 : Operation 20 [1/1] (0.36ns)   --->   "%store_ln99 = store i13 %add_ln99, i13 %k" [/home/simics/HMoE/HLS_HMoE/pseudo_block/run_6/src/pseudo_moe.cpp:99]   --->   Operation 20 'store' 'store_ln99' <Predicate = (!icmp_ln99)> <Delay = 0.36>
ST_1 : Operation 21 [1/1] (0.00ns)   --->   "%br_ln99 = br void %for.inc" [/home/simics/HMoE/HLS_HMoE/pseudo_block/run_6/src/pseudo_moe.cpp:99]   --->   Operation 21 'br' 'br_ln99' <Predicate = (!icmp_ln99)> <Delay = 0.00>

State 2 <SV = 1> <Delay = 7.30>
ST_2 : Operation 22 [1/1] (0.00ns)   --->   "%gmem3_addr = getelementptr i32 %gmem3, i64 %sext_ln99_cast" [/home/simics/HMoE/HLS_HMoE/pseudo_block/run_6/src/pseudo_moe.cpp:99]   --->   Operation 22 'getelementptr' 'gmem3_addr' <Predicate = true> <Delay = 0.00>
ST_2 : Operation 23 [1/1] (7.30ns)   --->   "%gmem3_addr_read = read i32 @_ssdm_op_Read.m_axi.p1i32, i32 %gmem3_addr" [/home/simics/HMoE/HLS_HMoE/pseudo_block/run_6/src/pseudo_moe.cpp:101]   --->   Operation 23 'read' 'gmem3_addr_read' <Predicate = true> <Delay = 7.30> <CoreInst = "m_axi">   --->   Core 121 'm_axi' <Latency = 0> <II = 1> <Delay = 1.00> <Adapter> <Opcode : 'read' 'write' 'readreq' 'writereq' 'writeresp'>
ST_2 : Operation 24 [1/1] (0.00ns)   --->   "%bitcast_ln101 = bitcast i32 %gmem3_addr_read" [/home/simics/HMoE/HLS_HMoE/pseudo_block/run_6/src/pseudo_moe.cpp:101]   --->   Operation 24 'bitcast' 'bitcast_ln101' <Predicate = true> <Delay = 0.00>
ST_2 : Operation 53 [1/1] (0.00ns)   --->   "%ret_ln0 = ret"   --->   Operation 53 'ret' 'ret_ln0' <Predicate = (icmp_ln99)> <Delay = 0.00>

State 3 <SV = 2> <Delay = 1.02>
ST_3 : Operation 25 [1/1] (0.00ns)   --->   "%specpipeline_ln100 = specpipeline void @_ssdm_op_SpecPipeline, i32 1, i32 0, i32 0, i32 0, void @empty_35" [/home/simics/HMoE/HLS_HMoE/pseudo_block/run_6/src/pseudo_moe.cpp:100]   --->   Operation 25 'specpipeline' 'specpipeline_ln100' <Predicate = true> <Delay = 0.00>
ST_3 : Operation 26 [1/1] (0.00ns)   --->   "%speclooptripcount_ln99 = speclooptripcount void @_ssdm_op_SpecLoopTripCount, i64 4096, i64 4096, i64 4096" [/home/simics/HMoE/HLS_HMoE/pseudo_block/run_6/src/pseudo_moe.cpp:99]   --->   Operation 26 'speclooptripcount' 'speclooptripcount_ln99' <Predicate = true> <Delay = 0.00>
ST_3 : Operation 27 [1/1] (0.00ns)   --->   "%specloopname_ln99 = specloopname void @_ssdm_op_SpecLoopName, void @empty_43" [/home/simics/HMoE/HLS_HMoE/pseudo_block/run_6/src/pseudo_moe.cpp:99]   --->   Operation 27 'specloopname' 'specloopname_ln99' <Predicate = true> <Delay = 0.00>
ST_3 : Operation 28 [1/1] (0.00ns)   --->   "%zext_ln99 = zext i9 %lshr_ln" [/home/simics/HMoE/HLS_HMoE/pseudo_block/run_6/src/pseudo_moe.cpp:99]   --->   Operation 28 'zext' 'zext_ln99' <Predicate = true> <Delay = 0.00>
ST_3 : Operation 29 [1/1] (0.00ns)   --->   "%w0_local_addr = getelementptr i32 %w0_local, i64 0, i64 %zext_ln99" [/home/simics/HMoE/HLS_HMoE/pseudo_block/run_6/src/pseudo_moe.cpp:101]   --->   Operation 29 'getelementptr' 'w0_local_addr' <Predicate = true> <Delay = 0.00>
ST_3 : Operation 30 [1/1] (0.00ns)   --->   "%w0_local_1_addr = getelementptr i32 %w0_local_1, i64 0, i64 %zext_ln99" [/home/simics/HMoE/HLS_HMoE/pseudo_block/run_6/src/pseudo_moe.cpp:101]   --->   Operation 30 'getelementptr' 'w0_local_1_addr' <Predicate = true> <Delay = 0.00>
ST_3 : Operation 31 [1/1] (0.00ns)   --->   "%w0_local_2_addr = getelementptr i32 %w0_local_2, i64 0, i64 %zext_ln99" [/home/simics/HMoE/HLS_HMoE/pseudo_block/run_6/src/pseudo_moe.cpp:101]   --->   Operation 31 'getelementptr' 'w0_local_2_addr' <Predicate = true> <Delay = 0.00>
ST_3 : Operation 32 [1/1] (0.00ns)   --->   "%w0_local_3_addr = getelementptr i32 %w0_local_3, i64 0, i64 %zext_ln99" [/home/simics/HMoE/HLS_HMoE/pseudo_block/run_6/src/pseudo_moe.cpp:101]   --->   Operation 32 'getelementptr' 'w0_local_3_addr' <Predicate = true> <Delay = 0.00>
ST_3 : Operation 33 [1/1] (0.00ns)   --->   "%w0_local_4_addr = getelementptr i32 %w0_local_4, i64 0, i64 %zext_ln99" [/home/simics/HMoE/HLS_HMoE/pseudo_block/run_6/src/pseudo_moe.cpp:101]   --->   Operation 33 'getelementptr' 'w0_local_4_addr' <Predicate = true> <Delay = 0.00>
ST_3 : Operation 34 [1/1] (0.00ns)   --->   "%w0_local_5_addr = getelementptr i32 %w0_local_5, i64 0, i64 %zext_ln99" [/home/simics/HMoE/HLS_HMoE/pseudo_block/run_6/src/pseudo_moe.cpp:101]   --->   Operation 34 'getelementptr' 'w0_local_5_addr' <Predicate = true> <Delay = 0.00>
ST_3 : Operation 35 [1/1] (0.00ns)   --->   "%w0_local_6_addr = getelementptr i32 %w0_local_6, i64 0, i64 %zext_ln99" [/home/simics/HMoE/HLS_HMoE/pseudo_block/run_6/src/pseudo_moe.cpp:101]   --->   Operation 35 'getelementptr' 'w0_local_6_addr' <Predicate = true> <Delay = 0.00>
ST_3 : Operation 36 [1/1] (0.00ns)   --->   "%w0_local_7_addr = getelementptr i32 %w0_local_7, i64 0, i64 %zext_ln99" [/home/simics/HMoE/HLS_HMoE/pseudo_block/run_6/src/pseudo_moe.cpp:101]   --->   Operation 36 'getelementptr' 'w0_local_7_addr' <Predicate = true> <Delay = 0.00>
ST_3 : Operation 37 [1/1] (1.02ns)   --->   "%store_ln101 = store i32 %bitcast_ln101, i9 %w0_local_6_addr" [/home/simics/HMoE/HLS_HMoE/pseudo_block/run_6/src/pseudo_moe.cpp:101]   --->   Operation 37 'store' 'store_ln101' <Predicate = (trunc_ln99 == 6)> <Delay = 1.02> <CoreInst = "RAM">   --->   Core 83 'RAM' <Latency = 1> <II = 1> <Delay = 1.02> <Storage> <Opcode : 'load' 'store'> <Ports = 2> <Width = 32> <Depth = 512> <RAM>
ST_3 : Operation 38 [1/1] (0.00ns)   --->   "%br_ln101 = br void %arrayidx2.exit" [/home/simics/HMoE/HLS_HMoE/pseudo_block/run_6/src/pseudo_moe.cpp:101]   --->   Operation 38 'br' 'br_ln101' <Predicate = (trunc_ln99 == 6)> <Delay = 0.00>
ST_3 : Operation 39 [1/1] (1.02ns)   --->   "%store_ln101 = store i32 %bitcast_ln101, i9 %w0_local_5_addr" [/home/simics/HMoE/HLS_HMoE/pseudo_block/run_6/src/pseudo_moe.cpp:101]   --->   Operation 39 'store' 'store_ln101' <Predicate = (trunc_ln99 == 5)> <Delay = 1.02> <CoreInst = "RAM">   --->   Core 83 'RAM' <Latency = 1> <II = 1> <Delay = 1.02> <Storage> <Opcode : 'load' 'store'> <Ports = 2> <Width = 32> <Depth = 512> <RAM>
ST_3 : Operation 40 [1/1] (0.00ns)   --->   "%br_ln101 = br void %arrayidx2.exit" [/home/simics/HMoE/HLS_HMoE/pseudo_block/run_6/src/pseudo_moe.cpp:101]   --->   Operation 40 'br' 'br_ln101' <Predicate = (trunc_ln99 == 5)> <Delay = 0.00>
ST_3 : Operation 41 [1/1] (1.02ns)   --->   "%store_ln101 = store i32 %bitcast_ln101, i9 %w0_local_4_addr" [/home/simics/HMoE/HLS_HMoE/pseudo_block/run_6/src/pseudo_moe.cpp:101]   --->   Operation 41 'store' 'store_ln101' <Predicate = (trunc_ln99 == 4)> <Delay = 1.02> <CoreInst = "RAM">   --->   Core 83 'RAM' <Latency = 1> <II = 1> <Delay = 1.02> <Storage> <Opcode : 'load' 'store'> <Ports = 2> <Width = 32> <Depth = 512> <RAM>
ST_3 : Operation 42 [1/1] (0.00ns)   --->   "%br_ln101 = br void %arrayidx2.exit" [/home/simics/HMoE/HLS_HMoE/pseudo_block/run_6/src/pseudo_moe.cpp:101]   --->   Operation 42 'br' 'br_ln101' <Predicate = (trunc_ln99 == 4)> <Delay = 0.00>
ST_3 : Operation 43 [1/1] (1.02ns)   --->   "%store_ln101 = store i32 %bitcast_ln101, i9 %w0_local_3_addr" [/home/simics/HMoE/HLS_HMoE/pseudo_block/run_6/src/pseudo_moe.cpp:101]   --->   Operation 43 'store' 'store_ln101' <Predicate = (trunc_ln99 == 3)> <Delay = 1.02> <CoreInst = "RAM">   --->   Core 83 'RAM' <Latency = 1> <II = 1> <Delay = 1.02> <Storage> <Opcode : 'load' 'store'> <Ports = 2> <Width = 32> <Depth = 512> <RAM>
ST_3 : Operation 44 [1/1] (0.00ns)   --->   "%br_ln101 = br void %arrayidx2.exit" [/home/simics/HMoE/HLS_HMoE/pseudo_block/run_6/src/pseudo_moe.cpp:101]   --->   Operation 44 'br' 'br_ln101' <Predicate = (trunc_ln99 == 3)> <Delay = 0.00>
ST_3 : Operation 45 [1/1] (1.02ns)   --->   "%store_ln101 = store i32 %bitcast_ln101, i9 %w0_local_2_addr" [/home/simics/HMoE/HLS_HMoE/pseudo_block/run_6/src/pseudo_moe.cpp:101]   --->   Operation 45 'store' 'store_ln101' <Predicate = (trunc_ln99 == 2)> <Delay = 1.02> <CoreInst = "RAM">   --->   Core 83 'RAM' <Latency = 1> <II = 1> <Delay = 1.02> <Storage> <Opcode : 'load' 'store'> <Ports = 2> <Width = 32> <Depth = 512> <RAM>
ST_3 : Operation 46 [1/1] (0.00ns)   --->   "%br_ln101 = br void %arrayidx2.exit" [/home/simics/HMoE/HLS_HMoE/pseudo_block/run_6/src/pseudo_moe.cpp:101]   --->   Operation 46 'br' 'br_ln101' <Predicate = (trunc_ln99 == 2)> <Delay = 0.00>
ST_3 : Operation 47 [1/1] (1.02ns)   --->   "%store_ln101 = store i32 %bitcast_ln101, i9 %w0_local_1_addr" [/home/simics/HMoE/HLS_HMoE/pseudo_block/run_6/src/pseudo_moe.cpp:101]   --->   Operation 47 'store' 'store_ln101' <Predicate = (trunc_ln99 == 1)> <Delay = 1.02> <CoreInst = "RAM">   --->   Core 83 'RAM' <Latency = 1> <II = 1> <Delay = 1.02> <Storage> <Opcode : 'load' 'store'> <Ports = 2> <Width = 32> <Depth = 512> <RAM>
ST_3 : Operation 48 [1/1] (0.00ns)   --->   "%br_ln101 = br void %arrayidx2.exit" [/home/simics/HMoE/HLS_HMoE/pseudo_block/run_6/src/pseudo_moe.cpp:101]   --->   Operation 48 'br' 'br_ln101' <Predicate = (trunc_ln99 == 1)> <Delay = 0.00>
ST_3 : Operation 49 [1/1] (1.02ns)   --->   "%store_ln101 = store i32 %bitcast_ln101, i9 %w0_local_addr" [/home/simics/HMoE/HLS_HMoE/pseudo_block/run_6/src/pseudo_moe.cpp:101]   --->   Operation 49 'store' 'store_ln101' <Predicate = (trunc_ln99 == 0)> <Delay = 1.02> <CoreInst = "RAM">   --->   Core 83 'RAM' <Latency = 1> <II = 1> <Delay = 1.02> <Storage> <Opcode : 'load' 'store'> <Ports = 2> <Width = 32> <Depth = 512> <RAM>
ST_3 : Operation 50 [1/1] (0.00ns)   --->   "%br_ln101 = br void %arrayidx2.exit" [/home/simics/HMoE/HLS_HMoE/pseudo_block/run_6/src/pseudo_moe.cpp:101]   --->   Operation 50 'br' 'br_ln101' <Predicate = (trunc_ln99 == 0)> <Delay = 0.00>
ST_3 : Operation 51 [1/1] (1.02ns)   --->   "%store_ln101 = store i32 %bitcast_ln101, i9 %w0_local_7_addr" [/home/simics/HMoE/HLS_HMoE/pseudo_block/run_6/src/pseudo_moe.cpp:101]   --->   Operation 51 'store' 'store_ln101' <Predicate = (trunc_ln99 == 7)> <Delay = 1.02> <CoreInst = "RAM">   --->   Core 83 'RAM' <Latency = 1> <II = 1> <Delay = 1.02> <Storage> <Opcode : 'load' 'store'> <Ports = 2> <Width = 32> <Depth = 512> <RAM>
ST_3 : Operation 52 [1/1] (0.00ns)   --->   "%br_ln101 = br void %arrayidx2.exit" [/home/simics/HMoE/HLS_HMoE/pseudo_block/run_6/src/pseudo_moe.cpp:101]   --->   Operation 52 'br' 'br_ln101' <Predicate = (trunc_ln99 == 7)> <Delay = 0.00>


============================================================
+ Verbose Summary: Timing violations
============================================================
Target clock period: 10.000ns, clock uncertainty: 2.700ns.

 <State 1>: 1.417ns
The critical path consists of the following:
	'store' operation 0 bit ('store_ln99', /home/simics/HMoE/HLS_HMoE/pseudo_block/run_6/src/pseudo_moe.cpp:99) of constant 0 on local variable 'k', /home/simics/HMoE/HLS_HMoE/pseudo_block/run_6/src/pseudo_moe.cpp:99 [15]  (0.362 ns)
	'load' operation 13 bit ('k', /home/simics/HMoE/HLS_HMoE/pseudo_block/run_6/src/pseudo_moe.cpp:99) on local variable 'k', /home/simics/HMoE/HLS_HMoE/pseudo_block/run_6/src/pseudo_moe.cpp:99 [18]  (0.000 ns)
	'icmp' operation 1 bit ('icmp_ln99', /home/simics/HMoE/HLS_HMoE/pseudo_block/run_6/src/pseudo_moe.cpp:99) [20]  (0.693 ns)
	'store' operation 0 bit ('store_ln99', /home/simics/HMoE/HLS_HMoE/pseudo_block/run_6/src/pseudo_moe.cpp:99) of variable 'add_ln99', /home/simics/HMoE/HLS_HMoE/pseudo_block/run_6/src/pseudo_moe.cpp:99 on local variable 'k', /home/simics/HMoE/HLS_HMoE/pseudo_block/run_6/src/pseudo_moe.cpp:99 [67]  (0.362 ns)

 <State 2>: 7.300ns
The critical path consists of the following:
	'getelementptr' operation 32 bit ('gmem3_addr', /home/simics/HMoE/HLS_HMoE/pseudo_block/run_6/src/pseudo_moe.cpp:99) [24]  (0.000 ns)
	bus read operation ('gmem3_addr_read', /home/simics/HMoE/HLS_HMoE/pseudo_block/run_6/src/pseudo_moe.cpp:101) on port 'gmem3' (/home/simics/HMoE/HLS_HMoE/pseudo_block/run_6/src/pseudo_moe.cpp:101) [31]  (7.300 ns)

 <State 3>: 1.025ns
The critical path consists of the following:
	'getelementptr' operation 9 bit ('w0_local_6_addr', /home/simics/HMoE/HLS_HMoE/pseudo_block/run_6/src/pseudo_moe.cpp:101) [39]  (0.000 ns)
	'store' operation 0 bit ('store_ln101', /home/simics/HMoE/HLS_HMoE/pseudo_block/run_6/src/pseudo_moe.cpp:101) of variable 'bitcast_ln101', /home/simics/HMoE/HLS_HMoE/pseudo_block/run_6/src/pseudo_moe.cpp:101 on array 'w0_local_6' [43]  (1.025 ns)


============================================================
+ Verbose Summary: Binding
============================================================
N/A
* FSMD analyzer results:
  - Output states:
 - Input state : 
  - Chain level:
	State 1
	State 2
	State 3


============================================================
+ Verbose Summary: Datapath Resource usage 
============================================================
N/A
