INFO: [SIM 2] *************** CSIM start ***************
INFO: [SIM 4] CSIM will launch GCC as the compiler.
   Compiling ../../../../tb/pseudo_moe_tb.cpp in debug mode
   Compiling ../../../../src/pseudo_moe.cpp in debug mode
   Generating csim.exe
============================================================
PSEUDO/BLOCK MoE - HLS C SIMULATION REPORT
============================================================
Samples        : 10
Input/Output D : 64
Experts        : 4
Top-k          : 4 (all experts)
Datatype       : float32
Gate tolerance : 0.001000
Output tolerance: 0.001000

Host C simulation function timing:
  Batch     : 9722.186 us (9.722186 ms)
  Per sample: 972.219 us (0.972219 ms)
  NOTE: This is host CSim time, NOT FPGA latency.


============================================================
SAMPLE 0
============================================================

GATE VALUES:
  Gate[0]: HLS= 0.168874398  SW= 0.168874413  abs_diff=1.49011612e-08
  Gate[1]: HLS= 0.376878291  SW= 0.376878232  abs_diff=5.96046448e-08
  Gate[2]: HLS= 0.288350970  SW= 0.288350970  abs_diff=0
  Gate[3]: HLS= 0.165896356  SW= 0.165896386  abs_diff=2.98023224e-08

OUTPUT VALUES (all 64 dimensions):
  Out[00]: HLS=-0.633088470  SW=-0.633088589  abs_diff=1.1920929e-07
  Out[01]: HLS=-0.324325532  SW=-0.324325591  abs_diff=5.96046448e-08
  Out[02]: HLS= 0.456778049  SW= 0.456778049  abs_diff=0
  Out[03]: HLS= 1.459006786  SW= 1.459006906  abs_diff=1.1920929e-07
  Out[04]: HLS=-0.705601811  SW=-0.705601811  abs_diff=0
  Out[05]: HLS= 0.929929852  SW= 0.929929912  abs_diff=5.96046448e-08
  Out[06]: HLS= 0.468600720  SW= 0.468600750  abs_diff=2.98023224e-08
  Out[07]: HLS= 0.490455866  SW= 0.490455806  abs_diff=5.96046448e-08
  Out[08]: HLS=-0.243535817  SW=-0.243535817  abs_diff=0
  Out[09]: HLS= 0.470451057  SW= 0.470450997  abs_diff=5.96046448e-08
  Out[10]: HLS=-0.696453214  SW=-0.696453214  abs_diff=0
  Out[11]: HLS=-0.501085758  SW=-0.501085699  abs_diff=5.96046448e-08
  Out[12]: HLS= 1.060755134  SW= 1.060755253  abs_diff=1.1920929e-07
  Out[13]: HLS=-0.685579002  SW=-0.685579062  abs_diff=5.96046448e-08
  Out[14]: HLS=-0.962419689  SW=-0.962419689  abs_diff=0
  Out[15]: HLS=-0.052685112  SW=-0.052685097  abs_diff=1.49011612e-08
  Out[16]: HLS=-1.286913872  SW=-1.286913872  abs_diff=0
  Out[17]: HLS=-0.254358679  SW=-0.254358709  abs_diff=2.98023224e-08
  Out[18]: HLS= 0.416964978  SW= 0.416964918  abs_diff=5.96046448e-08
  Out[19]: HLS= 1.275840640  SW= 1.275840640  abs_diff=0
  Out[20]: HLS=-0.698468804  SW=-0.698468745  abs_diff=5.96046448e-08
  Out[21]: HLS=-0.737598181  SW=-0.737598240  abs_diff=5.96046448e-08
  Out[22]: HLS=-0.185429603  SW=-0.185429603  abs_diff=0
  Out[23]: HLS=-0.105717719  SW=-0.105717830  abs_diff=1.11758709e-07
  Out[24]: HLS= 0.462894231  SW= 0.462894142  abs_diff=8.94069672e-08
  Out[25]: HLS=-0.234510109  SW=-0.234510139  abs_diff=2.98023224e-08
  Out[26]: HLS=-0.149939701  SW=-0.149939731  abs_diff=2.98023224e-08
  Out[27]: HLS= 0.688933372  SW= 0.688933372  abs_diff=0
  Out[28]: HLS=-0.245093569  SW=-0.245093524  abs_diff=4.47034836e-08
  Out[29]: HLS= 0.450005740  SW= 0.450005740  abs_diff=0
  Out[30]: HLS= 0.235790968  SW= 0.235790968  abs_diff=0
  Out[31]: HLS= 0.421039104  SW= 0.421039104  abs_diff=0
  Out[32]: HLS= 0.056680240  SW= 0.056680206  abs_diff=3.35276127e-08
  Out[33]: HLS=-0.577833116  SW=-0.577833056  abs_diff=5.96046448e-08
  Out[34]: HLS=-0.135945633  SW=-0.135945648  abs_diff=1.49011612e-08
  Out[35]: HLS= 0.602828681  SW= 0.602828741  abs_diff=5.96046448e-08
  Out[36]: HLS=-0.262471467  SW=-0.262471437  abs_diff=2.98023224e-08
  Out[37]: HLS=-0.710888088  SW=-0.710888088  abs_diff=0
  Out[38]: HLS= 0.295991480  SW= 0.295991540  abs_diff=5.96046448e-08
  Out[39]: HLS= 0.464448333  SW= 0.464448363  abs_diff=2.98023224e-08
  Out[40]: HLS=-1.123721957  SW=-1.123722076  abs_diff=1.1920929e-07
  Out[41]: HLS=-0.344024360  SW=-0.344024390  abs_diff=2.98023224e-08
  Out[42]: HLS=-0.427460372  SW=-0.427460313  abs_diff=5.96046448e-08
  Out[43]: HLS= 0.034288332  SW= 0.034288302  abs_diff=2.98023224e-08
  Out[44]: HLS= 0.059284456  SW= 0.059284486  abs_diff=2.98023224e-08
  Out[45]: HLS= 0.094534710  SW= 0.094534703  abs_diff=7.4505806e-09
  Out[46]: HLS=-0.794535339  SW=-0.794535398  abs_diff=5.96046448e-08
  Out[47]: HLS=-0.455840379  SW=-0.455840319  abs_diff=5.96046448e-08
  Out[48]: HLS= 1.654857278  SW= 1.654857397  abs_diff=1.1920929e-07
  Out[49]: HLS=-0.628440380  SW=-0.628440499  abs_diff=1.1920929e-07
  Out[50]: HLS= 1.119147301  SW= 1.119147301  abs_diff=0
  Out[51]: HLS= 0.867163718  SW= 0.867163658  abs_diff=5.96046448e-08
  Out[52]: HLS= 1.900841355  SW= 1.900841713  abs_diff=3.57627869e-07
  Out[53]: HLS=-0.819907188  SW=-0.819907308  abs_diff=1.1920929e-07
  Out[54]: HLS=-0.027657090  SW=-0.027657045  abs_diff=4.47034836e-08
  Out[55]: HLS= 1.109488726  SW= 1.109488726  abs_diff=0
  Out[56]: HLS= 1.124785066  SW= 1.124785066  abs_diff=0
  Out[57]: HLS= 0.218220770  SW= 0.218220860  abs_diff=8.94069672e-08
  Out[58]: HLS= 1.000022888  SW= 1.000022888  abs_diff=0
  Out[59]: HLS= 0.219888747  SW= 0.219888777  abs_diff=2.98023224e-08
  Out[60]: HLS=-0.189743161  SW=-0.189743191  abs_diff=2.98023224e-08
  Out[61]: HLS=-0.447202504  SW=-0.447202474  abs_diff=2.98023224e-08
  Out[62]: HLS=-0.694498658  SW=-0.694498777  abs_diff=1.1920929e-07
  Out[63]: HLS=-1.535756946  SW=-1.535757065  abs_diff=1.1920929e-07

SAMPLE 0 SUMMARY:
  Gate sum          : 1.000000000
  Gate max abs error: 5.96046448e-08
  Gate MAE          : 2.60770321e-08
  Output max error  : 3.57627869e-07
  Output MAE        : 4.98839654e-08
  Output RMSE       : 7.47281186e-08
  Gate failures     : 0 / 4
  Output failures   : 0 / 64
  Status            : PASS

============================================================
SAMPLE 1
============================================================

GATE VALUES:
  Gate[0]: HLS= 0.006942490  SW= 0.006942493  abs_diff=3.7252903e-09
  Gate[1]: HLS= 0.000181124  SW= 0.000181124  abs_diff=1.60071068e-10
  Gate[2]: HLS= 0.000134160  SW= 0.000134160  abs_diff=1.45519152e-11
  Gate[3]: HLS= 0.992742181  SW= 0.992742181  abs_diff=0

OUTPUT VALUES (all 64 dimensions):
  Out[00]: HLS=-0.077968426  SW=-0.077968478  abs_diff=5.21540642e-08
  Out[01]: HLS= 2.932578564  SW= 2.932578802  abs_diff=2.38418579e-07
  Out[02]: HLS=-2.951457500  SW=-2.951457500  abs_diff=0
  Out[03]: HLS=-1.315483689  SW=-1.315483451  abs_diff=2.38418579e-07
  Out[04]: HLS= 3.628570318  SW= 3.628570318  abs_diff=0
  Out[05]: HLS= 0.495675951  SW= 0.495676070  abs_diff=1.1920929e-07
  Out[06]: HLS= 2.371004820  SW= 2.371004581  abs_diff=2.38418579e-07
  Out[07]: HLS=-0.610919714  SW=-0.610920012  abs_diff=2.98023224e-07
  Out[08]: HLS= 2.715628147  SW= 2.715628386  abs_diff=2.38418579e-07
  Out[09]: HLS= 0.654332280  SW= 0.654332340  abs_diff=5.96046448e-08
  Out[10]: HLS=-4.721176624  SW=-4.721176624  abs_diff=0
  Out[11]: HLS= 5.580724239  SW= 5.580724239  abs_diff=0
  Out[12]: HLS= 0.352959424  SW= 0.352959603  abs_diff=1.78813934e-07
  Out[13]: HLS=-2.622509718  SW=-2.622509718  abs_diff=0
  Out[14]: HLS= 1.572775841  SW= 1.572775722  abs_diff=1.1920929e-07
  Out[15]: HLS=-3.748369455  SW=-3.748369694  abs_diff=2.38418579e-07
  Out[16]: HLS= 1.135472059  SW= 1.135471702  abs_diff=3.57627869e-07
  Out[17]: HLS=-0.626486540  SW=-0.626486599  abs_diff=5.96046448e-08
  Out[18]: HLS= 1.051142693  SW= 1.051142693  abs_diff=0
  Out[19]: HLS= 0.666672468  SW= 0.666672587  abs_diff=1.1920929e-07
  Out[20]: HLS=-0.769743025  SW=-0.769743204  abs_diff=1.78813934e-07
  Out[21]: HLS= 0.537298441  SW= 0.537298620  abs_diff=1.78813934e-07
  Out[22]: HLS=-0.236305490  SW=-0.236305490  abs_diff=0
  Out[23]: HLS= 5.995942593  SW= 5.995942116  abs_diff=4.76837158e-07
  Out[24]: HLS= 1.802821398  SW= 1.802821398  abs_diff=0
  Out[25]: HLS=-0.540815294  SW=-0.540815473  abs_diff=1.78813934e-07
  Out[26]: HLS=-4.233219624  SW=-4.233220100  abs_diff=4.76837158e-07
  Out[27]: HLS=-2.570914268  SW=-2.570914268  abs_diff=0
  Out[28]: HLS=-0.486836225  SW=-0.486836314  abs_diff=8.94069672e-08
  Out[29]: HLS= 0.156589895  SW= 0.156590253  abs_diff=3.57627869e-07
  Out[30]: HLS=-6.651261806  SW=-6.651261806  abs_diff=0
  Out[31]: HLS= 2.784670115  SW= 2.784669876  abs_diff=2.38418579e-07
  Out[32]: HLS= 2.935938835  SW= 2.935938597  abs_diff=2.38418579e-07
  Out[33]: HLS= 2.959313154  SW= 2.959312201  abs_diff=9.53674316e-07
  Out[34]: HLS= 0.831896126  SW= 0.831895888  abs_diff=2.38418579e-07
  Out[35]: HLS= 1.422524214  SW= 1.422524333  abs_diff=1.1920929e-07
  Out[36]: HLS= 0.549634635  SW= 0.549634635  abs_diff=0
  Out[37]: HLS=-5.458448410  SW=-5.458447933  abs_diff=4.76837158e-07
  Out[38]: HLS= 0.013793747  SW= 0.013793718  abs_diff=2.88709998e-08
  Out[39]: HLS=-3.398756504  SW=-3.398756981  abs_diff=4.76837158e-07
  Out[40]: HLS=-0.958309412  SW=-0.958309293  abs_diff=1.1920929e-07
  Out[41]: HLS= 2.708925486  SW= 2.708925486  abs_diff=0
  Out[42]: HLS= 1.157827854  SW= 1.157827854  abs_diff=0
  Out[43]: HLS=-0.037643462  SW=-0.037643436  abs_diff=2.60770321e-08
  Out[44]: HLS=-1.267028213  SW=-1.267028332  abs_diff=1.1920929e-07
  Out[45]: HLS= 0.105083786  SW= 0.105083637  abs_diff=1.49011612e-07
  Out[46]: HLS=-0.733522296  SW=-0.733522296  abs_diff=0
  Out[47]: HLS=-0.775496781  SW=-0.775496781  abs_diff=0
  Out[48]: HLS= 1.336820006  SW= 1.336819887  abs_diff=1.1920929e-07
  Out[49]: HLS=-1.326184869  SW=-1.326185226  abs_diff=3.57627869e-07
  Out[50]: HLS= 3.728626013  SW= 3.728625774  abs_diff=2.38418579e-07
  Out[51]: HLS=-1.225030422  SW=-1.225030303  abs_diff=1.1920929e-07
  Out[52]: HLS=-1.425624609  SW=-1.425624371  abs_diff=2.38418579e-07
  Out[53]: HLS= 0.174457520  SW= 0.174457595  abs_diff=7.4505806e-08
  Out[54]: HLS=-2.302498579  SW=-2.302499056  abs_diff=4.76837158e-07
  Out[55]: HLS= 1.563661933  SW= 1.563661695  abs_diff=2.38418579e-07
  Out[56]: HLS=-0.666668832  SW=-0.666668773  abs_diff=5.96046448e-08
  Out[57]: HLS= 1.752813935  SW= 1.752813816  abs_diff=1.1920929e-07
  Out[58]: HLS= 0.786609530  SW= 0.786609530  abs_diff=0
  Out[59]: HLS=-1.078335762  SW=-1.078335881  abs_diff=1.1920929e-07
  Out[60]: HLS=-2.451922894  SW=-2.451922417  abs_diff=4.76837158e-07
  Out[61]: HLS=-1.956513286  SW=-1.956513524  abs_diff=2.38418579e-07
  Out[62]: HLS=-1.154518843  SW=-1.154518962  abs_diff=1.1920929e-07
  Out[63]: HLS=-1.626111031  SW=-1.626111269  abs_diff=2.38418579e-07

SAMPLE 1 SUMMARY:
  Gate sum          : 0.999999940
  Gate max abs error: 3.7252903e-09
  Gate MAE          : 9.7497832e-10
  Output max error  : 9.53674316e-07
  Output MAE        : 1.70475687e-07
  Output RMSE       : 2.44312496e-07
  Gate failures     : 0 / 4
  Output failures   : 0 / 64
  Status            : PASS

============================================================
SAMPLE 2
============================================================

GATE VALUES:
  Gate[0]: HLS= 0.371136099  SW= 0.371136039  abs_diff=5.96046448e-08
  Gate[1]: HLS= 0.226781279  SW= 0.226781264  abs_diff=1.49011612e-08
  Gate[2]: HLS= 0.185315669  SW= 0.185315654  abs_diff=1.49011612e-08
  Gate[3]: HLS= 0.216767013  SW= 0.216766968  abs_diff=4.47034836e-08

OUTPUT VALUES (all 64 dimensions):
  Out[00]: HLS=-0.618344367  SW=-0.618344367  abs_diff=0
  Out[01]: HLS=-0.755550385  SW=-0.755550265  abs_diff=1.1920929e-07
  Out[02]: HLS= 0.406769633  SW= 0.406769574  abs_diff=5.96046448e-08
  Out[03]: HLS= 1.181506634  SW= 1.181506395  abs_diff=2.38418579e-07
  Out[04]: HLS=-0.590888202  SW=-0.590888262  abs_diff=5.96046448e-08
  Out[05]: HLS= 0.870469570  SW= 0.870469570  abs_diff=0
  Out[06]: HLS= 0.291862726  SW= 0.291862696  abs_diff=2.98023224e-08
  Out[07]: HLS=-0.005684745  SW=-0.005684735  abs_diff=9.31322575e-09
  Out[08]: HLS= 0.298140377  SW= 0.298140347  abs_diff=2.98023224e-08
  Out[09]: HLS=-0.086827189  SW=-0.086827174  abs_diff=1.49011612e-08
  Out[10]: HLS=-0.444045931  SW=-0.444045782  abs_diff=1.49011612e-07
  Out[11]: HLS= 0.194113895  SW= 0.194113851  abs_diff=4.47034836e-08
  Out[12]: HLS= 0.816791952  SW= 0.816791773  abs_diff=1.78813934e-07
  Out[13]: HLS=-0.410780132  SW=-0.410780042  abs_diff=8.94069672e-08
  Out[14]: HLS=-0.799240291  SW=-0.799240232  abs_diff=5.96046448e-08
  Out[15]: HLS=-0.022652943  SW=-0.022652969  abs_diff=2.60770321e-08
  Out[16]: HLS=-1.134106636  SW=-1.134106636  abs_diff=0
  Out[17]: HLS=-0.387838632  SW=-0.387838602  abs_diff=2.98023224e-08
  Out[18]: HLS= 0.157292187  SW= 0.157292157  abs_diff=2.98023224e-08
  Out[19]: HLS= 1.284782171  SW= 1.284781933  abs_diff=2.38418579e-07
  Out[20]: HLS=-0.694093823  SW=-0.694093645  abs_diff=1.78813934e-07
  Out[21]: HLS=-1.082275033  SW=-1.082274795  abs_diff=2.38418579e-07
  Out[22]: HLS= 0.084018677  SW= 0.084018596  abs_diff=8.19563866e-08
  Out[23]: HLS=-0.348953366  SW=-0.348953307  abs_diff=5.96046448e-08
  Out[24]: HLS= 0.756610394  SW= 0.756610274  abs_diff=1.1920929e-07
  Out[25]: HLS=-0.158906549  SW=-0.158906490  abs_diff=5.96046448e-08
  Out[26]: HLS=-0.126773685  SW=-0.126773611  abs_diff=7.4505806e-08
  Out[27]: HLS= 0.629863858  SW= 0.629863620  abs_diff=2.38418579e-07
  Out[28]: HLS= 0.643585265  SW= 0.643585205  abs_diff=5.96046448e-08
  Out[29]: HLS= 0.165272623  SW= 0.165272653  abs_diff=2.98023224e-08
  Out[30]: HLS=-0.083003543  SW=-0.083003543  abs_diff=0
  Out[31]: HLS= 0.743003964  SW= 0.743003845  abs_diff=1.1920929e-07
  Out[32]: HLS= 0.063507907  SW= 0.063507885  abs_diff=2.23517418e-08
  Out[33]: HLS=-0.251680791  SW=-0.251680762  abs_diff=2.98023224e-08
  Out[34]: HLS= 0.121765323  SW= 0.121765316  abs_diff=7.4505806e-09
  Out[35]: HLS= 0.923864484  SW= 0.923864305  abs_diff=1.78813934e-07
  Out[36]: HLS=-0.497319221  SW=-0.497319251  abs_diff=2.98023224e-08
  Out[37]: HLS=-0.516022205  SW=-0.516022086  abs_diff=1.1920929e-07
  Out[38]: HLS= 0.605627179  SW= 0.605627179  abs_diff=0
  Out[39]: HLS= 0.191314995  SW= 0.191314936  abs_diff=5.96046448e-08
  Out[40]: HLS=-0.475732267  SW=-0.475732177  abs_diff=8.94069672e-08
  Out[41]: HLS=-0.792931259  SW=-0.792931139  abs_diff=1.1920929e-07
  Out[42]: HLS=-0.159801811  SW=-0.159801781  abs_diff=2.98023224e-08
  Out[43]: HLS=-0.481961399  SW=-0.481961340  abs_diff=5.96046448e-08
  Out[44]: HLS= 0.102941342  SW= 0.102941319  abs_diff=2.23517418e-08
  Out[45]: HLS= 0.474731445  SW= 0.474731386  abs_diff=5.96046448e-08
  Out[46]: HLS=-0.620461762  SW=-0.620461702  abs_diff=5.96046448e-08
  Out[47]: HLS=-0.471458137  SW=-0.471458048  abs_diff=8.94069672e-08
  Out[48]: HLS= 1.151422501  SW= 1.151422381  abs_diff=1.1920929e-07
  Out[49]: HLS=-0.538492501  SW=-0.538492441  abs_diff=5.96046448e-08
  Out[50]: HLS= 0.963606417  SW= 0.963606238  abs_diff=1.78813934e-07
  Out[51]: HLS= 1.898163199  SW= 1.898162603  abs_diff=5.96046448e-07
  Out[52]: HLS= 1.203577042  SW= 1.203577042  abs_diff=0
  Out[53]: HLS=-0.785620809  SW=-0.785620749  abs_diff=5.96046448e-08
  Out[54]: HLS= 0.577988625  SW= 0.577988505  abs_diff=1.1920929e-07
  Out[55]: HLS= 1.364675283  SW= 1.364675164  abs_diff=1.1920929e-07
  Out[56]: HLS= 0.890704393  SW= 0.890704274  abs_diff=1.1920929e-07
  Out[57]: HLS= 0.321737051  SW= 0.321737021  abs_diff=2.98023224e-08
  Out[58]: HLS= 0.558913887  SW= 0.558913767  abs_diff=1.1920929e-07
  Out[59]: HLS= 0.711894870  SW= 0.711894691  abs_diff=1.78813934e-07
  Out[60]: HLS= 0.492252052  SW= 0.492251933  abs_diff=1.1920929e-07
  Out[61]: HLS=-0.160204500  SW=-0.160204425  abs_diff=7.4505806e-08
  Out[62]: HLS=-0.673277497  SW=-0.673277438  abs_diff=5.96046448e-08
  Out[63]: HLS=-1.358069062  SW=-1.358068943  abs_diff=1.1920929e-07

SAMPLE 2 SUMMARY:
  Gate sum          : 1.000000000
  Gate max abs error: 5.96046448e-08
  Gate MAE          : 3.35276127e-08
  Output max error  : 5.96046448e-07
  Output MAE        : 8.9261448e-08
  Output RMSE       : 1.27185431e-07
  Gate failures     : 0 / 4
  Output failures   : 0 / 64
  Status            : PASS

============================================================
SAMPLE 3
============================================================

GATE VALUES:
  Gate[0]: HLS= 0.000030484  SW= 0.000030484  abs_diff=0
  Gate[1]: HLS= 0.999946117  SW= 0.999946117  abs_diff=0
  Gate[2]: HLS= 0.000023395  SW= 0.000023395  abs_diff=0
  Gate[3]: HLS= 0.000000024  SW= 0.000000024  abs_diff=1.77635684e-15

OUTPUT VALUES (all 64 dimensions):
  Out[00]: HLS=-6.358782768  SW=-6.358782768  abs_diff=0
  Out[01]: HLS=-0.079878643  SW=-0.079879016  abs_diff=3.7252903e-07
  Out[02]: HLS= 5.741024494  SW= 5.741024494  abs_diff=0
  Out[03]: HLS=-4.419703484  SW=-4.419704437  abs_diff=9.53674316e-07
  Out[04]: HLS= 0.344108075  SW= 0.344107926  abs_diff=1.49011612e-07
  Out[05]: HLS= 0.053429995  SW= 0.053429566  abs_diff=4.28408384e-07
  Out[06]: HLS=-0.414380938  SW=-0.414381117  abs_diff=1.78813934e-07
  Out[07]: HLS= 1.178164005  SW= 1.178164124  abs_diff=1.1920929e-07
  Out[08]: HLS= 1.656553507  SW= 1.656553268  abs_diff=2.38418579e-07
  Out[09]: HLS= 2.118088007  SW= 2.118087530  abs_diff=4.76837158e-07
  Out[10]: HLS=-1.766942739  SW=-1.766942978  abs_diff=2.38418579e-07
  Out[11]: HLS= 3.645406008  SW= 3.645406246  abs_diff=2.38418579e-07
  Out[12]: HLS= 1.814128757  SW= 1.814128876  abs_diff=1.1920929e-07
  Out[13]: HLS= 2.062482834  SW= 2.062483072  abs_diff=2.38418579e-07
  Out[14]: HLS=-0.618392527  SW=-0.618392229  abs_diff=2.98023224e-07
  Out[15]: HLS=-2.095882177  SW=-2.095882177  abs_diff=0
  Out[16]: HLS=-4.730569363  SW=-4.730568409  abs_diff=9.53674316e-07
  Out[17]: HLS= 8.073363304  SW= 8.073364258  abs_diff=9.53674316e-07
  Out[18]: HLS= 1.588008761  SW= 1.588008404  abs_diff=3.57627869e-07
  Out[19]: HLS=-1.099025726  SW=-1.099025607  abs_diff=1.1920929e-07
  Out[20]: HLS= 2.032984257  SW= 2.032984018  abs_diff=2.38418579e-07
  Out[21]: HLS=-3.177779436  SW=-3.177779675  abs_diff=2.38418579e-07
  Out[22]: HLS= 2.138901949  SW= 2.138901949  abs_diff=0
  Out[23]: HLS= 6.591238499  SW= 6.591238976  abs_diff=4.76837158e-07
  Out[24]: HLS= 3.130684376  SW= 3.130683899  abs_diff=4.76837158e-07
  Out[25]: HLS= 1.270966172  SW= 1.270966530  abs_diff=3.57627869e-07
  Out[26]: HLS=-0.485235482  SW=-0.485235423  abs_diff=5.96046448e-08
  Out[27]: HLS=-3.124701262  SW=-3.124701262  abs_diff=0
  Out[28]: HLS= 4.301917553  SW= 4.301918030  abs_diff=4.76837158e-07
  Out[29]: HLS=-1.719794631  SW=-1.719794154  abs_diff=4.76837158e-07
  Out[30]: HLS= 1.978231192  SW= 1.978231311  abs_diff=1.1920929e-07
  Out[31]: HLS=-0.639355779  SW=-0.639356077  abs_diff=2.98023224e-07
  Out[32]: HLS=-1.295918822  SW=-1.295918703  abs_diff=1.1920929e-07
  Out[33]: HLS= 2.710667372  SW= 2.710667610  abs_diff=2.38418579e-07
  Out[34]: HLS= 3.662994623  SW= 3.662994385  abs_diff=2.38418579e-07
  Out[35]: HLS= 5.538934708  SW= 5.538934231  abs_diff=4.76837158e-07
  Out[36]: HLS=-0.640484989  SW=-0.640484929  abs_diff=5.96046448e-08
  Out[37]: HLS=-4.832700729  SW=-4.832700729  abs_diff=0
  Out[38]: HLS=-3.415981531  SW=-3.415981531  abs_diff=0
  Out[39]: HLS=-7.468250275  SW=-7.468250751  abs_diff=4.76837158e-07
  Out[40]: HLS=-0.844605923  SW=-0.844605744  abs_diff=1.78813934e-07
  Out[41]: HLS= 2.929604769  SW= 2.929605246  abs_diff=4.76837158e-07
  Out[42]: HLS=-3.026724100  SW=-3.026723385  abs_diff=7.15255737e-07
  Out[43]: HLS=-1.259681106  SW=-1.259681225  abs_diff=1.1920929e-07
  Out[44]: HLS=-0.172354981  SW=-0.172355354  abs_diff=3.7252903e-07
  Out[45]: HLS=-2.752822161  SW=-2.752822161  abs_diff=0
  Out[46]: HLS=-5.910182476  SW=-5.910181999  abs_diff=4.76837158e-07
  Out[47]: HLS=-1.215166330  SW=-1.215166688  abs_diff=3.57627869e-07
  Out[48]: HLS= 1.216608524  SW= 1.216608167  abs_diff=3.57627869e-07
  Out[49]: HLS=-0.295002341  SW=-0.295002550  abs_diff=2.08616257e-07
  Out[50]: HLS= 0.660911858  SW= 0.660911679  abs_diff=1.78813934e-07
  Out[51]: HLS= 4.173433781  SW= 4.173433781  abs_diff=0
  Out[52]: HLS=-1.362789989  SW=-1.362789989  abs_diff=0
  Out[53]: HLS=-2.721193075  SW=-2.721192837  abs_diff=2.38418579e-07
  Out[54]: HLS= 1.309723854  SW= 1.309723973  abs_diff=1.1920929e-07
  Out[55]: HLS= 2.541929007  SW= 2.541928768  abs_diff=2.38418579e-07
  Out[56]: HLS= 5.961168766  SW= 5.961167812  abs_diff=9.53674316e-07
  Out[57]: HLS=-2.588363409  SW=-2.588363409  abs_diff=0
  Out[58]: HLS= 0.108524002  SW= 0.108523913  abs_diff=8.94069672e-08
  Out[59]: HLS=-3.026314497  SW=-3.026314735  abs_diff=2.38418579e-07
  Out[60]: HLS= 0.433875442  SW= 0.433875412  abs_diff=2.98023224e-08
  Out[61]: HLS=-2.673773289  SW=-2.673773289  abs_diff=0
  Out[62]: HLS= 1.015441775  SW= 1.015441656  abs_diff=1.1920929e-07
  Out[63]: HLS=-5.768997192  SW=-5.768997669  abs_diff=4.76837158e-07

SAMPLE 3 SUMMARY:
  Gate sum          : 1.000000000
  Gate max abs error: 1.77635684e-15
  Gate MAE          : 4.4408921e-16
  Output max error  : 9.53674316e-07
  Output MAE        : 2.68861186e-07
  Output RMSE       : 3.64224828e-07
  Gate failures     : 0 / 4
  Output failures   : 0 / 64
  Status            : PASS

============================================================
SAMPLE 4
============================================================

GATE VALUES:
  Gate[0]: HLS= 0.138443530  SW= 0.138443530  abs_diff=0
  Gate[1]: HLS= 0.501759589  SW= 0.501759648  abs_diff=5.96046448e-08
  Gate[2]: HLS= 0.175369799  SW= 0.175369784  abs_diff=1.49011612e-08
  Gate[3]: HLS= 0.184427053  SW= 0.184427053  abs_diff=0

OUTPUT VALUES (all 64 dimensions):
  Out[00]: HLS=-0.241614252  SW=-0.241614252  abs_diff=0
  Out[01]: HLS=-0.453711540  SW=-0.453711480  abs_diff=5.96046448e-08
  Out[02]: HLS= 0.493989825  SW= 0.493989885  abs_diff=5.96046448e-08
  Out[03]: HLS= 1.565791607  SW= 1.565791607  abs_diff=0
  Out[04]: HLS=-0.921972394  SW=-0.921972215  abs_diff=1.78813934e-07
  Out[05]: HLS= 0.647547901  SW= 0.647547960  abs_diff=5.96046448e-08
  Out[06]: HLS= 0.299863011  SW= 0.299863011  abs_diff=0
  Out[07]: HLS= 0.339761913  SW= 0.339761972  abs_diff=5.96046448e-08
  Out[08]: HLS= 0.024053343  SW= 0.024053365  abs_diff=2.23517418e-08
  Out[09]: HLS= 0.258229554  SW= 0.258229554  abs_diff=0
  Out[10]: HLS=-0.922642291  SW=-0.922642350  abs_diff=5.96046448e-08
  Out[11]: HLS=-0.813040257  SW=-0.813040257  abs_diff=0
  Out[12]: HLS= 1.654980898  SW= 1.654980898  abs_diff=0
  Out[13]: HLS=-0.937959552  SW=-0.937959552  abs_diff=0
  Out[14]: HLS=-1.226424694  SW=-1.226424813  abs_diff=1.1920929e-07
  Out[15]: HLS=-0.434068263  SW=-0.434068322  abs_diff=5.96046448e-08
  Out[16]: HLS=-1.157350302  SW=-1.157350302  abs_diff=0
  Out[17]: HLS=-0.503218472  SW=-0.503218353  abs_diff=1.1920929e-07
  Out[18]: HLS= 0.412331045  SW= 0.412331074  abs_diff=2.98023224e-08
  Out[19]: HLS= 1.004794717  SW= 1.004794717  abs_diff=0
  Out[20]: HLS=-0.683106124  SW=-0.683106244  abs_diff=1.1920929e-07
  Out[21]: HLS=-0.724826992  SW=-0.724827051  abs_diff=5.96046448e-08
  Out[22]: HLS=-0.111264005  SW=-0.111264080  abs_diff=7.4505806e-08
  Out[23]: HLS= 0.418491364  SW= 0.418491632  abs_diff=2.68220901e-07
  Out[24]: HLS= 0.391587645  SW= 0.391587526  abs_diff=1.1920929e-07
  Out[25]: HLS= 0.141535074  SW= 0.141535088  abs_diff=1.49011612e-08
  Out[26]: HLS=-0.335984945  SW=-0.335984886  abs_diff=5.96046448e-08
  Out[27]: HLS= 0.148095280  SW= 0.148095205  abs_diff=7.4505806e-08
  Out[28]: HLS=-0.691488206  SW=-0.691488147  abs_diff=5.96046448e-08
  Out[29]: HLS= 0.232523620  SW= 0.232523620  abs_diff=0
  Out[30]: HLS= 0.141153619  SW= 0.141153604  abs_diff=1.49011612e-08
  Out[31]: HLS= 0.646200776  SW= 0.646200776  abs_diff=0
  Out[32]: HLS=-0.392206103  SW=-0.392206132  abs_diff=2.98023224e-08
  Out[33]: HLS=-0.161453277  SW=-0.161453232  abs_diff=4.47034836e-08
  Out[34]: HLS= 0.257372320  SW= 0.257372320  abs_diff=0
  Out[35]: HLS= 0.551683366  SW= 0.551683486  abs_diff=1.1920929e-07
  Out[36]: HLS= 0.021337822  SW= 0.021337837  abs_diff=1.49011612e-08
  Out[37]: HLS=-1.088642120  SW=-1.088642359  abs_diff=2.38418579e-07
  Out[38]: HLS= 0.356204361  SW= 0.356204420  abs_diff=5.96046448e-08
  Out[39]: HLS= 0.046135347  SW= 0.046135247  abs_diff=1.00582838e-07
  Out[40]: HLS=-1.443970919  SW=-1.443970919  abs_diff=0
  Out[41]: HLS=-0.382934362  SW=-0.382934332  abs_diff=2.98023224e-08
  Out[42]: HLS=-0.670236111  SW=-0.670236290  abs_diff=1.78813934e-07
  Out[43]: HLS=-0.538563967  SW=-0.538564086  abs_diff=1.1920929e-07
  Out[44]: HLS= 0.118386753  SW= 0.118386768  abs_diff=1.49011612e-08
  Out[45]: HLS=-0.082315318  SW=-0.082315326  abs_diff=7.4505806e-09
  Out[46]: HLS=-0.669101775  SW=-0.669101715  abs_diff=5.96046448e-08
  Out[47]: HLS=-0.259596914  SW=-0.259596944  abs_diff=2.98023224e-08
  Out[48]: HLS= 1.881756067  SW= 1.881755829  abs_diff=2.38418579e-07
  Out[49]: HLS= 0.001541943  SW= 0.001542160  abs_diff=2.1699816e-07
  Out[50]: HLS= 1.407389760  SW= 1.407389879  abs_diff=1.1920929e-07
  Out[51]: HLS= 1.028325200  SW= 1.028325200  abs_diff=0
  Out[52]: HLS= 2.213184595  SW= 2.213184834  abs_diff=2.38418579e-07
  Out[53]: HLS=-0.800017178  SW=-0.800017297  abs_diff=1.1920929e-07
  Out[54]: HLS= 0.158497363  SW= 0.158497304  abs_diff=5.96046448e-08
  Out[55]: HLS= 0.780622423  SW= 0.780622482  abs_diff=5.96046448e-08
  Out[56]: HLS= 1.482645512  SW= 1.482645512  abs_diff=0
  Out[57]: HLS=-0.204978421  SW=-0.204978466  abs_diff=4.47034836e-08
  Out[58]: HLS= 1.174245000  SW= 1.174245000  abs_diff=0
  Out[59]: HLS= 0.212983862  SW= 0.212983891  abs_diff=2.98023224e-08
  Out[60]: HLS=-0.564934373  SW=-0.564934313  abs_diff=5.96046448e-08
  Out[61]: HLS=-0.739750266  SW=-0.739750266  abs_diff=0
  Out[62]: HLS=-0.626578391  SW=-0.626578569  abs_diff=1.78813934e-07
  Out[63]: HLS=-1.747290015  SW=-1.747290254  abs_diff=2.38418579e-07

SAMPLE 4 SUMMARY:
  Gate sum          : 1.000000000
  Gate max abs error: 5.96046448e-08
  Gate MAE          : 1.86264515e-08
  Output max error  : 2.68220901e-07
  Output MAE        : 6.78264769e-08
  Output RMSE       : 9.97538024e-08
  Gate failures     : 0 / 4
  Output failures   : 0 / 64
  Status            : PASS

============================================================
SAMPLE 5
============================================================

GATE VALUES:
  Gate[0]: HLS= 0.505849838  SW= 0.505849838  abs_diff=0
  Gate[1]: HLS= 0.205964103  SW= 0.205964103  abs_diff=0
  Gate[2]: HLS= 0.070385136  SW= 0.070385143  abs_diff=7.4505806e-09
  Gate[3]: HLS= 0.217800900  SW= 0.217800900  abs_diff=0

OUTPUT VALUES (all 64 dimensions):
  Out[00]: HLS=-0.611854136  SW=-0.611854196  abs_diff=5.96046448e-08
  Out[01]: HLS=-1.337843776  SW=-1.337843895  abs_diff=1.1920929e-07
  Out[02]: HLS= 0.001872934  SW= 0.001872987  abs_diff=5.21540642e-08
  Out[03]: HLS= 3.007640123  SW= 3.007639885  abs_diff=2.38418579e-07
  Out[04]: HLS=-1.082818627  SW=-1.082818508  abs_diff=1.1920929e-07
  Out[05]: HLS= 2.270905018  SW= 2.270904779  abs_diff=2.38418579e-07
  Out[06]: HLS= 0.989730000  SW= 0.989730120  abs_diff=1.1920929e-07
  Out[07]: HLS= 0.362076163  SW= 0.362076283  abs_diff=1.1920929e-07
  Out[08]: HLS= 0.450801581  SW= 0.450801551  abs_diff=2.98023224e-08
  Out[09]: HLS=-0.546098411  SW=-0.546098411  abs_diff=0
  Out[10]: HLS=-1.004808068  SW=-1.004807949  abs_diff=1.1920929e-07
  Out[11]: HLS= 0.182757646  SW= 0.182757646  abs_diff=0
  Out[12]: HLS= 1.291689396  SW= 1.291689157  abs_diff=2.38418579e-07
  Out[13]: HLS=-1.420384884  SW=-1.420385122  abs_diff=2.38418579e-07
  Out[14]: HLS=-1.020122051  SW=-1.020121813  abs_diff=2.38418579e-07
  Out[15]: HLS=-0.257348776  SW=-0.257348746  abs_diff=2.98023224e-08
  Out[16]: HLS=-2.312480688  SW=-2.312480927  abs_diff=2.38418579e-07
  Out[17]: HLS=-0.749649644  SW=-0.749649644  abs_diff=0
  Out[18]: HLS=-0.212535337  SW=-0.212535396  abs_diff=5.96046448e-08
  Out[19]: HLS= 2.027468920  SW= 2.027468681  abs_diff=2.38418579e-07
  Out[20]: HLS=-0.984695017  SW=-0.984695077  abs_diff=5.96046448e-08
  Out[21]: HLS=-1.372701168  SW=-1.372701287  abs_diff=1.1920929e-07
  Out[22]: HLS= 0.695992947  SW= 0.695992947  abs_diff=0
  Out[23]: HLS=-0.644407272  SW=-0.644407272  abs_diff=0
  Out[24]: HLS= 1.530817151  SW= 1.530817032  abs_diff=1.1920929e-07
  Out[25]: HLS= 0.407701820  SW= 0.407701731  abs_diff=8.94069672e-08
  Out[26]: HLS=-0.355232298  SW=-0.355232358  abs_diff=5.96046448e-08
  Out[27]: HLS= 0.689825654  SW= 0.689825714  abs_diff=5.96046448e-08
  Out[28]: HLS= 0.441905439  SW= 0.441905469  abs_diff=2.98023224e-08
  Out[29]: HLS= 0.136456221  SW= 0.136456251  abs_diff=2.98023224e-08
  Out[30]: HLS=-0.193113506  SW=-0.193113416  abs_diff=8.94069672e-08
  Out[31]: HLS= 0.968762875  SW= 0.968762875  abs_diff=0
  Out[32]: HLS= 0.328964680  SW= 0.328964680  abs_diff=0
  Out[33]: HLS=-0.479308069  SW=-0.479308099  abs_diff=2.98023224e-08
  Out[34]: HLS= 0.794534504  SW= 0.794534445  abs_diff=5.96046448e-08
  Out[35]: HLS= 1.816440105  SW= 1.816440463  abs_diff=3.57627869e-07
  Out[36]: HLS= 0.606873095  SW= 0.606873095  abs_diff=0
  Out[37]: HLS=-0.970365286  SW=-0.970365107  abs_diff=1.78813934e-07
  Out[38]: HLS= 1.635853052  SW= 1.635852933  abs_diff=1.1920929e-07
  Out[39]: HLS= 0.233429819  SW= 0.233429819  abs_diff=0
  Out[40]: HLS=-0.906799078  SW=-0.906799078  abs_diff=0
  Out[41]: HLS=-1.051182389  SW=-1.051182508  abs_diff=1.1920929e-07
  Out[42]: HLS=-0.283424407  SW=-0.283424377  abs_diff=2.98023224e-08
  Out[43]: HLS=-1.136057854  SW=-1.136058092  abs_diff=2.38418579e-07
  Out[44]: HLS=-0.151246101  SW=-0.151246041  abs_diff=5.96046448e-08
  Out[45]: HLS= 0.487577558  SW= 0.487577498  abs_diff=5.96046448e-08
  Out[46]: HLS=-1.136445165  SW=-1.136445284  abs_diff=1.1920929e-07
  Out[47]: HLS=-0.923723340  SW=-0.923723280  abs_diff=5.96046448e-08
  Out[48]: HLS= 2.050064564  SW= 2.050064564  abs_diff=0
  Out[49]: HLS=-1.076111794  SW=-1.076111794  abs_diff=0
  Out[50]: HLS= 2.009252548  SW= 2.009252548  abs_diff=0
  Out[51]: HLS= 3.203078747  SW= 3.203078747  abs_diff=0
  Out[52]: HLS= 3.013754368  SW= 3.013754368  abs_diff=0
  Out[53]: HLS=-1.636986971  SW=-1.636986971  abs_diff=0
  Out[54]: HLS= 1.393059373  SW= 1.393059134  abs_diff=2.38418579e-07
  Out[55]: HLS= 2.823153257  SW= 2.823153257  abs_diff=0
  Out[56]: HLS= 1.750560045  SW= 1.750559807  abs_diff=2.38418579e-07
  Out[57]: HLS= 0.745954096  SW= 0.745954156  abs_diff=5.96046448e-08
  Out[58]: HLS= 1.120752454  SW= 1.120752454  abs_diff=0
  Out[59]: HLS= 1.475885630  SW= 1.475885510  abs_diff=1.1920929e-07
  Out[60]: HLS= 0.247551695  SW= 0.247551501  abs_diff=1.93715096e-07
  Out[61]: HLS=-0.318921655  SW=-0.318921715  abs_diff=5.96046448e-08
  Out[62]: HLS=-1.432281137  SW=-1.432281017  abs_diff=1.1920929e-07
  Out[63]: HLS=-2.081059456  SW=-2.081059217  abs_diff=2.38418579e-07

SAMPLE 5 SUMMARY:
  Gate sum          : 1.000000000
  Gate max abs error: 7.4505806e-09
  Gate MAE          : 1.86264515e-09
  Output max error  : 3.57627869e-07
  Output MAE        : 9.13860276e-08
  Output RMSE       : 1.2847189e-07
  Gate failures     : 0 / 4
  Output failures   : 0 / 64
  Status            : PASS

============================================================
SAMPLE 6
============================================================

GATE VALUES:
  Gate[0]: HLS= 0.429159105  SW= 0.429159045  abs_diff=5.96046448e-08
  Gate[1]: HLS= 0.085551277  SW= 0.085551277  abs_diff=0
  Gate[2]: HLS= 0.115202971  SW= 0.115202948  abs_diff=2.23517418e-08
  Gate[3]: HLS= 0.370086700  SW= 0.370086700  abs_diff=0

OUTPUT VALUES (all 64 dimensions):
  Out[00]: HLS=-1.011804223  SW=-1.011804223  abs_diff=0
  Out[01]: HLS=-0.866944790  SW=-0.866944790  abs_diff=0
  Out[02]: HLS=-0.019850254  SW=-0.019850329  abs_diff=7.4505806e-08
  Out[03]: HLS= 2.454966784  SW= 2.454966307  abs_diff=4.76837158e-07
  Out[04]: HLS=-0.815658569  SW=-0.815658510  abs_diff=5.96046448e-08
  Out[05]: HLS= 1.838589668  SW= 1.838589549  abs_diff=1.1920929e-07
  Out[06]: HLS= 0.828539550  SW= 0.828539491  abs_diff=5.96046448e-08
  Out[07]: HLS= 0.467305362  SW= 0.467305362  abs_diff=0
  Out[08]: HLS= 0.246959627  SW= 0.246959612  abs_diff=1.49011612e-08
  Out[09]: HLS=-0.705204368  SW=-0.705204248  abs_diff=1.1920929e-07
  Out[10]: HLS=-0.764594674  SW=-0.764594615  abs_diff=5.96046448e-08
  Out[11]: HLS= 0.369497716  SW= 0.369497657  abs_diff=5.96046448e-08
  Out[12]: HLS= 0.977769196  SW= 0.977768958  abs_diff=2.38418579e-07
  Out[13]: HLS=-0.716627121  SW=-0.716627002  abs_diff=1.1920929e-07
  Out[14]: HLS=-1.006749630  SW=-1.006749511  abs_diff=1.1920929e-07
  Out[15]: HLS=-0.330139339  SW=-0.330139250  abs_diff=8.94069672e-08
  Out[16]: HLS=-2.066329002  SW=-2.066329002  abs_diff=0
  Out[17]: HLS=-0.656128168  SW=-0.656128049  abs_diff=1.1920929e-07
  Out[18]: HLS= 0.189812034  SW= 0.189812034  abs_diff=0
  Out[19]: HLS= 1.505760193  SW= 1.505759835  abs_diff=3.57627869e-07
  Out[20]: HLS=-1.175481319  SW=-1.175481319  abs_diff=0
  Out[21]: HLS=-1.316198707  SW=-1.316198468  abs_diff=2.38418579e-07
  Out[22]: HLS=-0.068218246  SW=-0.068218410  abs_diff=1.63912773e-07
  Out[23]: HLS=-1.036838770  SW=-1.036838651  abs_diff=1.1920929e-07
  Out[24]: HLS= 1.298606038  SW= 1.298605800  abs_diff=2.38418579e-07
  Out[25]: HLS= 0.317324638  SW= 0.317324579  abs_diff=5.96046448e-08
  Out[26]: HLS=-0.392567903  SW=-0.392567813  abs_diff=8.94069672e-08
  Out[27]: HLS= 0.929900408  SW= 0.929900348  abs_diff=5.96046448e-08
  Out[28]: HLS= 0.979022741  SW= 0.979022563  abs_diff=1.78813934e-07
  Out[29]: HLS= 0.214747429  SW= 0.214747325  abs_diff=1.04308128e-07
  Out[30]: HLS= 0.016709577  SW= 0.016709521  abs_diff=5.58793545e-08
  Out[31]: HLS= 1.117954731  SW= 1.117954493  abs_diff=2.38418579e-07
  Out[32]: HLS= 0.187947139  SW= 0.187947109  abs_diff=2.98023224e-08
  Out[33]: HLS=-0.460565150  SW=-0.460565120  abs_diff=2.98023224e-08
  Out[34]: HLS= 0.287913352  SW= 0.287913263  abs_diff=8.94069672e-08
  Out[35]: HLS= 1.621126175  SW= 1.621126056  abs_diff=1.1920929e-07
  Out[36]: HLS=-0.081424326  SW=-0.081424296  abs_diff=2.98023224e-08
  Out[37]: HLS=-0.392225146  SW=-0.392224908  abs_diff=2.38418579e-07
  Out[38]: HLS= 1.077698708  SW= 1.077698469  abs_diff=2.38418579e-07
  Out[39]: HLS= 0.442353606  SW= 0.442353666  abs_diff=5.96046448e-08
  Out[40]: HLS=-1.082922816  SW=-1.082922697  abs_diff=1.1920929e-07
  Out[41]: HLS=-0.776679158  SW=-0.776679218  abs_diff=5.96046448e-08
  Out[42]: HLS=-0.265374333  SW=-0.265374303  abs_diff=2.98023224e-08
  Out[43]: HLS=-0.470639527  SW=-0.470639586  abs_diff=5.96046448e-08
  Out[44]: HLS=-0.257699132  SW=-0.257699013  abs_diff=1.1920929e-07
  Out[45]: HLS= 0.600635588  SW= 0.600635529  abs_diff=5.96046448e-08
  Out[46]: HLS=-1.209044099  SW=-1.209044099  abs_diff=0
  Out[47]: HLS=-1.259950638  SW=-1.259950638  abs_diff=0
  Out[48]: HLS= 1.921193004  SW= 1.921192765  abs_diff=2.38418579e-07
  Out[49]: HLS=-1.420122623  SW=-1.420122266  abs_diff=3.57627869e-07
  Out[50]: HLS= 1.349306107  SW= 1.349305868  abs_diff=2.38418579e-07
  Out[51]: HLS= 2.319791794  SW= 2.319791317  abs_diff=4.76837158e-07
  Out[52]: HLS= 2.233148575  SW= 2.233148575  abs_diff=0
  Out[53]: HLS=-1.423607469  SW=-1.423607230  abs_diff=2.38418579e-07
  Out[54]: HLS= 1.221599698  SW= 1.221599460  abs_diff=2.38418579e-07
  Out[55]: HLS= 2.505784988  SW= 2.505784750  abs_diff=2.38418579e-07
  Out[56]: HLS= 1.390283704  SW= 1.390283585  abs_diff=1.1920929e-07
  Out[57]: HLS= 0.805738389  SW= 0.805738151  abs_diff=2.38418579e-07
  Out[58]: HLS= 0.517389953  SW= 0.517389953  abs_diff=0
  Out[59]: HLS= 1.079405904  SW= 1.079405427  abs_diff=4.76837158e-07
  Out[60]: HLS= 0.838395774  SW= 0.838395536  abs_diff=2.38418579e-07
  Out[61]: HLS=-0.050929472  SW=-0.050929409  abs_diff=6.33299351e-08
  Out[62]: HLS=-1.228137732  SW=-1.228137493  abs_diff=2.38418579e-07
  Out[63]: HLS=-1.683481216  SW=-1.683481097  abs_diff=1.1920929e-07

SAMPLE 6 SUMMARY:
  Gate sum          : 1.000000000
  Gate max abs error: 5.96046448e-08
  Gate MAE          : 2.04890966e-08
  Output max error  : 4.76837158e-07
  Output MAE        : 1.31782144e-07
  Output RMSE       : 1.78348881e-07
  Gate failures     : 0 / 4
  Output failures   : 0 / 64
  Status            : PASS

============================================================
SAMPLE 7
============================================================

GATE VALUES:
  Gate[0]: HLS= 0.358985484  SW= 0.358985513  abs_diff=2.98023224e-08
  Gate[1]: HLS= 0.055384252  SW= 0.055384252  abs_diff=0
  Gate[2]: HLS= 0.427800387  SW= 0.427800387  abs_diff=0
  Gate[3]: HLS= 0.157829866  SW= 0.157829866  abs_diff=0

OUTPUT VALUES (all 64 dimensions):
  Out[00]: HLS=-1.481214046  SW=-1.481214404  abs_diff=3.57627869e-07
  Out[01]: HLS=-1.442151308  SW=-1.442151308  abs_diff=0
  Out[02]: HLS= 0.757174850  SW= 0.757174790  abs_diff=5.96046448e-08
  Out[03]: HLS= 5.102519035  SW= 5.102519035  abs_diff=0
  Out[04]: HLS=-1.368338823  SW=-1.368338704  abs_diff=1.1920929e-07
  Out[05]: HLS= 4.565313339  SW= 4.565313339  abs_diff=0
  Out[06]: HLS= 1.537286997  SW= 1.537287354  abs_diff=3.57627869e-07
  Out[07]: HLS= 1.587364197  SW= 1.587364197  abs_diff=0
  Out[08]: HLS=-0.646291792  SW=-0.646291852  abs_diff=5.96046448e-08
  Out[09]: HLS=-0.086975068  SW=-0.086975083  abs_diff=1.49011612e-08
  Out[10]: HLS=-1.611418247  SW=-1.611418247  abs_diff=0
  Out[11]: HLS=-0.564917862  SW=-0.564917862  abs_diff=0
  Out[12]: HLS= 1.676774859  SW= 1.676774859  abs_diff=0
  Out[13]: HLS=-1.560180426  SW=-1.560180426  abs_diff=0
  Out[14]: HLS=-2.135617256  SW=-2.135616779  abs_diff=4.76837158e-07
  Out[15]: HLS=-0.192846596  SW=-0.192846596  abs_diff=0
  Out[16]: HLS=-2.847235918  SW=-2.847235918  abs_diff=0
  Out[17]: HLS=-0.748107612  SW=-0.748107612  abs_diff=0
  Out[18]: HLS= 1.002258420  SW= 1.002258420  abs_diff=0
  Out[19]: HLS= 2.772819996  SW= 2.772820234  abs_diff=2.38418579e-07
  Out[20]: HLS=-1.339330912  SW=-1.339331031  abs_diff=1.1920929e-07
  Out[21]: HLS=-3.118106604  SW=-3.118106842  abs_diff=2.38418579e-07
  Out[22]: HLS=-0.236906946  SW=-0.236907065  abs_diff=1.1920929e-07
  Out[23]: HLS=-1.759279847  SW=-1.759279966  abs_diff=1.1920929e-07
  Out[24]: HLS= 1.231817007  SW= 1.231817245  abs_diff=2.38418579e-07
  Out[25]: HLS= 0.118225463  SW= 0.118225597  abs_diff=1.34110451e-07
  Out[26]: HLS=-0.703441918  SW=-0.703441858  abs_diff=5.96046448e-08
  Out[27]: HLS= 2.522276878  SW= 2.522277355  abs_diff=4.76837158e-07
  Out[28]: HLS=-0.033852838  SW=-0.033852886  abs_diff=4.84287739e-08
  Out[29]: HLS= 0.520086825  SW= 0.520087004  abs_diff=1.78813934e-07
  Out[30]: HLS= 1.406429768  SW= 1.406429529  abs_diff=2.38418579e-07
  Out[31]: HLS= 2.327969313  SW= 2.327969551  abs_diff=2.38418579e-07
  Out[32]: HLS= 0.048520550  SW= 0.048520461  abs_diff=8.94069672e-08
  Out[33]: HLS=-1.530071735  SW=-1.530071735  abs_diff=0
  Out[34]: HLS=-0.690525115  SW=-0.690524936  abs_diff=1.78813934e-07
  Out[35]: HLS= 2.311770201  SW= 2.311770201  abs_diff=0
  Out[36]: HLS= 0.018993579  SW= 0.018993601  abs_diff=2.23517418e-08
  Out[37]: HLS=-1.070882320  SW=-1.070882678  abs_diff=3.57627869e-07
  Out[38]: HLS= 0.766573012  SW= 0.766573012  abs_diff=0
  Out[39]: HLS= 1.139706016  SW= 1.139705896  abs_diff=1.1920929e-07
  Out[40]: HLS=-2.985206842  SW=-2.985207319  abs_diff=4.76837158e-07
  Out[41]: HLS=-1.470863342  SW=-1.470863223  abs_diff=1.1920929e-07
  Out[42]: HLS=-0.845171094  SW=-0.845170975  abs_diff=1.1920929e-07
  Out[43]: HLS= 0.845834255  SW= 0.845834136  abs_diff=1.1920929e-07
  Out[44]: HLS=-0.124725923  SW=-0.124725908  abs_diff=1.49011612e-08
  Out[45]: HLS= 0.504613161  SW= 0.504613280  abs_diff=1.1920929e-07
  Out[46]: HLS=-1.334218025  SW=-1.334218264  abs_diff=2.38418579e-07
  Out[47]: HLS=-1.738409758  SW=-1.738409877  abs_diff=1.1920929e-07
  Out[48]: HLS= 4.210937023  SW= 4.210937023  abs_diff=0
  Out[49]: HLS=-3.047531366  SW=-3.047531366  abs_diff=0
  Out[50]: HLS= 2.159095526  SW= 2.159095526  abs_diff=0
  Out[51]: HLS= 2.665536642  SW= 2.665537119  abs_diff=4.76837158e-07
  Out[52]: HLS= 5.270171642  SW= 5.270172119  abs_diff=4.76837158e-07
  Out[53]: HLS=-2.175351858  SW=-2.175352573  abs_diff=7.15255737e-07
  Out[54]: HLS= 0.992894411  SW= 0.992894351  abs_diff=5.96046448e-08
  Out[55]: HLS= 3.803064108  SW= 3.803064108  abs_diff=0
  Out[56]: HLS= 2.587328911  SW= 2.587328911  abs_diff=0
  Out[57]: HLS= 2.074707985  SW= 2.074708462  abs_diff=4.76837158e-07
  Out[58]: HLS= 1.880487919  SW= 1.880487800  abs_diff=1.1920929e-07
  Out[59]: HLS= 0.734694898  SW= 0.734695137  abs_diff=2.38418579e-07
  Out[60]: HLS= 0.946094096  SW= 0.946094215  abs_diff=1.1920929e-07
  Out[61]: HLS=-0.496728539  SW=-0.496728629  abs_diff=8.94069672e-08
  Out[62]: HLS=-1.975906610  SW=-1.975906610  abs_diff=0
  Out[63]: HLS=-3.535807848  SW=-3.535807848  abs_diff=0

SAMPLE 7 SUMMARY:
  Gate sum          : 1.000000000
  Gate max abs error: 2.98023224e-08
  Gate MAE          : 7.4505806e-09
  Output max error  : 7.15255737e-07
  Output MAE        : 1.36846211e-07
  Output RMSE       : 2.14453581e-07
  Gate failures     : 0 / 4
  Output failures   : 0 / 64
  Status            : PASS

============================================================
SAMPLE 8
============================================================

GATE VALUES:
  Gate[0]: HLS= 0.305530906  SW= 0.305530906  abs_diff=0
  Gate[1]: HLS= 0.188188016  SW= 0.188188031  abs_diff=1.49011612e-08
  Gate[2]: HLS= 0.309135348  SW= 0.309135348  abs_diff=0
  Gate[3]: HLS= 0.197145700  SW= 0.197145700  abs_diff=0

OUTPUT VALUES (all 64 dimensions):
  Out[00]: HLS=-0.864541590  SW=-0.864541531  abs_diff=5.96046448e-08
  Out[01]: HLS=-0.853844345  SW=-0.853844345  abs_diff=0
  Out[02]: HLS= 0.425720572  SW= 0.425720662  abs_diff=8.94069672e-08
  Out[03]: HLS= 2.402198076  SW= 2.402198076  abs_diff=0
  Out[04]: HLS=-1.347766280  SW=-1.347766161  abs_diff=1.1920929e-07
  Out[05]: HLS= 1.975807786  SW= 1.975807786  abs_diff=0
  Out[06]: HLS= 0.684137523  SW= 0.684137583  abs_diff=5.96046448e-08
  Out[07]: HLS= 0.318264544  SW= 0.318264484  abs_diff=5.96046448e-08
  Out[08]: HLS= 0.256861269  SW= 0.256861240  abs_diff=2.98023224e-08
  Out[09]: HLS= 0.054905705  SW= 0.054905772  abs_diff=6.70552254e-08
  Out[10]: HLS=-0.581235886  SW=-0.581235886  abs_diff=0
  Out[11]: HLS= 0.113910913  SW= 0.113910809  abs_diff=1.04308128e-07
  Out[12]: HLS= 1.244807363  SW= 1.244807482  abs_diff=1.1920929e-07
  Out[13]: HLS=-0.863504469  SW=-0.863504529  abs_diff=5.96046448e-08
  Out[14]: HLS=-1.069869161  SW=-1.069869041  abs_diff=1.1920929e-07
  Out[15]: HLS=-0.247783870  SW=-0.247783929  abs_diff=5.96046448e-08
  Out[16]: HLS=-1.545191050  SW=-1.545190811  abs_diff=2.38418579e-07
  Out[17]: HLS=-0.509004712  SW=-0.509004653  abs_diff=5.96046448e-08
  Out[18]: HLS= 0.629875422  SW= 0.629875362  abs_diff=5.96046448e-08
  Out[19]: HLS= 1.753525496  SW= 1.753525376  abs_diff=1.1920929e-07
  Out[20]: HLS=-0.888783693  SW=-0.888783753  abs_diff=5.96046448e-08
  Out[21]: HLS=-1.813662052  SW=-1.813662291  abs_diff=2.38418579e-07
  Out[22]: HLS=-0.130589679  SW=-0.130589902  abs_diff=2.23517418e-07
  Out[23]: HLS=-0.926995158  SW=-0.926995099  abs_diff=5.96046448e-08
  Out[24]: HLS= 0.705473542  SW= 0.705473363  abs_diff=1.78813934e-07
  Out[25]: HLS= 0.313216358  SW= 0.313216269  abs_diff=8.94069672e-08
  Out[26]: HLS=-0.347618014  SW=-0.347617984  abs_diff=2.98023224e-08
  Out[27]: HLS= 1.166861773  SW= 1.166861773  abs_diff=0
  Out[28]: HLS= 0.780993283  SW= 0.780993283  abs_diff=0
  Out[29]: HLS= 0.648195267  SW= 0.648195207  abs_diff=5.96046448e-08
  Out[30]: HLS= 0.416749984  SW= 0.416749984  abs_diff=0
  Out[31]: HLS= 1.072741508  SW= 1.072741389  abs_diff=1.1920929e-07
  Out[32]: HLS=-0.211211801  SW=-0.211211771  abs_diff=2.98023224e-08
  Out[33]: HLS=-0.665338755  SW=-0.665338755  abs_diff=0
  Out[34]: HLS=-0.246316567  SW=-0.246316627  abs_diff=5.96046448e-08
  Out[35]: HLS= 1.166550517  SW= 1.166550756  abs_diff=2.38418579e-07
  Out[36]: HLS=-0.390077114  SW=-0.390077204  abs_diff=8.94069672e-08
  Out[37]: HLS=-0.547977030  SW=-0.547976971  abs_diff=5.96046448e-08
  Out[38]: HLS= 0.508464038  SW= 0.508464038  abs_diff=0
  Out[39]: HLS= 0.218190029  SW= 0.218189955  abs_diff=7.4505806e-08
  Out[40]: HLS=-1.734676242  SW=-1.734676242  abs_diff=0
  Out[41]: HLS=-1.038702726  SW=-1.038702607  abs_diff=1.1920929e-07
  Out[42]: HLS=-0.024944440  SW=-0.024944432  abs_diff=7.4505806e-09
  Out[43]: HLS= 0.142134592  SW= 0.142134607  abs_diff=1.49011612e-08
  Out[44]: HLS=-0.698345184  SW=-0.698345244  abs_diff=5.96046448e-08
  Out[45]: HLS= 0.935861290  SW= 0.935861290  abs_diff=0
  Out[46]: HLS=-0.923237622  SW=-0.923237562  abs_diff=5.96046448e-08
  Out[47]: HLS=-1.220928669  SW=-1.220928550  abs_diff=1.1920929e-07
  Out[48]: HLS= 2.121912003  SW= 2.121912003  abs_diff=0
  Out[49]: HLS=-1.348974347  SW=-1.348974466  abs_diff=1.1920929e-07
  Out[50]: HLS= 1.351713181  SW= 1.351713181  abs_diff=0
  Out[51]: HLS= 1.810518503  SW= 1.810518265  abs_diff=2.38418579e-07
  Out[52]: HLS= 2.380704641  SW= 2.380704403  abs_diff=2.38418579e-07
  Out[53]: HLS=-1.268364191  SW=-1.268364191  abs_diff=0
  Out[54]: HLS= 1.027576327  SW= 1.027576089  abs_diff=2.38418579e-07
  Out[55]: HLS= 2.064793825  SW= 2.064794064  abs_diff=2.38418579e-07
  Out[56]: HLS= 1.690086126  SW= 1.690086126  abs_diff=0
  Out[57]: HLS= 0.544832766  SW= 0.544832826  abs_diff=5.96046448e-08
  Out[58]: HLS= 0.926956654  SW= 0.926956594  abs_diff=5.96046448e-08
  Out[59]: HLS= 0.734687209  SW= 0.734687269  abs_diff=5.96046448e-08
  Out[60]: HLS= 0.678908825  SW= 0.678908885  abs_diff=5.96046448e-08
  Out[61]: HLS=-0.214881673  SW=-0.214881748  abs_diff=7.4505806e-08
  Out[62]: HLS=-0.887561083  SW=-0.887561142  abs_diff=5.96046448e-08
  Out[63]: HLS=-2.033083439  SW=-2.033083200  abs_diff=2.38418579e-07

SAMPLE 8 SUMMARY:
  Gate sum          : 1.000000000
  Gate max abs error: 1.49011612e-08
  Gate MAE          : 3.7252903e-09
  Output max error  : 2.38418579e-07
  Output MAE        : 7.96280801e-08
  Output RMSE       : 1.09777612e-07
  Gate failures     : 0 / 4
  Output failures   : 0 / 64
  Status            : PASS

============================================================
SAMPLE 9
============================================================

GATE VALUES:
  Gate[0]: HLS= 0.001989840  SW= 0.001989840  abs_diff=0
  Gate[1]: HLS= 0.003124597  SW= 0.003124597  abs_diff=2.32830644e-10
  Gate[2]: HLS= 0.000668658  SW= 0.000668658  abs_diff=2.91038305e-10
  Gate[3]: HLS= 0.994216919  SW= 0.994216919  abs_diff=0

OUTPUT VALUES (all 64 dimensions):
  Out[00]: HLS=-0.298501551  SW=-0.298501730  abs_diff=1.78813934e-07
  Out[01]: HLS= 5.006495953  SW= 5.006495953  abs_diff=0
  Out[02]: HLS=-2.156787634  SW=-2.156788111  abs_diff=4.76837158e-07
  Out[03]: HLS=-1.806698442  SW=-1.806697726  abs_diff=7.15255737e-07
  Out[04]: HLS=-0.462936580  SW=-0.462936461  abs_diff=1.1920929e-07
  Out[05]: HLS= 1.459131598  SW= 1.459131718  abs_diff=1.1920929e-07
  Out[06]: HLS= 2.807887793  SW= 2.807887316  abs_diff=4.76837158e-07
  Out[07]: HLS= 0.194941595  SW= 0.194941700  abs_diff=1.04308128e-07
  Out[08]: HLS= 4.903072834  SW= 4.903073788  abs_diff=9.53674316e-07
  Out[09]: HLS=-1.128483176  SW=-1.128482461  abs_diff=7.15255737e-07
  Out[10]: HLS=-4.175365925  SW=-4.175365925  abs_diff=0
  Out[11]: HLS= 3.774132729  SW= 3.774132729  abs_diff=0
  Out[12]: HLS=-0.085092843  SW=-0.085092619  abs_diff=2.23517418e-07
  Out[13]: HLS=-1.117564917  SW=-1.117564917  abs_diff=0
  Out[14]: HLS= 0.758093476  SW= 0.758093715  abs_diff=2.38418579e-07
  Out[15]: HLS=-1.050187469  SW=-1.050187349  abs_diff=1.1920929e-07
  Out[16]: HLS= 0.855594635  SW= 0.855594337  abs_diff=2.98023224e-07
  Out[17]: HLS=-0.634372413  SW=-0.634372175  abs_diff=2.38418579e-07
  Out[18]: HLS= 1.002523422  SW= 1.002523422  abs_diff=0
  Out[19]: HLS= 0.877131402  SW= 0.877131462  abs_diff=5.96046448e-08
  Out[20]: HLS=-0.930729032  SW=-0.930729210  abs_diff=1.78813934e-07
  Out[21]: HLS= 2.969691753  SW= 2.969691992  abs_diff=2.38418579e-07
  Out[22]: HLS= 0.165013760  SW= 0.165014088  abs_diff=3.27825546e-07
  Out[23]: HLS= 5.047000885  SW= 5.047000885  abs_diff=0
  Out[24]: HLS= 2.506065130  SW= 2.506064892  abs_diff=2.38418579e-07
  Out[25]: HLS= 0.387293249  SW= 0.387293220  abs_diff=2.98023224e-08
  Out[26]: HLS=-0.044253487  SW=-0.044253521  abs_diff=3.35276127e-08
  Out[27]: HLS=-4.342001915  SW=-4.342001915  abs_diff=0
  Out[28]: HLS= 0.318662226  SW= 0.318662405  abs_diff=1.78813934e-07
  Out[29]: HLS= 0.719086409  SW= 0.719086409  abs_diff=0
  Out[30]: HLS=-8.461415291  SW=-8.461414337  abs_diff=9.53674316e-07
  Out[31]: HLS= 4.248100281  SW= 4.248100281  abs_diff=0
  Out[32]: HLS= 6.355021954  SW= 6.355020523  abs_diff=1.43051147e-06
  Out[33]: HLS= 1.572061062  SW= 1.572061777  abs_diff=7.15255737e-07
  Out[34]: HLS=-1.570949316  SW=-1.570949435  abs_diff=1.1920929e-07
  Out[35]: HLS= 2.185378551  SW= 2.185379267  abs_diff=7.15255737e-07
  Out[36]: HLS=-1.958724141  SW=-1.958724499  abs_diff=3.57627869e-07
  Out[37]: HLS=-5.909309864  SW=-5.909309864  abs_diff=0
  Out[38]: HLS= 0.941278100  SW= 0.941278160  abs_diff=5.96046448e-08
  Out[39]: HLS=-1.971206188  SW=-1.971206069  abs_diff=1.1920929e-07
  Out[40]: HLS= 2.655294418  SW= 2.655293941  abs_diff=4.76837158e-07
  Out[41]: HLS= 0.380204678  SW= 0.380204797  abs_diff=1.1920929e-07
  Out[42]: HLS= 0.161525831  SW= 0.161525622  abs_diff=2.08616257e-07
  Out[43]: HLS=-0.249814659  SW=-0.249814808  abs_diff=1.49011612e-07
  Out[44]: HLS=-0.990492702  SW=-0.990492582  abs_diff=1.1920929e-07
  Out[45]: HLS=-0.712125301  SW=-0.712125540  abs_diff=2.38418579e-07
  Out[46]: HLS= 1.375718474  SW= 1.375718713  abs_diff=2.38418579e-07
  Out[47]: HLS=-1.322833180  SW=-1.322833300  abs_diff=1.1920929e-07
  Out[48]: HLS= 1.341799736  SW= 1.341799974  abs_diff=2.38418579e-07
  Out[49]: HLS=-0.515661001  SW=-0.515660942  abs_diff=5.96046448e-08
  Out[50]: HLS= 4.830834866  SW= 4.830834389  abs_diff=4.76837158e-07
  Out[51]: HLS=-0.218381152  SW=-0.218381286  abs_diff=1.34110451e-07
  Out[52]: HLS=-2.547742367  SW=-2.547743559  abs_diff=1.1920929e-06
  Out[53]: HLS=-1.346992612  SW=-1.346992612  abs_diff=0
  Out[54]: HLS=-1.226437330  SW=-1.226437092  abs_diff=2.38418579e-07
  Out[55]: HLS= 3.010763407  SW= 3.010763168  abs_diff=2.38418579e-07
  Out[56]: HLS=-0.502696991  SW=-0.502696872  abs_diff=1.1920929e-07
  Out[57]: HLS=-0.089468807  SW=-0.089468643  abs_diff=1.63912773e-07
  Out[58]: HLS= 5.051565647  SW= 5.051566601  abs_diff=9.53674316e-07
  Out[59]: HLS=-0.604649007  SW=-0.604649067  abs_diff=5.96046448e-08
  Out[60]: HLS=-0.857468426  SW=-0.857468426  abs_diff=0
  Out[61]: HLS= 1.443267226  SW= 1.443266869  abs_diff=3.57627869e-07
  Out[62]: HLS=-0.899067104  SW=-0.899067044  abs_diff=5.96046448e-08
  Out[63]: HLS=-1.807425380  SW=-1.807425141  abs_diff=2.38418579e-07

SAMPLE 9 SUMMARY:
  Gate sum          : 1.000000000
  Gate max abs error: 2.91038305e-10
  Gate MAE          : 1.30967237e-10
  Output max error  : 1.43051147e-06
  Output MAE        : 2.64553819e-07
  Output RMSE       : 4.06727079e-07
  Gate failures     : 0 / 4
  Output failures   : 0 / 64
  Status            : PASS


============================================================
OVERALL PSEUDO/BLOCK MoE C SIM SUMMARY
============================================================
Samples passed           : 10 / 10
Gate values checked      : 40
Output values checked    : 640
Max gate abs error       : 5.96046448e-08
Mean gate abs error      : 1.12864655e-08
Max output abs error     : 1.43051147e-06
Output MAE               : 1.35050504e-07
Output RMSE              : 2.22674942e-07
Gate tolerance failures  : 0
Output tolerance failures: 0

FINAL STATUS: PASS
============================================================

Saved report : /home/simics/HMoE/HLS_HMoE/pseudo_block/run_11/results/csim/csim_report.log
Saved gates  : /home/simics/HMoE/HLS_HMoE/pseudo_block/run_11/results/csim/hls_gates.txt
Saved outputs: /home/simics/HMoE/HLS_HMoE/pseudo_block/run_11/results/csim/hls_output.txt
INFO: [SIM 1] CSim done with 0 errors.
INFO: [SIM 3] *************** CSIM finish ***************
