INFO-FLOW: Workspace /home/simics/HMoE/HLS_HMoE/run_7/project/HLS_OutputMoE_Run7/solution1 opened at Sun Sep 13 11:14:03 IST 2026
Execute       send_msg_by_id INFO @200-1505@%s%s  vivado 
INFO: [HLS 200-1505] Using flow_target 'vivado'
Execute     set_part xcvu13p_CIV-figd2104-3-e 
INFO: [HLS 200-1510] Running: set_part xcvu13p_CIV-figd2104-3-e 
Execute       create_platform xcvu13p_CIV-figd2104-3-e -board  
DBG:HLSDevice: Trying to load device library: /home/simics/HMoE/Vitis_HLS/2023.2/lib/lnx64.o/libxv_hlsvwrap.so
DBG:HLSDevice: first parts/arch.xml in RDI_DATADIR: /home/simics/HMoE/Vivado/2023.2/data/parts/arch.xml
DBG:HLSDevice: init success
INFO: [HLS 200-1611] Setting target device to 'xcvu13p_CIV-figd2104-3-e'
Command       create_platform done; 0.93 sec.
Execute       source /home/simics/HMoE/Vitis_HLS/2023.2/common/technology/xilinx/common/xilinx.gen 
Execute         source /home/simics/HMoE/Vitis_HLS/2023.2/common/technology/xilinx/interface/plb46.gen 
Execute         source /home/simics/HMoE/Vitis_HLS/2023.2/common/technology/xilinx/interface/axi4.gen 
Execute         source /home/simics/HMoE/Vitis_HLS/2023.2/common/technology/xilinx/interface/nativeAXI4.gen 
Execute           source /home/simics/HMoE/Vitis_HLS/2023.2/common/technology/xilinx/interface/saxilite.gen 
Execute         source /home/simics/HMoE/Vitis_HLS/2023.2/common/technology/xilinx/scripts/xilinxcoregen.gen 
Execute         source /home/simics/HMoE/Vitis_HLS/2023.2/common/technology/xilinx/interface/XilEDKCoreGen.gen 
Execute         source /home/simics/HMoE/Vitis_HLS/2023.2/common/technology/xilinx/ip/util.gen 
Execute         source /home/simics/HMoE/Vitis_HLS/2023.2/common/technology/xilinx/ip/dds_compiler.gen 
Execute         source /home/simics/HMoE/Vitis_HLS/2023.2/common/technology/xilinx/ip/xfft.gen 
Execute         source /home/simics/HMoE/Vitis_HLS/2023.2/common/technology/xilinx/ip/xfir.gen 
Execute         source /home/simics/HMoE/Vitis_HLS/2023.2/common/technology/xilinx/DSP48/dsp48.gen 
Execute       ap_part_info -name xcvu13p_CIV-figd2104-3-e -data info 
Execute       config_compile -quiet -complex-mul-dsp=0 
Command     set_part done; 1.03 sec.
Execute     create_clock -period 10 -name default 
INFO: [HLS 200-1510] Running: create_clock -period 10 -name default 
Execute       ap_set_clock -name default -period 10 -default=false 
INFO: [SYN 201-201] Setting up clock 'default' with a period of 10ns.
Execute     csim_design 
INFO: [HLS 200-1510] Running: csim_design 
INFO-FLOW: Running SLX 'csim' proc: ::SLX::run_csim
INFO: [SIM 211-2] *************** CSIM start ***************
INFO: [SIM 211-4] CSIM will launch GCC as the compiler.
Execute       send_msg_by_id INFO @200-2036@%s debug 
INFO: [HLS 200-2036] Building debug C Simulation binaries
Execute       ap_part_info -name xcvu13p_CIV-figd2104-3-e -data info 
ERROR: [SIM 211-100] 'csim_design' failed: compilation error(s).
INFO: [SIM 211-3] *************** CSIM finish ***************
INFO-FLOW: AESL_CSIM::csim_cmd_wrap errorInfo:
4
    while executing
"::AESL_CSIM::csim_cmd_wrap $args"
INFO-FLOW: Caught error in csim_design: 4
    while executing
"ap_internal_csim_design "
Command     csim_design done; error code: 2; 1.29 sec.
INFO: [HLS 200-111] Finished Command csim_design CPU user time: 0.68 seconds. CPU system time: 0.33 seconds. Elapsed time: 1.29 seconds; current allocated memory: 0.000 MB.
Command   ap_source done; error code: 1; 2.48 sec.
Execute   cleanup_all 
INFO-FLOW: Workspace /home/simics/HMoE/HLS_HMoE/run_7/project/HLS_OutputMoE_Run7/solution1 opened at Sun Sep 13 11:17:06 IST 2026
Execute       ap_set_clock -name default -period 10 -default=false 
INFO: [SYN 201-201] Setting up clock 'default' with a period of 10ns.
Execute       set_part xcvu13p_CIV-figd2104-3-e 
Execute         create_platform xcvu13p_CIV-figd2104-3-e -board  
DBG:HLSDevice: Trying to load device library: /home/simics/HMoE/Vitis_HLS/2023.2/lib/lnx64.o/libxv_hlsvwrap.so
DBG:HLSDevice: first parts/arch.xml in RDI_DATADIR: /home/simics/HMoE/Vivado/2023.2/data/parts/arch.xml
DBG:HLSDevice: init success
INFO: [HLS 200-1611] Setting target device to 'xcvu13p_CIV-figd2104-3-e'
Command         create_platform done; 0.96 sec.
Execute         source /home/simics/HMoE/Vitis_HLS/2023.2/common/technology/xilinx/common/xilinx.gen 
Execute           source /home/simics/HMoE/Vitis_HLS/2023.2/common/technology/xilinx/interface/plb46.gen 
Execute           source /home/simics/HMoE/Vitis_HLS/2023.2/common/technology/xilinx/interface/axi4.gen 
Execute           source /home/simics/HMoE/Vitis_HLS/2023.2/common/technology/xilinx/interface/nativeAXI4.gen 
Execute             source /home/simics/HMoE/Vitis_HLS/2023.2/common/technology/xilinx/interface/saxilite.gen 
Execute           source /home/simics/HMoE/Vitis_HLS/2023.2/common/technology/xilinx/scripts/xilinxcoregen.gen 
Execute           source /home/simics/HMoE/Vitis_HLS/2023.2/common/technology/xilinx/interface/XilEDKCoreGen.gen 
Execute           source /home/simics/HMoE/Vitis_HLS/2023.2/common/technology/xilinx/ip/util.gen 
Execute           source /home/simics/HMoE/Vitis_HLS/2023.2/common/technology/xilinx/ip/dds_compiler.gen 
Execute           source /home/simics/HMoE/Vitis_HLS/2023.2/common/technology/xilinx/ip/xfft.gen 
Execute           source /home/simics/HMoE/Vitis_HLS/2023.2/common/technology/xilinx/ip/xfir.gen 
Execute           source /home/simics/HMoE/Vitis_HLS/2023.2/common/technology/xilinx/DSP48/dsp48.gen 
Execute         ap_part_info -name xcvu13p_CIV-figd2104-3-e -data info 
Execute         config_compile -quiet -complex-mul-dsp=0 
Command       set_part done; 1.05 sec.
Execute       send_msg_by_id INFO @200-1505@%s%s  vivado 
INFO: [HLS 200-1505] Using flow_target 'vivado'
Command     open_solution done; 1.16 sec.
Execute     set_part xcvu13p_CIV-figd2104-3-e 
INFO: [HLS 200-1510] Running: set_part xcvu13p_CIV-figd2104-3-e 
Execute       create_platform xcvu13p_CIV-figd2104-3-e -board  
Execute       source /home/simics/HMoE/Vitis_HLS/2023.2/common/technology/xilinx/common/xilinx.gen 
Execute         source /home/simics/HMoE/Vitis_HLS/2023.2/common/technology/xilinx/interface/plb46.gen 
Execute         source /home/simics/HMoE/Vitis_HLS/2023.2/common/technology/xilinx/interface/axi4.gen 
Execute         source /home/simics/HMoE/Vitis_HLS/2023.2/common/technology/xilinx/interface/nativeAXI4.gen 
Execute           source /home/simics/HMoE/Vitis_HLS/2023.2/common/technology/xilinx/interface/saxilite.gen 
Execute         source /home/simics/HMoE/Vitis_HLS/2023.2/common/technology/xilinx/scripts/xilinxcoregen.gen 
Execute         source /home/simics/HMoE/Vitis_HLS/2023.2/common/technology/xilinx/interface/XilEDKCoreGen.gen 
Execute         source /home/simics/HMoE/Vitis_HLS/2023.2/common/technology/xilinx/ip/util.gen 
Execute         source /home/simics/HMoE/Vitis_HLS/2023.2/common/technology/xilinx/ip/dds_compiler.gen 
Execute         source /home/simics/HMoE/Vitis_HLS/2023.2/common/technology/xilinx/ip/xfft.gen 
Execute         source /home/simics/HMoE/Vitis_HLS/2023.2/common/technology/xilinx/ip/xfir.gen 
Execute         source /home/simics/HMoE/Vitis_HLS/2023.2/common/technology/xilinx/DSP48/dsp48.gen 
Execute       ap_part_info -name xcvu13p_CIV-figd2104-3-e -data info 
Execute       config_compile -quiet -complex-mul-dsp=0 
Command     set_part done; 0.16 sec.
Execute     create_clock -period 10 -name default 
INFO: [HLS 200-1510] Running: create_clock -period 10 -name default 
Execute     csim_design 
INFO: [HLS 200-1510] Running: csim_design 
INFO-FLOW: Running SLX 'csim' proc: ::SLX::run_csim
INFO: [SIM 211-2] *************** CSIM start ***************
INFO: [SIM 211-4] CSIM will launch GCC as the compiler.
Execute       source csim/.lst_opt.tcl 
Execute       send_msg_by_id INFO @200-2036@%s debug 
INFO: [HLS 200-2036] Building debug C Simulation binaries
Execute       ap_part_info -name xcvu13p_CIV-figd2104-3-e -data info 
Execute       source run_sim.tcl 
Command       ap_source done; error code: 1; 1.16 sec.
ERROR: [SIM 211-100] 'csim_design' failed: nonzero return value.
INFO: [SIM 211-3] *************** CSIM finish ***************
INFO-FLOW: AESL_CSIM::csim_cmd_wrap errorInfo:
4
    while executing
"::AESL_CSIM::csim_cmd_wrap $args"
INFO-FLOW: Caught error in csim_design: 4
    while executing
"ap_internal_csim_design "
Command     csim_design done; error code: 2; 1.94 sec.
INFO: [HLS 200-111] Finished Command csim_design CPU user time: 1.71 seconds. CPU system time: 0.26 seconds. Elapsed time: 1.94 seconds; current allocated memory: 0.000 MB.
Command   ap_source done; error code: 1; 3.27 sec.
Execute   cleanup_all 
