

================================================================
== Vitis HLS Report for 'dataflow_in_loop_VITIS_LOOP_149_4_1_Loop_VITIS_LOOP_158_5_proc4_Pipeline_VITIS_L'
================================================================
* Date:           Mon Sep 21 08:00:14 2026

* Version:        2023.2 (Build 4023990 on Oct 11 2023)
* Project:        project
* Solution:       solution1 (Vivado IP Flow Target)
* Product family: virtexuplus
* Target device:  xcvu13p_CIV-figd2104-3-e


================================================================
== Performance Estimates
================================================================
+ Timing: 
    * Summary: 
    +--------+----------+----------+------------+
    |  Clock |  Target  | Estimated| Uncertainty|
    +--------+----------+----------+------------+
    |ap_clk  |  10.00 ns|  7.300 ns|     2.70 ns|
    +--------+----------+----------+------------+

+ Latency: 
    * Summary: 
    +---------+---------+----------+----------+-----+-----+---------+
    |  Latency (cycles) |  Latency (absolute) |  Interval | Pipeline|
    |   min   |   max   |    min   |    max   | min | max |   Type  |
    +---------+---------+----------+----------+-----+-----+---------+
    |      328|      328|  3.280 us|  3.280 us|  328|  328|       no|
    +---------+---------+----------+----------+-----+-----+---------+

    + Detail: 
        * Instance: 
        N/A

        * Loop: 
        +--------------------+---------+---------+----------+-----------+-----------+------+----------+
        |                    |  Latency (cycles) | Iteration|  Initiation Interval  | Trip |          |
        |      Loop Name     |   min   |   max   |  Latency |  achieved |   target  | Count| Pipelined|
        +--------------------+---------+---------+----------+-----------+-----------+------+----------+
        |- VITIS_LOOP_158_5  |      326|      326|       135|         64|          1|     4|       yes|
        +--------------------+---------+---------+----------+-----------+-----------+------+----------+



================================================================
== Utilization Estimates
================================================================
* Summary: 
+---------------------+---------+-------+---------+---------+------+
|         Name        | BRAM_18K|  DSP  |    FF   |   LUT   | URAM |
+---------------------+---------+-------+---------+---------+------+
|DSP                  |        -|      -|        -|        -|     -|
|Expression           |        -|      -|        0|      286|     -|
|FIFO                 |        -|      -|        -|        -|     -|
|Instance             |        -|      5|      305|      311|     -|
|Memory               |        -|      -|        -|        -|     -|
|Multiplexer          |        -|      -|        -|     1569|     -|
|Register             |        -|      -|     3772|        -|     -|
+---------------------+---------+-------+---------+---------+------+
|Total                |        0|      5|     4077|     2166|     0|
+---------------------+---------+-------+---------+---------+------+
|Available SLR        |     1344|   3072|   864000|   432000|   320|
+---------------------+---------+-------+---------+---------+------+
|Utilization SLR (%)  |        0|     ~0|       ~0|       ~0|     0|
+---------------------+---------+-------+---------+---------+------+
|Available            |     5376|  12288|  3456000|  1728000|  1280|
+---------------------+---------+-------+---------+---------+------+
|Utilization (%)      |        0|     ~0|       ~0|       ~0|     0|
+---------------------+---------+-------+---------+---------+------+

+ Detail: 
    * Instance: 
    +------------------------------------+--------------------------------+---------+----+-----+-----+-----+
    |              Instance              |             Module             | BRAM_18K| DSP|  FF | LUT | URAM|
    +------------------------------------+--------------------------------+---------+----+-----+-----+-----+
    |fadd_32ns_32ns_32_2_full_dsp_1_U95  |fadd_32ns_32ns_32_2_full_dsp_1  |        0|   2|  177|  233|    0|
    |fcmp_32ns_32ns_1_1_no_dsp_1_U97     |fcmp_32ns_32ns_1_1_no_dsp_1     |        0|   0|    0|    0|    0|
    |fmul_32ns_32ns_32_2_max_dsp_1_U96   |fmul_32ns_32ns_32_2_max_dsp_1   |        0|   3|  128|   78|    0|
    +------------------------------------+--------------------------------+---------+----+-----+-----+-----+
    |Total                               |                                |        0|   5|  305|  311|    0|
    +------------------------------------+--------------------------------+---------+----+-----+-----+-----+

    * DSP: 
    N/A

    * Memory: 
    N/A

    * FIFO: 
    N/A

    * Expression: 
    +-----------------------------------+----------+----+---+----+------------+------------+
    |           Variable Name           | Operation| DSP| FF| LUT| Bitwidth P0| Bitwidth P1|
    +-----------------------------------+----------+----+---+----+------------+------------+
    |add_ln158_fu_934_p2                |         +|   0|  0|  10|           3|           1|
    |and_ln167_1_fu_1363_p2             |       and|   0|  0|   2|           1|           1|
    |and_ln167_fu_1357_p2               |       and|   0|  0|   2|           1|           1|
    |ap_block_pp0_stage0_11001          |       and|   0|  0|   2|           1|           1|
    |ap_block_pp0_stage10_11001         |       and|   0|  0|   2|           1|           1|
    |ap_block_pp0_stage11_11001         |       and|   0|  0|   2|           1|           1|
    |ap_block_pp0_stage12_11001         |       and|   0|  0|   2|           1|           1|
    |ap_block_pp0_stage13_11001         |       and|   0|  0|   2|           1|           1|
    |ap_block_pp0_stage14_11001         |       and|   0|  0|   2|           1|           1|
    |ap_block_pp0_stage15_11001         |       and|   0|  0|   2|           1|           1|
    |ap_block_pp0_stage16_11001         |       and|   0|  0|   2|           1|           1|
    |ap_block_pp0_stage17_11001         |       and|   0|  0|   2|           1|           1|
    |ap_block_pp0_stage18_11001         |       and|   0|  0|   2|           1|           1|
    |ap_block_pp0_stage19_11001         |       and|   0|  0|   2|           1|           1|
    |ap_block_pp0_stage1_11001          |       and|   0|  0|   2|           1|           1|
    |ap_block_pp0_stage20_11001         |       and|   0|  0|   2|           1|           1|
    |ap_block_pp0_stage21_11001         |       and|   0|  0|   2|           1|           1|
    |ap_block_pp0_stage22_11001         |       and|   0|  0|   2|           1|           1|
    |ap_block_pp0_stage23_11001         |       and|   0|  0|   2|           1|           1|
    |ap_block_pp0_stage24_11001         |       and|   0|  0|   2|           1|           1|
    |ap_block_pp0_stage25_11001         |       and|   0|  0|   2|           1|           1|
    |ap_block_pp0_stage26_11001         |       and|   0|  0|   2|           1|           1|
    |ap_block_pp0_stage27_11001         |       and|   0|  0|   2|           1|           1|
    |ap_block_pp0_stage28_11001         |       and|   0|  0|   2|           1|           1|
    |ap_block_pp0_stage29_11001         |       and|   0|  0|   2|           1|           1|
    |ap_block_pp0_stage2_11001          |       and|   0|  0|   2|           1|           1|
    |ap_block_pp0_stage30_11001         |       and|   0|  0|   2|           1|           1|
    |ap_block_pp0_stage31_11001         |       and|   0|  0|   2|           1|           1|
    |ap_block_pp0_stage32_11001         |       and|   0|  0|   2|           1|           1|
    |ap_block_pp0_stage33_11001         |       and|   0|  0|   2|           1|           1|
    |ap_block_pp0_stage34_11001         |       and|   0|  0|   2|           1|           1|
    |ap_block_pp0_stage35_11001         |       and|   0|  0|   2|           1|           1|
    |ap_block_pp0_stage36_11001         |       and|   0|  0|   2|           1|           1|
    |ap_block_pp0_stage37_11001         |       and|   0|  0|   2|           1|           1|
    |ap_block_pp0_stage38_11001         |       and|   0|  0|   2|           1|           1|
    |ap_block_pp0_stage39_11001         |       and|   0|  0|   2|           1|           1|
    |ap_block_pp0_stage3_11001          |       and|   0|  0|   2|           1|           1|
    |ap_block_pp0_stage40_11001         |       and|   0|  0|   2|           1|           1|
    |ap_block_pp0_stage41_11001         |       and|   0|  0|   2|           1|           1|
    |ap_block_pp0_stage42_11001         |       and|   0|  0|   2|           1|           1|
    |ap_block_pp0_stage43_11001         |       and|   0|  0|   2|           1|           1|
    |ap_block_pp0_stage44_11001         |       and|   0|  0|   2|           1|           1|
    |ap_block_pp0_stage45_11001         |       and|   0|  0|   2|           1|           1|
    |ap_block_pp0_stage46_11001         |       and|   0|  0|   2|           1|           1|
    |ap_block_pp0_stage47_11001         |       and|   0|  0|   2|           1|           1|
    |ap_block_pp0_stage48_11001         |       and|   0|  0|   2|           1|           1|
    |ap_block_pp0_stage49_11001         |       and|   0|  0|   2|           1|           1|
    |ap_block_pp0_stage4_11001          |       and|   0|  0|   2|           1|           1|
    |ap_block_pp0_stage50_11001         |       and|   0|  0|   2|           1|           1|
    |ap_block_pp0_stage51_11001         |       and|   0|  0|   2|           1|           1|
    |ap_block_pp0_stage52_11001         |       and|   0|  0|   2|           1|           1|
    |ap_block_pp0_stage53_11001         |       and|   0|  0|   2|           1|           1|
    |ap_block_pp0_stage54_11001         |       and|   0|  0|   2|           1|           1|
    |ap_block_pp0_stage55_11001         |       and|   0|  0|   2|           1|           1|
    |ap_block_pp0_stage56_11001         |       and|   0|  0|   2|           1|           1|
    |ap_block_pp0_stage57_11001         |       and|   0|  0|   2|           1|           1|
    |ap_block_pp0_stage58_11001         |       and|   0|  0|   2|           1|           1|
    |ap_block_pp0_stage59_11001         |       and|   0|  0|   2|           1|           1|
    |ap_block_pp0_stage60_11001         |       and|   0|  0|   2|           1|           1|
    |ap_block_pp0_stage61_11001         |       and|   0|  0|   2|           1|           1|
    |ap_block_pp0_stage62_11001         |       and|   0|  0|   2|           1|           1|
    |ap_block_pp0_stage63_11001         |       and|   0|  0|   2|           1|           1|
    |ap_block_pp0_stage6_01001          |       and|   0|  0|   2|           1|           1|
    |ap_block_pp0_stage7_11001          |       and|   0|  0|   2|           1|           1|
    |ap_block_pp0_stage8_11001          |       and|   0|  0|   2|           1|           1|
    |ap_block_pp0_stage9_11001          |       and|   0|  0|   2|           1|           1|
    |ap_block_state10_pp0_stage9_iter0  |       and|   0|  0|   2|           1|           1|
    |icmp_ln158_fu_928_p2               |      icmp|   0|  0|  12|           3|           4|
    |icmp_ln167_1_fu_1327_p2            |      icmp|   0|  0|  30|          23|           1|
    |icmp_ln167_2_fu_1339_p2            |      icmp|   0|  0|  15|           8|           2|
    |icmp_ln167_3_fu_1345_p2            |      icmp|   0|  0|  30|          23|           1|
    |icmp_ln167_fu_1321_p2              |      icmp|   0|  0|  15|           8|           2|
    |ap_block_pp0_stage5_00001          |        or|   0|  0|   2|           1|           1|
    |ap_block_state2_pp0_stage1_iter0   |        or|   0|  0|   2|           1|           1|
    |or_ln167_1_fu_1351_p2              |        or|   0|  0|   2|           1|           1|
    |or_ln167_fu_1333_p2                |        or|   0|  0|   2|           1|           1|
    |max_logit_1_fu_1369_p3             |    select|   0|  0|  32|           1|          32|
    |ap_enable_pp0                      |       xor|   0|  0|   2|           1|           2|
    +-----------------------------------+----------+----+---+----+------------+------------+
    |Total                              |          |   0|  0| 286|         140|         115|
    +-----------------------------------+----------+----+---+----+------------+------------+

    * Multiplexer: 
    +----------------------------------+-----+-----------+-----+-----------+
    |               Name               | LUT | Input Size| Bits| Total Bits|
    +----------------------------------+-----+-----------+-----+-----------+
    |ap_NS_fsm                         |  279|         65|    1|         65|
    |ap_done_int                       |    9|          2|    1|          2|
    |ap_enable_reg_pp0_iter0           |    9|          2|    1|          2|
    |ap_enable_reg_pp0_iter1           |    9|          2|    1|          2|
    |ap_enable_reg_pp0_iter2           |    9|          2|    1|          2|
    |ap_loop_exit_ready_pp0_iter1_reg  |    9|          2|    1|          2|
    |ap_sig_allocacmp_e_3              |    9|          2|    3|          6|
    |e_fu_126                          |    9|          2|    3|          6|
    |gmem1_blk_n_R                     |    9|          2|    1|          2|
    |gmem2_blk_n_R                     |    9|          2|    1|          2|
    |grp_fu_782_p0                     |   26|          5|   32|        160|
    |grp_fu_782_p1                     |  201|         46|   32|       1472|
    |grp_fu_786_p0                     |  269|         63|   32|       2016|
    |grp_fu_786_p1                     |  279|         65|   32|       2080|
    |input_local_0_address0            |   26|          5|    6|         30|
    |input_local_10_address0           |   26|          5|    6|         30|
    |input_local_11_address0           |   26|          5|    6|         30|
    |input_local_12_address0           |   26|          5|    6|         30|
    |input_local_13_address0           |   26|          5|    6|         30|
    |input_local_14_address0           |   26|          5|    6|         30|
    |input_local_15_address0           |   26|          5|    6|         30|
    |input_local_1_address0            |   26|          5|    6|         30|
    |input_local_2_address0            |   26|          5|    6|         30|
    |input_local_3_address0            |   26|          5|    6|         30|
    |input_local_4_address0            |   26|          5|    6|         30|
    |input_local_5_address0            |   26|          5|    6|         30|
    |input_local_6_address0            |   26|          5|    6|         30|
    |input_local_7_address0            |   26|          5|    6|         30|
    |input_local_8_address0            |   26|          5|    6|         30|
    |input_local_9_address0            |   26|          5|    6|         30|
    |logits_blk_n                      |    9|          2|    1|          2|
    |max_logit_fu_122                  |    9|          2|   32|         64|
    +----------------------------------+-----+-----------+-----+-----------+
    |Total                             | 1569|        346|  271|       6365|
    +----------------------------------+-----+-----------+-----+-----------+

    * Register: 
    +-----------------------------------+----+----+-----+-----------+
    |                Name               | FF | LUT| Bits| Const Bits|
    +-----------------------------------+----+----+-----+-----------+
    |acc_63_reg_2599                    |  32|   0|   32|          0|
    |ap_CS_fsm                          |  64|   0|   64|          0|
    |ap_done_reg                        |   1|   0|    1|          0|
    |ap_enable_reg_pp0_iter0_reg        |   1|   0|    1|          0|
    |ap_enable_reg_pp0_iter1            |   1|   0|    1|          0|
    |ap_enable_reg_pp0_iter2            |   1|   0|    1|          0|
    |ap_loop_exit_ready_pp0_iter1_reg   |   1|   0|    1|          0|
    |e_fu_126                           |   3|   0|    3|          0|
    |gmem2_addr_read_reg_1639           |  32|   0|   32|          0|
    |icmp_ln158_reg_1470                |   1|   0|    1|          0|
    |icmp_ln158_reg_1470_pp0_iter1_reg  |   1|   0|    1|          0|
    |input_local_0_load_1_reg_1799      |  32|   0|   32|          0|
    |input_local_0_load_3_reg_2049      |  32|   0|   32|          0|
    |input_local_10_load_1_reg_1849     |  32|   0|   32|          0|
    |input_local_10_load_2_reg_2009     |  32|   0|   32|          0|
    |input_local_10_load_3_reg_2094     |  32|   0|   32|          0|
    |input_local_10_load_reg_1684       |  32|   0|   32|          0|
    |input_local_11_load_1_reg_1854     |  32|   0|   32|          0|
    |input_local_11_load_2_reg_2014     |  32|   0|   32|          0|
    |input_local_11_load_3_reg_2099     |  32|   0|   32|          0|
    |input_local_11_load_reg_1689       |  32|   0|   32|          0|
    |input_local_12_load_1_reg_1859     |  32|   0|   32|          0|
    |input_local_12_load_2_reg_2019     |  32|   0|   32|          0|
    |input_local_12_load_3_reg_2104     |  32|   0|   32|          0|
    |input_local_12_load_reg_1694       |  32|   0|   32|          0|
    |input_local_13_load_1_reg_1864     |  32|   0|   32|          0|
    |input_local_13_load_2_reg_2024     |  32|   0|   32|          0|
    |input_local_13_load_3_reg_2109     |  32|   0|   32|          0|
    |input_local_13_load_reg_1699       |  32|   0|   32|          0|
    |input_local_14_load_1_reg_1869     |  32|   0|   32|          0|
    |input_local_14_load_2_reg_2029     |  32|   0|   32|          0|
    |input_local_14_load_3_reg_2114     |  32|   0|   32|          0|
    |input_local_14_load_reg_1704       |  32|   0|   32|          0|
    |input_local_15_load_1_reg_1874     |  32|   0|   32|          0|
    |input_local_15_load_2_reg_2034     |  32|   0|   32|          0|
    |input_local_15_load_3_reg_2119     |  32|   0|   32|          0|
    |input_local_15_load_reg_1709       |  32|   0|   32|          0|
    |input_local_1_load_1_reg_1804      |  32|   0|   32|          0|
    |input_local_1_load_2_reg_1964      |  32|   0|   32|          0|
    |input_local_2_load_1_reg_1809      |  32|   0|   32|          0|
    |input_local_2_load_2_reg_1969      |  32|   0|   32|          0|
    |input_local_2_load_3_reg_2054      |  32|   0|   32|          0|
    |input_local_2_load_reg_1644        |  32|   0|   32|          0|
    |input_local_3_load_1_reg_1814      |  32|   0|   32|          0|
    |input_local_3_load_2_reg_1974      |  32|   0|   32|          0|
    |input_local_3_load_3_reg_2059      |  32|   0|   32|          0|
    |input_local_3_load_reg_1649        |  32|   0|   32|          0|
    |input_local_4_load_1_reg_1819      |  32|   0|   32|          0|
    |input_local_4_load_2_reg_1979      |  32|   0|   32|          0|
    |input_local_4_load_3_reg_2064      |  32|   0|   32|          0|
    |input_local_4_load_reg_1654        |  32|   0|   32|          0|
    |input_local_5_load_1_reg_1824      |  32|   0|   32|          0|
    |input_local_5_load_2_reg_1984      |  32|   0|   32|          0|
    |input_local_5_load_3_reg_2069      |  32|   0|   32|          0|
    |input_local_5_load_reg_1659        |  32|   0|   32|          0|
    |input_local_6_load_1_reg_1829      |  32|   0|   32|          0|
    |input_local_6_load_2_reg_1989      |  32|   0|   32|          0|
    |input_local_6_load_3_reg_2074      |  32|   0|   32|          0|
    |input_local_6_load_reg_1664        |  32|   0|   32|          0|
    |input_local_7_load_1_reg_1834      |  32|   0|   32|          0|
    |input_local_7_load_2_reg_1994      |  32|   0|   32|          0|
    |input_local_7_load_3_reg_2079      |  32|   0|   32|          0|
    |input_local_7_load_reg_1669        |  32|   0|   32|          0|
    |input_local_8_load_1_reg_1839      |  32|   0|   32|          0|
    |input_local_8_load_2_reg_1999      |  32|   0|   32|          0|
    |input_local_8_load_3_reg_2084      |  32|   0|   32|          0|
    |input_local_8_load_reg_1674        |  32|   0|   32|          0|
    |input_local_9_load_1_reg_1844      |  32|   0|   32|          0|
    |input_local_9_load_2_reg_2004      |  32|   0|   32|          0|
    |input_local_9_load_3_reg_2089      |  32|   0|   32|          0|
    |input_local_9_load_reg_1679        |  32|   0|   32|          0|
    |max_logit_1_reg_2604               |  32|   0|   32|          0|
    |max_logit_fu_122                   |  32|   0|   32|          0|
    |mul59_20_reg_2219                  |  32|   0|   32|          0|
    |mul59_22_reg_2234                  |  32|   0|   32|          0|
    |mul59_24_reg_2249                  |  32|   0|   32|          0|
    |mul59_26_reg_2264                  |  32|   0|   32|          0|
    |mul59_28_reg_2279                  |  32|   0|   32|          0|
    |mul59_30_reg_2294                  |  32|   0|   32|          0|
    |mul59_32_reg_2309                  |  32|   0|   32|          0|
    |mul59_34_reg_2324                  |  32|   0|   32|          0|
    |mul59_36_reg_2339                  |  32|   0|   32|          0|
    |mul59_37_reg_2349                  |  32|   0|   32|          0|
    |mul59_38_reg_2359                  |  32|   0|   32|          0|
    |mul59_40_reg_2374                  |  32|   0|   32|          0|
    |mul59_41_reg_2384                  |  32|   0|   32|          0|
    |mul59_42_reg_2394                  |  32|   0|   32|          0|
    |mul59_43_reg_2404                  |  32|   0|   32|          0|
    |mul59_44_reg_2414                  |  32|   0|   32|          0|
    |mul59_45_reg_2424                  |  32|   0|   32|          0|
    |mul59_46_reg_2434                  |  32|   0|   32|          0|
    |mul59_47_reg_2444                  |  32|   0|   32|          0|
    |mul59_48_reg_2454                  |  32|   0|   32|          0|
    |mul59_49_reg_2464                  |  32|   0|   32|          0|
    |mul59_50_reg_2474                  |  32|   0|   32|          0|
    |mul59_51_reg_2484                  |  32|   0|   32|          0|
    |mul59_52_reg_2494                  |  32|   0|   32|          0|
    |mul59_53_reg_2504                  |  32|   0|   32|          0|
    |mul59_54_reg_2514                  |  32|   0|   32|          0|
    |mul59_55_reg_2524                  |  32|   0|   32|          0|
    |mul59_56_reg_2534                  |  32|   0|   32|          0|
    |mul59_57_reg_2544                  |  32|   0|   32|          0|
    |mul59_58_reg_2554                  |  32|   0|   32|          0|
    |mul59_59_reg_2564                  |  32|   0|   32|          0|
    |mul59_60_reg_2574                  |  32|   0|   32|          0|
    |mul59_61_reg_2584                  |  32|   0|   32|          0|
    |mul59_62_reg_2594                  |  32|   0|   32|          0|
    |mul59_62_reg_2594_pp0_iter2_reg    |  32|   0|   32|          0|
    |reg_794                            |  32|   0|   32|          0|
    |reg_799                            |  32|   0|   32|          0|
    |reg_803                            |  32|   0|   32|          0|
    |reg_808                            |  32|   0|   32|          0|
    |reg_813                            |  32|   0|   32|          0|
    |reg_818                            |  32|   0|   32|          0|
    |reg_825                            |  32|   0|   32|          0|
    |reg_830                            |  32|   0|   32|          0|
    |reg_835                            |  32|   0|   32|          0|
    |reg_840                            |  32|   0|   32|          0|
    |reg_845                            |  32|   0|   32|          0|
    |reg_850                            |  32|   0|   32|          0|
    |reg_855                            |  32|   0|   32|          0|
    |reg_860                            |  32|   0|   32|          0|
    |reg_865                            |  32|   0|   32|          0|
    |reg_870                            |  32|   0|   32|          0|
    |tmp_4_cast_reg_1440                |   6|   0|   64|         58|
    |tmp_5_cast_reg_1420                |   6|   0|   64|         58|
    |tmp_6_cast_reg_1400                |   6|   0|   64|         58|
    +-----------------------------------+----+----+-----+-----------+
    |Total                              |3772|   0| 3946|        174|
    +-----------------------------------+----+----+-----+-----------+



================================================================
== Interface
================================================================
* Summary: 
+-------------------------+-----+-----+------------+----------------------------------------------------------------------------------+--------------+
|        RTL Ports        | Dir | Bits|  Protocol  |                                   Source Object                                  |    C Type    |
+-------------------------+-----+-----+------------+----------------------------------------------------------------------------------+--------------+
|ap_clk                   |   in|    1|  ap_ctrl_hs|  dataflow_in_loop_VITIS_LOOP_149_4.1_Loop_VITIS_LOOP_158_5_proc4_Pipeline_VITIS_L|  return value|
|ap_rst                   |   in|    1|  ap_ctrl_hs|  dataflow_in_loop_VITIS_LOOP_149_4.1_Loop_VITIS_LOOP_158_5_proc4_Pipeline_VITIS_L|  return value|
|ap_start                 |   in|    1|  ap_ctrl_hs|  dataflow_in_loop_VITIS_LOOP_149_4.1_Loop_VITIS_LOOP_158_5_proc4_Pipeline_VITIS_L|  return value|
|ap_done                  |  out|    1|  ap_ctrl_hs|  dataflow_in_loop_VITIS_LOOP_149_4.1_Loop_VITIS_LOOP_158_5_proc4_Pipeline_VITIS_L|  return value|
|ap_idle                  |  out|    1|  ap_ctrl_hs|  dataflow_in_loop_VITIS_LOOP_149_4.1_Loop_VITIS_LOOP_158_5_proc4_Pipeline_VITIS_L|  return value|
|ap_ready                 |  out|    1|  ap_ctrl_hs|  dataflow_in_loop_VITIS_LOOP_149_4.1_Loop_VITIS_LOOP_158_5_proc4_Pipeline_VITIS_L|  return value|
|m_axi_gmem1_AWVALID      |  out|    1|       m_axi|                                                                             gmem1|       pointer|
|m_axi_gmem1_AWREADY      |   in|    1|       m_axi|                                                                             gmem1|       pointer|
|m_axi_gmem1_AWADDR       |  out|   64|       m_axi|                                                                             gmem1|       pointer|
|m_axi_gmem1_AWID         |  out|    1|       m_axi|                                                                             gmem1|       pointer|
|m_axi_gmem1_AWLEN        |  out|   32|       m_axi|                                                                             gmem1|       pointer|
|m_axi_gmem1_AWSIZE       |  out|    3|       m_axi|                                                                             gmem1|       pointer|
|m_axi_gmem1_AWBURST      |  out|    2|       m_axi|                                                                             gmem1|       pointer|
|m_axi_gmem1_AWLOCK       |  out|    2|       m_axi|                                                                             gmem1|       pointer|
|m_axi_gmem1_AWCACHE      |  out|    4|       m_axi|                                                                             gmem1|       pointer|
|m_axi_gmem1_AWPROT       |  out|    3|       m_axi|                                                                             gmem1|       pointer|
|m_axi_gmem1_AWQOS        |  out|    4|       m_axi|                                                                             gmem1|       pointer|
|m_axi_gmem1_AWREGION     |  out|    4|       m_axi|                                                                             gmem1|       pointer|
|m_axi_gmem1_AWUSER       |  out|    1|       m_axi|                                                                             gmem1|       pointer|
|m_axi_gmem1_WVALID       |  out|    1|       m_axi|                                                                             gmem1|       pointer|
|m_axi_gmem1_WREADY       |   in|    1|       m_axi|                                                                             gmem1|       pointer|
|m_axi_gmem1_WDATA        |  out|   32|       m_axi|                                                                             gmem1|       pointer|
|m_axi_gmem1_WSTRB        |  out|    4|       m_axi|                                                                             gmem1|       pointer|
|m_axi_gmem1_WLAST        |  out|    1|       m_axi|                                                                             gmem1|       pointer|
|m_axi_gmem1_WID          |  out|    1|       m_axi|                                                                             gmem1|       pointer|
|m_axi_gmem1_WUSER        |  out|    1|       m_axi|                                                                             gmem1|       pointer|
|m_axi_gmem1_ARVALID      |  out|    1|       m_axi|                                                                             gmem1|       pointer|
|m_axi_gmem1_ARREADY      |   in|    1|       m_axi|                                                                             gmem1|       pointer|
|m_axi_gmem1_ARADDR       |  out|   64|       m_axi|                                                                             gmem1|       pointer|
|m_axi_gmem1_ARID         |  out|    1|       m_axi|                                                                             gmem1|       pointer|
|m_axi_gmem1_ARLEN        |  out|   32|       m_axi|                                                                             gmem1|       pointer|
|m_axi_gmem1_ARSIZE       |  out|    3|       m_axi|                                                                             gmem1|       pointer|
|m_axi_gmem1_ARBURST      |  out|    2|       m_axi|                                                                             gmem1|       pointer|
|m_axi_gmem1_ARLOCK       |  out|    2|       m_axi|                                                                             gmem1|       pointer|
|m_axi_gmem1_ARCACHE      |  out|    4|       m_axi|                                                                             gmem1|       pointer|
|m_axi_gmem1_ARPROT       |  out|    3|       m_axi|                                                                             gmem1|       pointer|
|m_axi_gmem1_ARQOS        |  out|    4|       m_axi|                                                                             gmem1|       pointer|
|m_axi_gmem1_ARREGION     |  out|    4|       m_axi|                                                                             gmem1|       pointer|
|m_axi_gmem1_ARUSER       |  out|    1|       m_axi|                                                                             gmem1|       pointer|
|m_axi_gmem1_RVALID       |   in|    1|       m_axi|                                                                             gmem1|       pointer|
|m_axi_gmem1_RREADY       |  out|    1|       m_axi|                                                                             gmem1|       pointer|
|m_axi_gmem1_RDATA        |   in|   32|       m_axi|                                                                             gmem1|       pointer|
|m_axi_gmem1_RLAST        |   in|    1|       m_axi|                                                                             gmem1|       pointer|
|m_axi_gmem1_RID          |   in|    1|       m_axi|                                                                             gmem1|       pointer|
|m_axi_gmem1_RFIFONUM     |   in|    9|       m_axi|                                                                             gmem1|       pointer|
|m_axi_gmem1_RUSER        |   in|    1|       m_axi|                                                                             gmem1|       pointer|
|m_axi_gmem1_RRESP        |   in|    2|       m_axi|                                                                             gmem1|       pointer|
|m_axi_gmem1_BVALID       |   in|    1|       m_axi|                                                                             gmem1|       pointer|
|m_axi_gmem1_BREADY       |  out|    1|       m_axi|                                                                             gmem1|       pointer|
|m_axi_gmem1_BRESP        |   in|    2|       m_axi|                                                                             gmem1|       pointer|
|m_axi_gmem1_BID          |   in|    1|       m_axi|                                                                             gmem1|       pointer|
|m_axi_gmem1_BUSER        |   in|    1|       m_axi|                                                                             gmem1|       pointer|
|m_axi_gmem2_AWVALID      |  out|    1|       m_axi|                                                                             gmem2|       pointer|
|m_axi_gmem2_AWREADY      |   in|    1|       m_axi|                                                                             gmem2|       pointer|
|m_axi_gmem2_AWADDR       |  out|   64|       m_axi|                                                                             gmem2|       pointer|
|m_axi_gmem2_AWID         |  out|    1|       m_axi|                                                                             gmem2|       pointer|
|m_axi_gmem2_AWLEN        |  out|   32|       m_axi|                                                                             gmem2|       pointer|
|m_axi_gmem2_AWSIZE       |  out|    3|       m_axi|                                                                             gmem2|       pointer|
|m_axi_gmem2_AWBURST      |  out|    2|       m_axi|                                                                             gmem2|       pointer|
|m_axi_gmem2_AWLOCK       |  out|    2|       m_axi|                                                                             gmem2|       pointer|
|m_axi_gmem2_AWCACHE      |  out|    4|       m_axi|                                                                             gmem2|       pointer|
|m_axi_gmem2_AWPROT       |  out|    3|       m_axi|                                                                             gmem2|       pointer|
|m_axi_gmem2_AWQOS        |  out|    4|       m_axi|                                                                             gmem2|       pointer|
|m_axi_gmem2_AWREGION     |  out|    4|       m_axi|                                                                             gmem2|       pointer|
|m_axi_gmem2_AWUSER       |  out|    1|       m_axi|                                                                             gmem2|       pointer|
|m_axi_gmem2_WVALID       |  out|    1|       m_axi|                                                                             gmem2|       pointer|
|m_axi_gmem2_WREADY       |   in|    1|       m_axi|                                                                             gmem2|       pointer|
|m_axi_gmem2_WDATA        |  out|   32|       m_axi|                                                                             gmem2|       pointer|
|m_axi_gmem2_WSTRB        |  out|    4|       m_axi|                                                                             gmem2|       pointer|
|m_axi_gmem2_WLAST        |  out|    1|       m_axi|                                                                             gmem2|       pointer|
|m_axi_gmem2_WID          |  out|    1|       m_axi|                                                                             gmem2|       pointer|
|m_axi_gmem2_WUSER        |  out|    1|       m_axi|                                                                             gmem2|       pointer|
|m_axi_gmem2_ARVALID      |  out|    1|       m_axi|                                                                             gmem2|       pointer|
|m_axi_gmem2_ARREADY      |   in|    1|       m_axi|                                                                             gmem2|       pointer|
|m_axi_gmem2_ARADDR       |  out|   64|       m_axi|                                                                             gmem2|       pointer|
|m_axi_gmem2_ARID         |  out|    1|       m_axi|                                                                             gmem2|       pointer|
|m_axi_gmem2_ARLEN        |  out|   32|       m_axi|                                                                             gmem2|       pointer|
|m_axi_gmem2_ARSIZE       |  out|    3|       m_axi|                                                                             gmem2|       pointer|
|m_axi_gmem2_ARBURST      |  out|    2|       m_axi|                                                                             gmem2|       pointer|
|m_axi_gmem2_ARLOCK       |  out|    2|       m_axi|                                                                             gmem2|       pointer|
|m_axi_gmem2_ARCACHE      |  out|    4|       m_axi|                                                                             gmem2|       pointer|
|m_axi_gmem2_ARPROT       |  out|    3|       m_axi|                                                                             gmem2|       pointer|
|m_axi_gmem2_ARQOS        |  out|    4|       m_axi|                                                                             gmem2|       pointer|
|m_axi_gmem2_ARREGION     |  out|    4|       m_axi|                                                                             gmem2|       pointer|
|m_axi_gmem2_ARUSER       |  out|    1|       m_axi|                                                                             gmem2|       pointer|
|m_axi_gmem2_RVALID       |   in|    1|       m_axi|                                                                             gmem2|       pointer|
|m_axi_gmem2_RREADY       |  out|    1|       m_axi|                                                                             gmem2|       pointer|
|m_axi_gmem2_RDATA        |   in|   32|       m_axi|                                                                             gmem2|       pointer|
|m_axi_gmem2_RLAST        |   in|    1|       m_axi|                                                                             gmem2|       pointer|
|m_axi_gmem2_RID          |   in|    1|       m_axi|                                                                             gmem2|       pointer|
|m_axi_gmem2_RFIFONUM     |   in|    9|       m_axi|                                                                             gmem2|       pointer|
|m_axi_gmem2_RUSER        |   in|    1|       m_axi|                                                                             gmem2|       pointer|
|m_axi_gmem2_RRESP        |   in|    2|       m_axi|                                                                             gmem2|       pointer|
|m_axi_gmem2_BVALID       |   in|    1|       m_axi|                                                                             gmem2|       pointer|
|m_axi_gmem2_BREADY       |  out|    1|       m_axi|                                                                             gmem2|       pointer|
|m_axi_gmem2_BRESP        |   in|    2|       m_axi|                                                                             gmem2|       pointer|
|m_axi_gmem2_BID          |   in|    1|       m_axi|                                                                             gmem2|       pointer|
|m_axi_gmem2_BUSER        |   in|    1|       m_axi|                                                                             gmem2|       pointer|
|sext_ln158_1             |   in|   62|     ap_none|                                                                      sext_ln158_1|        scalar|
|input_local_0_address0   |  out|    6|   ap_memory|                                                                     input_local_0|         array|
|input_local_0_ce0        |  out|    1|   ap_memory|                                                                     input_local_0|         array|
|input_local_0_q0         |   in|   32|   ap_memory|                                                                     input_local_0|         array|
|zext_ln162               |   in|    6|     ap_none|                                                                        zext_ln162|        scalar|
|sext_ln158               |   in|   62|     ap_none|                                                                        sext_ln158|        scalar|
|input_local_1_address0   |  out|    6|   ap_memory|                                                                     input_local_1|         array|
|input_local_1_ce0        |  out|    1|   ap_memory|                                                                     input_local_1|         array|
|input_local_1_q0         |   in|   32|   ap_memory|                                                                     input_local_1|         array|
|input_local_2_address0   |  out|    6|   ap_memory|                                                                     input_local_2|         array|
|input_local_2_ce0        |  out|    1|   ap_memory|                                                                     input_local_2|         array|
|input_local_2_q0         |   in|   32|   ap_memory|                                                                     input_local_2|         array|
|input_local_3_address0   |  out|    6|   ap_memory|                                                                     input_local_3|         array|
|input_local_3_ce0        |  out|    1|   ap_memory|                                                                     input_local_3|         array|
|input_local_3_q0         |   in|   32|   ap_memory|                                                                     input_local_3|         array|
|input_local_4_address0   |  out|    6|   ap_memory|                                                                     input_local_4|         array|
|input_local_4_ce0        |  out|    1|   ap_memory|                                                                     input_local_4|         array|
|input_local_4_q0         |   in|   32|   ap_memory|                                                                     input_local_4|         array|
|input_local_5_address0   |  out|    6|   ap_memory|                                                                     input_local_5|         array|
|input_local_5_ce0        |  out|    1|   ap_memory|                                                                     input_local_5|         array|
|input_local_5_q0         |   in|   32|   ap_memory|                                                                     input_local_5|         array|
|input_local_6_address0   |  out|    6|   ap_memory|                                                                     input_local_6|         array|
|input_local_6_ce0        |  out|    1|   ap_memory|                                                                     input_local_6|         array|
|input_local_6_q0         |   in|   32|   ap_memory|                                                                     input_local_6|         array|
|input_local_7_address0   |  out|    6|   ap_memory|                                                                     input_local_7|         array|
|input_local_7_ce0        |  out|    1|   ap_memory|                                                                     input_local_7|         array|
|input_local_7_q0         |   in|   32|   ap_memory|                                                                     input_local_7|         array|
|input_local_8_address0   |  out|    6|   ap_memory|                                                                     input_local_8|         array|
|input_local_8_ce0        |  out|    1|   ap_memory|                                                                     input_local_8|         array|
|input_local_8_q0         |   in|   32|   ap_memory|                                                                     input_local_8|         array|
|input_local_9_address0   |  out|    6|   ap_memory|                                                                     input_local_9|         array|
|input_local_9_ce0        |  out|    1|   ap_memory|                                                                     input_local_9|         array|
|input_local_9_q0         |   in|   32|   ap_memory|                                                                     input_local_9|         array|
|input_local_10_address0  |  out|    6|   ap_memory|                                                                    input_local_10|         array|
|input_local_10_ce0       |  out|    1|   ap_memory|                                                                    input_local_10|         array|
|input_local_10_q0        |   in|   32|   ap_memory|                                                                    input_local_10|         array|
|input_local_11_address0  |  out|    6|   ap_memory|                                                                    input_local_11|         array|
|input_local_11_ce0       |  out|    1|   ap_memory|                                                                    input_local_11|         array|
|input_local_11_q0        |   in|   32|   ap_memory|                                                                    input_local_11|         array|
|input_local_12_address0  |  out|    6|   ap_memory|                                                                    input_local_12|         array|
|input_local_12_ce0       |  out|    1|   ap_memory|                                                                    input_local_12|         array|
|input_local_12_q0        |   in|   32|   ap_memory|                                                                    input_local_12|         array|
|input_local_13_address0  |  out|    6|   ap_memory|                                                                    input_local_13|         array|
|input_local_13_ce0       |  out|    1|   ap_memory|                                                                    input_local_13|         array|
|input_local_13_q0        |   in|   32|   ap_memory|                                                                    input_local_13|         array|
|input_local_14_address0  |  out|    6|   ap_memory|                                                                    input_local_14|         array|
|input_local_14_ce0       |  out|    1|   ap_memory|                                                                    input_local_14|         array|
|input_local_14_q0        |   in|   32|   ap_memory|                                                                    input_local_14|         array|
|input_local_15_address0  |  out|    6|   ap_memory|                                                                    input_local_15|         array|
|input_local_15_ce0       |  out|    1|   ap_memory|                                                                    input_local_15|         array|
|input_local_15_q0        |   in|   32|   ap_memory|                                                                    input_local_15|         array|
|tmp_4                    |   in|    6|     ap_none|                                                                             tmp_4|        scalar|
|tmp_5                    |   in|    6|     ap_none|                                                                             tmp_5|        scalar|
|tmp_6                    |   in|    6|     ap_none|                                                                             tmp_6|        scalar|
|logits_din               |  out|   32|     ap_fifo|                                                                            logits|       pointer|
|logits_num_data_valid    |   in|    3|     ap_fifo|                                                                            logits|       pointer|
|logits_fifo_cap          |   in|    3|     ap_fifo|                                                                            logits|       pointer|
|logits_full_n            |   in|    1|     ap_fifo|                                                                            logits|       pointer|
|logits_write             |  out|    1|     ap_fifo|                                                                            logits|       pointer|
|max_logit_out            |  out|   32|      ap_vld|                                                                     max_logit_out|       pointer|
|max_logit_out_ap_vld     |  out|    1|      ap_vld|                                                                     max_logit_out|       pointer|
+-------------------------+-----+-----+------------+----------------------------------------------------------------------------------+--------------+

