

================================================================
== Vitis HLS Report for 'dataflow_in_loop_VITIS_LOOP_149_4_1_Loop_VITIS_LOOP_201_9_proc7'
================================================================
* Date:           Sun Sep 20 21:17:02 2026

* Version:        2023.2 (Build 4023990 on Oct 11 2023)
* Project:        project
* Solution:       solution1 (Vivado IP Flow Target)
* Product family: virtexuplus
* Target device:  xcvu13p_CIV-figd2104-3-e


================================================================
== Performance Estimates
================================================================
+ Timing: 
    * Summary: 
    +--------+----------+----------+------------+
    |  Clock |  Target  | Estimated| Uncertainty|
    +--------+----------+----------+------------+
    |ap_clk  |  10.00 ns|  2.036 ns|     2.70 ns|
    +--------+----------+----------+------------+

+ Latency: 
    * Summary: 
    +---------+---------+----------+----------+-----+-----+---------+
    |  Latency (cycles) |  Latency (absolute) |  Interval | Pipeline|
    |   min   |   max   |    min   |    max   | min | max |   Type  |
    +---------+---------+----------+----------+-----+-----+---------+
    |       66|       66|  0.660 us|  0.660 us|   66|   66|       no|
    +---------+---------+----------+----------+-----+-----+---------+

    + Detail: 
        * Instance: 
        N/A

        * Loop: 
        +--------------------+---------+---------+----------+-----------+-----------+------+----------+
        |                    |  Latency (cycles) | Iteration|  Initiation Interval  | Trip |          |
        |      Loop Name     |   min   |   max   |  Latency |  achieved |   target  | Count| Pipelined|
        +--------------------+---------+---------+----------+-----------+-----------+------+----------+
        |- VITIS_LOOP_201_9  |       64|       64|         2|          1|          1|    64|       yes|
        +--------------------+---------+---------+----------+-----------+-----------+------+----------+



================================================================
== Utilization Estimates
================================================================
* Summary: 
+---------------------+---------+-------+---------+---------+------+
|         Name        | BRAM_18K|  DSP  |    FF   |   LUT   | URAM |
+---------------------+---------+-------+---------+---------+------+
|DSP                  |        -|      -|        -|        -|     -|
|Expression           |        -|      -|        0|       48|     -|
|FIFO                 |        -|      -|        -|        -|     -|
|Instance             |        -|      -|        0|       65|     -|
|Memory               |        -|      -|        -|        -|     -|
|Multiplexer          |        -|      -|        -|       36|     -|
|Register             |        -|      -|       17|        -|     -|
+---------------------+---------+-------+---------+---------+------+
|Total                |        0|      0|       17|      149|     0|
+---------------------+---------+-------+---------+---------+------+
|Available SLR        |     1344|   3072|   864000|   432000|   320|
+---------------------+---------+-------+---------+---------+------+
|Utilization SLR (%)  |        0|      0|       ~0|       ~0|     0|
+---------------------+---------+-------+---------+---------+------+
|Available            |     5376|  12288|  3456000|  1728000|  1280|
+---------------------+---------+-------+---------+---------+------+
|Utilization (%)      |        0|      0|       ~0|       ~0|     0|
+---------------------+---------+-------+---------+---------+------+

+ Detail: 
    * Instance: 
    +----------------------------+-----------------------+---------+----+---+----+-----+
    |          Instance          |         Module        | BRAM_18K| DSP| FF| LUT| URAM|
    +----------------------------+-----------------------+---------+----+---+----+-----+
    |sparsemux_33_4_32_1_1_U166  |sparsemux_33_4_32_1_1  |        0|   0|  0|  65|    0|
    +----------------------------+-----------------------+---------+----+---+----+-----+
    |Total                       |                       |        0|   0|  0|  65|    0|
    +----------------------------+-----------------------+---------+----+---+----+-----+

    * DSP: 
    N/A

    * Memory: 
    N/A

    * FIFO: 
    N/A

    * Expression: 
    +---------------------------+----------+----+---+----+------------+------------+
    |       Variable Name       | Operation| DSP| FF| LUT| Bitwidth P0| Bitwidth P1|
    +---------------------------+----------+----+---+----+------------+------------+
    |add_ln201_fu_1376_p2       |         +|   0|  0|  14|           7|           1|
    |add_ln203_fu_1400_p2       |         +|   0|  0|  13|           6|           6|
    |ap_condition_960           |       and|   0|  0|   2|           1|           1|
    |icmp_ln201_fu_1370_p2      |      icmp|   0|  0|  15|           7|           8|
    |ap_block_pp0_stage0_11001  |        or|   0|  0|   2|           1|           1|
    |ap_enable_pp0              |       xor|   0|  0|   2|           1|           2|
    +---------------------------+----------+----+---+----+------------+------------+
    |Total                      |          |   0|  0|  48|          23|          19|
    +---------------------------+----------+----+---+----+------------+------------+

    * Multiplexer: 
    +-------------------------+----+-----------+-----+-----------+
    |           Name          | LUT| Input Size| Bits| Total Bits|
    +-------------------------+----+-----------+-----+-----------+
    |ap_done_int              |   9|          2|    1|          2|
    |ap_enable_reg_pp0_iter1  |   9|          2|    1|          2|
    |ap_sig_allocacmp_d_1     |   9|          2|    7|         14|
    |d_fu_240                 |   9|          2|    7|         14|
    +-------------------------+----+-----------+-----+-----------+
    |Total                    |  36|          8|   16|         32|
    +-------------------------+----+-----------+-----+-----------+

    * Register: 
    +-------------------------+---+----+-----+-----------+
    |           Name          | FF| LUT| Bits| Const Bits|
    +-------------------------+---+----+-----+-----------+
    |ap_CS_fsm                |  1|   0|    1|          0|
    |ap_done_reg              |  1|   0|    1|          0|
    |ap_enable_reg_pp0_iter1  |  1|   0|    1|          0|
    |d_fu_240                 |  7|   0|    7|          0|
    |lshr_ln_reg_1648         |  3|   0|    3|          0|
    |trunc_ln201_reg_1643     |  4|   0|    4|          0|
    +-------------------------+---+----+-----+-----------+
    |Total                    | 17|   0|   17|          0|
    +-------------------------+---+----+-----+-----------+



================================================================
== Interface
================================================================
* Summary: 
+-------------------------+-----+-----+------------+-----------------------------------------------------------------+--------------+
|        RTL Ports        | Dir | Bits|  Protocol  |                          Source Object                          |    C Type    |
+-------------------------+-----+-----+------------+-----------------------------------------------------------------+--------------+
|ap_clk                   |   in|    1|  ap_ctrl_hs|  dataflow_in_loop_VITIS_LOOP_149_4.1_Loop_VITIS_LOOP_201_9_proc7|  return value|
|ap_rst                   |   in|    1|  ap_ctrl_hs|  dataflow_in_loop_VITIS_LOOP_149_4.1_Loop_VITIS_LOOP_201_9_proc7|  return value|
|ap_start                 |   in|    1|  ap_ctrl_hs|  dataflow_in_loop_VITIS_LOOP_149_4.1_Loop_VITIS_LOOP_201_9_proc7|  return value|
|ap_done                  |  out|    1|  ap_ctrl_hs|  dataflow_in_loop_VITIS_LOOP_149_4.1_Loop_VITIS_LOOP_201_9_proc7|  return value|
|ap_continue              |   in|    1|  ap_ctrl_hs|  dataflow_in_loop_VITIS_LOOP_149_4.1_Loop_VITIS_LOOP_201_9_proc7|  return value|
|ap_idle                  |  out|    1|  ap_ctrl_hs|  dataflow_in_loop_VITIS_LOOP_149_4.1_Loop_VITIS_LOOP_201_9_proc7|  return value|
|ap_ready                 |  out|    1|  ap_ctrl_hs|  dataflow_in_loop_VITIS_LOOP_149_4.1_Loop_VITIS_LOOP_201_9_proc7|  return value|
|x3_address0              |  out|    2|   ap_memory|                                                               x3|         array|
|x3_ce0                   |  out|    1|   ap_memory|                                                               x3|         array|
|x3_we0                   |  out|    1|   ap_memory|                                                               x3|         array|
|x3_d0                    |  out|   32|   ap_memory|                                                               x3|         array|
|x3_1_address0            |  out|    2|   ap_memory|                                                             x3_1|         array|
|x3_1_ce0                 |  out|    1|   ap_memory|                                                             x3_1|         array|
|x3_1_we0                 |  out|    1|   ap_memory|                                                             x3_1|         array|
|x3_1_d0                  |  out|   32|   ap_memory|                                                             x3_1|         array|
|x3_2_address0            |  out|    2|   ap_memory|                                                             x3_2|         array|
|x3_2_ce0                 |  out|    1|   ap_memory|                                                             x3_2|         array|
|x3_2_we0                 |  out|    1|   ap_memory|                                                             x3_2|         array|
|x3_2_d0                  |  out|   32|   ap_memory|                                                             x3_2|         array|
|x3_3_address0            |  out|    2|   ap_memory|                                                             x3_3|         array|
|x3_3_ce0                 |  out|    1|   ap_memory|                                                             x3_3|         array|
|x3_3_we0                 |  out|    1|   ap_memory|                                                             x3_3|         array|
|x3_3_d0                  |  out|   32|   ap_memory|                                                             x3_3|         array|
|x3_4_address0            |  out|    2|   ap_memory|                                                             x3_4|         array|
|x3_4_ce0                 |  out|    1|   ap_memory|                                                             x3_4|         array|
|x3_4_we0                 |  out|    1|   ap_memory|                                                             x3_4|         array|
|x3_4_d0                  |  out|   32|   ap_memory|                                                             x3_4|         array|
|x3_5_address0            |  out|    2|   ap_memory|                                                             x3_5|         array|
|x3_5_ce0                 |  out|    1|   ap_memory|                                                             x3_5|         array|
|x3_5_we0                 |  out|    1|   ap_memory|                                                             x3_5|         array|
|x3_5_d0                  |  out|   32|   ap_memory|                                                             x3_5|         array|
|x3_6_address0            |  out|    2|   ap_memory|                                                             x3_6|         array|
|x3_6_ce0                 |  out|    1|   ap_memory|                                                             x3_6|         array|
|x3_6_we0                 |  out|    1|   ap_memory|                                                             x3_6|         array|
|x3_6_d0                  |  out|   32|   ap_memory|                                                             x3_6|         array|
|x3_7_address0            |  out|    2|   ap_memory|                                                             x3_7|         array|
|x3_7_ce0                 |  out|    1|   ap_memory|                                                             x3_7|         array|
|x3_7_we0                 |  out|    1|   ap_memory|                                                             x3_7|         array|
|x3_7_d0                  |  out|   32|   ap_memory|                                                             x3_7|         array|
|x3_7_59_address0         |  out|    2|   ap_memory|                                                          x3_7_59|         array|
|x3_7_59_ce0              |  out|    1|   ap_memory|                                                          x3_7_59|         array|
|x3_7_59_we0              |  out|    1|   ap_memory|                                                          x3_7_59|         array|
|x3_7_59_d0               |  out|   32|   ap_memory|                                                          x3_7_59|         array|
|x3_6_58_address0         |  out|    2|   ap_memory|                                                          x3_6_58|         array|
|x3_6_58_ce0              |  out|    1|   ap_memory|                                                          x3_6_58|         array|
|x3_6_58_we0              |  out|    1|   ap_memory|                                                          x3_6_58|         array|
|x3_6_58_d0               |  out|   32|   ap_memory|                                                          x3_6_58|         array|
|x3_5_57_address0         |  out|    2|   ap_memory|                                                          x3_5_57|         array|
|x3_5_57_ce0              |  out|    1|   ap_memory|                                                          x3_5_57|         array|
|x3_5_57_we0              |  out|    1|   ap_memory|                                                          x3_5_57|         array|
|x3_5_57_d0               |  out|   32|   ap_memory|                                                          x3_5_57|         array|
|x3_4_56_address0         |  out|    2|   ap_memory|                                                          x3_4_56|         array|
|x3_4_56_ce0              |  out|    1|   ap_memory|                                                          x3_4_56|         array|
|x3_4_56_we0              |  out|    1|   ap_memory|                                                          x3_4_56|         array|
|x3_4_56_d0               |  out|   32|   ap_memory|                                                          x3_4_56|         array|
|x3_3_55_address0         |  out|    2|   ap_memory|                                                          x3_3_55|         array|
|x3_3_55_ce0              |  out|    1|   ap_memory|                                                          x3_3_55|         array|
|x3_3_55_we0              |  out|    1|   ap_memory|                                                          x3_3_55|         array|
|x3_3_55_d0               |  out|   32|   ap_memory|                                                          x3_3_55|         array|
|x3_2_54_address0         |  out|    2|   ap_memory|                                                          x3_2_54|         array|
|x3_2_54_ce0              |  out|    1|   ap_memory|                                                          x3_2_54|         array|
|x3_2_54_we0              |  out|    1|   ap_memory|                                                          x3_2_54|         array|
|x3_2_54_d0               |  out|   32|   ap_memory|                                                          x3_2_54|         array|
|x3_1_53_address0         |  out|    2|   ap_memory|                                                          x3_1_53|         array|
|x3_1_53_ce0              |  out|    1|   ap_memory|                                                          x3_1_53|         array|
|x3_1_53_we0              |  out|    1|   ap_memory|                                                          x3_1_53|         array|
|x3_1_53_d0               |  out|   32|   ap_memory|                                                          x3_1_53|         array|
|x3_8_address0            |  out|    2|   ap_memory|                                                             x3_8|         array|
|x3_8_ce0                 |  out|    1|   ap_memory|                                                             x3_8|         array|
|x3_8_we0                 |  out|    1|   ap_memory|                                                             x3_8|         array|
|x3_8_d0                  |  out|   32|   ap_memory|                                                             x3_8|         array|
|x2_address0              |  out|    2|   ap_memory|                                                               x2|         array|
|x2_ce0                   |  out|    1|   ap_memory|                                                               x2|         array|
|x2_we0                   |  out|    1|   ap_memory|                                                               x2|         array|
|x2_d0                    |  out|   32|   ap_memory|                                                               x2|         array|
|x2_1_address0            |  out|    2|   ap_memory|                                                             x2_1|         array|
|x2_1_ce0                 |  out|    1|   ap_memory|                                                             x2_1|         array|
|x2_1_we0                 |  out|    1|   ap_memory|                                                             x2_1|         array|
|x2_1_d0                  |  out|   32|   ap_memory|                                                             x2_1|         array|
|x2_2_address0            |  out|    2|   ap_memory|                                                             x2_2|         array|
|x2_2_ce0                 |  out|    1|   ap_memory|                                                             x2_2|         array|
|x2_2_we0                 |  out|    1|   ap_memory|                                                             x2_2|         array|
|x2_2_d0                  |  out|   32|   ap_memory|                                                             x2_2|         array|
|x2_3_address0            |  out|    2|   ap_memory|                                                             x2_3|         array|
|x2_3_ce0                 |  out|    1|   ap_memory|                                                             x2_3|         array|
|x2_3_we0                 |  out|    1|   ap_memory|                                                             x2_3|         array|
|x2_3_d0                  |  out|   32|   ap_memory|                                                             x2_3|         array|
|x2_4_address0            |  out|    2|   ap_memory|                                                             x2_4|         array|
|x2_4_ce0                 |  out|    1|   ap_memory|                                                             x2_4|         array|
|x2_4_we0                 |  out|    1|   ap_memory|                                                             x2_4|         array|
|x2_4_d0                  |  out|   32|   ap_memory|                                                             x2_4|         array|
|x2_5_address0            |  out|    2|   ap_memory|                                                             x2_5|         array|
|x2_5_ce0                 |  out|    1|   ap_memory|                                                             x2_5|         array|
|x2_5_we0                 |  out|    1|   ap_memory|                                                             x2_5|         array|
|x2_5_d0                  |  out|   32|   ap_memory|                                                             x2_5|         array|
|x2_6_address0            |  out|    2|   ap_memory|                                                             x2_6|         array|
|x2_6_ce0                 |  out|    1|   ap_memory|                                                             x2_6|         array|
|x2_6_we0                 |  out|    1|   ap_memory|                                                             x2_6|         array|
|x2_6_d0                  |  out|   32|   ap_memory|                                                             x2_6|         array|
|x2_7_address0            |  out|    2|   ap_memory|                                                             x2_7|         array|
|x2_7_ce0                 |  out|    1|   ap_memory|                                                             x2_7|         array|
|x2_7_we0                 |  out|    1|   ap_memory|                                                             x2_7|         array|
|x2_7_d0                  |  out|   32|   ap_memory|                                                             x2_7|         array|
|x2_7_66_address0         |  out|    2|   ap_memory|                                                          x2_7_66|         array|
|x2_7_66_ce0              |  out|    1|   ap_memory|                                                          x2_7_66|         array|
|x2_7_66_we0              |  out|    1|   ap_memory|                                                          x2_7_66|         array|
|x2_7_66_d0               |  out|   32|   ap_memory|                                                          x2_7_66|         array|
|x2_6_65_address0         |  out|    2|   ap_memory|                                                          x2_6_65|         array|
|x2_6_65_ce0              |  out|    1|   ap_memory|                                                          x2_6_65|         array|
|x2_6_65_we0              |  out|    1|   ap_memory|                                                          x2_6_65|         array|
|x2_6_65_d0               |  out|   32|   ap_memory|                                                          x2_6_65|         array|
|x2_5_64_address0         |  out|    2|   ap_memory|                                                          x2_5_64|         array|
|x2_5_64_ce0              |  out|    1|   ap_memory|                                                          x2_5_64|         array|
|x2_5_64_we0              |  out|    1|   ap_memory|                                                          x2_5_64|         array|
|x2_5_64_d0               |  out|   32|   ap_memory|                                                          x2_5_64|         array|
|x2_4_63_address0         |  out|    2|   ap_memory|                                                          x2_4_63|         array|
|x2_4_63_ce0              |  out|    1|   ap_memory|                                                          x2_4_63|         array|
|x2_4_63_we0              |  out|    1|   ap_memory|                                                          x2_4_63|         array|
|x2_4_63_d0               |  out|   32|   ap_memory|                                                          x2_4_63|         array|
|x2_3_62_address0         |  out|    2|   ap_memory|                                                          x2_3_62|         array|
|x2_3_62_ce0              |  out|    1|   ap_memory|                                                          x2_3_62|         array|
|x2_3_62_we0              |  out|    1|   ap_memory|                                                          x2_3_62|         array|
|x2_3_62_d0               |  out|   32|   ap_memory|                                                          x2_3_62|         array|
|x2_2_61_address0         |  out|    2|   ap_memory|                                                          x2_2_61|         array|
|x2_2_61_ce0              |  out|    1|   ap_memory|                                                          x2_2_61|         array|
|x2_2_61_we0              |  out|    1|   ap_memory|                                                          x2_2_61|         array|
|x2_2_61_d0               |  out|   32|   ap_memory|                                                          x2_2_61|         array|
|x2_1_60_address0         |  out|    2|   ap_memory|                                                          x2_1_60|         array|
|x2_1_60_ce0              |  out|    1|   ap_memory|                                                          x2_1_60|         array|
|x2_1_60_we0              |  out|    1|   ap_memory|                                                          x2_1_60|         array|
|x2_1_60_d0               |  out|   32|   ap_memory|                                                          x2_1_60|         array|
|x2_8_address0            |  out|    2|   ap_memory|                                                             x2_8|         array|
|x2_8_ce0                 |  out|    1|   ap_memory|                                                             x2_8|         array|
|x2_8_we0                 |  out|    1|   ap_memory|                                                             x2_8|         array|
|x2_8_d0                  |  out|   32|   ap_memory|                                                             x2_8|         array|
|x1_address0              |  out|    2|   ap_memory|                                                               x1|         array|
|x1_ce0                   |  out|    1|   ap_memory|                                                               x1|         array|
|x1_we0                   |  out|    1|   ap_memory|                                                               x1|         array|
|x1_d0                    |  out|   32|   ap_memory|                                                               x1|         array|
|x1_1_address0            |  out|    2|   ap_memory|                                                             x1_1|         array|
|x1_1_ce0                 |  out|    1|   ap_memory|                                                             x1_1|         array|
|x1_1_we0                 |  out|    1|   ap_memory|                                                             x1_1|         array|
|x1_1_d0                  |  out|   32|   ap_memory|                                                             x1_1|         array|
|x1_2_address0            |  out|    2|   ap_memory|                                                             x1_2|         array|
|x1_2_ce0                 |  out|    1|   ap_memory|                                                             x1_2|         array|
|x1_2_we0                 |  out|    1|   ap_memory|                                                             x1_2|         array|
|x1_2_d0                  |  out|   32|   ap_memory|                                                             x1_2|         array|
|x1_3_address0            |  out|    2|   ap_memory|                                                             x1_3|         array|
|x1_3_ce0                 |  out|    1|   ap_memory|                                                             x1_3|         array|
|x1_3_we0                 |  out|    1|   ap_memory|                                                             x1_3|         array|
|x1_3_d0                  |  out|   32|   ap_memory|                                                             x1_3|         array|
|x1_4_address0            |  out|    2|   ap_memory|                                                             x1_4|         array|
|x1_4_ce0                 |  out|    1|   ap_memory|                                                             x1_4|         array|
|x1_4_we0                 |  out|    1|   ap_memory|                                                             x1_4|         array|
|x1_4_d0                  |  out|   32|   ap_memory|                                                             x1_4|         array|
|x1_5_address0            |  out|    2|   ap_memory|                                                             x1_5|         array|
|x1_5_ce0                 |  out|    1|   ap_memory|                                                             x1_5|         array|
|x1_5_we0                 |  out|    1|   ap_memory|                                                             x1_5|         array|
|x1_5_d0                  |  out|   32|   ap_memory|                                                             x1_5|         array|
|x1_6_address0            |  out|    2|   ap_memory|                                                             x1_6|         array|
|x1_6_ce0                 |  out|    1|   ap_memory|                                                             x1_6|         array|
|x1_6_we0                 |  out|    1|   ap_memory|                                                             x1_6|         array|
|x1_6_d0                  |  out|   32|   ap_memory|                                                             x1_6|         array|
|x1_7_address0            |  out|    2|   ap_memory|                                                             x1_7|         array|
|x1_7_ce0                 |  out|    1|   ap_memory|                                                             x1_7|         array|
|x1_7_we0                 |  out|    1|   ap_memory|                                                             x1_7|         array|
|x1_7_d0                  |  out|   32|   ap_memory|                                                             x1_7|         array|
|x1_7_73_address0         |  out|    2|   ap_memory|                                                          x1_7_73|         array|
|x1_7_73_ce0              |  out|    1|   ap_memory|                                                          x1_7_73|         array|
|x1_7_73_we0              |  out|    1|   ap_memory|                                                          x1_7_73|         array|
|x1_7_73_d0               |  out|   32|   ap_memory|                                                          x1_7_73|         array|
|x1_6_72_address0         |  out|    2|   ap_memory|                                                          x1_6_72|         array|
|x1_6_72_ce0              |  out|    1|   ap_memory|                                                          x1_6_72|         array|
|x1_6_72_we0              |  out|    1|   ap_memory|                                                          x1_6_72|         array|
|x1_6_72_d0               |  out|   32|   ap_memory|                                                          x1_6_72|         array|
|x1_5_71_address0         |  out|    2|   ap_memory|                                                          x1_5_71|         array|
|x1_5_71_ce0              |  out|    1|   ap_memory|                                                          x1_5_71|         array|
|x1_5_71_we0              |  out|    1|   ap_memory|                                                          x1_5_71|         array|
|x1_5_71_d0               |  out|   32|   ap_memory|                                                          x1_5_71|         array|
|x1_4_70_address0         |  out|    2|   ap_memory|                                                          x1_4_70|         array|
|x1_4_70_ce0              |  out|    1|   ap_memory|                                                          x1_4_70|         array|
|x1_4_70_we0              |  out|    1|   ap_memory|                                                          x1_4_70|         array|
|x1_4_70_d0               |  out|   32|   ap_memory|                                                          x1_4_70|         array|
|x1_3_69_address0         |  out|    2|   ap_memory|                                                          x1_3_69|         array|
|x1_3_69_ce0              |  out|    1|   ap_memory|                                                          x1_3_69|         array|
|x1_3_69_we0              |  out|    1|   ap_memory|                                                          x1_3_69|         array|
|x1_3_69_d0               |  out|   32|   ap_memory|                                                          x1_3_69|         array|
|x1_2_68_address0         |  out|    2|   ap_memory|                                                          x1_2_68|         array|
|x1_2_68_ce0              |  out|    1|   ap_memory|                                                          x1_2_68|         array|
|x1_2_68_we0              |  out|    1|   ap_memory|                                                          x1_2_68|         array|
|x1_2_68_d0               |  out|   32|   ap_memory|                                                          x1_2_68|         array|
|x1_1_67_address0         |  out|    2|   ap_memory|                                                          x1_1_67|         array|
|x1_1_67_ce0              |  out|    1|   ap_memory|                                                          x1_1_67|         array|
|x1_1_67_we0              |  out|    1|   ap_memory|                                                          x1_1_67|         array|
|x1_1_67_d0               |  out|   32|   ap_memory|                                                          x1_1_67|         array|
|x1_8_address0            |  out|    2|   ap_memory|                                                             x1_8|         array|
|x1_8_ce0                 |  out|    1|   ap_memory|                                                             x1_8|         array|
|x1_8_we0                 |  out|    1|   ap_memory|                                                             x1_8|         array|
|x1_8_d0                  |  out|   32|   ap_memory|                                                             x1_8|         array|
|x0_address0              |  out|    2|   ap_memory|                                                               x0|         array|
|x0_ce0                   |  out|    1|   ap_memory|                                                               x0|         array|
|x0_we0                   |  out|    1|   ap_memory|                                                               x0|         array|
|x0_d0                    |  out|   32|   ap_memory|                                                               x0|         array|
|x0_1_address0            |  out|    2|   ap_memory|                                                             x0_1|         array|
|x0_1_ce0                 |  out|    1|   ap_memory|                                                             x0_1|         array|
|x0_1_we0                 |  out|    1|   ap_memory|                                                             x0_1|         array|
|x0_1_d0                  |  out|   32|   ap_memory|                                                             x0_1|         array|
|x0_2_address0            |  out|    2|   ap_memory|                                                             x0_2|         array|
|x0_2_ce0                 |  out|    1|   ap_memory|                                                             x0_2|         array|
|x0_2_we0                 |  out|    1|   ap_memory|                                                             x0_2|         array|
|x0_2_d0                  |  out|   32|   ap_memory|                                                             x0_2|         array|
|x0_3_address0            |  out|    2|   ap_memory|                                                             x0_3|         array|
|x0_3_ce0                 |  out|    1|   ap_memory|                                                             x0_3|         array|
|x0_3_we0                 |  out|    1|   ap_memory|                                                             x0_3|         array|
|x0_3_d0                  |  out|   32|   ap_memory|                                                             x0_3|         array|
|x0_4_address0            |  out|    2|   ap_memory|                                                             x0_4|         array|
|x0_4_ce0                 |  out|    1|   ap_memory|                                                             x0_4|         array|
|x0_4_we0                 |  out|    1|   ap_memory|                                                             x0_4|         array|
|x0_4_d0                  |  out|   32|   ap_memory|                                                             x0_4|         array|
|x0_5_address0            |  out|    2|   ap_memory|                                                             x0_5|         array|
|x0_5_ce0                 |  out|    1|   ap_memory|                                                             x0_5|         array|
|x0_5_we0                 |  out|    1|   ap_memory|                                                             x0_5|         array|
|x0_5_d0                  |  out|   32|   ap_memory|                                                             x0_5|         array|
|x0_6_address0            |  out|    2|   ap_memory|                                                             x0_6|         array|
|x0_6_ce0                 |  out|    1|   ap_memory|                                                             x0_6|         array|
|x0_6_we0                 |  out|    1|   ap_memory|                                                             x0_6|         array|
|x0_6_d0                  |  out|   32|   ap_memory|                                                             x0_6|         array|
|x0_7_address0            |  out|    2|   ap_memory|                                                             x0_7|         array|
|x0_7_ce0                 |  out|    1|   ap_memory|                                                             x0_7|         array|
|x0_7_we0                 |  out|    1|   ap_memory|                                                             x0_7|         array|
|x0_7_d0                  |  out|   32|   ap_memory|                                                             x0_7|         array|
|x0_7_80_address0         |  out|    2|   ap_memory|                                                          x0_7_80|         array|
|x0_7_80_ce0              |  out|    1|   ap_memory|                                                          x0_7_80|         array|
|x0_7_80_we0              |  out|    1|   ap_memory|                                                          x0_7_80|         array|
|x0_7_80_d0               |  out|   32|   ap_memory|                                                          x0_7_80|         array|
|x0_6_79_address0         |  out|    2|   ap_memory|                                                          x0_6_79|         array|
|x0_6_79_ce0              |  out|    1|   ap_memory|                                                          x0_6_79|         array|
|x0_6_79_we0              |  out|    1|   ap_memory|                                                          x0_6_79|         array|
|x0_6_79_d0               |  out|   32|   ap_memory|                                                          x0_6_79|         array|
|x0_5_78_address0         |  out|    2|   ap_memory|                                                          x0_5_78|         array|
|x0_5_78_ce0              |  out|    1|   ap_memory|                                                          x0_5_78|         array|
|x0_5_78_we0              |  out|    1|   ap_memory|                                                          x0_5_78|         array|
|x0_5_78_d0               |  out|   32|   ap_memory|                                                          x0_5_78|         array|
|x0_4_77_address0         |  out|    2|   ap_memory|                                                          x0_4_77|         array|
|x0_4_77_ce0              |  out|    1|   ap_memory|                                                          x0_4_77|         array|
|x0_4_77_we0              |  out|    1|   ap_memory|                                                          x0_4_77|         array|
|x0_4_77_d0               |  out|   32|   ap_memory|                                                          x0_4_77|         array|
|x0_3_76_address0         |  out|    2|   ap_memory|                                                          x0_3_76|         array|
|x0_3_76_ce0              |  out|    1|   ap_memory|                                                          x0_3_76|         array|
|x0_3_76_we0              |  out|    1|   ap_memory|                                                          x0_3_76|         array|
|x0_3_76_d0               |  out|   32|   ap_memory|                                                          x0_3_76|         array|
|x0_2_75_address0         |  out|    2|   ap_memory|                                                          x0_2_75|         array|
|x0_2_75_ce0              |  out|    1|   ap_memory|                                                          x0_2_75|         array|
|x0_2_75_we0              |  out|    1|   ap_memory|                                                          x0_2_75|         array|
|x0_2_75_d0               |  out|   32|   ap_memory|                                                          x0_2_75|         array|
|x0_1_74_address0         |  out|    2|   ap_memory|                                                          x0_1_74|         array|
|x0_1_74_ce0              |  out|    1|   ap_memory|                                                          x0_1_74|         array|
|x0_1_74_we0              |  out|    1|   ap_memory|                                                          x0_1_74|         array|
|x0_1_74_d0               |  out|   32|   ap_memory|                                                          x0_1_74|         array|
|x0_8_address0            |  out|    2|   ap_memory|                                                             x0_8|         array|
|x0_8_ce0                 |  out|    1|   ap_memory|                                                             x0_8|         array|
|x0_8_we0                 |  out|    1|   ap_memory|                                                             x0_8|         array|
|x0_8_d0                  |  out|   32|   ap_memory|                                                             x0_8|         array|
|indvars_iv31             |   in|    4|     ap_none|                                                     indvars_iv31|        scalar|
|input_local_0_address1   |  out|    6|   ap_memory|                                                    input_local_0|         array|
|input_local_0_ce1        |  out|    1|   ap_memory|                                                    input_local_0|         array|
|input_local_0_q1         |   in|   32|   ap_memory|                                                    input_local_0|         array|
|input_local_1_address1   |  out|    6|   ap_memory|                                                    input_local_1|         array|
|input_local_1_ce1        |  out|    1|   ap_memory|                                                    input_local_1|         array|
|input_local_1_q1         |   in|   32|   ap_memory|                                                    input_local_1|         array|
|input_local_2_address1   |  out|    6|   ap_memory|                                                    input_local_2|         array|
|input_local_2_ce1        |  out|    1|   ap_memory|                                                    input_local_2|         array|
|input_local_2_q1         |   in|   32|   ap_memory|                                                    input_local_2|         array|
|input_local_3_address1   |  out|    6|   ap_memory|                                                    input_local_3|         array|
|input_local_3_ce1        |  out|    1|   ap_memory|                                                    input_local_3|         array|
|input_local_3_q1         |   in|   32|   ap_memory|                                                    input_local_3|         array|
|input_local_4_address1   |  out|    6|   ap_memory|                                                    input_local_4|         array|
|input_local_4_ce1        |  out|    1|   ap_memory|                                                    input_local_4|         array|
|input_local_4_q1         |   in|   32|   ap_memory|                                                    input_local_4|         array|
|input_local_5_address1   |  out|    6|   ap_memory|                                                    input_local_5|         array|
|input_local_5_ce1        |  out|    1|   ap_memory|                                                    input_local_5|         array|
|input_local_5_q1         |   in|   32|   ap_memory|                                                    input_local_5|         array|
|input_local_6_address1   |  out|    6|   ap_memory|                                                    input_local_6|         array|
|input_local_6_ce1        |  out|    1|   ap_memory|                                                    input_local_6|         array|
|input_local_6_q1         |   in|   32|   ap_memory|                                                    input_local_6|         array|
|input_local_7_address1   |  out|    6|   ap_memory|                                                    input_local_7|         array|
|input_local_7_ce1        |  out|    1|   ap_memory|                                                    input_local_7|         array|
|input_local_7_q1         |   in|   32|   ap_memory|                                                    input_local_7|         array|
|input_local_8_address1   |  out|    6|   ap_memory|                                                    input_local_8|         array|
|input_local_8_ce1        |  out|    1|   ap_memory|                                                    input_local_8|         array|
|input_local_8_q1         |   in|   32|   ap_memory|                                                    input_local_8|         array|
|input_local_9_address1   |  out|    6|   ap_memory|                                                    input_local_9|         array|
|input_local_9_ce1        |  out|    1|   ap_memory|                                                    input_local_9|         array|
|input_local_9_q1         |   in|   32|   ap_memory|                                                    input_local_9|         array|
|input_local_10_address1  |  out|    6|   ap_memory|                                                   input_local_10|         array|
|input_local_10_ce1       |  out|    1|   ap_memory|                                                   input_local_10|         array|
|input_local_10_q1        |   in|   32|   ap_memory|                                                   input_local_10|         array|
|input_local_11_address1  |  out|    6|   ap_memory|                                                   input_local_11|         array|
|input_local_11_ce1       |  out|    1|   ap_memory|                                                   input_local_11|         array|
|input_local_11_q1        |   in|   32|   ap_memory|                                                   input_local_11|         array|
|input_local_12_address1  |  out|    6|   ap_memory|                                                   input_local_12|         array|
|input_local_12_ce1       |  out|    1|   ap_memory|                                                   input_local_12|         array|
|input_local_12_q1        |   in|   32|   ap_memory|                                                   input_local_12|         array|
|input_local_13_address1  |  out|    6|   ap_memory|                                                   input_local_13|         array|
|input_local_13_ce1       |  out|    1|   ap_memory|                                                   input_local_13|         array|
|input_local_13_q1        |   in|   32|   ap_memory|                                                   input_local_13|         array|
|input_local_14_address1  |  out|    6|   ap_memory|                                                   input_local_14|         array|
|input_local_14_ce1       |  out|    1|   ap_memory|                                                   input_local_14|         array|
|input_local_14_q1        |   in|   32|   ap_memory|                                                   input_local_14|         array|
|input_local_15_address1  |  out|    6|   ap_memory|                                                   input_local_15|         array|
|input_local_15_ce1       |  out|    1|   ap_memory|                                                   input_local_15|         array|
|input_local_15_q1        |   in|   32|   ap_memory|                                                   input_local_15|         array|
+-------------------------+-----+-----+------------+-----------------------------------------------------------------+--------------+

