

================================================================
== Vitis HLS Report for 'dataflow_in_loop_VITIS_LOOP_149_4_1_Loop_VITIS_LOOP_175_7_proc5'
================================================================
* Date:           Sun Sep 20 21:17:02 2026

* Version:        2023.2 (Build 4023990 on Oct 11 2023)
* Project:        project
* Solution:       solution1 (Vivado IP Flow Target)
* Product family: virtexuplus
* Target device:  xcvu13p_CIV-figd2104-3-e


================================================================
== Performance Estimates
================================================================
+ Timing: 
    * Summary: 
    +--------+----------+----------+------------+
    |  Clock |  Target  | Estimated| Uncertainty|
    +--------+----------+----------+------------+
    |ap_clk  |  10.00 ns|  6.409 ns|     2.70 ns|
    +--------+----------+----------+------------+

+ Latency: 
    * Summary: 
    +---------+---------+----------+----------+-----+-----+---------+
    |  Latency (cycles) |  Latency (absolute) |  Interval | Pipeline|
    |   min   |   max   |    min   |    max   | min | max |   Type  |
    +---------+---------+----------+----------+-----+-----+---------+
    |       14|       14|  0.140 us|  0.140 us|   14|   14|       no|
    +---------+---------+----------+----------+-----+-----+---------+

    + Detail: 
        * Instance: 
        N/A

        * Loop: 
        +--------------------+---------+---------+----------+-----------+-----------+------+----------+
        |                    |  Latency (cycles) | Iteration|  Initiation Interval  | Trip |          |
        |      Loop Name     |   min   |   max   |  Latency |  achieved |   target  | Count| Pipelined|
        +--------------------+---------+---------+----------+-----------+-----------+------+----------+
        |- VITIS_LOOP_175_7  |       12|       12|        10|          1|          1|     4|       yes|
        +--------------------+---------+---------+----------+-----------+-----------+------+----------+



================================================================
== Utilization Estimates
================================================================
* Summary: 
+---------------------+---------+-------+---------+---------+------+
|         Name        | BRAM_18K|  DSP  |    FF   |   LUT   | URAM |
+---------------------+---------+-------+---------+---------+------+
|DSP                  |        -|      -|        -|        -|     -|
|Expression           |        -|      -|        0|       28|     -|
|FIFO                 |        -|      -|        -|        -|     -|
|Instance             |        -|     11|      494|     1203|     -|
|Memory               |        -|      -|        -|        -|     -|
|Multiplexer          |        -|      -|        -|      100|     -|
|Register             |        -|      -|      351|       64|     -|
+---------------------+---------+-------+---------+---------+------+
|Total                |        0|     11|      845|     1395|     0|
+---------------------+---------+-------+---------+---------+------+
|Available SLR        |     1344|   3072|   864000|   432000|   320|
+---------------------+---------+-------+---------+---------+------+
|Utilization SLR (%)  |        0|     ~0|       ~0|       ~0|     0|
+---------------------+---------+-------+---------+---------+------+
|Available            |     5376|  12288|  3456000|  1728000|  1280|
+---------------------+---------+-------+---------+---------+------+
|Utilization (%)      |        0|     ~0|       ~0|       ~0|     0|
+---------------------+---------+-------+---------+---------+------+

+ Detail: 
    * Instance: 
    +-------------------------------------+--------------------------------+---------+----+-----+-----+-----+
    |               Instance              |             Module             | BRAM_18K| DSP|  FF | LUT | URAM|
    +-------------------------------------+--------------------------------+---------+----+-----+-----+-----+
    |fadd_32ns_32ns_32_2_full_dsp_1_U151  |fadd_32ns_32ns_32_2_full_dsp_1  |        0|   2|  177|  233|    0|
    |fexp_32ns_32ns_32_4_full_dsp_1_U152  |fexp_32ns_32ns_32_4_full_dsp_1  |        0|   7|  140|  737|    0|
    |fsub_32ns_32ns_32_2_full_dsp_1_U150  |fsub_32ns_32ns_32_2_full_dsp_1  |        0|   2|  177|  233|    0|
    +-------------------------------------+--------------------------------+---------+----+-----+-----+-----+
    |Total                                |                                |        0|  11|  494| 1203|    0|
    +-------------------------------------+--------------------------------+---------+----+-----+-----+-----+

    * DSP: 
    N/A

    * Memory: 
    N/A

    * FIFO: 
    N/A

    * Expression: 
    +---------------------------+----------+----+---+----+------------+------------+
    |       Variable Name       | Operation| DSP| FF| LUT| Bitwidth P0| Bitwidth P1|
    +---------------------------+----------+----+---+----+------------+------------+
    |add_ln175_fu_109_p2        |         +|   0|  0|  10|           3|           1|
    |ap_condition_185           |       and|   0|  0|   2|           1|           1|
    |icmp_ln175_fu_103_p2       |      icmp|   0|  0|  12|           3|           4|
    |ap_block_pp0_stage0_01001  |        or|   0|  0|   2|           1|           1|
    |ap_enable_pp0              |       xor|   0|  0|   2|           1|           2|
    +---------------------------+----------+----+---+----+------------+------------+
    |Total                      |          |   0|  0|  28|           9|           9|
    +---------------------------+----------+----+---+----+------------+------------+

    * Multiplexer: 
    +---------------------------------+----+-----------+-----+-----------+
    |               Name              | LUT| Input Size| Bits| Total Bits|
    +---------------------------------+----+-----------+-----+-----------+
    |ap_done_int                      |   9|          2|    1|          2|
    |ap_enable_reg_pp0_iter1          |   9|          2|    1|          2|
    |ap_return                        |   9|          2|   32|         64|
    |ap_sig_allocacmp_e_2             |   9|          2|    3|          6|
    |ap_sig_allocacmp_exp_sum_load    |  14|          3|   32|         96|
    |ap_sig_allocacmp_exp_sum_load_1  |  14|          3|   32|         96|
    |e_fu_54                          |   9|          2|    3|          6|
    |exp_sum_fu_50                    |   9|          2|   32|         64|
    |exp_values_blk_n                 |   9|          2|    1|          2|
    |logits_blk_n                     |   9|          2|    1|          2|
    +---------------------------------+----+-----------+-----+-----------+
    |Total                            | 100|         22|  138|        340|
    +---------------------------------+----+-----------+-----+-----------+

    * Register: 
    +----------------------------------+----+----+-----+-----------+
    |               Name               | FF | LUT| Bits| Const Bits|
    +----------------------------------+----+----+-----+-----------+
    |ap_CS_fsm                         |   1|   0|    1|          0|
    |ap_done_reg                       |   1|   0|    1|          0|
    |ap_enable_reg_pp0_iter1           |   1|   0|    1|          0|
    |ap_enable_reg_pp0_iter2           |   1|   0|    1|          0|
    |ap_enable_reg_pp0_iter3           |   1|   0|    1|          0|
    |ap_enable_reg_pp0_iter4           |   1|   0|    1|          0|
    |ap_enable_reg_pp0_iter5           |   1|   0|    1|          0|
    |ap_enable_reg_pp0_iter6           |   1|   0|    1|          0|
    |ap_enable_reg_pp0_iter7           |   1|   0|    1|          0|
    |ap_enable_reg_pp0_iter8           |   1|   0|    1|          0|
    |ap_enable_reg_pp0_iter9           |   1|   0|    1|          0|
    |ap_loop_exit_ready_pp0_iter1_reg  |   1|   0|    1|          0|
    |ap_loop_exit_ready_pp0_iter2_reg  |   1|   0|    1|          0|
    |ap_loop_exit_ready_pp0_iter3_reg  |   1|   0|    1|          0|
    |ap_loop_exit_ready_pp0_iter4_reg  |   1|   0|    1|          0|
    |ap_loop_exit_ready_pp0_iter5_reg  |   1|   0|    1|          0|
    |ap_loop_exit_ready_pp0_iter6_reg  |   1|   0|    1|          0|
    |ap_loop_exit_ready_pp0_iter7_reg  |   1|   0|    1|          0|
    |ap_loop_exit_ready_pp0_iter8_reg  |   1|   0|    1|          0|
    |ap_loop_init_pp0_iter1_reg        |   1|   0|    1|          0|
    |ap_loop_init_pp0_iter2_reg        |   1|   0|    1|          0|
    |ap_loop_init_pp0_iter3_reg        |   1|   0|    1|          0|
    |ap_loop_init_pp0_iter4_reg        |   1|   0|    1|          0|
    |ap_loop_init_pp0_iter5_reg        |   1|   0|    1|          0|
    |ap_loop_init_pp0_iter6_reg        |   1|   0|    1|          0|
    |ap_loop_init_pp0_iter7_reg        |   1|   0|    1|          0|
    |ap_loop_init_pp0_iter8_reg        |   1|   0|    1|          0|
    |ap_return_preg                    |  32|   0|   32|          0|
    |e_fu_54                           |   3|   0|    3|          0|
    |exp_sum_fu_50                     |  32|   0|   32|          0|
    |icmp_ln175_reg_152                |   1|   0|    1|          0|
    |logits_read_reg_156               |  32|   0|   32|          0|
    |p_read_3_reg_147                  |  32|   0|   32|          0|
    |sub_i_reg_161                     |  32|   0|   32|          0|
    |tmp_i_reg_166                     |  32|   0|   32|          0|
    |icmp_ln175_reg_152                |  64|  32|    1|          0|
    |p_read_3_reg_147                  |  64|  32|   32|          0|
    +----------------------------------+----+----+-----+-----------+
    |Total                             | 351|  64|  256|          0|
    +----------------------------------+----+----+-----+-----------+



================================================================
== Interface
================================================================
* Summary: 
+---------------------------+-----+-----+------------+-----------------------------------------------------------------+--------------+
|         RTL Ports         | Dir | Bits|  Protocol  |                          Source Object                          |    C Type    |
+---------------------------+-----+-----+------------+-----------------------------------------------------------------+--------------+
|ap_clk                     |   in|    1|  ap_ctrl_hs|  dataflow_in_loop_VITIS_LOOP_149_4.1_Loop_VITIS_LOOP_175_7_proc5|  return value|
|ap_rst                     |   in|    1|  ap_ctrl_hs|  dataflow_in_loop_VITIS_LOOP_149_4.1_Loop_VITIS_LOOP_175_7_proc5|  return value|
|ap_start                   |   in|    1|  ap_ctrl_hs|  dataflow_in_loop_VITIS_LOOP_149_4.1_Loop_VITIS_LOOP_175_7_proc5|  return value|
|ap_done                    |  out|    1|  ap_ctrl_hs|  dataflow_in_loop_VITIS_LOOP_149_4.1_Loop_VITIS_LOOP_175_7_proc5|  return value|
|ap_continue                |   in|    1|  ap_ctrl_hs|  dataflow_in_loop_VITIS_LOOP_149_4.1_Loop_VITIS_LOOP_175_7_proc5|  return value|
|ap_idle                    |  out|    1|  ap_ctrl_hs|  dataflow_in_loop_VITIS_LOOP_149_4.1_Loop_VITIS_LOOP_175_7_proc5|  return value|
|ap_ready                   |  out|    1|  ap_ctrl_hs|  dataflow_in_loop_VITIS_LOOP_149_4.1_Loop_VITIS_LOOP_175_7_proc5|  return value|
|ap_return                  |  out|   32|  ap_ctrl_hs|  dataflow_in_loop_VITIS_LOOP_149_4.1_Loop_VITIS_LOOP_175_7_proc5|  return value|
|logits_dout                |   in|   32|     ap_fifo|                                                           logits|       pointer|
|logits_num_data_valid      |   in|    3|     ap_fifo|                                                           logits|       pointer|
|logits_fifo_cap            |   in|    3|     ap_fifo|                                                           logits|       pointer|
|logits_empty_n             |   in|    1|     ap_fifo|                                                           logits|       pointer|
|logits_read                |  out|    1|     ap_fifo|                                                           logits|       pointer|
|exp_values_din             |  out|   32|     ap_fifo|                                                       exp_values|       pointer|
|exp_values_num_data_valid  |   in|    3|     ap_fifo|                                                       exp_values|       pointer|
|exp_values_fifo_cap        |   in|    3|     ap_fifo|                                                       exp_values|       pointer|
|exp_values_full_n          |   in|    1|     ap_fifo|                                                       exp_values|       pointer|
|exp_values_write           |  out|    1|     ap_fifo|                                                       exp_values|       pointer|
|p_read                     |   in|   32|     ap_none|                                                           p_read|        scalar|
+---------------------------+-----+-----+------------+-----------------------------------------------------------------+--------------+

