

================================================================
== Vitis HLS Report for 'pseudo_moe_Pipeline_VITIS_LOOP_128_1_VITIS_LOOP_129_2'
================================================================
* Date:           Mon Sep 21 08:00:13 2026

* Version:        2023.2 (Build 4023990 on Oct 11 2023)
* Project:        project
* Solution:       solution1 (Vivado IP Flow Target)
* Product family: virtexuplus
* Target device:  xcvu13p_CIV-figd2104-3-e


================================================================
== Performance Estimates
================================================================
+ Timing: 
    * Summary: 
    +--------+----------+----------+------------+
    |  Clock |  Target  | Estimated| Uncertainty|
    +--------+----------+----------+------------+
    |ap_clk  |  10.00 ns|  7.300 ns|     2.70 ns|
    +--------+----------+----------+------------+

+ Latency: 
    * Summary: 
    +---------+---------+----------+----------+-----+-----+---------+
    |  Latency (cycles) |  Latency (absolute) |  Interval | Pipeline|
    |   min   |   max   |    min   |    max   | min | max |   Type  |
    +---------+---------+----------+----------+-----+-----+---------+
    |      643|      643|  6.430 us|  6.430 us|  643|  643|       no|
    +---------+---------+----------+----------+-----+-----+---------+

    + Detail: 
        * Instance: 
        N/A

        * Loop: 
        +-------------------------------------+---------+---------+----------+-----------+-----------+------+----------+
        |                                     |  Latency (cycles) | Iteration|  Initiation Interval  | Trip |          |
        |              Loop Name              |   min   |   max   |  Latency |  achieved |   target  | Count| Pipelined|
        +-------------------------------------+---------+---------+----------+-----------+-----------+------+----------+
        |- VITIS_LOOP_128_1_VITIS_LOOP_129_2  |      641|      641|         3|          1|          1|   640|       yes|
        +-------------------------------------+---------+---------+----------+-----------+-----------+------+----------+



================================================================
== Utilization Estimates
================================================================
* Summary: 
+---------------------+---------+-------+---------+---------+------+
|         Name        | BRAM_18K|  DSP  |    FF   |   LUT   | URAM |
+---------------------+---------+-------+---------+---------+------+
|DSP                  |        -|      -|        -|        -|     -|
|Expression           |        -|      -|        0|       90|     -|
|FIFO                 |        -|      -|        -|        -|     -|
|Instance             |        -|      -|        -|        -|     -|
|Memory               |        -|      -|        -|        -|     -|
|Multiplexer          |        -|      -|        -|       63|     -|
|Register             |        -|      -|       58|        -|     -|
+---------------------+---------+-------+---------+---------+------+
|Total                |        0|      0|       58|      153|     0|
+---------------------+---------+-------+---------+---------+------+
|Available SLR        |     1344|   3072|   864000|   432000|   320|
+---------------------+---------+-------+---------+---------+------+
|Utilization SLR (%)  |        0|      0|       ~0|       ~0|     0|
+---------------------+---------+-------+---------+---------+------+
|Available            |     5376|  12288|  3456000|  1728000|  1280|
+---------------------+---------+-------+---------+---------+------+
|Utilization (%)      |        0|      0|       ~0|       ~0|     0|
+---------------------+---------+-------+---------+---------+------+

+ Detail: 
    * Instance: 
    N/A

    * DSP: 
    N/A

    * Memory: 
    N/A

    * FIFO: 
    N/A

    * Expression: 
    +---------------------------+----------+----+---+----+------------+------------+
    |       Variable Name       | Operation| DSP| FF| LUT| Bitwidth P0| Bitwidth P1|
    +---------------------------+----------+----+---+----+------------+------------+
    |add_ln128_1_fu_381_p2      |         +|   0|  0|  17|          10|           1|
    |add_ln128_fu_408_p2        |         +|   0|  0|  12|           4|           1|
    |add_ln129_fu_478_p2        |         +|   0|  0|  14|           7|           1|
    |ap_block_pp0_stage0_11001  |       and|   0|  0|   2|           1|           1|
    |icmp_ln128_fu_375_p2       |      icmp|   0|  0|  17|          10|          10|
    |icmp_ln129_fu_414_p2       |      icmp|   0|  0|  15|           7|           8|
    |select_ln128_1_fu_428_p3   |    select|   0|  0|   4|           1|           4|
    |select_ln128_fu_420_p3     |    select|   0|  0|   7|           1|           1|
    |ap_enable_pp0              |       xor|   0|  0|   2|           1|           2|
    +---------------------------+----------+----+---+----+------------+------------+
    |Total                      |          |   0|  0|  90|          42|          29|
    +---------------------------+----------+----+---+----+------------+------------+

    * Multiplexer: 
    +--------------------------------------+----+-----------+-----+-----------+
    |                 Name                 | LUT| Input Size| Bits| Total Bits|
    +--------------------------------------+----+-----------+-----+-----------+
    |ap_done_int                           |   9|          2|    1|          2|
    |ap_enable_reg_pp0_iter1               |   9|          2|    1|          2|
    |ap_sig_allocacmp_indvar_flatten_load  |   9|          2|   10|         20|
    |d_fu_122                              |   9|          2|    7|         14|
    |gmem0_blk_n_R                         |   9|          2|    1|          2|
    |indvar_flatten_fu_130                 |   9|          2|   10|         20|
    |n_fu_126                              |   9|          2|    4|          8|
    +--------------------------------------+----+-----------+-----+-----------+
    |Total                                 |  63|         14|   34|         68|
    +--------------------------------------+----+-----------+-----+-----------+

    * Register: 
    +----------------------------------+----+----+-----+-----------+
    |               Name               | FF | LUT| Bits| Const Bits|
    +----------------------------------+----+----+-----+-----------+
    |ap_CS_fsm                         |   1|   0|    1|          0|
    |ap_done_reg                       |   1|   0|    1|          0|
    |ap_enable_reg_pp0_iter1           |   1|   0|    1|          0|
    |ap_enable_reg_pp0_iter2           |   1|   0|    1|          0|
    |ap_loop_exit_ready_pp0_iter1_reg  |   1|   0|    1|          0|
    |bitcast_ln131_reg_524             |  32|   0|   32|          0|
    |d_fu_122                          |   7|   0|    7|          0|
    |indvar_flatten_fu_130             |  10|   0|   10|          0|
    |n_fu_126                          |   4|   0|    4|          0|
    +----------------------------------+----+----+-----+-----------+
    |Total                             |  58|   0|   58|          0|
    +----------------------------------+----+----+-----+-----------+



================================================================
== Interface
================================================================
* Summary: 
+-------------------------+-----+-----+------------+-------------------------------------------------------+--------------+
|        RTL Ports        | Dir | Bits|  Protocol  |                     Source Object                     |    C Type    |
+-------------------------+-----+-----+------------+-------------------------------------------------------+--------------+
|ap_clk                   |   in|    1|  ap_ctrl_hs|  pseudo_moe_Pipeline_VITIS_LOOP_128_1_VITIS_LOOP_129_2|  return value|
|ap_rst                   |   in|    1|  ap_ctrl_hs|  pseudo_moe_Pipeline_VITIS_LOOP_128_1_VITIS_LOOP_129_2|  return value|
|ap_start                 |   in|    1|  ap_ctrl_hs|  pseudo_moe_Pipeline_VITIS_LOOP_128_1_VITIS_LOOP_129_2|  return value|
|ap_done                  |  out|    1|  ap_ctrl_hs|  pseudo_moe_Pipeline_VITIS_LOOP_128_1_VITIS_LOOP_129_2|  return value|
|ap_idle                  |  out|    1|  ap_ctrl_hs|  pseudo_moe_Pipeline_VITIS_LOOP_128_1_VITIS_LOOP_129_2|  return value|
|ap_ready                 |  out|    1|  ap_ctrl_hs|  pseudo_moe_Pipeline_VITIS_LOOP_128_1_VITIS_LOOP_129_2|  return value|
|m_axi_gmem0_AWVALID      |  out|    1|       m_axi|                                                  gmem0|       pointer|
|m_axi_gmem0_AWREADY      |   in|    1|       m_axi|                                                  gmem0|       pointer|
|m_axi_gmem0_AWADDR       |  out|   64|       m_axi|                                                  gmem0|       pointer|
|m_axi_gmem0_AWID         |  out|    1|       m_axi|                                                  gmem0|       pointer|
|m_axi_gmem0_AWLEN        |  out|   32|       m_axi|                                                  gmem0|       pointer|
|m_axi_gmem0_AWSIZE       |  out|    3|       m_axi|                                                  gmem0|       pointer|
|m_axi_gmem0_AWBURST      |  out|    2|       m_axi|                                                  gmem0|       pointer|
|m_axi_gmem0_AWLOCK       |  out|    2|       m_axi|                                                  gmem0|       pointer|
|m_axi_gmem0_AWCACHE      |  out|    4|       m_axi|                                                  gmem0|       pointer|
|m_axi_gmem0_AWPROT       |  out|    3|       m_axi|                                                  gmem0|       pointer|
|m_axi_gmem0_AWQOS        |  out|    4|       m_axi|                                                  gmem0|       pointer|
|m_axi_gmem0_AWREGION     |  out|    4|       m_axi|                                                  gmem0|       pointer|
|m_axi_gmem0_AWUSER       |  out|    1|       m_axi|                                                  gmem0|       pointer|
|m_axi_gmem0_WVALID       |  out|    1|       m_axi|                                                  gmem0|       pointer|
|m_axi_gmem0_WREADY       |   in|    1|       m_axi|                                                  gmem0|       pointer|
|m_axi_gmem0_WDATA        |  out|   32|       m_axi|                                                  gmem0|       pointer|
|m_axi_gmem0_WSTRB        |  out|    4|       m_axi|                                                  gmem0|       pointer|
|m_axi_gmem0_WLAST        |  out|    1|       m_axi|                                                  gmem0|       pointer|
|m_axi_gmem0_WID          |  out|    1|       m_axi|                                                  gmem0|       pointer|
|m_axi_gmem0_WUSER        |  out|    1|       m_axi|                                                  gmem0|       pointer|
|m_axi_gmem0_ARVALID      |  out|    1|       m_axi|                                                  gmem0|       pointer|
|m_axi_gmem0_ARREADY      |   in|    1|       m_axi|                                                  gmem0|       pointer|
|m_axi_gmem0_ARADDR       |  out|   64|       m_axi|                                                  gmem0|       pointer|
|m_axi_gmem0_ARID         |  out|    1|       m_axi|                                                  gmem0|       pointer|
|m_axi_gmem0_ARLEN        |  out|   32|       m_axi|                                                  gmem0|       pointer|
|m_axi_gmem0_ARSIZE       |  out|    3|       m_axi|                                                  gmem0|       pointer|
|m_axi_gmem0_ARBURST      |  out|    2|       m_axi|                                                  gmem0|       pointer|
|m_axi_gmem0_ARLOCK       |  out|    2|       m_axi|                                                  gmem0|       pointer|
|m_axi_gmem0_ARCACHE      |  out|    4|       m_axi|                                                  gmem0|       pointer|
|m_axi_gmem0_ARPROT       |  out|    3|       m_axi|                                                  gmem0|       pointer|
|m_axi_gmem0_ARQOS        |  out|    4|       m_axi|                                                  gmem0|       pointer|
|m_axi_gmem0_ARREGION     |  out|    4|       m_axi|                                                  gmem0|       pointer|
|m_axi_gmem0_ARUSER       |  out|    1|       m_axi|                                                  gmem0|       pointer|
|m_axi_gmem0_RVALID       |   in|    1|       m_axi|                                                  gmem0|       pointer|
|m_axi_gmem0_RREADY       |  out|    1|       m_axi|                                                  gmem0|       pointer|
|m_axi_gmem0_RDATA        |   in|   32|       m_axi|                                                  gmem0|       pointer|
|m_axi_gmem0_RLAST        |   in|    1|       m_axi|                                                  gmem0|       pointer|
|m_axi_gmem0_RID          |   in|    1|       m_axi|                                                  gmem0|       pointer|
|m_axi_gmem0_RFIFONUM     |   in|    9|       m_axi|                                                  gmem0|       pointer|
|m_axi_gmem0_RUSER        |   in|    1|       m_axi|                                                  gmem0|       pointer|
|m_axi_gmem0_RRESP        |   in|    2|       m_axi|                                                  gmem0|       pointer|
|m_axi_gmem0_BVALID       |   in|    1|       m_axi|                                                  gmem0|       pointer|
|m_axi_gmem0_BREADY       |  out|    1|       m_axi|                                                  gmem0|       pointer|
|m_axi_gmem0_BRESP        |   in|    2|       m_axi|                                                  gmem0|       pointer|
|m_axi_gmem0_BID          |   in|    1|       m_axi|                                                  gmem0|       pointer|
|m_axi_gmem0_BUSER        |   in|    1|       m_axi|                                                  gmem0|       pointer|
|sext_ln128               |   in|   62|     ap_none|                                             sext_ln128|        scalar|
|input_local_address0     |  out|    6|   ap_memory|                                            input_local|         array|
|input_local_ce0          |  out|    1|   ap_memory|                                            input_local|         array|
|input_local_we0          |  out|    1|   ap_memory|                                            input_local|         array|
|input_local_d0           |  out|   32|   ap_memory|                                            input_local|         array|
|input_local_1_address0   |  out|    6|   ap_memory|                                          input_local_1|         array|
|input_local_1_ce0        |  out|    1|   ap_memory|                                          input_local_1|         array|
|input_local_1_we0        |  out|    1|   ap_memory|                                          input_local_1|         array|
|input_local_1_d0         |  out|   32|   ap_memory|                                          input_local_1|         array|
|input_local_2_address0   |  out|    6|   ap_memory|                                          input_local_2|         array|
|input_local_2_ce0        |  out|    1|   ap_memory|                                          input_local_2|         array|
|input_local_2_we0        |  out|    1|   ap_memory|                                          input_local_2|         array|
|input_local_2_d0         |  out|   32|   ap_memory|                                          input_local_2|         array|
|input_local_3_address0   |  out|    6|   ap_memory|                                          input_local_3|         array|
|input_local_3_ce0        |  out|    1|   ap_memory|                                          input_local_3|         array|
|input_local_3_we0        |  out|    1|   ap_memory|                                          input_local_3|         array|
|input_local_3_d0         |  out|   32|   ap_memory|                                          input_local_3|         array|
|input_local_4_address0   |  out|    6|   ap_memory|                                          input_local_4|         array|
|input_local_4_ce0        |  out|    1|   ap_memory|                                          input_local_4|         array|
|input_local_4_we0        |  out|    1|   ap_memory|                                          input_local_4|         array|
|input_local_4_d0         |  out|   32|   ap_memory|                                          input_local_4|         array|
|input_local_5_address0   |  out|    6|   ap_memory|                                          input_local_5|         array|
|input_local_5_ce0        |  out|    1|   ap_memory|                                          input_local_5|         array|
|input_local_5_we0        |  out|    1|   ap_memory|                                          input_local_5|         array|
|input_local_5_d0         |  out|   32|   ap_memory|                                          input_local_5|         array|
|input_local_6_address0   |  out|    6|   ap_memory|                                          input_local_6|         array|
|input_local_6_ce0        |  out|    1|   ap_memory|                                          input_local_6|         array|
|input_local_6_we0        |  out|    1|   ap_memory|                                          input_local_6|         array|
|input_local_6_d0         |  out|   32|   ap_memory|                                          input_local_6|         array|
|input_local_7_address0   |  out|    6|   ap_memory|                                          input_local_7|         array|
|input_local_7_ce0        |  out|    1|   ap_memory|                                          input_local_7|         array|
|input_local_7_we0        |  out|    1|   ap_memory|                                          input_local_7|         array|
|input_local_7_d0         |  out|   32|   ap_memory|                                          input_local_7|         array|
|input_local_8_address0   |  out|    6|   ap_memory|                                          input_local_8|         array|
|input_local_8_ce0        |  out|    1|   ap_memory|                                          input_local_8|         array|
|input_local_8_we0        |  out|    1|   ap_memory|                                          input_local_8|         array|
|input_local_8_d0         |  out|   32|   ap_memory|                                          input_local_8|         array|
|input_local_9_address0   |  out|    6|   ap_memory|                                          input_local_9|         array|
|input_local_9_ce0        |  out|    1|   ap_memory|                                          input_local_9|         array|
|input_local_9_we0        |  out|    1|   ap_memory|                                          input_local_9|         array|
|input_local_9_d0         |  out|   32|   ap_memory|                                          input_local_9|         array|
|input_local_10_address0  |  out|    6|   ap_memory|                                         input_local_10|         array|
|input_local_10_ce0       |  out|    1|   ap_memory|                                         input_local_10|         array|
|input_local_10_we0       |  out|    1|   ap_memory|                                         input_local_10|         array|
|input_local_10_d0        |  out|   32|   ap_memory|                                         input_local_10|         array|
|input_local_11_address0  |  out|    6|   ap_memory|                                         input_local_11|         array|
|input_local_11_ce0       |  out|    1|   ap_memory|                                         input_local_11|         array|
|input_local_11_we0       |  out|    1|   ap_memory|                                         input_local_11|         array|
|input_local_11_d0        |  out|   32|   ap_memory|                                         input_local_11|         array|
|input_local_12_address0  |  out|    6|   ap_memory|                                         input_local_12|         array|
|input_local_12_ce0       |  out|    1|   ap_memory|                                         input_local_12|         array|
|input_local_12_we0       |  out|    1|   ap_memory|                                         input_local_12|         array|
|input_local_12_d0        |  out|   32|   ap_memory|                                         input_local_12|         array|
|input_local_13_address0  |  out|    6|   ap_memory|                                         input_local_13|         array|
|input_local_13_ce0       |  out|    1|   ap_memory|                                         input_local_13|         array|
|input_local_13_we0       |  out|    1|   ap_memory|                                         input_local_13|         array|
|input_local_13_d0        |  out|   32|   ap_memory|                                         input_local_13|         array|
|input_local_14_address0  |  out|    6|   ap_memory|                                         input_local_14|         array|
|input_local_14_ce0       |  out|    1|   ap_memory|                                         input_local_14|         array|
|input_local_14_we0       |  out|    1|   ap_memory|                                         input_local_14|         array|
|input_local_14_d0        |  out|   32|   ap_memory|                                         input_local_14|         array|
|input_local_15_address0  |  out|    6|   ap_memory|                                         input_local_15|         array|
|input_local_15_ce0       |  out|    1|   ap_memory|                                         input_local_15|         array|
|input_local_15_we0       |  out|    1|   ap_memory|                                         input_local_15|         array|
|input_local_15_d0        |  out|   32|   ap_memory|                                         input_local_15|         array|
+-------------------------+-----+-----+------------+-------------------------------------------------------+--------------+

