

================================================================
== Vitis HLS Report for 'output_moe'
================================================================
* Date:           Mon Sep 14 21:03:20 2026

* Version:        2023.2 (Build 4023990 on Oct 11 2023)
* Project:        HLS_OutputMoE_Run9
* Solution:       solution1 (Vivado IP Flow Target)
* Product family: virtexuplus
* Target device:  xcvu13p_CIV-figd2104-3-e


================================================================
== Performance Estimates
================================================================
+ Timing: 
    * Summary: 
    +--------+----------+----------+------------+
    |  Clock |  Target  | Estimated| Uncertainty|
    +--------+----------+----------+------------+
    |ap_clk  |  10.00 ns|  7.574 ns|     2.70 ns|
    +--------+----------+----------+------------+

+ Latency: 
    * Summary: 
    +---------+---------+----------+----------+-------+-------+---------+
    |  Latency (cycles) |  Latency (absolute) |    Interval   | Pipeline|
    |   min   |   max   |    min   |    max   |  min  |  max  |   Type  |
    +---------+---------+----------+----------+-------+-------+---------+
    |    94685|    94685|  0.947 ms|  0.947 ms|  94686|  94686|       no|
    +---------+---------+----------+----------+-------+-------+---------+

    + Detail: 
        * Instance: 
        +---------------------------------------------------+---------------------------------------+---------+---------+-----------+-----------+-------+-------+---------+
        |                                                   |                                       |  Latency (cycles) |   Latency (absolute)  |    Interval   | Pipeline|
        |                      Instance                     |                 Module                |   min   |   max   |    min    |    max    |  min  |  max  |   Type  |
        +---------------------------------------------------+---------------------------------------+---------+---------+-----------+-----------+-------+-------+---------+
        |grp_output_moe_Pipeline_VITIS_LOOP_1130_2_fu_2274  |output_moe_Pipeline_VITIS_LOOP_1130_2  |      133|      133|   1.330 us|   1.330 us|    133|    133|       no|
        |grp_output_moe_Pipeline_VITIS_LOOP_1143_3_fu_2285  |output_moe_Pipeline_VITIS_LOOP_1143_3  |        6|        6|  60.000 ns|  60.000 ns|      6|      6|       no|
        |grp_expert_engine_fu_2294                          |expert_engine                          |    94079|    94079|   0.941 ms|   0.941 ms|  94079|  94079|       no|
        |grp_output_moe_Pipeline_VITIS_LOOP_1150_4_fu_4424  |output_moe_Pipeline_VITIS_LOOP_1150_4  |       12|       12|   0.120 us|   0.120 us|     12|     12|       no|
        |grp_output_moe_Pipeline_VITIS_LOOP_1155_5_fu_4442  |output_moe_Pipeline_VITIS_LOOP_1155_5  |       26|       26|   0.260 us|   0.260 us|     26|     26|       no|
        |grp_output_moe_Pipeline_VITIS_LOOP_1169_6_fu_4459  |output_moe_Pipeline_VITIS_LOOP_1169_6  |       16|       16|   0.160 us|   0.160 us|     16|     16|       no|
        +---------------------------------------------------+---------------------------------------+---------+---------+-----------+-----------+-------+-------+---------+

        * Loop: 
        +---------------------+---------+---------+----------+-----------+-----------+------+----------+
        |                     |  Latency (cycles) | Iteration|  Initiation Interval  | Trip |          |
        |      Loop Name      |   min   |   max   |  Latency |  achieved |   target  | Count| Pipelined|
        +---------------------+---------+---------+----------+-----------+-----------+------+----------+
        |- VITIS_LOOP_1126_1  |      544|      544|       136|          -|          -|     4|        no|
        +---------------------+---------+---------+----------+-----------+-----------+------+----------+



================================================================
== Utilization Estimates
================================================================
* Summary: 
+---------------------+---------+-------+---------+---------+------+
|         Name        | BRAM_18K|  DSP  |    FF   |   LUT   | URAM |
+---------------------+---------+-------+---------+---------+------+
|DSP                  |        -|      -|        -|        -|     -|
|Expression           |        -|      -|        0|      150|     -|
|FIFO                 |        -|      -|        -|        -|     -|
|Instance             |      181|    196|    51674|    38232|     -|
|Memory               |        0|      -|      128|       12|     0|
|Multiplexer          |        -|      -|        -|      526|     -|
|Register             |        -|      -|      177|        -|     -|
+---------------------+---------+-------+---------+---------+------+
|Total                |      181|    196|    51979|    38920|     0|
+---------------------+---------+-------+---------+---------+------+
|Available SLR        |     1344|   3072|   864000|   432000|   320|
+---------------------+---------+-------+---------+---------+------+
|Utilization SLR (%)  |       13|      6|        6|        9|     0|
+---------------------+---------+-------+---------+---------+------+
|Available            |     5376|  12288|  3456000|  1728000|  1280|
+---------------------+---------+-------+---------+---------+------+
|Utilization (%)      |        3|      1|        1|        2|     0|
+---------------------+---------+-------+---------+---------+------+

+ Detail: 
    * Instance: 
    +---------------------------------------------------+---------------------------------------+---------+-----+-------+-------+-----+
    |                      Instance                     |                 Module                | BRAM_18K| DSP |   FF  |  LUT  | URAM|
    +---------------------------------------------------+---------------------------------------+---------+-----+-------+-------+-----+
    |grp_expert_engine_fu_2294                          |expert_engine                          |      180|  169|  49165|  35412|    0|
    |fadd_32ns_32ns_32_2_full_dsp_1_U1469               |fadd_32ns_32ns_32_2_full_dsp_1         |        0|    2|    177|    233|    0|
    |faddfsub_32ns_32ns_32_2_full_dsp_1_U1468           |faddfsub_32ns_32ns_32_2_full_dsp_1     |        0|    2|    177|    233|    0|
    |fmul_32ns_32ns_32_2_max_dsp_1_U1467                |fmul_32ns_32ns_32_2_max_dsp_1          |        0|    3|    128|     78|    0|
    |grp_output_moe_Pipeline_VITIS_LOOP_1130_2_fu_2274  |output_moe_Pipeline_VITIS_LOOP_1130_2  |        1|    0|    146|    135|    0|
    |grp_output_moe_Pipeline_VITIS_LOOP_1143_3_fu_2285  |output_moe_Pipeline_VITIS_LOOP_1143_3  |        0|    0|    105|    222|    0|
    |grp_output_moe_Pipeline_VITIS_LOOP_1150_4_fu_4424  |output_moe_Pipeline_VITIS_LOOP_1150_4  |        0|    7|    385|    899|    0|
    |grp_output_moe_Pipeline_VITIS_LOOP_1155_5_fu_4442  |output_moe_Pipeline_VITIS_LOOP_1155_5  |        0|    0|    271|    198|    0|
    |grp_output_moe_Pipeline_VITIS_LOOP_1169_6_fu_4459  |output_moe_Pipeline_VITIS_LOOP_1169_6  |        0|   13|   1120|    822|    0|
    +---------------------------------------------------+---------------------------------------+---------+-----+-------+-------+-----+
    |Total                                              |                                       |      181|  196|  51674|  38232|    0|
    +---------------------------------------------------+---------------------------------------+---------+-----+-------+-------+-----+

    * DSP: 
    N/A

    * Memory: 
    +-------------------+-----------------------------+---------+----+----+-----+------+-----+------+-------------+
    |       Memory      |            Module           | BRAM_18K| FF | LUT| URAM| Words| Bits| Banks| W*Bits*Banks|
    +-------------------+-----------------------------+---------+----+----+-----+------+-----+------+-------------+
    |expert_output_U    |expert_output_RAM_AUTO_1R1W  |        0|  32|   3|    0|     5|   32|     1|          160|
    |expert_output_1_U  |expert_output_RAM_AUTO_1R1W  |        0|  32|   3|    0|     5|   32|     1|          160|
    |expert_output_2_U  |expert_output_RAM_AUTO_1R1W  |        0|  32|   3|    0|     5|   32|     1|          160|
    |expert_output_3_U  |expert_output_RAM_AUTO_1R1W  |        0|  32|   3|    0|     5|   32|     1|          160|
    +-------------------+-----------------------------+---------+----+----+-----+------+-----+------+-------------+
    |Total              |                             |        0| 128|  12|    0|    20|  128|     4|          640|
    +-------------------+-----------------------------+---------+----+----+-----+------+-----+------+-------------+

    * FIFO: 
    N/A

    * Expression: 
    +---------------------------------+----------+----+---+----+------------+------------+
    |          Variable Name          | Operation| DSP| FF| LUT| Bitwidth P0| Bitwidth P1|
    +---------------------------------+----------+----+---+----+------------+------------+
    |add_ln1126_fu_4499_p2            |         +|   0|  0|  10|           3|           1|
    |icmp_ln1126_fu_4493_p2           |      icmp|   0|  0|  12|           3|           4|
    |icmp_ln9_1_fu_4528_p2            |      icmp|   0|  0|   9|           2|           1|
    |icmp_ln9_2_fu_4534_p2            |      icmp|   0|  0|  10|           2|           3|
    |icmp_ln9_fu_4514_p2              |      icmp|   0|  0|   9|           2|           1|
    |ap_block_state5_on_subcall_done  |        or|   0|  0|   2|           1|           1|
    |empty_20_fu_4548_p2              |        or|   0|  0|   2|           1|           1|
    |acc_fu_4554_p3                   |    select|   0|  0|  32|           1|          32|
    |select_ln9_1_i_fu_4540_p3        |    select|   0|  0|  32|           1|          32|
    |select_ln9_fu_4520_p3            |    select|   0|  0|  32|           1|          32|
    +---------------------------------+----------+----+---+----+------------+------------+
    |Total                            |          |   0|  0| 150|          17|         108|
    +---------------------------------+----------+----+---+----+------------+------------+

    * Multiplexer: 
    +--------------------------+----+-----------+-----+-----------+
    |           Name           | LUT| Input Size| Bits| Total Bits|
    +--------------------------+----+-----------+-----+-----------+
    |ap_NS_fsm                 |  65|         12|    1|         12|
    |e_fu_2210                 |   9|          2|    3|          6|
    |expert_output_1_address0  |  14|          3|    3|          9|
    |expert_output_1_ce0       |  14|          3|    1|          3|
    |expert_output_1_we0       |   9|          2|    1|          2|
    |expert_output_2_address0  |  14|          3|    3|          9|
    |expert_output_2_ce0       |  14|          3|    1|          3|
    |expert_output_2_we0       |   9|          2|    1|          2|
    |expert_output_3_address0  |  14|          3|    3|          9|
    |expert_output_3_ce0       |  14|          3|    1|          3|
    |expert_output_3_we0       |   9|          2|    1|          2|
    |expert_output_address0    |  14|          3|    3|          9|
    |expert_output_ce0         |  14|          3|    1|          3|
    |expert_output_we0         |   9|          2|    1|          2|
    |gates_0_o                 |  14|          3|   32|         96|
    |gates_0_o_ap_vld          |  14|          3|    1|          3|
    |gates_1_o                 |  14|          3|   32|         96|
    |gates_1_o_ap_vld          |  14|          3|    1|          3|
    |gates_2_o                 |  14|          3|   32|         96|
    |gates_2_o_ap_vld          |  14|          3|    1|          3|
    |gates_3_o                 |  14|          3|   32|         96|
    |gates_3_o_ap_vld          |  14|          3|    1|          3|
    |grp_fu_4767_ce            |  14|          3|    1|          3|
    |grp_fu_4767_p0            |  14|          3|   32|         96|
    |grp_fu_4767_p1            |  14|          3|   32|         96|
    |grp_fu_4771_ce            |  20|          4|    1|          4|
    |grp_fu_4771_opcode        |  20|          4|    2|          8|
    |grp_fu_4771_p0            |  20|          4|   32|        128|
    |grp_fu_4771_p1            |  20|          4|   32|        128|
    |grp_fu_4775_ce            |  14|          3|    1|          3|
    |grp_fu_4775_p0            |  14|          3|   32|         96|
    |grp_fu_4775_p1            |  14|          3|   32|         96|
    |input_r_address0          |  14|          3|    7|         21|
    |input_r_ce0               |  14|          3|    1|          3|
    +--------------------------+----+-----------+-----+-----------+
    |Total                     | 526|        110|  361|       1152|
    +--------------------------+----+-----------+-----+-----------+

    * Register: 
    +----------------------------------------------------------------+----+----+-----+-----------+
    |                              Name                              | FF | LUT| Bits| Const Bits|
    +----------------------------------------------------------------+----+----+-----+-----------+
    |acc_reg_4720                                                    |  22|   0|   32|         10|
    |add_ln1126_reg_4710                                             |   3|   0|    3|          0|
    |ap_CS_fsm                                                       |  11|   0|   11|          0|
    |e_fu_2210                                                       |   3|   0|    3|          0|
    |empty_fu_2214                                                   |  32|   0|   32|          0|
    |grp_expert_engine_fu_2294_ap_start_reg                          |   1|   0|    1|          0|
    |grp_output_moe_Pipeline_VITIS_LOOP_1130_2_fu_2274_ap_start_reg  |   1|   0|    1|          0|
    |grp_output_moe_Pipeline_VITIS_LOOP_1143_3_fu_2285_ap_start_reg  |   1|   0|    1|          0|
    |grp_output_moe_Pipeline_VITIS_LOOP_1150_4_fu_4424_ap_start_reg  |   1|   0|    1|          0|
    |grp_output_moe_Pipeline_VITIS_LOOP_1155_5_fu_4442_ap_start_reg  |   1|   0|    1|          0|
    |grp_output_moe_Pipeline_VITIS_LOOP_1169_6_fu_4459_ap_start_reg  |   1|   0|    1|          0|
    |mux_case_11_fu_2218                                             |  32|   0|   32|          0|
    |mux_case_25_fu_2222                                             |  32|   0|   32|          0|
    |mux_case_310_fu_2226                                            |  32|   0|   32|          0|
    |tmp_6_reg_4715                                                  |   2|   0|    9|          7|
    |trunc_ln1126_reg_4703                                           |   2|   0|    2|          0|
    +----------------------------------------------------------------+----+----+-----+-----------+
    |Total                                                           | 177|   0|  194|         17|
    +----------------------------------------------------------------+----+----+-----+-----------+



================================================================
== Interface
================================================================
* Summary: 
+------------------+-----+-----+------------+--------------+--------------+
|     RTL Ports    | Dir | Bits|  Protocol  | Source Object|    C Type    |
+------------------+-----+-----+------------+--------------+--------------+
|ap_clk            |   in|    1|  ap_ctrl_hs|    output_moe|  return value|
|ap_rst            |   in|    1|  ap_ctrl_hs|    output_moe|  return value|
|ap_start          |   in|    1|  ap_ctrl_hs|    output_moe|  return value|
|ap_done           |  out|    1|  ap_ctrl_hs|    output_moe|  return value|
|ap_idle           |  out|    1|  ap_ctrl_hs|    output_moe|  return value|
|ap_ready          |  out|    1|  ap_ctrl_hs|    output_moe|  return value|
|input_r_address0  |  out|    7|   ap_memory|       input_r|         array|
|input_r_ce0       |  out|    1|   ap_memory|       input_r|         array|
|input_r_q0        |   in|   32|   ap_memory|       input_r|         array|
|output_0          |  out|   32|      ap_vld|      output_0|       pointer|
|output_0_ap_vld   |  out|    1|      ap_vld|      output_0|       pointer|
|output_1          |  out|   32|      ap_vld|      output_1|       pointer|
|output_1_ap_vld   |  out|    1|      ap_vld|      output_1|       pointer|
|output_2          |  out|   32|      ap_vld|      output_2|       pointer|
|output_2_ap_vld   |  out|    1|      ap_vld|      output_2|       pointer|
|output_3          |  out|   32|      ap_vld|      output_3|       pointer|
|output_3_ap_vld   |  out|    1|      ap_vld|      output_3|       pointer|
|output_4          |  out|   32|      ap_vld|      output_4|       pointer|
|output_4_ap_vld   |  out|    1|      ap_vld|      output_4|       pointer|
|gates_0_i         |   in|   32|     ap_ovld|       gates_0|       pointer|
|gates_0_o         |  out|   32|     ap_ovld|       gates_0|       pointer|
|gates_0_o_ap_vld  |  out|    1|     ap_ovld|       gates_0|       pointer|
|gates_1_i         |   in|   32|     ap_ovld|       gates_1|       pointer|
|gates_1_o         |  out|   32|     ap_ovld|       gates_1|       pointer|
|gates_1_o_ap_vld  |  out|    1|     ap_ovld|       gates_1|       pointer|
|gates_2_i         |   in|   32|     ap_ovld|       gates_2|       pointer|
|gates_2_o         |  out|   32|     ap_ovld|       gates_2|       pointer|
|gates_2_o_ap_vld  |  out|    1|     ap_ovld|       gates_2|       pointer|
|gates_3_i         |   in|   32|     ap_ovld|       gates_3|       pointer|
|gates_3_o         |  out|   32|     ap_ovld|       gates_3|       pointer|
|gates_3_o_ap_vld  |  out|    1|     ap_ovld|       gates_3|       pointer|
+------------------+-----+-----+------------+--------------+--------------+

