

================================================================
== Vitis HLS Report for 'output_moe_Pipeline_VITIS_LOOP_1079_2'
================================================================
* Date:           Sun Sep 13 13:16:47 2026

* Version:        2023.2 (Build 4023990 on Oct 11 2023)
* Project:        HLS_OutputMoE_Run9
* Solution:       solution1 (Vivado IP Flow Target)
* Product family: virtexuplus
* Target device:  xcvu13p_CIV-figd2104-3-e


================================================================
== Performance Estimates
================================================================
+ Timing: 
    * Summary: 
    +--------+----------+----------+------------+
    |  Clock |  Target  | Estimated| Uncertainty|
    +--------+----------+----------+------------+
    |ap_clk  |  10.00 ns|  6.409 ns|     2.70 ns|
    +--------+----------+----------+------------+

+ Latency: 
    * Summary: 
    +---------+---------+----------+----------+-----+-----+---------+
    |  Latency (cycles) |  Latency (absolute) |  Interval | Pipeline|
    |   min   |   max   |    min   |    max   | min | max |   Type  |
    +---------+---------+----------+----------+-----+-----+---------+
    |      133|      133|  1.330 us|  1.330 us|  133|  133|       no|
    +---------+---------+----------+----------+-----+-----+---------+

    + Detail: 
        * Instance: 
        N/A

        * Loop: 
        +---------------------+---------+---------+----------+-----------+-----------+------+----------+
        |                     |  Latency (cycles) | Iteration|  Initiation Interval  | Trip |          |
        |      Loop Name      |   min   |   max   |  Latency |  achieved |   target  | Count| Pipelined|
        +---------------------+---------+---------+----------+-----------+-----------+------+----------+
        |- VITIS_LOOP_1079_2  |      131|      131|         5|          1|          1|   128|       yes|
        +---------------------+---------+---------+----------+-----------+-----------+------+----------+



================================================================
== Utilization Estimates
================================================================
* Summary: 
+---------------------+---------+-------+---------+---------+------+
|         Name        | BRAM_18K|  DSP  |    FF   |   LUT   | URAM |
+---------------------+---------+-------+---------+---------+------+
|DSP                  |        -|      -|        -|        -|     -|
|Expression           |        -|      -|        0|       49|     -|
|FIFO                 |        -|      -|        -|        -|     -|
|Instance             |        -|      -|        -|        -|     -|
|Memory               |        1|      -|        0|        0|     -|
|Multiplexer          |        -|      -|        -|       54|     -|
|Register             |        -|      -|      146|       32|     -|
+---------------------+---------+-------+---------+---------+------+
|Total                |        1|      0|      146|      135|     0|
+---------------------+---------+-------+---------+---------+------+
|Available SLR        |     1344|   3072|   864000|   432000|   320|
+---------------------+---------+-------+---------+---------+------+
|Utilization SLR (%)  |       ~0|      0|       ~0|       ~0|     0|
+---------------------+---------+-------+---------+---------+------+
|Available            |     5376|  12288|  3456000|  1728000|  1280|
+---------------------+---------+-------+---------+---------+------+
|Utilization (%)      |       ~0|      0|       ~0|       ~0|     0|
+---------------------+---------+-------+---------+---------+------+

+ Detail: 
    * Instance: 
    N/A

    * DSP: 
    N/A

    * Memory: 
    +---------------+---------------------------------------------------------------+---------+---+----+-----+------+-----+------+-------------+
    |     Memory    |                             Module                            | BRAM_18K| FF| LUT| URAM| Words| Bits| Banks| W*Bits*Banks|
    +---------------+---------------------------------------------------------------+---------+---+----+-----+------+-----+------+-------------+
    |gate_weight_U  |output_moe_Pipeline_VITIS_LOOP_1079_2_gate_weight_ROM_AUTO_1R  |        1|  0|   0|    0|   512|   32|     1|        16384|
    +---------------+---------------------------------------------------------------+---------+---+----+-----+------+-----+------+-------------+
    |Total          |                                                               |        1|  0|   0|    0|   512|   32|     1|        16384|
    +---------------+---------------------------------------------------------------+---------+---+----+-----+------+-----+------+-------------+

    * FIFO: 
    N/A

    * Expression: 
    +-----------------------+----------+----+---+----+------------+------------+
    |     Variable Name     | Operation| DSP| FF| LUT| Bitwidth P0| Bitwidth P1|
    +-----------------------+----------+----+---+----+------------+------------+
    |add_ln1079_fu_127_p2   |         +|   0|  0|  15|           8|           1|
    |add_ln1080_fu_142_p2   |         +|   0|  0|  16|           9|           9|
    |icmp_ln1079_fu_121_p2  |      icmp|   0|  0|  16|           8|           9|
    |ap_enable_pp0          |       xor|   0|  0|   2|           1|           2|
    +-----------------------+----------+----+---+----+------------+------------+
    |Total                  |          |   0|  0|  49|          26|          21|
    +-----------------------+----------+----+---+----+------------+------------+

    * Multiplexer: 
    +-----------------------------+----+-----------+-----+-----------+
    |             Name            | LUT| Input Size| Bits| Total Bits|
    +-----------------------------+----+-----------+-----+-----------+
    |acc_1_fu_46                  |   9|          2|   32|         64|
    |ap_done_int                  |   9|          2|    1|          2|
    |ap_enable_reg_pp0_iter1      |   9|          2|    1|          2|
    |ap_sig_allocacmp_acc_1_load  |   9|          2|   32|         64|
    |ap_sig_allocacmp_i_1         |   9|          2|    8|         16|
    |i_fu_50                      |   9|          2|    8|         16|
    +-----------------------------+----+-----------+-----+-----------+
    |Total                        |  54|         12|   82|        164|
    +-----------------------------+----+-----------+-----+-----------+

    * Register: 
    +----------------------------------+----+----+-----+-----------+
    |               Name               | FF | LUT| Bits| Const Bits|
    +----------------------------------+----+----+-----+-----------+
    |acc_1_fu_46                       |  32|   0|   32|          0|
    |ap_CS_fsm                         |   1|   0|    1|          0|
    |ap_done_reg                       |   1|   0|    1|          0|
    |ap_enable_reg_pp0_iter1           |   1|   0|    1|          0|
    |ap_enable_reg_pp0_iter2           |   1|   0|    1|          0|
    |ap_enable_reg_pp0_iter3           |   1|   0|    1|          0|
    |ap_enable_reg_pp0_iter4           |   1|   0|    1|          0|
    |ap_loop_exit_ready_pp0_iter1_reg  |   1|   0|    1|          0|
    |ap_loop_exit_ready_pp0_iter2_reg  |   1|   0|    1|          0|
    |ap_loop_exit_ready_pp0_iter3_reg  |   1|   0|    1|          0|
    |i_fu_50                           |   8|   0|    8|          0|
    |icmp_ln1079_reg_191               |   1|   0|    1|          0|
    |mul_reg_215                       |  32|   0|   32|          0|
    |icmp_ln1079_reg_191               |  64|  32|    1|          0|
    +----------------------------------+----+----+-----+-----------+
    |Total                             | 146|  32|   83|          0|
    +----------------------------------+----+----+-----+-----------+



================================================================
== Interface
================================================================
* Summary: 
+----------------------+-----+-----+------------+---------------------------------------+--------------+
|       RTL Ports      | Dir | Bits|  Protocol  |             Source Object             |    C Type    |
+----------------------+-----+-----+------------+---------------------------------------+--------------+
|ap_clk                |   in|    1|  ap_ctrl_hs|  output_moe_Pipeline_VITIS_LOOP_1079_2|  return value|
|ap_rst                |   in|    1|  ap_ctrl_hs|  output_moe_Pipeline_VITIS_LOOP_1079_2|  return value|
|ap_start              |   in|    1|  ap_ctrl_hs|  output_moe_Pipeline_VITIS_LOOP_1079_2|  return value|
|ap_done               |  out|    1|  ap_ctrl_hs|  output_moe_Pipeline_VITIS_LOOP_1079_2|  return value|
|ap_idle               |  out|    1|  ap_ctrl_hs|  output_moe_Pipeline_VITIS_LOOP_1079_2|  return value|
|ap_ready              |  out|    1|  ap_ctrl_hs|  output_moe_Pipeline_VITIS_LOOP_1079_2|  return value|
|grp_fu_4767_p_din0    |  out|   32|  ap_ctrl_hs|  output_moe_Pipeline_VITIS_LOOP_1079_2|  return value|
|grp_fu_4767_p_din1    |  out|   32|  ap_ctrl_hs|  output_moe_Pipeline_VITIS_LOOP_1079_2|  return value|
|grp_fu_4767_p_dout0   |   in|   32|  ap_ctrl_hs|  output_moe_Pipeline_VITIS_LOOP_1079_2|  return value|
|grp_fu_4767_p_ce      |  out|    1|  ap_ctrl_hs|  output_moe_Pipeline_VITIS_LOOP_1079_2|  return value|
|grp_fu_4771_p_din0    |  out|   32|  ap_ctrl_hs|  output_moe_Pipeline_VITIS_LOOP_1079_2|  return value|
|grp_fu_4771_p_din1    |  out|   32|  ap_ctrl_hs|  output_moe_Pipeline_VITIS_LOOP_1079_2|  return value|
|grp_fu_4771_p_opcode  |  out|    1|  ap_ctrl_hs|  output_moe_Pipeline_VITIS_LOOP_1079_2|  return value|
|grp_fu_4771_p_dout0   |   in|   32|  ap_ctrl_hs|  output_moe_Pipeline_VITIS_LOOP_1079_2|  return value|
|grp_fu_4771_p_ce      |  out|    1|  ap_ctrl_hs|  output_moe_Pipeline_VITIS_LOOP_1079_2|  return value|
|acc                   |   in|   32|     ap_none|                                    acc|        scalar|
|zext_ln1080           |   in|    9|     ap_none|                            zext_ln1080|        scalar|
|input_r_address0      |  out|    7|   ap_memory|                                input_r|         array|
|input_r_ce0           |  out|    1|   ap_memory|                                input_r|         array|
|input_r_q0            |   in|   32|   ap_memory|                                input_r|         array|
|acc_1_out             |  out|   32|      ap_vld|                              acc_1_out|       pointer|
|acc_1_out_ap_vld      |  out|    1|      ap_vld|                              acc_1_out|       pointer|
+----------------------+-----+-----+------------+---------------------------------------+--------------+

