

================================================================
== Vitis HLS Report for 'output_moe_Pipeline_VITIS_LOOP_1150_4'
================================================================
* Date:           Mon Sep 14 21:03:07 2026

* Version:        2023.2 (Build 4023990 on Oct 11 2023)
* Project:        HLS_OutputMoE_Run9
* Solution:       solution1 (Vivado IP Flow Target)
* Product family: virtexuplus
* Target device:  xcvu13p_CIV-figd2104-3-e


================================================================
== Performance Estimates
================================================================
+ Timing: 
    * Summary: 
    +--------+----------+----------+------------+
    |  Clock |  Target  | Estimated| Uncertainty|
    +--------+----------+----------+------------+
    |ap_clk  |  10.00 ns|  6.829 ns|     2.70 ns|
    +--------+----------+----------+------------+

+ Latency: 
    * Summary: 
    +---------+---------+----------+----------+-----+-----+---------+
    |  Latency (cycles) |  Latency (absolute) |  Interval | Pipeline|
    |   min   |   max   |    min   |    max   | min | max |   Type  |
    +---------+---------+----------+----------+-----+-----+---------+
    |       12|       12|  0.120 us|  0.120 us|   12|   12|       no|
    +---------+---------+----------+----------+-----+-----+---------+

    + Detail: 
        * Instance: 
        N/A

        * Loop: 
        +---------------------+---------+---------+----------+-----------+-----------+------+----------+
        |                     |  Latency (cycles) | Iteration|  Initiation Interval  | Trip |          |
        |      Loop Name      |   min   |   max   |  Latency |  achieved |   target  | Count| Pipelined|
        +---------------------+---------+---------+----------+-----------+-----------+------+----------+
        |- VITIS_LOOP_1150_4  |       10|       10|         8|          1|          1|     4|       yes|
        +---------------------+---------+---------+----------+-----------+-----------+------+----------+



================================================================
== Utilization Estimates
================================================================
* Summary: 
+---------------------+---------+-------+---------+---------+------+
|         Name        | BRAM_18K|  DSP  |    FF   |   LUT   | URAM |
+---------------------+---------+-------+---------+---------+------+
|DSP                  |        -|      -|        -|        -|     -|
|Expression           |        -|      -|        0|       24|     -|
|FIFO                 |        -|      -|        -|        -|     -|
|Instance             |        -|      7|      140|      757|     -|
|Memory               |        -|      -|        -|        -|     -|
|Multiplexer          |        -|      -|        -|       54|     -|
|Register             |        -|      -|      245|       64|     -|
+---------------------+---------+-------+---------+---------+------+
|Total                |        0|      7|      385|      899|     0|
+---------------------+---------+-------+---------+---------+------+
|Available SLR        |     1344|   3072|   864000|   432000|   320|
+---------------------+---------+-------+---------+---------+------+
|Utilization SLR (%)  |        0|     ~0|       ~0|       ~0|     0|
+---------------------+---------+-------+---------+---------+------+
|Available            |     5376|  12288|  3456000|  1728000|  1280|
+---------------------+---------+-------+---------+---------+------+
|Utilization (%)      |        0|     ~0|       ~0|       ~0|     0|
+---------------------+---------+-------+---------+---------+------+

+ Detail: 
    * Instance: 
    +------------------------------------+--------------------------------+---------+----+-----+-----+-----+
    |              Instance              |             Module             | BRAM_18K| DSP|  FF | LUT | URAM|
    +------------------------------------+--------------------------------+---------+----+-----+-----+-----+
    |fexp_32ns_32ns_32_4_full_dsp_1_U19  |fexp_32ns_32ns_32_4_full_dsp_1  |        0|   7|  140|  737|    0|
    |sparsemux_9_2_32_1_1_U20            |sparsemux_9_2_32_1_1            |        0|   0|    0|   20|    0|
    +------------------------------------+--------------------------------+---------+----+-----+-----+-----+
    |Total                               |                                |        0|   7|  140|  757|    0|
    +------------------------------------+--------------------------------+---------+----+-----+-----+-----+

    * DSP: 
    N/A

    * Memory: 
    N/A

    * FIFO: 
    N/A

    * Expression: 
    +-----------------------+----------+----+---+----+------------+------------+
    |     Variable Name     | Operation| DSP| FF| LUT| Bitwidth P0| Bitwidth P1|
    +-----------------------+----------+----+---+----+------------+------------+
    |add_ln1150_fu_172_p2   |         +|   0|  0|  10|           3|           1|
    |icmp_ln1150_fu_166_p2  |      icmp|   0|  0|  12|           3|           4|
    |ap_enable_pp0          |       xor|   0|  0|   2|           1|           2|
    +-----------------------+----------+----+---+----+------------+------------+
    |Total                  |          |   0|  0|  24|           7|           7|
    +-----------------------+----------+----+---+----+------------+------------+

    * Multiplexer: 
    +-------------------------------+----+-----------+-----+-----------+
    |              Name             | LUT| Input Size| Bits| Total Bits|
    +-------------------------------+----+-----------+-----+-----------+
    |ap_done_int                    |   9|          2|    1|          2|
    |ap_enable_reg_pp0_iter1        |   9|          2|    1|          2|
    |ap_sig_allocacmp_e_2           |   9|          2|    3|          6|
    |ap_sig_allocacmp_exp_sum_load  |   9|          2|   32|         64|
    |e_fu_70                        |   9|          2|    3|          6|
    |exp_sum_fu_66                  |   9|          2|   32|         64|
    +-------------------------------+----+-----------+-----+-----------+
    |Total                          |  54|         12|   72|        144|
    +-------------------------------+----+-----------+-----+-----------+

    * Register: 
    +----------------------------------+----+----+-----+-----------+
    |               Name               | FF | LUT| Bits| Const Bits|
    +----------------------------------+----+----+-----+-----------+
    |ap_CS_fsm                         |   1|   0|    1|          0|
    |ap_done_reg                       |   1|   0|    1|          0|
    |ap_enable_reg_pp0_iter1           |   1|   0|    1|          0|
    |ap_enable_reg_pp0_iter2           |   1|   0|    1|          0|
    |ap_enable_reg_pp0_iter3           |   1|   0|    1|          0|
    |ap_enable_reg_pp0_iter4           |   1|   0|    1|          0|
    |ap_enable_reg_pp0_iter5           |   1|   0|    1|          0|
    |ap_enable_reg_pp0_iter6           |   1|   0|    1|          0|
    |ap_enable_reg_pp0_iter7           |   1|   0|    1|          0|
    |ap_loop_exit_ready_pp0_iter1_reg  |   1|   0|    1|          0|
    |ap_loop_exit_ready_pp0_iter2_reg  |   1|   0|    1|          0|
    |ap_loop_exit_ready_pp0_iter3_reg  |   1|   0|    1|          0|
    |ap_loop_exit_ready_pp0_iter4_reg  |   1|   0|    1|          0|
    |ap_loop_exit_ready_pp0_iter5_reg  |   1|   0|    1|          0|
    |ap_loop_exit_ready_pp0_iter6_reg  |   1|   0|    1|          0|
    |e_fu_70                           |   3|   0|    3|          0|
    |exp_sum_fu_66                     |  32|   0|   32|          0|
    |icmp_ln1150_reg_253               |   1|   0|    1|          0|
    |sub_reg_266                       |  32|   0|   32|          0|
    |tmp_1_reg_271                     |  32|   0|   32|          0|
    |trunc_ln1150_reg_257              |   2|   0|    2|          0|
    |icmp_ln1150_reg_253               |  64|  32|    1|          0|
    |trunc_ln1150_reg_257              |  64|  32|    2|          0|
    +----------------------------------+----+----+-----+-----------+
    |Total                             | 245|  64|  120|          0|
    +----------------------------------+----+----+-----+-----------+



================================================================
== Interface
================================================================
* Summary: 
+----------------------+-----+-----+------------+---------------------------------------+--------------+
|       RTL Ports      | Dir | Bits|  Protocol  |             Source Object             |    C Type    |
+----------------------+-----+-----+------------+---------------------------------------+--------------+
|ap_clk                |   in|    1|  ap_ctrl_hs|  output_moe_Pipeline_VITIS_LOOP_1150_4|  return value|
|ap_rst                |   in|    1|  ap_ctrl_hs|  output_moe_Pipeline_VITIS_LOOP_1150_4|  return value|
|ap_start              |   in|    1|  ap_ctrl_hs|  output_moe_Pipeline_VITIS_LOOP_1150_4|  return value|
|ap_done               |  out|    1|  ap_ctrl_hs|  output_moe_Pipeline_VITIS_LOOP_1150_4|  return value|
|ap_idle               |  out|    1|  ap_ctrl_hs|  output_moe_Pipeline_VITIS_LOOP_1150_4|  return value|
|ap_ready              |  out|    1|  ap_ctrl_hs|  output_moe_Pipeline_VITIS_LOOP_1150_4|  return value|
|grp_fu_4771_p_din0    |  out|   32|  ap_ctrl_hs|  output_moe_Pipeline_VITIS_LOOP_1150_4|  return value|
|grp_fu_4771_p_din1    |  out|   32|  ap_ctrl_hs|  output_moe_Pipeline_VITIS_LOOP_1150_4|  return value|
|grp_fu_4771_p_opcode  |  out|    1|  ap_ctrl_hs|  output_moe_Pipeline_VITIS_LOOP_1150_4|  return value|
|grp_fu_4771_p_dout0   |   in|   32|  ap_ctrl_hs|  output_moe_Pipeline_VITIS_LOOP_1150_4|  return value|
|grp_fu_4771_p_ce      |  out|    1|  ap_ctrl_hs|  output_moe_Pipeline_VITIS_LOOP_1150_4|  return value|
|grp_fu_4775_p_din0    |  out|   32|  ap_ctrl_hs|  output_moe_Pipeline_VITIS_LOOP_1150_4|  return value|
|grp_fu_4775_p_din1    |  out|   32|  ap_ctrl_hs|  output_moe_Pipeline_VITIS_LOOP_1150_4|  return value|
|grp_fu_4775_p_opcode  |  out|    2|  ap_ctrl_hs|  output_moe_Pipeline_VITIS_LOOP_1150_4|  return value|
|grp_fu_4775_p_dout0   |   in|   32|  ap_ctrl_hs|  output_moe_Pipeline_VITIS_LOOP_1150_4|  return value|
|grp_fu_4775_p_ce      |  out|    1|  ap_ctrl_hs|  output_moe_Pipeline_VITIS_LOOP_1150_4|  return value|
|gates_0               |  out|   32|      ap_vld|                                gates_0|       pointer|
|gates_0_ap_vld        |  out|    1|      ap_vld|                                gates_0|       pointer|
|gates_3               |  out|   32|      ap_vld|                                gates_3|       pointer|
|gates_3_ap_vld        |  out|    1|      ap_vld|                                gates_3|       pointer|
|gates_2               |  out|   32|      ap_vld|                                gates_2|       pointer|
|gates_2_ap_vld        |  out|    1|      ap_vld|                                gates_2|       pointer|
|gates_1               |  out|   32|      ap_vld|                                gates_1|       pointer|
|gates_1_ap_vld        |  out|    1|      ap_vld|                                gates_1|       pointer|
|empty                 |   in|   32|     ap_none|                                  empty|        scalar|
|mux_case_11           |   in|   32|     ap_none|                            mux_case_11|        scalar|
|mux_case_25           |   in|   32|     ap_none|                            mux_case_25|        scalar|
|mux_case_310          |   in|   32|     ap_none|                           mux_case_310|        scalar|
|max_logit_reload      |   in|   32|     ap_none|                       max_logit_reload|        scalar|
|exp_sum_out           |  out|   32|      ap_vld|                            exp_sum_out|       pointer|
|exp_sum_out_ap_vld    |  out|    1|      ap_vld|                            exp_sum_out|       pointer|
+----------------------+-----+-----+------------+---------------------------------------+--------------+

