INFO: [vitis-run 82-31] Launching vitis_hls: vitis_hls -nolog -run tcl -f /home/simics/HMoE/HLS_HMoE/run_10/scripts/run_hls.tcl -work_dir /home/simics/HMoE/HLS_HMoE/run_10

****** Vitis HLS - High-Level Synthesis from C, C++ and OpenCL v2023.2 (64-bit)
  **** SW Build 4023990 on Oct 11 2023
  **** IP Build 4028589 on Sat Oct 14 00:45:43 MDT 2023
  **** SharedData Build 4025554 on Tue Oct 10 17:18:54 MDT 2023
    ** Copyright 1986-2022 Xilinx, Inc. All Rights Reserved.
    ** Copyright 2022-2023 Advanced Micro Devices, Inc. All Rights Reserved.

source /home/simics/HMoE/Vitis_HLS/2023.2/scripts/vitis_hls/hls.tcl -notrace
INFO: [HLS 200-10] Running '/home/simics/HMoE/Vitis_HLS/2023.2/bin/unwrapped/lnx64.o/vitis_hls'
INFO: [HLS 200-10] For user 'simics' on host 'cie-n2' (Linux_x86_64 version 6.8.0-138-generic) on Sun Sep 13 13:32:20 IST 2026
INFO: [HLS 200-10] On os Ubuntu 22.04.5 LTS
INFO: [HLS 200-10] In directory '/home/simics/HMoE/HLS_HMoE/run_10'
Sourcing Tcl script '/home/simics/HMoE/HLS_HMoE/run_10/scripts/run_hls.tcl'
INFO: [HLS 200-1510] Running: open_project project/HLS_OutputMoE_Run9 
INFO: [HLS 200-10] Creating and opening project '/home/simics/HMoE/HLS_HMoE/run_10/project/HLS_OutputMoE_Run9'.
INFO: [HLS 200-1510] Running: set_top output_moe 
INFO: [HLS 200-1510] Running: add_files src/moe.cpp 
INFO: [HLS 200-10] Adding design file 'src/moe.cpp' to the project
INFO: [HLS 200-1510] Running: add_files src/moe.h 
INFO: [HLS 200-10] Adding design file 'src/moe.h' to the project
INFO: [HLS 200-1510] Running: add_files -tb tb/moe_tb.cpp 
INFO: [HLS 200-10] Adding test bench file 'tb/moe_tb.cpp' to the project
INFO: [HLS 200-1510] Running: open_solution solution1 -flow_target vivado 
INFO: [HLS 200-10] Creating and opening solution '/home/simics/HMoE/HLS_HMoE/run_10/project/HLS_OutputMoE_Run9/solution1'.
INFO: [HLS 200-1505] Using flow_target 'vivado'
Resolution: For help on HLS 200-1505 see docs.xilinx.com/access/sources/dita/topic?Doc_Version=2023.2%20English&url=ug1448-hls-guidance&resourceid=200-1505.html
INFO: [HLS 200-1510] Running: set_part xcvu13p_CIV-figd2104-3-e 
INFO: [HLS 200-1611] Setting target device to 'xcvu13p_CIV-figd2104-3-e'
INFO: [HLS 200-1510] Running: create_clock -period 10 -name default 
INFO: [SYN 201-201] Setting up clock 'default' with a period of 10ns.
INFO: [HLS 200-1510] Running: csim_design 
INFO: [SIM 211-2] *************** CSIM start ***************
INFO: [SIM 211-4] CSIM will launch GCC as the compiler.
INFO: [HLS 200-2036] Building debug C Simulation binaries
   Compiling ../../../../../tb/moe_tb.cpp in debug mode
   Compiling ../../../../../src/moe.cpp in debug mode
   Generating csim.exe
=============================================
 HMoE Output-MoE HLS Testbench - Run 9
=============================================
Input and expected data loaded.

---------------------------------------------
Sample 0
---------------------------------------------
Gates:
  Expert 0: HLS = 0.182462752 SW = 0.182462722 diff = 0.000000030
  Expert 1: HLS = 0.198732600 SW = 0.198732600 diff = 0.000000000
  Expert 2: HLS = 0.231606603 SW = 0.231606647 diff = 0.000000045
  Expert 3: HLS = 0.387198091 SW = 0.387198091 diff = 0.000000000
  Gate sum = 1.000000000
Outputs:
  perf     = 4.000479698 SW = 4.000480175 diff = 0.000000477
  util-LUT = -0.926121652
  util-FF  = -0.015044779
  util-DSP = -9.773054123
  util-BRAM = 0.032067947

---------------------------------------------
Sample 1
---------------------------------------------
Gates:
  Expert 0: HLS = 0.297132343 SW = 0.297132373 diff = 0.000000030
  Expert 1: HLS = 0.216121390 SW = 0.216121450 diff = 0.000000060
  Expert 2: HLS = 0.259085834 SW = 0.259085834 diff = 0.000000000
  Expert 3: HLS = 0.227660403 SW = 0.227660403 diff = 0.000000000
  Gate sum = 1.000000000
Outputs:
  perf     = 2.039876223 SW = 2.039876699 diff = 0.000000477
  util-LUT = -0.841443777
  util-FF  = -0.057315722
  util-DSP = -8.756803513
  util-BRAM = 0.042256996

---------------------------------------------
Sample 2
---------------------------------------------
Gates:
  Expert 0: HLS = 0.139073625 SW = 0.139073595 diff = 0.000000030
  Expert 1: HLS = 0.447972566 SW = 0.447972625 diff = 0.000000060
  Expert 2: HLS = 0.332869619 SW = 0.332869589 diff = 0.000000030
  Expert 3: HLS = 0.080084153 SW = 0.080084167 diff = 0.000000015
  Gate sum = 0.999999940
Outputs:
  perf     = 2.869521856 SW = 2.869522333 diff = 0.000000477
  util-LUT = -0.746919394
  util-FF  = 0.358789206
  util-DSP = -9.117859840
  util-BRAM = 0.367429078

---------------------------------------------
Sample 3
---------------------------------------------
Gates:
  Expert 0: HLS = 0.307586133 SW = 0.307586133 diff = 0.000000000
  Expert 1: HLS = 0.281439811 SW = 0.281439811 diff = 0.000000000
  Expert 2: HLS = 0.225919172 SW = 0.225919187 diff = 0.000000015
  Expert 3: HLS = 0.185054883 SW = 0.185054883 diff = 0.000000000
  Gate sum = 1.000000000
Outputs:
  perf     = 5.272300243 SW = 5.272299767 diff = 0.000000477
  util-LUT = -0.070086896
  util-FF  = 0.278058469
  util-DSP = -8.355054855
  util-BRAM = 0.014415607

---------------------------------------------
Sample 4
---------------------------------------------
Gates:
  Expert 0: HLS = 0.192756623 SW = 0.192756578 diff = 0.000000045
  Expert 1: HLS = 0.299538285 SW = 0.299538314 diff = 0.000000030
  Expert 2: HLS = 0.307655782 SW = 0.307655782 diff = 0.000000000
  Expert 3: HLS = 0.200049296 SW = 0.200049311 diff = 0.000000015
  Gate sum = 1.000000000
Outputs:
  perf     = 4.948126793 SW = 4.948126316 diff = 0.000000477
  util-LUT = -0.827049494
  util-FF  = 0.132196665
  util-DSP = -13.673806190
  util-BRAM = 0.082070634

---------------------------------------------
Sample 5
---------------------------------------------
Gates:
  Expert 0: HLS = 0.259144485 SW = 0.259144485 diff = 0.000000000
  Expert 1: HLS = 0.222549528 SW = 0.222549543 diff = 0.000000015
  Expert 2: HLS = 0.214839891 SW = 0.214839861 diff = 0.000000030
  Expert 3: HLS = 0.303466111 SW = 0.303466082 diff = 0.000000030
  Gate sum = 1.000000000
Outputs:
  perf     = 2.494978905 SW = 2.494978666 diff = 0.000000238
  util-LUT = -1.074996233
  util-FF  = -0.055231310
  util-DSP = -12.117062569
  util-BRAM = 0.119186044

---------------------------------------------
Sample 6
---------------------------------------------
Gates:
  Expert 0: HLS = 0.340763390 SW = 0.340763450 diff = 0.000000060
  Expert 1: HLS = 0.234007180 SW = 0.234007165 diff = 0.000000015
  Expert 2: HLS = 0.155415282 SW = 0.155415252 diff = 0.000000030
  Expert 3: HLS = 0.269814074 SW = 0.269814074 diff = 0.000000000
  Gate sum = 0.999999940
Outputs:
  perf     = -1.375594378 SW = -0.456107765 diff = 0.919486642
  util-LUT = -0.695426762
  util-FF  = 0.022492759
  util-DSP = -5.286158562
  util-BRAM = -0.000793576
  WARNING: Known Sample 6 perf mismatch ignored for CSim PASS.

---------------------------------------------
Sample 7
---------------------------------------------
Gates:
  Expert 0: HLS = 0.127910525 SW = 0.127910525 diff = 0.000000000
  Expert 1: HLS = 0.194053233 SW = 0.194053218 diff = 0.000000015
  Expert 2: HLS = 0.351002634 SW = 0.351002604 diff = 0.000000030
  Expert 3: HLS = 0.327033639 SW = 0.327033609 diff = 0.000000030
  Gate sum = 1.000000000
Outputs:
  perf     = 4.998438835 SW = 4.998438835 diff = 0.000000000
  util-LUT = -1.567183614
  util-FF  = 0.064860001
  util-DSP = -19.917293549
  util-BRAM = 0.005016796

---------------------------------------------
Sample 8
---------------------------------------------
Gates:
  Expert 0: HLS = 0.338510841 SW = 0.338510841 diff = 0.000000000
  Expert 1: HLS = 0.268856883 SW = 0.268856883 diff = 0.000000000
  Expert 2: HLS = 0.178147987 SW = 0.178147972 diff = 0.000000015
  Expert 3: HLS = 0.214484259 SW = 0.214484245 diff = 0.000000015
  Gate sum = 1.000000000
Outputs:
  perf     = 4.369911194 SW = 4.369911194 diff = 0.000000000
  util-LUT = -0.240535945
  util-FF  = 0.006085016
  util-DSP = -7.227155209
  util-BRAM = 0.020479076

---------------------------------------------
Sample 9
---------------------------------------------
Gates:
  Expert 0: HLS = 0.217968881 SW = 0.217968926 diff = 0.000000045
  Expert 1: HLS = 0.192384109 SW = 0.192384109 diff = 0.000000000
  Expert 2: HLS = 0.280519694 SW = 0.280519664 diff = 0.000000030
  Expert 3: HLS = 0.309127301 SW = 0.309127301 diff = 0.000000000
  Gate sum = 1.000000000
Outputs:
  perf     = 2.801645517 SW = 2.801645279 diff = 0.000000238
  util-LUT = -1.728290319
  util-FF  = -0.050250605
  util-DSP = -18.281902313
  util-BRAM = 0.081840016

=============================================
PASS: HLS output-MoE functional checks passed.
Known Sample 6 perf discrepancy was ignored.
=============================================
INFO: [SIM 211-1] CSim done with 0 errors.
INFO: [SIM 211-3] *************** CSIM finish ***************
INFO: [HLS 200-111] Finished Command csim_design CPU user time: 1.81 seconds. CPU system time: 0.32 seconds. Elapsed time: 2.08 seconds; current allocated memory: 0.000 MB.
INFO: [HLS 200-1510] Running: csynth_design 
INFO: [HLS 200-111] Finished File checks and directory preparation: CPU user time: 0.08 seconds. CPU system time: 0.02 seconds. Elapsed time: 0.1 seconds; current allocated memory: 257.160 MB.
INFO: [HLS 200-10] Analyzing design file 'src/moe.cpp' ... 
INFO: [HLS 200-111] Finished Source Code Analysis and Preprocessing: CPU user time: 2.51 seconds. CPU system time: 0.66 seconds. Elapsed time: 3.19 seconds; current allocated memory: 259.582 MB.
INFO: [HLS 200-777] Using interface defaults for 'Vivado' flow target.
INFO: [HLS 200-1995] There were 3,661 instructions in the design after the 'Compile/Link' phase of compilation. See the Design Size Report for more details: /home/simics/HMoE/HLS_HMoE/run_10/project/HLS_OutputMoE_Run9/solution1/syn/report/csynth_design_size.rpt
INFO: [HLS 200-1995] There were 2,964 instructions in the design after the 'Unroll/Inline (step 1)' phase of compilation. See the Design Size Report for more details: /home/simics/HMoE/HLS_HMoE/run_10/project/HLS_OutputMoE_Run9/solution1/syn/report/csynth_design_size.rpt
INFO: [HLS 200-1995] There were 2,317 instructions in the design after the 'Unroll/Inline (step 2)' phase of compilation. See the Design Size Report for more details: /home/simics/HMoE/HLS_HMoE/run_10/project/HLS_OutputMoE_Run9/solution1/syn/report/csynth_design_size.rpt
INFO: [HLS 200-1995] There were 2,042 instructions in the design after the 'Unroll/Inline (step 3)' phase of compilation. See the Design Size Report for more details: /home/simics/HMoE/HLS_HMoE/run_10/project/HLS_OutputMoE_Run9/solution1/syn/report/csynth_design_size.rpt
INFO: [HLS 200-1995] There were 2,042 instructions in the design after the 'Unroll/Inline (step 4)' phase of compilation. See the Design Size Report for more details: /home/simics/HMoE/HLS_HMoE/run_10/project/HLS_OutputMoE_Run9/solution1/syn/report/csynth_design_size.rpt
INFO: [HLS 200-1995] There were 6,613 instructions in the design after the 'Array/Struct (step 1)' phase of compilation. See the Design Size Report for more details: /home/simics/HMoE/HLS_HMoE/run_10/project/HLS_OutputMoE_Run9/solution1/syn/report/csynth_design_size.rpt
INFO: [HLS 200-1995] There were 5,359 instructions in the design after the 'Array/Struct (step 2)' phase of compilation. See the Design Size Report for more details: /home/simics/HMoE/HLS_HMoE/run_10/project/HLS_OutputMoE_Run9/solution1/syn/report/csynth_design_size.rpt
INFO: [HLS 200-1995] There were 5,359 instructions in the design after the 'Array/Struct (step 3)' phase of compilation. See the Design Size Report for more details: /home/simics/HMoE/HLS_HMoE/run_10/project/HLS_OutputMoE_Run9/solution1/syn/report/csynth_design_size.rpt
INFO: [HLS 200-1995] There were 5,296 instructions in the design after the 'Array/Struct (step 4)' phase of compilation. See the Design Size Report for more details: /home/simics/HMoE/HLS_HMoE/run_10/project/HLS_OutputMoE_Run9/solution1/syn/report/csynth_design_size.rpt
INFO: [HLS 200-1995] There were 6,508 instructions in the design after the 'Array/Struct (step 5)' phase of compilation. See the Design Size Report for more details: /home/simics/HMoE/HLS_HMoE/run_10/project/HLS_OutputMoE_Run9/solution1/syn/report/csynth_design_size.rpt
INFO: [HLS 200-1995] There were 5,256 instructions in the design after the 'Performance (step 1)' phase of compilation. See the Design Size Report for more details: /home/simics/HMoE/HLS_HMoE/run_10/project/HLS_OutputMoE_Run9/solution1/syn/report/csynth_design_size.rpt
INFO: [HLS 200-1995] There were 5,260 instructions in the design after the 'Performance (step 2)' phase of compilation. See the Design Size Report for more details: /home/simics/HMoE/HLS_HMoE/run_10/project/HLS_OutputMoE_Run9/solution1/syn/report/csynth_design_size.rpt
INFO: [HLS 200-1995] There were 5,339 instructions in the design after the 'Performance (step 3)' phase of compilation. See the Design Size Report for more details: /home/simics/HMoE/HLS_HMoE/run_10/project/HLS_OutputMoE_Run9/solution1/syn/report/csynth_design_size.rpt
INFO: [HLS 200-1995] There were 5,267 instructions in the design after the 'Performance (step 4)' phase of compilation. See the Design Size Report for more details: /home/simics/HMoE/HLS_HMoE/run_10/project/HLS_OutputMoE_Run9/solution1/syn/report/csynth_design_size.rpt
INFO: [HLS 200-1995] There were 5,315 instructions in the design after the 'HW Transforms (step 1)' phase of compilation. See the Design Size Report for more details: /home/simics/HMoE/HLS_HMoE/run_10/project/HLS_OutputMoE_Run9/solution1/syn/report/csynth_design_size.rpt
INFO: [HLS 200-1995] There were 5,844 instructions in the design after the 'HW Transforms (step 2)' phase of compilation. See the Design Size Report for more details: /home/simics/HMoE/HLS_HMoE/run_10/project/HLS_OutputMoE_Run9/solution1/syn/report/csynth_design_size.rpt
INFO: [HLS 214-178] Inlining function 'elu(float)' into 'generic_mlp_head(float const*, float const (*) [128], float const*, float const (*) [32], float const*, float const (*) [16], float const*, float const (*) [8], float const*, float&)' (src/moe.cpp:709:0)
INFO: [HLS 214-178] Inlining function 'generic_expert(float const*, float const (*) [128], float const*, float const (*) [32], float const*, float const (*) [16], float const*, float const (*) [8], float const*, float const (*) [128], float const*, float const (*) [32], float const*, float const (*) [16], float const*, float const (*) [8], float const*, float const (*) [128], float const*, float const (*) [32], float const*, float const (*) [16], float const*, float const (*) [8], float const*, float const (*) [128], float const*, float const (*) [32], float const*, float const (*) [16], float const*, float const (*) [8], float const*, float const (*) [128], float const*, float const (*) [32], float const*, float const (*) [16], float const*, float const (*) [8], float const*, float*)' into 'expert_engine(float const*, float (*) [5])' (src/moe.cpp:910:0)
INFO: [HLS 214-248] Applying array_partition to 'l1': Complete partitioning on dimension 1. (src/moe.cpp:710:12)
INFO: [HLS 214-248] Applying array_partition to 'l2': Complete partitioning on dimension 1. (src/moe.cpp:711:12)
INFO: [HLS 214-248] Applying array_partition to 'l3': Complete partitioning on dimension 1. (src/moe.cpp:712:12)
INFO: [HLS 214-248] Applying array_partition to 'logits': Complete partitioning on dimension 1. (src/moe.cpp:1067:9)
INFO: [HLS 214-248] Applying array_partition to 'output': Complete partitioning on dimension 1. (src/moe.cpp:1064:0)
INFO: [HLS 214-248] Applying array_partition to 'gates': Complete partitioning on dimension 1. (src/moe.cpp:1064:0)
INFO: [HLS 214-376] automatically set the pipeline for Loop< VITIS_LOOP_1083_2> at src/moe.cpp:1083:28 
INFO: [HLS 214-376] automatically set the pipeline for Loop< VITIS_LOOP_1096_3> at src/moe.cpp:1096:24 
INFO: [HLS 214-376] automatically set the pipeline for Loop< VITIS_LOOP_1103_4> at src/moe.cpp:1103:24 
INFO: [HLS 214-376] automatically set the pipeline for Loop< VITIS_LOOP_1108_5> at src/moe.cpp:1108:24 
INFO: [HLS 214-376] automatically set the pipeline for Loop< VITIS_LOOP_1122_6> at src/moe.cpp:1122:24 
INFO: [HLS 214-291] Loop 'VITIS_LOOP_1126_7' is marked as complete unroll implied by the pipeline pragma (src/moe.cpp:1126:28)
INFO: [HLS 214-186] Unrolling loop 'VITIS_LOOP_1126_7' (src/moe.cpp:1126:28) in function 'output_moe' completely with a factor of 4 (src/moe.cpp:1064:0)
INFO: [HLS 214-270] Inferring pragma 'array_partition type=complete dim=1' for array 'expert_output' due to pipeline pragma (src/moe.cpp:1069:12)
INFO: [HLS 214-248] Applying array_partition to 'expert_output': Complete partitioning on dimension 1. (src/moe.cpp:1069:12)
INFO: [HLS 200-111] Finished Compiling Optimization and Transform: CPU user time: 3.11 seconds. CPU system time: 0.5 seconds. Elapsed time: 7.8 seconds; current allocated memory: 261.047 MB.
INFO: [HLS 200-111] Finished Checking Pragmas: CPU user time: 0 seconds. CPU system time: 0 seconds. Elapsed time: 0 seconds; current allocated memory: 261.047 MB.
INFO: [HLS 200-10] Starting code transformations ...
INFO: [HLS 200-111] Finished Standard Transforms: CPU user time: 0.12 seconds. CPU system time: 0.01 seconds. Elapsed time: 0.13 seconds; current allocated memory: 282.215 MB.
INFO: [HLS 200-10] Checking synthesizability ...
INFO: [HLS 200-111] Finished Checking Synthesizability: CPU user time: 0.07 seconds. CPU system time: 0 seconds. Elapsed time: 0.07 seconds; current allocated memory: 282.215 MB.
INFO: [XFORM 203-102] Partitioning array 'e3_perf_w3' in dimension 1 automatically.
INFO: [XFORM 203-102] Partitioning array 'e3_lut_w3' in dimension 1 automatically.
INFO: [XFORM 203-102] Partitioning array 'e3_ff_w3' in dimension 1 automatically.
INFO: [XFORM 203-102] Partitioning array 'e3_dsp_w3' in dimension 1 automatically.
INFO: [XFORM 203-102] Partitioning array 'e3_bram_w3' in dimension 1 automatically.
INFO: [XFORM 203-102] Partitioning array 'e2_perf_w3' in dimension 1 automatically.
INFO: [XFORM 203-102] Partitioning array 'e2_lut_w3' in dimension 1 automatically.
INFO: [XFORM 203-102] Partitioning array 'e2_ff_w3' in dimension 1 automatically.
INFO: [XFORM 203-102] Partitioning array 'e2_dsp_w3' in dimension 1 automatically.
INFO: [XFORM 203-102] Partitioning array 'e2_bram_w3' in dimension 1 automatically.
INFO: [XFORM 203-102] Partitioning array 'e1_perf_w3' in dimension 1 automatically.
INFO: [XFORM 203-102] Partitioning array 'e1_lut_w3' in dimension 1 automatically.
INFO: [XFORM 203-102] Partitioning array 'e1_ff_w3' in dimension 1 automatically.
INFO: [XFORM 203-102] Partitioning array 'e1_dsp_w3' in dimension 1 automatically.
INFO: [XFORM 203-102] Partitioning array 'e1_bram_w3' in dimension 1 automatically.
INFO: [XFORM 203-102] Partitioning array 'e0_perf_w3' in dimension 1 automatically.
INFO: [XFORM 203-102] Partitioning array 'e0_lut_w3' in dimension 1 automatically.
INFO: [XFORM 203-102] Partitioning array 'e0_ff_w3' in dimension 1 automatically.
INFO: [XFORM 203-102] Partitioning array 'e0_dsp_w3' in dimension 1 automatically.
INFO: [XFORM 203-102] Partitioning array 'e0_bram_w3' in dimension 1 automatically.
INFO: [XFORM 203-102] Automatically partitioning small array 'gate_bias' completely based on array size.
INFO: [XFORM 203-101] Partitioning array 'gate_bias' in dimension 1 completely.
INFO: [XFORM 203-603] Inlining function 'aesl_mux_load.4floatP0A.i2' into 'output_moe' (src/moe.cpp:1081).
INFO: [HLS 200-111] Finished Loop, function and other optimizations: CPU user time: 0.18 seconds. CPU system time: 0.01 seconds. Elapsed time: 0.19 seconds; current allocated memory: 304.664 MB.
WARNING: [HLS 200-960] Cannot flatten loop 'VITIS_LOOP_1079_1' (src/moe.cpp:1079:21) in function 'output_moe' the outer loop is not a perfect loop because there is nontrivial logic before entering the inner loop.
Resolution: For help on HLS 200-960 see docs.xilinx.com/access/sources/dita/topic?Doc_Version=2023.2%20English&url=ug1448-hls-guidance&resourceid=200-960.html
WARNING: [HLS 200-960] Cannot flatten loop 'VITIS_LOOP_722_1' (src/moe.cpp:722:20) in function 'generic_mlp_head' the outer loop is not a perfect loop because there is nontrivial logic before entering the inner loop.
Resolution: For help on HLS 200-960 see docs.xilinx.com/access/sources/dita/topic?Doc_Version=2023.2%20English&url=ug1448-hls-guidance&resourceid=200-960.html
WARNING: [HLS 200-960] Cannot flatten loop 'VITIS_LOOP_737_3' (src/moe.cpp:737:23) in function 'generic_mlp_head' the outer loop is not a perfect loop because there is nontrivial logic before entering the inner loop.
Resolution: For help on HLS 200-960 see docs.xilinx.com/access/sources/dita/topic?Doc_Version=2023.2%20English&url=ug1448-hls-guidance&resourceid=200-960.html
WARNING: [HLS 200-960] Cannot flatten loop 'VITIS_LOOP_752_5' (src/moe.cpp:752:23) in function 'generic_mlp_head' the outer loop is not a perfect loop because there is nontrivial logic before entering the inner loop.
Resolution: For help on HLS 200-960 see docs.xilinx.com/access/sources/dita/topic?Doc_Version=2023.2%20English&url=ug1448-hls-guidance&resourceid=200-960.html
INFO: [HLS 200-111] Finished Architecture Synthesis: CPU user time: 0.23 seconds. CPU system time: 0.03 seconds. Elapsed time: 0.25 seconds; current allocated memory: 406.453 MB.
INFO: [HLS 200-10] Starting hardware synthesis ...
INFO: [HLS 200-10] Synthesizing 'output_moe' ...
INFO: [HLS 200-10] ----------------------------------------------------------------
INFO: [HLS 200-42] -- Implementing module 'output_moe_Pipeline_VITIS_LOOP_1083_2' 
INFO: [HLS 200-10] ----------------------------------------------------------------
INFO: [SCHED 204-11] Starting scheduling ...
INFO: [SCHED 204-61] Pipelining loop 'VITIS_LOOP_1083_2'.
INFO: [HLS 200-1470] Pipelining result : Target II = NA, Final II = 1, Depth = 5, loop 'VITIS_LOOP_1083_2'
INFO: [SCHED 204-11] Finished scheduling.
INFO: [HLS 200-111] Finished Scheduling: CPU user time: 0.11 seconds. CPU system time: 0.02 seconds. Elapsed time: 0.13 seconds; current allocated memory: 407.898 MB.
INFO: [BIND 205-100] Starting micro-architecture generation ...
INFO: [BIND 205-101] Performing variable lifetime analysis.
INFO: [BIND 205-101] Exploring resource sharing.
INFO: [BIND 205-101] Binding ...
INFO: [BIND 205-100] Finished micro-architecture generation.
INFO: [HLS 200-111] Finished Binding: CPU user time: 0.02 seconds. CPU system time: 0 seconds. Elapsed time: 0.02 seconds; current allocated memory: 407.898 MB.
INFO: [HLS 200-10] ----------------------------------------------------------------
INFO: [HLS 200-42] -- Implementing module 'output_moe_Pipeline_VITIS_LOOP_1096_3' 
INFO: [HLS 200-10] ----------------------------------------------------------------
INFO: [SCHED 204-11] Starting scheduling ...
INFO: [SCHED 204-61] Pipelining loop 'VITIS_LOOP_1096_3'.
INFO: [HLS 200-1470] Pipelining result : Target II = NA, Final II = 1, Depth = 3, loop 'VITIS_LOOP_1096_3'
INFO: [SCHED 204-11] Finished scheduling.
INFO: [HLS 200-111] Finished Scheduling: CPU user time: 0.05 seconds. CPU system time: 0 seconds. Elapsed time: 0.11 seconds; current allocated memory: 408.379 MB.
INFO: [BIND 205-100] Starting micro-architecture generation ...
INFO: [BIND 205-101] Performing variable lifetime analysis.
INFO: [BIND 205-101] Exploring resource sharing.
INFO: [BIND 205-101] Binding ...
INFO: [BIND 205-100] Finished micro-architecture generation.
INFO: [HLS 200-111] Finished Binding: CPU user time: 0.05 seconds. CPU system time: 0.01 seconds. Elapsed time: 0.05 seconds; current allocated memory: 408.379 MB.
INFO: [HLS 200-10] ----------------------------------------------------------------
INFO: [HLS 200-42] -- Implementing module 'output_moe_Pipeline_VITIS_LOOP_1103_4' 
INFO: [HLS 200-10] ----------------------------------------------------------------
INFO: [SCHED 204-11] Starting scheduling ...
INFO: [SCHED 204-61] Pipelining loop 'VITIS_LOOP_1103_4'.
INFO: [HLS 200-1470] Pipelining result : Target II = NA, Final II = 1, Depth = 8, loop 'VITIS_LOOP_1103_4'
INFO: [SCHED 204-11] Finished scheduling.
INFO: [HLS 200-111] Finished Scheduling: CPU user time: 0.19 seconds. CPU system time: 0.01 seconds. Elapsed time: 0.19 seconds; current allocated memory: 408.789 MB.
INFO: [BIND 205-100] Starting micro-architecture generation ...
INFO: [BIND 205-101] Performing variable lifetime analysis.
INFO: [BIND 205-101] Exploring resource sharing.
INFO: [BIND 205-101] Binding ...
INFO: [BIND 205-100] Finished micro-architecture generation.
INFO: [HLS 200-111] Finished Binding: CPU user time: 0.02 seconds. CPU system time: 0 seconds. Elapsed time: 0.02 seconds; current allocated memory: 408.789 MB.
INFO: [HLS 200-10] ----------------------------------------------------------------
INFO: [HLS 200-42] -- Implementing module 'output_moe_Pipeline_VITIS_LOOP_1108_5' 
INFO: [HLS 200-10] ----------------------------------------------------------------
INFO: [SCHED 204-11] Starting scheduling ...
INFO: [SCHED 204-61] Pipelining loop 'VITIS_LOOP_1108_5'.
WARNING: [HLS 200-880] The II Violation in module 'output_moe_Pipeline_VITIS_LOOP_1108_5' (loop 'VITIS_LOOP_1108_5'): Unable to enforce a carried dependence constraint (II = 1, distance = 1, offset = 1) between wire write operation ('gates_0_write_ln1109', src/moe.cpp:1109) on port 'gates_0' (src/moe.cpp:1109) and wire read operation ('gates_0_read', src/moe.cpp:1109) on port 'gates_0' (src/moe.cpp:1109).
Resolution: For help on HLS 200-880 see docs.xilinx.com/access/sources/dita/topic?Doc_Version=2023.2%20English&url=ug1448-hls-guidance&resourceid=200-880.html
WARNING: [HLS 200-880] The II Violation in module 'output_moe_Pipeline_VITIS_LOOP_1108_5' (loop 'VITIS_LOOP_1108_5'): Unable to enforce a carried dependence constraint (II = 2, distance = 1, offset = 1) between wire write operation ('gates_0_write_ln1109', src/moe.cpp:1109) on port 'gates_0' (src/moe.cpp:1109) and wire read operation ('gates_0_read', src/moe.cpp:1109) on port 'gates_0' (src/moe.cpp:1109).
Resolution: For help on HLS 200-880 see docs.xilinx.com/access/sources/dita/topic?Doc_Version=2023.2%20English&url=ug1448-hls-guidance&resourceid=200-880.html
WARNING: [HLS 200-880] The II Violation in module 'output_moe_Pipeline_VITIS_LOOP_1108_5' (loop 'VITIS_LOOP_1108_5'): Unable to enforce a carried dependence constraint (II = 3, distance = 1, offset = 1) between wire write operation ('gates_0_write_ln1109', src/moe.cpp:1109) on port 'gates_0' (src/moe.cpp:1109) and wire read operation ('gates_0_read', src/moe.cpp:1109) on port 'gates_0' (src/moe.cpp:1109).
Resolution: For help on HLS 200-880 see docs.xilinx.com/access/sources/dita/topic?Doc_Version=2023.2%20English&url=ug1448-hls-guidance&resourceid=200-880.html
WARNING: [HLS 200-880] The II Violation in module 'output_moe_Pipeline_VITIS_LOOP_1108_5' (loop 'VITIS_LOOP_1108_5'): Unable to enforce a carried dependence constraint (II = 4, distance = 1, offset = 1) between wire write operation ('gates_0_write_ln1109', src/moe.cpp:1109) on port 'gates_0' (src/moe.cpp:1109) and wire read operation ('gates_0_read', src/moe.cpp:1109) on port 'gates_0' (src/moe.cpp:1109).
Resolution: For help on HLS 200-880 see docs.xilinx.com/access/sources/dita/topic?Doc_Version=2023.2%20English&url=ug1448-hls-guidance&resourceid=200-880.html
WARNING: [HLS 200-880] The II Violation in module 'output_moe_Pipeline_VITIS_LOOP_1108_5' (loop 'VITIS_LOOP_1108_5'): Unable to enforce a carried dependence constraint (II = 5, distance = 1, offset = 1) between wire write operation ('gates_0_write_ln1109', src/moe.cpp:1109) on port 'gates_0' (src/moe.cpp:1109) and wire read operation ('gates_0_read', src/moe.cpp:1109) on port 'gates_0' (src/moe.cpp:1109).
Resolution: For help on HLS 200-880 see docs.xilinx.com/access/sources/dita/topic?Doc_Version=2023.2%20English&url=ug1448-hls-guidance&resourceid=200-880.html
INFO: [HLS 200-1470] Pipelining result : Target II = NA, Final II = 6, Depth = 6, loop 'VITIS_LOOP_1108_5'
WARNING: [HLS 200-871] Estimated clock period (7.574 ns) exceeds the target (target clock period: 10.000 ns, clock uncertainty: 2.700 ns, effective delay budget: 7.300 ns).
Resolution: For help on HLS 200-871 see docs.xilinx.com/access/sources/dita/topic?Doc_Version=2023.2%20English&url=ug1448-hls-guidance&resourceid=200-871.html
WARNING: [HLS 200-1016] The critical path in module 'output_moe_Pipeline_VITIS_LOOP_1108_5' consists of the following:
	'store' operation 0 bit ('e_write_ln1108', src/moe.cpp:1108) of constant 0 on local variable 'e', src/moe.cpp:1108 [16]  (0.362 ns)
	'load' operation 3 bit ('e', src/moe.cpp:1108) on local variable 'e', src/moe.cpp:1108 [19]  (0.000 ns)
	'icmp' operation 1 bit ('icmp_ln1108', src/moe.cpp:1108) [20]  (0.524 ns)
	wire read operation ('gates_2_read', src/moe.cpp:1109) on port 'gates_2' (src/moe.cpp:1109) [32]  (0.000 ns)
	'sparsemux' operation 32 bit ('tmp_2', src/moe.cpp:1109) [36]  (0.420 ns)
	'fdiv' operation 32 bit ('div', src/moe.cpp:1109) [37]  (6.268 ns)

Resolution: For help on HLS 200-1016 see docs.xilinx.com/access/sources/dita/topic?Doc_Version=2023.2%20English&url=ug1448-hls-guidance&resourceid=200-1016.html
INFO: [SCHED 204-11] Finished scheduling.
INFO: [HLS 200-111] Finished Scheduling: CPU user time: 0.05 seconds. CPU system time: 0 seconds. Elapsed time: 0.06 seconds; current allocated memory: 409.461 MB.
INFO: [BIND 205-100] Starting micro-architecture generation ...
INFO: [BIND 205-101] Performing variable lifetime analysis.
INFO: [BIND 205-101] Exploring resource sharing.
INFO: [BIND 205-101] Binding ...
INFO: [BIND 205-100] Finished micro-architecture generation.
INFO: [HLS 200-111] Finished Binding: CPU user time: 0.02 seconds. CPU system time: 0 seconds. Elapsed time: 0.03 seconds; current allocated memory: 409.461 MB.
INFO: [HLS 200-10] ----------------------------------------------------------------
INFO: [HLS 200-42] -- Implementing module 'generic_mlp_head_Pipeline_VITIS_LOOP_725_2' 
INFO: [HLS 200-10] ----------------------------------------------------------------
INFO: [SCHED 204-11] Starting scheduling ...
INFO: [SCHED 204-61] Pipelining loop 'VITIS_LOOP_725_2'.
INFO: [HLS 200-1470] Pipelining result : Target II = 1, Final II = 1, Depth = 5, loop 'VITIS_LOOP_725_2'
INFO: [SCHED 204-11] Finished scheduling.
INFO: [HLS 200-111] Finished Scheduling: CPU user time: 0.03 seconds. CPU system time: 0 seconds. Elapsed time: 0.04 seconds; current allocated memory: 409.793 MB.
INFO: [BIND 205-100] Starting micro-architecture generation ...
INFO: [BIND 205-101] Performing variable lifetime analysis.
INFO: [BIND 205-101] Exploring resource sharing.
INFO: [BIND 205-101] Binding ...
INFO: [BIND 205-100] Finished micro-architecture generation.
INFO: [HLS 200-111] Finished Binding: CPU user time: 0.02 seconds. CPU system time: 0 seconds. Elapsed time: 0.03 seconds; current allocated memory: 409.793 MB.
INFO: [HLS 200-10] ----------------------------------------------------------------
INFO: [HLS 200-42] -- Implementing module 'generic_mlp_head_Pipeline_VITIS_LOOP_740_4' 
INFO: [HLS 200-10] ----------------------------------------------------------------
INFO: [SCHED 204-11] Starting scheduling ...
INFO: [SCHED 204-61] Pipelining loop 'VITIS_LOOP_740_4'.
INFO: [HLS 200-1470] Pipelining result : Target II = 1, Final II = 1, Depth = 5, loop 'VITIS_LOOP_740_4'
INFO: [SCHED 204-11] Finished scheduling.
INFO: [HLS 200-111] Finished Scheduling: CPU user time: 0.05 seconds. CPU system time: 0 seconds. Elapsed time: 0.05 seconds; current allocated memory: 410.293 MB.
INFO: [BIND 205-100] Starting micro-architecture generation ...
INFO: [BIND 205-101] Performing variable lifetime analysis.
INFO: [BIND 205-101] Exploring resource sharing.
INFO: [BIND 205-101] Binding ...
INFO: [BIND 205-100] Finished micro-architecture generation.
INFO: [HLS 200-111] Finished Binding: CPU user time: 0.02 seconds. CPU system time: 0.01 seconds. Elapsed time: 0.03 seconds; current allocated memory: 410.293 MB.
INFO: [HLS 200-10] ----------------------------------------------------------------
INFO: [HLS 200-42] -- Implementing module 'generic_mlp_head_Pipeline_VITIS_LOOP_755_6' 
INFO: [HLS 200-10] ----------------------------------------------------------------
INFO: [SCHED 204-11] Starting scheduling ...
INFO: [SCHED 204-61] Pipelining loop 'VITIS_LOOP_755_6'.
INFO: [HLS 200-1470] Pipelining result : Target II = 1, Final II = 1, Depth = 5, loop 'VITIS_LOOP_755_6'
INFO: [SCHED 204-11] Finished scheduling.
INFO: [HLS 200-111] Finished Scheduling: CPU user time: 0.05 seconds. CPU system time: 0 seconds. Elapsed time: 0.05 seconds; current allocated memory: 410.910 MB.
INFO: [BIND 205-100] Starting micro-architecture generation ...
INFO: [BIND 205-101] Performing variable lifetime analysis.
INFO: [BIND 205-101] Exploring resource sharing.
INFO: [BIND 205-101] Binding ...
INFO: [BIND 205-100] Finished micro-architecture generation.
INFO: [HLS 200-111] Finished Binding: CPU user time: 0.01 seconds. CPU system time: 0 seconds. Elapsed time: 0.02 seconds; current allocated memory: 410.910 MB.
INFO: [HLS 200-10] ----------------------------------------------------------------
INFO: [HLS 200-42] -- Implementing module 'generic_mlp_head_Pipeline_VITIS_LOOP_770_7' 
INFO: [HLS 200-10] ----------------------------------------------------------------
INFO: [SCHED 204-11] Starting scheduling ...
INFO: [SCHED 204-61] Pipelining loop 'VITIS_LOOP_770_7'.
INFO: [HLS 200-1470] Pipelining result : Target II = 1, Final II = 1, Depth = 5, loop 'VITIS_LOOP_770_7'
INFO: [SCHED 204-11] Finished scheduling.
INFO: [HLS 200-111] Finished Scheduling: CPU user time: 0.04 seconds. CPU system time: 0 seconds. Elapsed time: 0.06 seconds; current allocated memory: 411.227 MB.
INFO: [BIND 205-100] Starting micro-architecture generation ...
INFO: [BIND 205-101] Performing variable lifetime analysis.
INFO: [BIND 205-101] Exploring resource sharing.
INFO: [BIND 205-101] Binding ...
INFO: [BIND 205-100] Finished micro-architecture generation.
INFO: [HLS 200-111] Finished Binding: CPU user time: 0.02 seconds. CPU system time: 0 seconds. Elapsed time: 0.02 seconds; current allocated memory: 411.227 MB.
INFO: [HLS 200-10] ----------------------------------------------------------------
INFO: [HLS 200-42] -- Implementing module 'generic_mlp_head' 
INFO: [HLS 200-10] ----------------------------------------------------------------
INFO: [SCHED 204-11] Starting scheduling ...
INFO: [SCHED 204-11] Finished scheduling.
INFO: [HLS 200-111] Finished Scheduling: CPU user time: 0.11 seconds. CPU system time: 0.01 seconds. Elapsed time: 0.11 seconds; current allocated memory: 414.348 MB.
INFO: [BIND 205-100] Starting micro-architecture generation ...
INFO: [BIND 205-101] Performing variable lifetime analysis.
INFO: [BIND 205-101] Exploring resource sharing.
INFO: [BIND 205-101] Binding ...
INFO: [BIND 205-100] Finished micro-architecture generation.
INFO: [HLS 200-111] Finished Binding: CPU user time: 0.04 seconds. CPU system time: 0 seconds. Elapsed time: 0.05 seconds; current allocated memory: 414.348 MB.
INFO: [HLS 200-10] ----------------------------------------------------------------
INFO: [HLS 200-42] -- Implementing module 'expert_engine' 
INFO: [HLS 200-10] ----------------------------------------------------------------
INFO: [SCHED 204-11] Starting scheduling ...
INFO: [SCHED 204-11] Finished scheduling.
INFO: [HLS 200-111] Finished Scheduling: CPU user time: 0.05 seconds. CPU system time: 0 seconds. Elapsed time: 0.05 seconds; current allocated memory: 414.348 MB.
INFO: [BIND 205-100] Starting micro-architecture generation ...
INFO: [BIND 205-101] Performing variable lifetime analysis.
INFO: [BIND 205-101] Exploring resource sharing.
INFO: [BIND 205-101] Binding ...
INFO: [BIND 205-100] Finished micro-architecture generation.
INFO: [HLS 200-111] Finished Binding: CPU user time: 0.02 seconds. CPU system time: 0 seconds. Elapsed time: 0.03 seconds; current allocated memory: 414.348 MB.
INFO: [HLS 200-10] ----------------------------------------------------------------
INFO: [HLS 200-42] -- Implementing module 'output_moe_Pipeline_VITIS_LOOP_1122_6' 
INFO: [HLS 200-10] ----------------------------------------------------------------
INFO: [SCHED 204-11] Starting scheduling ...
INFO: [SCHED 204-61] Pipelining loop 'VITIS_LOOP_1122_6'.
INFO: [HLS 200-1470] Pipelining result : Target II = NA, Final II = 1, Depth = 11, loop 'VITIS_LOOP_1122_6'
INFO: [SCHED 204-11] Finished scheduling.
INFO: [HLS 200-111] Finished Scheduling: CPU user time: 0.05 seconds. CPU system time: 0 seconds. Elapsed time: 0.06 seconds; current allocated memory: 415.082 MB.
INFO: [BIND 205-100] Starting micro-architecture generation ...
INFO: [BIND 205-101] Performing variable lifetime analysis.
INFO: [BIND 205-101] Exploring resource sharing.
INFO: [BIND 205-101] Binding ...
INFO: [BIND 205-100] Finished micro-architecture generation.
INFO: [HLS 200-111] Finished Binding: CPU user time: 0.02 seconds. CPU system time: 0 seconds. Elapsed time: 0.02 seconds; current allocated memory: 415.082 MB.
INFO: [HLS 200-10] ----------------------------------------------------------------
INFO: [HLS 200-42] -- Implementing module 'output_moe' 
INFO: [HLS 200-10] ----------------------------------------------------------------
INFO: [SCHED 204-11] Starting scheduling ...
INFO: [SCHED 204-11] Finished scheduling.
INFO: [HLS 200-111] Finished Scheduling: CPU user time: 0.04 seconds. CPU system time: 0 seconds. Elapsed time: 0.04 seconds; current allocated memory: 415.664 MB.
INFO: [BIND 205-100] Starting micro-architecture generation ...
INFO: [BIND 205-101] Performing variable lifetime analysis.
INFO: [BIND 205-101] Exploring resource sharing.
INFO: [BIND 205-101] Binding ...
INFO: [BIND 205-100] Finished micro-architecture generation.
INFO: [HLS 200-111] Finished Binding: CPU user time: 0.02 seconds. CPU system time: 0 seconds. Elapsed time: 0.02 seconds; current allocated memory: 415.664 MB.
INFO: [HLS 200-10] ----------------------------------------------------------------
INFO: [HLS 200-10] -- Generating RTL for module 'output_moe_Pipeline_VITIS_LOOP_1083_2' 
INFO: [HLS 200-10] ----------------------------------------------------------------
INFO: [HLS 200-1030] Apply Unified Pipeline Control on module 'output_moe_Pipeline_VITIS_LOOP_1083_2' pipeline 'VITIS_LOOP_1083_2' pipeline type 'loop pipeline'
INFO: [RTGEN 206-100] Generating core module 'faddfsub_32ns_32ns_32_2_full_dsp_1': 1 instance(s).
INFO: [RTGEN 206-100] Generating core module 'fmul_32ns_32ns_32_2_max_dsp_1': 1 instance(s).
INFO: [RTGEN 206-100] Finished creating RTL model for 'output_moe_Pipeline_VITIS_LOOP_1083_2'.
INFO: [RTMG 210-279] Implementing memory 'output_moe_output_moe_Pipeline_VITIS_LOOP_1083_2_gate_weight_ROM_AUTO_1R' using auto ROMs.
INFO: [HLS 200-111] Finished Creating RTL model: CPU user time: 0.05 seconds. CPU system time: 0.01 seconds. Elapsed time: 0.04 seconds; current allocated memory: 416.219 MB.
INFO: [HLS 200-10] ----------------------------------------------------------------
INFO: [HLS 200-10] -- Generating RTL for module 'output_moe_Pipeline_VITIS_LOOP_1096_3' 
INFO: [HLS 200-10] ----------------------------------------------------------------
INFO: [HLS 200-1030] Apply Unified Pipeline Control on module 'output_moe_Pipeline_VITIS_LOOP_1096_3' pipeline 'VITIS_LOOP_1096_3' pipeline type 'loop pipeline'
INFO: [RTGEN 206-100] Generating core module 'fcmp_32ns_32ns_1_1_no_dsp_1': 1 instance(s).
INFO: [RTGEN 206-100] Generating core module 'sparsemux_7_2_32_1_1': 1 instance(s).
INFO: [RTGEN 206-100] Finished creating RTL model for 'output_moe_Pipeline_VITIS_LOOP_1096_3'.
INFO: [HLS 200-111] Finished Creating RTL model: CPU user time: 0.05 seconds. CPU system time: 0 seconds. Elapsed time: 0.06 seconds; current allocated memory: 417.160 MB.
INFO: [HLS 200-10] ----------------------------------------------------------------
INFO: [HLS 200-10] -- Generating RTL for module 'output_moe_Pipeline_VITIS_LOOP_1103_4' 
INFO: [HLS 200-10] ----------------------------------------------------------------
INFO: [HLS 200-1030] Apply Unified Pipeline Control on module 'output_moe_Pipeline_VITIS_LOOP_1103_4' pipeline 'VITIS_LOOP_1103_4' pipeline type 'loop pipeline'
INFO: [RTGEN 206-100] Generating core module 'fadd_32ns_32ns_32_2_full_dsp_1': 1 instance(s).
INFO: [RTGEN 206-100] Generating core module 'faddfsub_32ns_32ns_32_2_full_dsp_1': 1 instance(s).
INFO: [RTGEN 206-100] Generating core module 'fexp_32ns_32ns_32_4_full_dsp_1': 1 instance(s).
INFO: [RTGEN 206-100] Generating core module 'sparsemux_9_2_32_1_1': 1 instance(s).
INFO: [RTGEN 206-100] Finished creating RTL model for 'output_moe_Pipeline_VITIS_LOOP_1103_4'.
INFO: [HLS 200-111] Finished Creating RTL model: CPU user time: 0.06 seconds. CPU system time: 0.01 seconds. Elapsed time: 0.06 seconds; current allocated memory: 418.480 MB.
INFO: [HLS 200-10] ----------------------------------------------------------------
INFO: [HLS 200-10] -- Generating RTL for module 'output_moe_Pipeline_VITIS_LOOP_1108_5' 
INFO: [HLS 200-10] ----------------------------------------------------------------
INFO: [RTGEN 206-100] Generating core module 'fdiv_32ns_32ns_32_6_no_dsp_1': 1 instance(s).
INFO: [RTGEN 206-100] Generating core module 'sparsemux_9_2_32_1_1': 1 instance(s).
INFO: [RTGEN 206-100] Finished creating RTL model for 'output_moe_Pipeline_VITIS_LOOP_1108_5'.
INFO: [HLS 200-111] Finished Creating RTL model: CPU user time: 0.05 seconds. CPU system time: 0 seconds. Elapsed time: 0.06 seconds; current allocated memory: 419.746 MB.
INFO: [HLS 200-10] ----------------------------------------------------------------
INFO: [HLS 200-10] -- Generating RTL for module 'generic_mlp_head_Pipeline_VITIS_LOOP_725_2' 
INFO: [HLS 200-10] ----------------------------------------------------------------
INFO: [HLS 200-1030] Apply Unified Pipeline Control on module 'generic_mlp_head_Pipeline_VITIS_LOOP_725_2' pipeline 'VITIS_LOOP_725_2' pipeline type 'loop pipeline'
INFO: [RTGEN 206-100] Generating core module 'fadd_32ns_32ns_32_2_full_dsp_1': 1 instance(s).
INFO: [RTGEN 206-100] Generating core module 'fmul_32ns_32ns_32_2_max_dsp_1': 1 instance(s).
INFO: [RTGEN 206-100] Finished creating RTL model for 'generic_mlp_head_Pipeline_VITIS_LOOP_725_2'.
INFO: [HLS 200-111] Finished Creating RTL model: CPU user time: 0.05 seconds. CPU system time: 0 seconds. Elapsed time: 0.06 seconds; current allocated memory: 421.137 MB.
INFO: [HLS 200-10] ----------------------------------------------------------------
INFO: [HLS 200-10] -- Generating RTL for module 'generic_mlp_head_Pipeline_VITIS_LOOP_740_4' 
INFO: [HLS 200-10] ----------------------------------------------------------------
INFO: [HLS 200-1030] Apply Unified Pipeline Control on module 'generic_mlp_head_Pipeline_VITIS_LOOP_740_4' pipeline 'VITIS_LOOP_740_4' pipeline type 'loop pipeline'
INFO: [RTGEN 206-100] Generating core module 'fadd_32ns_32ns_32_2_full_dsp_1': 1 instance(s).
INFO: [RTGEN 206-100] Generating core module 'fmul_32ns_32ns_32_2_max_dsp_1': 1 instance(s).
INFO: [RTGEN 206-100] Generating core module 'sparsemux_65_5_32_1_1': 1 instance(s).
INFO: [RTGEN 206-100] Finished creating RTL model for 'generic_mlp_head_Pipeline_VITIS_LOOP_740_4'.
INFO: [HLS 200-111] Finished Creating RTL model: CPU user time: 0.08 seconds. CPU system time: 0.01 seconds. Elapsed time: 0.1 seconds; current allocated memory: 422.559 MB.
INFO: [HLS 200-10] ----------------------------------------------------------------
INFO: [HLS 200-10] -- Generating RTL for module 'generic_mlp_head_Pipeline_VITIS_LOOP_755_6' 
INFO: [HLS 200-10] ----------------------------------------------------------------
INFO: [HLS 200-1030] Apply Unified Pipeline Control on module 'generic_mlp_head_Pipeline_VITIS_LOOP_755_6' pipeline 'VITIS_LOOP_755_6' pipeline type 'loop pipeline'
INFO: [RTGEN 206-100] Generating core module 'fadd_32ns_32ns_32_2_full_dsp_1': 1 instance(s).
INFO: [RTGEN 206-100] Generating core module 'fmul_32ns_32ns_32_2_max_dsp_1': 1 instance(s).
INFO: [RTGEN 206-100] Generating core module 'sparsemux_33_4_32_1_1': 1 instance(s).
INFO: [RTGEN 206-100] Finished creating RTL model for 'generic_mlp_head_Pipeline_VITIS_LOOP_755_6'.
INFO: [HLS 200-111] Finished Creating RTL model: CPU user time: 0.18 seconds. CPU system time: 0.01 seconds. Elapsed time: 0.2 seconds; current allocated memory: 424.383 MB.
INFO: [HLS 200-10] ----------------------------------------------------------------
INFO: [HLS 200-10] -- Generating RTL for module 'generic_mlp_head_Pipeline_VITIS_LOOP_770_7' 
INFO: [HLS 200-10] ----------------------------------------------------------------
INFO: [HLS 200-1030] Apply Unified Pipeline Control on module 'generic_mlp_head_Pipeline_VITIS_LOOP_770_7' pipeline 'VITIS_LOOP_770_7' pipeline type 'loop pipeline'
INFO: [RTGEN 206-100] Generating core module 'fadd_32ns_32ns_32_2_full_dsp_1': 1 instance(s).
INFO: [RTGEN 206-100] Generating core module 'fmul_32ns_32ns_32_2_max_dsp_1': 1 instance(s).
INFO: [RTGEN 206-100] Generating core module 'sparsemux_17_3_32_1_1': 1 instance(s).
INFO: [RTGEN 206-100] Finished creating RTL model for 'generic_mlp_head_Pipeline_VITIS_LOOP_770_7'.
INFO: [HLS 200-111] Finished Creating RTL model: CPU user time: 0.05 seconds. CPU system time: 0.01 seconds. Elapsed time: 0.07 seconds; current allocated memory: 425.832 MB.
INFO: [HLS 200-10] ----------------------------------------------------------------
INFO: [HLS 200-10] -- Generating RTL for module 'generic_mlp_head' 
INFO: [HLS 200-10] ----------------------------------------------------------------
INFO: [RTGEN 206-100] Generating core module 'fadd_32ns_32ns_32_2_full_dsp_1': 1 instance(s).
INFO: [RTGEN 206-100] Generating core module 'fcmp_32ns_32ns_1_1_no_dsp_1': 1 instance(s).
INFO: [RTGEN 206-100] Generating core module 'fexp_32ns_32ns_32_4_full_dsp_1': 1 instance(s).
INFO: [RTGEN 206-100] Generating core module 'fmul_32ns_32ns_32_2_max_dsp_1': 1 instance(s).
INFO: [RTGEN 206-100] Finished creating RTL model for 'generic_mlp_head'.
INFO: [HLS 200-111] Finished Creating RTL model: CPU user time: 0.07 seconds. CPU system time: 0 seconds. Elapsed time: 0.08 seconds; current allocated memory: 428.781 MB.
INFO: [HLS 200-10] ----------------------------------------------------------------
INFO: [HLS 200-10] -- Generating RTL for module 'expert_engine' 
INFO: [HLS 200-10] ----------------------------------------------------------------
INFO: [RTGEN 206-100] Finished creating RTL model for 'expert_engine'.
INFO: [RTMG 210-279] Implementing memory 'output_moe_expert_engine_e0_perf_w0_ROM_AUTO_1R' using auto ROMs.
INFO: [RTMG 210-279] Implementing memory 'output_moe_expert_engine_e0_perf_b0_ROM_AUTO_1R' using auto ROMs.
INFO: [RTMG 210-279] Implementing memory 'output_moe_expert_engine_e0_perf_w1_ROM_AUTO_1R' using auto ROMs.
INFO: [RTMG 210-279] Implementing memory 'output_moe_expert_engine_e0_perf_b1_ROM_AUTO_1R' using auto ROMs.
INFO: [RTMG 210-279] Implementing memory 'output_moe_expert_engine_e0_perf_w2_ROM_AUTO_1R' using auto ROMs.
INFO: [RTMG 210-279] Implementing memory 'output_moe_expert_engine_e0_perf_b2_ROM_AUTO_1R' using auto ROMs.
INFO: [RTMG 210-279] Implementing memory 'output_moe_expert_engine_e0_perf_w3_0_ROM_AUTO_1R' using auto ROMs.
INFO: [RTMG 210-279] Implementing memory 'output_moe_expert_engine_e0_lut_w0_ROM_AUTO_1R' using auto ROMs.
INFO: [RTMG 210-279] Implementing memory 'output_moe_expert_engine_e0_lut_b0_ROM_AUTO_1R' using auto ROMs.
INFO: [RTMG 210-279] Implementing memory 'output_moe_expert_engine_e0_lut_w1_ROM_AUTO_1R' using auto ROMs.
INFO: [RTMG 210-279] Implementing memory 'output_moe_expert_engine_e0_lut_b1_ROM_AUTO_1R' using auto ROMs.
INFO: [RTMG 210-279] Implementing memory 'output_moe_expert_engine_e0_lut_w2_ROM_AUTO_1R' using auto ROMs.
INFO: [RTMG 210-279] Implementing memory 'output_moe_expert_engine_e0_lut_b2_ROM_AUTO_1R' using auto ROMs.
INFO: [RTMG 210-279] Implementing memory 'output_moe_expert_engine_e0_lut_w3_0_ROM_AUTO_1R' using auto ROMs.
INFO: [RTMG 210-279] Implementing memory 'output_moe_expert_engine_e0_ff_w0_ROM_AUTO_1R' using auto ROMs.
INFO: [RTMG 210-279] Implementing memory 'output_moe_expert_engine_e0_ff_b0_ROM_AUTO_1R' using auto ROMs.
INFO: [RTMG 210-279] Implementing memory 'output_moe_expert_engine_e0_ff_w1_ROM_AUTO_1R' using auto ROMs.
INFO: [RTMG 210-279] Implementing memory 'output_moe_expert_engine_e0_ff_b1_ROM_AUTO_1R' using auto ROMs.
INFO: [RTMG 210-279] Implementing memory 'output_moe_expert_engine_e0_ff_w2_ROM_AUTO_1R' using auto ROMs.
INFO: [RTMG 210-279] Implementing memory 'output_moe_expert_engine_e0_ff_b2_ROM_AUTO_1R' using auto ROMs.
INFO: [RTMG 210-279] Implementing memory 'output_moe_expert_engine_e0_ff_w3_0_ROM_AUTO_1R' using auto ROMs.
INFO: [RTMG 210-279] Implementing memory 'output_moe_expert_engine_e0_dsp_w0_ROM_AUTO_1R' using auto ROMs.
INFO: [RTMG 210-279] Implementing memory 'output_moe_expert_engine_e0_dsp_b0_ROM_AUTO_1R' using auto ROMs.
INFO: [RTMG 210-279] Implementing memory 'output_moe_expert_engine_e0_dsp_w1_ROM_AUTO_1R' using auto ROMs.
INFO: [RTMG 210-279] Implementing memory 'output_moe_expert_engine_e0_dsp_b1_ROM_AUTO_1R' using auto ROMs.
INFO: [RTMG 210-279] Implementing memory 'output_moe_expert_engine_e0_dsp_w2_ROM_AUTO_1R' using auto ROMs.
INFO: [RTMG 210-279] Implementing memory 'output_moe_expert_engine_e0_dsp_b2_ROM_AUTO_1R' using auto ROMs.
INFO: [RTMG 210-279] Implementing memory 'output_moe_expert_engine_e0_dsp_w3_0_ROM_AUTO_1R' using auto ROMs.
INFO: [RTMG 210-279] Implementing memory 'output_moe_expert_engine_e0_bram_w0_ROM_AUTO_1R' using auto ROMs.
INFO: [RTMG 210-279] Implementing memory 'output_moe_expert_engine_e0_bram_b0_ROM_AUTO_1R' using auto ROMs.
INFO: [RTMG 210-279] Implementing memory 'output_moe_expert_engine_e0_bram_w1_ROM_AUTO_1R' using auto ROMs.
INFO: [RTMG 210-279] Implementing memory 'output_moe_expert_engine_e0_bram_b1_ROM_AUTO_1R' using auto ROMs.
INFO: [RTMG 210-279] Implementing memory 'output_moe_expert_engine_e0_bram_w2_ROM_AUTO_1R' using auto ROMs.
INFO: [RTMG 210-279] Implementing memory 'output_moe_expert_engine_e0_bram_b2_ROM_AUTO_1R' using auto ROMs.
INFO: [RTMG 210-279] Implementing memory 'output_moe_expert_engine_e0_bram_w3_0_ROM_AUTO_1R' using auto ROMs.
INFO: [RTMG 210-279] Implementing memory 'output_moe_expert_engine_e1_perf_w0_ROM_AUTO_1R' using auto ROMs.
INFO: [RTMG 210-279] Implementing memory 'output_moe_expert_engine_e1_perf_b0_ROM_AUTO_1R' using auto ROMs.
INFO: [RTMG 210-279] Implementing memory 'output_moe_expert_engine_e1_perf_w1_ROM_AUTO_1R' using auto ROMs.
INFO: [RTMG 210-279] Implementing memory 'output_moe_expert_engine_e1_perf_b1_ROM_AUTO_1R' using auto ROMs.
INFO: [RTMG 210-279] Implementing memory 'output_moe_expert_engine_e1_perf_w2_ROM_AUTO_1R' using auto ROMs.
INFO: [RTMG 210-279] Implementing memory 'output_moe_expert_engine_e1_perf_b2_ROM_AUTO_1R' using auto ROMs.
INFO: [RTMG 210-279] Implementing memory 'output_moe_expert_engine_e1_perf_w3_0_ROM_AUTO_1R' using auto ROMs.
INFO: [RTMG 210-279] Implementing memory 'output_moe_expert_engine_e1_lut_w0_ROM_AUTO_1R' using auto ROMs.
INFO: [RTMG 210-279] Implementing memory 'output_moe_expert_engine_e1_lut_b0_ROM_AUTO_1R' using auto ROMs.
INFO: [RTMG 210-279] Implementing memory 'output_moe_expert_engine_e1_lut_w1_ROM_AUTO_1R' using auto ROMs.
INFO: [RTMG 210-279] Implementing memory 'output_moe_expert_engine_e1_lut_b1_ROM_AUTO_1R' using auto ROMs.
INFO: [RTMG 210-279] Implementing memory 'output_moe_expert_engine_e1_lut_w2_ROM_AUTO_1R' using auto ROMs.
INFO: [RTMG 210-279] Implementing memory 'output_moe_expert_engine_e1_lut_b2_ROM_AUTO_1R' using auto ROMs.
INFO: [RTMG 210-279] Implementing memory 'output_moe_expert_engine_e1_lut_w3_0_ROM_AUTO_1R' using auto ROMs.
INFO: [RTMG 210-279] Implementing memory 'output_moe_expert_engine_e1_ff_w0_ROM_AUTO_1R' using auto ROMs.
INFO: [RTMG 210-279] Implementing memory 'output_moe_expert_engine_e1_ff_b0_ROM_AUTO_1R' using auto ROMs.
INFO: [RTMG 210-279] Implementing memory 'output_moe_expert_engine_e1_ff_w1_ROM_AUTO_1R' using auto ROMs.
INFO: [RTMG 210-279] Implementing memory 'output_moe_expert_engine_e1_ff_b1_ROM_AUTO_1R' using auto ROMs.
INFO: [RTMG 210-279] Implementing memory 'output_moe_expert_engine_e1_ff_w2_ROM_AUTO_1R' using auto ROMs.
INFO: [RTMG 210-279] Implementing memory 'output_moe_expert_engine_e1_ff_b2_ROM_AUTO_1R' using auto ROMs.
INFO: [RTMG 210-279] Implementing memory 'output_moe_expert_engine_e1_ff_w3_0_ROM_AUTO_1R' using auto ROMs.
INFO: [RTMG 210-279] Implementing memory 'output_moe_expert_engine_e1_dsp_w0_ROM_AUTO_1R' using auto ROMs.
INFO: [RTMG 210-279] Implementing memory 'output_moe_expert_engine_e1_dsp_b0_ROM_AUTO_1R' using auto ROMs.
INFO: [RTMG 210-279] Implementing memory 'output_moe_expert_engine_e1_dsp_w1_ROM_AUTO_1R' using auto ROMs.
INFO: [RTMG 210-279] Implementing memory 'output_moe_expert_engine_e1_dsp_b1_ROM_AUTO_1R' using auto ROMs.
INFO: [RTMG 210-279] Implementing memory 'output_moe_expert_engine_e1_dsp_w2_ROM_AUTO_1R' using auto ROMs.
INFO: [RTMG 210-279] Implementing memory 'output_moe_expert_engine_e1_dsp_b2_ROM_AUTO_1R' using auto ROMs.
INFO: [RTMG 210-279] Implementing memory 'output_moe_expert_engine_e1_dsp_w3_0_ROM_AUTO_1R' using auto ROMs.
INFO: [RTMG 210-279] Implementing memory 'output_moe_expert_engine_e1_bram_w0_ROM_AUTO_1R' using auto ROMs.
INFO: [RTMG 210-279] Implementing memory 'output_moe_expert_engine_e1_bram_b0_ROM_AUTO_1R' using auto ROMs.
INFO: [RTMG 210-279] Implementing memory 'output_moe_expert_engine_e1_bram_w1_ROM_AUTO_1R' using auto ROMs.
INFO: [RTMG 210-279] Implementing memory 'output_moe_expert_engine_e1_bram_b1_ROM_AUTO_1R' using auto ROMs.
INFO: [RTMG 210-279] Implementing memory 'output_moe_expert_engine_e1_bram_w2_ROM_AUTO_1R' using auto ROMs.
INFO: [RTMG 210-279] Implementing memory 'output_moe_expert_engine_e1_bram_b2_ROM_AUTO_1R' using auto ROMs.
INFO: [RTMG 210-279] Implementing memory 'output_moe_expert_engine_e1_bram_w3_0_ROM_AUTO_1R' using auto ROMs.
INFO: [RTMG 210-279] Implementing memory 'output_moe_expert_engine_e2_perf_w0_ROM_AUTO_1R' using auto ROMs.
INFO: [RTMG 210-279] Implementing memory 'output_moe_expert_engine_e2_perf_b0_ROM_AUTO_1R' using auto ROMs.
INFO: [RTMG 210-279] Implementing memory 'output_moe_expert_engine_e2_perf_w1_ROM_AUTO_1R' using auto ROMs.
INFO: [RTMG 210-279] Implementing memory 'output_moe_expert_engine_e2_perf_b1_ROM_AUTO_1R' using auto ROMs.
INFO: [RTMG 210-279] Implementing memory 'output_moe_expert_engine_e2_perf_w2_ROM_AUTO_1R' using auto ROMs.
INFO: [RTMG 210-279] Implementing memory 'output_moe_expert_engine_e2_perf_b2_ROM_AUTO_1R' using auto ROMs.
INFO: [RTMG 210-279] Implementing memory 'output_moe_expert_engine_e2_perf_w3_0_ROM_AUTO_1R' using auto ROMs.
INFO: [RTMG 210-279] Implementing memory 'output_moe_expert_engine_e2_lut_w0_ROM_AUTO_1R' using auto ROMs.
INFO: [RTMG 210-279] Implementing memory 'output_moe_expert_engine_e2_lut_b0_ROM_AUTO_1R' using auto ROMs.
INFO: [RTMG 210-279] Implementing memory 'output_moe_expert_engine_e2_lut_w1_ROM_AUTO_1R' using auto ROMs.
INFO: [RTMG 210-279] Implementing memory 'output_moe_expert_engine_e2_lut_b1_ROM_AUTO_1R' using auto ROMs.
INFO: [RTMG 210-279] Implementing memory 'output_moe_expert_engine_e2_lut_w2_ROM_AUTO_1R' using auto ROMs.
INFO: [RTMG 210-279] Implementing memory 'output_moe_expert_engine_e2_lut_b2_ROM_AUTO_1R' using auto ROMs.
INFO: [RTMG 210-279] Implementing memory 'output_moe_expert_engine_e2_lut_w3_0_ROM_AUTO_1R' using auto ROMs.
INFO: [RTMG 210-279] Implementing memory 'output_moe_expert_engine_e2_ff_w0_ROM_AUTO_1R' using auto ROMs.
INFO: [RTMG 210-279] Implementing memory 'output_moe_expert_engine_e2_ff_b0_ROM_AUTO_1R' using auto ROMs.
INFO: [RTMG 210-279] Implementing memory 'output_moe_expert_engine_e2_ff_w1_ROM_AUTO_1R' using auto ROMs.
INFO: [RTMG 210-279] Implementing memory 'output_moe_expert_engine_e2_ff_b1_ROM_AUTO_1R' using auto ROMs.
INFO: [RTMG 210-279] Implementing memory 'output_moe_expert_engine_e2_ff_w2_ROM_AUTO_1R' using auto ROMs.
INFO: [RTMG 210-279] Implementing memory 'output_moe_expert_engine_e2_ff_b2_ROM_AUTO_1R' using auto ROMs.
INFO: [RTMG 210-279] Implementing memory 'output_moe_expert_engine_e2_ff_w3_0_ROM_AUTO_1R' using auto ROMs.
INFO: [RTMG 210-279] Implementing memory 'output_moe_expert_engine_e2_dsp_w0_ROM_AUTO_1R' using auto ROMs.
INFO: [RTMG 210-279] Implementing memory 'output_moe_expert_engine_e2_dsp_b0_ROM_AUTO_1R' using auto ROMs.
INFO: [RTMG 210-279] Implementing memory 'output_moe_expert_engine_e2_dsp_w1_ROM_AUTO_1R' using auto ROMs.
INFO: [RTMG 210-279] Implementing memory 'output_moe_expert_engine_e2_dsp_b1_ROM_AUTO_1R' using auto ROMs.
INFO: [RTMG 210-279] Implementing memory 'output_moe_expert_engine_e2_dsp_w2_ROM_AUTO_1R' using auto ROMs.
INFO: [RTMG 210-279] Implementing memory 'output_moe_expert_engine_e2_dsp_b2_ROM_AUTO_1R' using auto ROMs.
INFO: [RTMG 210-279] Implementing memory 'output_moe_expert_engine_e2_dsp_w3_0_ROM_AUTO_1R' using auto ROMs.
INFO: [RTMG 210-279] Implementing memory 'output_moe_expert_engine_e2_bram_w0_ROM_AUTO_1R' using auto ROMs.
INFO: [RTMG 210-279] Implementing memory 'output_moe_expert_engine_e2_bram_b0_ROM_AUTO_1R' using auto ROMs.
INFO: [RTMG 210-279] Implementing memory 'output_moe_expert_engine_e2_bram_w1_ROM_AUTO_1R' using auto ROMs.
INFO: [RTMG 210-279] Implementing memory 'output_moe_expert_engine_e2_bram_b1_ROM_AUTO_1R' using auto ROMs.
INFO: [RTMG 210-279] Implementing memory 'output_moe_expert_engine_e2_bram_w2_ROM_AUTO_1R' using auto ROMs.
INFO: [RTMG 210-279] Implementing memory 'output_moe_expert_engine_e2_bram_b2_ROM_AUTO_1R' using auto ROMs.
INFO: [RTMG 210-279] Implementing memory 'output_moe_expert_engine_e2_bram_w3_0_ROM_AUTO_1R' using auto ROMs.
INFO: [RTMG 210-279] Implementing memory 'output_moe_expert_engine_e3_perf_w0_ROM_AUTO_1R' using auto ROMs.
INFO: [RTMG 210-279] Implementing memory 'output_moe_expert_engine_e3_perf_b0_ROM_AUTO_1R' using auto ROMs.
INFO: [RTMG 210-279] Implementing memory 'output_moe_expert_engine_e3_perf_w1_ROM_AUTO_1R' using auto ROMs.
INFO: [RTMG 210-279] Implementing memory 'output_moe_expert_engine_e3_perf_b1_ROM_AUTO_1R' using auto ROMs.
INFO: [RTMG 210-279] Implementing memory 'output_moe_expert_engine_e3_perf_w2_ROM_AUTO_1R' using auto ROMs.
INFO: [RTMG 210-279] Implementing memory 'output_moe_expert_engine_e3_perf_b2_ROM_AUTO_1R' using auto ROMs.
INFO: [RTMG 210-279] Implementing memory 'output_moe_expert_engine_e3_perf_w3_0_ROM_AUTO_1R' using auto ROMs.
INFO: [RTMG 210-279] Implementing memory 'output_moe_expert_engine_e3_lut_w0_ROM_AUTO_1R' using auto ROMs.
INFO: [RTMG 210-279] Implementing memory 'output_moe_expert_engine_e3_lut_b0_ROM_AUTO_1R' using auto ROMs.
INFO: [RTMG 210-279] Implementing memory 'output_moe_expert_engine_e3_lut_w1_ROM_AUTO_1R' using auto ROMs.
INFO: [RTMG 210-279] Implementing memory 'output_moe_expert_engine_e3_lut_b1_ROM_AUTO_1R' using auto ROMs.
INFO: [RTMG 210-279] Implementing memory 'output_moe_expert_engine_e3_lut_w2_ROM_AUTO_1R' using auto ROMs.
INFO: [RTMG 210-279] Implementing memory 'output_moe_expert_engine_e3_lut_b2_ROM_AUTO_1R' using auto ROMs.
INFO: [RTMG 210-279] Implementing memory 'output_moe_expert_engine_e3_lut_w3_0_ROM_AUTO_1R' using auto ROMs.
INFO: [RTMG 210-279] Implementing memory 'output_moe_expert_engine_e3_ff_w0_ROM_AUTO_1R' using auto ROMs.
INFO: [RTMG 210-279] Implementing memory 'output_moe_expert_engine_e3_ff_b0_ROM_AUTO_1R' using auto ROMs.
INFO: [RTMG 210-279] Implementing memory 'output_moe_expert_engine_e3_ff_w1_ROM_AUTO_1R' using auto ROMs.
INFO: [RTMG 210-279] Implementing memory 'output_moe_expert_engine_e3_ff_b1_ROM_AUTO_1R' using auto ROMs.
INFO: [RTMG 210-279] Implementing memory 'output_moe_expert_engine_e3_ff_w2_ROM_AUTO_1R' using auto ROMs.
INFO: [RTMG 210-279] Implementing memory 'output_moe_expert_engine_e3_ff_b2_ROM_AUTO_1R' using auto ROMs.
INFO: [RTMG 210-279] Implementing memory 'output_moe_expert_engine_e3_ff_w3_0_ROM_AUTO_1R' using auto ROMs.
INFO: [RTMG 210-279] Implementing memory 'output_moe_expert_engine_e3_dsp_w0_ROM_AUTO_1R' using auto ROMs.
INFO: [RTMG 210-279] Implementing memory 'output_moe_expert_engine_e3_dsp_b0_ROM_AUTO_1R' using auto ROMs.
INFO: [RTMG 210-279] Implementing memory 'output_moe_expert_engine_e3_dsp_w1_ROM_AUTO_1R' using auto ROMs.
INFO: [RTMG 210-279] Implementing memory 'output_moe_expert_engine_e3_dsp_b1_ROM_AUTO_1R' using auto ROMs.
INFO: [RTMG 210-279] Implementing memory 'output_moe_expert_engine_e3_dsp_w2_ROM_AUTO_1R' using auto ROMs.
INFO: [RTMG 210-279] Implementing memory 'output_moe_expert_engine_e3_dsp_b2_ROM_AUTO_1R' using auto ROMs.
INFO: [RTMG 210-279] Implementing memory 'output_moe_expert_engine_e3_dsp_w3_0_ROM_AUTO_1R' using auto ROMs.
INFO: [RTMG 210-279] Implementing memory 'output_moe_expert_engine_e3_bram_w0_ROM_AUTO_1R' using auto ROMs.
INFO: [RTMG 210-279] Implementing memory 'output_moe_expert_engine_e3_bram_b0_ROM_AUTO_1R' using auto ROMs.
INFO: [RTMG 210-279] Implementing memory 'output_moe_expert_engine_e3_bram_w1_ROM_AUTO_1R' using auto ROMs.
INFO: [RTMG 210-279] Implementing memory 'output_moe_expert_engine_e3_bram_b1_ROM_AUTO_1R' using auto ROMs.
INFO: [RTMG 210-279] Implementing memory 'output_moe_expert_engine_e3_bram_w2_ROM_AUTO_1R' using auto ROMs.
INFO: [RTMG 210-279] Implementing memory 'output_moe_expert_engine_e3_bram_b2_ROM_AUTO_1R' using auto ROMs.
INFO: [RTMG 210-279] Implementing memory 'output_moe_expert_engine_e3_bram_w3_0_ROM_AUTO_1R' using auto ROMs.
INFO: [HLS 200-111] Finished Creating RTL model: CPU user time: 0.59 seconds. CPU system time: 0.05 seconds. Elapsed time: 0.64 seconds; current allocated memory: 438.785 MB.
INFO: [HLS 200-10] ----------------------------------------------------------------
INFO: [HLS 200-10] -- Generating RTL for module 'output_moe_Pipeline_VITIS_LOOP_1122_6' 
INFO: [HLS 200-10] ----------------------------------------------------------------
INFO: [HLS 200-1030] Apply Unified Pipeline Control on module 'output_moe_Pipeline_VITIS_LOOP_1122_6' pipeline 'VITIS_LOOP_1122_6' pipeline type 'loop pipeline'
INFO: [RTGEN 206-100] Generating core module 'fadd_32ns_32ns_32_2_full_dsp_1': 3 instance(s).
INFO: [RTGEN 206-100] Generating core module 'faddfsub_32ns_32ns_32_2_full_dsp_1': 1 instance(s).
INFO: [RTGEN 206-100] Generating core module 'fmul_32ns_32ns_32_2_max_dsp_1': 4 instance(s).
INFO: [RTGEN 206-100] Finished creating RTL model for 'output_moe_Pipeline_VITIS_LOOP_1122_6'.
INFO: [HLS 200-111] Finished Creating RTL model: CPU user time: 0.11 seconds. CPU system time: 0.01 seconds. Elapsed time: 0.12 seconds; current allocated memory: 442.496 MB.
INFO: [HLS 200-10] ----------------------------------------------------------------
INFO: [HLS 200-10] -- Generating RTL for module 'output_moe' 
INFO: [HLS 200-10] ----------------------------------------------------------------
INFO: [RTGEN 206-500] Setting interface mode on port 'output_moe/input_r' to 'ap_memory'.
INFO: [RTGEN 206-500] Setting interface mode on port 'output_moe/output_0' to 'ap_vld'.
INFO: [RTGEN 206-500] Setting interface mode on port 'output_moe/output_1' to 'ap_vld'.
INFO: [RTGEN 206-500] Setting interface mode on port 'output_moe/output_2' to 'ap_vld'.
INFO: [RTGEN 206-500] Setting interface mode on port 'output_moe/output_3' to 'ap_vld'.
INFO: [RTGEN 206-500] Setting interface mode on port 'output_moe/output_4' to 'ap_vld'.
INFO: [RTGEN 206-500] Setting interface mode on port 'output_moe/gates_0' to 'ap_ovld'.
INFO: [RTGEN 206-500] Setting interface mode on port 'output_moe/gates_1' to 'ap_ovld'.
INFO: [RTGEN 206-500] Setting interface mode on port 'output_moe/gates_2' to 'ap_ovld'.
INFO: [RTGEN 206-500] Setting interface mode on port 'output_moe/gates_3' to 'ap_ovld'.
INFO: [RTGEN 206-500] Setting interface mode on function 'output_moe' to 'ap_ctrl_hs'.
INFO: [RTGEN 206-100] Generating core module 'fadd_32ns_32ns_32_2_full_dsp_1': 1 instance(s).
INFO: [RTGEN 206-100] Generating core module 'faddfsub_32ns_32ns_32_2_full_dsp_1': 1 instance(s).
INFO: [RTGEN 206-100] Generating core module 'fmul_32ns_32ns_32_2_max_dsp_1': 1 instance(s).
INFO: [RTGEN 206-100] Finished creating RTL model for 'output_moe'.
INFO: [RTMG 210-278] Implementing memory 'output_moe_expert_output_RAM_AUTO_1R1W' using auto RAMs.
INFO: [HLS 200-111] Finished Creating RTL model: CPU user time: 0.12 seconds. CPU system time: 0.01 seconds. Elapsed time: 0.13 seconds; current allocated memory: 446.145 MB.
INFO: [HLS 200-111] Finished Generating all RTL models: CPU user time: 0.25 seconds. CPU system time: 0.09 seconds. Elapsed time: 0.35 seconds; current allocated memory: 450.082 MB.
INFO: [HLS 200-111] Finished Updating report files: CPU user time: 0.71 seconds. CPU system time: 0.02 seconds. Elapsed time: 0.73 seconds; current allocated memory: 457.457 MB.
INFO: [VHDL 208-304] Generating VHDL RTL for output_moe.
INFO: [VLOG 209-307] Generating Verilog RTL for output_moe.
INFO: [HLS 200-790] **** Loop Constraint Status: All loop constraints were NOT satisfied.
INFO: [HLS 200-789] **** Estimated Fmax: 132.02 MHz
INFO: [HLS 200-111] Finished Command csynth_design CPU user time: 9.94 seconds. CPU system time: 1.52 seconds. Elapsed time: 15.94 seconds; current allocated memory: 201.289 MB.
INFO: [HLS 200-1510] Running: export_design -format ip_catalog 
INFO: [IMPL 213-8] Exporting RTL as a Vivado IP.

****** Vivado v2023.2 (64-bit)
  **** SW Build 4029153 on Fri Oct 13 20:13:54 MDT 2023
  **** IP Build 4028589 on Sat Oct 14 00:45:43 MDT 2023
  **** SharedData Build 4025554 on Tue Oct 10 17:18:54 MDT 2023
    ** Copyright 1986-2022 Xilinx, Inc. All Rights Reserved.
    ** Copyright 2022-2023 Advanced Micro Devices, Inc. All Rights Reserved.

source run_ippack.tcl -notrace
create_project: Time (s): cpu = 00:00:05 ; elapsed = 00:00:05 . Memory (MB): peak = 1344.113 ; gain = 0.023 ; free physical = 7323 ; free virtual = 26585
INFO: [IP_Flow 19-234] Refreshing IP repositories
INFO: [IP_Flow 19-1704] No user IP repositories specified
INFO: [IP_Flow 19-2313] Loaded Vivado IP repository '/home/simics/HMoE/Vivado/2023.2/data/ip'.
INFO: [IP_Flow 19-1686] Generating 'Synthesis' target for IP 'output_moe_fadd_32ns_32ns_32_2_full_dsp_1_ip'...
INFO: [IP_Flow 19-1686] Generating 'Simulation' target for IP 'output_moe_fadd_32ns_32ns_32_2_full_dsp_1_ip'...
INFO: [IP_Flow 19-1686] Generating 'Synthesis' target for IP 'output_moe_faddfsub_32ns_32ns_32_2_full_dsp_1_ip'...
INFO: [IP_Flow 19-1686] Generating 'Simulation' target for IP 'output_moe_faddfsub_32ns_32ns_32_2_full_dsp_1_ip'...
INFO: [IP_Flow 19-1686] Generating 'Synthesis' target for IP 'output_moe_fcmp_32ns_32ns_1_1_no_dsp_1_ip'...
INFO: [IP_Flow 19-1686] Generating 'Simulation' target for IP 'output_moe_fcmp_32ns_32ns_1_1_no_dsp_1_ip'...
INFO: [IP_Flow 19-1686] Generating 'Synthesis' target for IP 'output_moe_fdiv_32ns_32ns_32_6_no_dsp_1_ip'...
INFO: [IP_Flow 19-1686] Generating 'Simulation' target for IP 'output_moe_fdiv_32ns_32ns_32_6_no_dsp_1_ip'...
INFO: [IP_Flow 19-1686] Generating 'Synthesis' target for IP 'output_moe_fexp_32ns_32ns_32_4_full_dsp_1_ip'...
INFO: [IP_Flow 19-1686] Generating 'Simulation' target for IP 'output_moe_fexp_32ns_32ns_32_4_full_dsp_1_ip'...
INFO: [IP_Flow 19-1686] Generating 'Synthesis' target for IP 'output_moe_fmul_32ns_32ns_32_2_max_dsp_1_ip'...
INFO: [IP_Flow 19-1686] Generating 'Simulation' target for IP 'output_moe_fmul_32ns_32ns_32_2_max_dsp_1_ip'...
INFO: [IP_Flow 19-234] Refreshing IP repositories
INFO: [IP_Flow 19-1704] No user IP repositories specified
INFO: [IP_Flow 19-2313] Loaded Vivado IP repository '/home/simics/HMoE/Vivado/2023.2/data/ip'.
INFO: [Common 17-206] Exiting Vivado at Sun Sep 13 13:32:55 2026...
INFO: [HLS 200-802] Generated output file project/HLS_OutputMoE_Run9/solution1/impl/export.zip
INFO: [HLS 200-111] Finished Command export_design CPU user time: 15.71 seconds. CPU system time: 1.25 seconds. Elapsed time: 19.87 seconds; current allocated memory: 6.262 MB.
INFO: [HLS 200-112] Total CPU user time: 29.33 seconds. Total CPU system time: 3.34 seconds. Total elapsed time: 39.83 seconds; peak allocated memory: 464.609 MB.
INFO: [Common 17-206] Exiting vitis_hls at Sun Sep 13 13:32:59 2026...
INFO: [vitis-run 60-791] Total elapsed time: 0h 0m 41s
INFO: [vitis-run 60-1662] Stopping dispatch session having empty uuid.
