

================================================================
== Vitis HLS Report for 'compute_expert_Pipeline_VITIS_LOOP_19_1_VITIS_LOOP_29_3'
================================================================
* Date:           Sun Sep 20 19:32:33 2026

* Version:        2023.2 (Build 4023990 on Oct 11 2023)
* Project:        project
* Solution:       solution1 (Vivado IP Flow Target)
* Product family: virtexuplus
* Target device:  xcvu13p_CIV-figd2104-3-e


================================================================
== Performance Estimates
================================================================
+ Timing: 
    * Summary: 
    +--------+----------+----------+------------+
    |  Clock |  Target  | Estimated| Uncertainty|
    +--------+----------+----------+------------+
    |ap_clk  |  10.00 ns|  7.300 ns|     2.70 ns|
    +--------+----------+----------+------------+

+ Latency: 
    * Summary: 
    +---------+---------+----------+----------+-----+-----+---------+
    |  Latency (cycles) |  Latency (absolute) |  Interval | Pipeline|
    |   min   |   max   |    min   |    max   | min | max |   Type  |
    +---------+---------+----------+----------+-----+-----+---------+
    |      533|      533|  5.330 us|  5.330 us|  533|  533|       no|
    +---------+---------+----------+----------+-----+-----+---------+

    + Detail: 
        * Instance: 
        N/A

        * Loop: 
        +-----------------------------------+---------+---------+----------+-----------+-----------+------+----------+
        |                                   |  Latency (cycles) | Iteration|  Initiation Interval  | Trip |          |
        |             Loop Name             |   min   |   max   |  Latency |  achieved |   target  | Count| Pipelined|
        +-----------------------------------+---------+---------+----------+-----------+-----------+------+----------+
        |- VITIS_LOOP_19_1_VITIS_LOOP_29_3  |      531|      531|        21|          1|          1|   512|       yes|
        +-----------------------------------+---------+---------+----------+-----------+-----------+------+----------+

============================================================
+ Verbose Summary: Synthesis Manager
============================================================
InlineROM: 1
ExposeGlobal: 0
============================================================
+ Verbose Summary: CDFG Model
============================================================
IsTopModel: 0
ResetActiveHigh: 1
IsCombinational: 0
IsDatapathOnly: 0
HasWiredReturn: 1
HasMFsm: 2
HasVarLatency: 1
IsPipeline: 0
IsRtlPipelined: 0
IsInstanceOverlapped: 0
IsDontTouch: 0
HasImplIP: 0
IsGatedGlobalClock: 0

+ Individual pipeline summary: 
  * Pipeline-0: initiation interval (II) = 1, depth = 21


============================================================
+ Verbose Summary: Schedule
============================================================
* Number of FSM states : 21
* Pipeline : 1
  Pipeline-0 : II = 1, D = 21, States = { 1 2 3 4 5 6 7 8 9 10 11 12 13 14 15 16 17 18 19 20 21 }
* Dataflow Pipeline: 0

* FSM state transitions: 
1 --> 2 
2 --> 3 
3 --> 4 
4 --> 5 
5 --> 6 
6 --> 7 
7 --> 8 
8 --> 9 
9 --> 10 
10 --> 11 
11 --> 12 
12 --> 13 
13 --> 14 
14 --> 15 
15 --> 16 
16 --> 17 
17 --> 18 
18 --> 19 
19 --> 20 
20 --> 21 
21 --> 

* FSM state operations: 

State 1 <SV = 0> <Delay = 2.97>
ST_1 : Operation 24 [1/1] (0.00ns)   --->   "%empty = alloca i32 1"   --->   Operation 24 'alloca' 'empty' <Predicate = true> <Delay = 0.00>
ST_1 : Operation 25 [1/1] (0.00ns)   --->   "%empty_69 = alloca i32 1"   --->   Operation 25 'alloca' 'empty_69' <Predicate = true> <Delay = 0.00>
ST_1 : Operation 26 [1/1] (0.00ns)   --->   "%empty_70 = alloca i32 1"   --->   Operation 26 'alloca' 'empty_70' <Predicate = true> <Delay = 0.00>
ST_1 : Operation 27 [1/1] (0.00ns)   --->   "%empty_71 = alloca i32 1"   --->   Operation 27 'alloca' 'empty_71' <Predicate = true> <Delay = 0.00>
ST_1 : Operation 28 [1/1] (0.00ns)   --->   "%empty_72 = alloca i32 1"   --->   Operation 28 'alloca' 'empty_72' <Predicate = true> <Delay = 0.00>
ST_1 : Operation 29 [1/1] (0.00ns)   --->   "%empty_73 = alloca i32 1"   --->   Operation 29 'alloca' 'empty_73' <Predicate = true> <Delay = 0.00>
ST_1 : Operation 30 [1/1] (0.00ns)   --->   "%empty_74 = alloca i32 1"   --->   Operation 30 'alloca' 'empty_74' <Predicate = true> <Delay = 0.00>
ST_1 : Operation 31 [1/1] (0.00ns)   --->   "%empty_75 = alloca i32 1"   --->   Operation 31 'alloca' 'empty_75' <Predicate = true> <Delay = 0.00>
ST_1 : Operation 32 [1/1] (0.00ns)   --->   "%g = alloca i32 1" [/home/simics/HMoE/HLS_HMoE/pseudo_block/run_7/src/pseudo_moe.cpp:29]   --->   Operation 32 'alloca' 'g' <Predicate = true> <Delay = 0.00>
ST_1 : Operation 33 [1/1] (0.00ns)   --->   "%o = alloca i32 1" [/home/simics/HMoE/HLS_HMoE/pseudo_block/run_7/src/pseudo_moe.cpp:19]   --->   Operation 33 'alloca' 'o' <Predicate = true> <Delay = 0.00>
ST_1 : Operation 34 [1/1] (0.00ns)   --->   "%indvar_flatten = alloca i32 1"   --->   Operation 34 'alloca' 'indvar_flatten' <Predicate = true> <Delay = 0.00>
ST_1 : Operation 35 [1/1] (0.00ns)   --->   "%zext_ln35_1_read = read i7 @_ssdm_op_Read.ap_auto.i7, i7 %zext_ln35_1"   --->   Operation 35 'read' 'zext_ln35_1_read' <Predicate = true> <Delay = 0.00>
ST_1 : Operation 36 [1/1] (0.00ns)   --->   "%zext_ln35_2_read = read i7 @_ssdm_op_Read.ap_auto.i7, i7 %zext_ln35_2"   --->   Operation 36 'read' 'zext_ln35_2_read' <Predicate = true> <Delay = 0.00>
ST_1 : Operation 37 [1/1] (0.00ns)   --->   "%zext_ln35_3_read = read i7 @_ssdm_op_Read.ap_auto.i7, i7 %zext_ln35_3"   --->   Operation 37 'read' 'zext_ln35_3_read' <Predicate = true> <Delay = 0.00>
ST_1 : Operation 38 [1/1] (0.00ns)   --->   "%zext_ln35_4_read = read i7 @_ssdm_op_Read.ap_auto.i7, i7 %zext_ln35_4"   --->   Operation 38 'read' 'zext_ln35_4_read' <Predicate = true> <Delay = 0.00>
ST_1 : Operation 39 [1/1] (0.00ns)   --->   "%zext_ln35_5_read = read i7 @_ssdm_op_Read.ap_auto.i7, i7 %zext_ln35_5"   --->   Operation 39 'read' 'zext_ln35_5_read' <Predicate = true> <Delay = 0.00>
ST_1 : Operation 40 [1/1] (0.00ns)   --->   "%zext_ln35_6_read = read i7 @_ssdm_op_Read.ap_auto.i7, i7 %zext_ln35_6"   --->   Operation 40 'read' 'zext_ln35_6_read' <Predicate = true> <Delay = 0.00>
ST_1 : Operation 41 [1/1] (0.00ns)   --->   "%zext_ln35_7_read = read i7 @_ssdm_op_Read.ap_auto.i7, i7 %zext_ln35_7"   --->   Operation 41 'read' 'zext_ln35_7_read' <Predicate = true> <Delay = 0.00>
ST_1 : Operation 42 [1/1] (0.00ns)   --->   "%zext_ln35_8_read = read i7 @_ssdm_op_Read.ap_auto.i7, i7 %zext_ln35_8"   --->   Operation 42 'read' 'zext_ln35_8_read' <Predicate = true> <Delay = 0.00>
ST_1 : Operation 43 [1/1] (0.00ns)   --->   "%sext_ln19_read = read i62 @_ssdm_op_Read.ap_auto.i62, i62 %sext_ln19"   --->   Operation 43 'read' 'sext_ln19_read' <Predicate = true> <Delay = 0.00>
ST_1 : Operation 44 [1/1] (0.00ns)   --->   "%sext_ln19_cast = sext i62 %sext_ln19_read"   --->   Operation 44 'sext' 'sext_ln19_cast' <Predicate = true> <Delay = 0.00>
ST_1 : Operation 45 [1/1] (0.00ns)   --->   "%specinterface_ln0 = specinterface void @_ssdm_op_SpecInterface, i32 %gmem4, void @empty_8, i32 0, i32 0, void @empty_36, i32 0, i32 0, void @empty_2, void @empty_22, void @empty_36, i32 16, i32 16, i32 16, i32 16, void @empty_36, void @empty_36, i32 4294967295, i32 0"   --->   Operation 45 'specinterface' 'specinterface_ln0' <Predicate = true> <Delay = 0.00>
ST_1 : Operation 46 [1/1] (0.36ns)   --->   "%store_ln0 = store i10 0, i10 %indvar_flatten"   --->   Operation 46 'store' 'store_ln0' <Predicate = true> <Delay = 0.36>
ST_1 : Operation 47 [1/1] (0.36ns)   --->   "%store_ln19 = store i7 0, i7 %o" [/home/simics/HMoE/HLS_HMoE/pseudo_block/run_7/src/pseudo_moe.cpp:19]   --->   Operation 47 'store' 'store_ln19' <Predicate = true> <Delay = 0.36>
ST_1 : Operation 48 [1/1] (0.36ns)   --->   "%store_ln29 = store i4 0, i4 %g" [/home/simics/HMoE/HLS_HMoE/pseudo_block/run_7/src/pseudo_moe.cpp:29]   --->   Operation 48 'store' 'store_ln29' <Predicate = true> <Delay = 0.36>
ST_1 : Operation 49 [1/1] (0.36ns)   --->   "%store_ln0 = store i32 0, i32 %empty_75"   --->   Operation 49 'store' 'store_ln0' <Predicate = true> <Delay = 0.36>
ST_1 : Operation 50 [1/1] (0.36ns)   --->   "%store_ln0 = store i32 0, i32 %empty_74"   --->   Operation 50 'store' 'store_ln0' <Predicate = true> <Delay = 0.36>
ST_1 : Operation 51 [1/1] (0.36ns)   --->   "%store_ln0 = store i32 0, i32 %empty_73"   --->   Operation 51 'store' 'store_ln0' <Predicate = true> <Delay = 0.36>
ST_1 : Operation 52 [1/1] (0.36ns)   --->   "%store_ln0 = store i32 0, i32 %empty_72"   --->   Operation 52 'store' 'store_ln0' <Predicate = true> <Delay = 0.36>
ST_1 : Operation 53 [1/1] (0.36ns)   --->   "%store_ln0 = store i32 0, i32 %empty_71"   --->   Operation 53 'store' 'store_ln0' <Predicate = true> <Delay = 0.36>
ST_1 : Operation 54 [1/1] (0.36ns)   --->   "%store_ln0 = store i32 0, i32 %empty_70"   --->   Operation 54 'store' 'store_ln0' <Predicate = true> <Delay = 0.36>
ST_1 : Operation 55 [1/1] (0.36ns)   --->   "%store_ln0 = store i32 0, i32 %empty_69"   --->   Operation 55 'store' 'store_ln0' <Predicate = true> <Delay = 0.36>
ST_1 : Operation 56 [1/1] (0.36ns)   --->   "%store_ln0 = store i32 0, i32 %empty"   --->   Operation 56 'store' 'store_ln0' <Predicate = true> <Delay = 0.36>
ST_1 : Operation 57 [1/1] (0.00ns)   --->   "%br_ln0 = br void %VITIS_LOOP_32_4"   --->   Operation 57 'br' 'br_ln0' <Predicate = true> <Delay = 0.00>
ST_1 : Operation 58 [1/1] (0.00ns)   --->   "%indvar_flatten_load = load i10 %indvar_flatten" [/home/simics/HMoE/HLS_HMoE/pseudo_block/run_7/src/pseudo_moe.cpp:19]   --->   Operation 58 'load' 'indvar_flatten_load' <Predicate = true> <Delay = 0.00>
ST_1 : Operation 59 [1/1] (0.66ns)   --->   "%icmp_ln19 = icmp_eq  i10 %indvar_flatten_load, i10 512" [/home/simics/HMoE/HLS_HMoE/pseudo_block/run_7/src/pseudo_moe.cpp:19]   --->   Operation 59 'icmp' 'icmp_ln19' <Predicate = true> <Delay = 0.66> <CoreInst = "Cmp">   --->   Core 9 'Cmp' <Latency = 0> <II = 1> <Delay = 0.66> <FuncUnit> <Opcode : 'icmp'> <InPorts = 2> <OutPorts = 1>
ST_1 : Operation 60 [1/1] (0.66ns)   --->   "%add_ln19_1 = add i10 %indvar_flatten_load, i10 1" [/home/simics/HMoE/HLS_HMoE/pseudo_block/run_7/src/pseudo_moe.cpp:19]   --->   Operation 60 'add' 'add_ln19_1' <Predicate = true> <Delay = 0.66> <CoreInst = "Adder">   --->   Core 1 'Adder' <Latency = 0> <II = 1> <Delay = 0.66> <FuncUnit> <Opcode : 'add' 'sub'> <InPorts = 2> <OutPorts = 1>
ST_1 : Operation 61 [1/1] (0.00ns)   --->   "%br_ln19 = br i1 %icmp_ln19, void %VITIS_LOOP_41_5, void %for.end47.exitStub" [/home/simics/HMoE/HLS_HMoE/pseudo_block/run_7/src/pseudo_moe.cpp:19]   --->   Operation 61 'br' 'br_ln19' <Predicate = true> <Delay = 0.00>
ST_1 : Operation 62 [1/1] (0.00ns)   --->   "%g_load = load i4 %g" [/home/simics/HMoE/HLS_HMoE/pseudo_block/run_7/src/pseudo_moe.cpp:29]   --->   Operation 62 'load' 'g_load' <Predicate = (!icmp_ln19)> <Delay = 0.00>
ST_1 : Operation 63 [1/1] (0.00ns)   --->   "%o_load = load i7 %o" [/home/simics/HMoE/HLS_HMoE/pseudo_block/run_7/src/pseudo_moe.cpp:19]   --->   Operation 63 'load' 'o_load' <Predicate = (!icmp_ln19)> <Delay = 0.00>
ST_1 : Operation 64 [1/1] (0.65ns)   --->   "%add_ln19 = add i7 %o_load, i7 1" [/home/simics/HMoE/HLS_HMoE/pseudo_block/run_7/src/pseudo_moe.cpp:19]   --->   Operation 64 'add' 'add_ln19' <Predicate = (!icmp_ln19)> <Delay = 0.65> <CoreInst = "Adder">   --->   Core 1 'Adder' <Latency = 0> <II = 1> <Delay = 0.65> <FuncUnit> <Opcode : 'add' 'sub'> <InPorts = 2> <OutPorts = 1>
ST_1 : Operation 65 [1/1] (0.64ns)   --->   "%icmp_ln29 = icmp_eq  i4 %g_load, i4 8" [/home/simics/HMoE/HLS_HMoE/pseudo_block/run_7/src/pseudo_moe.cpp:29]   --->   Operation 65 'icmp' 'icmp_ln29' <Predicate = (!icmp_ln19)> <Delay = 0.64> <CoreInst = "Cmp">   --->   Core 9 'Cmp' <Latency = 0> <II = 1> <Delay = 0.64> <FuncUnit> <Opcode : 'icmp'> <InPorts = 2> <OutPorts = 1>
ST_1 : Operation 66 [1/1] (0.17ns)   --->   "%select_ln19 = select i1 %icmp_ln29, i4 0, i4 %g_load" [/home/simics/HMoE/HLS_HMoE/pseudo_block/run_7/src/pseudo_moe.cpp:19]   --->   Operation 66 'select' 'select_ln19' <Predicate = (!icmp_ln19)> <Delay = 0.17> <CoreInst = "Sel">   --->   Core 73 'Sel' <Latency = 0> <II = 1> <Delay = 0.17> <FuncUnit> <Opcode : 'select'> <InPorts = 3> <OutPorts = 1>
ST_1 : Operation 67 [1/1] (0.28ns)   --->   "%select_ln19_9 = select i1 %icmp_ln29, i7 %add_ln19, i7 %o_load" [/home/simics/HMoE/HLS_HMoE/pseudo_block/run_7/src/pseudo_moe.cpp:19]   --->   Operation 67 'select' 'select_ln19_9' <Predicate = (!icmp_ln19)> <Delay = 0.28> <CoreInst = "Sel">   --->   Core 73 'Sel' <Latency = 0> <II = 1> <Delay = 0.28> <FuncUnit> <Opcode : 'select'> <InPorts = 3> <OutPorts = 1>
ST_1 : Operation 68 [1/1] (0.00ns)   --->   "%zext_ln19 = zext i7 %select_ln19_9" [/home/simics/HMoE/HLS_HMoE/pseudo_block/run_7/src/pseudo_moe.cpp:19]   --->   Operation 68 'zext' 'zext_ln19' <Predicate = (!icmp_ln19)> <Delay = 0.00>
ST_1 : Operation 69 [1/1] (0.00ns)   --->   "%empty_76 = trunc i7 %select_ln19_9" [/home/simics/HMoE/HLS_HMoE/pseudo_block/run_7/src/pseudo_moe.cpp:19]   --->   Operation 69 'trunc' 'empty_76' <Predicate = (!icmp_ln19)> <Delay = 0.00>
ST_1 : Operation 70 [1/1] (0.00ns)   --->   "%p_udiv = bitconcatenate i9 @_ssdm_op_BitConcatenate.i9.i6.i3, i6 %empty_76, i3 0" [/home/simics/HMoE/HLS_HMoE/pseudo_block/run_7/src/pseudo_moe.cpp:19]   --->   Operation 70 'bitconcatenate' 'p_udiv' <Predicate = (!icmp_ln19)> <Delay = 0.00>
ST_1 : Operation 71 [1/1] (0.00ns)   --->   "%zext_ln35_9 = zext i4 %select_ln19" [/home/simics/HMoE/HLS_HMoE/pseudo_block/run_7/src/pseudo_moe.cpp:35]   --->   Operation 71 'zext' 'zext_ln35_9' <Predicate = (!icmp_ln19)> <Delay = 0.00>
ST_1 : Operation 72 [1/1] (0.65ns)   --->   "%add_ln35_1 = add i7 %zext_ln35_8_read, i7 %zext_ln35_9" [/home/simics/HMoE/HLS_HMoE/pseudo_block/run_7/src/pseudo_moe.cpp:35]   --->   Operation 72 'add' 'add_ln35_1' <Predicate = (!icmp_ln19)> <Delay = 0.65> <CoreInst = "Adder">   --->   Core 1 'Adder' <Latency = 0> <II = 1> <Delay = 0.65> <FuncUnit> <Opcode : 'add' 'sub'> <InPorts = 2> <OutPorts = 1>
ST_1 : Operation 73 [1/1] (0.00ns)   --->   "%zext_ln35_10 = zext i7 %add_ln35_1" [/home/simics/HMoE/HLS_HMoE/pseudo_block/run_7/src/pseudo_moe.cpp:35]   --->   Operation 73 'zext' 'zext_ln35_10' <Predicate = (!icmp_ln19)> <Delay = 0.00>
ST_1 : Operation 74 [1/1] (0.00ns)   --->   "%x_0_addr = getelementptr i32 %x_0, i64 0, i64 %zext_ln35_10" [/home/simics/HMoE/HLS_HMoE/pseudo_block/run_7/src/pseudo_moe.cpp:35]   --->   Operation 74 'getelementptr' 'x_0_addr' <Predicate = (!icmp_ln19)> <Delay = 0.00>
ST_1 : Operation 75 [1/1] (0.65ns)   --->   "%add_ln35_2 = add i7 %zext_ln35_7_read, i7 %zext_ln35_9" [/home/simics/HMoE/HLS_HMoE/pseudo_block/run_7/src/pseudo_moe.cpp:35]   --->   Operation 75 'add' 'add_ln35_2' <Predicate = (!icmp_ln19)> <Delay = 0.65> <CoreInst = "Adder">   --->   Core 1 'Adder' <Latency = 0> <II = 1> <Delay = 0.65> <FuncUnit> <Opcode : 'add' 'sub'> <InPorts = 2> <OutPorts = 1>
ST_1 : Operation 76 [1/1] (0.00ns)   --->   "%zext_ln35_11 = zext i7 %add_ln35_2" [/home/simics/HMoE/HLS_HMoE/pseudo_block/run_7/src/pseudo_moe.cpp:35]   --->   Operation 76 'zext' 'zext_ln35_11' <Predicate = (!icmp_ln19)> <Delay = 0.00>
ST_1 : Operation 77 [1/1] (0.00ns)   --->   "%x_1_addr = getelementptr i32 %x_1, i64 0, i64 %zext_ln35_11" [/home/simics/HMoE/HLS_HMoE/pseudo_block/run_7/src/pseudo_moe.cpp:35]   --->   Operation 77 'getelementptr' 'x_1_addr' <Predicate = (!icmp_ln19)> <Delay = 0.00>
ST_1 : Operation 78 [1/1] (0.65ns)   --->   "%add_ln35_3 = add i7 %zext_ln35_6_read, i7 %zext_ln35_9" [/home/simics/HMoE/HLS_HMoE/pseudo_block/run_7/src/pseudo_moe.cpp:35]   --->   Operation 78 'add' 'add_ln35_3' <Predicate = (!icmp_ln19)> <Delay = 0.65> <CoreInst = "Adder">   --->   Core 1 'Adder' <Latency = 0> <II = 1> <Delay = 0.65> <FuncUnit> <Opcode : 'add' 'sub'> <InPorts = 2> <OutPorts = 1>
ST_1 : Operation 79 [1/1] (0.00ns)   --->   "%zext_ln35_12 = zext i7 %add_ln35_3" [/home/simics/HMoE/HLS_HMoE/pseudo_block/run_7/src/pseudo_moe.cpp:35]   --->   Operation 79 'zext' 'zext_ln35_12' <Predicate = (!icmp_ln19)> <Delay = 0.00>
ST_1 : Operation 80 [1/1] (0.00ns)   --->   "%x_2_addr = getelementptr i32 %x_2, i64 0, i64 %zext_ln35_12" [/home/simics/HMoE/HLS_HMoE/pseudo_block/run_7/src/pseudo_moe.cpp:35]   --->   Operation 80 'getelementptr' 'x_2_addr' <Predicate = (!icmp_ln19)> <Delay = 0.00>
ST_1 : Operation 81 [1/1] (0.65ns)   --->   "%add_ln35_4 = add i7 %zext_ln35_5_read, i7 %zext_ln35_9" [/home/simics/HMoE/HLS_HMoE/pseudo_block/run_7/src/pseudo_moe.cpp:35]   --->   Operation 81 'add' 'add_ln35_4' <Predicate = (!icmp_ln19)> <Delay = 0.65> <CoreInst = "Adder">   --->   Core 1 'Adder' <Latency = 0> <II = 1> <Delay = 0.65> <FuncUnit> <Opcode : 'add' 'sub'> <InPorts = 2> <OutPorts = 1>
ST_1 : Operation 82 [1/1] (0.00ns)   --->   "%zext_ln35_13 = zext i7 %add_ln35_4" [/home/simics/HMoE/HLS_HMoE/pseudo_block/run_7/src/pseudo_moe.cpp:35]   --->   Operation 82 'zext' 'zext_ln35_13' <Predicate = (!icmp_ln19)> <Delay = 0.00>
ST_1 : Operation 83 [1/1] (0.00ns)   --->   "%x_3_addr = getelementptr i32 %x_3, i64 0, i64 %zext_ln35_13" [/home/simics/HMoE/HLS_HMoE/pseudo_block/run_7/src/pseudo_moe.cpp:35]   --->   Operation 83 'getelementptr' 'x_3_addr' <Predicate = (!icmp_ln19)> <Delay = 0.00>
ST_1 : Operation 84 [1/1] (0.65ns)   --->   "%add_ln35_5 = add i7 %zext_ln35_4_read, i7 %zext_ln35_9" [/home/simics/HMoE/HLS_HMoE/pseudo_block/run_7/src/pseudo_moe.cpp:35]   --->   Operation 84 'add' 'add_ln35_5' <Predicate = (!icmp_ln19)> <Delay = 0.65> <CoreInst = "Adder">   --->   Core 1 'Adder' <Latency = 0> <II = 1> <Delay = 0.65> <FuncUnit> <Opcode : 'add' 'sub'> <InPorts = 2> <OutPorts = 1>
ST_1 : Operation 85 [1/1] (0.00ns)   --->   "%zext_ln35_14 = zext i7 %add_ln35_5" [/home/simics/HMoE/HLS_HMoE/pseudo_block/run_7/src/pseudo_moe.cpp:35]   --->   Operation 85 'zext' 'zext_ln35_14' <Predicate = (!icmp_ln19)> <Delay = 0.00>
ST_1 : Operation 86 [1/1] (0.00ns)   --->   "%x_4_addr = getelementptr i32 %x_4, i64 0, i64 %zext_ln35_14" [/home/simics/HMoE/HLS_HMoE/pseudo_block/run_7/src/pseudo_moe.cpp:35]   --->   Operation 86 'getelementptr' 'x_4_addr' <Predicate = (!icmp_ln19)> <Delay = 0.00>
ST_1 : Operation 87 [1/1] (0.65ns)   --->   "%add_ln35_6 = add i7 %zext_ln35_3_read, i7 %zext_ln35_9" [/home/simics/HMoE/HLS_HMoE/pseudo_block/run_7/src/pseudo_moe.cpp:35]   --->   Operation 87 'add' 'add_ln35_6' <Predicate = (!icmp_ln19)> <Delay = 0.65> <CoreInst = "Adder">   --->   Core 1 'Adder' <Latency = 0> <II = 1> <Delay = 0.65> <FuncUnit> <Opcode : 'add' 'sub'> <InPorts = 2> <OutPorts = 1>
ST_1 : Operation 88 [1/1] (0.00ns)   --->   "%zext_ln35_15 = zext i7 %add_ln35_6" [/home/simics/HMoE/HLS_HMoE/pseudo_block/run_7/src/pseudo_moe.cpp:35]   --->   Operation 88 'zext' 'zext_ln35_15' <Predicate = (!icmp_ln19)> <Delay = 0.00>
ST_1 : Operation 89 [1/1] (0.00ns)   --->   "%x_5_addr = getelementptr i32 %x_5, i64 0, i64 %zext_ln35_15" [/home/simics/HMoE/HLS_HMoE/pseudo_block/run_7/src/pseudo_moe.cpp:35]   --->   Operation 89 'getelementptr' 'x_5_addr' <Predicate = (!icmp_ln19)> <Delay = 0.00>
ST_1 : Operation 90 [1/1] (0.65ns)   --->   "%add_ln35_7 = add i7 %zext_ln35_2_read, i7 %zext_ln35_9" [/home/simics/HMoE/HLS_HMoE/pseudo_block/run_7/src/pseudo_moe.cpp:35]   --->   Operation 90 'add' 'add_ln35_7' <Predicate = (!icmp_ln19)> <Delay = 0.65> <CoreInst = "Adder">   --->   Core 1 'Adder' <Latency = 0> <II = 1> <Delay = 0.65> <FuncUnit> <Opcode : 'add' 'sub'> <InPorts = 2> <OutPorts = 1>
ST_1 : Operation 91 [1/1] (0.00ns)   --->   "%zext_ln35_16 = zext i7 %add_ln35_7" [/home/simics/HMoE/HLS_HMoE/pseudo_block/run_7/src/pseudo_moe.cpp:35]   --->   Operation 91 'zext' 'zext_ln35_16' <Predicate = (!icmp_ln19)> <Delay = 0.00>
ST_1 : Operation 92 [1/1] (0.00ns)   --->   "%x_6_addr = getelementptr i32 %x_6, i64 0, i64 %zext_ln35_16" [/home/simics/HMoE/HLS_HMoE/pseudo_block/run_7/src/pseudo_moe.cpp:35]   --->   Operation 92 'getelementptr' 'x_6_addr' <Predicate = (!icmp_ln19)> <Delay = 0.00>
ST_1 : Operation 93 [1/1] (0.65ns)   --->   "%add_ln35_8 = add i7 %zext_ln35_1_read, i7 %zext_ln35_9" [/home/simics/HMoE/HLS_HMoE/pseudo_block/run_7/src/pseudo_moe.cpp:35]   --->   Operation 93 'add' 'add_ln35_8' <Predicate = (!icmp_ln19)> <Delay = 0.65> <CoreInst = "Adder">   --->   Core 1 'Adder' <Latency = 0> <II = 1> <Delay = 0.65> <FuncUnit> <Opcode : 'add' 'sub'> <InPorts = 2> <OutPorts = 1>
ST_1 : Operation 94 [1/1] (0.00ns)   --->   "%zext_ln35_17 = zext i7 %add_ln35_8" [/home/simics/HMoE/HLS_HMoE/pseudo_block/run_7/src/pseudo_moe.cpp:35]   --->   Operation 94 'zext' 'zext_ln35_17' <Predicate = (!icmp_ln19)> <Delay = 0.00>
ST_1 : Operation 95 [1/1] (0.00ns)   --->   "%x_7_addr = getelementptr i32 %x_7, i64 0, i64 %zext_ln35_17" [/home/simics/HMoE/HLS_HMoE/pseudo_block/run_7/src/pseudo_moe.cpp:35]   --->   Operation 95 'getelementptr' 'x_7_addr' <Predicate = (!icmp_ln19)> <Delay = 0.00>
ST_1 : Operation 96 [1/1] (0.00ns)   --->   "%zext_ln29 = zext i4 %select_ln19" [/home/simics/HMoE/HLS_HMoE/pseudo_block/run_7/src/pseudo_moe.cpp:29]   --->   Operation 96 'zext' 'zext_ln29' <Predicate = (!icmp_ln19)> <Delay = 0.00>
ST_1 : Operation 97 [2/2] (1.02ns)   --->   "%x_0_load = load i7 %x_0_addr" [/home/simics/HMoE/HLS_HMoE/pseudo_block/run_7/src/pseudo_moe.cpp:35]   --->   Operation 97 'load' 'x_0_load' <Predicate = (!icmp_ln19)> <Delay = 1.02> <CoreInst = "RAM_1WnR">   --->   Core 84 'RAM_1WnR' <Latency = 1> <II = 1> <Delay = 1.02> <Storage> <Opcode : 'load' 'store'> <Ports = 17> <Width = 32> <Depth = 80> <RAM>
ST_1 : Operation 98 [1/1] (0.65ns)   --->   "%add_ln35 = add i9 %zext_ln29, i9 %p_udiv" [/home/simics/HMoE/HLS_HMoE/pseudo_block/run_7/src/pseudo_moe.cpp:35]   --->   Operation 98 'add' 'add_ln35' <Predicate = (!icmp_ln19)> <Delay = 0.65> <CoreInst = "Adder">   --->   Core 1 'Adder' <Latency = 0> <II = 1> <Delay = 0.65> <FuncUnit> <Opcode : 'add' 'sub'> <InPorts = 2> <OutPorts = 1>
ST_1 : Operation 99 [1/1] (0.00ns)   --->   "%zext_ln35 = zext i9 %add_ln35" [/home/simics/HMoE/HLS_HMoE/pseudo_block/run_7/src/pseudo_moe.cpp:35]   --->   Operation 99 'zext' 'zext_ln35' <Predicate = (!icmp_ln19)> <Delay = 0.00>
ST_1 : Operation 100 [1/1] (0.00ns)   --->   "%w_0_addr = getelementptr i32 %w_0, i64 0, i64 %zext_ln35" [/home/simics/HMoE/HLS_HMoE/pseudo_block/run_7/src/pseudo_moe.cpp:35]   --->   Operation 100 'getelementptr' 'w_0_addr' <Predicate = (!icmp_ln19)> <Delay = 0.00>
ST_1 : Operation 101 [2/2] (1.02ns)   --->   "%w_0_load = load i9 %w_0_addr" [/home/simics/HMoE/HLS_HMoE/pseudo_block/run_7/src/pseudo_moe.cpp:35]   --->   Operation 101 'load' 'w_0_load' <Predicate = (!icmp_ln19)> <Delay = 1.02> <CoreInst = "RAM">   --->   Core 83 'RAM' <Latency = 1> <II = 1> <Delay = 1.02> <Storage> <Opcode : 'load' 'store'> <Ports = 2> <Width = 32> <Depth = 512> <RAM>
ST_1 : Operation 102 [2/2] (1.02ns)   --->   "%x_1_load = load i7 %x_1_addr" [/home/simics/HMoE/HLS_HMoE/pseudo_block/run_7/src/pseudo_moe.cpp:35]   --->   Operation 102 'load' 'x_1_load' <Predicate = (!icmp_ln19)> <Delay = 1.02> <CoreInst = "RAM_1WnR">   --->   Core 84 'RAM_1WnR' <Latency = 1> <II = 1> <Delay = 1.02> <Storage> <Opcode : 'load' 'store'> <Ports = 17> <Width = 32> <Depth = 80> <RAM>
ST_1 : Operation 103 [2/2] (1.02ns)   --->   "%x_2_load = load i7 %x_2_addr" [/home/simics/HMoE/HLS_HMoE/pseudo_block/run_7/src/pseudo_moe.cpp:35]   --->   Operation 103 'load' 'x_2_load' <Predicate = (!icmp_ln19)> <Delay = 1.02> <CoreInst = "RAM_1WnR">   --->   Core 84 'RAM_1WnR' <Latency = 1> <II = 1> <Delay = 1.02> <Storage> <Opcode : 'load' 'store'> <Ports = 17> <Width = 32> <Depth = 80> <RAM>
ST_1 : Operation 104 [2/2] (1.02ns)   --->   "%x_3_load = load i7 %x_3_addr" [/home/simics/HMoE/HLS_HMoE/pseudo_block/run_7/src/pseudo_moe.cpp:35]   --->   Operation 104 'load' 'x_3_load' <Predicate = (!icmp_ln19)> <Delay = 1.02> <CoreInst = "RAM_1WnR">   --->   Core 84 'RAM_1WnR' <Latency = 1> <II = 1> <Delay = 1.02> <Storage> <Opcode : 'load' 'store'> <Ports = 17> <Width = 32> <Depth = 80> <RAM>
ST_1 : Operation 105 [2/2] (1.02ns)   --->   "%x_4_load = load i7 %x_4_addr" [/home/simics/HMoE/HLS_HMoE/pseudo_block/run_7/src/pseudo_moe.cpp:35]   --->   Operation 105 'load' 'x_4_load' <Predicate = (!icmp_ln19)> <Delay = 1.02> <CoreInst = "RAM_1WnR">   --->   Core 84 'RAM_1WnR' <Latency = 1> <II = 1> <Delay = 1.02> <Storage> <Opcode : 'load' 'store'> <Ports = 17> <Width = 32> <Depth = 80> <RAM>
ST_1 : Operation 106 [2/2] (1.02ns)   --->   "%x_5_load = load i7 %x_5_addr" [/home/simics/HMoE/HLS_HMoE/pseudo_block/run_7/src/pseudo_moe.cpp:35]   --->   Operation 106 'load' 'x_5_load' <Predicate = (!icmp_ln19)> <Delay = 1.02> <CoreInst = "RAM_1WnR">   --->   Core 84 'RAM_1WnR' <Latency = 1> <II = 1> <Delay = 1.02> <Storage> <Opcode : 'load' 'store'> <Ports = 17> <Width = 32> <Depth = 80> <RAM>
ST_1 : Operation 107 [2/2] (1.02ns)   --->   "%x_6_load = load i7 %x_6_addr" [/home/simics/HMoE/HLS_HMoE/pseudo_block/run_7/src/pseudo_moe.cpp:35]   --->   Operation 107 'load' 'x_6_load' <Predicate = (!icmp_ln19)> <Delay = 1.02> <CoreInst = "RAM_1WnR">   --->   Core 84 'RAM_1WnR' <Latency = 1> <II = 1> <Delay = 1.02> <Storage> <Opcode : 'load' 'store'> <Ports = 17> <Width = 32> <Depth = 80> <RAM>
ST_1 : Operation 108 [2/2] (1.02ns)   --->   "%x_7_load = load i7 %x_7_addr" [/home/simics/HMoE/HLS_HMoE/pseudo_block/run_7/src/pseudo_moe.cpp:35]   --->   Operation 108 'load' 'x_7_load' <Predicate = (!icmp_ln19)> <Delay = 1.02> <CoreInst = "RAM_1WnR">   --->   Core 84 'RAM_1WnR' <Latency = 1> <II = 1> <Delay = 1.02> <Storage> <Opcode : 'load' 'store'> <Ports = 17> <Width = 32> <Depth = 80> <RAM>
ST_1 : Operation 109 [1/1] (0.64ns)   --->   "%add_ln29 = add i4 %select_ln19, i4 1" [/home/simics/HMoE/HLS_HMoE/pseudo_block/run_7/src/pseudo_moe.cpp:29]   --->   Operation 109 'add' 'add_ln29' <Predicate = (!icmp_ln19)> <Delay = 0.64> <CoreInst = "Adder">   --->   Core 1 'Adder' <Latency = 0> <II = 1> <Delay = 0.64> <FuncUnit> <Opcode : 'add' 'sub'> <InPorts = 2> <OutPorts = 1>
ST_1 : Operation 110 [1/1] (0.64ns)   --->   "%icmp_ln29_1 = icmp_eq  i4 %add_ln29, i4 8" [/home/simics/HMoE/HLS_HMoE/pseudo_block/run_7/src/pseudo_moe.cpp:29]   --->   Operation 110 'icmp' 'icmp_ln29_1' <Predicate = (!icmp_ln19)> <Delay = 0.64> <CoreInst = "Cmp">   --->   Core 9 'Cmp' <Latency = 0> <II = 1> <Delay = 0.64> <FuncUnit> <Opcode : 'icmp'> <InPorts = 2> <OutPorts = 1>
ST_1 : Operation 111 [1/1] (0.00ns)   --->   "%result_addr = getelementptr i32 %result, i64 0, i64 %zext_ln19" [/home/simics/HMoE/HLS_HMoE/pseudo_block/run_7/src/pseudo_moe.cpp:46]   --->   Operation 111 'getelementptr' 'result_addr' <Predicate = (!icmp_ln19)> <Delay = 0.00>
ST_1 : Operation 112 [1/1] (0.00ns)   --->   "%br_ln29 = br i1 %icmp_ln29_1, void %new.latch.VITIS_LOOP_32_4.split, void %last.iter.VITIS_LOOP_32_4.split" [/home/simics/HMoE/HLS_HMoE/pseudo_block/run_7/src/pseudo_moe.cpp:29]   --->   Operation 112 'br' 'br_ln29' <Predicate = (!icmp_ln19)> <Delay = 0.00>
ST_1 : Operation 113 [1/1] (0.36ns)   --->   "%store_ln19 = store i10 %add_ln19_1, i10 %indvar_flatten" [/home/simics/HMoE/HLS_HMoE/pseudo_block/run_7/src/pseudo_moe.cpp:19]   --->   Operation 113 'store' 'store_ln19' <Predicate = (!icmp_ln19)> <Delay = 0.36>
ST_1 : Operation 114 [1/1] (0.36ns)   --->   "%store_ln19 = store i7 %select_ln19_9, i7 %o" [/home/simics/HMoE/HLS_HMoE/pseudo_block/run_7/src/pseudo_moe.cpp:19]   --->   Operation 114 'store' 'store_ln19' <Predicate = (!icmp_ln19)> <Delay = 0.36>
ST_1 : Operation 115 [1/1] (0.36ns)   --->   "%store_ln29 = store i4 %add_ln29, i4 %g" [/home/simics/HMoE/HLS_HMoE/pseudo_block/run_7/src/pseudo_moe.cpp:29]   --->   Operation 115 'store' 'store_ln29' <Predicate = (!icmp_ln19)> <Delay = 0.36>

State 2 <SV = 1> <Delay = 4.90>
ST_2 : Operation 116 [1/2] (1.02ns)   --->   "%x_0_load = load i7 %x_0_addr" [/home/simics/HMoE/HLS_HMoE/pseudo_block/run_7/src/pseudo_moe.cpp:35]   --->   Operation 116 'load' 'x_0_load' <Predicate = true> <Delay = 1.02> <CoreInst = "RAM_1WnR">   --->   Core 84 'RAM_1WnR' <Latency = 1> <II = 1> <Delay = 1.02> <Storage> <Opcode : 'load' 'store'> <Ports = 17> <Width = 32> <Depth = 80> <RAM>
ST_2 : Operation 117 [1/2] (1.02ns)   --->   "%w_0_load = load i9 %w_0_addr" [/home/simics/HMoE/HLS_HMoE/pseudo_block/run_7/src/pseudo_moe.cpp:35]   --->   Operation 117 'load' 'w_0_load' <Predicate = true> <Delay = 1.02> <CoreInst = "RAM">   --->   Core 83 'RAM' <Latency = 1> <II = 1> <Delay = 1.02> <Storage> <Opcode : 'load' 'store'> <Ports = 2> <Width = 32> <Depth = 512> <RAM>
ST_2 : Operation 118 [2/2] (3.88ns)   --->   "%mul = fmul i32 %x_0_load, i32 %w_0_load" [/home/simics/HMoE/HLS_HMoE/pseudo_block/run_7/src/pseudo_moe.cpp:35]   --->   Operation 118 'fmul' 'mul' <Predicate = true> <Delay = 3.88> <CoreInst = "FMul_maxdsp">   --->   Core 30 'FMul_maxdsp' <Latency = 1> <II = 1> <Delay = 3.88> <FuncUnit> <Opcode : 'fmul'> <InPorts = 2> <OutPorts = 1>
ST_2 : Operation 119 [1/2] (1.02ns)   --->   "%x_1_load = load i7 %x_1_addr" [/home/simics/HMoE/HLS_HMoE/pseudo_block/run_7/src/pseudo_moe.cpp:35]   --->   Operation 119 'load' 'x_1_load' <Predicate = true> <Delay = 1.02> <CoreInst = "RAM_1WnR">   --->   Core 84 'RAM_1WnR' <Latency = 1> <II = 1> <Delay = 1.02> <Storage> <Opcode : 'load' 'store'> <Ports = 17> <Width = 32> <Depth = 80> <RAM>
ST_2 : Operation 120 [1/2] (1.02ns)   --->   "%x_2_load = load i7 %x_2_addr" [/home/simics/HMoE/HLS_HMoE/pseudo_block/run_7/src/pseudo_moe.cpp:35]   --->   Operation 120 'load' 'x_2_load' <Predicate = true> <Delay = 1.02> <CoreInst = "RAM_1WnR">   --->   Core 84 'RAM_1WnR' <Latency = 1> <II = 1> <Delay = 1.02> <Storage> <Opcode : 'load' 'store'> <Ports = 17> <Width = 32> <Depth = 80> <RAM>
ST_2 : Operation 121 [1/2] (1.02ns)   --->   "%x_3_load = load i7 %x_3_addr" [/home/simics/HMoE/HLS_HMoE/pseudo_block/run_7/src/pseudo_moe.cpp:35]   --->   Operation 121 'load' 'x_3_load' <Predicate = true> <Delay = 1.02> <CoreInst = "RAM_1WnR">   --->   Core 84 'RAM_1WnR' <Latency = 1> <II = 1> <Delay = 1.02> <Storage> <Opcode : 'load' 'store'> <Ports = 17> <Width = 32> <Depth = 80> <RAM>
ST_2 : Operation 122 [1/2] (1.02ns)   --->   "%x_4_load = load i7 %x_4_addr" [/home/simics/HMoE/HLS_HMoE/pseudo_block/run_7/src/pseudo_moe.cpp:35]   --->   Operation 122 'load' 'x_4_load' <Predicate = true> <Delay = 1.02> <CoreInst = "RAM_1WnR">   --->   Core 84 'RAM_1WnR' <Latency = 1> <II = 1> <Delay = 1.02> <Storage> <Opcode : 'load' 'store'> <Ports = 17> <Width = 32> <Depth = 80> <RAM>
ST_2 : Operation 123 [1/2] (1.02ns)   --->   "%x_5_load = load i7 %x_5_addr" [/home/simics/HMoE/HLS_HMoE/pseudo_block/run_7/src/pseudo_moe.cpp:35]   --->   Operation 123 'load' 'x_5_load' <Predicate = true> <Delay = 1.02> <CoreInst = "RAM_1WnR">   --->   Core 84 'RAM_1WnR' <Latency = 1> <II = 1> <Delay = 1.02> <Storage> <Opcode : 'load' 'store'> <Ports = 17> <Width = 32> <Depth = 80> <RAM>
ST_2 : Operation 124 [1/2] (1.02ns)   --->   "%x_6_load = load i7 %x_6_addr" [/home/simics/HMoE/HLS_HMoE/pseudo_block/run_7/src/pseudo_moe.cpp:35]   --->   Operation 124 'load' 'x_6_load' <Predicate = true> <Delay = 1.02> <CoreInst = "RAM_1WnR">   --->   Core 84 'RAM_1WnR' <Latency = 1> <II = 1> <Delay = 1.02> <Storage> <Opcode : 'load' 'store'> <Ports = 17> <Width = 32> <Depth = 80> <RAM>
ST_2 : Operation 125 [1/2] (1.02ns)   --->   "%x_7_load = load i7 %x_7_addr" [/home/simics/HMoE/HLS_HMoE/pseudo_block/run_7/src/pseudo_moe.cpp:35]   --->   Operation 125 'load' 'x_7_load' <Predicate = true> <Delay = 1.02> <CoreInst = "RAM_1WnR">   --->   Core 84 'RAM_1WnR' <Latency = 1> <II = 1> <Delay = 1.02> <Storage> <Opcode : 'load' 'store'> <Ports = 17> <Width = 32> <Depth = 80> <RAM>

State 3 <SV = 2> <Delay = 3.88>
ST_3 : Operation 126 [1/2] (3.88ns)   --->   "%mul = fmul i32 %x_0_load, i32 %w_0_load" [/home/simics/HMoE/HLS_HMoE/pseudo_block/run_7/src/pseudo_moe.cpp:35]   --->   Operation 126 'fmul' 'mul' <Predicate = true> <Delay = 3.88> <CoreInst = "FMul_maxdsp">   --->   Core 30 'FMul_maxdsp' <Latency = 1> <II = 1> <Delay = 3.88> <FuncUnit> <Opcode : 'fmul'> <InPorts = 2> <OutPorts = 1>
ST_3 : Operation 127 [1/1] (0.00ns)   --->   "%w_1_addr = getelementptr i32 %w_1, i64 0, i64 %zext_ln35" [/home/simics/HMoE/HLS_HMoE/pseudo_block/run_7/src/pseudo_moe.cpp:35]   --->   Operation 127 'getelementptr' 'w_1_addr' <Predicate = true> <Delay = 0.00>
ST_3 : Operation 128 [2/2] (1.02ns)   --->   "%w_1_load = load i9 %w_1_addr" [/home/simics/HMoE/HLS_HMoE/pseudo_block/run_7/src/pseudo_moe.cpp:35]   --->   Operation 128 'load' 'w_1_load' <Predicate = true> <Delay = 1.02> <CoreInst = "RAM">   --->   Core 83 'RAM' <Latency = 1> <II = 1> <Delay = 1.02> <Storage> <Opcode : 'load' 'store'> <Ports = 2> <Width = 32> <Depth = 512> <RAM>

State 4 <SV = 3> <Delay = 6.26>
ST_4 : Operation 129 [1/1] (0.00ns)   --->   "%p_load31 = load i32 %empty" [/home/simics/HMoE/HLS_HMoE/pseudo_block/run_7/src/pseudo_moe.cpp:19]   --->   Operation 129 'load' 'p_load31' <Predicate = (!icmp_ln29)> <Delay = 0.00>
ST_4 : Operation 130 [1/1] (0.21ns)   --->   "%select_ln19_8 = select i1 %icmp_ln29, i32 0, i32 %p_load31" [/home/simics/HMoE/HLS_HMoE/pseudo_block/run_7/src/pseudo_moe.cpp:19]   --->   Operation 130 'select' 'select_ln19_8' <Predicate = true> <Delay = 0.21> <CoreInst = "Sel">   --->   Core 73 'Sel' <Latency = 0> <II = 1> <Delay = 0.21> <FuncUnit> <Opcode : 'select'> <InPorts = 3> <OutPorts = 1>
ST_4 : Operation 131 [2/2] (6.04ns)   --->   "%add = fadd i32 %select_ln19_8, i32 %mul" [/home/simics/HMoE/HLS_HMoE/pseudo_block/run_7/src/pseudo_moe.cpp:35]   --->   Operation 131 'fadd' 'add' <Predicate = true> <Delay = 6.04> <CoreInst = "FAddSub_fulldsp">   --->   Core 18 'FAddSub_fulldsp' <Latency = 1> <II = 1> <Delay = 6.04> <FuncUnit> <Opcode : 'fadd' 'fsub'> <InPorts = 2> <OutPorts = 1>
ST_4 : Operation 132 [1/2] (1.02ns)   --->   "%w_1_load = load i9 %w_1_addr" [/home/simics/HMoE/HLS_HMoE/pseudo_block/run_7/src/pseudo_moe.cpp:35]   --->   Operation 132 'load' 'w_1_load' <Predicate = true> <Delay = 1.02> <CoreInst = "RAM">   --->   Core 83 'RAM' <Latency = 1> <II = 1> <Delay = 1.02> <Storage> <Opcode : 'load' 'store'> <Ports = 2> <Width = 32> <Depth = 512> <RAM>
ST_4 : Operation 133 [2/2] (3.88ns)   --->   "%mul20_1 = fmul i32 %x_1_load, i32 %w_1_load" [/home/simics/HMoE/HLS_HMoE/pseudo_block/run_7/src/pseudo_moe.cpp:35]   --->   Operation 133 'fmul' 'mul20_1' <Predicate = true> <Delay = 3.88> <CoreInst = "FMul_maxdsp">   --->   Core 30 'FMul_maxdsp' <Latency = 1> <II = 1> <Delay = 3.88> <FuncUnit> <Opcode : 'fmul'> <InPorts = 2> <OutPorts = 1>

State 5 <SV = 4> <Delay = 7.30>
ST_5 : Operation 134 [1/1] (0.00ns)   --->   "%gmem4_addr = getelementptr i32 %gmem4, i64 %sext_ln19_cast" [/home/simics/HMoE/HLS_HMoE/pseudo_block/run_7/src/pseudo_moe.cpp:19]   --->   Operation 134 'getelementptr' 'gmem4_addr' <Predicate = true> <Delay = 0.00>
ST_5 : Operation 135 [1/2] (6.04ns)   --->   "%add = fadd i32 %select_ln19_8, i32 %mul" [/home/simics/HMoE/HLS_HMoE/pseudo_block/run_7/src/pseudo_moe.cpp:35]   --->   Operation 135 'fadd' 'add' <Predicate = true> <Delay = 6.04> <CoreInst = "FAddSub_fulldsp">   --->   Core 18 'FAddSub_fulldsp' <Latency = 1> <II = 1> <Delay = 6.04> <FuncUnit> <Opcode : 'fadd' 'fsub'> <InPorts = 2> <OutPorts = 1>
ST_5 : Operation 136 [1/2] (3.88ns)   --->   "%mul20_1 = fmul i32 %x_1_load, i32 %w_1_load" [/home/simics/HMoE/HLS_HMoE/pseudo_block/run_7/src/pseudo_moe.cpp:35]   --->   Operation 136 'fmul' 'mul20_1' <Predicate = true> <Delay = 3.88> <CoreInst = "FMul_maxdsp">   --->   Core 30 'FMul_maxdsp' <Latency = 1> <II = 1> <Delay = 3.88> <FuncUnit> <Opcode : 'fmul'> <InPorts = 2> <OutPorts = 1>
ST_5 : Operation 137 [1/1] (0.00ns)   --->   "%w_2_addr = getelementptr i32 %w_2, i64 0, i64 %zext_ln35" [/home/simics/HMoE/HLS_HMoE/pseudo_block/run_7/src/pseudo_moe.cpp:35]   --->   Operation 137 'getelementptr' 'w_2_addr' <Predicate = true> <Delay = 0.00>
ST_5 : Operation 138 [2/2] (1.02ns)   --->   "%w_2_load = load i9 %w_2_addr" [/home/simics/HMoE/HLS_HMoE/pseudo_block/run_7/src/pseudo_moe.cpp:35]   --->   Operation 138 'load' 'w_2_load' <Predicate = true> <Delay = 1.02> <CoreInst = "RAM">   --->   Core 83 'RAM' <Latency = 1> <II = 1> <Delay = 1.02> <Storage> <Opcode : 'load' 'store'> <Ports = 2> <Width = 32> <Depth = 512> <RAM>
ST_5 : Operation 139 [1/1] (7.30ns)   --->   "%gmem4_addr_read = read i32 @_ssdm_op_Read.m_axi.p1i32, i32 %gmem4_addr" [/home/simics/HMoE/HLS_HMoE/pseudo_block/run_7/src/pseudo_moe.cpp:39]   --->   Operation 139 'read' 'gmem4_addr_read' <Predicate = (icmp_ln29_1)> <Delay = 7.30> <CoreInst = "m_axi">   --->   Core 121 'm_axi' <Latency = 0> <II = 1> <Delay = 1.00> <Adapter> <Opcode : 'read' 'write' 'readreq' 'writereq' 'writeresp'>
ST_5 : Operation 140 [1/1] (0.36ns)   --->   "%store_ln35 = store i32 %add, i32 %empty" [/home/simics/HMoE/HLS_HMoE/pseudo_block/run_7/src/pseudo_moe.cpp:35]   --->   Operation 140 'store' 'store_ln35' <Predicate = true> <Delay = 0.36>

State 6 <SV = 5> <Delay = 6.26>
ST_6 : Operation 141 [1/1] (0.00ns)   --->   "%p_load30 = load i32 %empty_69" [/home/simics/HMoE/HLS_HMoE/pseudo_block/run_7/src/pseudo_moe.cpp:19]   --->   Operation 141 'load' 'p_load30' <Predicate = (!icmp_ln29)> <Delay = 0.00>
ST_6 : Operation 142 [1/1] (0.21ns)   --->   "%select_ln19_7 = select i1 %icmp_ln29, i32 0, i32 %p_load30" [/home/simics/HMoE/HLS_HMoE/pseudo_block/run_7/src/pseudo_moe.cpp:19]   --->   Operation 142 'select' 'select_ln19_7' <Predicate = true> <Delay = 0.21> <CoreInst = "Sel">   --->   Core 73 'Sel' <Latency = 0> <II = 1> <Delay = 0.21> <FuncUnit> <Opcode : 'select'> <InPorts = 3> <OutPorts = 1>
ST_6 : Operation 143 [2/2] (6.04ns)   --->   "%add23_1 = fadd i32 %select_ln19_7, i32 %mul20_1" [/home/simics/HMoE/HLS_HMoE/pseudo_block/run_7/src/pseudo_moe.cpp:35]   --->   Operation 143 'fadd' 'add23_1' <Predicate = true> <Delay = 6.04> <CoreInst = "FAddSub_fulldsp">   --->   Core 18 'FAddSub_fulldsp' <Latency = 1> <II = 1> <Delay = 6.04> <FuncUnit> <Opcode : 'fadd' 'fsub'> <InPorts = 2> <OutPorts = 1>
ST_6 : Operation 144 [1/2] (1.02ns)   --->   "%w_2_load = load i9 %w_2_addr" [/home/simics/HMoE/HLS_HMoE/pseudo_block/run_7/src/pseudo_moe.cpp:35]   --->   Operation 144 'load' 'w_2_load' <Predicate = true> <Delay = 1.02> <CoreInst = "RAM">   --->   Core 83 'RAM' <Latency = 1> <II = 1> <Delay = 1.02> <Storage> <Opcode : 'load' 'store'> <Ports = 2> <Width = 32> <Depth = 512> <RAM>
ST_6 : Operation 145 [2/2] (3.88ns)   --->   "%mul20_2 = fmul i32 %x_2_load, i32 %w_2_load" [/home/simics/HMoE/HLS_HMoE/pseudo_block/run_7/src/pseudo_moe.cpp:35]   --->   Operation 145 'fmul' 'mul20_2' <Predicate = true> <Delay = 3.88> <CoreInst = "FMul_maxdsp">   --->   Core 30 'FMul_maxdsp' <Latency = 1> <II = 1> <Delay = 3.88> <FuncUnit> <Opcode : 'fmul'> <InPorts = 2> <OutPorts = 1>
ST_6 : Operation 146 [1/1] (0.00ns)   --->   "%acc = bitcast i32 %gmem4_addr_read" [/home/simics/HMoE/HLS_HMoE/pseudo_block/run_7/src/pseudo_moe.cpp:39]   --->   Operation 146 'bitcast' 'acc' <Predicate = (icmp_ln29_1)> <Delay = 0.00>
ST_6 : Operation 147 [2/2] (6.04ns)   --->   "%acc_65 = fadd i32 %acc, i32 %add" [/home/simics/HMoE/HLS_HMoE/pseudo_block/run_7/src/pseudo_moe.cpp:43]   --->   Operation 147 'fadd' 'acc_65' <Predicate = (icmp_ln29_1)> <Delay = 6.04> <CoreInst = "FAddSub_fulldsp">   --->   Core 18 'FAddSub_fulldsp' <Latency = 1> <II = 1> <Delay = 6.04> <FuncUnit> <Opcode : 'fadd' 'fsub'> <InPorts = 2> <OutPorts = 1>

State 7 <SV = 6> <Delay = 6.40>
ST_7 : Operation 148 [1/2] (6.04ns)   --->   "%add23_1 = fadd i32 %select_ln19_7, i32 %mul20_1" [/home/simics/HMoE/HLS_HMoE/pseudo_block/run_7/src/pseudo_moe.cpp:35]   --->   Operation 148 'fadd' 'add23_1' <Predicate = true> <Delay = 6.04> <CoreInst = "FAddSub_fulldsp">   --->   Core 18 'FAddSub_fulldsp' <Latency = 1> <II = 1> <Delay = 6.04> <FuncUnit> <Opcode : 'fadd' 'fsub'> <InPorts = 2> <OutPorts = 1>
ST_7 : Operation 149 [1/2] (3.88ns)   --->   "%mul20_2 = fmul i32 %x_2_load, i32 %w_2_load" [/home/simics/HMoE/HLS_HMoE/pseudo_block/run_7/src/pseudo_moe.cpp:35]   --->   Operation 149 'fmul' 'mul20_2' <Predicate = true> <Delay = 3.88> <CoreInst = "FMul_maxdsp">   --->   Core 30 'FMul_maxdsp' <Latency = 1> <II = 1> <Delay = 3.88> <FuncUnit> <Opcode : 'fmul'> <InPorts = 2> <OutPorts = 1>
ST_7 : Operation 150 [1/1] (0.00ns)   --->   "%w_3_addr = getelementptr i32 %w_3, i64 0, i64 %zext_ln35" [/home/simics/HMoE/HLS_HMoE/pseudo_block/run_7/src/pseudo_moe.cpp:35]   --->   Operation 150 'getelementptr' 'w_3_addr' <Predicate = true> <Delay = 0.00>
ST_7 : Operation 151 [2/2] (1.02ns)   --->   "%w_3_load = load i9 %w_3_addr" [/home/simics/HMoE/HLS_HMoE/pseudo_block/run_7/src/pseudo_moe.cpp:35]   --->   Operation 151 'load' 'w_3_load' <Predicate = true> <Delay = 1.02> <CoreInst = "RAM">   --->   Core 83 'RAM' <Latency = 1> <II = 1> <Delay = 1.02> <Storage> <Opcode : 'load' 'store'> <Ports = 2> <Width = 32> <Depth = 512> <RAM>
ST_7 : Operation 152 [1/2] (6.04ns)   --->   "%acc_65 = fadd i32 %acc, i32 %add" [/home/simics/HMoE/HLS_HMoE/pseudo_block/run_7/src/pseudo_moe.cpp:43]   --->   Operation 152 'fadd' 'acc_65' <Predicate = (icmp_ln29_1)> <Delay = 6.04> <CoreInst = "FAddSub_fulldsp">   --->   Core 18 'FAddSub_fulldsp' <Latency = 1> <II = 1> <Delay = 6.04> <FuncUnit> <Opcode : 'fadd' 'fsub'> <InPorts = 2> <OutPorts = 1>
ST_7 : Operation 153 [1/1] (0.36ns)   --->   "%store_ln35 = store i32 %add23_1, i32 %empty_69" [/home/simics/HMoE/HLS_HMoE/pseudo_block/run_7/src/pseudo_moe.cpp:35]   --->   Operation 153 'store' 'store_ln35' <Predicate = true> <Delay = 0.36>

State 8 <SV = 7> <Delay = 6.26>
ST_8 : Operation 154 [1/1] (0.00ns)   --->   "%p_load29 = load i32 %empty_70" [/home/simics/HMoE/HLS_HMoE/pseudo_block/run_7/src/pseudo_moe.cpp:19]   --->   Operation 154 'load' 'p_load29' <Predicate = (!icmp_ln29)> <Delay = 0.00>
ST_8 : Operation 155 [1/1] (0.21ns)   --->   "%select_ln19_6 = select i1 %icmp_ln29, i32 0, i32 %p_load29" [/home/simics/HMoE/HLS_HMoE/pseudo_block/run_7/src/pseudo_moe.cpp:19]   --->   Operation 155 'select' 'select_ln19_6' <Predicate = true> <Delay = 0.21> <CoreInst = "Sel">   --->   Core 73 'Sel' <Latency = 0> <II = 1> <Delay = 0.21> <FuncUnit> <Opcode : 'select'> <InPorts = 3> <OutPorts = 1>
ST_8 : Operation 156 [2/2] (6.04ns)   --->   "%add23_2 = fadd i32 %select_ln19_6, i32 %mul20_2" [/home/simics/HMoE/HLS_HMoE/pseudo_block/run_7/src/pseudo_moe.cpp:35]   --->   Operation 156 'fadd' 'add23_2' <Predicate = true> <Delay = 6.04> <CoreInst = "FAddSub_fulldsp">   --->   Core 18 'FAddSub_fulldsp' <Latency = 1> <II = 1> <Delay = 6.04> <FuncUnit> <Opcode : 'fadd' 'fsub'> <InPorts = 2> <OutPorts = 1>
ST_8 : Operation 157 [1/2] (1.02ns)   --->   "%w_3_load = load i9 %w_3_addr" [/home/simics/HMoE/HLS_HMoE/pseudo_block/run_7/src/pseudo_moe.cpp:35]   --->   Operation 157 'load' 'w_3_load' <Predicate = true> <Delay = 1.02> <CoreInst = "RAM">   --->   Core 83 'RAM' <Latency = 1> <II = 1> <Delay = 1.02> <Storage> <Opcode : 'load' 'store'> <Ports = 2> <Width = 32> <Depth = 512> <RAM>
ST_8 : Operation 158 [2/2] (3.88ns)   --->   "%mul20_3 = fmul i32 %x_3_load, i32 %w_3_load" [/home/simics/HMoE/HLS_HMoE/pseudo_block/run_7/src/pseudo_moe.cpp:35]   --->   Operation 158 'fmul' 'mul20_3' <Predicate = true> <Delay = 3.88> <CoreInst = "FMul_maxdsp">   --->   Core 30 'FMul_maxdsp' <Latency = 1> <II = 1> <Delay = 3.88> <FuncUnit> <Opcode : 'fmul'> <InPorts = 2> <OutPorts = 1>
ST_8 : Operation 159 [2/2] (6.04ns)   --->   "%acc_66 = fadd i32 %acc_65, i32 %add23_1" [/home/simics/HMoE/HLS_HMoE/pseudo_block/run_7/src/pseudo_moe.cpp:43]   --->   Operation 159 'fadd' 'acc_66' <Predicate = (icmp_ln29_1)> <Delay = 6.04> <CoreInst = "FAddSub_fulldsp">   --->   Core 18 'FAddSub_fulldsp' <Latency = 1> <II = 1> <Delay = 6.04> <FuncUnit> <Opcode : 'fadd' 'fsub'> <InPorts = 2> <OutPorts = 1>

State 9 <SV = 8> <Delay = 6.40>
ST_9 : Operation 160 [1/2] (6.04ns)   --->   "%add23_2 = fadd i32 %select_ln19_6, i32 %mul20_2" [/home/simics/HMoE/HLS_HMoE/pseudo_block/run_7/src/pseudo_moe.cpp:35]   --->   Operation 160 'fadd' 'add23_2' <Predicate = true> <Delay = 6.04> <CoreInst = "FAddSub_fulldsp">   --->   Core 18 'FAddSub_fulldsp' <Latency = 1> <II = 1> <Delay = 6.04> <FuncUnit> <Opcode : 'fadd' 'fsub'> <InPorts = 2> <OutPorts = 1>
ST_9 : Operation 161 [1/2] (3.88ns)   --->   "%mul20_3 = fmul i32 %x_3_load, i32 %w_3_load" [/home/simics/HMoE/HLS_HMoE/pseudo_block/run_7/src/pseudo_moe.cpp:35]   --->   Operation 161 'fmul' 'mul20_3' <Predicate = true> <Delay = 3.88> <CoreInst = "FMul_maxdsp">   --->   Core 30 'FMul_maxdsp' <Latency = 1> <II = 1> <Delay = 3.88> <FuncUnit> <Opcode : 'fmul'> <InPorts = 2> <OutPorts = 1>
ST_9 : Operation 162 [1/1] (0.00ns)   --->   "%w_4_addr = getelementptr i32 %w_4, i64 0, i64 %zext_ln35" [/home/simics/HMoE/HLS_HMoE/pseudo_block/run_7/src/pseudo_moe.cpp:35]   --->   Operation 162 'getelementptr' 'w_4_addr' <Predicate = true> <Delay = 0.00>
ST_9 : Operation 163 [2/2] (1.02ns)   --->   "%w_4_load = load i9 %w_4_addr" [/home/simics/HMoE/HLS_HMoE/pseudo_block/run_7/src/pseudo_moe.cpp:35]   --->   Operation 163 'load' 'w_4_load' <Predicate = true> <Delay = 1.02> <CoreInst = "RAM">   --->   Core 83 'RAM' <Latency = 1> <II = 1> <Delay = 1.02> <Storage> <Opcode : 'load' 'store'> <Ports = 2> <Width = 32> <Depth = 512> <RAM>
ST_9 : Operation 164 [1/2] (6.04ns)   --->   "%acc_66 = fadd i32 %acc_65, i32 %add23_1" [/home/simics/HMoE/HLS_HMoE/pseudo_block/run_7/src/pseudo_moe.cpp:43]   --->   Operation 164 'fadd' 'acc_66' <Predicate = (icmp_ln29_1)> <Delay = 6.04> <CoreInst = "FAddSub_fulldsp">   --->   Core 18 'FAddSub_fulldsp' <Latency = 1> <II = 1> <Delay = 6.04> <FuncUnit> <Opcode : 'fadd' 'fsub'> <InPorts = 2> <OutPorts = 1>
ST_9 : Operation 165 [1/1] (0.36ns)   --->   "%store_ln35 = store i32 %add23_2, i32 %empty_70" [/home/simics/HMoE/HLS_HMoE/pseudo_block/run_7/src/pseudo_moe.cpp:35]   --->   Operation 165 'store' 'store_ln35' <Predicate = true> <Delay = 0.36>

State 10 <SV = 9> <Delay = 6.26>
ST_10 : Operation 166 [1/1] (0.00ns)   --->   "%p_load28 = load i32 %empty_71" [/home/simics/HMoE/HLS_HMoE/pseudo_block/run_7/src/pseudo_moe.cpp:19]   --->   Operation 166 'load' 'p_load28' <Predicate = (!icmp_ln29)> <Delay = 0.00>
ST_10 : Operation 167 [1/1] (0.21ns)   --->   "%select_ln19_5 = select i1 %icmp_ln29, i32 0, i32 %p_load28" [/home/simics/HMoE/HLS_HMoE/pseudo_block/run_7/src/pseudo_moe.cpp:19]   --->   Operation 167 'select' 'select_ln19_5' <Predicate = true> <Delay = 0.21> <CoreInst = "Sel">   --->   Core 73 'Sel' <Latency = 0> <II = 1> <Delay = 0.21> <FuncUnit> <Opcode : 'select'> <InPorts = 3> <OutPorts = 1>
ST_10 : Operation 168 [2/2] (6.04ns)   --->   "%add23_3 = fadd i32 %select_ln19_5, i32 %mul20_3" [/home/simics/HMoE/HLS_HMoE/pseudo_block/run_7/src/pseudo_moe.cpp:35]   --->   Operation 168 'fadd' 'add23_3' <Predicate = true> <Delay = 6.04> <CoreInst = "FAddSub_fulldsp">   --->   Core 18 'FAddSub_fulldsp' <Latency = 1> <II = 1> <Delay = 6.04> <FuncUnit> <Opcode : 'fadd' 'fsub'> <InPorts = 2> <OutPorts = 1>
ST_10 : Operation 169 [1/2] (1.02ns)   --->   "%w_4_load = load i9 %w_4_addr" [/home/simics/HMoE/HLS_HMoE/pseudo_block/run_7/src/pseudo_moe.cpp:35]   --->   Operation 169 'load' 'w_4_load' <Predicate = true> <Delay = 1.02> <CoreInst = "RAM">   --->   Core 83 'RAM' <Latency = 1> <II = 1> <Delay = 1.02> <Storage> <Opcode : 'load' 'store'> <Ports = 2> <Width = 32> <Depth = 512> <RAM>
ST_10 : Operation 170 [2/2] (3.88ns)   --->   "%mul20_4 = fmul i32 %x_4_load, i32 %w_4_load" [/home/simics/HMoE/HLS_HMoE/pseudo_block/run_7/src/pseudo_moe.cpp:35]   --->   Operation 170 'fmul' 'mul20_4' <Predicate = true> <Delay = 3.88> <CoreInst = "FMul_maxdsp">   --->   Core 30 'FMul_maxdsp' <Latency = 1> <II = 1> <Delay = 3.88> <FuncUnit> <Opcode : 'fmul'> <InPorts = 2> <OutPorts = 1>
ST_10 : Operation 171 [2/2] (6.04ns)   --->   "%acc_67 = fadd i32 %acc_66, i32 %add23_2" [/home/simics/HMoE/HLS_HMoE/pseudo_block/run_7/src/pseudo_moe.cpp:43]   --->   Operation 171 'fadd' 'acc_67' <Predicate = (icmp_ln29_1)> <Delay = 6.04> <CoreInst = "FAddSub_fulldsp">   --->   Core 18 'FAddSub_fulldsp' <Latency = 1> <II = 1> <Delay = 6.04> <FuncUnit> <Opcode : 'fadd' 'fsub'> <InPorts = 2> <OutPorts = 1>

State 11 <SV = 10> <Delay = 6.40>
ST_11 : Operation 172 [1/2] (6.04ns)   --->   "%add23_3 = fadd i32 %select_ln19_5, i32 %mul20_3" [/home/simics/HMoE/HLS_HMoE/pseudo_block/run_7/src/pseudo_moe.cpp:35]   --->   Operation 172 'fadd' 'add23_3' <Predicate = true> <Delay = 6.04> <CoreInst = "FAddSub_fulldsp">   --->   Core 18 'FAddSub_fulldsp' <Latency = 1> <II = 1> <Delay = 6.04> <FuncUnit> <Opcode : 'fadd' 'fsub'> <InPorts = 2> <OutPorts = 1>
ST_11 : Operation 173 [1/2] (3.88ns)   --->   "%mul20_4 = fmul i32 %x_4_load, i32 %w_4_load" [/home/simics/HMoE/HLS_HMoE/pseudo_block/run_7/src/pseudo_moe.cpp:35]   --->   Operation 173 'fmul' 'mul20_4' <Predicate = true> <Delay = 3.88> <CoreInst = "FMul_maxdsp">   --->   Core 30 'FMul_maxdsp' <Latency = 1> <II = 1> <Delay = 3.88> <FuncUnit> <Opcode : 'fmul'> <InPorts = 2> <OutPorts = 1>
ST_11 : Operation 174 [1/1] (0.00ns)   --->   "%w_5_addr = getelementptr i32 %w_5, i64 0, i64 %zext_ln35" [/home/simics/HMoE/HLS_HMoE/pseudo_block/run_7/src/pseudo_moe.cpp:35]   --->   Operation 174 'getelementptr' 'w_5_addr' <Predicate = true> <Delay = 0.00>
ST_11 : Operation 175 [2/2] (1.02ns)   --->   "%w_5_load = load i9 %w_5_addr" [/home/simics/HMoE/HLS_HMoE/pseudo_block/run_7/src/pseudo_moe.cpp:35]   --->   Operation 175 'load' 'w_5_load' <Predicate = true> <Delay = 1.02> <CoreInst = "RAM">   --->   Core 83 'RAM' <Latency = 1> <II = 1> <Delay = 1.02> <Storage> <Opcode : 'load' 'store'> <Ports = 2> <Width = 32> <Depth = 512> <RAM>
ST_11 : Operation 176 [1/2] (6.04ns)   --->   "%acc_67 = fadd i32 %acc_66, i32 %add23_2" [/home/simics/HMoE/HLS_HMoE/pseudo_block/run_7/src/pseudo_moe.cpp:43]   --->   Operation 176 'fadd' 'acc_67' <Predicate = (icmp_ln29_1)> <Delay = 6.04> <CoreInst = "FAddSub_fulldsp">   --->   Core 18 'FAddSub_fulldsp' <Latency = 1> <II = 1> <Delay = 6.04> <FuncUnit> <Opcode : 'fadd' 'fsub'> <InPorts = 2> <OutPorts = 1>
ST_11 : Operation 177 [1/1] (0.36ns)   --->   "%store_ln35 = store i32 %add23_3, i32 %empty_71" [/home/simics/HMoE/HLS_HMoE/pseudo_block/run_7/src/pseudo_moe.cpp:35]   --->   Operation 177 'store' 'store_ln35' <Predicate = true> <Delay = 0.36>

State 12 <SV = 11> <Delay = 6.26>
ST_12 : Operation 178 [1/1] (0.00ns)   --->   "%p_load27 = load i32 %empty_72" [/home/simics/HMoE/HLS_HMoE/pseudo_block/run_7/src/pseudo_moe.cpp:19]   --->   Operation 178 'load' 'p_load27' <Predicate = (!icmp_ln29)> <Delay = 0.00>
ST_12 : Operation 179 [1/1] (0.21ns)   --->   "%select_ln19_4 = select i1 %icmp_ln29, i32 0, i32 %p_load27" [/home/simics/HMoE/HLS_HMoE/pseudo_block/run_7/src/pseudo_moe.cpp:19]   --->   Operation 179 'select' 'select_ln19_4' <Predicate = true> <Delay = 0.21> <CoreInst = "Sel">   --->   Core 73 'Sel' <Latency = 0> <II = 1> <Delay = 0.21> <FuncUnit> <Opcode : 'select'> <InPorts = 3> <OutPorts = 1>
ST_12 : Operation 180 [2/2] (6.04ns)   --->   "%add23_4 = fadd i32 %select_ln19_4, i32 %mul20_4" [/home/simics/HMoE/HLS_HMoE/pseudo_block/run_7/src/pseudo_moe.cpp:35]   --->   Operation 180 'fadd' 'add23_4' <Predicate = true> <Delay = 6.04> <CoreInst = "FAddSub_fulldsp">   --->   Core 18 'FAddSub_fulldsp' <Latency = 1> <II = 1> <Delay = 6.04> <FuncUnit> <Opcode : 'fadd' 'fsub'> <InPorts = 2> <OutPorts = 1>
ST_12 : Operation 181 [1/2] (1.02ns)   --->   "%w_5_load = load i9 %w_5_addr" [/home/simics/HMoE/HLS_HMoE/pseudo_block/run_7/src/pseudo_moe.cpp:35]   --->   Operation 181 'load' 'w_5_load' <Predicate = true> <Delay = 1.02> <CoreInst = "RAM">   --->   Core 83 'RAM' <Latency = 1> <II = 1> <Delay = 1.02> <Storage> <Opcode : 'load' 'store'> <Ports = 2> <Width = 32> <Depth = 512> <RAM>
ST_12 : Operation 182 [2/2] (3.88ns)   --->   "%mul20_5 = fmul i32 %x_5_load, i32 %w_5_load" [/home/simics/HMoE/HLS_HMoE/pseudo_block/run_7/src/pseudo_moe.cpp:35]   --->   Operation 182 'fmul' 'mul20_5' <Predicate = true> <Delay = 3.88> <CoreInst = "FMul_maxdsp">   --->   Core 30 'FMul_maxdsp' <Latency = 1> <II = 1> <Delay = 3.88> <FuncUnit> <Opcode : 'fmul'> <InPorts = 2> <OutPorts = 1>
ST_12 : Operation 183 [2/2] (6.04ns)   --->   "%acc_68 = fadd i32 %acc_67, i32 %add23_3" [/home/simics/HMoE/HLS_HMoE/pseudo_block/run_7/src/pseudo_moe.cpp:43]   --->   Operation 183 'fadd' 'acc_68' <Predicate = (icmp_ln29_1)> <Delay = 6.04> <CoreInst = "FAddSub_fulldsp">   --->   Core 18 'FAddSub_fulldsp' <Latency = 1> <II = 1> <Delay = 6.04> <FuncUnit> <Opcode : 'fadd' 'fsub'> <InPorts = 2> <OutPorts = 1>

State 13 <SV = 12> <Delay = 6.40>
ST_13 : Operation 184 [1/2] (6.04ns)   --->   "%add23_4 = fadd i32 %select_ln19_4, i32 %mul20_4" [/home/simics/HMoE/HLS_HMoE/pseudo_block/run_7/src/pseudo_moe.cpp:35]   --->   Operation 184 'fadd' 'add23_4' <Predicate = true> <Delay = 6.04> <CoreInst = "FAddSub_fulldsp">   --->   Core 18 'FAddSub_fulldsp' <Latency = 1> <II = 1> <Delay = 6.04> <FuncUnit> <Opcode : 'fadd' 'fsub'> <InPorts = 2> <OutPorts = 1>
ST_13 : Operation 185 [1/2] (3.88ns)   --->   "%mul20_5 = fmul i32 %x_5_load, i32 %w_5_load" [/home/simics/HMoE/HLS_HMoE/pseudo_block/run_7/src/pseudo_moe.cpp:35]   --->   Operation 185 'fmul' 'mul20_5' <Predicate = true> <Delay = 3.88> <CoreInst = "FMul_maxdsp">   --->   Core 30 'FMul_maxdsp' <Latency = 1> <II = 1> <Delay = 3.88> <FuncUnit> <Opcode : 'fmul'> <InPorts = 2> <OutPorts = 1>
ST_13 : Operation 186 [1/1] (0.00ns)   --->   "%w_6_addr = getelementptr i32 %w_6, i64 0, i64 %zext_ln35" [/home/simics/HMoE/HLS_HMoE/pseudo_block/run_7/src/pseudo_moe.cpp:35]   --->   Operation 186 'getelementptr' 'w_6_addr' <Predicate = true> <Delay = 0.00>
ST_13 : Operation 187 [2/2] (1.02ns)   --->   "%w_6_load = load i9 %w_6_addr" [/home/simics/HMoE/HLS_HMoE/pseudo_block/run_7/src/pseudo_moe.cpp:35]   --->   Operation 187 'load' 'w_6_load' <Predicate = true> <Delay = 1.02> <CoreInst = "RAM">   --->   Core 83 'RAM' <Latency = 1> <II = 1> <Delay = 1.02> <Storage> <Opcode : 'load' 'store'> <Ports = 2> <Width = 32> <Depth = 512> <RAM>
ST_13 : Operation 188 [1/2] (6.04ns)   --->   "%acc_68 = fadd i32 %acc_67, i32 %add23_3" [/home/simics/HMoE/HLS_HMoE/pseudo_block/run_7/src/pseudo_moe.cpp:43]   --->   Operation 188 'fadd' 'acc_68' <Predicate = (icmp_ln29_1)> <Delay = 6.04> <CoreInst = "FAddSub_fulldsp">   --->   Core 18 'FAddSub_fulldsp' <Latency = 1> <II = 1> <Delay = 6.04> <FuncUnit> <Opcode : 'fadd' 'fsub'> <InPorts = 2> <OutPorts = 1>
ST_13 : Operation 189 [1/1] (0.36ns)   --->   "%store_ln35 = store i32 %add23_4, i32 %empty_72" [/home/simics/HMoE/HLS_HMoE/pseudo_block/run_7/src/pseudo_moe.cpp:35]   --->   Operation 189 'store' 'store_ln35' <Predicate = true> <Delay = 0.36>

State 14 <SV = 13> <Delay = 6.26>
ST_14 : Operation 190 [1/1] (0.00ns)   --->   "%p_load26 = load i32 %empty_73" [/home/simics/HMoE/HLS_HMoE/pseudo_block/run_7/src/pseudo_moe.cpp:19]   --->   Operation 190 'load' 'p_load26' <Predicate = (!icmp_ln29)> <Delay = 0.00>
ST_14 : Operation 191 [1/1] (0.21ns)   --->   "%select_ln19_3 = select i1 %icmp_ln29, i32 0, i32 %p_load26" [/home/simics/HMoE/HLS_HMoE/pseudo_block/run_7/src/pseudo_moe.cpp:19]   --->   Operation 191 'select' 'select_ln19_3' <Predicate = true> <Delay = 0.21> <CoreInst = "Sel">   --->   Core 73 'Sel' <Latency = 0> <II = 1> <Delay = 0.21> <FuncUnit> <Opcode : 'select'> <InPorts = 3> <OutPorts = 1>
ST_14 : Operation 192 [2/2] (6.04ns)   --->   "%add23_5 = fadd i32 %select_ln19_3, i32 %mul20_5" [/home/simics/HMoE/HLS_HMoE/pseudo_block/run_7/src/pseudo_moe.cpp:35]   --->   Operation 192 'fadd' 'add23_5' <Predicate = true> <Delay = 6.04> <CoreInst = "FAddSub_fulldsp">   --->   Core 18 'FAddSub_fulldsp' <Latency = 1> <II = 1> <Delay = 6.04> <FuncUnit> <Opcode : 'fadd' 'fsub'> <InPorts = 2> <OutPorts = 1>
ST_14 : Operation 193 [1/2] (1.02ns)   --->   "%w_6_load = load i9 %w_6_addr" [/home/simics/HMoE/HLS_HMoE/pseudo_block/run_7/src/pseudo_moe.cpp:35]   --->   Operation 193 'load' 'w_6_load' <Predicate = true> <Delay = 1.02> <CoreInst = "RAM">   --->   Core 83 'RAM' <Latency = 1> <II = 1> <Delay = 1.02> <Storage> <Opcode : 'load' 'store'> <Ports = 2> <Width = 32> <Depth = 512> <RAM>
ST_14 : Operation 194 [2/2] (3.88ns)   --->   "%mul20_6 = fmul i32 %x_6_load, i32 %w_6_load" [/home/simics/HMoE/HLS_HMoE/pseudo_block/run_7/src/pseudo_moe.cpp:35]   --->   Operation 194 'fmul' 'mul20_6' <Predicate = true> <Delay = 3.88> <CoreInst = "FMul_maxdsp">   --->   Core 30 'FMul_maxdsp' <Latency = 1> <II = 1> <Delay = 3.88> <FuncUnit> <Opcode : 'fmul'> <InPorts = 2> <OutPorts = 1>
ST_14 : Operation 195 [2/2] (6.04ns)   --->   "%acc_69 = fadd i32 %acc_68, i32 %add23_4" [/home/simics/HMoE/HLS_HMoE/pseudo_block/run_7/src/pseudo_moe.cpp:43]   --->   Operation 195 'fadd' 'acc_69' <Predicate = (icmp_ln29_1)> <Delay = 6.04> <CoreInst = "FAddSub_fulldsp">   --->   Core 18 'FAddSub_fulldsp' <Latency = 1> <II = 1> <Delay = 6.04> <FuncUnit> <Opcode : 'fadd' 'fsub'> <InPorts = 2> <OutPorts = 1>

State 15 <SV = 14> <Delay = 6.40>
ST_15 : Operation 196 [1/2] (6.04ns)   --->   "%add23_5 = fadd i32 %select_ln19_3, i32 %mul20_5" [/home/simics/HMoE/HLS_HMoE/pseudo_block/run_7/src/pseudo_moe.cpp:35]   --->   Operation 196 'fadd' 'add23_5' <Predicate = true> <Delay = 6.04> <CoreInst = "FAddSub_fulldsp">   --->   Core 18 'FAddSub_fulldsp' <Latency = 1> <II = 1> <Delay = 6.04> <FuncUnit> <Opcode : 'fadd' 'fsub'> <InPorts = 2> <OutPorts = 1>
ST_15 : Operation 197 [1/2] (3.88ns)   --->   "%mul20_6 = fmul i32 %x_6_load, i32 %w_6_load" [/home/simics/HMoE/HLS_HMoE/pseudo_block/run_7/src/pseudo_moe.cpp:35]   --->   Operation 197 'fmul' 'mul20_6' <Predicate = true> <Delay = 3.88> <CoreInst = "FMul_maxdsp">   --->   Core 30 'FMul_maxdsp' <Latency = 1> <II = 1> <Delay = 3.88> <FuncUnit> <Opcode : 'fmul'> <InPorts = 2> <OutPorts = 1>
ST_15 : Operation 198 [1/1] (0.00ns)   --->   "%w_7_addr = getelementptr i32 %w_7, i64 0, i64 %zext_ln35" [/home/simics/HMoE/HLS_HMoE/pseudo_block/run_7/src/pseudo_moe.cpp:35]   --->   Operation 198 'getelementptr' 'w_7_addr' <Predicate = true> <Delay = 0.00>
ST_15 : Operation 199 [2/2] (1.02ns)   --->   "%w_7_load = load i9 %w_7_addr" [/home/simics/HMoE/HLS_HMoE/pseudo_block/run_7/src/pseudo_moe.cpp:35]   --->   Operation 199 'load' 'w_7_load' <Predicate = true> <Delay = 1.02> <CoreInst = "RAM">   --->   Core 83 'RAM' <Latency = 1> <II = 1> <Delay = 1.02> <Storage> <Opcode : 'load' 'store'> <Ports = 2> <Width = 32> <Depth = 512> <RAM>
ST_15 : Operation 200 [1/2] (6.04ns)   --->   "%acc_69 = fadd i32 %acc_68, i32 %add23_4" [/home/simics/HMoE/HLS_HMoE/pseudo_block/run_7/src/pseudo_moe.cpp:43]   --->   Operation 200 'fadd' 'acc_69' <Predicate = (icmp_ln29_1)> <Delay = 6.04> <CoreInst = "FAddSub_fulldsp">   --->   Core 18 'FAddSub_fulldsp' <Latency = 1> <II = 1> <Delay = 6.04> <FuncUnit> <Opcode : 'fadd' 'fsub'> <InPorts = 2> <OutPorts = 1>
ST_15 : Operation 201 [1/1] (0.36ns)   --->   "%store_ln35 = store i32 %add23_5, i32 %empty_73" [/home/simics/HMoE/HLS_HMoE/pseudo_block/run_7/src/pseudo_moe.cpp:35]   --->   Operation 201 'store' 'store_ln35' <Predicate = true> <Delay = 0.36>

State 16 <SV = 15> <Delay = 6.26>
ST_16 : Operation 202 [1/1] (0.00ns)   --->   "%p_load25 = load i32 %empty_74" [/home/simics/HMoE/HLS_HMoE/pseudo_block/run_7/src/pseudo_moe.cpp:19]   --->   Operation 202 'load' 'p_load25' <Predicate = (!icmp_ln29)> <Delay = 0.00>
ST_16 : Operation 203 [1/1] (0.21ns)   --->   "%select_ln19_2 = select i1 %icmp_ln29, i32 0, i32 %p_load25" [/home/simics/HMoE/HLS_HMoE/pseudo_block/run_7/src/pseudo_moe.cpp:19]   --->   Operation 203 'select' 'select_ln19_2' <Predicate = true> <Delay = 0.21> <CoreInst = "Sel">   --->   Core 73 'Sel' <Latency = 0> <II = 1> <Delay = 0.21> <FuncUnit> <Opcode : 'select'> <InPorts = 3> <OutPorts = 1>
ST_16 : Operation 204 [2/2] (6.04ns)   --->   "%add23_6 = fadd i32 %select_ln19_2, i32 %mul20_6" [/home/simics/HMoE/HLS_HMoE/pseudo_block/run_7/src/pseudo_moe.cpp:35]   --->   Operation 204 'fadd' 'add23_6' <Predicate = true> <Delay = 6.04> <CoreInst = "FAddSub_fulldsp">   --->   Core 18 'FAddSub_fulldsp' <Latency = 1> <II = 1> <Delay = 6.04> <FuncUnit> <Opcode : 'fadd' 'fsub'> <InPorts = 2> <OutPorts = 1>
ST_16 : Operation 205 [1/2] (1.02ns)   --->   "%w_7_load = load i9 %w_7_addr" [/home/simics/HMoE/HLS_HMoE/pseudo_block/run_7/src/pseudo_moe.cpp:35]   --->   Operation 205 'load' 'w_7_load' <Predicate = true> <Delay = 1.02> <CoreInst = "RAM">   --->   Core 83 'RAM' <Latency = 1> <II = 1> <Delay = 1.02> <Storage> <Opcode : 'load' 'store'> <Ports = 2> <Width = 32> <Depth = 512> <RAM>
ST_16 : Operation 206 [2/2] (3.88ns)   --->   "%mul20_7 = fmul i32 %x_7_load, i32 %w_7_load" [/home/simics/HMoE/HLS_HMoE/pseudo_block/run_7/src/pseudo_moe.cpp:35]   --->   Operation 206 'fmul' 'mul20_7' <Predicate = true> <Delay = 3.88> <CoreInst = "FMul_maxdsp">   --->   Core 30 'FMul_maxdsp' <Latency = 1> <II = 1> <Delay = 3.88> <FuncUnit> <Opcode : 'fmul'> <InPorts = 2> <OutPorts = 1>
ST_16 : Operation 207 [2/2] (6.04ns)   --->   "%acc_70 = fadd i32 %acc_69, i32 %add23_5" [/home/simics/HMoE/HLS_HMoE/pseudo_block/run_7/src/pseudo_moe.cpp:43]   --->   Operation 207 'fadd' 'acc_70' <Predicate = (icmp_ln29_1)> <Delay = 6.04> <CoreInst = "FAddSub_fulldsp">   --->   Core 18 'FAddSub_fulldsp' <Latency = 1> <II = 1> <Delay = 6.04> <FuncUnit> <Opcode : 'fadd' 'fsub'> <InPorts = 2> <OutPorts = 1>

State 17 <SV = 16> <Delay = 6.40>
ST_17 : Operation 208 [1/2] (6.04ns)   --->   "%add23_6 = fadd i32 %select_ln19_2, i32 %mul20_6" [/home/simics/HMoE/HLS_HMoE/pseudo_block/run_7/src/pseudo_moe.cpp:35]   --->   Operation 208 'fadd' 'add23_6' <Predicate = true> <Delay = 6.04> <CoreInst = "FAddSub_fulldsp">   --->   Core 18 'FAddSub_fulldsp' <Latency = 1> <II = 1> <Delay = 6.04> <FuncUnit> <Opcode : 'fadd' 'fsub'> <InPorts = 2> <OutPorts = 1>
ST_17 : Operation 209 [1/2] (3.88ns)   --->   "%mul20_7 = fmul i32 %x_7_load, i32 %w_7_load" [/home/simics/HMoE/HLS_HMoE/pseudo_block/run_7/src/pseudo_moe.cpp:35]   --->   Operation 209 'fmul' 'mul20_7' <Predicate = true> <Delay = 3.88> <CoreInst = "FMul_maxdsp">   --->   Core 30 'FMul_maxdsp' <Latency = 1> <II = 1> <Delay = 3.88> <FuncUnit> <Opcode : 'fmul'> <InPorts = 2> <OutPorts = 1>
ST_17 : Operation 210 [1/2] (6.04ns)   --->   "%acc_70 = fadd i32 %acc_69, i32 %add23_5" [/home/simics/HMoE/HLS_HMoE/pseudo_block/run_7/src/pseudo_moe.cpp:43]   --->   Operation 210 'fadd' 'acc_70' <Predicate = (icmp_ln29_1)> <Delay = 6.04> <CoreInst = "FAddSub_fulldsp">   --->   Core 18 'FAddSub_fulldsp' <Latency = 1> <II = 1> <Delay = 6.04> <FuncUnit> <Opcode : 'fadd' 'fsub'> <InPorts = 2> <OutPorts = 1>
ST_17 : Operation 211 [1/1] (0.36ns)   --->   "%store_ln35 = store i32 %add23_6, i32 %empty_74" [/home/simics/HMoE/HLS_HMoE/pseudo_block/run_7/src/pseudo_moe.cpp:35]   --->   Operation 211 'store' 'store_ln35' <Predicate = true> <Delay = 0.36>

State 18 <SV = 17> <Delay = 6.26>
ST_18 : Operation 212 [1/1] (0.00ns)   --->   "%p_load = load i32 %empty_75" [/home/simics/HMoE/HLS_HMoE/pseudo_block/run_7/src/pseudo_moe.cpp:19]   --->   Operation 212 'load' 'p_load' <Predicate = (!icmp_ln29)> <Delay = 0.00>
ST_18 : Operation 213 [1/1] (0.21ns)   --->   "%select_ln19_1 = select i1 %icmp_ln29, i32 0, i32 %p_load" [/home/simics/HMoE/HLS_HMoE/pseudo_block/run_7/src/pseudo_moe.cpp:19]   --->   Operation 213 'select' 'select_ln19_1' <Predicate = true> <Delay = 0.21> <CoreInst = "Sel">   --->   Core 73 'Sel' <Latency = 0> <II = 1> <Delay = 0.21> <FuncUnit> <Opcode : 'select'> <InPorts = 3> <OutPorts = 1>
ST_18 : Operation 214 [2/2] (6.04ns)   --->   "%add23_7 = fadd i32 %select_ln19_1, i32 %mul20_7" [/home/simics/HMoE/HLS_HMoE/pseudo_block/run_7/src/pseudo_moe.cpp:35]   --->   Operation 214 'fadd' 'add23_7' <Predicate = true> <Delay = 6.04> <CoreInst = "FAddSub_fulldsp">   --->   Core 18 'FAddSub_fulldsp' <Latency = 1> <II = 1> <Delay = 6.04> <FuncUnit> <Opcode : 'fadd' 'fsub'> <InPorts = 2> <OutPorts = 1>
ST_18 : Operation 215 [2/2] (6.04ns)   --->   "%acc_71 = fadd i32 %acc_70, i32 %add23_6" [/home/simics/HMoE/HLS_HMoE/pseudo_block/run_7/src/pseudo_moe.cpp:43]   --->   Operation 215 'fadd' 'acc_71' <Predicate = (icmp_ln29_1)> <Delay = 6.04> <CoreInst = "FAddSub_fulldsp">   --->   Core 18 'FAddSub_fulldsp' <Latency = 1> <II = 1> <Delay = 6.04> <FuncUnit> <Opcode : 'fadd' 'fsub'> <InPorts = 2> <OutPorts = 1>

State 19 <SV = 18> <Delay = 6.40>
ST_19 : Operation 216 [1/1] (0.00ns)   --->   "%specloopname_ln0 = specloopname void @_ssdm_op_SpecLoopName, void @VITIS_LOOP_19_1_VITIS_LOOP_29_3_str"   --->   Operation 216 'specloopname' 'specloopname_ln0' <Predicate = true> <Delay = 0.00>
ST_19 : Operation 217 [1/1] (0.00ns)   --->   "%speclooptripcount_ln0 = speclooptripcount void @_ssdm_op_SpecLoopTripCount, i64 512, i64 512, i64 512"   --->   Operation 217 'speclooptripcount' 'speclooptripcount_ln0' <Predicate = true> <Delay = 0.00>
ST_19 : Operation 218 [1/1] (0.00ns)   --->   "%specpipeline_ln30 = specpipeline void @_ssdm_op_SpecPipeline, i32 1, i32 0, i32 0, i32 0, void @empty_36" [/home/simics/HMoE/HLS_HMoE/pseudo_block/run_7/src/pseudo_moe.cpp:30]   --->   Operation 218 'specpipeline' 'specpipeline_ln30' <Predicate = true> <Delay = 0.00>
ST_19 : Operation 219 [1/2] (6.04ns)   --->   "%add23_7 = fadd i32 %select_ln19_1, i32 %mul20_7" [/home/simics/HMoE/HLS_HMoE/pseudo_block/run_7/src/pseudo_moe.cpp:35]   --->   Operation 219 'fadd' 'add23_7' <Predicate = true> <Delay = 6.04> <CoreInst = "FAddSub_fulldsp">   --->   Core 18 'FAddSub_fulldsp' <Latency = 1> <II = 1> <Delay = 6.04> <FuncUnit> <Opcode : 'fadd' 'fsub'> <InPorts = 2> <OutPorts = 1>
ST_19 : Operation 220 [1/2] (6.04ns)   --->   "%acc_71 = fadd i32 %acc_70, i32 %add23_6" [/home/simics/HMoE/HLS_HMoE/pseudo_block/run_7/src/pseudo_moe.cpp:43]   --->   Operation 220 'fadd' 'acc_71' <Predicate = (icmp_ln29_1)> <Delay = 6.04> <CoreInst = "FAddSub_fulldsp">   --->   Core 18 'FAddSub_fulldsp' <Latency = 1> <II = 1> <Delay = 6.04> <FuncUnit> <Opcode : 'fadd' 'fsub'> <InPorts = 2> <OutPorts = 1>
ST_19 : Operation 221 [1/1] (0.36ns)   --->   "%store_ln35 = store i32 %add23_7, i32 %empty_75" [/home/simics/HMoE/HLS_HMoE/pseudo_block/run_7/src/pseudo_moe.cpp:35]   --->   Operation 221 'store' 'store_ln35' <Predicate = true> <Delay = 0.36>
ST_19 : Operation 222 [1/1] (0.00ns)   --->   "%br_ln29 = br void %VITIS_LOOP_32_4" [/home/simics/HMoE/HLS_HMoE/pseudo_block/run_7/src/pseudo_moe.cpp:29]   --->   Operation 222 'br' 'br_ln29' <Predicate = true> <Delay = 0.00>

State 20 <SV = 19> <Delay = 6.04>
ST_20 : Operation 223 [2/2] (6.04ns)   --->   "%acc_72 = fadd i32 %acc_71, i32 %add23_7" [/home/simics/HMoE/HLS_HMoE/pseudo_block/run_7/src/pseudo_moe.cpp:43]   --->   Operation 223 'fadd' 'acc_72' <Predicate = (icmp_ln29_1)> <Delay = 6.04> <CoreInst = "FAddSub_fulldsp">   --->   Core 18 'FAddSub_fulldsp' <Latency = 1> <II = 1> <Delay = 6.04> <FuncUnit> <Opcode : 'fadd' 'fsub'> <InPorts = 2> <OutPorts = 1>
ST_20 : Operation 227 [1/1] (0.00ns)   --->   "%ret_ln0 = ret"   --->   Operation 227 'ret' 'ret_ln0' <Predicate = (icmp_ln19)> <Delay = 0.00>

State 21 <SV = 20> <Delay = 7.07>
ST_21 : Operation 224 [1/2] (6.04ns)   --->   "%acc_72 = fadd i32 %acc_71, i32 %add23_7" [/home/simics/HMoE/HLS_HMoE/pseudo_block/run_7/src/pseudo_moe.cpp:43]   --->   Operation 224 'fadd' 'acc_72' <Predicate = (icmp_ln29_1)> <Delay = 6.04> <CoreInst = "FAddSub_fulldsp">   --->   Core 18 'FAddSub_fulldsp' <Latency = 1> <II = 1> <Delay = 6.04> <FuncUnit> <Opcode : 'fadd' 'fsub'> <InPorts = 2> <OutPorts = 1>
ST_21 : Operation 225 [1/1] (1.02ns)   --->   "%store_ln46 = store i32 %acc_72, i6 %result_addr" [/home/simics/HMoE/HLS_HMoE/pseudo_block/run_7/src/pseudo_moe.cpp:46]   --->   Operation 225 'store' 'store_ln46' <Predicate = (icmp_ln29_1)> <Delay = 1.02> <CoreInst = "RAM">   --->   Core 83 'RAM' <Latency = 1> <II = 1> <Delay = 1.02> <Storage> <Opcode : 'load' 'store'> <Ports = 2> <Width = 32> <Depth = 64> <RAM>
ST_21 : Operation 226 [1/1] (0.00ns)   --->   "%br_ln29 = br void %new.latch.VITIS_LOOP_32_4.split" [/home/simics/HMoE/HLS_HMoE/pseudo_block/run_7/src/pseudo_moe.cpp:29]   --->   Operation 226 'br' 'br_ln29' <Predicate = (icmp_ln29_1)> <Delay = 0.00>


============================================================
+ Verbose Summary: Timing violations
============================================================
Target clock period: 10.000ns, clock uncertainty: 2.700ns.

 <State 1>: 2.977ns
The critical path consists of the following:
	'store' operation 0 bit ('store_ln19', /home/simics/HMoE/HLS_HMoE/pseudo_block/run_7/src/pseudo_moe.cpp:19) of constant 0 on local variable 'o', /home/simics/HMoE/HLS_HMoE/pseudo_block/run_7/src/pseudo_moe.cpp:19 [51]  (0.362 ns)
	'load' operation 7 bit ('o_load', /home/simics/HMoE/HLS_HMoE/pseudo_block/run_7/src/pseudo_moe.cpp:19) on local variable 'o', /home/simics/HMoE/HLS_HMoE/pseudo_block/run_7/src/pseudo_moe.cpp:19 [77]  (0.000 ns)
	'add' operation 7 bit ('add_ln19', /home/simics/HMoE/HLS_HMoE/pseudo_block/run_7/src/pseudo_moe.cpp:19) [79]  (0.650 ns)
	'select' operation 7 bit ('select_ln19_9', /home/simics/HMoE/HLS_HMoE/pseudo_block/run_7/src/pseudo_moe.cpp:19) [92]  (0.281 ns)
	'add' operation 9 bit ('add_ln35', /home/simics/HMoE/HLS_HMoE/pseudo_block/run_7/src/pseudo_moe.cpp:35) [124]  (0.659 ns)
	'getelementptr' operation 9 bit ('w_0_addr', /home/simics/HMoE/HLS_HMoE/pseudo_block/run_7/src/pseudo_moe.cpp:35) [126]  (0.000 ns)
	'load' operation 32 bit ('w_0_load', /home/simics/HMoE/HLS_HMoE/pseudo_block/run_7/src/pseudo_moe.cpp:35) on array 'w_0' [127]  (1.025 ns)

 <State 2>: 4.906ns
The critical path consists of the following:
	'load' operation 32 bit ('x_0_load', /home/simics/HMoE/HLS_HMoE/pseudo_block/run_7/src/pseudo_moe.cpp:35) on array 'x_0' [123]  (1.025 ns)
	'fmul' operation 32 bit ('mul', /home/simics/HMoE/HLS_HMoE/pseudo_block/run_7/src/pseudo_moe.cpp:35) [128]  (3.881 ns)

 <State 3>: 3.881ns
The critical path consists of the following:
	'fmul' operation 32 bit ('mul', /home/simics/HMoE/HLS_HMoE/pseudo_block/run_7/src/pseudo_moe.cpp:35) [128]  (3.881 ns)

 <State 4>: 6.260ns
The critical path consists of the following:
	'load' operation 32 bit ('p_load31', /home/simics/HMoE/HLS_HMoE/pseudo_block/run_7/src/pseudo_moe.cpp:19) on local variable 'empty' [68]  (0.000 ns)
	'select' operation 32 bit ('select_ln19_8', /home/simics/HMoE/HLS_HMoE/pseudo_block/run_7/src/pseudo_moe.cpp:19) [91]  (0.213 ns)
	'fadd' operation 32 bit ('add', /home/simics/HMoE/HLS_HMoE/pseudo_block/run_7/src/pseudo_moe.cpp:35) [129]  (6.047 ns)

 <State 5>: 7.300ns
The critical path consists of the following:
	'getelementptr' operation 32 bit ('gmem4_addr', /home/simics/HMoE/HLS_HMoE/pseudo_block/run_7/src/pseudo_moe.cpp:19) [78]  (0.000 ns)
	bus read operation ('gmem4_addr_read', /home/simics/HMoE/HLS_HMoE/pseudo_block/run_7/src/pseudo_moe.cpp:39) on port 'gmem4' (/home/simics/HMoE/HLS_HMoE/pseudo_block/run_7/src/pseudo_moe.cpp:39) [170]  (7.300 ns)

 <State 6>: 6.260ns
The critical path consists of the following:
	'load' operation 32 bit ('p_load30', /home/simics/HMoE/HLS_HMoE/pseudo_block/run_7/src/pseudo_moe.cpp:19) on local variable 'empty_69' [69]  (0.000 ns)
	'select' operation 32 bit ('select_ln19_7', /home/simics/HMoE/HLS_HMoE/pseudo_block/run_7/src/pseudo_moe.cpp:19) [90]  (0.213 ns)
	'fadd' operation 32 bit ('add23_1', /home/simics/HMoE/HLS_HMoE/pseudo_block/run_7/src/pseudo_moe.cpp:35) [134]  (6.047 ns)

 <State 7>: 6.409ns
The critical path consists of the following:
	'fadd' operation 32 bit ('add23_1', /home/simics/HMoE/HLS_HMoE/pseudo_block/run_7/src/pseudo_moe.cpp:35) [134]  (6.047 ns)
	'store' operation 0 bit ('store_ln35', /home/simics/HMoE/HLS_HMoE/pseudo_block/run_7/src/pseudo_moe.cpp:35) of variable 'add23_1', /home/simics/HMoE/HLS_HMoE/pseudo_block/run_7/src/pseudo_moe.cpp:35 on local variable 'empty_69' [192]  (0.362 ns)

 <State 8>: 6.260ns
The critical path consists of the following:
	'load' operation 32 bit ('p_load29', /home/simics/HMoE/HLS_HMoE/pseudo_block/run_7/src/pseudo_moe.cpp:19) on local variable 'empty_70' [70]  (0.000 ns)
	'select' operation 32 bit ('select_ln19_6', /home/simics/HMoE/HLS_HMoE/pseudo_block/run_7/src/pseudo_moe.cpp:19) [89]  (0.213 ns)
	'fadd' operation 32 bit ('add23_2', /home/simics/HMoE/HLS_HMoE/pseudo_block/run_7/src/pseudo_moe.cpp:35) [139]  (6.047 ns)

 <State 9>: 6.409ns
The critical path consists of the following:
	'fadd' operation 32 bit ('add23_2', /home/simics/HMoE/HLS_HMoE/pseudo_block/run_7/src/pseudo_moe.cpp:35) [139]  (6.047 ns)
	'store' operation 0 bit ('store_ln35', /home/simics/HMoE/HLS_HMoE/pseudo_block/run_7/src/pseudo_moe.cpp:35) of variable 'add23_2', /home/simics/HMoE/HLS_HMoE/pseudo_block/run_7/src/pseudo_moe.cpp:35 on local variable 'empty_70' [191]  (0.362 ns)

 <State 10>: 6.260ns
The critical path consists of the following:
	'load' operation 32 bit ('p_load28', /home/simics/HMoE/HLS_HMoE/pseudo_block/run_7/src/pseudo_moe.cpp:19) on local variable 'empty_71' [71]  (0.000 ns)
	'select' operation 32 bit ('select_ln19_5', /home/simics/HMoE/HLS_HMoE/pseudo_block/run_7/src/pseudo_moe.cpp:19) [88]  (0.213 ns)
	'fadd' operation 32 bit ('add23_3', /home/simics/HMoE/HLS_HMoE/pseudo_block/run_7/src/pseudo_moe.cpp:35) [144]  (6.047 ns)

 <State 11>: 6.409ns
The critical path consists of the following:
	'fadd' operation 32 bit ('add23_3', /home/simics/HMoE/HLS_HMoE/pseudo_block/run_7/src/pseudo_moe.cpp:35) [144]  (6.047 ns)
	'store' operation 0 bit ('store_ln35', /home/simics/HMoE/HLS_HMoE/pseudo_block/run_7/src/pseudo_moe.cpp:35) of variable 'add23_3', /home/simics/HMoE/HLS_HMoE/pseudo_block/run_7/src/pseudo_moe.cpp:35 on local variable 'empty_71' [190]  (0.362 ns)

 <State 12>: 6.260ns
The critical path consists of the following:
	'load' operation 32 bit ('p_load27', /home/simics/HMoE/HLS_HMoE/pseudo_block/run_7/src/pseudo_moe.cpp:19) on local variable 'empty_72' [72]  (0.000 ns)
	'select' operation 32 bit ('select_ln19_4', /home/simics/HMoE/HLS_HMoE/pseudo_block/run_7/src/pseudo_moe.cpp:19) [87]  (0.213 ns)
	'fadd' operation 32 bit ('add23_4', /home/simics/HMoE/HLS_HMoE/pseudo_block/run_7/src/pseudo_moe.cpp:35) [149]  (6.047 ns)

 <State 13>: 6.409ns
The critical path consists of the following:
	'fadd' operation 32 bit ('add23_4', /home/simics/HMoE/HLS_HMoE/pseudo_block/run_7/src/pseudo_moe.cpp:35) [149]  (6.047 ns)
	'store' operation 0 bit ('store_ln35', /home/simics/HMoE/HLS_HMoE/pseudo_block/run_7/src/pseudo_moe.cpp:35) of variable 'add23_4', /home/simics/HMoE/HLS_HMoE/pseudo_block/run_7/src/pseudo_moe.cpp:35 on local variable 'empty_72' [189]  (0.362 ns)

 <State 14>: 6.260ns
The critical path consists of the following:
	'load' operation 32 bit ('p_load26', /home/simics/HMoE/HLS_HMoE/pseudo_block/run_7/src/pseudo_moe.cpp:19) on local variable 'empty_73' [73]  (0.000 ns)
	'select' operation 32 bit ('select_ln19_3', /home/simics/HMoE/HLS_HMoE/pseudo_block/run_7/src/pseudo_moe.cpp:19) [86]  (0.213 ns)
	'fadd' operation 32 bit ('add23_5', /home/simics/HMoE/HLS_HMoE/pseudo_block/run_7/src/pseudo_moe.cpp:35) [154]  (6.047 ns)

 <State 15>: 6.409ns
The critical path consists of the following:
	'fadd' operation 32 bit ('add23_5', /home/simics/HMoE/HLS_HMoE/pseudo_block/run_7/src/pseudo_moe.cpp:35) [154]  (6.047 ns)
	'store' operation 0 bit ('store_ln35', /home/simics/HMoE/HLS_HMoE/pseudo_block/run_7/src/pseudo_moe.cpp:35) of variable 'add23_5', /home/simics/HMoE/HLS_HMoE/pseudo_block/run_7/src/pseudo_moe.cpp:35 on local variable 'empty_73' [188]  (0.362 ns)

 <State 16>: 6.260ns
The critical path consists of the following:
	'load' operation 32 bit ('p_load25', /home/simics/HMoE/HLS_HMoE/pseudo_block/run_7/src/pseudo_moe.cpp:19) on local variable 'empty_74' [74]  (0.000 ns)
	'select' operation 32 bit ('select_ln19_2', /home/simics/HMoE/HLS_HMoE/pseudo_block/run_7/src/pseudo_moe.cpp:19) [85]  (0.213 ns)
	'fadd' operation 32 bit ('add23_6', /home/simics/HMoE/HLS_HMoE/pseudo_block/run_7/src/pseudo_moe.cpp:35) [159]  (6.047 ns)

 <State 17>: 6.409ns
The critical path consists of the following:
	'fadd' operation 32 bit ('add23_6', /home/simics/HMoE/HLS_HMoE/pseudo_block/run_7/src/pseudo_moe.cpp:35) [159]  (6.047 ns)
	'store' operation 0 bit ('store_ln35', /home/simics/HMoE/HLS_HMoE/pseudo_block/run_7/src/pseudo_moe.cpp:35) of variable 'add23_6', /home/simics/HMoE/HLS_HMoE/pseudo_block/run_7/src/pseudo_moe.cpp:35 on local variable 'empty_74' [187]  (0.362 ns)

 <State 18>: 6.260ns
The critical path consists of the following:
	'load' operation 32 bit ('p_load', /home/simics/HMoE/HLS_HMoE/pseudo_block/run_7/src/pseudo_moe.cpp:19) on local variable 'empty_75' [75]  (0.000 ns)
	'select' operation 32 bit ('select_ln19_1', /home/simics/HMoE/HLS_HMoE/pseudo_block/run_7/src/pseudo_moe.cpp:19) [84]  (0.213 ns)
	'fadd' operation 32 bit ('add23_7', /home/simics/HMoE/HLS_HMoE/pseudo_block/run_7/src/pseudo_moe.cpp:35) [164]  (6.047 ns)

 <State 19>: 6.409ns
The critical path consists of the following:
	'fadd' operation 32 bit ('add23_7', /home/simics/HMoE/HLS_HMoE/pseudo_block/run_7/src/pseudo_moe.cpp:35) [164]  (6.047 ns)
	'store' operation 0 bit ('store_ln35', /home/simics/HMoE/HLS_HMoE/pseudo_block/run_7/src/pseudo_moe.cpp:35) of variable 'add23_7', /home/simics/HMoE/HLS_HMoE/pseudo_block/run_7/src/pseudo_moe.cpp:35 on local variable 'empty_75' [186]  (0.362 ns)

 <State 20>: 6.047ns
The critical path consists of the following:
	'fadd' operation 32 bit ('acc', /home/simics/HMoE/HLS_HMoE/pseudo_block/run_7/src/pseudo_moe.cpp:43) [179]  (6.047 ns)

 <State 21>: 7.072ns
The critical path consists of the following:
	'fadd' operation 32 bit ('acc', /home/simics/HMoE/HLS_HMoE/pseudo_block/run_7/src/pseudo_moe.cpp:43) [179]  (6.047 ns)
	'store' operation 0 bit ('store_ln46', /home/simics/HMoE/HLS_HMoE/pseudo_block/run_7/src/pseudo_moe.cpp:46) of variable 'acc', /home/simics/HMoE/HLS_HMoE/pseudo_block/run_7/src/pseudo_moe.cpp:43 on array 'result' [180]  (1.025 ns)


============================================================
+ Verbose Summary: Binding
============================================================
N/A
* FSMD analyzer results:
  - Output states:
 - Input state : 
  - Chain level:
	State 1
	State 2
	State 3
	State 4
	State 5
	State 6
	State 7
	State 8
	State 9
	State 10
	State 11
	State 12
	State 13
	State 14
	State 15
	State 16
	State 17
	State 18
	State 19
	State 20
	State 21


============================================================
+ Verbose Summary: Datapath Resource usage 
============================================================
N/A
