

================================================================
== Vitis HLS Report for 'compute_expert'
================================================================
* Date:           Sun Sep 20 19:32:35 2026

* Version:        2023.2 (Build 4023990 on Oct 11 2023)
* Project:        project
* Solution:       solution1 (Vivado IP Flow Target)
* Product family: virtexuplus
* Target device:  xcvu13p_CIV-figd2104-3-e


================================================================
== Performance Estimates
================================================================
+ Timing: 
    * Summary: 
    +--------+----------+----------+------------+
    |  Clock |  Target  | Estimated| Uncertainty|
    +--------+----------+----------+------------+
    |ap_clk  |  10.00 ns|  7.300 ns|     2.70 ns|
    +--------+----------+----------+------------+

+ Latency: 
    * Summary: 
    +---------+---------+----------+----------+-----+-----+---------+
    |  Latency (cycles) |  Latency (absolute) |  Interval | Pipeline|
    |   min   |   max   |    min   |    max   | min | max |   Type  |
    +---------+---------+----------+----------+-----+-----+---------+
    |      542|      542|  5.420 us|  5.420 us|  542|  542|       no|
    +---------+---------+----------+----------+-----+-----+---------+

    + Detail: 
        * Instance: 
        +--------------------------------------------------------------------+---------------------------------------------------------+---------+---------+----------+----------+-----+-----+---------+
        |                                                                    |                                                         |  Latency (cycles) |  Latency (absolute) |  Interval | Pipeline|
        |                              Instance                              |                          Module                         |   min   |   max   |    min   |    max   | min | max |   Type  |
        +--------------------------------------------------------------------+---------------------------------------------------------+---------+---------+----------+----------+-----+-----+---------+
        |grp_compute_expert_Pipeline_VITIS_LOOP_19_1_VITIS_LOOP_29_3_fu_151  |compute_expert_Pipeline_VITIS_LOOP_19_1_VITIS_LOOP_29_3  |      533|      533|  5.330 us|  5.330 us|  533|  533|       no|
        +--------------------------------------------------------------------+---------------------------------------------------------+---------+---------+----------+----------+-----+-----+---------+

        * Loop: 
        N/A



================================================================
== Utilization Estimates
================================================================
* Summary: 
+---------------------+---------+-------+---------+---------+------+
|         Name        | BRAM_18K|  DSP  |    FF   |   LUT   | URAM |
+---------------------+---------+-------+---------+---------+------+
|DSP                  |        -|      -|        -|        -|     -|
|Expression           |        -|      -|        -|        -|     -|
|FIFO                 |        -|      -|        -|        -|     -|
|Instance             |        -|     56|     5887|     5415|     -|
|Memory               |        -|      -|        -|        -|     -|
|Multiplexer          |        -|      -|        -|      200|     -|
|Register             |        -|      -|      105|        -|     -|
+---------------------+---------+-------+---------+---------+------+
|Total                |        0|     56|     5992|     5615|     0|
+---------------------+---------+-------+---------+---------+------+
|Available SLR        |     1344|   3072|   864000|   432000|   320|
+---------------------+---------+-------+---------+---------+------+
|Utilization SLR (%)  |        0|      1|       ~0|        1|     0|
+---------------------+---------+-------+---------+---------+------+
|Available            |     5376|  12288|  3456000|  1728000|  1280|
+---------------------+---------+-------+---------+---------+------+
|Utilization (%)      |        0|     ~0|       ~0|       ~0|     0|
+---------------------+---------+-------+---------+---------+------+

+ Detail: 
    * Instance: 
    +--------------------------------------------------------------------+---------------------------------------------------------+---------+----+------+------+-----+
    |                              Instance                              |                          Module                         | BRAM_18K| DSP|  FF  |  LUT | URAM|
    +--------------------------------------------------------------------+---------------------------------------------------------+---------+----+------+------+-----+
    |grp_compute_expert_Pipeline_VITIS_LOOP_19_1_VITIS_LOOP_29_3_fu_151  |compute_expert_Pipeline_VITIS_LOOP_19_1_VITIS_LOOP_29_3  |        0|  56|  5887|  5415|    0|
    +--------------------------------------------------------------------+---------------------------------------------------------+---------+----+------+------+-----+
    |Total                                                               |                                                         |        0|  56|  5887|  5415|    0|
    +--------------------------------------------------------------------+---------------------------------------------------------+---------+----+------+------+-----+

    * DSP: 
    N/A

    * Memory: 
    N/A

    * FIFO: 
    N/A

    * Expression: 
    N/A

    * Multiplexer: 
    +----------------------+----+-----------+-----+-----------+
    |         Name         | LUT| Input Size| Bits| Total Bits|
    +----------------------+----+-----------+-----+-----------+
    |ap_NS_fsm             |  59|         11|    1|         11|
    |gmem4_blk_n_AR        |   9|          2|    1|          2|
    |m_axi_gmem4_ARADDR    |  14|          3|   64|        192|
    |m_axi_gmem4_ARBURST   |   9|          2|    2|          4|
    |m_axi_gmem4_ARCACHE   |   9|          2|    4|          8|
    |m_axi_gmem4_ARID      |   9|          2|    1|          2|
    |m_axi_gmem4_ARLEN     |  14|          3|   32|         96|
    |m_axi_gmem4_ARLOCK    |   9|          2|    2|          4|
    |m_axi_gmem4_ARPROT    |   9|          2|    3|          6|
    |m_axi_gmem4_ARQOS     |   9|          2|    4|          8|
    |m_axi_gmem4_ARREGION  |   9|          2|    4|          8|
    |m_axi_gmem4_ARSIZE    |   9|          2|    3|          6|
    |m_axi_gmem4_ARUSER    |   9|          2|    1|          2|
    |m_axi_gmem4_ARVALID   |  14|          3|    1|          3|
    |m_axi_gmem4_RREADY    |   9|          2|    1|          2|
    +----------------------+----+-----------+-----+-----------+
    |Total                 | 200|         42|  124|        354|
    +----------------------+----+-----------+-----+-----------+

    * Register: 
    +---------------------------------------------------------------------------------+----+----+-----+-----------+
    |                                       Name                                      | FF | LUT| Bits| Const Bits|
    +---------------------------------------------------------------------------------+----+----+-----+-----------+
    |ap_CS_fsm                                                                        |  10|   0|   10|          0|
    |grp_compute_expert_Pipeline_VITIS_LOOP_19_1_VITIS_LOOP_29_3_fu_151_ap_start_reg  |   1|   0|    1|          0|
    |tmp_1_reg_313                                                                    |   4|   0|    7|          3|
    |tmp_2_reg_318                                                                    |   4|   0|    7|          3|
    |tmp_3_reg_323                                                                    |   4|   0|    7|          3|
    |tmp_4_reg_328                                                                    |   4|   0|    7|          3|
    |tmp_5_reg_333                                                                    |   4|   0|    7|          3|
    |tmp_6_reg_338                                                                    |   4|   0|    7|          3|
    |tmp_reg_303                                                                      |   4|   0|    7|          3|
    |tmp_s_reg_308                                                                    |   4|   0|    7|          3|
    |trunc_ln_reg_293                                                                 |  62|   0|   62|          0|
    +---------------------------------------------------------------------------------+----+----+-----+-----------+
    |Total                                                                            | 105|   0|  129|         24|
    +---------------------------------------------------------------------------------+----+----+-----+-----------+



================================================================
== Interface
================================================================
* Summary: 
+----------------------+-----+-----+------------+----------------+--------------+
|       RTL Ports      | Dir | Bits|  Protocol  |  Source Object |    C Type    |
+----------------------+-----+-----+------------+----------------+--------------+
|ap_clk                |   in|    1|  ap_ctrl_hs|  compute_expert|  return value|
|ap_rst                |   in|    1|  ap_ctrl_hs|  compute_expert|  return value|
|ap_start              |   in|    1|  ap_ctrl_hs|  compute_expert|  return value|
|ap_done               |  out|    1|  ap_ctrl_hs|  compute_expert|  return value|
|ap_idle               |  out|    1|  ap_ctrl_hs|  compute_expert|  return value|
|ap_ready              |  out|    1|  ap_ctrl_hs|  compute_expert|  return value|
|x_0_address0          |  out|    7|   ap_memory|             x_0|         array|
|x_0_ce0               |  out|    1|   ap_memory|             x_0|         array|
|x_0_q0                |   in|   32|   ap_memory|             x_0|         array|
|x_0_offset            |   in|    4|     ap_none|      x_0_offset|        scalar|
|x_1_address0          |  out|    7|   ap_memory|             x_1|         array|
|x_1_ce0               |  out|    1|   ap_memory|             x_1|         array|
|x_1_q0                |   in|   32|   ap_memory|             x_1|         array|
|x_1_offset            |   in|    4|     ap_none|      x_1_offset|        scalar|
|x_2_address0          |  out|    7|   ap_memory|             x_2|         array|
|x_2_ce0               |  out|    1|   ap_memory|             x_2|         array|
|x_2_q0                |   in|   32|   ap_memory|             x_2|         array|
|x_2_offset            |   in|    4|     ap_none|      x_2_offset|        scalar|
|x_3_address0          |  out|    7|   ap_memory|             x_3|         array|
|x_3_ce0               |  out|    1|   ap_memory|             x_3|         array|
|x_3_q0                |   in|   32|   ap_memory|             x_3|         array|
|x_3_offset            |   in|    4|     ap_none|      x_3_offset|        scalar|
|x_4_address0          |  out|    7|   ap_memory|             x_4|         array|
|x_4_ce0               |  out|    1|   ap_memory|             x_4|         array|
|x_4_q0                |   in|   32|   ap_memory|             x_4|         array|
|x_4_offset            |   in|    4|     ap_none|      x_4_offset|        scalar|
|x_5_address0          |  out|    7|   ap_memory|             x_5|         array|
|x_5_ce0               |  out|    1|   ap_memory|             x_5|         array|
|x_5_q0                |   in|   32|   ap_memory|             x_5|         array|
|x_5_offset            |   in|    4|     ap_none|      x_5_offset|        scalar|
|x_6_address0          |  out|    7|   ap_memory|             x_6|         array|
|x_6_ce0               |  out|    1|   ap_memory|             x_6|         array|
|x_6_q0                |   in|   32|   ap_memory|             x_6|         array|
|x_6_offset            |   in|    4|     ap_none|      x_6_offset|        scalar|
|x_7_address0          |  out|    7|   ap_memory|             x_7|         array|
|x_7_ce0               |  out|    1|   ap_memory|             x_7|         array|
|x_7_q0                |   in|   32|   ap_memory|             x_7|         array|
|x_7_offset            |   in|    4|     ap_none|      x_7_offset|        scalar|
|w_0_address0          |  out|    9|   ap_memory|             w_0|         array|
|w_0_ce0               |  out|    1|   ap_memory|             w_0|         array|
|w_0_q0                |   in|   32|   ap_memory|             w_0|         array|
|w_1_address0          |  out|    9|   ap_memory|             w_1|         array|
|w_1_ce0               |  out|    1|   ap_memory|             w_1|         array|
|w_1_q0                |   in|   32|   ap_memory|             w_1|         array|
|w_2_address0          |  out|    9|   ap_memory|             w_2|         array|
|w_2_ce0               |  out|    1|   ap_memory|             w_2|         array|
|w_2_q0                |   in|   32|   ap_memory|             w_2|         array|
|w_3_address0          |  out|    9|   ap_memory|             w_3|         array|
|w_3_ce0               |  out|    1|   ap_memory|             w_3|         array|
|w_3_q0                |   in|   32|   ap_memory|             w_3|         array|
|w_4_address0          |  out|    9|   ap_memory|             w_4|         array|
|w_4_ce0               |  out|    1|   ap_memory|             w_4|         array|
|w_4_q0                |   in|   32|   ap_memory|             w_4|         array|
|w_5_address0          |  out|    9|   ap_memory|             w_5|         array|
|w_5_ce0               |  out|    1|   ap_memory|             w_5|         array|
|w_5_q0                |   in|   32|   ap_memory|             w_5|         array|
|w_6_address0          |  out|    9|   ap_memory|             w_6|         array|
|w_6_ce0               |  out|    1|   ap_memory|             w_6|         array|
|w_6_q0                |   in|   32|   ap_memory|             w_6|         array|
|w_7_address0          |  out|    9|   ap_memory|             w_7|         array|
|w_7_ce0               |  out|    1|   ap_memory|             w_7|         array|
|w_7_q0                |   in|   32|   ap_memory|             w_7|         array|
|m_axi_gmem4_AWVALID   |  out|    1|       m_axi|           gmem4|       pointer|
|m_axi_gmem4_AWREADY   |   in|    1|       m_axi|           gmem4|       pointer|
|m_axi_gmem4_AWADDR    |  out|   64|       m_axi|           gmem4|       pointer|
|m_axi_gmem4_AWID      |  out|    1|       m_axi|           gmem4|       pointer|
|m_axi_gmem4_AWLEN     |  out|   32|       m_axi|           gmem4|       pointer|
|m_axi_gmem4_AWSIZE    |  out|    3|       m_axi|           gmem4|       pointer|
|m_axi_gmem4_AWBURST   |  out|    2|       m_axi|           gmem4|       pointer|
|m_axi_gmem4_AWLOCK    |  out|    2|       m_axi|           gmem4|       pointer|
|m_axi_gmem4_AWCACHE   |  out|    4|       m_axi|           gmem4|       pointer|
|m_axi_gmem4_AWPROT    |  out|    3|       m_axi|           gmem4|       pointer|
|m_axi_gmem4_AWQOS     |  out|    4|       m_axi|           gmem4|       pointer|
|m_axi_gmem4_AWREGION  |  out|    4|       m_axi|           gmem4|       pointer|
|m_axi_gmem4_AWUSER    |  out|    1|       m_axi|           gmem4|       pointer|
|m_axi_gmem4_WVALID    |  out|    1|       m_axi|           gmem4|       pointer|
|m_axi_gmem4_WREADY    |   in|    1|       m_axi|           gmem4|       pointer|
|m_axi_gmem4_WDATA     |  out|   32|       m_axi|           gmem4|       pointer|
|m_axi_gmem4_WSTRB     |  out|    4|       m_axi|           gmem4|       pointer|
|m_axi_gmem4_WLAST     |  out|    1|       m_axi|           gmem4|       pointer|
|m_axi_gmem4_WID       |  out|    1|       m_axi|           gmem4|       pointer|
|m_axi_gmem4_WUSER     |  out|    1|       m_axi|           gmem4|       pointer|
|m_axi_gmem4_ARVALID   |  out|    1|       m_axi|           gmem4|       pointer|
|m_axi_gmem4_ARREADY   |   in|    1|       m_axi|           gmem4|       pointer|
|m_axi_gmem4_ARADDR    |  out|   64|       m_axi|           gmem4|       pointer|
|m_axi_gmem4_ARID      |  out|    1|       m_axi|           gmem4|       pointer|
|m_axi_gmem4_ARLEN     |  out|   32|       m_axi|           gmem4|       pointer|
|m_axi_gmem4_ARSIZE    |  out|    3|       m_axi|           gmem4|       pointer|
|m_axi_gmem4_ARBURST   |  out|    2|       m_axi|           gmem4|       pointer|
|m_axi_gmem4_ARLOCK    |  out|    2|       m_axi|           gmem4|       pointer|
|m_axi_gmem4_ARCACHE   |  out|    4|       m_axi|           gmem4|       pointer|
|m_axi_gmem4_ARPROT    |  out|    3|       m_axi|           gmem4|       pointer|
|m_axi_gmem4_ARQOS     |  out|    4|       m_axi|           gmem4|       pointer|
|m_axi_gmem4_ARREGION  |  out|    4|       m_axi|           gmem4|       pointer|
|m_axi_gmem4_ARUSER    |  out|    1|       m_axi|           gmem4|       pointer|
|m_axi_gmem4_RVALID    |   in|    1|       m_axi|           gmem4|       pointer|
|m_axi_gmem4_RREADY    |  out|    1|       m_axi|           gmem4|       pointer|
|m_axi_gmem4_RDATA     |   in|   32|       m_axi|           gmem4|       pointer|
|m_axi_gmem4_RLAST     |   in|    1|       m_axi|           gmem4|       pointer|
|m_axi_gmem4_RID       |   in|    1|       m_axi|           gmem4|       pointer|
|m_axi_gmem4_RFIFONUM  |   in|    9|       m_axi|           gmem4|       pointer|
|m_axi_gmem4_RUSER     |   in|    1|       m_axi|           gmem4|       pointer|
|m_axi_gmem4_RRESP     |   in|    2|       m_axi|           gmem4|       pointer|
|m_axi_gmem4_BVALID    |   in|    1|       m_axi|           gmem4|       pointer|
|m_axi_gmem4_BREADY    |  out|    1|       m_axi|           gmem4|       pointer|
|m_axi_gmem4_BRESP     |   in|    2|       m_axi|           gmem4|       pointer|
|m_axi_gmem4_BID       |   in|    1|       m_axi|           gmem4|       pointer|
|m_axi_gmem4_BUSER     |   in|    1|       m_axi|           gmem4|       pointer|
|b                     |   in|   64|     ap_none|               b|        scalar|
|result_address0       |  out|    6|   ap_memory|          result|         array|
|result_ce0            |  out|    1|   ap_memory|          result|         array|
|result_we0            |  out|    1|   ap_memory|          result|         array|
|result_d0             |  out|   32|   ap_memory|          result|         array|
+----------------------+-----+-----+------------+----------------+--------------+

============================================================
+ Verbose Summary: Synthesis Manager
============================================================
InlineROM: 1
ExposeGlobal: 0
============================================================
+ Verbose Summary: CDFG Model
============================================================
IsTopModel: 0
ResetActiveHigh: 1
IsCombinational: 2
IsDatapathOnly: 2
HasWiredReturn: 1
HasMFsm: 0
HasVarLatency: 1
IsPipeline: 0
IsRtlPipelined: 0
IsInstanceOverlapped: 0
IsDontTouch: 0
HasImplIP: 0
IsGatedGlobalClock: 0


============================================================
+ Verbose Summary: Schedule
============================================================
* Number of FSM states : 10
* Pipeline : 0
* Dataflow Pipeline: 0

* FSM state transitions: 
1 --> 2 
2 --> 3 
3 --> 4 
4 --> 5 
5 --> 6 
6 --> 7 
7 --> 8 
8 --> 9 
9 --> 10 
10 --> 

* FSM state operations: 

State 1 <SV = 0> <Delay = 7.30>
ST_1 : Operation 11 [1/1] (0.00ns)   --->   "%b_read = read i64 @_ssdm_op_Read.ap_auto.i64, i64 %b" [/home/simics/HMoE/HLS_HMoE/pseudo_block/run_7/src/pseudo_moe.cpp:35]   --->   Operation 11 'read' 'b_read' <Predicate = true> <Delay = 0.00>
ST_1 : Operation 12 [1/1] (0.00ns)   --->   "%trunc_ln = partselect i62 @_ssdm_op_PartSelect.i62.i64.i32.i32, i64 %b_read, i32 2, i32 63" [/home/simics/HMoE/HLS_HMoE/pseudo_block/run_7/src/pseudo_moe.cpp:19]   --->   Operation 12 'partselect' 'trunc_ln' <Predicate = true> <Delay = 0.00>
ST_1 : Operation 13 [1/1] (0.00ns)   --->   "%sext_ln19 = sext i62 %trunc_ln" [/home/simics/HMoE/HLS_HMoE/pseudo_block/run_7/src/pseudo_moe.cpp:19]   --->   Operation 13 'sext' 'sext_ln19' <Predicate = true> <Delay = 0.00>
ST_1 : Operation 14 [1/1] (0.00ns)   --->   "%gmem4_addr = getelementptr i32 %gmem4, i64 %sext_ln19" [/home/simics/HMoE/HLS_HMoE/pseudo_block/run_7/src/pseudo_moe.cpp:19]   --->   Operation 14 'getelementptr' 'gmem4_addr' <Predicate = true> <Delay = 0.00>
ST_1 : Operation 15 [8/8] (7.30ns)   --->   "%empty = readreq i1 @_ssdm_op_ReadReq.m_axi.p1i32, i64 %gmem4_addr, i32 64" [/home/simics/HMoE/HLS_HMoE/pseudo_block/run_7/src/pseudo_moe.cpp:19]   --->   Operation 15 'readreq' 'empty' <Predicate = true> <Delay = 7.30> <CoreInst = "m_axi">   --->   Core 121 'm_axi' <Latency = 0> <II = 1> <Delay = 1.00> <Adapter> <Opcode : 'read' 'write' 'readreq' 'writereq' 'writeresp'>

State 2 <SV = 1> <Delay = 7.30>
ST_2 : Operation 16 [7/8] (7.30ns)   --->   "%empty = readreq i1 @_ssdm_op_ReadReq.m_axi.p1i32, i64 %gmem4_addr, i32 64" [/home/simics/HMoE/HLS_HMoE/pseudo_block/run_7/src/pseudo_moe.cpp:19]   --->   Operation 16 'readreq' 'empty' <Predicate = true> <Delay = 7.30> <CoreInst = "m_axi">   --->   Core 121 'm_axi' <Latency = 0> <II = 1> <Delay = 1.00> <Adapter> <Opcode : 'read' 'write' 'readreq' 'writereq' 'writeresp'>

State 3 <SV = 2> <Delay = 7.30>
ST_3 : Operation 17 [6/8] (7.30ns)   --->   "%empty = readreq i1 @_ssdm_op_ReadReq.m_axi.p1i32, i64 %gmem4_addr, i32 64" [/home/simics/HMoE/HLS_HMoE/pseudo_block/run_7/src/pseudo_moe.cpp:19]   --->   Operation 17 'readreq' 'empty' <Predicate = true> <Delay = 7.30> <CoreInst = "m_axi">   --->   Core 121 'm_axi' <Latency = 0> <II = 1> <Delay = 1.00> <Adapter> <Opcode : 'read' 'write' 'readreq' 'writereq' 'writeresp'>

State 4 <SV = 3> <Delay = 7.30>
ST_4 : Operation 18 [5/8] (7.30ns)   --->   "%empty = readreq i1 @_ssdm_op_ReadReq.m_axi.p1i32, i64 %gmem4_addr, i32 64" [/home/simics/HMoE/HLS_HMoE/pseudo_block/run_7/src/pseudo_moe.cpp:19]   --->   Operation 18 'readreq' 'empty' <Predicate = true> <Delay = 7.30> <CoreInst = "m_axi">   --->   Core 121 'm_axi' <Latency = 0> <II = 1> <Delay = 1.00> <Adapter> <Opcode : 'read' 'write' 'readreq' 'writereq' 'writeresp'>

State 5 <SV = 4> <Delay = 7.30>
ST_5 : Operation 19 [4/8] (7.30ns)   --->   "%empty = readreq i1 @_ssdm_op_ReadReq.m_axi.p1i32, i64 %gmem4_addr, i32 64" [/home/simics/HMoE/HLS_HMoE/pseudo_block/run_7/src/pseudo_moe.cpp:19]   --->   Operation 19 'readreq' 'empty' <Predicate = true> <Delay = 7.30> <CoreInst = "m_axi">   --->   Core 121 'm_axi' <Latency = 0> <II = 1> <Delay = 1.00> <Adapter> <Opcode : 'read' 'write' 'readreq' 'writereq' 'writeresp'>

State 6 <SV = 5> <Delay = 7.30>
ST_6 : Operation 20 [3/8] (7.30ns)   --->   "%empty = readreq i1 @_ssdm_op_ReadReq.m_axi.p1i32, i64 %gmem4_addr, i32 64" [/home/simics/HMoE/HLS_HMoE/pseudo_block/run_7/src/pseudo_moe.cpp:19]   --->   Operation 20 'readreq' 'empty' <Predicate = true> <Delay = 7.30> <CoreInst = "m_axi">   --->   Core 121 'm_axi' <Latency = 0> <II = 1> <Delay = 1.00> <Adapter> <Opcode : 'read' 'write' 'readreq' 'writereq' 'writeresp'>

State 7 <SV = 6> <Delay = 7.30>
ST_7 : Operation 21 [2/8] (7.30ns)   --->   "%empty = readreq i1 @_ssdm_op_ReadReq.m_axi.p1i32, i64 %gmem4_addr, i32 64" [/home/simics/HMoE/HLS_HMoE/pseudo_block/run_7/src/pseudo_moe.cpp:19]   --->   Operation 21 'readreq' 'empty' <Predicate = true> <Delay = 7.30> <CoreInst = "m_axi">   --->   Core 121 'm_axi' <Latency = 0> <II = 1> <Delay = 1.00> <Adapter> <Opcode : 'read' 'write' 'readreq' 'writereq' 'writeresp'>

State 8 <SV = 7> <Delay = 7.30>
ST_8 : Operation 22 [1/8] (7.30ns)   --->   "%empty = readreq i1 @_ssdm_op_ReadReq.m_axi.p1i32, i64 %gmem4_addr, i32 64" [/home/simics/HMoE/HLS_HMoE/pseudo_block/run_7/src/pseudo_moe.cpp:19]   --->   Operation 22 'readreq' 'empty' <Predicate = true> <Delay = 7.30> <CoreInst = "m_axi">   --->   Core 121 'm_axi' <Latency = 0> <II = 1> <Delay = 1.00> <Adapter> <Opcode : 'read' 'write' 'readreq' 'writereq' 'writeresp'>

State 9 <SV = 8> <Delay = 1.67>
ST_9 : Operation 23 [1/1] (0.00ns)   --->   "%x_7_offset_read = read i4 @_ssdm_op_Read.ap_auto.i4, i4 %x_7_offset" [/home/simics/HMoE/HLS_HMoE/pseudo_block/run_7/src/pseudo_moe.cpp:35]   --->   Operation 23 'read' 'x_7_offset_read' <Predicate = true> <Delay = 0.00>
ST_9 : Operation 24 [1/1] (0.00ns)   --->   "%x_6_offset_read = read i4 @_ssdm_op_Read.ap_auto.i4, i4 %x_6_offset" [/home/simics/HMoE/HLS_HMoE/pseudo_block/run_7/src/pseudo_moe.cpp:35]   --->   Operation 24 'read' 'x_6_offset_read' <Predicate = true> <Delay = 0.00>
ST_9 : Operation 25 [1/1] (0.00ns)   --->   "%x_5_offset_read = read i4 @_ssdm_op_Read.ap_auto.i4, i4 %x_5_offset" [/home/simics/HMoE/HLS_HMoE/pseudo_block/run_7/src/pseudo_moe.cpp:35]   --->   Operation 25 'read' 'x_5_offset_read' <Predicate = true> <Delay = 0.00>
ST_9 : Operation 26 [1/1] (0.00ns)   --->   "%x_4_offset_read = read i4 @_ssdm_op_Read.ap_auto.i4, i4 %x_4_offset" [/home/simics/HMoE/HLS_HMoE/pseudo_block/run_7/src/pseudo_moe.cpp:35]   --->   Operation 26 'read' 'x_4_offset_read' <Predicate = true> <Delay = 0.00>
ST_9 : Operation 27 [1/1] (0.00ns)   --->   "%x_3_offset_read = read i4 @_ssdm_op_Read.ap_auto.i4, i4 %x_3_offset" [/home/simics/HMoE/HLS_HMoE/pseudo_block/run_7/src/pseudo_moe.cpp:35]   --->   Operation 27 'read' 'x_3_offset_read' <Predicate = true> <Delay = 0.00>
ST_9 : Operation 28 [1/1] (0.00ns)   --->   "%x_2_offset_read = read i4 @_ssdm_op_Read.ap_auto.i4, i4 %x_2_offset" [/home/simics/HMoE/HLS_HMoE/pseudo_block/run_7/src/pseudo_moe.cpp:35]   --->   Operation 28 'read' 'x_2_offset_read' <Predicate = true> <Delay = 0.00>
ST_9 : Operation 29 [1/1] (0.00ns)   --->   "%x_1_offset_read = read i4 @_ssdm_op_Read.ap_auto.i4, i4 %x_1_offset" [/home/simics/HMoE/HLS_HMoE/pseudo_block/run_7/src/pseudo_moe.cpp:35]   --->   Operation 29 'read' 'x_1_offset_read' <Predicate = true> <Delay = 0.00>
ST_9 : Operation 30 [1/1] (0.00ns)   --->   "%x_0_offset_read = read i4 @_ssdm_op_Read.ap_auto.i4, i4 %x_0_offset" [/home/simics/HMoE/HLS_HMoE/pseudo_block/run_7/src/pseudo_moe.cpp:35]   --->   Operation 30 'read' 'x_0_offset_read' <Predicate = true> <Delay = 0.00>
ST_9 : Operation 31 [1/1] (0.00ns)   --->   "%tmp = bitconcatenate i7 @_ssdm_op_BitConcatenate.i7.i4.i3, i4 %x_7_offset_read, i3 0" [/home/simics/HMoE/HLS_HMoE/pseudo_block/run_7/src/pseudo_moe.cpp:35]   --->   Operation 31 'bitconcatenate' 'tmp' <Predicate = true> <Delay = 0.00>
ST_9 : Operation 32 [1/1] (0.00ns)   --->   "%tmp_s = bitconcatenate i7 @_ssdm_op_BitConcatenate.i7.i4.i3, i4 %x_6_offset_read, i3 0" [/home/simics/HMoE/HLS_HMoE/pseudo_block/run_7/src/pseudo_moe.cpp:35]   --->   Operation 32 'bitconcatenate' 'tmp_s' <Predicate = true> <Delay = 0.00>
ST_9 : Operation 33 [1/1] (0.00ns)   --->   "%tmp_1 = bitconcatenate i7 @_ssdm_op_BitConcatenate.i7.i4.i3, i4 %x_5_offset_read, i3 0" [/home/simics/HMoE/HLS_HMoE/pseudo_block/run_7/src/pseudo_moe.cpp:35]   --->   Operation 33 'bitconcatenate' 'tmp_1' <Predicate = true> <Delay = 0.00>
ST_9 : Operation 34 [1/1] (0.00ns)   --->   "%tmp_2 = bitconcatenate i7 @_ssdm_op_BitConcatenate.i7.i4.i3, i4 %x_4_offset_read, i3 0" [/home/simics/HMoE/HLS_HMoE/pseudo_block/run_7/src/pseudo_moe.cpp:35]   --->   Operation 34 'bitconcatenate' 'tmp_2' <Predicate = true> <Delay = 0.00>
ST_9 : Operation 35 [1/1] (0.00ns)   --->   "%tmp_3 = bitconcatenate i7 @_ssdm_op_BitConcatenate.i7.i4.i3, i4 %x_3_offset_read, i3 0" [/home/simics/HMoE/HLS_HMoE/pseudo_block/run_7/src/pseudo_moe.cpp:35]   --->   Operation 35 'bitconcatenate' 'tmp_3' <Predicate = true> <Delay = 0.00>
ST_9 : Operation 36 [1/1] (0.00ns)   --->   "%tmp_4 = bitconcatenate i7 @_ssdm_op_BitConcatenate.i7.i4.i3, i4 %x_2_offset_read, i3 0" [/home/simics/HMoE/HLS_HMoE/pseudo_block/run_7/src/pseudo_moe.cpp:35]   --->   Operation 36 'bitconcatenate' 'tmp_4' <Predicate = true> <Delay = 0.00>
ST_9 : Operation 37 [1/1] (0.00ns)   --->   "%tmp_5 = bitconcatenate i7 @_ssdm_op_BitConcatenate.i7.i4.i3, i4 %x_1_offset_read, i3 0" [/home/simics/HMoE/HLS_HMoE/pseudo_block/run_7/src/pseudo_moe.cpp:35]   --->   Operation 37 'bitconcatenate' 'tmp_5' <Predicate = true> <Delay = 0.00>
ST_9 : Operation 38 [1/1] (0.00ns)   --->   "%tmp_6 = bitconcatenate i7 @_ssdm_op_BitConcatenate.i7.i4.i3, i4 %x_0_offset_read, i3 0" [/home/simics/HMoE/HLS_HMoE/pseudo_block/run_7/src/pseudo_moe.cpp:35]   --->   Operation 38 'bitconcatenate' 'tmp_6' <Predicate = true> <Delay = 0.00>
ST_9 : Operation 39 [2/2] (1.67ns)   --->   "%call_ln19 = call void @compute_expert_Pipeline_VITIS_LOOP_19_1_VITIS_LOOP_29_3, i32 %gmem4, i62 %trunc_ln, i7 %tmp_6, i32 %x_0, i7 %tmp_5, i32 %x_1, i7 %tmp_4, i32 %x_2, i7 %tmp_3, i32 %x_3, i7 %tmp_2, i32 %x_4, i7 %tmp_1, i32 %x_5, i7 %tmp_s, i32 %x_6, i7 %tmp, i32 %x_7, i32 %w_0, i32 %w_1, i32 %w_2, i32 %w_3, i32 %w_4, i32 %w_5, i32 %w_6, i32 %w_7, i32 %result" [/home/simics/HMoE/HLS_HMoE/pseudo_block/run_7/src/pseudo_moe.cpp:19]   --->   Operation 39 'call' 'call_ln19' <Predicate = true> <Delay = 1.67> <CoreType = "Generic">   --->   Core 0 '' <Latency = 0> <II = 1> <Delay = 1.00> <Generic> <Opcode : >

State 10 <SV = 9> <Delay = 0.00>
ST_10 : Operation 40 [1/1] (0.00ns)   --->   "%specinterface_ln0 = specinterface void @_ssdm_op_SpecInterface, i32 %gmem4, void @empty_8, i32 0, i32 0, void @empty_36, i32 0, i32 0, void @empty_2, void @empty_22, void @empty_36, i32 16, i32 16, i32 16, i32 16, void @empty_36, void @empty_36, i32 4294967295, i32 0"   --->   Operation 40 'specinterface' 'specinterface_ln0' <Predicate = true> <Delay = 0.00>
ST_10 : Operation 41 [1/2] (0.00ns)   --->   "%call_ln19 = call void @compute_expert_Pipeline_VITIS_LOOP_19_1_VITIS_LOOP_29_3, i32 %gmem4, i62 %trunc_ln, i7 %tmp_6, i32 %x_0, i7 %tmp_5, i32 %x_1, i7 %tmp_4, i32 %x_2, i7 %tmp_3, i32 %x_3, i7 %tmp_2, i32 %x_4, i7 %tmp_1, i32 %x_5, i7 %tmp_s, i32 %x_6, i7 %tmp, i32 %x_7, i32 %w_0, i32 %w_1, i32 %w_2, i32 %w_3, i32 %w_4, i32 %w_5, i32 %w_6, i32 %w_7, i32 %result" [/home/simics/HMoE/HLS_HMoE/pseudo_block/run_7/src/pseudo_moe.cpp:19]   --->   Operation 41 'call' 'call_ln19' <Predicate = true> <Delay = 0.00> <CoreType = "Generic">   --->   Core 0 '' <Latency = 0> <II = 1> <Delay = 1.00> <Generic> <Opcode : >
ST_10 : Operation 42 [1/1] (0.00ns)   --->   "%ret_ln48 = ret" [/home/simics/HMoE/HLS_HMoE/pseudo_block/run_7/src/pseudo_moe.cpp:48]   --->   Operation 42 'ret' 'ret_ln48' <Predicate = true> <Delay = 0.00>


============================================================
+ Verbose Summary: Binding
============================================================
STG Binding: 
---------------- STG Properties BEGIN ----------------
- Is combinational: 0
- Is one-state seq: 0
- Is datapath-only: 0
- Is pipelined: 0
- Is top level: 0
Port [ Return ] is wired: 1; IO mode=ap_ctrl_hs:ce=0
Port [ x_0]:  wired=1; compound=1; hidden=0; nouse=0; global=0; static=0; extern=0; dir=0; type=1; pingpong=0; private_global=0; MemPort=[13333333333333333]; IO mode=ap_memory:ce=0
Port [ x_0_offset]:  wired=1; compound=0; hidden=0; nouse=0; global=0; static=0; extern=0; dir=0; type=0; pingpong=0; private_global=0; IO mode=ap_none:ce=0
Port [ x_1]:  wired=1; compound=1; hidden=0; nouse=0; global=0; static=0; extern=0; dir=0; type=1; pingpong=0; private_global=0; MemPort=[13333333333333333]; IO mode=ap_memory:ce=0
Port [ x_1_offset]:  wired=1; compound=0; hidden=0; nouse=0; global=0; static=0; extern=0; dir=0; type=0; pingpong=0; private_global=0; IO mode=ap_none:ce=0
Port [ x_2]:  wired=1; compound=1; hidden=0; nouse=0; global=0; static=0; extern=0; dir=0; type=1; pingpong=0; private_global=0; MemPort=[13333333333333333]; IO mode=ap_memory:ce=0
Port [ x_2_offset]:  wired=1; compound=0; hidden=0; nouse=0; global=0; static=0; extern=0; dir=0; type=0; pingpong=0; private_global=0; IO mode=ap_none:ce=0
Port [ x_3]:  wired=1; compound=1; hidden=0; nouse=0; global=0; static=0; extern=0; dir=0; type=1; pingpong=0; private_global=0; MemPort=[13333333333333333]; IO mode=ap_memory:ce=0
Port [ x_3_offset]:  wired=1; compound=0; hidden=0; nouse=0; global=0; static=0; extern=0; dir=0; type=0; pingpong=0; private_global=0; IO mode=ap_none:ce=0
Port [ x_4]:  wired=1; compound=1; hidden=0; nouse=0; global=0; static=0; extern=0; dir=0; type=1; pingpong=0; private_global=0; MemPort=[13333333333333333]; IO mode=ap_memory:ce=0
Port [ x_4_offset]:  wired=1; compound=0; hidden=0; nouse=0; global=0; static=0; extern=0; dir=0; type=0; pingpong=0; private_global=0; IO mode=ap_none:ce=0
Port [ x_5]:  wired=1; compound=1; hidden=0; nouse=0; global=0; static=0; extern=0; dir=0; type=1; pingpong=0; private_global=0; MemPort=[13333333333333333]; IO mode=ap_memory:ce=0
Port [ x_5_offset]:  wired=1; compound=0; hidden=0; nouse=0; global=0; static=0; extern=0; dir=0; type=0; pingpong=0; private_global=0; IO mode=ap_none:ce=0
Port [ x_6]:  wired=1; compound=1; hidden=0; nouse=0; global=0; static=0; extern=0; dir=0; type=1; pingpong=0; private_global=0; MemPort=[13333333333333333]; IO mode=ap_memory:ce=0
Port [ x_6_offset]:  wired=1; compound=0; hidden=0; nouse=0; global=0; static=0; extern=0; dir=0; type=0; pingpong=0; private_global=0; IO mode=ap_none:ce=0
Port [ x_7]:  wired=1; compound=1; hidden=0; nouse=0; global=0; static=0; extern=0; dir=0; type=1; pingpong=0; private_global=0; MemPort=[13333333333333333]; IO mode=ap_memory:ce=0
Port [ x_7_offset]:  wired=1; compound=0; hidden=0; nouse=0; global=0; static=0; extern=0; dir=0; type=0; pingpong=0; private_global=0; IO mode=ap_none:ce=0
Port [ w_0]:  wired=1; compound=1; hidden=0; nouse=0; global=0; static=0; extern=0; dir=0; type=1; pingpong=0; private_global=0; MemPort=[13]; IO mode=ap_memory:ce=0
Port [ w_1]:  wired=1; compound=1; hidden=0; nouse=0; global=0; static=0; extern=0; dir=0; type=1; pingpong=0; private_global=0; MemPort=[13]; IO mode=ap_memory:ce=0
Port [ w_2]:  wired=1; compound=1; hidden=0; nouse=0; global=0; static=0; extern=0; dir=0; type=1; pingpong=0; private_global=0; MemPort=[13]; IO mode=ap_memory:ce=0
Port [ w_3]:  wired=1; compound=1; hidden=0; nouse=0; global=0; static=0; extern=0; dir=0; type=1; pingpong=0; private_global=0; MemPort=[13]; IO mode=ap_memory:ce=0
Port [ w_4]:  wired=1; compound=1; hidden=0; nouse=0; global=0; static=0; extern=0; dir=0; type=1; pingpong=0; private_global=0; MemPort=[13]; IO mode=ap_memory:ce=0
Port [ w_5]:  wired=1; compound=1; hidden=0; nouse=0; global=0; static=0; extern=0; dir=0; type=1; pingpong=0; private_global=0; MemPort=[13]; IO mode=ap_memory:ce=0
Port [ w_6]:  wired=1; compound=1; hidden=0; nouse=0; global=0; static=0; extern=0; dir=0; type=1; pingpong=0; private_global=0; MemPort=[13]; IO mode=ap_memory:ce=0
Port [ w_7]:  wired=1; compound=1; hidden=0; nouse=0; global=0; static=0; extern=0; dir=0; type=1; pingpong=0; private_global=0; MemPort=[13]; IO mode=ap_memory:ce=0
Port [ gmem4]:  wired=1; compound=1; hidden=0; nouse=0; global=0; static=0; extern=0; dir=0; type=4; pingpong=0; private_global=0; IO mode=m_axi:ce=0
Port [ b]:  wired=1; compound=0; hidden=0; nouse=0; global=0; static=0; extern=0; dir=0; type=0; pingpong=0; private_global=0; IO mode=ap_none:ce=0
Port [ result]:  wired=1; compound=1; hidden=0; nouse=0; global=0; static=0; extern=0; dir=1; type=1; pingpong=0; private_global=0; MemPort=[03]; IO mode=ap_memory:ce=0
---------------- STG Properties END ------------------

---------------- Datapath Model BEGIN ----------------

<LifeTime>
<method=bitvector/>
b_read            (read          ) [ 00000000000]
trunc_ln          (partselect    ) [ 00111111111]
sext_ln19         (sext          ) [ 00000000000]
gmem4_addr        (getelementptr ) [ 00111111100]
empty             (readreq       ) [ 00000000000]
x_7_offset_read   (read          ) [ 00000000000]
x_6_offset_read   (read          ) [ 00000000000]
x_5_offset_read   (read          ) [ 00000000000]
x_4_offset_read   (read          ) [ 00000000000]
x_3_offset_read   (read          ) [ 00000000000]
x_2_offset_read   (read          ) [ 00000000000]
x_1_offset_read   (read          ) [ 00000000000]
x_0_offset_read   (read          ) [ 00000000000]
tmp               (bitconcatenate) [ 00000000001]
tmp_s             (bitconcatenate) [ 00000000001]
tmp_1             (bitconcatenate) [ 00000000001]
tmp_2             (bitconcatenate) [ 00000000001]
tmp_3             (bitconcatenate) [ 00000000001]
tmp_4             (bitconcatenate) [ 00000000001]
tmp_5             (bitconcatenate) [ 00000000001]
tmp_6             (bitconcatenate) [ 00000000001]
specinterface_ln0 (specinterface ) [ 00000000000]
call_ln19         (call          ) [ 00000000000]
ret_ln48          (ret           ) [ 00000000000]
</LifeTime>

<model>

<comp_list>
<comp id="0" class="1000" name="x_0">
<pin_list>
<pin id="1" dir="1" index="0" bw="1" slack="0"/>
</pin_list>
<bind>
<StgValue><ssdm name="x_0"/><MemPortTyVec>1 3 3 3 3 3 3 3 3 3 3 3 3 3 3 3 3 </MemPortTyVec>
</StgValue>
</bind>
</comp>

<comp id="2" class="1000" name="x_0_offset">
<pin_list>
<pin id="3" dir="1" index="0" bw="1" slack="0"/>
</pin_list>
<bind>
<StgValue><ssdm name="x_0_offset"/></StgValue>
</bind>
</comp>

<comp id="4" class="1000" name="x_1">
<pin_list>
<pin id="5" dir="1" index="0" bw="1" slack="0"/>
</pin_list>
<bind>
<StgValue><ssdm name="x_1"/><MemPortTyVec>1 3 3 3 3 3 3 3 3 3 3 3 3 3 3 3 3 </MemPortTyVec>
</StgValue>
</bind>
</comp>

<comp id="6" class="1000" name="x_1_offset">
<pin_list>
<pin id="7" dir="1" index="0" bw="1" slack="0"/>
</pin_list>
<bind>
<StgValue><ssdm name="x_1_offset"/></StgValue>
</bind>
</comp>

<comp id="8" class="1000" name="x_2">
<pin_list>
<pin id="9" dir="1" index="0" bw="1" slack="0"/>
</pin_list>
<bind>
<StgValue><ssdm name="x_2"/><MemPortTyVec>1 3 3 3 3 3 3 3 3 3 3 3 3 3 3 3 3 </MemPortTyVec>
</StgValue>
</bind>
</comp>

<comp id="10" class="1000" name="x_2_offset">
<pin_list>
<pin id="11" dir="1" index="0" bw="1" slack="0"/>
</pin_list>
<bind>
<StgValue><ssdm name="x_2_offset"/></StgValue>
</bind>
</comp>

<comp id="12" class="1000" name="x_3">
<pin_list>
<pin id="13" dir="1" index="0" bw="1" slack="0"/>
</pin_list>
<bind>
<StgValue><ssdm name="x_3"/><MemPortTyVec>1 3 3 3 3 3 3 3 3 3 3 3 3 3 3 3 3 </MemPortTyVec>
</StgValue>
</bind>
</comp>

<comp id="14" class="1000" name="x_3_offset">
<pin_list>
<pin id="15" dir="1" index="0" bw="1" slack="0"/>
</pin_list>
<bind>
<StgValue><ssdm name="x_3_offset"/></StgValue>
</bind>
</comp>

<comp id="16" class="1000" name="x_4">
<pin_list>
<pin id="17" dir="1" index="0" bw="1" slack="0"/>
</pin_list>
<bind>
<StgValue><ssdm name="x_4"/><MemPortTyVec>1 3 3 3 3 3 3 3 3 3 3 3 3 3 3 3 3 </MemPortTyVec>
</StgValue>
</bind>
</comp>

<comp id="18" class="1000" name="x_4_offset">
<pin_list>
<pin id="19" dir="1" index="0" bw="1" slack="0"/>
</pin_list>
<bind>
<StgValue><ssdm name="x_4_offset"/></StgValue>
</bind>
</comp>

<comp id="20" class="1000" name="x_5">
<pin_list>
<pin id="21" dir="1" index="0" bw="1" slack="0"/>
</pin_list>
<bind>
<StgValue><ssdm name="x_5"/><MemPortTyVec>1 3 3 3 3 3 3 3 3 3 3 3 3 3 3 3 3 </MemPortTyVec>
</StgValue>
</bind>
</comp>

<comp id="22" class="1000" name="x_5_offset">
<pin_list>
<pin id="23" dir="1" index="0" bw="1" slack="0"/>
</pin_list>
<bind>
<StgValue><ssdm name="x_5_offset"/></StgValue>
</bind>
</comp>

<comp id="24" class="1000" name="x_6">
<pin_list>
<pin id="25" dir="1" index="0" bw="1" slack="0"/>
</pin_list>
<bind>
<StgValue><ssdm name="x_6"/><MemPortTyVec>1 3 3 3 3 3 3 3 3 3 3 3 3 3 3 3 3 </MemPortTyVec>
</StgValue>
</bind>
</comp>

<comp id="26" class="1000" name="x_6_offset">
<pin_list>
<pin id="27" dir="1" index="0" bw="1" slack="0"/>
</pin_list>
<bind>
<StgValue><ssdm name="x_6_offset"/></StgValue>
</bind>
</comp>

<comp id="28" class="1000" name="x_7">
<pin_list>
<pin id="29" dir="1" index="0" bw="1" slack="0"/>
</pin_list>
<bind>
<StgValue><ssdm name="x_7"/><MemPortTyVec>1 3 3 3 3 3 3 3 3 3 3 3 3 3 3 3 3 </MemPortTyVec>
</StgValue>
</bind>
</comp>

<comp id="30" class="1000" name="x_7_offset">
<pin_list>
<pin id="31" dir="1" index="0" bw="1" slack="0"/>
</pin_list>
<bind>
<StgValue><ssdm name="x_7_offset"/></StgValue>
</bind>
</comp>

<comp id="32" class="1000" name="w_0">
<pin_list>
<pin id="33" dir="1" index="0" bw="1" slack="0"/>
</pin_list>
<bind>
<StgValue><ssdm name="w_0"/><MemPortTyVec>1 3 </MemPortTyVec>
</StgValue>
</bind>
</comp>

<comp id="34" class="1000" name="w_1">
<pin_list>
<pin id="35" dir="1" index="0" bw="1" slack="0"/>
</pin_list>
<bind>
<StgValue><ssdm name="w_1"/><MemPortTyVec>1 3 </MemPortTyVec>
</StgValue>
</bind>
</comp>

<comp id="36" class="1000" name="w_2">
<pin_list>
<pin id="37" dir="1" index="0" bw="1" slack="0"/>
</pin_list>
<bind>
<StgValue><ssdm name="w_2"/><MemPortTyVec>1 3 </MemPortTyVec>
</StgValue>
</bind>
</comp>

<comp id="38" class="1000" name="w_3">
<pin_list>
<pin id="39" dir="1" index="0" bw="1" slack="0"/>
</pin_list>
<bind>
<StgValue><ssdm name="w_3"/><MemPortTyVec>1 3 </MemPortTyVec>
</StgValue>
</bind>
</comp>

<comp id="40" class="1000" name="w_4">
<pin_list>
<pin id="41" dir="1" index="0" bw="1" slack="0"/>
</pin_list>
<bind>
<StgValue><ssdm name="w_4"/><MemPortTyVec>1 3 </MemPortTyVec>
</StgValue>
</bind>
</comp>

<comp id="42" class="1000" name="w_5">
<pin_list>
<pin id="43" dir="1" index="0" bw="1" slack="0"/>
</pin_list>
<bind>
<StgValue><ssdm name="w_5"/><MemPortTyVec>1 3 </MemPortTyVec>
</StgValue>
</bind>
</comp>

<comp id="44" class="1000" name="w_6">
<pin_list>
<pin id="45" dir="1" index="0" bw="1" slack="0"/>
</pin_list>
<bind>
<StgValue><ssdm name="w_6"/><MemPortTyVec>1 3 </MemPortTyVec>
</StgValue>
</bind>
</comp>

<comp id="46" class="1000" name="w_7">
<pin_list>
<pin id="47" dir="1" index="0" bw="1" slack="0"/>
</pin_list>
<bind>
<StgValue><ssdm name="w_7"/><MemPortTyVec>1 3 </MemPortTyVec>
</StgValue>
</bind>
</comp>

<comp id="48" class="1000" name="gmem4">
<pin_list>
<pin id="49" dir="1" index="0" bw="1" slack="0"/>
</pin_list>
<bind>
<StgValue><ssdm name="gmem4"/></StgValue>
</bind>
</comp>

<comp id="50" class="1000" name="b">
<pin_list>
<pin id="51" dir="1" index="0" bw="1" slack="0"/>
</pin_list>
<bind>
<StgValue><ssdm name="b"/></StgValue>
</bind>
</comp>

<comp id="52" class="1000" name="result">
<pin_list>
<pin id="53" dir="1" index="0" bw="1" slack="0"/>
</pin_list>
<bind>
<StgValue><ssdm name="result"/><MemPortTyVec>0 3 </MemPortTyVec>
</StgValue>
</bind>
</comp>

<comp id="54" class="1001" name="const_54">
<pin_list>
<pin id="55" dir="1" index="0" bw="1" slack="0"/>
</pin_list>
<bind>
<StgValue><ssdm name="_ssdm_op_Read.ap_auto.i64"/></StgValue>
</bind>
</comp>

<comp id="56" class="1001" name="const_56">
<pin_list>
<pin id="57" dir="1" index="0" bw="1" slack="0"/>
</pin_list>
<bind>
<StgValue><ssdm name="_ssdm_op_PartSelect.i62.i64.i32.i32"/></StgValue>
</bind>
</comp>

<comp id="58" class="1001" name="const_58">
<pin_list>
<pin id="59" dir="1" index="0" bw="1" slack="0"/>
</pin_list>
<bind>
<StgValue><ssdm name=""/></StgValue>
</bind>
</comp>

<comp id="60" class="1001" name="const_60">
<pin_list>
<pin id="61" dir="1" index="0" bw="1" slack="0"/>
</pin_list>
<bind>
<StgValue><ssdm name=""/></StgValue>
</bind>
</comp>

<comp id="62" class="1001" name="const_62">
<pin_list>
<pin id="63" dir="1" index="0" bw="1" slack="0"/>
</pin_list>
<bind>
<StgValue><ssdm name="_ssdm_op_ReadReq.m_axi.p1i32"/></StgValue>
</bind>
</comp>

<comp id="64" class="1001" name="const_64">
<pin_list>
<pin id="65" dir="1" index="0" bw="1" slack="0"/>
</pin_list>
<bind>
<StgValue><ssdm name=""/></StgValue>
</bind>
</comp>

<comp id="66" class="1001" name="const_66">
<pin_list>
<pin id="67" dir="1" index="0" bw="1" slack="0"/>
</pin_list>
<bind>
<StgValue><ssdm name="_ssdm_op_Read.ap_auto.i4"/></StgValue>
</bind>
</comp>

<comp id="68" class="1001" name="const_68">
<pin_list>
<pin id="69" dir="1" index="0" bw="1" slack="0"/>
</pin_list>
<bind>
<StgValue><ssdm name="_ssdm_op_BitConcatenate.i7.i4.i3"/></StgValue>
</bind>
</comp>

<comp id="70" class="1001" name="const_70">
<pin_list>
<pin id="71" dir="1" index="0" bw="1" slack="0"/>
</pin_list>
<bind>
<StgValue><ssdm name=""/></StgValue>
</bind>
</comp>

<comp id="72" class="1001" name="const_72">
<pin_list>
<pin id="73" dir="1" index="0" bw="1" slack="0"/>
</pin_list>
<bind>
<StgValue><ssdm name="compute_expert_Pipeline_VITIS_LOOP_19_1_VITIS_LOOP_29_3"/></StgValue>
</bind>
</comp>

<comp id="74" class="1001" name="const_74">
<pin_list>
<pin id="75" dir="1" index="0" bw="1" slack="2147483647"/>
</pin_list>
<bind>
<StgValue><ssdm name="_ssdm_op_SpecInterface"/></StgValue>
</bind>
</comp>

<comp id="76" class="1001" name="const_76">
<pin_list>
<pin id="77" dir="1" index="0" bw="1" slack="2147483647"/>
</pin_list>
<bind>
<StgValue><ssdm name="empty_8"/></StgValue>
</bind>
</comp>

<comp id="78" class="1001" name="const_78">
<pin_list>
<pin id="79" dir="1" index="0" bw="1" slack="2147483647"/>
</pin_list>
<bind>
<StgValue><ssdm name=""/></StgValue>
</bind>
</comp>

<comp id="80" class="1001" name="const_80">
<pin_list>
<pin id="81" dir="1" index="0" bw="1" slack="2147483647"/>
</pin_list>
<bind>
<StgValue><ssdm name="empty_36"/></StgValue>
</bind>
</comp>

<comp id="82" class="1001" name="const_82">
<pin_list>
<pin id="83" dir="1" index="0" bw="1" slack="2147483647"/>
</pin_list>
<bind>
<StgValue><ssdm name="empty_2"/></StgValue>
</bind>
</comp>

<comp id="84" class="1001" name="const_84">
<pin_list>
<pin id="85" dir="1" index="0" bw="1" slack="2147483647"/>
</pin_list>
<bind>
<StgValue><ssdm name="empty_22"/></StgValue>
</bind>
</comp>

<comp id="86" class="1001" name="const_86">
<pin_list>
<pin id="87" dir="1" index="0" bw="1" slack="2147483647"/>
</pin_list>
<bind>
<StgValue><ssdm name=""/></StgValue>
</bind>
</comp>

<comp id="88" class="1001" name="const_88">
<pin_list>
<pin id="89" dir="1" index="0" bw="1" slack="2147483647"/>
</pin_list>
<bind>
<StgValue><ssdm name=""/></StgValue>
</bind>
</comp>

<comp id="90" class="1004" name="b_read_read_fu_90">
<pin_list>
<pin id="91" dir="0" index="0" bw="64" slack="0"/>
<pin id="92" dir="0" index="1" bw="64" slack="0"/>
<pin id="93" dir="1" index="2" bw="64" slack="0"/>
</pin_list>
<bind>
<opcode="read(1150) " fcode="read"/>
<opset="b_read/1 "/>
</bind>
</comp>

<comp id="96" class="1004" name="grp_readreq_fu_96">
<pin_list>
<pin id="97" dir="0" index="0" bw="1" slack="0"/>
<pin id="98" dir="0" index="1" bw="32" slack="0"/>
<pin id="99" dir="0" index="2" bw="8" slack="0"/>
<pin id="100" dir="1" index="3" bw="1" slack="2147483647"/>
</pin_list>
<bind>
<opcode="readreq(1154) " fcode="readreq"/>
<opset="empty/1 "/>
</bind>
</comp>

<comp id="103" class="1004" name="x_7_offset_read_read_fu_103">
<pin_list>
<pin id="104" dir="0" index="0" bw="4" slack="0"/>
<pin id="105" dir="0" index="1" bw="4" slack="0"/>
<pin id="106" dir="1" index="2" bw="4" slack="0"/>
</pin_list>
<bind>
<opcode="read(1150) " fcode="read"/>
<opset="x_7_offset_read/9 "/>
</bind>
</comp>

<comp id="109" class="1004" name="x_6_offset_read_read_fu_109">
<pin_list>
<pin id="110" dir="0" index="0" bw="4" slack="0"/>
<pin id="111" dir="0" index="1" bw="4" slack="0"/>
<pin id="112" dir="1" index="2" bw="4" slack="0"/>
</pin_list>
<bind>
<opcode="read(1150) " fcode="read"/>
<opset="x_6_offset_read/9 "/>
</bind>
</comp>

<comp id="115" class="1004" name="x_5_offset_read_read_fu_115">
<pin_list>
<pin id="116" dir="0" index="0" bw="4" slack="0"/>
<pin id="117" dir="0" index="1" bw="4" slack="0"/>
<pin id="118" dir="1" index="2" bw="4" slack="0"/>
</pin_list>
<bind>
<opcode="read(1150) " fcode="read"/>
<opset="x_5_offset_read/9 "/>
</bind>
</comp>

<comp id="121" class="1004" name="x_4_offset_read_read_fu_121">
<pin_list>
<pin id="122" dir="0" index="0" bw="4" slack="0"/>
<pin id="123" dir="0" index="1" bw="4" slack="0"/>
<pin id="124" dir="1" index="2" bw="4" slack="0"/>
</pin_list>
<bind>
<opcode="read(1150) " fcode="read"/>
<opset="x_4_offset_read/9 "/>
</bind>
</comp>

<comp id="127" class="1004" name="x_3_offset_read_read_fu_127">
<pin_list>
<pin id="128" dir="0" index="0" bw="4" slack="0"/>
<pin id="129" dir="0" index="1" bw="4" slack="0"/>
<pin id="130" dir="1" index="2" bw="4" slack="0"/>
</pin_list>
<bind>
<opcode="read(1150) " fcode="read"/>
<opset="x_3_offset_read/9 "/>
</bind>
</comp>

<comp id="133" class="1004" name="x_2_offset_read_read_fu_133">
<pin_list>
<pin id="134" dir="0" index="0" bw="4" slack="0"/>
<pin id="135" dir="0" index="1" bw="4" slack="0"/>
<pin id="136" dir="1" index="2" bw="4" slack="0"/>
</pin_list>
<bind>
<opcode="read(1150) " fcode="read"/>
<opset="x_2_offset_read/9 "/>
</bind>
</comp>

<comp id="139" class="1004" name="x_1_offset_read_read_fu_139">
<pin_list>
<pin id="140" dir="0" index="0" bw="4" slack="0"/>
<pin id="141" dir="0" index="1" bw="4" slack="0"/>
<pin id="142" dir="1" index="2" bw="4" slack="0"/>
</pin_list>
<bind>
<opcode="read(1150) " fcode="read"/>
<opset="x_1_offset_read/9 "/>
</bind>
</comp>

<comp id="145" class="1004" name="x_0_offset_read_read_fu_145">
<pin_list>
<pin id="146" dir="0" index="0" bw="4" slack="0"/>
<pin id="147" dir="0" index="1" bw="4" slack="0"/>
<pin id="148" dir="1" index="2" bw="4" slack="0"/>
</pin_list>
<bind>
<opcode="read(1150) " fcode="read"/>
<opset="x_0_offset_read/9 "/>
</bind>
</comp>

<comp id="151" class="1004" name="grp_compute_expert_Pipeline_VITIS_LOOP_19_1_VITIS_LOOP_29_3_fu_151">
<pin_list>
<pin id="152" dir="0" index="0" bw="0" slack="0"/>
<pin id="153" dir="0" index="1" bw="32" slack="0"/>
<pin id="154" dir="0" index="2" bw="62" slack="8"/>
<pin id="155" dir="0" index="3" bw="7" slack="0"/>
<pin id="156" dir="0" index="4" bw="32" slack="0"/>
<pin id="157" dir="0" index="5" bw="7" slack="0"/>
<pin id="158" dir="0" index="6" bw="32" slack="0"/>
<pin id="159" dir="0" index="7" bw="7" slack="0"/>
<pin id="160" dir="0" index="8" bw="32" slack="0"/>
<pin id="161" dir="0" index="9" bw="7" slack="0"/>
<pin id="162" dir="0" index="10" bw="32" slack="0"/>
<pin id="163" dir="0" index="11" bw="7" slack="0"/>
<pin id="164" dir="0" index="12" bw="32" slack="0"/>
<pin id="165" dir="0" index="13" bw="7" slack="0"/>
<pin id="166" dir="0" index="14" bw="32" slack="0"/>
<pin id="167" dir="0" index="15" bw="7" slack="0"/>
<pin id="168" dir="0" index="16" bw="32" slack="0"/>
<pin id="169" dir="0" index="17" bw="7" slack="0"/>
<pin id="170" dir="0" index="18" bw="32" slack="0"/>
<pin id="171" dir="0" index="19" bw="32" slack="0"/>
<pin id="172" dir="0" index="20" bw="32" slack="0"/>
<pin id="173" dir="0" index="21" bw="32" slack="0"/>
<pin id="174" dir="0" index="22" bw="32" slack="0"/>
<pin id="175" dir="0" index="23" bw="32" slack="0"/>
<pin id="176" dir="0" index="24" bw="32" slack="0"/>
<pin id="177" dir="0" index="25" bw="32" slack="0"/>
<pin id="178" dir="0" index="26" bw="32" slack="0"/>
<pin id="179" dir="0" index="27" bw="32" slack="0"/>
<pin id="180" dir="1" index="28" bw="0" slack="2147483647"/>
</pin_list>
<bind>
<opcode="call(48) " fcode="call"/>
<opset="call_ln19/9 "/>
</bind>
</comp>

<comp id="200" class="1004" name="trunc_ln_fu_200">
<pin_list>
<pin id="201" dir="0" index="0" bw="62" slack="0"/>
<pin id="202" dir="0" index="1" bw="64" slack="0"/>
<pin id="203" dir="0" index="2" bw="3" slack="0"/>
<pin id="204" dir="0" index="3" bw="7" slack="0"/>
<pin id="205" dir="1" index="4" bw="62" slack="0"/>
</pin_list>
<bind>
<opcode="partselect(1002) " fcode="partselect"/>
<opset="trunc_ln/1 "/>
</bind>
</comp>

<comp id="210" class="1004" name="sext_ln19_fu_210">
<pin_list>
<pin id="211" dir="0" index="0" bw="62" slack="0"/>
<pin id="212" dir="1" index="1" bw="64" slack="0"/>
</pin_list>
<bind>
<opcode="sext(35) " fcode="sext"/>
<opset="sext_ln19/1 "/>
</bind>
</comp>

<comp id="214" class="1004" name="gmem4_addr_fu_214">
<pin_list>
<pin id="215" dir="0" index="0" bw="64" slack="0"/>
<pin id="216" dir="0" index="1" bw="64" slack="0"/>
<pin id="217" dir="1" index="2" bw="64" slack="0"/>
</pin_list>
<bind>
<opcode="getelementptr(29) " fcode="getelementptr"/>
<opset="gmem4_addr/1 "/>
</bind>
</comp>

<comp id="221" class="1004" name="tmp_fu_221">
<pin_list>
<pin id="222" dir="0" index="0" bw="7" slack="0"/>
<pin id="223" dir="0" index="1" bw="4" slack="0"/>
<pin id="224" dir="0" index="2" bw="1" slack="0"/>
<pin id="225" dir="1" index="3" bw="7" slack="0"/>
</pin_list>
<bind>
<opcode="bitconcatenate(1004) " fcode="bitconcatenate"/>
<opset="tmp/9 "/>
</bind>
</comp>

<comp id="230" class="1004" name="tmp_s_fu_230">
<pin_list>
<pin id="231" dir="0" index="0" bw="7" slack="0"/>
<pin id="232" dir="0" index="1" bw="4" slack="0"/>
<pin id="233" dir="0" index="2" bw="1" slack="0"/>
<pin id="234" dir="1" index="3" bw="7" slack="0"/>
</pin_list>
<bind>
<opcode="bitconcatenate(1004) " fcode="bitconcatenate"/>
<opset="tmp_s/9 "/>
</bind>
</comp>

<comp id="239" class="1004" name="tmp_1_fu_239">
<pin_list>
<pin id="240" dir="0" index="0" bw="7" slack="0"/>
<pin id="241" dir="0" index="1" bw="4" slack="0"/>
<pin id="242" dir="0" index="2" bw="1" slack="0"/>
<pin id="243" dir="1" index="3" bw="7" slack="0"/>
</pin_list>
<bind>
<opcode="bitconcatenate(1004) " fcode="bitconcatenate"/>
<opset="tmp_1/9 "/>
</bind>
</comp>

<comp id="248" class="1004" name="tmp_2_fu_248">
<pin_list>
<pin id="249" dir="0" index="0" bw="7" slack="0"/>
<pin id="250" dir="0" index="1" bw="4" slack="0"/>
<pin id="251" dir="0" index="2" bw="1" slack="0"/>
<pin id="252" dir="1" index="3" bw="7" slack="0"/>
</pin_list>
<bind>
<opcode="bitconcatenate(1004) " fcode="bitconcatenate"/>
<opset="tmp_2/9 "/>
</bind>
</comp>

<comp id="257" class="1004" name="tmp_3_fu_257">
<pin_list>
<pin id="258" dir="0" index="0" bw="7" slack="0"/>
<pin id="259" dir="0" index="1" bw="4" slack="0"/>
<pin id="260" dir="0" index="2" bw="1" slack="0"/>
<pin id="261" dir="1" index="3" bw="7" slack="0"/>
</pin_list>
<bind>
<opcode="bitconcatenate(1004) " fcode="bitconcatenate"/>
<opset="tmp_3/9 "/>
</bind>
</comp>

<comp id="266" class="1004" name="tmp_4_fu_266">
<pin_list>
<pin id="267" dir="0" index="0" bw="7" slack="0"/>
<pin id="268" dir="0" index="1" bw="4" slack="0"/>
<pin id="269" dir="0" index="2" bw="1" slack="0"/>
<pin id="270" dir="1" index="3" bw="7" slack="0"/>
</pin_list>
<bind>
<opcode="bitconcatenate(1004) " fcode="bitconcatenate"/>
<opset="tmp_4/9 "/>
</bind>
</comp>

<comp id="275" class="1004" name="tmp_5_fu_275">
<pin_list>
<pin id="276" dir="0" index="0" bw="7" slack="0"/>
<pin id="277" dir="0" index="1" bw="4" slack="0"/>
<pin id="278" dir="0" index="2" bw="1" slack="0"/>
<pin id="279" dir="1" index="3" bw="7" slack="0"/>
</pin_list>
<bind>
<opcode="bitconcatenate(1004) " fcode="bitconcatenate"/>
<opset="tmp_5/9 "/>
</bind>
</comp>

<comp id="284" class="1004" name="tmp_6_fu_284">
<pin_list>
<pin id="285" dir="0" index="0" bw="7" slack="0"/>
<pin id="286" dir="0" index="1" bw="4" slack="0"/>
<pin id="287" dir="0" index="2" bw="1" slack="0"/>
<pin id="288" dir="1" index="3" bw="7" slack="0"/>
</pin_list>
<bind>
<opcode="bitconcatenate(1004) " fcode="bitconcatenate"/>
<opset="tmp_6/9 "/>
</bind>
</comp>

<comp id="293" class="1005" name="trunc_ln_reg_293">
<pin_list>
<pin id="294" dir="0" index="0" bw="62" slack="8"/>
<pin id="295" dir="1" index="1" bw="62" slack="8"/>
</pin_list>
<bind>
<opset="trunc_ln "/>
</bind>
</comp>

<comp id="298" class="1005" name="gmem4_addr_reg_298">
<pin_list>
<pin id="299" dir="0" index="0" bw="32" slack="1"/>
<pin id="300" dir="1" index="1" bw="32" slack="1"/>
</pin_list>
<bind>
<opset="gmem4_addr "/>
</bind>
</comp>

<comp id="303" class="1005" name="tmp_reg_303">
<pin_list>
<pin id="304" dir="0" index="0" bw="7" slack="1"/>
<pin id="305" dir="1" index="1" bw="7" slack="1"/>
</pin_list>
<bind>
<opset="tmp "/>
</bind>
</comp>

<comp id="308" class="1005" name="tmp_s_reg_308">
<pin_list>
<pin id="309" dir="0" index="0" bw="7" slack="1"/>
<pin id="310" dir="1" index="1" bw="7" slack="1"/>
</pin_list>
<bind>
<opset="tmp_s "/>
</bind>
</comp>

<comp id="313" class="1005" name="tmp_1_reg_313">
<pin_list>
<pin id="314" dir="0" index="0" bw="7" slack="1"/>
<pin id="315" dir="1" index="1" bw="7" slack="1"/>
</pin_list>
<bind>
<opset="tmp_1 "/>
</bind>
</comp>

<comp id="318" class="1005" name="tmp_2_reg_318">
<pin_list>
<pin id="319" dir="0" index="0" bw="7" slack="1"/>
<pin id="320" dir="1" index="1" bw="7" slack="1"/>
</pin_list>
<bind>
<opset="tmp_2 "/>
</bind>
</comp>

<comp id="323" class="1005" name="tmp_3_reg_323">
<pin_list>
<pin id="324" dir="0" index="0" bw="7" slack="1"/>
<pin id="325" dir="1" index="1" bw="7" slack="1"/>
</pin_list>
<bind>
<opset="tmp_3 "/>
</bind>
</comp>

<comp id="328" class="1005" name="tmp_4_reg_328">
<pin_list>
<pin id="329" dir="0" index="0" bw="7" slack="1"/>
<pin id="330" dir="1" index="1" bw="7" slack="1"/>
</pin_list>
<bind>
<opset="tmp_4 "/>
</bind>
</comp>

<comp id="333" class="1005" name="tmp_5_reg_333">
<pin_list>
<pin id="334" dir="0" index="0" bw="7" slack="1"/>
<pin id="335" dir="1" index="1" bw="7" slack="1"/>
</pin_list>
<bind>
<opset="tmp_5 "/>
</bind>
</comp>

<comp id="338" class="1005" name="tmp_6_reg_338">
<pin_list>
<pin id="339" dir="0" index="0" bw="7" slack="1"/>
<pin id="340" dir="1" index="1" bw="7" slack="1"/>
</pin_list>
<bind>
<opset="tmp_6 "/>
</bind>
</comp>

</comp_list>

<net_list>
<net id="94"><net_src comp="54" pin="0"/><net_sink comp="90" pin=0"/></net>

<net id="95"><net_src comp="50" pin="0"/><net_sink comp="90" pin=1"/></net>

<net id="101"><net_src comp="62" pin="0"/><net_sink comp="96" pin=0"/></net>

<net id="102"><net_src comp="64" pin="0"/><net_sink comp="96" pin=2"/></net>

<net id="107"><net_src comp="66" pin="0"/><net_sink comp="103" pin=0"/></net>

<net id="108"><net_src comp="30" pin="0"/><net_sink comp="103" pin=1"/></net>

<net id="113"><net_src comp="66" pin="0"/><net_sink comp="109" pin=0"/></net>

<net id="114"><net_src comp="26" pin="0"/><net_sink comp="109" pin=1"/></net>

<net id="119"><net_src comp="66" pin="0"/><net_sink comp="115" pin=0"/></net>

<net id="120"><net_src comp="22" pin="0"/><net_sink comp="115" pin=1"/></net>

<net id="125"><net_src comp="66" pin="0"/><net_sink comp="121" pin=0"/></net>

<net id="126"><net_src comp="18" pin="0"/><net_sink comp="121" pin=1"/></net>

<net id="131"><net_src comp="66" pin="0"/><net_sink comp="127" pin=0"/></net>

<net id="132"><net_src comp="14" pin="0"/><net_sink comp="127" pin=1"/></net>

<net id="137"><net_src comp="66" pin="0"/><net_sink comp="133" pin=0"/></net>

<net id="138"><net_src comp="10" pin="0"/><net_sink comp="133" pin=1"/></net>

<net id="143"><net_src comp="66" pin="0"/><net_sink comp="139" pin=0"/></net>

<net id="144"><net_src comp="6" pin="0"/><net_sink comp="139" pin=1"/></net>

<net id="149"><net_src comp="66" pin="0"/><net_sink comp="145" pin=0"/></net>

<net id="150"><net_src comp="2" pin="0"/><net_sink comp="145" pin=1"/></net>

<net id="181"><net_src comp="72" pin="0"/><net_sink comp="151" pin=0"/></net>

<net id="182"><net_src comp="48" pin="0"/><net_sink comp="151" pin=1"/></net>

<net id="183"><net_src comp="0" pin="0"/><net_sink comp="151" pin=4"/></net>

<net id="184"><net_src comp="4" pin="0"/><net_sink comp="151" pin=6"/></net>

<net id="185"><net_src comp="8" pin="0"/><net_sink comp="151" pin=8"/></net>

<net id="186"><net_src comp="12" pin="0"/><net_sink comp="151" pin=10"/></net>

<net id="187"><net_src comp="16" pin="0"/><net_sink comp="151" pin=12"/></net>

<net id="188"><net_src comp="20" pin="0"/><net_sink comp="151" pin=14"/></net>

<net id="189"><net_src comp="24" pin="0"/><net_sink comp="151" pin=16"/></net>

<net id="190"><net_src comp="28" pin="0"/><net_sink comp="151" pin=18"/></net>

<net id="191"><net_src comp="32" pin="0"/><net_sink comp="151" pin=19"/></net>

<net id="192"><net_src comp="34" pin="0"/><net_sink comp="151" pin=20"/></net>

<net id="193"><net_src comp="36" pin="0"/><net_sink comp="151" pin=21"/></net>

<net id="194"><net_src comp="38" pin="0"/><net_sink comp="151" pin=22"/></net>

<net id="195"><net_src comp="40" pin="0"/><net_sink comp="151" pin=23"/></net>

<net id="196"><net_src comp="42" pin="0"/><net_sink comp="151" pin=24"/></net>

<net id="197"><net_src comp="44" pin="0"/><net_sink comp="151" pin=25"/></net>

<net id="198"><net_src comp="46" pin="0"/><net_sink comp="151" pin=26"/></net>

<net id="199"><net_src comp="52" pin="0"/><net_sink comp="151" pin=27"/></net>

<net id="206"><net_src comp="56" pin="0"/><net_sink comp="200" pin=0"/></net>

<net id="207"><net_src comp="90" pin="2"/><net_sink comp="200" pin=1"/></net>

<net id="208"><net_src comp="58" pin="0"/><net_sink comp="200" pin=2"/></net>

<net id="209"><net_src comp="60" pin="0"/><net_sink comp="200" pin=3"/></net>

<net id="213"><net_src comp="200" pin="4"/><net_sink comp="210" pin=0"/></net>

<net id="218"><net_src comp="48" pin="0"/><net_sink comp="214" pin=0"/></net>

<net id="219"><net_src comp="210" pin="1"/><net_sink comp="214" pin=1"/></net>

<net id="220"><net_src comp="214" pin="2"/><net_sink comp="96" pin=1"/></net>

<net id="226"><net_src comp="68" pin="0"/><net_sink comp="221" pin=0"/></net>

<net id="227"><net_src comp="103" pin="2"/><net_sink comp="221" pin=1"/></net>

<net id="228"><net_src comp="70" pin="0"/><net_sink comp="221" pin=2"/></net>

<net id="229"><net_src comp="221" pin="3"/><net_sink comp="151" pin=17"/></net>

<net id="235"><net_src comp="68" pin="0"/><net_sink comp="230" pin=0"/></net>

<net id="236"><net_src comp="109" pin="2"/><net_sink comp="230" pin=1"/></net>

<net id="237"><net_src comp="70" pin="0"/><net_sink comp="230" pin=2"/></net>

<net id="238"><net_src comp="230" pin="3"/><net_sink comp="151" pin=15"/></net>

<net id="244"><net_src comp="68" pin="0"/><net_sink comp="239" pin=0"/></net>

<net id="245"><net_src comp="115" pin="2"/><net_sink comp="239" pin=1"/></net>

<net id="246"><net_src comp="70" pin="0"/><net_sink comp="239" pin=2"/></net>

<net id="247"><net_src comp="239" pin="3"/><net_sink comp="151" pin=13"/></net>

<net id="253"><net_src comp="68" pin="0"/><net_sink comp="248" pin=0"/></net>

<net id="254"><net_src comp="121" pin="2"/><net_sink comp="248" pin=1"/></net>

<net id="255"><net_src comp="70" pin="0"/><net_sink comp="248" pin=2"/></net>

<net id="256"><net_src comp="248" pin="3"/><net_sink comp="151" pin=11"/></net>

<net id="262"><net_src comp="68" pin="0"/><net_sink comp="257" pin=0"/></net>

<net id="263"><net_src comp="127" pin="2"/><net_sink comp="257" pin=1"/></net>

<net id="264"><net_src comp="70" pin="0"/><net_sink comp="257" pin=2"/></net>

<net id="265"><net_src comp="257" pin="3"/><net_sink comp="151" pin=9"/></net>

<net id="271"><net_src comp="68" pin="0"/><net_sink comp="266" pin=0"/></net>

<net id="272"><net_src comp="133" pin="2"/><net_sink comp="266" pin=1"/></net>

<net id="273"><net_src comp="70" pin="0"/><net_sink comp="266" pin=2"/></net>

<net id="274"><net_src comp="266" pin="3"/><net_sink comp="151" pin=7"/></net>

<net id="280"><net_src comp="68" pin="0"/><net_sink comp="275" pin=0"/></net>

<net id="281"><net_src comp="139" pin="2"/><net_sink comp="275" pin=1"/></net>

<net id="282"><net_src comp="70" pin="0"/><net_sink comp="275" pin=2"/></net>

<net id="283"><net_src comp="275" pin="3"/><net_sink comp="151" pin=5"/></net>

<net id="289"><net_src comp="68" pin="0"/><net_sink comp="284" pin=0"/></net>

<net id="290"><net_src comp="145" pin="2"/><net_sink comp="284" pin=1"/></net>

<net id="291"><net_src comp="70" pin="0"/><net_sink comp="284" pin=2"/></net>

<net id="292"><net_src comp="284" pin="3"/><net_sink comp="151" pin=3"/></net>

<net id="296"><net_src comp="200" pin="4"/><net_sink comp="293" pin=0"/></net>

<net id="297"><net_src comp="293" pin="1"/><net_sink comp="151" pin=2"/></net>

<net id="301"><net_src comp="214" pin="2"/><net_sink comp="298" pin=0"/></net>

<net id="302"><net_src comp="298" pin="1"/><net_sink comp="96" pin=1"/></net>

<net id="306"><net_src comp="221" pin="3"/><net_sink comp="303" pin=0"/></net>

<net id="307"><net_src comp="303" pin="1"/><net_sink comp="151" pin=17"/></net>

<net id="311"><net_src comp="230" pin="3"/><net_sink comp="308" pin=0"/></net>

<net id="312"><net_src comp="308" pin="1"/><net_sink comp="151" pin=15"/></net>

<net id="316"><net_src comp="239" pin="3"/><net_sink comp="313" pin=0"/></net>

<net id="317"><net_src comp="313" pin="1"/><net_sink comp="151" pin=13"/></net>

<net id="321"><net_src comp="248" pin="3"/><net_sink comp="318" pin=0"/></net>

<net id="322"><net_src comp="318" pin="1"/><net_sink comp="151" pin=11"/></net>

<net id="326"><net_src comp="257" pin="3"/><net_sink comp="323" pin=0"/></net>

<net id="327"><net_src comp="323" pin="1"/><net_sink comp="151" pin=9"/></net>

<net id="331"><net_src comp="266" pin="3"/><net_sink comp="328" pin=0"/></net>

<net id="332"><net_src comp="328" pin="1"/><net_sink comp="151" pin=7"/></net>

<net id="336"><net_src comp="275" pin="3"/><net_sink comp="333" pin=0"/></net>

<net id="337"><net_src comp="333" pin="1"/><net_sink comp="151" pin=5"/></net>

<net id="341"><net_src comp="284" pin="3"/><net_sink comp="338" pin=0"/></net>

<net id="342"><net_src comp="338" pin="1"/><net_sink comp="151" pin=3"/></net>

</net_list>

</model> 
---------------- Datapath Model END ------------------

* FSMD analyzer results:
  - Output states:
	Port: gmem4 | {}
	Port: result | {9 10 }
 - Input state : 
	Port: compute_expert : x_0 | {9 10 }
	Port: compute_expert : x_0_offset | {9 }
	Port: compute_expert : x_1 | {9 10 }
	Port: compute_expert : x_1_offset | {9 }
	Port: compute_expert : x_2 | {9 10 }
	Port: compute_expert : x_2_offset | {9 }
	Port: compute_expert : x_3 | {9 10 }
	Port: compute_expert : x_3_offset | {9 }
	Port: compute_expert : x_4 | {9 10 }
	Port: compute_expert : x_4_offset | {9 }
	Port: compute_expert : x_5 | {9 10 }
	Port: compute_expert : x_5_offset | {9 }
	Port: compute_expert : x_6 | {9 10 }
	Port: compute_expert : x_6_offset | {9 }
	Port: compute_expert : x_7 | {9 10 }
	Port: compute_expert : x_7_offset | {9 }
	Port: compute_expert : w_0 | {9 10 }
	Port: compute_expert : w_1 | {9 10 }
	Port: compute_expert : w_2 | {9 10 }
	Port: compute_expert : w_3 | {9 10 }
	Port: compute_expert : w_4 | {9 10 }
	Port: compute_expert : w_5 | {9 10 }
	Port: compute_expert : w_6 | {9 10 }
	Port: compute_expert : w_7 | {9 10 }
	Port: compute_expert : gmem4 | {1 2 3 4 5 6 7 8 9 10 }
	Port: compute_expert : b | {1 }
  - Chain level:
	State 1
		sext_ln19 : 1
		gmem4_addr : 2
		empty : 3
	State 2
	State 3
	State 4
	State 5
	State 6
	State 7
	State 8
	State 9
		call_ln19 : 1
	State 10


============================================================
+ Verbose Summary: Datapath Resource usage 
============================================================

* Functional unit list:
|----------|--------------------------------------------------------------------|---------|---------|---------|---------|
| Operation|                           Functional Unit                          |   DSP   |  Delay  |    FF   |   LUT   |
|----------|--------------------------------------------------------------------|---------|---------|---------|---------|
|   call   | grp_compute_expert_Pipeline_VITIS_LOOP_19_1_VITIS_LOOP_29_3_fu_151 |    56   |  12.308 |   5966  |   5137  |
|----------|--------------------------------------------------------------------|---------|---------|---------|---------|
|          |                          b_read_read_fu_90                         |    0    |    0    |    0    |    0    |
|          |                     x_7_offset_read_read_fu_103                    |    0    |    0    |    0    |    0    |
|          |                     x_6_offset_read_read_fu_109                    |    0    |    0    |    0    |    0    |
|          |                     x_5_offset_read_read_fu_115                    |    0    |    0    |    0    |    0    |
|   read   |                     x_4_offset_read_read_fu_121                    |    0    |    0    |    0    |    0    |
|          |                     x_3_offset_read_read_fu_127                    |    0    |    0    |    0    |    0    |
|          |                     x_2_offset_read_read_fu_133                    |    0    |    0    |    0    |    0    |
|          |                     x_1_offset_read_read_fu_139                    |    0    |    0    |    0    |    0    |
|          |                     x_0_offset_read_read_fu_145                    |    0    |    0    |    0    |    0    |
|----------|--------------------------------------------------------------------|---------|---------|---------|---------|
|  readreq |                          grp_readreq_fu_96                         |    0    |    0    |    0    |    0    |
|----------|--------------------------------------------------------------------|---------|---------|---------|---------|
|partselect|                           trunc_ln_fu_200                          |    0    |    0    |    0    |    0    |
|----------|--------------------------------------------------------------------|---------|---------|---------|---------|
|   sext   |                          sext_ln19_fu_210                          |    0    |    0    |    0    |    0    |
|----------|--------------------------------------------------------------------|---------|---------|---------|---------|
|          |                             tmp_fu_221                             |    0    |    0    |    0    |    0    |
|          |                            tmp_s_fu_230                            |    0    |    0    |    0    |    0    |
|          |                            tmp_1_fu_239                            |    0    |    0    |    0    |    0    |
|bitconcatenate|                            tmp_2_fu_248                            |    0    |    0    |    0    |    0    |
|          |                            tmp_3_fu_257                            |    0    |    0    |    0    |    0    |
|          |                            tmp_4_fu_266                            |    0    |    0    |    0    |    0    |
|          |                            tmp_5_fu_275                            |    0    |    0    |    0    |    0    |
|          |                            tmp_6_fu_284                            |    0    |    0    |    0    |    0    |
|----------|--------------------------------------------------------------------|---------|---------|---------|---------|
|   Total  |                                                                    |    56   |  12.308 |   5966  |   5137  |
|----------|--------------------------------------------------------------------|---------|---------|---------|---------|

Memories:
N/A

* Register list:
+------------------+--------+
|                  |   FF   |
+------------------+--------+
|gmem4_addr_reg_298|   32   |
|   tmp_1_reg_313  |    7   |
|   tmp_2_reg_318  |    7   |
|   tmp_3_reg_323  |    7   |
|   tmp_4_reg_328  |    7   |
|   tmp_5_reg_333  |    7   |
|   tmp_6_reg_338  |    7   |
|    tmp_reg_303   |    7   |
|   tmp_s_reg_308  |    7   |
| trunc_ln_reg_293 |   62   |
+------------------+--------+
|       Total      |   150  |
+------------------+--------+

* Multiplexer (MUX) list: 
|--------------------------------------------------------------------|------|------|------|--------||---------||---------|
|                                Comp                                |  Pin | Size |  BW  | S x BW ||  Delay  ||   LUT   |
|--------------------------------------------------------------------|------|------|------|--------||---------||---------|
|                          grp_readreq_fu_96                         |  p1  |   2  |  32  |   64   ||    9    |
| grp_compute_expert_Pipeline_VITIS_LOOP_19_1_VITIS_LOOP_29_3_fu_151 |  p3  |   2  |   7  |   14   ||    9    |
| grp_compute_expert_Pipeline_VITIS_LOOP_19_1_VITIS_LOOP_29_3_fu_151 |  p5  |   2  |   7  |   14   ||    9    |
| grp_compute_expert_Pipeline_VITIS_LOOP_19_1_VITIS_LOOP_29_3_fu_151 |  p7  |   2  |   7  |   14   ||    9    |
| grp_compute_expert_Pipeline_VITIS_LOOP_19_1_VITIS_LOOP_29_3_fu_151 |  p9  |   2  |   7  |   14   ||    9    |
| grp_compute_expert_Pipeline_VITIS_LOOP_19_1_VITIS_LOOP_29_3_fu_151 |  p11 |   2  |   7  |   14   ||    9    |
| grp_compute_expert_Pipeline_VITIS_LOOP_19_1_VITIS_LOOP_29_3_fu_151 |  p13 |   2  |   7  |   14   ||    9    |
| grp_compute_expert_Pipeline_VITIS_LOOP_19_1_VITIS_LOOP_29_3_fu_151 |  p15 |   2  |   7  |   14   ||    9    |
| grp_compute_expert_Pipeline_VITIS_LOOP_19_1_VITIS_LOOP_29_3_fu_151 |  p17 |   2  |   7  |   14   ||    9    |
|--------------------------------------------------------------------|------|------|------|--------||---------||---------|
|                                Total                               |      |      |      |   176  ||  3.258  ||    81   |
|--------------------------------------------------------------------|------|------|------|--------||---------||---------|



* Summary:
+-----------+--------+--------+--------+--------+
|           |   DSP  |  Delay |   FF   |   LUT  |
+-----------+--------+--------+--------+--------+
|  Function |   56   |   12   |  5966  |  5137  |
|   Memory  |    -   |    -   |    -   |    -   |
|Multiplexer|    -   |    3   |    -   |   81   |
|  Register |    -   |    -   |   150  |    -   |
+-----------+--------+--------+--------+--------+
|   Total   |   56   |   15   |  6116  |  5218  |
+-----------+--------+--------+--------+--------+
