

================================================================
== Vitis HLS Report for 'compute_expert'
================================================================
* Date:           Sun Sep 20 19:32:34 2026

* Version:        2023.2 (Build 4023990 on Oct 11 2023)
* Project:        project
* Solution:       solution1 (Vivado IP Flow Target)
* Product family: virtexuplus
* Target device:  xcvu13p_CIV-figd2104-3-e


================================================================
== Performance Estimates
================================================================
+ Timing: 
    * Summary: 
    +--------+----------+----------+------------+
    |  Clock |  Target  | Estimated| Uncertainty|
    +--------+----------+----------+------------+
    |ap_clk  |  10.00 ns|  7.300 ns|     2.70 ns|
    +--------+----------+----------+------------+

+ Latency: 
    * Summary: 
    +---------+---------+----------+----------+-----+-----+---------+
    |  Latency (cycles) |  Latency (absolute) |  Interval | Pipeline|
    |   min   |   max   |    min   |    max   | min | max |   Type  |
    +---------+---------+----------+----------+-----+-----+---------+
    |      542|      542|  5.420 us|  5.420 us|  542|  542|       no|
    +---------+---------+----------+----------+-----+-----+---------+

    + Detail: 
        * Instance: 
        N/A

        * Loop: 
        N/A

============================================================
+ Verbose Summary: Synthesis Manager
============================================================
InlineROM: 1
ExposeGlobal: 0
============================================================
+ Verbose Summary: CDFG Model
============================================================
IsTopModel: 0
ResetActiveHigh: 1
IsCombinational: 0
IsDatapathOnly: 0
HasWiredReturn: 1
HasMFsm: 0
HasVarLatency: 1
IsPipeline: 0
IsRtlPipelined: 0
IsInstanceOverlapped: 0
IsDontTouch: 0
HasImplIP: 0
IsGatedGlobalClock: 0


============================================================
+ Verbose Summary: Schedule
============================================================
* Number of FSM states : 10
* Pipeline : 0
* Dataflow Pipeline: 0

* FSM state transitions: 
1 --> 2 
2 --> 3 
3 --> 4 
4 --> 5 
5 --> 6 
6 --> 7 
7 --> 8 
8 --> 9 
9 --> 10 
10 --> 

* FSM state operations: 

State 1 <SV = 0> <Delay = 7.30>
ST_1 : Operation 11 [1/1] (0.00ns)   --->   "%b_read = read i64 @_ssdm_op_Read.ap_auto.i64, i64 %b" [/home/simics/HMoE/HLS_HMoE/pseudo_block/run_7/src/pseudo_moe.cpp:35]   --->   Operation 11 'read' 'b_read' <Predicate = true> <Delay = 0.00>
ST_1 : Operation 12 [1/1] (0.00ns)   --->   "%trunc_ln = partselect i62 @_ssdm_op_PartSelect.i62.i64.i32.i32, i64 %b_read, i32 2, i32 63" [/home/simics/HMoE/HLS_HMoE/pseudo_block/run_7/src/pseudo_moe.cpp:19]   --->   Operation 12 'partselect' 'trunc_ln' <Predicate = true> <Delay = 0.00>
ST_1 : Operation 13 [1/1] (0.00ns)   --->   "%sext_ln19 = sext i62 %trunc_ln" [/home/simics/HMoE/HLS_HMoE/pseudo_block/run_7/src/pseudo_moe.cpp:19]   --->   Operation 13 'sext' 'sext_ln19' <Predicate = true> <Delay = 0.00>
ST_1 : Operation 14 [1/1] (0.00ns)   --->   "%gmem4_addr = getelementptr i32 %gmem4, i64 %sext_ln19" [/home/simics/HMoE/HLS_HMoE/pseudo_block/run_7/src/pseudo_moe.cpp:19]   --->   Operation 14 'getelementptr' 'gmem4_addr' <Predicate = true> <Delay = 0.00>
ST_1 : Operation 15 [8/8] (7.30ns)   --->   "%empty = readreq i1 @_ssdm_op_ReadReq.m_axi.p1i32, i32 %gmem4_addr, i32 64" [/home/simics/HMoE/HLS_HMoE/pseudo_block/run_7/src/pseudo_moe.cpp:19]   --->   Operation 15 'readreq' 'empty' <Predicate = true> <Delay = 7.30> <CoreInst = "m_axi">   --->   Core 121 'm_axi' <Latency = 0> <II = 1> <Delay = 1.00> <Adapter> <Opcode : 'read' 'write' 'readreq' 'writereq' 'writeresp'>

State 2 <SV = 1> <Delay = 7.30>
ST_2 : Operation 16 [7/8] (7.30ns)   --->   "%empty = readreq i1 @_ssdm_op_ReadReq.m_axi.p1i32, i32 %gmem4_addr, i32 64" [/home/simics/HMoE/HLS_HMoE/pseudo_block/run_7/src/pseudo_moe.cpp:19]   --->   Operation 16 'readreq' 'empty' <Predicate = true> <Delay = 7.30> <CoreInst = "m_axi">   --->   Core 121 'm_axi' <Latency = 0> <II = 1> <Delay = 1.00> <Adapter> <Opcode : 'read' 'write' 'readreq' 'writereq' 'writeresp'>

State 3 <SV = 2> <Delay = 7.30>
ST_3 : Operation 17 [6/8] (7.30ns)   --->   "%empty = readreq i1 @_ssdm_op_ReadReq.m_axi.p1i32, i32 %gmem4_addr, i32 64" [/home/simics/HMoE/HLS_HMoE/pseudo_block/run_7/src/pseudo_moe.cpp:19]   --->   Operation 17 'readreq' 'empty' <Predicate = true> <Delay = 7.30> <CoreInst = "m_axi">   --->   Core 121 'm_axi' <Latency = 0> <II = 1> <Delay = 1.00> <Adapter> <Opcode : 'read' 'write' 'readreq' 'writereq' 'writeresp'>

State 4 <SV = 3> <Delay = 7.30>
ST_4 : Operation 18 [5/8] (7.30ns)   --->   "%empty = readreq i1 @_ssdm_op_ReadReq.m_axi.p1i32, i32 %gmem4_addr, i32 64" [/home/simics/HMoE/HLS_HMoE/pseudo_block/run_7/src/pseudo_moe.cpp:19]   --->   Operation 18 'readreq' 'empty' <Predicate = true> <Delay = 7.30> <CoreInst = "m_axi">   --->   Core 121 'm_axi' <Latency = 0> <II = 1> <Delay = 1.00> <Adapter> <Opcode : 'read' 'write' 'readreq' 'writereq' 'writeresp'>

State 5 <SV = 4> <Delay = 7.30>
ST_5 : Operation 19 [4/8] (7.30ns)   --->   "%empty = readreq i1 @_ssdm_op_ReadReq.m_axi.p1i32, i32 %gmem4_addr, i32 64" [/home/simics/HMoE/HLS_HMoE/pseudo_block/run_7/src/pseudo_moe.cpp:19]   --->   Operation 19 'readreq' 'empty' <Predicate = true> <Delay = 7.30> <CoreInst = "m_axi">   --->   Core 121 'm_axi' <Latency = 0> <II = 1> <Delay = 1.00> <Adapter> <Opcode : 'read' 'write' 'readreq' 'writereq' 'writeresp'>

State 6 <SV = 5> <Delay = 7.30>
ST_6 : Operation 20 [3/8] (7.30ns)   --->   "%empty = readreq i1 @_ssdm_op_ReadReq.m_axi.p1i32, i32 %gmem4_addr, i32 64" [/home/simics/HMoE/HLS_HMoE/pseudo_block/run_7/src/pseudo_moe.cpp:19]   --->   Operation 20 'readreq' 'empty' <Predicate = true> <Delay = 7.30> <CoreInst = "m_axi">   --->   Core 121 'm_axi' <Latency = 0> <II = 1> <Delay = 1.00> <Adapter> <Opcode : 'read' 'write' 'readreq' 'writereq' 'writeresp'>

State 7 <SV = 6> <Delay = 7.30>
ST_7 : Operation 21 [2/8] (7.30ns)   --->   "%empty = readreq i1 @_ssdm_op_ReadReq.m_axi.p1i32, i32 %gmem4_addr, i32 64" [/home/simics/HMoE/HLS_HMoE/pseudo_block/run_7/src/pseudo_moe.cpp:19]   --->   Operation 21 'readreq' 'empty' <Predicate = true> <Delay = 7.30> <CoreInst = "m_axi">   --->   Core 121 'm_axi' <Latency = 0> <II = 1> <Delay = 1.00> <Adapter> <Opcode : 'read' 'write' 'readreq' 'writereq' 'writeresp'>

State 8 <SV = 7> <Delay = 7.30>
ST_8 : Operation 22 [1/8] (7.30ns)   --->   "%empty = readreq i1 @_ssdm_op_ReadReq.m_axi.p1i32, i32 %gmem4_addr, i32 64" [/home/simics/HMoE/HLS_HMoE/pseudo_block/run_7/src/pseudo_moe.cpp:19]   --->   Operation 22 'readreq' 'empty' <Predicate = true> <Delay = 7.30> <CoreInst = "m_axi">   --->   Core 121 'm_axi' <Latency = 0> <II = 1> <Delay = 1.00> <Adapter> <Opcode : 'read' 'write' 'readreq' 'writereq' 'writeresp'>

State 9 <SV = 8> <Delay = 1.67>
ST_9 : Operation 23 [1/1] (0.00ns)   --->   "%x_7_offset_read = read i4 @_ssdm_op_Read.ap_auto.i4, i4 %x_7_offset" [/home/simics/HMoE/HLS_HMoE/pseudo_block/run_7/src/pseudo_moe.cpp:35]   --->   Operation 23 'read' 'x_7_offset_read' <Predicate = true> <Delay = 0.00>
ST_9 : Operation 24 [1/1] (0.00ns)   --->   "%x_6_offset_read = read i4 @_ssdm_op_Read.ap_auto.i4, i4 %x_6_offset" [/home/simics/HMoE/HLS_HMoE/pseudo_block/run_7/src/pseudo_moe.cpp:35]   --->   Operation 24 'read' 'x_6_offset_read' <Predicate = true> <Delay = 0.00>
ST_9 : Operation 25 [1/1] (0.00ns)   --->   "%x_5_offset_read = read i4 @_ssdm_op_Read.ap_auto.i4, i4 %x_5_offset" [/home/simics/HMoE/HLS_HMoE/pseudo_block/run_7/src/pseudo_moe.cpp:35]   --->   Operation 25 'read' 'x_5_offset_read' <Predicate = true> <Delay = 0.00>
ST_9 : Operation 26 [1/1] (0.00ns)   --->   "%x_4_offset_read = read i4 @_ssdm_op_Read.ap_auto.i4, i4 %x_4_offset" [/home/simics/HMoE/HLS_HMoE/pseudo_block/run_7/src/pseudo_moe.cpp:35]   --->   Operation 26 'read' 'x_4_offset_read' <Predicate = true> <Delay = 0.00>
ST_9 : Operation 27 [1/1] (0.00ns)   --->   "%x_3_offset_read = read i4 @_ssdm_op_Read.ap_auto.i4, i4 %x_3_offset" [/home/simics/HMoE/HLS_HMoE/pseudo_block/run_7/src/pseudo_moe.cpp:35]   --->   Operation 27 'read' 'x_3_offset_read' <Predicate = true> <Delay = 0.00>
ST_9 : Operation 28 [1/1] (0.00ns)   --->   "%x_2_offset_read = read i4 @_ssdm_op_Read.ap_auto.i4, i4 %x_2_offset" [/home/simics/HMoE/HLS_HMoE/pseudo_block/run_7/src/pseudo_moe.cpp:35]   --->   Operation 28 'read' 'x_2_offset_read' <Predicate = true> <Delay = 0.00>
ST_9 : Operation 29 [1/1] (0.00ns)   --->   "%x_1_offset_read = read i4 @_ssdm_op_Read.ap_auto.i4, i4 %x_1_offset" [/home/simics/HMoE/HLS_HMoE/pseudo_block/run_7/src/pseudo_moe.cpp:35]   --->   Operation 29 'read' 'x_1_offset_read' <Predicate = true> <Delay = 0.00>
ST_9 : Operation 30 [1/1] (0.00ns)   --->   "%x_0_offset_read = read i4 @_ssdm_op_Read.ap_auto.i4, i4 %x_0_offset" [/home/simics/HMoE/HLS_HMoE/pseudo_block/run_7/src/pseudo_moe.cpp:35]   --->   Operation 30 'read' 'x_0_offset_read' <Predicate = true> <Delay = 0.00>
ST_9 : Operation 31 [1/1] (0.00ns)   --->   "%tmp = bitconcatenate i7 @_ssdm_op_BitConcatenate.i7.i4.i3, i4 %x_7_offset_read, i3 0" [/home/simics/HMoE/HLS_HMoE/pseudo_block/run_7/src/pseudo_moe.cpp:35]   --->   Operation 31 'bitconcatenate' 'tmp' <Predicate = true> <Delay = 0.00>
ST_9 : Operation 32 [1/1] (0.00ns)   --->   "%tmp_s = bitconcatenate i7 @_ssdm_op_BitConcatenate.i7.i4.i3, i4 %x_6_offset_read, i3 0" [/home/simics/HMoE/HLS_HMoE/pseudo_block/run_7/src/pseudo_moe.cpp:35]   --->   Operation 32 'bitconcatenate' 'tmp_s' <Predicate = true> <Delay = 0.00>
ST_9 : Operation 33 [1/1] (0.00ns)   --->   "%tmp_1 = bitconcatenate i7 @_ssdm_op_BitConcatenate.i7.i4.i3, i4 %x_5_offset_read, i3 0" [/home/simics/HMoE/HLS_HMoE/pseudo_block/run_7/src/pseudo_moe.cpp:35]   --->   Operation 33 'bitconcatenate' 'tmp_1' <Predicate = true> <Delay = 0.00>
ST_9 : Operation 34 [1/1] (0.00ns)   --->   "%tmp_2 = bitconcatenate i7 @_ssdm_op_BitConcatenate.i7.i4.i3, i4 %x_4_offset_read, i3 0" [/home/simics/HMoE/HLS_HMoE/pseudo_block/run_7/src/pseudo_moe.cpp:35]   --->   Operation 34 'bitconcatenate' 'tmp_2' <Predicate = true> <Delay = 0.00>
ST_9 : Operation 35 [1/1] (0.00ns)   --->   "%tmp_3 = bitconcatenate i7 @_ssdm_op_BitConcatenate.i7.i4.i3, i4 %x_3_offset_read, i3 0" [/home/simics/HMoE/HLS_HMoE/pseudo_block/run_7/src/pseudo_moe.cpp:35]   --->   Operation 35 'bitconcatenate' 'tmp_3' <Predicate = true> <Delay = 0.00>
ST_9 : Operation 36 [1/1] (0.00ns)   --->   "%tmp_4 = bitconcatenate i7 @_ssdm_op_BitConcatenate.i7.i4.i3, i4 %x_2_offset_read, i3 0" [/home/simics/HMoE/HLS_HMoE/pseudo_block/run_7/src/pseudo_moe.cpp:35]   --->   Operation 36 'bitconcatenate' 'tmp_4' <Predicate = true> <Delay = 0.00>
ST_9 : Operation 37 [1/1] (0.00ns)   --->   "%tmp_5 = bitconcatenate i7 @_ssdm_op_BitConcatenate.i7.i4.i3, i4 %x_1_offset_read, i3 0" [/home/simics/HMoE/HLS_HMoE/pseudo_block/run_7/src/pseudo_moe.cpp:35]   --->   Operation 37 'bitconcatenate' 'tmp_5' <Predicate = true> <Delay = 0.00>
ST_9 : Operation 38 [1/1] (0.00ns)   --->   "%tmp_6 = bitconcatenate i7 @_ssdm_op_BitConcatenate.i7.i4.i3, i4 %x_0_offset_read, i3 0" [/home/simics/HMoE/HLS_HMoE/pseudo_block/run_7/src/pseudo_moe.cpp:35]   --->   Operation 38 'bitconcatenate' 'tmp_6' <Predicate = true> <Delay = 0.00>
ST_9 : Operation 39 [2/2] (1.67ns)   --->   "%call_ln19 = call void @compute_expert_Pipeline_VITIS_LOOP_19_1_VITIS_LOOP_29_3, i32 %gmem4, i62 %trunc_ln, i7 %tmp_6, i32 %x_0, i7 %tmp_5, i32 %x_1, i7 %tmp_4, i32 %x_2, i7 %tmp_3, i32 %x_3, i7 %tmp_2, i32 %x_4, i7 %tmp_1, i32 %x_5, i7 %tmp_s, i32 %x_6, i7 %tmp, i32 %x_7, i32 %w_0, i32 %w_1, i32 %w_2, i32 %w_3, i32 %w_4, i32 %w_5, i32 %w_6, i32 %w_7, i32 %result" [/home/simics/HMoE/HLS_HMoE/pseudo_block/run_7/src/pseudo_moe.cpp:19]   --->   Operation 39 'call' 'call_ln19' <Predicate = true> <Delay = 1.67> <CoreType = "Generic">   --->   Core 0 '' <Latency = 0> <II = 1> <Delay = 1.00> <Generic> <Opcode : >

State 10 <SV = 9> <Delay = 0.00>
ST_10 : Operation 40 [1/1] (0.00ns)   --->   "%specinterface_ln0 = specinterface void @_ssdm_op_SpecInterface, i32 %gmem4, void @empty_8, i32 0, i32 0, void @empty_36, i32 0, i32 0, void @empty_2, void @empty_22, void @empty_36, i32 16, i32 16, i32 16, i32 16, void @empty_36, void @empty_36, i32 4294967295, i32 0"   --->   Operation 40 'specinterface' 'specinterface_ln0' <Predicate = true> <Delay = 0.00>
ST_10 : Operation 41 [1/2] (0.00ns)   --->   "%call_ln19 = call void @compute_expert_Pipeline_VITIS_LOOP_19_1_VITIS_LOOP_29_3, i32 %gmem4, i62 %trunc_ln, i7 %tmp_6, i32 %x_0, i7 %tmp_5, i32 %x_1, i7 %tmp_4, i32 %x_2, i7 %tmp_3, i32 %x_3, i7 %tmp_2, i32 %x_4, i7 %tmp_1, i32 %x_5, i7 %tmp_s, i32 %x_6, i7 %tmp, i32 %x_7, i32 %w_0, i32 %w_1, i32 %w_2, i32 %w_3, i32 %w_4, i32 %w_5, i32 %w_6, i32 %w_7, i32 %result" [/home/simics/HMoE/HLS_HMoE/pseudo_block/run_7/src/pseudo_moe.cpp:19]   --->   Operation 41 'call' 'call_ln19' <Predicate = true> <Delay = 0.00> <CoreType = "Generic">   --->   Core 0 '' <Latency = 0> <II = 1> <Delay = 1.00> <Generic> <Opcode : >
ST_10 : Operation 42 [1/1] (0.00ns)   --->   "%ret_ln48 = ret" [/home/simics/HMoE/HLS_HMoE/pseudo_block/run_7/src/pseudo_moe.cpp:48]   --->   Operation 42 'ret' 'ret_ln48' <Predicate = true> <Delay = 0.00>


============================================================
+ Verbose Summary: Timing violations
============================================================
Target clock period: 10.000ns, clock uncertainty: 2.700ns.

 <State 1>: 7.300ns
The critical path consists of the following:
	wire read operation ('b_read', /home/simics/HMoE/HLS_HMoE/pseudo_block/run_7/src/pseudo_moe.cpp:35) on port 'b' (/home/simics/HMoE/HLS_HMoE/pseudo_block/run_7/src/pseudo_moe.cpp:35) [28]  (0.000 ns)
	'getelementptr' operation 32 bit ('gmem4_addr', /home/simics/HMoE/HLS_HMoE/pseudo_block/run_7/src/pseudo_moe.cpp:19) [48]  (0.000 ns)
	bus request operation ('empty', /home/simics/HMoE/HLS_HMoE/pseudo_block/run_7/src/pseudo_moe.cpp:19) on port 'gmem4' (/home/simics/HMoE/HLS_HMoE/pseudo_block/run_7/src/pseudo_moe.cpp:19) [49]  (7.300 ns)

 <State 2>: 7.300ns
The critical path consists of the following:
	bus request operation ('empty', /home/simics/HMoE/HLS_HMoE/pseudo_block/run_7/src/pseudo_moe.cpp:19) on port 'gmem4' (/home/simics/HMoE/HLS_HMoE/pseudo_block/run_7/src/pseudo_moe.cpp:19) [49]  (7.300 ns)

 <State 3>: 7.300ns
The critical path consists of the following:
	bus request operation ('empty', /home/simics/HMoE/HLS_HMoE/pseudo_block/run_7/src/pseudo_moe.cpp:19) on port 'gmem4' (/home/simics/HMoE/HLS_HMoE/pseudo_block/run_7/src/pseudo_moe.cpp:19) [49]  (7.300 ns)

 <State 4>: 7.300ns
The critical path consists of the following:
	bus request operation ('empty', /home/simics/HMoE/HLS_HMoE/pseudo_block/run_7/src/pseudo_moe.cpp:19) on port 'gmem4' (/home/simics/HMoE/HLS_HMoE/pseudo_block/run_7/src/pseudo_moe.cpp:19) [49]  (7.300 ns)

 <State 5>: 7.300ns
The critical path consists of the following:
	bus request operation ('empty', /home/simics/HMoE/HLS_HMoE/pseudo_block/run_7/src/pseudo_moe.cpp:19) on port 'gmem4' (/home/simics/HMoE/HLS_HMoE/pseudo_block/run_7/src/pseudo_moe.cpp:19) [49]  (7.300 ns)

 <State 6>: 7.300ns
The critical path consists of the following:
	bus request operation ('empty', /home/simics/HMoE/HLS_HMoE/pseudo_block/run_7/src/pseudo_moe.cpp:19) on port 'gmem4' (/home/simics/HMoE/HLS_HMoE/pseudo_block/run_7/src/pseudo_moe.cpp:19) [49]  (7.300 ns)

 <State 7>: 7.300ns
The critical path consists of the following:
	bus request operation ('empty', /home/simics/HMoE/HLS_HMoE/pseudo_block/run_7/src/pseudo_moe.cpp:19) on port 'gmem4' (/home/simics/HMoE/HLS_HMoE/pseudo_block/run_7/src/pseudo_moe.cpp:19) [49]  (7.300 ns)

 <State 8>: 7.300ns
The critical path consists of the following:
	bus request operation ('empty', /home/simics/HMoE/HLS_HMoE/pseudo_block/run_7/src/pseudo_moe.cpp:19) on port 'gmem4' (/home/simics/HMoE/HLS_HMoE/pseudo_block/run_7/src/pseudo_moe.cpp:19) [49]  (7.300 ns)

 <State 9>: 1.675ns
The critical path consists of the following:
	wire read operation ('x_7_offset_read', /home/simics/HMoE/HLS_HMoE/pseudo_block/run_7/src/pseudo_moe.cpp:35) on port 'x_7_offset' (/home/simics/HMoE/HLS_HMoE/pseudo_block/run_7/src/pseudo_moe.cpp:35) [29]  (0.000 ns)
	'call' operation 0 bit ('call_ln19', /home/simics/HMoE/HLS_HMoE/pseudo_block/run_7/src/pseudo_moe.cpp:19) to 'compute_expert_Pipeline_VITIS_LOOP_19_1_VITIS_LOOP_29_3' [50]  (1.675 ns)

 <State 10>: 0.000ns
The critical path consists of the following:


============================================================
+ Verbose Summary: Binding
============================================================
N/A
* FSMD analyzer results:
  - Output states:
 - Input state : 
  - Chain level:
	State 1
	State 2
	State 3
	State 4
	State 5
	State 6
	State 7
	State 8
	State 9
	State 10


============================================================
+ Verbose Summary: Datapath Resource usage 
============================================================
N/A
