

================================================================
== Vitis HLS Report for 'pseudo_moe_Pipeline_VITIS_LOOP_218_17'
================================================================
* Date:           Sun Sep 20 19:32:34 2026

* Version:        2023.2 (Build 4023990 on Oct 11 2023)
* Project:        project
* Solution:       solution1 (Vivado IP Flow Target)
* Product family: virtexuplus
* Target device:  xcvu13p_CIV-figd2104-3-e


================================================================
== Performance Estimates
================================================================
+ Timing: 
    * Summary: 
    +--------+----------+----------+------------+
    |  Clock |  Target  | Estimated| Uncertainty|
    +--------+----------+----------+------------+
    |ap_clk  |  10.00 ns|  7.300 ns|     2.70 ns|
    +--------+----------+----------+------------+

+ Latency: 
    * Summary: 
    +---------+---------+----------+----------+-----+-----+---------+
    |  Latency (cycles) |  Latency (absolute) |  Interval | Pipeline|
    |   min   |   max   |    min   |    max   | min | max |   Type  |
    +---------+---------+----------+----------+-----+-----+---------+
    |       67|       67|  0.670 us|  0.670 us|   67|   67|       no|
    +---------+---------+----------+----------+-----+-----+---------+

    + Detail: 
        * Instance: 
        N/A

        * Loop: 
        +---------------------+---------+---------+----------+-----------+-----------+------+----------+
        |                     |  Latency (cycles) | Iteration|  Initiation Interval  | Trip |          |
        |      Loop Name      |   min   |   max   |  Latency |  achieved |   target  | Count| Pipelined|
        +---------------------+---------+---------+----------+-----------+-----------+------+----------+
        |- VITIS_LOOP_218_17  |       65|       65|         3|          1|          1|    64|       yes|
        +---------------------+---------+---------+----------+-----------+-----------+------+----------+

============================================================
+ Verbose Summary: Synthesis Manager
============================================================
InlineROM: 1
ExposeGlobal: 0
============================================================
+ Verbose Summary: CDFG Model
============================================================
IsTopModel: 0
ResetActiveHigh: 1
IsCombinational: 0
IsDatapathOnly: 0
HasWiredReturn: 1
HasMFsm: 2
HasVarLatency: 1
IsPipeline: 0
IsRtlPipelined: 0
IsInstanceOverlapped: 0
IsDontTouch: 0
HasImplIP: 0
IsGatedGlobalClock: 0

+ Individual pipeline summary: 
  * Pipeline-0: initiation interval (II) = 1, depth = 3


============================================================
+ Verbose Summary: Schedule
============================================================
* Number of FSM states : 3
* Pipeline : 1
  Pipeline-0 : II = 1, D = 3, States = { 1 2 3 }
* Dataflow Pipeline: 0

* FSM state transitions: 
1 --> 2 
2 --> 3 
3 --> 

* FSM state operations: 

State 1 <SV = 0> <Delay = 1.38>
ST_1 : Operation 6 [1/1] (0.00ns)   --->   "%o = alloca i32 1" [/home/simics/HMoE/HLS_HMoE/pseudo_block/run_7/src/pseudo_moe.cpp:218]   --->   Operation 6 'alloca' 'o' <Predicate = true> <Delay = 0.00>
ST_1 : Operation 7 [1/1] (0.00ns)   --->   "%sext_ln139_1_read = read i62 @_ssdm_op_Read.ap_auto.i62, i62 %sext_ln139_1"   --->   Operation 7 'read' 'sext_ln139_1_read' <Predicate = true> <Delay = 0.00>
ST_1 : Operation 8 [1/1] (0.00ns)   --->   "%sext_ln139_1_cast = sext i62 %sext_ln139_1_read"   --->   Operation 8 'sext' 'sext_ln139_1_cast' <Predicate = true> <Delay = 0.00>
ST_1 : Operation 9 [1/1] (0.00ns)   --->   "%specinterface_ln0 = specinterface void @_ssdm_op_SpecInterface, i32 %gmem12, void @empty_8, i32 0, i32 0, void @empty_36, i32 0, i32 0, void @empty_21, void @empty_22, void @empty_36, i32 16, i32 16, i32 16, i32 16, void @empty_36, void @empty_36, i32 4294967295, i32 0"   --->   Operation 9 'specinterface' 'specinterface_ln0' <Predicate = true> <Delay = 0.00>
ST_1 : Operation 10 [1/1] (0.36ns)   --->   "%store_ln218 = store i7 0, i7 %o" [/home/simics/HMoE/HLS_HMoE/pseudo_block/run_7/src/pseudo_moe.cpp:218]   --->   Operation 10 'store' 'store_ln218' <Predicate = true> <Delay = 0.36>
ST_1 : Operation 11 [1/1] (0.00ns)   --->   "%br_ln0 = br void %for.inc226"   --->   Operation 11 'br' 'br_ln0' <Predicate = true> <Delay = 0.00>
ST_1 : Operation 12 [1/1] (0.00ns)   --->   "%o_1 = load i7 %o" [/home/simics/HMoE/HLS_HMoE/pseudo_block/run_7/src/pseudo_moe.cpp:218]   --->   Operation 12 'load' 'o_1' <Predicate = true> <Delay = 0.00>
ST_1 : Operation 13 [1/1] (0.00ns)   --->   "%specbitsmap_ln0 = specbitsmap void @_ssdm_op_SpecBitsMap, i32 %gmem12"   --->   Operation 13 'specbitsmap' 'specbitsmap_ln0' <Predicate = true> <Delay = 0.00>
ST_1 : Operation 14 [1/1] (0.65ns)   --->   "%icmp_ln218 = icmp_eq  i7 %o_1, i7 64" [/home/simics/HMoE/HLS_HMoE/pseudo_block/run_7/src/pseudo_moe.cpp:218]   --->   Operation 14 'icmp' 'icmp_ln218' <Predicate = true> <Delay = 0.65> <CoreInst = "Cmp">   --->   Core 9 'Cmp' <Latency = 0> <II = 1> <Delay = 0.65> <FuncUnit> <Opcode : 'icmp'> <InPorts = 2> <OutPorts = 1>
ST_1 : Operation 15 [1/1] (0.65ns)   --->   "%add_ln218 = add i7 %o_1, i7 1" [/home/simics/HMoE/HLS_HMoE/pseudo_block/run_7/src/pseudo_moe.cpp:218]   --->   Operation 15 'add' 'add_ln218' <Predicate = true> <Delay = 0.65> <CoreInst = "Adder">   --->   Core 1 'Adder' <Latency = 0> <II = 1> <Delay = 0.65> <FuncUnit> <Opcode : 'add' 'sub'> <InPorts = 2> <OutPorts = 1>
ST_1 : Operation 16 [1/1] (0.00ns)   --->   "%br_ln218 = br i1 %icmp_ln218, void %for.inc226.split, void %for.inc229.exitStub" [/home/simics/HMoE/HLS_HMoE/pseudo_block/run_7/src/pseudo_moe.cpp:218]   --->   Operation 16 'br' 'br_ln218' <Predicate = true> <Delay = 0.00>
ST_1 : Operation 17 [1/1] (0.00ns)   --->   "%zext_ln218 = zext i7 %o_1" [/home/simics/HMoE/HLS_HMoE/pseudo_block/run_7/src/pseudo_moe.cpp:218]   --->   Operation 17 'zext' 'zext_ln218' <Predicate = (!icmp_ln218)> <Delay = 0.00>
ST_1 : Operation 18 [1/1] (0.00ns)   --->   "%acc_out_addr = getelementptr i32 %acc_out, i64 0, i64 %zext_ln218" [/home/simics/HMoE/HLS_HMoE/pseudo_block/run_7/src/pseudo_moe.cpp:220]   --->   Operation 18 'getelementptr' 'acc_out_addr' <Predicate = (!icmp_ln218)> <Delay = 0.00>
ST_1 : Operation 19 [2/2] (1.02ns)   --->   "%acc_out_load = load i6 %acc_out_addr" [/home/simics/HMoE/HLS_HMoE/pseudo_block/run_7/src/pseudo_moe.cpp:220]   --->   Operation 19 'load' 'acc_out_load' <Predicate = (!icmp_ln218)> <Delay = 1.02> <CoreInst = "RAM">   --->   Core 83 'RAM' <Latency = 1> <II = 1> <Delay = 1.02> <Storage> <Opcode : 'load' 'store'> <Ports = 2> <Width = 32> <Depth = 64> <RAM>
ST_1 : Operation 20 [1/1] (0.36ns)   --->   "%store_ln218 = store i7 %add_ln218, i7 %o" [/home/simics/HMoE/HLS_HMoE/pseudo_block/run_7/src/pseudo_moe.cpp:218]   --->   Operation 20 'store' 'store_ln218' <Predicate = (!icmp_ln218)> <Delay = 0.36>

State 2 <SV = 1> <Delay = 1.02>
ST_2 : Operation 21 [1/2] (1.02ns)   --->   "%acc_out_load = load i6 %acc_out_addr" [/home/simics/HMoE/HLS_HMoE/pseudo_block/run_7/src/pseudo_moe.cpp:220]   --->   Operation 21 'load' 'acc_out_load' <Predicate = true> <Delay = 1.02> <CoreInst = "RAM">   --->   Core 83 'RAM' <Latency = 1> <II = 1> <Delay = 1.02> <Storage> <Opcode : 'load' 'store'> <Ports = 2> <Width = 32> <Depth = 64> <RAM>
ST_2 : Operation 29 [1/1] (0.00ns)   --->   "%ret_ln0 = ret"   --->   Operation 29 'ret' 'ret_ln0' <Predicate = (icmp_ln218)> <Delay = 0.00>

State 3 <SV = 2> <Delay = 7.30>
ST_3 : Operation 22 [1/1] (0.00ns)   --->   "%gmem12_addr = getelementptr i32 %gmem12, i64 %sext_ln139_1_cast" [/home/simics/HMoE/HLS_HMoE/pseudo_block/run_7/src/pseudo_moe.cpp:139]   --->   Operation 22 'getelementptr' 'gmem12_addr' <Predicate = true> <Delay = 0.00>
ST_3 : Operation 23 [1/1] (0.00ns)   --->   "%specpipeline_ln219 = specpipeline void @_ssdm_op_SpecPipeline, i32 1, i32 0, i32 0, i32 0, void @empty_36" [/home/simics/HMoE/HLS_HMoE/pseudo_block/run_7/src/pseudo_moe.cpp:219]   --->   Operation 23 'specpipeline' 'specpipeline_ln219' <Predicate = true> <Delay = 0.00>
ST_3 : Operation 24 [1/1] (0.00ns)   --->   "%speclooptripcount_ln218 = speclooptripcount void @_ssdm_op_SpecLoopTripCount, i64 64, i64 64, i64 64" [/home/simics/HMoE/HLS_HMoE/pseudo_block/run_7/src/pseudo_moe.cpp:218]   --->   Operation 24 'speclooptripcount' 'speclooptripcount_ln218' <Predicate = true> <Delay = 0.00>
ST_3 : Operation 25 [1/1] (0.00ns)   --->   "%specloopname_ln218 = specloopname void @_ssdm_op_SpecLoopName, void @empty_39" [/home/simics/HMoE/HLS_HMoE/pseudo_block/run_7/src/pseudo_moe.cpp:218]   --->   Operation 25 'specloopname' 'specloopname_ln218' <Predicate = true> <Delay = 0.00>
ST_3 : Operation 26 [1/1] (0.00ns)   --->   "%bitcast_ln220 = bitcast i32 %acc_out_load" [/home/simics/HMoE/HLS_HMoE/pseudo_block/run_7/src/pseudo_moe.cpp:220]   --->   Operation 26 'bitcast' 'bitcast_ln220' <Predicate = true> <Delay = 0.00>
ST_3 : Operation 27 [1/1] (7.30ns)   --->   "%write_ln220 = write void @_ssdm_op_Write.m_axi.p1i32, i32 %gmem12_addr, i32 %bitcast_ln220, i4 15" [/home/simics/HMoE/HLS_HMoE/pseudo_block/run_7/src/pseudo_moe.cpp:220]   --->   Operation 27 'write' 'write_ln220' <Predicate = true> <Delay = 7.30> <CoreInst = "m_axi">   --->   Core 121 'm_axi' <Latency = 0> <II = 1> <Delay = 1.00> <Adapter> <Opcode : 'read' 'write' 'readreq' 'writereq' 'writeresp'>
ST_3 : Operation 28 [1/1] (0.00ns)   --->   "%br_ln218 = br void %for.inc226" [/home/simics/HMoE/HLS_HMoE/pseudo_block/run_7/src/pseudo_moe.cpp:218]   --->   Operation 28 'br' 'br_ln218' <Predicate = true> <Delay = 0.00>


============================================================
+ Verbose Summary: Timing violations
============================================================
Target clock period: 10.000ns, clock uncertainty: 2.700ns.

 <State 1>: 1.387ns
The critical path consists of the following:
	'store' operation 0 bit ('store_ln218', /home/simics/HMoE/HLS_HMoE/pseudo_block/run_7/src/pseudo_moe.cpp:218) of constant 0 on local variable 'o', /home/simics/HMoE/HLS_HMoE/pseudo_block/run_7/src/pseudo_moe.cpp:218 [8]  (0.362 ns)
	'load' operation 7 bit ('o', /home/simics/HMoE/HLS_HMoE/pseudo_block/run_7/src/pseudo_moe.cpp:218) on local variable 'o', /home/simics/HMoE/HLS_HMoE/pseudo_block/run_7/src/pseudo_moe.cpp:218 [11]  (0.000 ns)
	'getelementptr' operation 6 bit ('acc_out_addr', /home/simics/HMoE/HLS_HMoE/pseudo_block/run_7/src/pseudo_moe.cpp:220) [22]  (0.000 ns)
	'load' operation 32 bit ('acc_out_load', /home/simics/HMoE/HLS_HMoE/pseudo_block/run_7/src/pseudo_moe.cpp:220) on array 'acc_out' [23]  (1.025 ns)

 <State 2>: 1.025ns
The critical path consists of the following:
	'load' operation 32 bit ('acc_out_load', /home/simics/HMoE/HLS_HMoE/pseudo_block/run_7/src/pseudo_moe.cpp:220) on array 'acc_out' [23]  (1.025 ns)

 <State 3>: 7.300ns
The critical path consists of the following:
	'getelementptr' operation 32 bit ('gmem12_addr', /home/simics/HMoE/HLS_HMoE/pseudo_block/run_7/src/pseudo_moe.cpp:139) [17]  (0.000 ns)
	bus write operation ('write_ln220', /home/simics/HMoE/HLS_HMoE/pseudo_block/run_7/src/pseudo_moe.cpp:220) on port 'gmem12' (/home/simics/HMoE/HLS_HMoE/pseudo_block/run_7/src/pseudo_moe.cpp:220) [25]  (7.300 ns)


============================================================
+ Verbose Summary: Binding
============================================================
N/A
* FSMD analyzer results:
  - Output states:
 - Input state : 
  - Chain level:
	State 1
	State 2
	State 3


============================================================
+ Verbose Summary: Datapath Resource usage 
============================================================
N/A
