

================================================================
== Vitis HLS Report for 'pseudo_moe_Pipeline_VITIS_LOOP_218_17'
================================================================
* Date:           Sun Sep 20 19:32:36 2026

* Version:        2023.2 (Build 4023990 on Oct 11 2023)
* Project:        project
* Solution:       solution1 (Vivado IP Flow Target)
* Product family: virtexuplus
* Target device:  xcvu13p_CIV-figd2104-3-e


================================================================
== Performance Estimates
================================================================
+ Timing: 
    * Summary: 
    +--------+----------+----------+------------+
    |  Clock |  Target  | Estimated| Uncertainty|
    +--------+----------+----------+------------+
    |ap_clk  |  10.00 ns|  7.300 ns|     2.70 ns|
    +--------+----------+----------+------------+

+ Latency: 
    * Summary: 
    +---------+---------+----------+----------+-----+-----+---------+
    |  Latency (cycles) |  Latency (absolute) |  Interval | Pipeline|
    |   min   |   max   |    min   |    max   | min | max |   Type  |
    +---------+---------+----------+----------+-----+-----+---------+
    |       67|       67|  0.670 us|  0.670 us|   67|   67|       no|
    +---------+---------+----------+----------+-----+-----+---------+

    + Detail: 
        * Instance: 
        N/A

        * Loop: 
        +---------------------+---------+---------+----------+-----------+-----------+------+----------+
        |                     |  Latency (cycles) | Iteration|  Initiation Interval  | Trip |          |
        |      Loop Name      |   min   |   max   |  Latency |  achieved |   target  | Count| Pipelined|
        +---------------------+---------+---------+----------+-----------+-----------+------+----------+
        |- VITIS_LOOP_218_17  |       65|       65|         3|          1|          1|    64|       yes|
        +---------------------+---------+---------+----------+-----------+-----------+------+----------+



================================================================
== Utilization Estimates
================================================================
* Summary: 
+---------------------+---------+-------+---------+---------+------+
|         Name        | BRAM_18K|  DSP  |    FF   |   LUT   | URAM |
+---------------------+---------+-------+---------+---------+------+
|DSP                  |        -|      -|        -|        -|     -|
|Expression           |        -|      -|        0|       33|     -|
|FIFO                 |        -|      -|        -|        -|     -|
|Instance             |        -|      -|        -|        -|     -|
|Memory               |        -|      -|        -|        -|     -|
|Multiplexer          |        -|      -|        -|       45|     -|
|Register             |        -|      -|       44|        -|     -|
+---------------------+---------+-------+---------+---------+------+
|Total                |        0|      0|       44|       78|     0|
+---------------------+---------+-------+---------+---------+------+
|Available SLR        |     1344|   3072|   864000|   432000|   320|
+---------------------+---------+-------+---------+---------+------+
|Utilization SLR (%)  |        0|      0|       ~0|       ~0|     0|
+---------------------+---------+-------+---------+---------+------+
|Available            |     5376|  12288|  3456000|  1728000|  1280|
+---------------------+---------+-------+---------+---------+------+
|Utilization (%)      |        0|      0|       ~0|       ~0|     0|
+---------------------+---------+-------+---------+---------+------+

+ Detail: 
    * Instance: 
    N/A

    * DSP: 
    N/A

    * Memory: 
    N/A

    * FIFO: 
    N/A

    * Expression: 
    +---------------------------+----------+----+---+----+------------+------------+
    |       Variable Name       | Operation| DSP| FF| LUT| Bitwidth P0| Bitwidth P1|
    +---------------------------+----------+----+---+----+------------+------------+
    |add_ln218_fu_99_p2         |         +|   0|  0|  14|           7|           1|
    |ap_block_pp0_stage0_11001  |       and|   0|  0|   2|           1|           1|
    |icmp_ln218_fu_93_p2        |      icmp|   0|  0|  15|           7|           8|
    |ap_enable_pp0              |       xor|   0|  0|   2|           1|           2|
    +---------------------------+----------+----+---+----+------------+------------+
    |Total                      |          |   0|  0|  33|          16|          12|
    +---------------------------+----------+----+---+----+------------+------------+

    * Multiplexer: 
    +-------------------------+----+-----------+-----+-----------+
    |           Name          | LUT| Input Size| Bits| Total Bits|
    +-------------------------+----+-----------+-----+-----------+
    |ap_done_int              |   9|          2|    1|          2|
    |ap_enable_reg_pp0_iter1  |   9|          2|    1|          2|
    |ap_sig_allocacmp_o_1     |   9|          2|    7|         14|
    |gmem12_blk_n_W           |   9|          2|    1|          2|
    |o_fu_50                  |   9|          2|    7|         14|
    +-------------------------+----+-----------+-----+-----------+
    |Total                    |  45|         10|   17|         34|
    +-------------------------+----+-----------+-----+-----------+

    * Register: 
    +----------------------------------+----+----+-----+-----------+
    |               Name               | FF | LUT| Bits| Const Bits|
    +----------------------------------+----+----+-----+-----------+
    |acc_out_load_reg_146              |  32|   0|   32|          0|
    |ap_CS_fsm                         |   1|   0|    1|          0|
    |ap_done_reg                       |   1|   0|    1|          0|
    |ap_enable_reg_pp0_iter1           |   1|   0|    1|          0|
    |ap_enable_reg_pp0_iter2           |   1|   0|    1|          0|
    |ap_loop_exit_ready_pp0_iter1_reg  |   1|   0|    1|          0|
    |o_fu_50                           |   7|   0|    7|          0|
    +----------------------------------+----+----+-----+-----------+
    |Total                             |  44|   0|   44|          0|
    +----------------------------------+----+----+-----+-----------+



================================================================
== Interface
================================================================
* Summary: 
+-----------------------+-----+-----+------------+---------------------------------------+--------------+
|       RTL Ports       | Dir | Bits|  Protocol  |             Source Object             |    C Type    |
+-----------------------+-----+-----+------------+---------------------------------------+--------------+
|ap_clk                 |   in|    1|  ap_ctrl_hs|  pseudo_moe_Pipeline_VITIS_LOOP_218_17|  return value|
|ap_rst                 |   in|    1|  ap_ctrl_hs|  pseudo_moe_Pipeline_VITIS_LOOP_218_17|  return value|
|ap_start               |   in|    1|  ap_ctrl_hs|  pseudo_moe_Pipeline_VITIS_LOOP_218_17|  return value|
|ap_done                |  out|    1|  ap_ctrl_hs|  pseudo_moe_Pipeline_VITIS_LOOP_218_17|  return value|
|ap_idle                |  out|    1|  ap_ctrl_hs|  pseudo_moe_Pipeline_VITIS_LOOP_218_17|  return value|
|ap_ready               |  out|    1|  ap_ctrl_hs|  pseudo_moe_Pipeline_VITIS_LOOP_218_17|  return value|
|m_axi_gmem12_AWVALID   |  out|    1|       m_axi|                                 gmem12|       pointer|
|m_axi_gmem12_AWREADY   |   in|    1|       m_axi|                                 gmem12|       pointer|
|m_axi_gmem12_AWADDR    |  out|   64|       m_axi|                                 gmem12|       pointer|
|m_axi_gmem12_AWID      |  out|    1|       m_axi|                                 gmem12|       pointer|
|m_axi_gmem12_AWLEN     |  out|   32|       m_axi|                                 gmem12|       pointer|
|m_axi_gmem12_AWSIZE    |  out|    3|       m_axi|                                 gmem12|       pointer|
|m_axi_gmem12_AWBURST   |  out|    2|       m_axi|                                 gmem12|       pointer|
|m_axi_gmem12_AWLOCK    |  out|    2|       m_axi|                                 gmem12|       pointer|
|m_axi_gmem12_AWCACHE   |  out|    4|       m_axi|                                 gmem12|       pointer|
|m_axi_gmem12_AWPROT    |  out|    3|       m_axi|                                 gmem12|       pointer|
|m_axi_gmem12_AWQOS     |  out|    4|       m_axi|                                 gmem12|       pointer|
|m_axi_gmem12_AWREGION  |  out|    4|       m_axi|                                 gmem12|       pointer|
|m_axi_gmem12_AWUSER    |  out|    1|       m_axi|                                 gmem12|       pointer|
|m_axi_gmem12_WVALID    |  out|    1|       m_axi|                                 gmem12|       pointer|
|m_axi_gmem12_WREADY    |   in|    1|       m_axi|                                 gmem12|       pointer|
|m_axi_gmem12_WDATA     |  out|   32|       m_axi|                                 gmem12|       pointer|
|m_axi_gmem12_WSTRB     |  out|    4|       m_axi|                                 gmem12|       pointer|
|m_axi_gmem12_WLAST     |  out|    1|       m_axi|                                 gmem12|       pointer|
|m_axi_gmem12_WID       |  out|    1|       m_axi|                                 gmem12|       pointer|
|m_axi_gmem12_WUSER     |  out|    1|       m_axi|                                 gmem12|       pointer|
|m_axi_gmem12_ARVALID   |  out|    1|       m_axi|                                 gmem12|       pointer|
|m_axi_gmem12_ARREADY   |   in|    1|       m_axi|                                 gmem12|       pointer|
|m_axi_gmem12_ARADDR    |  out|   64|       m_axi|                                 gmem12|       pointer|
|m_axi_gmem12_ARID      |  out|    1|       m_axi|                                 gmem12|       pointer|
|m_axi_gmem12_ARLEN     |  out|   32|       m_axi|                                 gmem12|       pointer|
|m_axi_gmem12_ARSIZE    |  out|    3|       m_axi|                                 gmem12|       pointer|
|m_axi_gmem12_ARBURST   |  out|    2|       m_axi|                                 gmem12|       pointer|
|m_axi_gmem12_ARLOCK    |  out|    2|       m_axi|                                 gmem12|       pointer|
|m_axi_gmem12_ARCACHE   |  out|    4|       m_axi|                                 gmem12|       pointer|
|m_axi_gmem12_ARPROT    |  out|    3|       m_axi|                                 gmem12|       pointer|
|m_axi_gmem12_ARQOS     |  out|    4|       m_axi|                                 gmem12|       pointer|
|m_axi_gmem12_ARREGION  |  out|    4|       m_axi|                                 gmem12|       pointer|
|m_axi_gmem12_ARUSER    |  out|    1|       m_axi|                                 gmem12|       pointer|
|m_axi_gmem12_RVALID    |   in|    1|       m_axi|                                 gmem12|       pointer|
|m_axi_gmem12_RREADY    |  out|    1|       m_axi|                                 gmem12|       pointer|
|m_axi_gmem12_RDATA     |   in|   32|       m_axi|                                 gmem12|       pointer|
|m_axi_gmem12_RLAST     |   in|    1|       m_axi|                                 gmem12|       pointer|
|m_axi_gmem12_RID       |   in|    1|       m_axi|                                 gmem12|       pointer|
|m_axi_gmem12_RFIFONUM  |   in|    9|       m_axi|                                 gmem12|       pointer|
|m_axi_gmem12_RUSER     |   in|    1|       m_axi|                                 gmem12|       pointer|
|m_axi_gmem12_RRESP     |   in|    2|       m_axi|                                 gmem12|       pointer|
|m_axi_gmem12_BVALID    |   in|    1|       m_axi|                                 gmem12|       pointer|
|m_axi_gmem12_BREADY    |  out|    1|       m_axi|                                 gmem12|       pointer|
|m_axi_gmem12_BRESP     |   in|    2|       m_axi|                                 gmem12|       pointer|
|m_axi_gmem12_BID       |   in|    1|       m_axi|                                 gmem12|       pointer|
|m_axi_gmem12_BUSER     |   in|    1|       m_axi|                                 gmem12|       pointer|
|sext_ln139_1           |   in|   62|     ap_none|                           sext_ln139_1|        scalar|
|acc_out_address0       |  out|    6|   ap_memory|                                acc_out|         array|
|acc_out_ce0            |  out|    1|   ap_memory|                                acc_out|         array|
|acc_out_q0             |   in|   32|   ap_memory|                                acc_out|         array|
+-----------------------+-----+-----+------------+---------------------------------------+--------------+

============================================================
+ Verbose Summary: Synthesis Manager
============================================================
InlineROM: 1
ExposeGlobal: 0
============================================================
+ Verbose Summary: CDFG Model
============================================================
IsTopModel: 0
ResetActiveHigh: 1
IsCombinational: 2
IsDatapathOnly: 2
HasWiredReturn: 1
HasMFsm: 2
HasVarLatency: 1
IsPipeline: 0
IsRtlPipelined: 0
IsInstanceOverlapped: 0
IsDontTouch: 0
HasImplIP: 0
IsGatedGlobalClock: 0

+ Individual pipeline summary: 
  * Pipeline-0: initiation interval (II) = 1, depth = 3


============================================================
+ Verbose Summary: Schedule
============================================================
* Number of FSM states : 3
* Pipeline : 1
  Pipeline-0 : II = 1, D = 3, States = { 1 2 3 }
* Dataflow Pipeline: 0

* FSM state transitions: 
1 --> 2 
2 --> 3 
3 --> 

* FSM state operations: 

State 1 <SV = 0> <Delay = 1.38>
ST_1 : Operation 6 [1/1] (0.00ns)   --->   "%o = alloca i32 1" [/home/simics/HMoE/HLS_HMoE/pseudo_block/run_7/src/pseudo_moe.cpp:218]   --->   Operation 6 'alloca' 'o' <Predicate = true> <Delay = 0.00>
ST_1 : Operation 7 [1/1] (0.00ns)   --->   "%sext_ln139_1_read = read i62 @_ssdm_op_Read.ap_auto.i62, i62 %sext_ln139_1"   --->   Operation 7 'read' 'sext_ln139_1_read' <Predicate = true> <Delay = 0.00>
ST_1 : Operation 8 [1/1] (0.00ns)   --->   "%sext_ln139_1_cast = sext i62 %sext_ln139_1_read"   --->   Operation 8 'sext' 'sext_ln139_1_cast' <Predicate = true> <Delay = 0.00>
ST_1 : Operation 9 [1/1] (0.00ns)   --->   "%specinterface_ln0 = specinterface void @_ssdm_op_SpecInterface, i32 %gmem12, void @empty_8, i32 0, i32 0, void @empty_36, i32 0, i32 0, void @empty_21, void @empty_22, void @empty_36, i32 16, i32 16, i32 16, i32 16, void @empty_36, void @empty_36, i32 4294967295, i32 0"   --->   Operation 9 'specinterface' 'specinterface_ln0' <Predicate = true> <Delay = 0.00>
ST_1 : Operation 10 [1/1] (0.36ns)   --->   "%store_ln218 = store i7 0, i7 %o" [/home/simics/HMoE/HLS_HMoE/pseudo_block/run_7/src/pseudo_moe.cpp:218]   --->   Operation 10 'store' 'store_ln218' <Predicate = true> <Delay = 0.36>
ST_1 : Operation 11 [1/1] (0.00ns)   --->   "%br_ln0 = br void %for.inc226"   --->   Operation 11 'br' 'br_ln0' <Predicate = true> <Delay = 0.00>
ST_1 : Operation 12 [1/1] (0.00ns)   --->   "%o_1 = load i7 %o" [/home/simics/HMoE/HLS_HMoE/pseudo_block/run_7/src/pseudo_moe.cpp:218]   --->   Operation 12 'load' 'o_1' <Predicate = true> <Delay = 0.00>
ST_1 : Operation 13 [1/1] (0.00ns)   --->   "%specbitsmap_ln0 = specbitsmap void @_ssdm_op_SpecBitsMap, i32 %gmem12"   --->   Operation 13 'specbitsmap' 'specbitsmap_ln0' <Predicate = true> <Delay = 0.00>
ST_1 : Operation 14 [1/1] (0.65ns)   --->   "%icmp_ln218 = icmp_eq  i7 %o_1, i7 64" [/home/simics/HMoE/HLS_HMoE/pseudo_block/run_7/src/pseudo_moe.cpp:218]   --->   Operation 14 'icmp' 'icmp_ln218' <Predicate = true> <Delay = 0.65> <CoreInst = "Cmp">   --->   Core 9 'Cmp' <Latency = 0> <II = 1> <Delay = 0.65> <FuncUnit> <Opcode : 'icmp'> <InPorts = 2> <OutPorts = 1>
ST_1 : Operation 15 [1/1] (0.65ns)   --->   "%add_ln218 = add i7 %o_1, i7 1" [/home/simics/HMoE/HLS_HMoE/pseudo_block/run_7/src/pseudo_moe.cpp:218]   --->   Operation 15 'add' 'add_ln218' <Predicate = true> <Delay = 0.65> <CoreInst = "Adder">   --->   Core 1 'Adder' <Latency = 0> <II = 1> <Delay = 0.65> <FuncUnit> <Opcode : 'add' 'sub'> <InPorts = 2> <OutPorts = 1>
ST_1 : Operation 16 [1/1] (0.00ns)   --->   "%br_ln218 = br i1 %icmp_ln218, void %for.inc226.split, void %for.inc229.exitStub" [/home/simics/HMoE/HLS_HMoE/pseudo_block/run_7/src/pseudo_moe.cpp:218]   --->   Operation 16 'br' 'br_ln218' <Predicate = true> <Delay = 0.00>
ST_1 : Operation 17 [1/1] (0.00ns)   --->   "%zext_ln218 = zext i7 %o_1" [/home/simics/HMoE/HLS_HMoE/pseudo_block/run_7/src/pseudo_moe.cpp:218]   --->   Operation 17 'zext' 'zext_ln218' <Predicate = (!icmp_ln218)> <Delay = 0.00>
ST_1 : Operation 18 [1/1] (0.00ns)   --->   "%acc_out_addr = getelementptr i32 %acc_out, i64 0, i64 %zext_ln218" [/home/simics/HMoE/HLS_HMoE/pseudo_block/run_7/src/pseudo_moe.cpp:220]   --->   Operation 18 'getelementptr' 'acc_out_addr' <Predicate = (!icmp_ln218)> <Delay = 0.00>
ST_1 : Operation 19 [2/2] (1.02ns)   --->   "%acc_out_load = load i6 %acc_out_addr" [/home/simics/HMoE/HLS_HMoE/pseudo_block/run_7/src/pseudo_moe.cpp:220]   --->   Operation 19 'load' 'acc_out_load' <Predicate = (!icmp_ln218)> <Delay = 1.02> <CoreInst = "RAM">   --->   Core 83 'RAM' <Latency = 1> <II = 1> <Delay = 1.02> <Storage> <Opcode : 'load' 'store'> <Ports = 2> <Width = 32> <Depth = 64> <RAM>
ST_1 : Operation 20 [1/1] (0.36ns)   --->   "%store_ln218 = store i7 %add_ln218, i7 %o" [/home/simics/HMoE/HLS_HMoE/pseudo_block/run_7/src/pseudo_moe.cpp:218]   --->   Operation 20 'store' 'store_ln218' <Predicate = (!icmp_ln218)> <Delay = 0.36>

State 2 <SV = 1> <Delay = 1.02>
ST_2 : Operation 21 [1/2] (1.02ns)   --->   "%acc_out_load = load i6 %acc_out_addr" [/home/simics/HMoE/HLS_HMoE/pseudo_block/run_7/src/pseudo_moe.cpp:220]   --->   Operation 21 'load' 'acc_out_load' <Predicate = true> <Delay = 1.02> <CoreInst = "RAM">   --->   Core 83 'RAM' <Latency = 1> <II = 1> <Delay = 1.02> <Storage> <Opcode : 'load' 'store'> <Ports = 2> <Width = 32> <Depth = 64> <RAM>
ST_2 : Operation 29 [1/1] (0.00ns)   --->   "%ret_ln0 = ret"   --->   Operation 29 'ret' 'ret_ln0' <Predicate = (icmp_ln218)> <Delay = 0.00>

State 3 <SV = 2> <Delay = 7.30>
ST_3 : Operation 22 [1/1] (0.00ns)   --->   "%gmem12_addr = getelementptr i32 %gmem12, i64 %sext_ln139_1_cast" [/home/simics/HMoE/HLS_HMoE/pseudo_block/run_7/src/pseudo_moe.cpp:139]   --->   Operation 22 'getelementptr' 'gmem12_addr' <Predicate = true> <Delay = 0.00>
ST_3 : Operation 23 [1/1] (0.00ns)   --->   "%specpipeline_ln219 = specpipeline void @_ssdm_op_SpecPipeline, i32 1, i32 0, i32 0, i32 0, void @empty_36" [/home/simics/HMoE/HLS_HMoE/pseudo_block/run_7/src/pseudo_moe.cpp:219]   --->   Operation 23 'specpipeline' 'specpipeline_ln219' <Predicate = true> <Delay = 0.00>
ST_3 : Operation 24 [1/1] (0.00ns)   --->   "%speclooptripcount_ln218 = speclooptripcount void @_ssdm_op_SpecLoopTripCount, i64 64, i64 64, i64 64" [/home/simics/HMoE/HLS_HMoE/pseudo_block/run_7/src/pseudo_moe.cpp:218]   --->   Operation 24 'speclooptripcount' 'speclooptripcount_ln218' <Predicate = true> <Delay = 0.00>
ST_3 : Operation 25 [1/1] (0.00ns)   --->   "%specloopname_ln218 = specloopname void @_ssdm_op_SpecLoopName, void @empty_39" [/home/simics/HMoE/HLS_HMoE/pseudo_block/run_7/src/pseudo_moe.cpp:218]   --->   Operation 25 'specloopname' 'specloopname_ln218' <Predicate = true> <Delay = 0.00>
ST_3 : Operation 26 [1/1] (0.00ns)   --->   "%bitcast_ln220 = bitcast i32 %acc_out_load" [/home/simics/HMoE/HLS_HMoE/pseudo_block/run_7/src/pseudo_moe.cpp:220]   --->   Operation 26 'bitcast' 'bitcast_ln220' <Predicate = true> <Delay = 0.00>
ST_3 : Operation 27 [1/1] (7.30ns)   --->   "%write_ln220 = write void @_ssdm_op_Write.m_axi.p1i32, i64 %gmem12_addr, i32 %bitcast_ln220, i4 15" [/home/simics/HMoE/HLS_HMoE/pseudo_block/run_7/src/pseudo_moe.cpp:220]   --->   Operation 27 'write' 'write_ln220' <Predicate = true> <Delay = 7.30> <CoreInst = "m_axi">   --->   Core 121 'm_axi' <Latency = 0> <II = 1> <Delay = 1.00> <Adapter> <Opcode : 'read' 'write' 'readreq' 'writereq' 'writeresp'>
ST_3 : Operation 28 [1/1] (0.00ns)   --->   "%br_ln218 = br void %for.inc226" [/home/simics/HMoE/HLS_HMoE/pseudo_block/run_7/src/pseudo_moe.cpp:218]   --->   Operation 28 'br' 'br_ln218' <Predicate = true> <Delay = 0.00>


============================================================
+ Verbose Summary: Binding
============================================================
STG Binding: 
---------------- STG Properties BEGIN ----------------
- Is combinational: 0
- Is one-state seq: 0
- Is datapath-only: 0
- Is pipelined: 0
- Is top level: 0
Port [ Return ] is wired: 1; IO mode=ap_ctrl_hs:ce=0
Port [ gmem12]:  wired=1; compound=1; hidden=0; nouse=0; global=0; static=0; extern=0; dir=1; type=4; pingpong=0; private_global=0; IO mode=m_axi:ce=0
Port [ sext_ln139_1]:  wired=1; compound=0; hidden=0; nouse=0; global=0; static=0; extern=0; dir=0; type=0; pingpong=0; private_global=0; IO mode=ap_none:ce=0
Port [ acc_out]:  wired=1; compound=1; hidden=0; nouse=0; global=0; static=0; extern=0; dir=0; type=1; pingpong=0; private_global=0; MemPort=[13]; IO mode=ap_memory:ce=0
---------------- STG Properties END ------------------

---------------- Datapath Model BEGIN ----------------

<LifeTime>
<method=bitvector/>
o                       (alloca           ) [ 0100]
sext_ln139_1_read       (read             ) [ 0000]
sext_ln139_1_cast       (sext             ) [ 0111]
specinterface_ln0       (specinterface    ) [ 0000]
store_ln218             (store            ) [ 0000]
br_ln0                  (br               ) [ 0000]
o_1                     (load             ) [ 0000]
specbitsmap_ln0         (specbitsmap      ) [ 0000]
icmp_ln218              (icmp             ) [ 0110]
add_ln218               (add              ) [ 0000]
br_ln218                (br               ) [ 0000]
zext_ln218              (zext             ) [ 0000]
acc_out_addr            (getelementptr    ) [ 0110]
store_ln218             (store            ) [ 0000]
acc_out_load            (load             ) [ 0101]
gmem12_addr             (getelementptr    ) [ 0000]
specpipeline_ln219      (specpipeline     ) [ 0000]
speclooptripcount_ln218 (speclooptripcount) [ 0000]
specloopname_ln218      (specloopname     ) [ 0000]
bitcast_ln220           (bitcast          ) [ 0000]
write_ln220             (write            ) [ 0000]
br_ln218                (br               ) [ 0000]
ret_ln0                 (ret              ) [ 0000]
</LifeTime>

<model>

<comp_list>
<comp id="0" class="1000" name="gmem12">
<pin_list>
<pin id="1" dir="1" index="0" bw="1" slack="0"/>
</pin_list>
<bind>
<StgValue><ssdm name="gmem12"/></StgValue>
</bind>
</comp>

<comp id="2" class="1000" name="sext_ln139_1">
<pin_list>
<pin id="3" dir="1" index="0" bw="1" slack="0"/>
</pin_list>
<bind>
<StgValue><ssdm name="sext_ln139_1"/></StgValue>
</bind>
</comp>

<comp id="4" class="1000" name="acc_out">
<pin_list>
<pin id="5" dir="1" index="0" bw="1" slack="0"/>
</pin_list>
<bind>
<StgValue><ssdm name="acc_out"/><MemPortTyVec>1 3 </MemPortTyVec>
</StgValue>
</bind>
</comp>

<comp id="6" class="1001" name="const_6">
<pin_list>
<pin id="7" dir="1" index="0" bw="1" slack="0"/>
</pin_list>
<bind>
<StgValue><ssdm name=""/></StgValue>
</bind>
</comp>

<comp id="8" class="1001" name="const_8">
<pin_list>
<pin id="9" dir="1" index="0" bw="1" slack="0"/>
</pin_list>
<bind>
<StgValue><ssdm name="_ssdm_op_Read.ap_auto.i62"/></StgValue>
</bind>
</comp>

<comp id="10" class="1001" name="const_10">
<pin_list>
<pin id="11" dir="1" index="0" bw="1" slack="2147483647"/>
</pin_list>
<bind>
<StgValue><ssdm name="_ssdm_op_SpecInterface"/></StgValue>
</bind>
</comp>

<comp id="12" class="1001" name="const_12">
<pin_list>
<pin id="13" dir="1" index="0" bw="1" slack="2147483647"/>
</pin_list>
<bind>
<StgValue><ssdm name="empty_8"/></StgValue>
</bind>
</comp>

<comp id="14" class="1001" name="const_14">
<pin_list>
<pin id="15" dir="1" index="0" bw="1" slack="2147483647"/>
</pin_list>
<bind>
<StgValue><ssdm name=""/></StgValue>
</bind>
</comp>

<comp id="16" class="1001" name="const_16">
<pin_list>
<pin id="17" dir="1" index="0" bw="1" slack="2147483647"/>
</pin_list>
<bind>
<StgValue><ssdm name="empty_36"/></StgValue>
</bind>
</comp>

<comp id="18" class="1001" name="const_18">
<pin_list>
<pin id="19" dir="1" index="0" bw="1" slack="2147483647"/>
</pin_list>
<bind>
<StgValue><ssdm name="empty_21"/></StgValue>
</bind>
</comp>

<comp id="20" class="1001" name="const_20">
<pin_list>
<pin id="21" dir="1" index="0" bw="1" slack="2147483647"/>
</pin_list>
<bind>
<StgValue><ssdm name="empty_22"/></StgValue>
</bind>
</comp>

<comp id="22" class="1001" name="const_22">
<pin_list>
<pin id="23" dir="1" index="0" bw="1" slack="2147483647"/>
</pin_list>
<bind>
<StgValue><ssdm name=""/></StgValue>
</bind>
</comp>

<comp id="24" class="1001" name="const_24">
<pin_list>
<pin id="25" dir="1" index="0" bw="1" slack="2147483647"/>
</pin_list>
<bind>
<StgValue><ssdm name=""/></StgValue>
</bind>
</comp>

<comp id="26" class="1001" name="const_26">
<pin_list>
<pin id="27" dir="1" index="0" bw="1" slack="0"/>
</pin_list>
<bind>
<StgValue><ssdm name=""/></StgValue>
</bind>
</comp>

<comp id="28" class="1001" name="const_28">
<pin_list>
<pin id="29" dir="1" index="0" bw="1" slack="2147483647"/>
</pin_list>
<bind>
<StgValue><ssdm name="_ssdm_op_SpecBitsMap"/></StgValue>
</bind>
</comp>

<comp id="30" class="1001" name="const_30">
<pin_list>
<pin id="31" dir="1" index="0" bw="1" slack="0"/>
</pin_list>
<bind>
<StgValue><ssdm name=""/></StgValue>
</bind>
</comp>

<comp id="32" class="1001" name="const_32">
<pin_list>
<pin id="33" dir="1" index="0" bw="1" slack="0"/>
</pin_list>
<bind>
<StgValue><ssdm name=""/></StgValue>
</bind>
</comp>

<comp id="34" class="1001" name="const_34">
<pin_list>
<pin id="35" dir="1" index="0" bw="1" slack="0"/>
</pin_list>
<bind>
<StgValue><ssdm name=""/></StgValue>
</bind>
</comp>

<comp id="36" class="1001" name="const_36">
<pin_list>
<pin id="37" dir="1" index="0" bw="1" slack="2147483647"/>
</pin_list>
<bind>
<StgValue><ssdm name="_ssdm_op_SpecPipeline"/></StgValue>
</bind>
</comp>

<comp id="38" class="1001" name="const_38">
<pin_list>
<pin id="39" dir="1" index="0" bw="1" slack="2147483647"/>
</pin_list>
<bind>
<StgValue><ssdm name="_ssdm_op_SpecLoopTripCount"/></StgValue>
</bind>
</comp>

<comp id="40" class="1001" name="const_40">
<pin_list>
<pin id="41" dir="1" index="0" bw="1" slack="2147483647"/>
</pin_list>
<bind>
<StgValue><ssdm name=""/></StgValue>
</bind>
</comp>

<comp id="42" class="1001" name="const_42">
<pin_list>
<pin id="43" dir="1" index="0" bw="1" slack="2147483647"/>
</pin_list>
<bind>
<StgValue><ssdm name="_ssdm_op_SpecLoopName"/></StgValue>
</bind>
</comp>

<comp id="44" class="1001" name="const_44">
<pin_list>
<pin id="45" dir="1" index="0" bw="1" slack="2147483647"/>
</pin_list>
<bind>
<StgValue><ssdm name="empty_39"/></StgValue>
</bind>
</comp>

<comp id="46" class="1001" name="const_46">
<pin_list>
<pin id="47" dir="1" index="0" bw="1" slack="0"/>
</pin_list>
<bind>
<StgValue><ssdm name="_ssdm_op_Write.m_axi.p1i32"/></StgValue>
</bind>
</comp>

<comp id="48" class="1001" name="const_48">
<pin_list>
<pin id="49" dir="1" index="0" bw="1" slack="0"/>
</pin_list>
<bind>
<StgValue><ssdm name=""/></StgValue>
</bind>
</comp>

<comp id="50" class="1004" name="o_fu_50">
<pin_list>
<pin id="51" dir="0" index="0" bw="1" slack="0"/>
<pin id="52" dir="1" index="1" bw="7" slack="0"/>
</pin_list>
<bind>
<opcode="alloca(26) " fcode="alloca"/>
<opset="o/1 "/>
</bind>
</comp>

<comp id="54" class="1004" name="sext_ln139_1_read_read_fu_54">
<pin_list>
<pin id="55" dir="0" index="0" bw="62" slack="0"/>
<pin id="56" dir="0" index="1" bw="62" slack="0"/>
<pin id="57" dir="1" index="2" bw="62" slack="0"/>
</pin_list>
<bind>
<opcode="read(1150) " fcode="read"/>
<opset="sext_ln139_1_read/1 "/>
</bind>
</comp>

<comp id="60" class="1004" name="write_ln220_write_fu_60">
<pin_list>
<pin id="61" dir="0" index="0" bw="0" slack="0"/>
<pin id="62" dir="0" index="1" bw="32" slack="0"/>
<pin id="63" dir="0" index="2" bw="32" slack="0"/>
<pin id="64" dir="0" index="3" bw="1" slack="0"/>
<pin id="65" dir="1" index="4" bw="0" slack="2147483647"/>
</pin_list>
<bind>
<opcode="write(1151) " fcode="write"/>
<opset="write_ln220/3 "/>
</bind>
</comp>

<comp id="68" class="1004" name="acc_out_addr_gep_fu_68">
<pin_list>
<pin id="69" dir="0" index="0" bw="32" slack="0"/>
<pin id="70" dir="0" index="1" bw="1" slack="0"/>
<pin id="71" dir="0" index="2" bw="7" slack="0"/>
<pin id="72" dir="1" index="3" bw="6" slack="0"/>
</pin_list>
<bind>
<opcode="getelementptr(29) " fcode="getelementptr"/>
<opset="acc_out_addr/1 "/>
</bind>
</comp>

<comp id="75" class="1004" name="grp_access_fu_75">
<pin_list>
<pin id="76" dir="0" index="0" bw="6" slack="0"/>
<pin id="77" dir="0" index="1" bw="32" slack="2147483647"/>
<pin id="78" dir="0" index="2" bw="0" slack="2147483647"/>
<pin id="79" dir="1" index="3" bw="32" slack="1"/>
</pin_list>
<bind>
<opcode="load(27) " fcode="load"/>
<opset="acc_out_load/1 "/>
</bind>
</comp>

<comp id="81" class="1004" name="sext_ln139_1_cast_fu_81">
<pin_list>
<pin id="82" dir="0" index="0" bw="62" slack="0"/>
<pin id="83" dir="1" index="1" bw="64" slack="2"/>
</pin_list>
<bind>
<opcode="sext(35) " fcode="sext"/>
<opset="sext_ln139_1_cast/1 "/>
</bind>
</comp>

<comp id="85" class="1004" name="store_ln218_store_fu_85">
<pin_list>
<pin id="86" dir="0" index="0" bw="1" slack="0"/>
<pin id="87" dir="0" index="1" bw="7" slack="0"/>
<pin id="88" dir="1" index="2" bw="0" slack="2147483647"/>
</pin_list>
<bind>
<opcode="store(28) " fcode="store"/>
<opset="store_ln218/1 "/>
</bind>
</comp>

<comp id="90" class="1004" name="o_1_load_fu_90">
<pin_list>
<pin id="91" dir="0" index="0" bw="7" slack="0"/>
<pin id="92" dir="1" index="1" bw="7" slack="0"/>
</pin_list>
<bind>
<opcode="load(27) " fcode="load"/>
<opset="o_1/1 "/>
</bind>
</comp>

<comp id="93" class="1004" name="icmp_ln218_fu_93">
<pin_list>
<pin id="94" dir="0" index="0" bw="7" slack="0"/>
<pin id="95" dir="0" index="1" bw="7" slack="0"/>
<pin id="96" dir="1" index="2" bw="1" slack="1"/>
</pin_list>
<bind>
<opcode="icmp(45) " fcode="icmp"/>
<opset="icmp_ln218/1 "/>
</bind>
</comp>

<comp id="99" class="1004" name="add_ln218_fu_99">
<pin_list>
<pin id="100" dir="0" index="0" bw="7" slack="0"/>
<pin id="101" dir="0" index="1" bw="1" slack="0"/>
<pin id="102" dir="1" index="2" bw="7" slack="0"/>
</pin_list>
<bind>
<opcode="add(8) " fcode="add"/>
<opset="add_ln218/1 "/>
</bind>
</comp>

<comp id="105" class="1004" name="zext_ln218_fu_105">
<pin_list>
<pin id="106" dir="0" index="0" bw="7" slack="0"/>
<pin id="107" dir="1" index="1" bw="64" slack="0"/>
</pin_list>
<bind>
<opcode="zext(34) " fcode="zext"/>
<opset="zext_ln218/1 "/>
</bind>
</comp>

<comp id="110" class="1004" name="store_ln218_store_fu_110">
<pin_list>
<pin id="111" dir="0" index="0" bw="7" slack="0"/>
<pin id="112" dir="0" index="1" bw="7" slack="0"/>
<pin id="113" dir="1" index="2" bw="0" slack="2147483647"/>
</pin_list>
<bind>
<opcode="store(28) " fcode="store"/>
<opset="store_ln218/1 "/>
</bind>
</comp>

<comp id="115" class="1004" name="gmem12_addr_fu_115">
<pin_list>
<pin id="116" dir="0" index="0" bw="64" slack="0"/>
<pin id="117" dir="0" index="1" bw="64" slack="2"/>
<pin id="118" dir="1" index="2" bw="64" slack="0"/>
</pin_list>
<bind>
<opcode="getelementptr(29) " fcode="getelementptr"/>
<opset="gmem12_addr/3 "/>
</bind>
</comp>

<comp id="121" class="1004" name="bitcast_ln220_fu_121">
<pin_list>
<pin id="122" dir="0" index="0" bw="32" slack="1"/>
<pin id="123" dir="1" index="1" bw="32" slack="0"/>
</pin_list>
<bind>
<opcode="bitcast(44) " fcode="bitcast"/>
<opset="bitcast_ln220/3 "/>
</bind>
</comp>

<comp id="125" class="1005" name="o_reg_125">
<pin_list>
<pin id="126" dir="0" index="0" bw="7" slack="0"/>
<pin id="127" dir="1" index="1" bw="7" slack="0"/>
</pin_list>
<bind>
<opset="o "/>
</bind>
</comp>

<comp id="132" class="1005" name="sext_ln139_1_cast_reg_132">
<pin_list>
<pin id="133" dir="0" index="0" bw="64" slack="2"/>
<pin id="134" dir="1" index="1" bw="64" slack="2"/>
</pin_list>
<bind>
<opset="sext_ln139_1_cast "/>
</bind>
</comp>

<comp id="137" class="1005" name="icmp_ln218_reg_137">
<pin_list>
<pin id="138" dir="0" index="0" bw="1" slack="1"/>
<pin id="139" dir="1" index="1" bw="1" slack="2147483647"/>
</pin_list>
<bind>
<opset="icmp_ln218 "/>
</bind>
</comp>

<comp id="141" class="1005" name="acc_out_addr_reg_141">
<pin_list>
<pin id="142" dir="0" index="0" bw="6" slack="1"/>
<pin id="143" dir="1" index="1" bw="6" slack="1"/>
</pin_list>
<bind>
<opset="acc_out_addr "/>
</bind>
</comp>

<comp id="146" class="1005" name="acc_out_load_reg_146">
<pin_list>
<pin id="147" dir="0" index="0" bw="32" slack="1"/>
<pin id="148" dir="1" index="1" bw="32" slack="1"/>
</pin_list>
<bind>
<opset="acc_out_load "/>
</bind>
</comp>

</comp_list>

<net_list>
<net id="53"><net_src comp="6" pin="0"/><net_sink comp="50" pin=0"/></net>

<net id="58"><net_src comp="8" pin="0"/><net_sink comp="54" pin=0"/></net>

<net id="59"><net_src comp="2" pin="0"/><net_sink comp="54" pin=1"/></net>

<net id="66"><net_src comp="46" pin="0"/><net_sink comp="60" pin=0"/></net>

<net id="67"><net_src comp="48" pin="0"/><net_sink comp="60" pin=3"/></net>

<net id="73"><net_src comp="4" pin="0"/><net_sink comp="68" pin=0"/></net>

<net id="74"><net_src comp="34" pin="0"/><net_sink comp="68" pin=1"/></net>

<net id="80"><net_src comp="68" pin="3"/><net_sink comp="75" pin=0"/></net>

<net id="84"><net_src comp="54" pin="2"/><net_sink comp="81" pin=0"/></net>

<net id="89"><net_src comp="26" pin="0"/><net_sink comp="85" pin=0"/></net>

<net id="97"><net_src comp="90" pin="1"/><net_sink comp="93" pin=0"/></net>

<net id="98"><net_src comp="30" pin="0"/><net_sink comp="93" pin=1"/></net>

<net id="103"><net_src comp="90" pin="1"/><net_sink comp="99" pin=0"/></net>

<net id="104"><net_src comp="32" pin="0"/><net_sink comp="99" pin=1"/></net>

<net id="108"><net_src comp="90" pin="1"/><net_sink comp="105" pin=0"/></net>

<net id="109"><net_src comp="105" pin="1"/><net_sink comp="68" pin=2"/></net>

<net id="114"><net_src comp="99" pin="2"/><net_sink comp="110" pin=0"/></net>

<net id="119"><net_src comp="0" pin="0"/><net_sink comp="115" pin=0"/></net>

<net id="120"><net_src comp="115" pin="2"/><net_sink comp="60" pin=1"/></net>

<net id="124"><net_src comp="121" pin="1"/><net_sink comp="60" pin=2"/></net>

<net id="128"><net_src comp="50" pin="1"/><net_sink comp="125" pin=0"/></net>

<net id="129"><net_src comp="125" pin="1"/><net_sink comp="85" pin=1"/></net>

<net id="130"><net_src comp="125" pin="1"/><net_sink comp="90" pin=0"/></net>

<net id="131"><net_src comp="125" pin="1"/><net_sink comp="110" pin=1"/></net>

<net id="135"><net_src comp="81" pin="1"/><net_sink comp="132" pin=0"/></net>

<net id="136"><net_src comp="132" pin="1"/><net_sink comp="115" pin=1"/></net>

<net id="140"><net_src comp="93" pin="2"/><net_sink comp="137" pin=0"/></net>

<net id="144"><net_src comp="68" pin="3"/><net_sink comp="141" pin=0"/></net>

<net id="145"><net_src comp="141" pin="1"/><net_sink comp="75" pin=0"/></net>

<net id="149"><net_src comp="75" pin="3"/><net_sink comp="146" pin=0"/></net>

<net id="150"><net_src comp="146" pin="1"/><net_sink comp="121" pin=0"/></net>

</net_list>

</model> 
---------------- Datapath Model END ------------------

* FSMD analyzer results:
  - Output states:
	Port: gmem12 | {3 }
 - Input state : 
	Port: pseudo_moe_Pipeline_VITIS_LOOP_218_17 : gmem12 | {}
	Port: pseudo_moe_Pipeline_VITIS_LOOP_218_17 : sext_ln139_1 | {1 }
	Port: pseudo_moe_Pipeline_VITIS_LOOP_218_17 : acc_out | {1 2 }
  - Chain level:
	State 1
		store_ln218 : 1
		o_1 : 1
		icmp_ln218 : 2
		add_ln218 : 2
		br_ln218 : 3
		zext_ln218 : 2
		acc_out_addr : 3
		acc_out_load : 4
		store_ln218 : 3
	State 2
	State 3
		write_ln220 : 1


============================================================
+ Verbose Summary: Datapath Resource usage 
============================================================

* Functional unit list:
|----------|------------------------------|---------|---------|
| Operation|        Functional Unit       |    FF   |   LUT   |
|----------|------------------------------|---------|---------|
|   icmp   |       icmp_ln218_fu_93       |    0    |    14   |
|----------|------------------------------|---------|---------|
|    add   |        add_ln218_fu_99       |    0    |    14   |
|----------|------------------------------|---------|---------|
|   read   | sext_ln139_1_read_read_fu_54 |    0    |    0    |
|----------|------------------------------|---------|---------|
|   write  |    write_ln220_write_fu_60   |    0    |    0    |
|----------|------------------------------|---------|---------|
|   sext   |    sext_ln139_1_cast_fu_81   |    0    |    0    |
|----------|------------------------------|---------|---------|
|   zext   |       zext_ln218_fu_105      |    0    |    0    |
|----------|------------------------------|---------|---------|
|   Total  |                              |    0    |    28   |
|----------|------------------------------|---------|---------|

Memories:
N/A

* Register list:
+-------------------------+--------+
|                         |   FF   |
+-------------------------+--------+
|   acc_out_addr_reg_141  |    6   |
|   acc_out_load_reg_146  |   32   |
|    icmp_ln218_reg_137   |    1   |
|        o_reg_125        |    7   |
|sext_ln139_1_cast_reg_132|   64   |
+-------------------------+--------+
|          Total          |   110  |
+-------------------------+--------+

* Multiplexer (MUX) list: 
|------------------|------|------|------|--------||---------||---------|
|       Comp       |  Pin | Size |  BW  | S x BW ||  Delay  ||   LUT   |
|------------------|------|------|------|--------||---------||---------|
| grp_access_fu_75 |  p0  |   2  |   6  |   12   ||    9    |
|------------------|------|------|------|--------||---------||---------|
|       Total      |      |      |      |   12   ||  0.362  ||    9    |
|------------------|------|------|------|--------||---------||---------|



* Summary:
+-----------+--------+--------+--------+
|           |  Delay |   FF   |   LUT  |
+-----------+--------+--------+--------+
|  Function |    -   |    0   |   28   |
|   Memory  |    -   |    -   |    -   |
|Multiplexer|    0   |    -   |    9   |
|  Register |    -   |   110  |    -   |
+-----------+--------+--------+--------+
|   Total   |    0   |   110  |   37   |
+-----------+--------+--------+--------+
