

================================================================
== Vitis HLS Report for 'compute_expert_1_s'
================================================================
* Date:           Sun Sep 20 21:00:07 2026

* Version:        2023.2 (Build 4023990 on Oct 11 2023)
* Project:        project
* Solution:       solution1 (Vivado IP Flow Target)
* Product family: virtexuplus
* Target device:  xcvu13p_CIV-figd2104-3-e


================================================================
== Performance Estimates
================================================================
+ Timing: 
    * Summary: 
    +--------+----------+----------+------------+
    |  Clock |  Target  | Estimated| Uncertainty|
    +--------+----------+----------+------------+
    |ap_clk  |  10.00 ns|  7.300 ns|     2.70 ns|
    +--------+----------+----------+------------+

+ Latency: 
    * Summary: 
    +---------+---------+----------+----------+-----+-----+---------+
    |  Latency (cycles) |  Latency (absolute) |  Interval | Pipeline|
    |   min   |   max   |    min   |    max   | min | max |   Type  |
    +---------+---------+----------+----------+-----+-----+---------+
    |      302|      302|  3.020 us|  3.020 us|  302|  302|       no|
    +---------+---------+----------+----------+-----+-----+---------+

    + Detail: 
        * Instance: 
        N/A

        * Loop: 
        N/A

============================================================
+ Verbose Summary: Synthesis Manager
============================================================
InlineROM: 1
ExposeGlobal: 0
============================================================
+ Verbose Summary: CDFG Model
============================================================
IsTopModel: 0
ResetActiveHigh: 1
IsCombinational: 0
IsDatapathOnly: 0
HasWiredReturn: 1
HasMFsm: 0
HasVarLatency: 1
IsPipeline: 0
IsRtlPipelined: 0
IsInstanceOverlapped: 0
IsDontTouch: 0
HasImplIP: 0
IsGatedGlobalClock: 0


============================================================
+ Verbose Summary: Schedule
============================================================
* Number of FSM states : 10
* Pipeline : 0
* Dataflow Pipeline: 0

* FSM state transitions: 
1 --> 2 
2 --> 3 
3 --> 4 
4 --> 5 
5 --> 6 
6 --> 7 
7 --> 8 
8 --> 9 
9 --> 10 
10 --> 

* FSM state operations: 

State 1 <SV = 0> <Delay = 7.30>
ST_1 : Operation 11 [1/1] (0.00ns)   --->   "%b_read = read i64 @_ssdm_op_Read.ap_auto.i64, i64 %b" [/home/simics/HMoE/HLS_HMoE/pseudo_block/run_10/src/pseudo_moe.cpp:34]   --->   Operation 11 'read' 'b_read' <Predicate = true> <Delay = 0.00>
ST_1 : Operation 12 [1/1] (0.00ns)   --->   "%trunc_ln = partselect i62 @_ssdm_op_PartSelect.i62.i64.i32.i32, i64 %b_read, i32 2, i32 63" [/home/simics/HMoE/HLS_HMoE/pseudo_block/run_10/src/pseudo_moe.cpp:20]   --->   Operation 12 'partselect' 'trunc_ln' <Predicate = true> <Delay = 0.00>
ST_1 : Operation 13 [1/1] (0.00ns)   --->   "%sext_ln20 = sext i62 %trunc_ln" [/home/simics/HMoE/HLS_HMoE/pseudo_block/run_10/src/pseudo_moe.cpp:20]   --->   Operation 13 'sext' 'sext_ln20' <Predicate = true> <Delay = 0.00>
ST_1 : Operation 14 [1/1] (0.00ns)   --->   "%gmem6_addr = getelementptr i32 %gmem6, i64 %sext_ln20" [/home/simics/HMoE/HLS_HMoE/pseudo_block/run_10/src/pseudo_moe.cpp:20]   --->   Operation 14 'getelementptr' 'gmem6_addr' <Predicate = true> <Delay = 0.00>
ST_1 : Operation 15 [8/8] (7.30ns)   --->   "%empty = readreq i1 @_ssdm_op_ReadReq.m_axi.p1i32, i32 %gmem6_addr, i32 64" [/home/simics/HMoE/HLS_HMoE/pseudo_block/run_10/src/pseudo_moe.cpp:20]   --->   Operation 15 'readreq' 'empty' <Predicate = true> <Delay = 7.30> <CoreInst = "m_axi">   --->   Core 121 'm_axi' <Latency = 0> <II = 1> <Delay = 1.00> <Adapter> <Opcode : 'read' 'write' 'readreq' 'writereq' 'writeresp'>

State 2 <SV = 1> <Delay = 7.30>
ST_2 : Operation 16 [7/8] (7.30ns)   --->   "%empty = readreq i1 @_ssdm_op_ReadReq.m_axi.p1i32, i32 %gmem6_addr, i32 64" [/home/simics/HMoE/HLS_HMoE/pseudo_block/run_10/src/pseudo_moe.cpp:20]   --->   Operation 16 'readreq' 'empty' <Predicate = true> <Delay = 7.30> <CoreInst = "m_axi">   --->   Core 121 'm_axi' <Latency = 0> <II = 1> <Delay = 1.00> <Adapter> <Opcode : 'read' 'write' 'readreq' 'writereq' 'writeresp'>

State 3 <SV = 2> <Delay = 7.30>
ST_3 : Operation 17 [6/8] (7.30ns)   --->   "%empty = readreq i1 @_ssdm_op_ReadReq.m_axi.p1i32, i32 %gmem6_addr, i32 64" [/home/simics/HMoE/HLS_HMoE/pseudo_block/run_10/src/pseudo_moe.cpp:20]   --->   Operation 17 'readreq' 'empty' <Predicate = true> <Delay = 7.30> <CoreInst = "m_axi">   --->   Core 121 'm_axi' <Latency = 0> <II = 1> <Delay = 1.00> <Adapter> <Opcode : 'read' 'write' 'readreq' 'writereq' 'writeresp'>

State 4 <SV = 3> <Delay = 7.30>
ST_4 : Operation 18 [5/8] (7.30ns)   --->   "%empty = readreq i1 @_ssdm_op_ReadReq.m_axi.p1i32, i32 %gmem6_addr, i32 64" [/home/simics/HMoE/HLS_HMoE/pseudo_block/run_10/src/pseudo_moe.cpp:20]   --->   Operation 18 'readreq' 'empty' <Predicate = true> <Delay = 7.30> <CoreInst = "m_axi">   --->   Core 121 'm_axi' <Latency = 0> <II = 1> <Delay = 1.00> <Adapter> <Opcode : 'read' 'write' 'readreq' 'writereq' 'writeresp'>

State 5 <SV = 4> <Delay = 7.30>
ST_5 : Operation 19 [4/8] (7.30ns)   --->   "%empty = readreq i1 @_ssdm_op_ReadReq.m_axi.p1i32, i32 %gmem6_addr, i32 64" [/home/simics/HMoE/HLS_HMoE/pseudo_block/run_10/src/pseudo_moe.cpp:20]   --->   Operation 19 'readreq' 'empty' <Predicate = true> <Delay = 7.30> <CoreInst = "m_axi">   --->   Core 121 'm_axi' <Latency = 0> <II = 1> <Delay = 1.00> <Adapter> <Opcode : 'read' 'write' 'readreq' 'writereq' 'writeresp'>

State 6 <SV = 5> <Delay = 7.30>
ST_6 : Operation 20 [3/8] (7.30ns)   --->   "%empty = readreq i1 @_ssdm_op_ReadReq.m_axi.p1i32, i32 %gmem6_addr, i32 64" [/home/simics/HMoE/HLS_HMoE/pseudo_block/run_10/src/pseudo_moe.cpp:20]   --->   Operation 20 'readreq' 'empty' <Predicate = true> <Delay = 7.30> <CoreInst = "m_axi">   --->   Core 121 'm_axi' <Latency = 0> <II = 1> <Delay = 1.00> <Adapter> <Opcode : 'read' 'write' 'readreq' 'writereq' 'writeresp'>

State 7 <SV = 6> <Delay = 7.30>
ST_7 : Operation 21 [2/8] (7.30ns)   --->   "%empty = readreq i1 @_ssdm_op_ReadReq.m_axi.p1i32, i32 %gmem6_addr, i32 64" [/home/simics/HMoE/HLS_HMoE/pseudo_block/run_10/src/pseudo_moe.cpp:20]   --->   Operation 21 'readreq' 'empty' <Predicate = true> <Delay = 7.30> <CoreInst = "m_axi">   --->   Core 121 'm_axi' <Latency = 0> <II = 1> <Delay = 1.00> <Adapter> <Opcode : 'read' 'write' 'readreq' 'writereq' 'writeresp'>

State 8 <SV = 7> <Delay = 7.30>
ST_8 : Operation 22 [1/8] (7.30ns)   --->   "%empty = readreq i1 @_ssdm_op_ReadReq.m_axi.p1i32, i32 %gmem6_addr, i32 64" [/home/simics/HMoE/HLS_HMoE/pseudo_block/run_10/src/pseudo_moe.cpp:20]   --->   Operation 22 'readreq' 'empty' <Predicate = true> <Delay = 7.30> <CoreInst = "m_axi">   --->   Core 121 'm_axi' <Latency = 0> <II = 1> <Delay = 1.00> <Adapter> <Opcode : 'read' 'write' 'readreq' 'writereq' 'writeresp'>

State 9 <SV = 8> <Delay = 1.67>
ST_9 : Operation 23 [1/1] (0.00ns)   --->   "%x_0_offset_read = read i4 @_ssdm_op_Read.ap_auto.i4, i4 %x_0_offset" [/home/simics/HMoE/HLS_HMoE/pseudo_block/run_10/src/pseudo_moe.cpp:34]   --->   Operation 23 'read' 'x_0_offset_read' <Predicate = true> <Delay = 0.00>
ST_9 : Operation 24 [1/1] (0.00ns)   --->   "%tmp = bitconcatenate i6 @_ssdm_op_BitConcatenate.i6.i4.i2, i4 %x_0_offset_read, i2 0" [/home/simics/HMoE/HLS_HMoE/pseudo_block/run_10/src/pseudo_moe.cpp:34]   --->   Operation 24 'bitconcatenate' 'tmp' <Predicate = true> <Delay = 0.00>
ST_9 : Operation 25 [2/2] (1.67ns)   --->   "%call_ln20 = call void @compute_expert<1>_Pipeline_VITIS_LOOP_20_1_VITIS_LOOP_29_3, i32 %gmem6, i62 %trunc_ln, i6 %tmp, i32 %x_0, i32 %x_1, i32 %x_2, i32 %x_3, i32 %x_4, i32 %x_5, i32 %x_6, i32 %x_7, i32 %x_8, i32 %x_9, i32 %x_10, i32 %x_11, i32 %x_12, i32 %x_13, i32 %x_14, i32 %x_15, i32 %w_0, i32 %w_1, i32 %w_2, i32 %w_3, i32 %w_4, i32 %w_5, i32 %w_6, i32 %w_7, i32 %w_8, i32 %w_9, i32 %w_10, i32 %w_11, i32 %w_12, i32 %w_13, i32 %w_14, i32 %w_15, i32 %result" [/home/simics/HMoE/HLS_HMoE/pseudo_block/run_10/src/pseudo_moe.cpp:20]   --->   Operation 25 'call' 'call_ln20' <Predicate = true> <Delay = 1.67> <CoreType = "Generic">   --->   Core 0 '' <Latency = 0> <II = 1> <Delay = 1.00> <Generic> <Opcode : >

State 10 <SV = 9> <Delay = 0.00>
ST_10 : Operation 26 [1/1] (0.00ns)   --->   "%specbindport_ln0 = specbindport void @_ssdm_op_SpecBindPort, i32 %x_0, i32 1, void @p_str"   --->   Operation 26 'specbindport' 'specbindport_ln0' <Predicate = true> <Delay = 0.00>
ST_10 : Operation 27 [1/1] (0.00ns)   --->   "%specbindport_ln0 = specbindport void @_ssdm_op_SpecBindPort, i32 %x_1, i32 1, void @p_str"   --->   Operation 27 'specbindport' 'specbindport_ln0' <Predicate = true> <Delay = 0.00>
ST_10 : Operation 28 [1/1] (0.00ns)   --->   "%specbindport_ln0 = specbindport void @_ssdm_op_SpecBindPort, i32 %x_2, i32 1, void @p_str"   --->   Operation 28 'specbindport' 'specbindport_ln0' <Predicate = true> <Delay = 0.00>
ST_10 : Operation 29 [1/1] (0.00ns)   --->   "%specbindport_ln0 = specbindport void @_ssdm_op_SpecBindPort, i32 %x_3, i32 1, void @p_str"   --->   Operation 29 'specbindport' 'specbindport_ln0' <Predicate = true> <Delay = 0.00>
ST_10 : Operation 30 [1/1] (0.00ns)   --->   "%specbindport_ln0 = specbindport void @_ssdm_op_SpecBindPort, i32 %x_4, i32 1, void @p_str"   --->   Operation 30 'specbindport' 'specbindport_ln0' <Predicate = true> <Delay = 0.00>
ST_10 : Operation 31 [1/1] (0.00ns)   --->   "%specbindport_ln0 = specbindport void @_ssdm_op_SpecBindPort, i32 %x_5, i32 1, void @p_str"   --->   Operation 31 'specbindport' 'specbindport_ln0' <Predicate = true> <Delay = 0.00>
ST_10 : Operation 32 [1/1] (0.00ns)   --->   "%specbindport_ln0 = specbindport void @_ssdm_op_SpecBindPort, i32 %x_6, i32 1, void @p_str"   --->   Operation 32 'specbindport' 'specbindport_ln0' <Predicate = true> <Delay = 0.00>
ST_10 : Operation 33 [1/1] (0.00ns)   --->   "%specbindport_ln0 = specbindport void @_ssdm_op_SpecBindPort, i32 %x_7, i32 1, void @p_str"   --->   Operation 33 'specbindport' 'specbindport_ln0' <Predicate = true> <Delay = 0.00>
ST_10 : Operation 34 [1/1] (0.00ns)   --->   "%specbindport_ln0 = specbindport void @_ssdm_op_SpecBindPort, i32 %x_8, i32 1, void @p_str"   --->   Operation 34 'specbindport' 'specbindport_ln0' <Predicate = true> <Delay = 0.00>
ST_10 : Operation 35 [1/1] (0.00ns)   --->   "%specbindport_ln0 = specbindport void @_ssdm_op_SpecBindPort, i32 %x_9, i32 1, void @p_str"   --->   Operation 35 'specbindport' 'specbindport_ln0' <Predicate = true> <Delay = 0.00>
ST_10 : Operation 36 [1/1] (0.00ns)   --->   "%specbindport_ln0 = specbindport void @_ssdm_op_SpecBindPort, i32 %x_10, i32 1, void @p_str"   --->   Operation 36 'specbindport' 'specbindport_ln0' <Predicate = true> <Delay = 0.00>
ST_10 : Operation 37 [1/1] (0.00ns)   --->   "%specbindport_ln0 = specbindport void @_ssdm_op_SpecBindPort, i32 %x_11, i32 1, void @p_str"   --->   Operation 37 'specbindport' 'specbindport_ln0' <Predicate = true> <Delay = 0.00>
ST_10 : Operation 38 [1/1] (0.00ns)   --->   "%specbindport_ln0 = specbindport void @_ssdm_op_SpecBindPort, i32 %x_12, i32 1, void @p_str"   --->   Operation 38 'specbindport' 'specbindport_ln0' <Predicate = true> <Delay = 0.00>
ST_10 : Operation 39 [1/1] (0.00ns)   --->   "%specbindport_ln0 = specbindport void @_ssdm_op_SpecBindPort, i32 %x_13, i32 1, void @p_str"   --->   Operation 39 'specbindport' 'specbindport_ln0' <Predicate = true> <Delay = 0.00>
ST_10 : Operation 40 [1/1] (0.00ns)   --->   "%specbindport_ln0 = specbindport void @_ssdm_op_SpecBindPort, i32 %x_14, i32 1, void @p_str"   --->   Operation 40 'specbindport' 'specbindport_ln0' <Predicate = true> <Delay = 0.00>
ST_10 : Operation 41 [1/1] (0.00ns)   --->   "%specbindport_ln0 = specbindport void @_ssdm_op_SpecBindPort, i32 %x_15, i32 1, void @p_str"   --->   Operation 41 'specbindport' 'specbindport_ln0' <Predicate = true> <Delay = 0.00>
ST_10 : Operation 42 [1/1] (0.00ns)   --->   "%specshared_ln0 = specshared void @_ssdm_op_SpecShared, i32 %x_15, void @p_str"   --->   Operation 42 'specshared' 'specshared_ln0' <Predicate = true> <Delay = 0.00>
ST_10 : Operation 43 [1/1] (0.00ns)   --->   "%specshared_ln0 = specshared void @_ssdm_op_SpecShared, i32 %x_14, void @p_str"   --->   Operation 43 'specshared' 'specshared_ln0' <Predicate = true> <Delay = 0.00>
ST_10 : Operation 44 [1/1] (0.00ns)   --->   "%specshared_ln0 = specshared void @_ssdm_op_SpecShared, i32 %x_13, void @p_str"   --->   Operation 44 'specshared' 'specshared_ln0' <Predicate = true> <Delay = 0.00>
ST_10 : Operation 45 [1/1] (0.00ns)   --->   "%specshared_ln0 = specshared void @_ssdm_op_SpecShared, i32 %x_12, void @p_str"   --->   Operation 45 'specshared' 'specshared_ln0' <Predicate = true> <Delay = 0.00>
ST_10 : Operation 46 [1/1] (0.00ns)   --->   "%specshared_ln0 = specshared void @_ssdm_op_SpecShared, i32 %x_11, void @p_str"   --->   Operation 46 'specshared' 'specshared_ln0' <Predicate = true> <Delay = 0.00>
ST_10 : Operation 47 [1/1] (0.00ns)   --->   "%specshared_ln0 = specshared void @_ssdm_op_SpecShared, i32 %x_10, void @p_str"   --->   Operation 47 'specshared' 'specshared_ln0' <Predicate = true> <Delay = 0.00>
ST_10 : Operation 48 [1/1] (0.00ns)   --->   "%specshared_ln0 = specshared void @_ssdm_op_SpecShared, i32 %x_9, void @p_str"   --->   Operation 48 'specshared' 'specshared_ln0' <Predicate = true> <Delay = 0.00>
ST_10 : Operation 49 [1/1] (0.00ns)   --->   "%specshared_ln0 = specshared void @_ssdm_op_SpecShared, i32 %x_8, void @p_str"   --->   Operation 49 'specshared' 'specshared_ln0' <Predicate = true> <Delay = 0.00>
ST_10 : Operation 50 [1/1] (0.00ns)   --->   "%specshared_ln0 = specshared void @_ssdm_op_SpecShared, i32 %x_7, void @p_str"   --->   Operation 50 'specshared' 'specshared_ln0' <Predicate = true> <Delay = 0.00>
ST_10 : Operation 51 [1/1] (0.00ns)   --->   "%specshared_ln0 = specshared void @_ssdm_op_SpecShared, i32 %x_6, void @p_str"   --->   Operation 51 'specshared' 'specshared_ln0' <Predicate = true> <Delay = 0.00>
ST_10 : Operation 52 [1/1] (0.00ns)   --->   "%specshared_ln0 = specshared void @_ssdm_op_SpecShared, i32 %x_5, void @p_str"   --->   Operation 52 'specshared' 'specshared_ln0' <Predicate = true> <Delay = 0.00>
ST_10 : Operation 53 [1/1] (0.00ns)   --->   "%specshared_ln0 = specshared void @_ssdm_op_SpecShared, i32 %x_4, void @p_str"   --->   Operation 53 'specshared' 'specshared_ln0' <Predicate = true> <Delay = 0.00>
ST_10 : Operation 54 [1/1] (0.00ns)   --->   "%specshared_ln0 = specshared void @_ssdm_op_SpecShared, i32 %x_3, void @p_str"   --->   Operation 54 'specshared' 'specshared_ln0' <Predicate = true> <Delay = 0.00>
ST_10 : Operation 55 [1/1] (0.00ns)   --->   "%specshared_ln0 = specshared void @_ssdm_op_SpecShared, i32 %x_2, void @p_str"   --->   Operation 55 'specshared' 'specshared_ln0' <Predicate = true> <Delay = 0.00>
ST_10 : Operation 56 [1/1] (0.00ns)   --->   "%specshared_ln0 = specshared void @_ssdm_op_SpecShared, i32 %x_1, void @p_str"   --->   Operation 56 'specshared' 'specshared_ln0' <Predicate = true> <Delay = 0.00>
ST_10 : Operation 57 [1/1] (0.00ns)   --->   "%specshared_ln0 = specshared void @_ssdm_op_SpecShared, i32 %x_0, void @p_str"   --->   Operation 57 'specshared' 'specshared_ln0' <Predicate = true> <Delay = 0.00>
ST_10 : Operation 58 [1/1] (0.00ns)   --->   "%specinterface_ln0 = specinterface void @_ssdm_op_SpecInterface, i32 %gmem6, void @empty_16, i32 0, i32 0, void @empty_30, i32 0, i32 0, void @empty_5, void @empty_38, void @empty_30, i32 16, i32 16, i32 16, i32 16, void @empty_30, void @empty_30, i32 4294967295, i32 0"   --->   Operation 58 'specinterface' 'specinterface_ln0' <Predicate = true> <Delay = 0.00>
ST_10 : Operation 59 [1/2] (0.00ns)   --->   "%call_ln20 = call void @compute_expert<1>_Pipeline_VITIS_LOOP_20_1_VITIS_LOOP_29_3, i32 %gmem6, i62 %trunc_ln, i6 %tmp, i32 %x_0, i32 %x_1, i32 %x_2, i32 %x_3, i32 %x_4, i32 %x_5, i32 %x_6, i32 %x_7, i32 %x_8, i32 %x_9, i32 %x_10, i32 %x_11, i32 %x_12, i32 %x_13, i32 %x_14, i32 %x_15, i32 %w_0, i32 %w_1, i32 %w_2, i32 %w_3, i32 %w_4, i32 %w_5, i32 %w_6, i32 %w_7, i32 %w_8, i32 %w_9, i32 %w_10, i32 %w_11, i32 %w_12, i32 %w_13, i32 %w_14, i32 %w_15, i32 %result" [/home/simics/HMoE/HLS_HMoE/pseudo_block/run_10/src/pseudo_moe.cpp:20]   --->   Operation 59 'call' 'call_ln20' <Predicate = true> <Delay = 0.00> <CoreType = "Generic">   --->   Core 0 '' <Latency = 0> <II = 1> <Delay = 1.00> <Generic> <Opcode : >
ST_10 : Operation 60 [1/1] (0.00ns)   --->   "%ret_ln47 = ret" [/home/simics/HMoE/HLS_HMoE/pseudo_block/run_10/src/pseudo_moe.cpp:47]   --->   Operation 60 'ret' 'ret_ln47' <Predicate = true> <Delay = 0.00>


============================================================
+ Verbose Summary: Timing violations
============================================================
Target clock period: 10.000ns, clock uncertainty: 2.700ns.

 <State 1>: 7.300ns
The critical path consists of the following:
	wire read operation ('b_read', /home/simics/HMoE/HLS_HMoE/pseudo_block/run_10/src/pseudo_moe.cpp:34) on port 'b' (/home/simics/HMoE/HLS_HMoE/pseudo_block/run_10/src/pseudo_moe.cpp:34) [69]  (0.000 ns)
	'getelementptr' operation 32 bit ('gmem6_addr', /home/simics/HMoE/HLS_HMoE/pseudo_block/run_10/src/pseudo_moe.cpp:20) [75]  (0.000 ns)
	bus request operation ('empty', /home/simics/HMoE/HLS_HMoE/pseudo_block/run_10/src/pseudo_moe.cpp:20) on port 'gmem6' (/home/simics/HMoE/HLS_HMoE/pseudo_block/run_10/src/pseudo_moe.cpp:20) [76]  (7.300 ns)

 <State 2>: 7.300ns
The critical path consists of the following:
	bus request operation ('empty', /home/simics/HMoE/HLS_HMoE/pseudo_block/run_10/src/pseudo_moe.cpp:20) on port 'gmem6' (/home/simics/HMoE/HLS_HMoE/pseudo_block/run_10/src/pseudo_moe.cpp:20) [76]  (7.300 ns)

 <State 3>: 7.300ns
The critical path consists of the following:
	bus request operation ('empty', /home/simics/HMoE/HLS_HMoE/pseudo_block/run_10/src/pseudo_moe.cpp:20) on port 'gmem6' (/home/simics/HMoE/HLS_HMoE/pseudo_block/run_10/src/pseudo_moe.cpp:20) [76]  (7.300 ns)

 <State 4>: 7.300ns
The critical path consists of the following:
	bus request operation ('empty', /home/simics/HMoE/HLS_HMoE/pseudo_block/run_10/src/pseudo_moe.cpp:20) on port 'gmem6' (/home/simics/HMoE/HLS_HMoE/pseudo_block/run_10/src/pseudo_moe.cpp:20) [76]  (7.300 ns)

 <State 5>: 7.300ns
The critical path consists of the following:
	bus request operation ('empty', /home/simics/HMoE/HLS_HMoE/pseudo_block/run_10/src/pseudo_moe.cpp:20) on port 'gmem6' (/home/simics/HMoE/HLS_HMoE/pseudo_block/run_10/src/pseudo_moe.cpp:20) [76]  (7.300 ns)

 <State 6>: 7.300ns
The critical path consists of the following:
	bus request operation ('empty', /home/simics/HMoE/HLS_HMoE/pseudo_block/run_10/src/pseudo_moe.cpp:20) on port 'gmem6' (/home/simics/HMoE/HLS_HMoE/pseudo_block/run_10/src/pseudo_moe.cpp:20) [76]  (7.300 ns)

 <State 7>: 7.300ns
The critical path consists of the following:
	bus request operation ('empty', /home/simics/HMoE/HLS_HMoE/pseudo_block/run_10/src/pseudo_moe.cpp:20) on port 'gmem6' (/home/simics/HMoE/HLS_HMoE/pseudo_block/run_10/src/pseudo_moe.cpp:20) [76]  (7.300 ns)

 <State 8>: 7.300ns
The critical path consists of the following:
	bus request operation ('empty', /home/simics/HMoE/HLS_HMoE/pseudo_block/run_10/src/pseudo_moe.cpp:20) on port 'gmem6' (/home/simics/HMoE/HLS_HMoE/pseudo_block/run_10/src/pseudo_moe.cpp:20) [76]  (7.300 ns)

 <State 9>: 1.674ns
The critical path consists of the following:
	wire read operation ('x_0_offset_read', /home/simics/HMoE/HLS_HMoE/pseudo_block/run_10/src/pseudo_moe.cpp:34) on port 'x_0_offset' (/home/simics/HMoE/HLS_HMoE/pseudo_block/run_10/src/pseudo_moe.cpp:34) [70]  (0.000 ns)
	'call' operation 0 bit ('call_ln20', /home/simics/HMoE/HLS_HMoE/pseudo_block/run_10/src/pseudo_moe.cpp:20) to 'compute_expert<1>_Pipeline_VITIS_LOOP_20_1_VITIS_LOOP_29_3' [77]  (1.674 ns)

 <State 10>: 0.000ns
The critical path consists of the following:


============================================================
+ Verbose Summary: Binding
============================================================
N/A
* FSMD analyzer results:
  - Output states:
 - Input state : 
  - Chain level:
	State 1
	State 2
	State 3
	State 4
	State 5
	State 6
	State 7
	State 8
	State 9
	State 10


============================================================
+ Verbose Summary: Datapath Resource usage 
============================================================
N/A
