

================================================================
== Vitis HLS Report for 'dataflow_in_loop_VITIS_LOOP_129_4_1_Loop_VITIS_LOOP_157_7_proc10'
================================================================
* Date:           Sun Sep 20 21:00:06 2026

* Version:        2023.2 (Build 4023990 on Oct 11 2023)
* Project:        project
* Solution:       solution1 (Vivado IP Flow Target)
* Product family: virtexuplus
* Target device:  xcvu13p_CIV-figd2104-3-e


================================================================
== Performance Estimates
================================================================
+ Timing: 
    * Summary: 
    +--------+----------+----------+------------+
    |  Clock |  Target  | Estimated| Uncertainty|
    +--------+----------+----------+------------+
    |ap_clk  |  10.00 ns|  6.409 ns|     2.70 ns|
    +--------+----------+----------+------------+

+ Latency: 
    * Summary: 
    +---------+---------+----------+----------+-----+-----+---------+
    |  Latency (cycles) |  Latency (absolute) |  Interval | Pipeline|
    |   min   |   max   |    min   |    max   | min | max |   Type  |
    +---------+---------+----------+----------+-----+-----+---------+
    |       14|       14|  0.140 us|  0.140 us|   14|   14|       no|
    +---------+---------+----------+----------+-----+-----+---------+

    + Detail: 
        * Instance: 
        N/A

        * Loop: 
        +--------------------+---------+---------+----------+-----------+-----------+------+----------+
        |                    |  Latency (cycles) | Iteration|  Initiation Interval  | Trip |          |
        |      Loop Name     |   min   |   max   |  Latency |  achieved |   target  | Count| Pipelined|
        +--------------------+---------+---------+----------+-----------+-----------+------+----------+
        |- VITIS_LOOP_157_7  |       12|       12|        10|          1|          1|     4|       yes|
        +--------------------+---------+---------+----------+-----------+-----------+------+----------+

============================================================
+ Verbose Summary: Synthesis Manager
============================================================
InlineROM: 1
ExposeGlobal: 0
============================================================
+ Verbose Summary: CDFG Model
============================================================
IsTopModel: 0
ResetActiveHigh: 1
IsCombinational: 2
IsDatapathOnly: 0
HasWiredReturn: 1
HasMFsm: 2
HasVarLatency: 1
IsPipeline: 0
IsRtlPipelined: 0
IsInstanceOverlapped: 0
IsDontTouch: 0
HasImplIP: 0
IsGatedGlobalClock: 0

+ Individual pipeline summary: 
  * Pipeline-0: initiation interval (II) = 1, depth = 10


============================================================
+ Verbose Summary: Schedule
============================================================
* Number of FSM states : 10
* Pipeline : 1
  Pipeline-0 : II = 1, D = 10, States = { 1 2 3 4 5 6 7 8 9 10 }
* Dataflow Pipeline: 0

* FSM state transitions: 
1 --> 2 
2 --> 3 
3 --> 4 
4 --> 5 
5 --> 6 
6 --> 7 
7 --> 8 
8 --> 9 
9 --> 10 
10 --> 

* FSM state operations: 

State 1 <SV = 0> <Delay = 1.52>
ST_1 : Operation 13 [1/1] (0.00ns)   --->   "%exp_sum = alloca i32 1" [/home/simics/HMoE/HLS_HMoE/pseudo_block/run_10/src/pseudo_moe.cpp:155]   --->   Operation 13 'alloca' 'exp_sum' <Predicate = true> <Delay = 0.00>
ST_1 : Operation 14 [1/1] (0.00ns)   --->   "%e = alloca i32 1" [/home/simics/HMoE/HLS_HMoE/pseudo_block/run_10/src/pseudo_moe.cpp:157]   --->   Operation 14 'alloca' 'e' <Predicate = true> <Delay = 0.00>
ST_1 : Operation 15 [1/1] (0.00ns)   --->   "%specinterface_ln0 = specinterface void @_ssdm_op_SpecInterface, i32 %exp_values, void @ap_fifo_str, i32 0, i32 0, void @p_str, i32 0, i32 0, void @p_str, void @p_str, void @p_str, i32 2, i32 2, i32 16, i32 16, void @p_str, void @p_str, i32 4294967295, i32 0"   --->   Operation 15 'specinterface' 'specinterface_ln0' <Predicate = true> <Delay = 0.00>
ST_1 : Operation 16 [1/1] (0.00ns)   --->   "%specinterface_ln0 = specinterface void @_ssdm_op_SpecInterface, i32 %logits, void @ap_fifo_str, i32 0, i32 0, void @p_str, i32 0, i32 0, void @p_str, void @p_str, void @p_str, i32 2, i32 2, i32 16, i32 16, void @p_str, void @p_str, i32 4294967295, i32 0"   --->   Operation 16 'specinterface' 'specinterface_ln0' <Predicate = true> <Delay = 0.00>
ST_1 : Operation 17 [1/1] (1.52ns)   --->   "%p_read_3 = read i32 @_ssdm_op_Read.ap_auto.float, i32 %p_read"   --->   Operation 17 'read' 'p_read_3' <Predicate = true> <Delay = 1.52> <CoreInst = "FIFO_SRL">   --->   Core 81 'FIFO_SRL' <Latency = 0> <II = 1> <Delay = 1.52> <Storage> <Opcode : 'read' 'write' 'nbread' 'nbwrite'> <Ports = 0> <Width = -1> <Depth = -1> <FIFO>
ST_1 : Operation 18 [1/1] (0.36ns)   --->   "%store_ln157 = store i3 0, i3 %e" [/home/simics/HMoE/HLS_HMoE/pseudo_block/run_10/src/pseudo_moe.cpp:157]   --->   Operation 18 'store' 'store_ln157' <Predicate = true> <Delay = 0.36>
ST_1 : Operation 20 [1/1] (0.00ns)   --->   "%br_ln0 = br void %for.cond71.i"   --->   Operation 20 'br' 'br_ln0' <Predicate = true> <Delay = 0.00>
ST_1 : Operation 21 [1/1] (0.00ns)   --->   "%e_2 = load i3 %e" [/home/simics/HMoE/HLS_HMoE/pseudo_block/run_10/src/pseudo_moe.cpp:157]   --->   Operation 21 'load' 'e_2' <Predicate = true> <Delay = 0.00>
ST_1 : Operation 22 [1/1] (0.52ns)   --->   "%icmp_ln157 = icmp_eq  i3 %e_2, i3 4" [/home/simics/HMoE/HLS_HMoE/pseudo_block/run_10/src/pseudo_moe.cpp:157]   --->   Operation 22 'icmp' 'icmp_ln157' <Predicate = true> <Delay = 0.52> <CoreInst = "Cmp">   --->   Core 9 'Cmp' <Latency = 0> <II = 1> <Delay = 0.52> <FuncUnit> <Opcode : 'icmp'> <InPorts = 2> <OutPorts = 1>
ST_1 : Operation 23 [1/1] (0.52ns)   --->   "%add_ln157 = add i3 %e_2, i3 1" [/home/simics/HMoE/HLS_HMoE/pseudo_block/run_10/src/pseudo_moe.cpp:157]   --->   Operation 23 'add' 'add_ln157' <Predicate = true> <Delay = 0.52> <CoreInst = "Adder">   --->   Core 1 'Adder' <Latency = 0> <II = 1> <Delay = 0.52> <FuncUnit> <Opcode : 'add' 'sub'> <InPorts = 2> <OutPorts = 1>
ST_1 : Operation 24 [1/1] (0.00ns)   --->   "%br_ln157 = br i1 %icmp_ln157, void %for.inc82.i, void %dataflow_in_loop_VITIS_LOOP_129_4.1_Loop_VITIS_LOOP_157_7_proc.exit" [/home/simics/HMoE/HLS_HMoE/pseudo_block/run_10/src/pseudo_moe.cpp:157]   --->   Operation 24 'br' 'br_ln157' <Predicate = true> <Delay = 0.00>
ST_1 : Operation 25 [1/1] (0.36ns)   --->   "%store_ln157 = store i3 %add_ln157, i3 %e" [/home/simics/HMoE/HLS_HMoE/pseudo_block/run_10/src/pseudo_moe.cpp:157]   --->   Operation 25 'store' 'store_ln157' <Predicate = (!icmp_ln157)> <Delay = 0.36>

State 2 <SV = 1> <Delay = 1.52>
ST_2 : Operation 26 [1/1] (1.52ns)   --->   "%logits_read = read i32 @_ssdm_op_Read.ap_fifo.volatile.floatP0A, i32 %logits" [/home/simics/HMoE/HLS_HMoE/pseudo_block/run_10/src/pseudo_moe.cpp:159]   --->   Operation 26 'read' 'logits_read' <Predicate = true> <Delay = 1.52> <CoreInst = "FIFO_SRL">   --->   Core 81 'FIFO_SRL' <Latency = 0> <II = 1> <Delay = 1.52> <Storage> <Opcode : 'read' 'write' 'nbread' 'nbwrite'> <Ports = 0> <Width = 32> <Depth = 4> <FIFO>

State 3 <SV = 2> <Delay = 6.04>
ST_3 : Operation 27 [2/2] (6.04ns)   --->   "%sub_i = fsub i32 %logits_read, i32 %p_read_3" [/home/simics/HMoE/HLS_HMoE/pseudo_block/run_10/src/pseudo_moe.cpp:159]   --->   Operation 27 'fsub' 'sub_i' <Predicate = true> <Delay = 6.04> <CoreInst = "FAddSub_fulldsp">   --->   Core 18 'FAddSub_fulldsp' <Latency = 1> <II = 1> <Delay = 6.04> <FuncUnit> <Opcode : 'fadd' 'fsub'> <InPorts = 2> <OutPorts = 1>

State 4 <SV = 3> <Delay = 6.04>
ST_4 : Operation 28 [1/2] (6.04ns)   --->   "%sub_i = fsub i32 %logits_read, i32 %p_read_3" [/home/simics/HMoE/HLS_HMoE/pseudo_block/run_10/src/pseudo_moe.cpp:159]   --->   Operation 28 'fsub' 'sub_i' <Predicate = true> <Delay = 6.04> <CoreInst = "FAddSub_fulldsp">   --->   Core 18 'FAddSub_fulldsp' <Latency = 1> <II = 1> <Delay = 6.04> <FuncUnit> <Opcode : 'fadd' 'fsub'> <InPorts = 2> <OutPorts = 1>

State 5 <SV = 4> <Delay = 6.28>
ST_5 : Operation 29 [4/4] (6.28ns)   --->   "%tmp_i = fexp i32 @llvm.exp.f32, i32 %sub_i" [/home/simics/HMoE/HLS_HMoE/pseudo_block/run_10/src/pseudo_moe.cpp:159]   --->   Operation 29 'fexp' 'tmp_i' <Predicate = true> <Delay = 6.28> <CoreInst = "FExp_fulldsp">   --->   Core 23 'FExp_fulldsp' <Latency = 3> <II = 1> <Delay = 6.28> <FuncUnit> <Opcode : 'fexp'> <InPorts = 1> <OutPorts = 1>

State 6 <SV = 5> <Delay = 6.28>
ST_6 : Operation 30 [3/4] (6.28ns)   --->   "%tmp_i = fexp i32 @llvm.exp.f32, i32 %sub_i" [/home/simics/HMoE/HLS_HMoE/pseudo_block/run_10/src/pseudo_moe.cpp:159]   --->   Operation 30 'fexp' 'tmp_i' <Predicate = true> <Delay = 6.28> <CoreInst = "FExp_fulldsp">   --->   Core 23 'FExp_fulldsp' <Latency = 3> <II = 1> <Delay = 6.28> <FuncUnit> <Opcode : 'fexp'> <InPorts = 1> <OutPorts = 1>

State 7 <SV = 6> <Delay = 6.28>
ST_7 : Operation 31 [2/4] (6.28ns)   --->   "%tmp_i = fexp i32 @llvm.exp.f32, i32 %sub_i" [/home/simics/HMoE/HLS_HMoE/pseudo_block/run_10/src/pseudo_moe.cpp:159]   --->   Operation 31 'fexp' 'tmp_i' <Predicate = true> <Delay = 6.28> <CoreInst = "FExp_fulldsp">   --->   Core 23 'FExp_fulldsp' <Latency = 3> <II = 1> <Delay = 6.28> <FuncUnit> <Opcode : 'fexp'> <InPorts = 1> <OutPorts = 1>

State 8 <SV = 7> <Delay = 6.28>
ST_8 : Operation 32 [1/4] (6.28ns)   --->   "%tmp_i = fexp i32 @llvm.exp.f32, i32 %sub_i" [/home/simics/HMoE/HLS_HMoE/pseudo_block/run_10/src/pseudo_moe.cpp:159]   --->   Operation 32 'fexp' 'tmp_i' <Predicate = true> <Delay = 6.28> <CoreInst = "FExp_fulldsp">   --->   Core 23 'FExp_fulldsp' <Latency = 3> <II = 1> <Delay = 6.28> <FuncUnit> <Opcode : 'fexp'> <InPorts = 1> <OutPorts = 1>

State 9 <SV = 8> <Delay = 6.40>
ST_9 : Operation 19 [1/1] (0.36ns)   --->   "%store_ln155 = store i32 0, i32 %exp_sum" [/home/simics/HMoE/HLS_HMoE/pseudo_block/run_10/src/pseudo_moe.cpp:155]   --->   Operation 19 'store' 'store_ln155' <Predicate = true> <Delay = 0.36>
ST_9 : Operation 33 [1/1] (0.00ns)   --->   "%exp_sum_load = load i32 %exp_sum" [/home/simics/HMoE/HLS_HMoE/pseudo_block/run_10/src/pseudo_moe.cpp:160]   --->   Operation 33 'load' 'exp_sum_load' <Predicate = true> <Delay = 0.00>
ST_9 : Operation 34 [1/1] (1.52ns)   --->   "%write_ln159 = write void @_ssdm_op_Write.ap_fifo.volatile.floatP0A, i32 %exp_values, i32 %tmp_i" [/home/simics/HMoE/HLS_HMoE/pseudo_block/run_10/src/pseudo_moe.cpp:159]   --->   Operation 34 'write' 'write_ln159' <Predicate = true> <Delay = 1.52> <CoreInst = "FIFO_SRL">   --->   Core 81 'FIFO_SRL' <Latency = 0> <II = 1> <Delay = 1.52> <Storage> <Opcode : 'read' 'write' 'nbread' 'nbwrite'> <Ports = 0> <Width = 32> <Depth = 4> <FIFO>
ST_9 : Operation 35 [2/2] (6.04ns)   --->   "%exp_sum_1 = fadd i32 %exp_sum_load, i32 %tmp_i" [/home/simics/HMoE/HLS_HMoE/pseudo_block/run_10/src/pseudo_moe.cpp:160]   --->   Operation 35 'fadd' 'exp_sum_1' <Predicate = true> <Delay = 6.04> <CoreInst = "FAddSub_fulldsp">   --->   Core 18 'FAddSub_fulldsp' <Latency = 1> <II = 1> <Delay = 6.04> <FuncUnit> <Opcode : 'fadd' 'fsub'> <InPorts = 2> <OutPorts = 1>
ST_9 : Operation 42 [1/1] (0.00ns)   --->   "%exp_sum_load_1 = load i32 %exp_sum"   --->   Operation 42 'load' 'exp_sum_load_1' <Predicate = (icmp_ln157)> <Delay = 0.00>
ST_9 : Operation 43 [1/1] (0.00ns)   --->   "%ret_ln0 = ret i32 %exp_sum_load_1"   --->   Operation 43 'ret' 'ret_ln0' <Predicate = (icmp_ln157)> <Delay = 0.00>

State 10 <SV = 9> <Delay = 6.40>
ST_10 : Operation 36 [1/1] (0.00ns)   --->   "%specpipeline_ln158 = specpipeline void @_ssdm_op_SpecPipeline, i32 1, i32 0, i32 0, i32 0, void @empty_30" [/home/simics/HMoE/HLS_HMoE/pseudo_block/run_10/src/pseudo_moe.cpp:158]   --->   Operation 36 'specpipeline' 'specpipeline_ln158' <Predicate = true> <Delay = 0.00>
ST_10 : Operation 37 [1/1] (0.00ns)   --->   "%speclooptripcount_ln159 = speclooptripcount void @_ssdm_op_SpecLoopTripCount, i64 4, i64 4, i64 4" [/home/simics/HMoE/HLS_HMoE/pseudo_block/run_10/src/pseudo_moe.cpp:159]   --->   Operation 37 'speclooptripcount' 'speclooptripcount_ln159' <Predicate = true> <Delay = 0.00>
ST_10 : Operation 38 [1/1] (0.00ns)   --->   "%specloopname_ln157 = specloopname void @_ssdm_op_SpecLoopName, void @empty_2" [/home/simics/HMoE/HLS_HMoE/pseudo_block/run_10/src/pseudo_moe.cpp:157]   --->   Operation 38 'specloopname' 'specloopname_ln157' <Predicate = true> <Delay = 0.00>
ST_10 : Operation 39 [1/2] (6.04ns)   --->   "%exp_sum_1 = fadd i32 %exp_sum_load, i32 %tmp_i" [/home/simics/HMoE/HLS_HMoE/pseudo_block/run_10/src/pseudo_moe.cpp:160]   --->   Operation 39 'fadd' 'exp_sum_1' <Predicate = true> <Delay = 6.04> <CoreInst = "FAddSub_fulldsp">   --->   Core 18 'FAddSub_fulldsp' <Latency = 1> <II = 1> <Delay = 6.04> <FuncUnit> <Opcode : 'fadd' 'fsub'> <InPorts = 2> <OutPorts = 1>
ST_10 : Operation 40 [1/1] (0.36ns)   --->   "%store_ln155 = store i32 %exp_sum_1, i32 %exp_sum" [/home/simics/HMoE/HLS_HMoE/pseudo_block/run_10/src/pseudo_moe.cpp:155]   --->   Operation 40 'store' 'store_ln155' <Predicate = true> <Delay = 0.36>
ST_10 : Operation 41 [1/1] (0.00ns)   --->   "%br_ln157 = br void %for.cond71.i" [/home/simics/HMoE/HLS_HMoE/pseudo_block/run_10/src/pseudo_moe.cpp:157]   --->   Operation 41 'br' 'br_ln157' <Predicate = true> <Delay = 0.00>


============================================================
+ Verbose Summary: Timing violations
============================================================
Target clock period: 10.000ns, clock uncertainty: 2.700ns.

 <State 1>: 1.520ns
The critical path consists of the following:
	wire read operation ('p_read_3') on port 'p_read' [8]  (1.520 ns)

 <State 2>: 1.520ns
The critical path consists of the following:
	fifo read operation ('logits_read', /home/simics/HMoE/HLS_HMoE/pseudo_block/run_10/src/pseudo_moe.cpp:159) on port 'logits' (/home/simics/HMoE/HLS_HMoE/pseudo_block/run_10/src/pseudo_moe.cpp:159) [22]  (1.520 ns)

 <State 3>: 6.047ns
The critical path consists of the following:
	'fsub' operation 32 bit ('sub_i', /home/simics/HMoE/HLS_HMoE/pseudo_block/run_10/src/pseudo_moe.cpp:159) [23]  (6.047 ns)

 <State 4>: 6.047ns
The critical path consists of the following:
	'fsub' operation 32 bit ('sub_i', /home/simics/HMoE/HLS_HMoE/pseudo_block/run_10/src/pseudo_moe.cpp:159) [23]  (6.047 ns)

 <State 5>: 6.282ns
The critical path consists of the following:
	'fexp' operation 32 bit ('tmp_i', /home/simics/HMoE/HLS_HMoE/pseudo_block/run_10/src/pseudo_moe.cpp:159) [24]  (6.282 ns)

 <State 6>: 6.282ns
The critical path consists of the following:
	'fexp' operation 32 bit ('tmp_i', /home/simics/HMoE/HLS_HMoE/pseudo_block/run_10/src/pseudo_moe.cpp:159) [24]  (6.282 ns)

 <State 7>: 6.282ns
The critical path consists of the following:
	'fexp' operation 32 bit ('tmp_i', /home/simics/HMoE/HLS_HMoE/pseudo_block/run_10/src/pseudo_moe.cpp:159) [24]  (6.282 ns)

 <State 8>: 6.282ns
The critical path consists of the following:
	'fexp' operation 32 bit ('tmp_i', /home/simics/HMoE/HLS_HMoE/pseudo_block/run_10/src/pseudo_moe.cpp:159) [24]  (6.282 ns)

 <State 9>: 6.409ns
The critical path consists of the following:
	'store' operation 0 bit ('store_ln155', /home/simics/HMoE/HLS_HMoE/pseudo_block/run_10/src/pseudo_moe.cpp:155) of constant 0 on local variable 'exp_sum', /home/simics/HMoE/HLS_HMoE/pseudo_block/run_10/src/pseudo_moe.cpp:155 [10]  (0.362 ns)
	'load' operation 32 bit ('exp_sum_load', /home/simics/HMoE/HLS_HMoE/pseudo_block/run_10/src/pseudo_moe.cpp:160) on local variable 'exp_sum', /home/simics/HMoE/HLS_HMoE/pseudo_block/run_10/src/pseudo_moe.cpp:155 [18]  (0.000 ns)
	'fadd' operation 32 bit ('exp_sum', /home/simics/HMoE/HLS_HMoE/pseudo_block/run_10/src/pseudo_moe.cpp:160) [26]  (6.047 ns)

 <State 10>: 6.409ns
The critical path consists of the following:
	'fadd' operation 32 bit ('exp_sum', /home/simics/HMoE/HLS_HMoE/pseudo_block/run_10/src/pseudo_moe.cpp:160) [26]  (6.047 ns)
	'store' operation 0 bit ('store_ln155', /home/simics/HMoE/HLS_HMoE/pseudo_block/run_10/src/pseudo_moe.cpp:155) of variable 'exp_sum', /home/simics/HMoE/HLS_HMoE/pseudo_block/run_10/src/pseudo_moe.cpp:160 on local variable 'exp_sum', /home/simics/HMoE/HLS_HMoE/pseudo_block/run_10/src/pseudo_moe.cpp:155 [28]  (0.362 ns)


============================================================
+ Verbose Summary: Binding
============================================================
N/A
* FSMD analyzer results:
  - Output states:
 - Input state : 
  - Chain level:
	State 1
	State 2
	State 3
	State 4
	State 5
	State 6
	State 7
	State 8
	State 9
	State 10


============================================================
+ Verbose Summary: Datapath Resource usage 
============================================================
N/A
