

================================================================
== Vitis HLS Report for 'dataflow_in_loop_VITIS_LOOP_129_4_1'
================================================================
* Date:           Sun Sep 20 21:00:08 2026

* Version:        2023.2 (Build 4023990 on Oct 11 2023)
* Project:        project
* Solution:       solution1 (Vivado IP Flow Target)
* Product family: virtexuplus
* Target device:  xcvu13p_CIV-figd2104-3-e


================================================================
== Performance Estimates
================================================================
+ Timing: 
    * Summary: 
    +--------+----------+----------+------------+
    |  Clock |  Target  | Estimated| Uncertainty|
    +--------+----------+----------+------------+
    |ap_clk  |  10.00 ns|  8.325 ns|     2.70 ns|
    +--------+----------+----------+------------+

+ Latency: 
    * Summary: 
    +---------+---------+-----------+-----------+------+------+----------+
    |  Latency (cycles) |   Latency (absolute)  |   Interval  | Pipeline |
    |   min   |   max   |    min    |    max    |  min |  max |   Type   |
    +---------+---------+-----------+-----------+------+------+----------+
    |     1446|     1446|  14.460 us|  14.460 us|  1293|  1293|  dataflow|
    +---------+---------+-----------+-----------+------+------+----------+

    + Detail: 
        * Instance: 
        N/A

        * Loop: 
        N/A

============================================================
+ Verbose Summary: Synthesis Manager
============================================================
InlineROM: 1
ExposeGlobal: 0
============================================================
+ Verbose Summary: CDFG Model
============================================================
IsTopModel: 0
ResetActiveHigh: 1
IsCombinational: 2
IsDatapathOnly: 0
HasWiredReturn: 1
HasMFsm: 0
HasVarLatency: 1
IsPipeline: 0
IsRtlPipelined: 0
IsInstanceOverlapped: 0
IsDontTouch: 0
HasImplIP: 0
IsGatedGlobalClock: 0


============================================================
+ Verbose Summary: Schedule
============================================================
* Number of FSM states : 10
* Pipeline : 0
* Dataflow Pipeline: 1
  DF-Pipeline-0: Size = 10, States = { 1 2 3 4 5 6 7 8 9 10 }

* FSM state transitions: 
1 --> 2 
2 --> 3 
3 --> 4 
4 --> 5 
5 --> 6 
6 --> 7 
7 --> 8 
8 --> 9 
9 --> 10 
10 --> 

* FSM state operations: 

State 1 <SV = 0> <Delay = 7.30>
ST_1 : Operation 11 [1/1] (0.00ns)   --->   "%output_r_read = read i64 @_ssdm_op_Read.ap_auto.i64, i64 %output_r"   --->   Operation 11 'read' 'output_r_read' <Predicate = true> <Delay = 0.00>
ST_1 : Operation 12 [1/1] (0.00ns)   --->   "%gates_out_read = read i64 @_ssdm_op_Read.ap_auto.i64, i64 %gates_out"   --->   Operation 12 'read' 'gates_out_read' <Predicate = true> <Delay = 0.00>
ST_1 : Operation 13 [1/1] (0.00ns)   --->   "%n_1_read = read i4 @_ssdm_op_Read.ap_auto.i4, i4 %n_1"   --->   Operation 13 'read' 'n_1_read' <Predicate = true> <Delay = 0.00>
ST_1 : Operation 14 [1/1] (0.00ns)   --->   "%b_gate_read = read i64 @_ssdm_op_Read.ap_auto.i64, i64 %b_gate"   --->   Operation 14 'read' 'b_gate_read' <Predicate = true> <Delay = 0.00>
ST_1 : Operation 15 [1/1] (0.00ns)   --->   "%w_gate_read = read i64 @_ssdm_op_Read.ap_auto.i64, i64 %w_gate"   --->   Operation 15 'read' 'w_gate_read' <Predicate = true> <Delay = 0.00>
ST_1 : Operation 16 [1/1] (0.00ns)   --->   "%output_r_c = alloca i64 1"   --->   Operation 16 'alloca' 'output_r_c' <Predicate = true> <Delay = 0.00> <CoreInst = "FIFO_SRL">   --->   Core 81 'FIFO_SRL' <Latency = 0> <II = 1> <Delay = 1.50> <Storage> <Opcode : 'read' 'write' 'nbread' 'nbwrite'> <Ports = 0> <Width = 64> <Depth = 6> <FIFO>
ST_1 : Operation 17 [1/1] (0.00ns)   --->   "%gates_out_c = alloca i64 1"   --->   Operation 17 'alloca' 'gates_out_c' <Predicate = true> <Delay = 0.00> <CoreInst = "FIFO_SRL">   --->   Core 81 'FIFO_SRL' <Latency = 0> <II = 1> <Delay = 1.52> <Storage> <Opcode : 'read' 'write' 'nbread' 'nbwrite'> <Ports = 0> <Width = 64> <Depth = 4> <FIFO>
ST_1 : Operation 18 [1/1] (0.00ns)   --->   "%n_1_c1 = alloca i64 1"   --->   Operation 18 'alloca' 'n_1_c1' <Predicate = true> <Delay = 0.00> <CoreInst = "FIFO_SRL">   --->   Core 81 'FIFO_SRL' <Latency = 0> <II = 1> <Delay = 1.52> <Storage> <Opcode : 'read' 'write' 'nbread' 'nbwrite'> <Ports = 0> <Width = 4> <Depth = 3> <FIFO>
ST_1 : Operation 19 [1/1] (0.00ns)   --->   "%acc_out = alloca i64 1" [/home/simics/HMoE/HLS_HMoE/pseudo_block/run_10/src/pseudo_moe.cpp:135->/home/simics/HMoE/HLS_HMoE/pseudo_block/run_10/src/pseudo_moe.cpp:178]   --->   Operation 19 'alloca' 'acc_out' <Predicate = true> <Delay = 0.00>
ST_1 : Operation 20 [1/1] (0.00ns)   --->   "%gates = alloca i64 1" [/home/simics/HMoE/HLS_HMoE/pseudo_block/run_10/src/pseudo_moe.cpp:133->/home/simics/HMoE/HLS_HMoE/pseudo_block/run_10/src/pseudo_moe.cpp:178]   --->   Operation 20 'alloca' 'gates' <Predicate = true> <Delay = 0.00> <CoreInst = "FIFO_SRL">   --->   Core 81 'FIFO_SRL' <Latency = 0> <II = 1> <Delay = 1.52> <Storage> <Opcode : 'read' 'write' 'nbread' 'nbwrite'> <Ports = 0> <Width = 32> <Depth = 4> <FIFO>
ST_1 : Operation 21 [1/1] (0.00ns)   --->   "%exp_values = alloca i64 1" [/home/simics/HMoE/HLS_HMoE/pseudo_block/run_10/src/pseudo_moe.cpp:132->/home/simics/HMoE/HLS_HMoE/pseudo_block/run_10/src/pseudo_moe.cpp:178]   --->   Operation 21 'alloca' 'exp_values' <Predicate = true> <Delay = 0.00> <CoreInst = "FIFO_SRL">   --->   Core 81 'FIFO_SRL' <Latency = 0> <II = 1> <Delay = 1.52> <Storage> <Opcode : 'read' 'write' 'nbread' 'nbwrite'> <Ports = 0> <Width = 32> <Depth = 4> <FIFO>
ST_1 : Operation 22 [1/1] (0.00ns)   --->   "%logits_i_channel = alloca i64 1"   --->   Operation 22 'alloca' 'logits_i_channel' <Predicate = true> <Delay = 0.00> <CoreInst = "FIFO_SRL">   --->   Core 81 'FIFO_SRL' <Latency = 0> <II = 1> <Delay = 1.52> <Storage> <Opcode : 'read' 'write' 'nbread' 'nbwrite'> <Ports = 0> <Width = 32> <Depth = 4> <FIFO>
ST_1 : Operation 23 [1/1] (1.52ns)   --->   "%call_ln0 = call void @entry_proc, i64 %gates_out_read, i64 %gates_out_c, i64 %output_r_read, i64 %output_r_c"   --->   Operation 23 'call' 'call_ln0' <Predicate = true> <Delay = 1.52> <CoreType = "Generic">   --->   Core 0 '' <Latency = 0> <II = 1> <Delay = 1.00> <Generic> <Opcode : >
ST_1 : Operation 24 [2/2] (7.30ns)   --->   "%max_logit_loc_i_channel2 = call i32 @dataflow_in_loop_VITIS_LOOP_129_4.1_Loop_VITIS_LOOP_140_5_proc9, i4 %n_1_read, i64 %w_gate_read, i32 %gmem1, i64 %b_gate_read, i32 %gmem2, i32 %input_local, i32 %input_local_1, i32 %input_local_2, i32 %input_local_3, i32 %input_local_4, i32 %input_local_5, i32 %input_local_6, i32 %input_local_7, i32 %input_local_8, i32 %input_local_9, i32 %input_local_10, i32 %input_local_11, i32 %input_local_12, i32 %input_local_13, i32 %input_local_14, i32 %input_local_15, i32 %logits_i_channel, i4 %n_1_c1"   --->   Operation 24 'call' 'max_logit_loc_i_channel2' <Predicate = true> <Delay = 7.30> <CoreInst = "FIFO_SRL">   --->   Core 81 'FIFO_SRL' <Latency = 0> <II = 1> <Delay = 1.52> <Storage> <Opcode : 'read' 'write' 'nbread' 'nbwrite'> <Ports = 0> <Width = 32> <Depth = 2> <FIFO>

State 2 <SV = 1> <Delay = 0.00>
ST_2 : Operation 25 [1/2] (0.00ns)   --->   "%max_logit_loc_i_channel2 = call i32 @dataflow_in_loop_VITIS_LOOP_129_4.1_Loop_VITIS_LOOP_140_5_proc9, i4 %n_1_read, i64 %w_gate_read, i32 %gmem1, i64 %b_gate_read, i32 %gmem2, i32 %input_local, i32 %input_local_1, i32 %input_local_2, i32 %input_local_3, i32 %input_local_4, i32 %input_local_5, i32 %input_local_6, i32 %input_local_7, i32 %input_local_8, i32 %input_local_9, i32 %input_local_10, i32 %input_local_11, i32 %input_local_12, i32 %input_local_13, i32 %input_local_14, i32 %input_local_15, i32 %logits_i_channel, i4 %n_1_c1"   --->   Operation 25 'call' 'max_logit_loc_i_channel2' <Predicate = true> <Delay = 0.00> <CoreInst = "FIFO_SRL">   --->   Core 81 'FIFO_SRL' <Latency = 0> <II = 1> <Delay = 1.52> <Storage> <Opcode : 'read' 'write' 'nbread' 'nbwrite'> <Ports = 0> <Width = 32> <Depth = 2> <FIFO>

State 3 <SV = 2> <Delay = 1.52>
ST_3 : Operation 26 [2/2] (1.52ns)   --->   "%exp_sum_loc_i_channel = call i32 @dataflow_in_loop_VITIS_LOOP_129_4.1_Loop_VITIS_LOOP_157_7_proc10, i32 %logits_i_channel, i32 %max_logit_loc_i_channel2, i32 %exp_values"   --->   Operation 26 'call' 'exp_sum_loc_i_channel' <Predicate = true> <Delay = 1.52> <CoreInst = "FIFO_SRL">   --->   Core 81 'FIFO_SRL' <Latency = 0> <II = 1> <Delay = 1.52> <Storage> <Opcode : 'read' 'write' 'nbread' 'nbwrite'> <Ports = 0> <Width = 32> <Depth = 2> <FIFO>

State 4 <SV = 3> <Delay = 0.36>
ST_4 : Operation 27 [1/2] (0.36ns)   --->   "%exp_sum_loc_i_channel = call i32 @dataflow_in_loop_VITIS_LOOP_129_4.1_Loop_VITIS_LOOP_157_7_proc10, i32 %logits_i_channel, i32 %max_logit_loc_i_channel2, i32 %exp_values"   --->   Operation 27 'call' 'exp_sum_loc_i_channel' <Predicate = true> <Delay = 0.36> <CoreInst = "FIFO_SRL">   --->   Core 81 'FIFO_SRL' <Latency = 0> <II = 1> <Delay = 1.52> <Storage> <Opcode : 'read' 'write' 'nbread' 'nbwrite'> <Ports = 0> <Width = 32> <Depth = 2> <FIFO>

State 5 <SV = 4> <Delay = 1.52>
ST_5 : Operation 28 [2/2] (1.52ns)   --->   "%call_ln0 = call void @dataflow_in_loop_VITIS_LOOP_129_4.1_Loop_VITIS_LOOP_163_8_proc11, i4 %n_1_c1, i64 %gates_out_c, i32 %gmem11, i32 %exp_values, i32 %exp_sum_loc_i_channel, i32 %gates"   --->   Operation 28 'call' 'call_ln0' <Predicate = true> <Delay = 1.52> <CoreType = "Generic">   --->   Core 0 '' <Latency = 0> <II = 1> <Delay = 1.00> <Generic> <Opcode : >

State 6 <SV = 5> <Delay = 0.00>
ST_6 : Operation 29 [1/2] (0.00ns)   --->   "%call_ln0 = call void @dataflow_in_loop_VITIS_LOOP_129_4.1_Loop_VITIS_LOOP_163_8_proc11, i4 %n_1_c1, i64 %gates_out_c, i32 %gmem11, i32 %exp_values, i32 %exp_sum_loc_i_channel, i32 %gates"   --->   Operation 29 'call' 'call_ln0' <Predicate = true> <Delay = 0.00> <CoreType = "Generic">   --->   Core 0 '' <Latency = 0> <II = 1> <Delay = 1.00> <Generic> <Opcode : >

State 7 <SV = 6> <Delay = 7.30>
ST_7 : Operation 30 [1/1] (0.00ns)   --->   "%b3_read = read i64 @_ssdm_op_Read.ap_auto.i64, i64 %b3"   --->   Operation 30 'read' 'b3_read' <Predicate = true> <Delay = 0.00>
ST_7 : Operation 31 [1/1] (0.00ns)   --->   "%b2_read = read i64 @_ssdm_op_Read.ap_auto.i64, i64 %b2"   --->   Operation 31 'read' 'b2_read' <Predicate = true> <Delay = 0.00>
ST_7 : Operation 32 [1/1] (0.00ns)   --->   "%b1_read = read i64 @_ssdm_op_Read.ap_auto.i64, i64 %b1"   --->   Operation 32 'read' 'b1_read' <Predicate = true> <Delay = 0.00>
ST_7 : Operation 33 [1/1] (0.00ns)   --->   "%b0_read = read i64 @_ssdm_op_Read.ap_auto.i64, i64 %b0"   --->   Operation 33 'read' 'b0_read' <Predicate = true> <Delay = 0.00>
ST_7 : Operation 34 [2/2] (7.30ns)   --->   "%n_1_c_channel1 = call i4 @dataflow_in_loop_VITIS_LOOP_129_4.1_Loop_VITIS_LOOP_170_9_proc712, i32 %acc_out, i32 %input_local, i4 %n_1_read, i32 %input_local_1, i32 %input_local_2, i32 %input_local_3, i32 %input_local_4, i32 %input_local_5, i32 %input_local_6, i32 %input_local_7, i32 %input_local_8, i32 %input_local_9, i32 %input_local_10, i32 %input_local_11, i32 %input_local_12, i32 %input_local_13, i32 %input_local_14, i32 %input_local_15, i32 %w0_local, i32 %w0_local_1, i32 %w0_local_2, i32 %w0_local_3, i32 %w0_local_4, i32 %w0_local_5, i32 %w0_local_6, i32 %w0_local_7, i32 %w0_local_8, i32 %w0_local_9, i32 %w0_local_10, i32 %w0_local_11, i32 %w0_local_12, i32 %w0_local_13, i32 %w0_local_14, i32 %w0_local_15, i32 %gmem4, i64 %b0_read, i32 %w1_local, i32 %w1_local_1, i32 %w1_local_2, i32 %w1_local_3, i32 %w1_local_4, i32 %w1_local_5, i32 %w1_local_6, i32 %w1_local_7, i32 %w1_local_8, i32 %w1_local_9, i32 %w1_local_10, i32 %w1_local_11, i32 %w1_local_12, i32 %w1_local_13, i32 %w1_local_14, i32 %w1_local_15, i32 %gmem6, i64 %b1_read, i32 %w2_local, i32 %w2_local_1, i32 %w2_local_2, i32 %w2_local_3, i32 %w2_local_4, i32 %w2_local_5, i32 %w2_local_6, i32 %w2_local_7, i32 %w2_local_8, i32 %w2_local_9, i32 %w2_local_10, i32 %w2_local_11, i32 %w2_local_12, i32 %w2_local_13, i32 %w2_local_14, i32 %w2_local_15, i32 %gmem8, i64 %b2_read, i32 %w3_local, i32 %w3_local_1, i32 %w3_local_2, i32 %w3_local_3, i32 %w3_local_4, i32 %w3_local_5, i32 %w3_local_6, i32 %w3_local_7, i32 %w3_local_8, i32 %w3_local_9, i32 %w3_local_10, i32 %w3_local_11, i32 %w3_local_12, i32 %w3_local_13, i32 %w3_local_14, i32 %w3_local_15, i32 %gmem10, i64 %b3_read, i32 %gates"   --->   Operation 34 'call' 'n_1_c_channel1' <Predicate = true> <Delay = 7.30> <CoreInst = "FIFO_SRL">   --->   Core 81 'FIFO_SRL' <Latency = 0> <II = 1> <Delay = 1.52> <Storage> <Opcode : 'read' 'write' 'nbread' 'nbwrite'> <Ports = 0> <Width = 4> <Depth = 2> <FIFO>

State 8 <SV = 7> <Delay = 0.00>
ST_8 : Operation 35 [1/2] (0.00ns)   --->   "%n_1_c_channel1 = call i4 @dataflow_in_loop_VITIS_LOOP_129_4.1_Loop_VITIS_LOOP_170_9_proc712, i32 %acc_out, i32 %input_local, i4 %n_1_read, i32 %input_local_1, i32 %input_local_2, i32 %input_local_3, i32 %input_local_4, i32 %input_local_5, i32 %input_local_6, i32 %input_local_7, i32 %input_local_8, i32 %input_local_9, i32 %input_local_10, i32 %input_local_11, i32 %input_local_12, i32 %input_local_13, i32 %input_local_14, i32 %input_local_15, i32 %w0_local, i32 %w0_local_1, i32 %w0_local_2, i32 %w0_local_3, i32 %w0_local_4, i32 %w0_local_5, i32 %w0_local_6, i32 %w0_local_7, i32 %w0_local_8, i32 %w0_local_9, i32 %w0_local_10, i32 %w0_local_11, i32 %w0_local_12, i32 %w0_local_13, i32 %w0_local_14, i32 %w0_local_15, i32 %gmem4, i64 %b0_read, i32 %w1_local, i32 %w1_local_1, i32 %w1_local_2, i32 %w1_local_3, i32 %w1_local_4, i32 %w1_local_5, i32 %w1_local_6, i32 %w1_local_7, i32 %w1_local_8, i32 %w1_local_9, i32 %w1_local_10, i32 %w1_local_11, i32 %w1_local_12, i32 %w1_local_13, i32 %w1_local_14, i32 %w1_local_15, i32 %gmem6, i64 %b1_read, i32 %w2_local, i32 %w2_local_1, i32 %w2_local_2, i32 %w2_local_3, i32 %w2_local_4, i32 %w2_local_5, i32 %w2_local_6, i32 %w2_local_7, i32 %w2_local_8, i32 %w2_local_9, i32 %w2_local_10, i32 %w2_local_11, i32 %w2_local_12, i32 %w2_local_13, i32 %w2_local_14, i32 %w2_local_15, i32 %gmem8, i64 %b2_read, i32 %w3_local, i32 %w3_local_1, i32 %w3_local_2, i32 %w3_local_3, i32 %w3_local_4, i32 %w3_local_5, i32 %w3_local_6, i32 %w3_local_7, i32 %w3_local_8, i32 %w3_local_9, i32 %w3_local_10, i32 %w3_local_11, i32 %w3_local_12, i32 %w3_local_13, i32 %w3_local_14, i32 %w3_local_15, i32 %gmem10, i64 %b3_read, i32 %gates"   --->   Operation 35 'call' 'n_1_c_channel1' <Predicate = true> <Delay = 0.00> <CoreInst = "FIFO_SRL">   --->   Core 81 'FIFO_SRL' <Latency = 0> <II = 1> <Delay = 1.52> <Storage> <Opcode : 'read' 'write' 'nbread' 'nbwrite'> <Ports = 0> <Width = 4> <Depth = 2> <FIFO>

State 9 <SV = 8> <Delay = 1.52>
ST_9 : Operation 36 [2/2] (1.52ns)   --->   "%call_ln0 = call void @dataflow_in_loop_VITIS_LOOP_129_4.1_Loop_VITIS_LOOP_196_11_proc13, i4 %n_1_c_channel1, i64 %output_r_c, i32 %gmem12, i32 %acc_out"   --->   Operation 36 'call' 'call_ln0' <Predicate = true> <Delay = 1.52> <CoreType = "Generic">   --->   Core 0 '' <Latency = 0> <II = 1> <Delay = 1.00> <Generic> <Opcode : >

State 10 <SV = 9> <Delay = 0.00>
ST_10 : Operation 37 [1/1] (0.00ns)   --->   "%specshared_ln0 = specshared void @_ssdm_op_SpecShared, i32 %input_local_15, void @p_str"   --->   Operation 37 'specshared' 'specshared_ln0' <Predicate = true> <Delay = 0.00>
ST_10 : Operation 38 [1/1] (0.00ns)   --->   "%specshared_ln0 = specshared void @_ssdm_op_SpecShared, i32 %input_local_14, void @p_str"   --->   Operation 38 'specshared' 'specshared_ln0' <Predicate = true> <Delay = 0.00>
ST_10 : Operation 39 [1/1] (0.00ns)   --->   "%specshared_ln0 = specshared void @_ssdm_op_SpecShared, i32 %input_local_13, void @p_str"   --->   Operation 39 'specshared' 'specshared_ln0' <Predicate = true> <Delay = 0.00>
ST_10 : Operation 40 [1/1] (0.00ns)   --->   "%specshared_ln0 = specshared void @_ssdm_op_SpecShared, i32 %input_local_12, void @p_str"   --->   Operation 40 'specshared' 'specshared_ln0' <Predicate = true> <Delay = 0.00>
ST_10 : Operation 41 [1/1] (0.00ns)   --->   "%specshared_ln0 = specshared void @_ssdm_op_SpecShared, i32 %input_local_11, void @p_str"   --->   Operation 41 'specshared' 'specshared_ln0' <Predicate = true> <Delay = 0.00>
ST_10 : Operation 42 [1/1] (0.00ns)   --->   "%specshared_ln0 = specshared void @_ssdm_op_SpecShared, i32 %input_local_10, void @p_str"   --->   Operation 42 'specshared' 'specshared_ln0' <Predicate = true> <Delay = 0.00>
ST_10 : Operation 43 [1/1] (0.00ns)   --->   "%specshared_ln0 = specshared void @_ssdm_op_SpecShared, i32 %input_local_9, void @p_str"   --->   Operation 43 'specshared' 'specshared_ln0' <Predicate = true> <Delay = 0.00>
ST_10 : Operation 44 [1/1] (0.00ns)   --->   "%specshared_ln0 = specshared void @_ssdm_op_SpecShared, i32 %input_local_8, void @p_str"   --->   Operation 44 'specshared' 'specshared_ln0' <Predicate = true> <Delay = 0.00>
ST_10 : Operation 45 [1/1] (0.00ns)   --->   "%specshared_ln0 = specshared void @_ssdm_op_SpecShared, i32 %input_local_7, void @p_str"   --->   Operation 45 'specshared' 'specshared_ln0' <Predicate = true> <Delay = 0.00>
ST_10 : Operation 46 [1/1] (0.00ns)   --->   "%specshared_ln0 = specshared void @_ssdm_op_SpecShared, i32 %input_local_6, void @p_str"   --->   Operation 46 'specshared' 'specshared_ln0' <Predicate = true> <Delay = 0.00>
ST_10 : Operation 47 [1/1] (0.00ns)   --->   "%specshared_ln0 = specshared void @_ssdm_op_SpecShared, i32 %input_local_5, void @p_str"   --->   Operation 47 'specshared' 'specshared_ln0' <Predicate = true> <Delay = 0.00>
ST_10 : Operation 48 [1/1] (0.00ns)   --->   "%specshared_ln0 = specshared void @_ssdm_op_SpecShared, i32 %input_local_4, void @p_str"   --->   Operation 48 'specshared' 'specshared_ln0' <Predicate = true> <Delay = 0.00>
ST_10 : Operation 49 [1/1] (0.00ns)   --->   "%specshared_ln0 = specshared void @_ssdm_op_SpecShared, i32 %input_local_3, void @p_str"   --->   Operation 49 'specshared' 'specshared_ln0' <Predicate = true> <Delay = 0.00>
ST_10 : Operation 50 [1/1] (0.00ns)   --->   "%specshared_ln0 = specshared void @_ssdm_op_SpecShared, i32 %input_local_2, void @p_str"   --->   Operation 50 'specshared' 'specshared_ln0' <Predicate = true> <Delay = 0.00>
ST_10 : Operation 51 [1/1] (0.00ns)   --->   "%specshared_ln0 = specshared void @_ssdm_op_SpecShared, i32 %input_local_1, void @p_str"   --->   Operation 51 'specshared' 'specshared_ln0' <Predicate = true> <Delay = 0.00>
ST_10 : Operation 52 [1/1] (0.00ns)   --->   "%specshared_ln0 = specshared void @_ssdm_op_SpecShared, i32 %input_local, void @p_str"   --->   Operation 52 'specshared' 'specshared_ln0' <Predicate = true> <Delay = 0.00>
ST_10 : Operation 53 [1/1] (0.00ns)   --->   "%empty = specchannel i32 @_ssdm_op_SpecChannel, void @output_r_c_str, i32 1, void @p_str, void @p_str, i32 6, i32 0, i64 %output_r_c, i64 %output_r_c"   --->   Operation 53 'specchannel' 'empty' <Predicate = true> <Delay = 0.00>
ST_10 : Operation 54 [1/1] (0.00ns)   --->   "%specinterface_ln0 = specinterface void @_ssdm_op_SpecInterface, i64 %output_r_c, void @ap_fifo_str, i32 0, i32 0, void @p_str, i32 0, i32 0, void @p_str, void @p_str, void @p_str, i32 2, i32 2, i32 16, i32 16, void @p_str, void @p_str, i32 4294967295, i32 0"   --->   Operation 54 'specinterface' 'specinterface_ln0' <Predicate = true> <Delay = 0.00>
ST_10 : Operation 55 [1/1] (0.00ns)   --->   "%empty_64 = specchannel i32 @_ssdm_op_SpecChannel, void @gates_out_c_str, i32 1, void @p_str, void @p_str, i32 4, i32 0, i64 %gates_out_c, i64 %gates_out_c"   --->   Operation 55 'specchannel' 'empty_64' <Predicate = true> <Delay = 0.00>
ST_10 : Operation 56 [1/1] (0.00ns)   --->   "%specinterface_ln0 = specinterface void @_ssdm_op_SpecInterface, i64 %gates_out_c, void @ap_fifo_str, i32 0, i32 0, void @p_str, i32 0, i32 0, void @p_str, void @p_str, void @p_str, i32 2, i32 2, i32 16, i32 16, void @p_str, void @p_str, i32 4294967295, i32 0"   --->   Operation 56 'specinterface' 'specinterface_ln0' <Predicate = true> <Delay = 0.00>
ST_10 : Operation 57 [1/1] (0.00ns)   --->   "%empty_65 = specchannel i32 @_ssdm_op_SpecChannel, void @n_OC_1_c1_str, i32 1, void @p_str, void @p_str, i32 3, i32 0, i4 %n_1_c1, i4 %n_1_c1"   --->   Operation 57 'specchannel' 'empty_65' <Predicate = true> <Delay = 0.00>
ST_10 : Operation 58 [1/1] (0.00ns)   --->   "%specinterface_ln0 = specinterface void @_ssdm_op_SpecInterface, i4 %n_1_c1, void @ap_fifo_str, i32 0, i32 0, void @p_str, i32 0, i32 0, void @p_str, void @p_str, void @p_str, i32 2, i32 2, i32 16, i32 16, void @p_str, void @p_str, i32 4294967295, i32 0"   --->   Operation 58 'specinterface' 'specinterface_ln0' <Predicate = true> <Delay = 0.00>
ST_10 : Operation 59 [1/1] (0.00ns)   --->   "%specdataflowpipeline_ln0 = specdataflowpipeline void @_ssdm_op_SpecDataflowPipeline, i32 4294967295, i32 0, void @empty_30"   --->   Operation 59 'specdataflowpipeline' 'specdataflowpipeline_ln0' <Predicate = true> <Delay = 0.00>
ST_10 : Operation 60 [1/1] (0.00ns)   --->   "%empty_66 = specchannel i32 @_ssdm_op_SpecChannel, void @gates_OC_i_OC_channel_str, i32 1, void @p_str, void @p_str, i32 4, i32 4, i32 %gates, i32 %gates"   --->   Operation 60 'specchannel' 'empty_66' <Predicate = true> <Delay = 0.00>
ST_10 : Operation 61 [1/1] (0.00ns)   --->   "%specinterface_ln0 = specinterface void @_ssdm_op_SpecInterface, i32 %gates, void @ap_fifo_str, i32 0, i32 0, void @p_str, i32 0, i32 0, void @p_str, void @p_str, void @p_str, i32 2, i32 2, i32 16, i32 16, void @p_str, void @p_str, i32 4294967295, i32 0"   --->   Operation 61 'specinterface' 'specinterface_ln0' <Predicate = true> <Delay = 0.00>
ST_10 : Operation 62 [1/1] (0.00ns)   --->   "%empty_67 = specchannel i32 @_ssdm_op_SpecChannel, void @exp_values_OC_i_OC_channel_str, i32 1, void @p_str, void @p_str, i32 4, i32 4, i32 %exp_values, i32 %exp_values"   --->   Operation 62 'specchannel' 'empty_67' <Predicate = true> <Delay = 0.00>
ST_10 : Operation 63 [1/1] (0.00ns)   --->   "%specinterface_ln0 = specinterface void @_ssdm_op_SpecInterface, i32 %exp_values, void @ap_fifo_str, i32 0, i32 0, void @p_str, i32 0, i32 0, void @p_str, void @p_str, void @p_str, i32 2, i32 2, i32 16, i32 16, void @p_str, void @p_str, i32 4294967295, i32 0"   --->   Operation 63 'specinterface' 'specinterface_ln0' <Predicate = true> <Delay = 0.00>
ST_10 : Operation 64 [1/1] (0.00ns)   --->   "%empty_68 = specchannel i32 @_ssdm_op_SpecChannel, void @logits_OC_i_OC_channel_str, i32 1, void @p_str, void @p_str, i32 4, i32 4, i32 %logits_i_channel, i32 %logits_i_channel"   --->   Operation 64 'specchannel' 'empty_68' <Predicate = true> <Delay = 0.00>
ST_10 : Operation 65 [1/1] (0.00ns)   --->   "%specinterface_ln0 = specinterface void @_ssdm_op_SpecInterface, i32 %logits_i_channel, void @ap_fifo_str, i32 0, i32 0, void @p_str, i32 0, i32 0, void @p_str, void @p_str, void @p_str, i32 2, i32 2, i32 16, i32 16, void @p_str, void @p_str, i32 4294967295, i32 0"   --->   Operation 65 'specinterface' 'specinterface_ln0' <Predicate = true> <Delay = 0.00>
ST_10 : Operation 66 [1/1] (0.00ns)   --->   "%specinterface_ln0 = specinterface void @_ssdm_op_SpecInterface, i32 %gmem12, void @empty_16, i32 0, i32 0, void @empty_30, i32 0, i32 0, void @empty, void @empty_38, void @empty_30, i32 16, i32 16, i32 16, i32 16, void @empty_30, void @empty_30, i32 4294967295, i32 0"   --->   Operation 66 'specinterface' 'specinterface_ln0' <Predicate = true> <Delay = 0.00>
ST_10 : Operation 67 [1/1] (0.00ns)   --->   "%specinterface_ln0 = specinterface void @_ssdm_op_SpecInterface, i32 %gmem11, void @empty_16, i32 0, i32 0, void @empty_30, i32 0, i32 0, void @empty_8, void @empty_38, void @empty_30, i32 16, i32 16, i32 16, i32 16, void @empty_30, void @empty_30, i32 4294967295, i32 0"   --->   Operation 67 'specinterface' 'specinterface_ln0' <Predicate = true> <Delay = 0.00>
ST_10 : Operation 68 [1/1] (0.00ns)   --->   "%specinterface_ln0 = specinterface void @_ssdm_op_SpecInterface, i32 %gmem10, void @empty_16, i32 0, i32 0, void @empty_30, i32 0, i32 0, void @empty_7, void @empty_38, void @empty_30, i32 16, i32 16, i32 16, i32 16, void @empty_30, void @empty_30, i32 4294967295, i32 0"   --->   Operation 68 'specinterface' 'specinterface_ln0' <Predicate = true> <Delay = 0.00>
ST_10 : Operation 69 [1/1] (0.00ns)   --->   "%specinterface_ln0 = specinterface void @_ssdm_op_SpecInterface, i32 %gmem8, void @empty_16, i32 0, i32 0, void @empty_30, i32 0, i32 0, void @empty_6, void @empty_38, void @empty_30, i32 16, i32 16, i32 16, i32 16, void @empty_30, void @empty_30, i32 4294967295, i32 0"   --->   Operation 69 'specinterface' 'specinterface_ln0' <Predicate = true> <Delay = 0.00>
ST_10 : Operation 70 [1/1] (0.00ns)   --->   "%specinterface_ln0 = specinterface void @_ssdm_op_SpecInterface, i32 %gmem6, void @empty_16, i32 0, i32 0, void @empty_30, i32 0, i32 0, void @empty_5, void @empty_38, void @empty_30, i32 16, i32 16, i32 16, i32 16, void @empty_30, void @empty_30, i32 4294967295, i32 0"   --->   Operation 70 'specinterface' 'specinterface_ln0' <Predicate = true> <Delay = 0.00>
ST_10 : Operation 71 [1/1] (0.00ns)   --->   "%specinterface_ln0 = specinterface void @_ssdm_op_SpecInterface, i32 %gmem4, void @empty_16, i32 0, i32 0, void @empty_30, i32 0, i32 0, void @empty_17, void @empty_38, void @empty_30, i32 16, i32 16, i32 16, i32 16, void @empty_30, void @empty_30, i32 4294967295, i32 0"   --->   Operation 71 'specinterface' 'specinterface_ln0' <Predicate = true> <Delay = 0.00>
ST_10 : Operation 72 [1/1] (0.00ns)   --->   "%specinterface_ln0 = specinterface void @_ssdm_op_SpecInterface, i32 %gmem2, void @empty_16, i32 0, i32 0, void @empty_30, i32 0, i32 0, void @empty_4, void @empty_38, void @empty_30, i32 16, i32 16, i32 16, i32 16, void @empty_30, void @empty_30, i32 4294967295, i32 0"   --->   Operation 72 'specinterface' 'specinterface_ln0' <Predicate = true> <Delay = 0.00>
ST_10 : Operation 73 [1/1] (0.00ns)   --->   "%specinterface_ln0 = specinterface void @_ssdm_op_SpecInterface, i32 %gmem1, void @empty_16, i32 0, i32 0, void @empty_30, i32 0, i32 0, void @empty_3, void @empty_38, void @empty_30, i32 16, i32 16, i32 16, i32 16, void @empty_30, void @empty_30, i32 4294967295, i32 0"   --->   Operation 73 'specinterface' 'specinterface_ln0' <Predicate = true> <Delay = 0.00>
ST_10 : Operation 74 [1/1] (0.00ns)   --->   "%empty_69 = specchannel i32 @_ssdm_op_SpecChannel, void @logits_OC_i_str, i32 1, void @p_str, void @p_str, i32 4, i32 4, i32 %logits_i_channel, i32 %logits_i_channel"   --->   Operation 74 'specchannel' 'empty_69' <Predicate = true> <Delay = 0.00>
ST_10 : Operation 75 [1/1] (0.00ns)   --->   "%specinterface_ln0 = specinterface void @_ssdm_op_SpecInterface, i32 %logits_i_channel, void @ap_fifo_str, i32 0, i32 0, void @p_str, i32 0, i32 0, void @p_str, void @p_str, void @p_str, i32 2, i32 2, i32 16, i32 16, void @p_str, void @p_str, i32 4294967295, i32 0"   --->   Operation 75 'specinterface' 'specinterface_ln0' <Predicate = true> <Delay = 0.00>
ST_10 : Operation 76 [1/1] (0.00ns)   --->   "%empty_70 = specchannel i32 @_ssdm_op_SpecChannel, void @exp_values_OC_i_str, i32 1, void @p_str, void @p_str, i32 4, i32 4, i32 %exp_values, i32 %exp_values"   --->   Operation 76 'specchannel' 'empty_70' <Predicate = true> <Delay = 0.00>
ST_10 : Operation 77 [1/1] (0.00ns)   --->   "%specinterface_ln0 = specinterface void @_ssdm_op_SpecInterface, i32 %exp_values, void @ap_fifo_str, i32 0, i32 0, void @p_str, i32 0, i32 0, void @p_str, void @p_str, void @p_str, i32 2, i32 2, i32 16, i32 16, void @p_str, void @p_str, i32 4294967295, i32 0"   --->   Operation 77 'specinterface' 'specinterface_ln0' <Predicate = true> <Delay = 0.00>
ST_10 : Operation 78 [1/1] (0.00ns)   --->   "%empty_71 = specchannel i32 @_ssdm_op_SpecChannel, void @gates_OC_i_str, i32 1, void @p_str, void @p_str, i32 4, i32 4, i32 %gates, i32 %gates"   --->   Operation 78 'specchannel' 'empty_71' <Predicate = true> <Delay = 0.00>
ST_10 : Operation 79 [1/1] (0.00ns)   --->   "%specinterface_ln0 = specinterface void @_ssdm_op_SpecInterface, i32 %gates, void @ap_fifo_str, i32 0, i32 0, void @p_str, i32 0, i32 0, void @p_str, void @p_str, void @p_str, i32 2, i32 2, i32 16, i32 16, void @p_str, void @p_str, i32 4294967295, i32 0"   --->   Operation 79 'specinterface' 'specinterface_ln0' <Predicate = true> <Delay = 0.00>
ST_10 : Operation 80 [1/2] (0.00ns)   --->   "%call_ln0 = call void @dataflow_in_loop_VITIS_LOOP_129_4.1_Loop_VITIS_LOOP_196_11_proc13, i4 %n_1_c_channel1, i64 %output_r_c, i32 %gmem12, i32 %acc_out"   --->   Operation 80 'call' 'call_ln0' <Predicate = true> <Delay = 0.00> <CoreType = "Generic">   --->   Core 0 '' <Latency = 0> <II = 1> <Delay = 1.00> <Generic> <Opcode : >
ST_10 : Operation 81 [1/1] (0.00ns)   --->   "%ret_ln178 = ret" [/home/simics/HMoE/HLS_HMoE/pseudo_block/run_10/src/pseudo_moe.cpp:178]   --->   Operation 81 'ret' 'ret_ln178' <Predicate = true> <Delay = 0.00>


============================================================
+ Verbose Summary: Timing violations
============================================================
Target clock period: 10.000ns, clock uncertainty: 2.700ns.

 <State 1>: 7.300ns
The critical path consists of the following:
	wire read operation ('n_1_read') on port 'n_1' [120]  (0.000 ns)
	'call' operation 32 bit ('max_logit_loc_i_channel2') to 'dataflow_in_loop_VITIS_LOOP_129_4.1_Loop_VITIS_LOOP_140_5_proc9' [152]  (7.300 ns)

 <State 2>: 0.000ns
The critical path consists of the following:

 <State 3>: 1.520ns
The critical path consists of the following:
	'call' operation 32 bit ('exp_sum_loc_i_channel') to 'dataflow_in_loop_VITIS_LOOP_129_4.1_Loop_VITIS_LOOP_157_7_proc10' [155]  (1.520 ns)

 <State 4>: 0.362ns
The critical path consists of the following:
	'call' operation 32 bit ('exp_sum_loc_i_channel') to 'dataflow_in_loop_VITIS_LOOP_129_4.1_Loop_VITIS_LOOP_157_7_proc10' [155]  (0.362 ns)

 <State 5>: 1.520ns
The critical path consists of the following:
	'call' operation 0 bit ('call_ln0') to 'dataflow_in_loop_VITIS_LOOP_129_4.1_Loop_VITIS_LOOP_163_8_proc11' [158]  (1.520 ns)

 <State 6>: 0.000ns
The critical path consists of the following:

 <State 7>: 7.300ns
The critical path consists of the following:
	wire read operation ('b3_read') on port 'b3' [115]  (0.000 ns)
	'call' operation 4 bit ('n_1_c_channel1') to 'dataflow_in_loop_VITIS_LOOP_129_4.1_Loop_VITIS_LOOP_170_9_proc712' [161]  (7.300 ns)

 <State 8>: 0.000ns
The critical path consists of the following:

 <State 9>: 1.520ns
The critical path consists of the following:
	'call' operation 0 bit ('call_ln0') to 'dataflow_in_loop_VITIS_LOOP_129_4.1_Loop_VITIS_LOOP_196_11_proc13' [162]  (1.520 ns)

 <State 10>: 0.000ns
The critical path consists of the following:


============================================================
+ Verbose Summary: Binding
============================================================
N/A
* FSMD analyzer results:
  - Output states:
 - Input state : 
  - Chain level:
	State 1
	State 2
	State 3
	State 4
	State 5
	State 6
	State 7
	State 8
	State 9
	State 10


============================================================
+ Verbose Summary: Datapath Resource usage 
============================================================
N/A
