

================================================================
== Vitis HLS Report for 'dataflow_in_loop_VITIS_LOOP_129_4_1_Loop_VITIS_LOOP_170_9_proc712_Pipeline_VITIS'
================================================================
* Date:           Sun Sep 20 21:00:08 2026

* Version:        2023.2 (Build 4023990 on Oct 11 2023)
* Project:        project
* Solution:       solution1 (Vivado IP Flow Target)
* Product family: virtexuplus
* Target device:  xcvu13p_CIV-figd2104-3-e


================================================================
== Performance Estimates
================================================================
+ Timing: 
    * Summary: 
    +--------+----------+----------+------------+
    |  Clock |  Target  | Estimated| Uncertainty|
    +--------+----------+----------+------------+
    |ap_clk  |  10.00 ns|  7.072 ns|     2.70 ns|
    +--------+----------+----------+------------+

+ Latency: 
    * Summary: 
    +---------+---------+----------+----------+-----+-----+---------+
    |  Latency (cycles) |  Latency (absolute) |  Interval | Pipeline|
    |   min   |   max   |    min   |    max   | min | max |   Type  |
    +---------+---------+----------+----------+-----+-----+---------+
    |       75|       75|  0.750 us|  0.750 us|   75|   75|       no|
    +---------+---------+----------+----------+-----+-----+---------+

    + Detail: 
        * Instance: 
        N/A

        * Loop: 
        +---------------------+---------+---------+----------+-----------+-----------+------+----------+
        |                     |  Latency (cycles) | Iteration|  Initiation Interval  | Trip |          |
        |      Loop Name      |   min   |   max   |  Latency |  achieved |   target  | Count| Pipelined|
        +---------------------+---------+---------+----------+-----------+-----------+------+----------+
        |- VITIS_LOOP_187_10  |       73|       73|        11|          1|          1|    64|       yes|
        +---------------------+---------+---------+----------+-----------+-----------+------+----------+

============================================================
+ Verbose Summary: Synthesis Manager
============================================================
InlineROM: 1
ExposeGlobal: 0
============================================================
+ Verbose Summary: CDFG Model
============================================================
IsTopModel: 0
ResetActiveHigh: 1
IsCombinational: 0
IsDatapathOnly: 0
HasWiredReturn: 1
HasMFsm: 2
HasVarLatency: 1
IsPipeline: 0
IsRtlPipelined: 0
IsInstanceOverlapped: 0
IsDontTouch: 0
HasImplIP: 0
IsGatedGlobalClock: 0

+ Individual pipeline summary: 
  * Pipeline-0: initiation interval (II) = 1, depth = 11


============================================================
+ Verbose Summary: Schedule
============================================================
* Number of FSM states : 11
* Pipeline : 1
  Pipeline-0 : II = 1, D = 11, States = { 1 2 3 4 5 6 7 8 9 10 11 }
* Dataflow Pipeline: 0

* FSM state transitions: 
1 --> 2 
2 --> 3 
3 --> 4 
4 --> 5 
5 --> 6 
6 --> 7 
7 --> 8 
8 --> 9 
9 --> 10 
10 --> 11 
11 --> 

* FSM state operations: 

State 1 <SV = 0> <Delay = 1.38>
ST_1 : Operation 14 [1/1] (0.00ns)   --->   "%o = alloca i32 1" [/home/simics/HMoE/HLS_HMoE/pseudo_block/run_10/src/pseudo_moe.cpp:187]   --->   Operation 14 'alloca' 'o' <Predicate = true> <Delay = 0.00>
ST_1 : Operation 15 [1/1] (0.00ns)   --->   "%gates_load_3_read = read i32 @_ssdm_op_Read.ap_auto.float, i32 %gates_load_3"   --->   Operation 15 'read' 'gates_load_3_read' <Predicate = true> <Delay = 0.00>
ST_1 : Operation 16 [1/1] (0.00ns)   --->   "%gates_load_2_read = read i32 @_ssdm_op_Read.ap_auto.float, i32 %gates_load_2"   --->   Operation 16 'read' 'gates_load_2_read' <Predicate = true> <Delay = 0.00>
ST_1 : Operation 17 [1/1] (0.00ns)   --->   "%gates_load_1_read = read i32 @_ssdm_op_Read.ap_auto.float, i32 %gates_load_1"   --->   Operation 17 'read' 'gates_load_1_read' <Predicate = true> <Delay = 0.00>
ST_1 : Operation 18 [1/1] (0.00ns)   --->   "%gates_load_read = read i32 @_ssdm_op_Read.ap_auto.float, i32 %gates_load"   --->   Operation 18 'read' 'gates_load_read' <Predicate = true> <Delay = 0.00>
ST_1 : Operation 19 [1/1] (0.36ns)   --->   "%store_ln187 = store i7 0, i7 %o" [/home/simics/HMoE/HLS_HMoE/pseudo_block/run_10/src/pseudo_moe.cpp:187]   --->   Operation 19 'store' 'store_ln187' <Predicate = true> <Delay = 0.36>
ST_1 : Operation 20 [1/1] (0.00ns)   --->   "%br_ln0 = br void %for.cond132"   --->   Operation 20 'br' 'br_ln0' <Predicate = true> <Delay = 0.00>
ST_1 : Operation 21 [1/1] (0.00ns)   --->   "%o_2 = load i7 %o" [/home/simics/HMoE/HLS_HMoE/pseudo_block/run_10/src/pseudo_moe.cpp:187]   --->   Operation 21 'load' 'o_2' <Predicate = true> <Delay = 0.00>
ST_1 : Operation 22 [1/1] (0.65ns)   --->   "%icmp_ln187 = icmp_eq  i7 %o_2, i7 64" [/home/simics/HMoE/HLS_HMoE/pseudo_block/run_10/src/pseudo_moe.cpp:187]   --->   Operation 22 'icmp' 'icmp_ln187' <Predicate = true> <Delay = 0.65> <CoreInst = "Cmp">   --->   Core 9 'Cmp' <Latency = 0> <II = 1> <Delay = 0.65> <FuncUnit> <Opcode : 'icmp'> <InPorts = 2> <OutPorts = 1>
ST_1 : Operation 23 [1/1] (0.65ns)   --->   "%add_ln187 = add i7 %o_2, i7 1" [/home/simics/HMoE/HLS_HMoE/pseudo_block/run_10/src/pseudo_moe.cpp:187]   --->   Operation 23 'add' 'add_ln187' <Predicate = true> <Delay = 0.65> <CoreInst = "Adder">   --->   Core 1 'Adder' <Latency = 0> <II = 1> <Delay = 0.65> <FuncUnit> <Opcode : 'add' 'sub'> <InPorts = 2> <OutPorts = 1>
ST_1 : Operation 24 [1/1] (0.00ns)   --->   "%br_ln187 = br i1 %icmp_ln187, void %for.inc158, void %VITIS_LOOP_196_11.exitStub.exitStub" [/home/simics/HMoE/HLS_HMoE/pseudo_block/run_10/src/pseudo_moe.cpp:187]   --->   Operation 24 'br' 'br_ln187' <Predicate = true> <Delay = 0.00>
ST_1 : Operation 25 [1/1] (0.00ns)   --->   "%zext_ln187 = zext i7 %o_2" [/home/simics/HMoE/HLS_HMoE/pseudo_block/run_10/src/pseudo_moe.cpp:187]   --->   Operation 25 'zext' 'zext_ln187' <Predicate = (!icmp_ln187)> <Delay = 0.00>
ST_1 : Operation 26 [1/1] (0.00ns)   --->   "%expert_result0_addr = getelementptr i32 %expert_result0, i64 0, i64 %zext_ln187" [/home/simics/HMoE/HLS_HMoE/pseudo_block/run_10/src/pseudo_moe.cpp:189]   --->   Operation 26 'getelementptr' 'expert_result0_addr' <Predicate = (!icmp_ln187)> <Delay = 0.00>
ST_1 : Operation 27 [2/2] (1.02ns)   --->   "%expert_result0_load = load i6 %expert_result0_addr" [/home/simics/HMoE/HLS_HMoE/pseudo_block/run_10/src/pseudo_moe.cpp:189]   --->   Operation 27 'load' 'expert_result0_load' <Predicate = (!icmp_ln187)> <Delay = 1.02> <CoreInst = "RAM">   --->   Core 83 'RAM' <Latency = 1> <II = 1> <Delay = 1.02> <Storage> <Opcode : 'load' 'store'> <Ports = 2> <Width = 32> <Depth = 64> <RAM>
ST_1 : Operation 28 [1/1] (0.00ns)   --->   "%expert_result1_addr = getelementptr i32 %expert_result1, i64 0, i64 %zext_ln187" [/home/simics/HMoE/HLS_HMoE/pseudo_block/run_10/src/pseudo_moe.cpp:190]   --->   Operation 28 'getelementptr' 'expert_result1_addr' <Predicate = (!icmp_ln187)> <Delay = 0.00>
ST_1 : Operation 29 [2/2] (1.02ns)   --->   "%expert_result1_load = load i6 %expert_result1_addr" [/home/simics/HMoE/HLS_HMoE/pseudo_block/run_10/src/pseudo_moe.cpp:190]   --->   Operation 29 'load' 'expert_result1_load' <Predicate = (!icmp_ln187)> <Delay = 1.02> <CoreInst = "RAM">   --->   Core 83 'RAM' <Latency = 1> <II = 1> <Delay = 1.02> <Storage> <Opcode : 'load' 'store'> <Ports = 2> <Width = 32> <Depth = 64> <RAM>
ST_1 : Operation 30 [1/1] (0.36ns)   --->   "%store_ln187 = store i7 %add_ln187, i7 %o" [/home/simics/HMoE/HLS_HMoE/pseudo_block/run_10/src/pseudo_moe.cpp:187]   --->   Operation 30 'store' 'store_ln187' <Predicate = (!icmp_ln187)> <Delay = 0.36>

State 2 <SV = 1> <Delay = 4.90>
ST_2 : Operation 31 [1/2] (1.02ns)   --->   "%expert_result0_load = load i6 %expert_result0_addr" [/home/simics/HMoE/HLS_HMoE/pseudo_block/run_10/src/pseudo_moe.cpp:189]   --->   Operation 31 'load' 'expert_result0_load' <Predicate = true> <Delay = 1.02> <CoreInst = "RAM">   --->   Core 83 'RAM' <Latency = 1> <II = 1> <Delay = 1.02> <Storage> <Opcode : 'load' 'store'> <Ports = 2> <Width = 32> <Depth = 64> <RAM>
ST_2 : Operation 32 [2/2] (3.88ns)   --->   "%mul1 = fmul i32 %gates_load_read, i32 %expert_result0_load" [/home/simics/HMoE/HLS_HMoE/pseudo_block/run_10/src/pseudo_moe.cpp:189]   --->   Operation 32 'fmul' 'mul1' <Predicate = true> <Delay = 3.88> <CoreInst = "FMul_maxdsp">   --->   Core 30 'FMul_maxdsp' <Latency = 1> <II = 1> <Delay = 3.88> <FuncUnit> <Opcode : 'fmul'> <InPorts = 2> <OutPorts = 1>
ST_2 : Operation 33 [1/2] (1.02ns)   --->   "%expert_result1_load = load i6 %expert_result1_addr" [/home/simics/HMoE/HLS_HMoE/pseudo_block/run_10/src/pseudo_moe.cpp:190]   --->   Operation 33 'load' 'expert_result1_load' <Predicate = true> <Delay = 1.02> <CoreInst = "RAM">   --->   Core 83 'RAM' <Latency = 1> <II = 1> <Delay = 1.02> <Storage> <Opcode : 'load' 'store'> <Ports = 2> <Width = 32> <Depth = 64> <RAM>
ST_2 : Operation 34 [2/2] (3.88ns)   --->   "%mul2 = fmul i32 %gates_load_1_read, i32 %expert_result1_load" [/home/simics/HMoE/HLS_HMoE/pseudo_block/run_10/src/pseudo_moe.cpp:190]   --->   Operation 34 'fmul' 'mul2' <Predicate = true> <Delay = 3.88> <CoreInst = "FMul_maxdsp">   --->   Core 30 'FMul_maxdsp' <Latency = 1> <II = 1> <Delay = 3.88> <FuncUnit> <Opcode : 'fmul'> <InPorts = 2> <OutPorts = 1>

State 3 <SV = 2> <Delay = 3.88>
ST_3 : Operation 35 [1/2] (3.88ns)   --->   "%mul1 = fmul i32 %gates_load_read, i32 %expert_result0_load" [/home/simics/HMoE/HLS_HMoE/pseudo_block/run_10/src/pseudo_moe.cpp:189]   --->   Operation 35 'fmul' 'mul1' <Predicate = true> <Delay = 3.88> <CoreInst = "FMul_maxdsp">   --->   Core 30 'FMul_maxdsp' <Latency = 1> <II = 1> <Delay = 3.88> <FuncUnit> <Opcode : 'fmul'> <InPorts = 2> <OutPorts = 1>
ST_3 : Operation 36 [1/2] (3.88ns)   --->   "%mul2 = fmul i32 %gates_load_1_read, i32 %expert_result1_load" [/home/simics/HMoE/HLS_HMoE/pseudo_block/run_10/src/pseudo_moe.cpp:190]   --->   Operation 36 'fmul' 'mul2' <Predicate = true> <Delay = 3.88> <CoreInst = "FMul_maxdsp">   --->   Core 30 'FMul_maxdsp' <Latency = 1> <II = 1> <Delay = 3.88> <FuncUnit> <Opcode : 'fmul'> <InPorts = 2> <OutPorts = 1>
ST_3 : Operation 37 [1/1] (0.00ns)   --->   "%expert_result2_addr = getelementptr i32 %expert_result2, i64 0, i64 %zext_ln187" [/home/simics/HMoE/HLS_HMoE/pseudo_block/run_10/src/pseudo_moe.cpp:191]   --->   Operation 37 'getelementptr' 'expert_result2_addr' <Predicate = true> <Delay = 0.00>
ST_3 : Operation 38 [2/2] (1.02ns)   --->   "%expert_result2_load = load i6 %expert_result2_addr" [/home/simics/HMoE/HLS_HMoE/pseudo_block/run_10/src/pseudo_moe.cpp:191]   --->   Operation 38 'load' 'expert_result2_load' <Predicate = true> <Delay = 1.02> <CoreInst = "RAM">   --->   Core 83 'RAM' <Latency = 1> <II = 1> <Delay = 1.02> <Storage> <Opcode : 'load' 'store'> <Ports = 2> <Width = 32> <Depth = 64> <RAM>

State 4 <SV = 3> <Delay = 6.04>
ST_4 : Operation 39 [2/2] (6.04ns)   --->   "%add = fadd i32 %mul1, i32 %mul2" [/home/simics/HMoE/HLS_HMoE/pseudo_block/run_10/src/pseudo_moe.cpp:190]   --->   Operation 39 'fadd' 'add' <Predicate = true> <Delay = 6.04> <CoreInst = "FAddSub_fulldsp">   --->   Core 18 'FAddSub_fulldsp' <Latency = 1> <II = 1> <Delay = 6.04> <FuncUnit> <Opcode : 'fadd' 'fsub'> <InPorts = 2> <OutPorts = 1>
ST_4 : Operation 40 [1/2] (1.02ns)   --->   "%expert_result2_load = load i6 %expert_result2_addr" [/home/simics/HMoE/HLS_HMoE/pseudo_block/run_10/src/pseudo_moe.cpp:191]   --->   Operation 40 'load' 'expert_result2_load' <Predicate = true> <Delay = 1.02> <CoreInst = "RAM">   --->   Core 83 'RAM' <Latency = 1> <II = 1> <Delay = 1.02> <Storage> <Opcode : 'load' 'store'> <Ports = 2> <Width = 32> <Depth = 64> <RAM>
ST_4 : Operation 41 [2/2] (3.88ns)   --->   "%mul3 = fmul i32 %gates_load_2_read, i32 %expert_result2_load" [/home/simics/HMoE/HLS_HMoE/pseudo_block/run_10/src/pseudo_moe.cpp:191]   --->   Operation 41 'fmul' 'mul3' <Predicate = true> <Delay = 3.88> <CoreInst = "FMul_maxdsp">   --->   Core 30 'FMul_maxdsp' <Latency = 1> <II = 1> <Delay = 3.88> <FuncUnit> <Opcode : 'fmul'> <InPorts = 2> <OutPorts = 1>

State 5 <SV = 4> <Delay = 6.04>
ST_5 : Operation 42 [1/2] (6.04ns)   --->   "%add = fadd i32 %mul1, i32 %mul2" [/home/simics/HMoE/HLS_HMoE/pseudo_block/run_10/src/pseudo_moe.cpp:190]   --->   Operation 42 'fadd' 'add' <Predicate = true> <Delay = 6.04> <CoreInst = "FAddSub_fulldsp">   --->   Core 18 'FAddSub_fulldsp' <Latency = 1> <II = 1> <Delay = 6.04> <FuncUnit> <Opcode : 'fadd' 'fsub'> <InPorts = 2> <OutPorts = 1>
ST_5 : Operation 43 [1/2] (3.88ns)   --->   "%mul3 = fmul i32 %gates_load_2_read, i32 %expert_result2_load" [/home/simics/HMoE/HLS_HMoE/pseudo_block/run_10/src/pseudo_moe.cpp:191]   --->   Operation 43 'fmul' 'mul3' <Predicate = true> <Delay = 3.88> <CoreInst = "FMul_maxdsp">   --->   Core 30 'FMul_maxdsp' <Latency = 1> <II = 1> <Delay = 3.88> <FuncUnit> <Opcode : 'fmul'> <InPorts = 2> <OutPorts = 1>
ST_5 : Operation 44 [1/1] (0.00ns)   --->   "%expert_result3_addr = getelementptr i32 %expert_result3, i64 0, i64 %zext_ln187" [/home/simics/HMoE/HLS_HMoE/pseudo_block/run_10/src/pseudo_moe.cpp:192]   --->   Operation 44 'getelementptr' 'expert_result3_addr' <Predicate = true> <Delay = 0.00>
ST_5 : Operation 45 [2/2] (1.02ns)   --->   "%expert_result3_load = load i6 %expert_result3_addr" [/home/simics/HMoE/HLS_HMoE/pseudo_block/run_10/src/pseudo_moe.cpp:192]   --->   Operation 45 'load' 'expert_result3_load' <Predicate = true> <Delay = 1.02> <CoreInst = "RAM">   --->   Core 83 'RAM' <Latency = 1> <II = 1> <Delay = 1.02> <Storage> <Opcode : 'load' 'store'> <Ports = 2> <Width = 32> <Depth = 64> <RAM>
ST_5 : Operation 46 [1/1] (0.00ns)   --->   "%acc_out_addr = getelementptr i32 %acc_out, i64 0, i64 %zext_ln187" [/home/simics/HMoE/HLS_HMoE/pseudo_block/run_10/src/pseudo_moe.cpp:189]   --->   Operation 46 'getelementptr' 'acc_out_addr' <Predicate = true> <Delay = 0.00>

State 6 <SV = 5> <Delay = 6.04>
ST_6 : Operation 47 [2/2] (6.04ns)   --->   "%add1 = fadd i32 %add, i32 %mul3" [/home/simics/HMoE/HLS_HMoE/pseudo_block/run_10/src/pseudo_moe.cpp:191]   --->   Operation 47 'fadd' 'add1' <Predicate = true> <Delay = 6.04> <CoreInst = "FAddSub_fulldsp">   --->   Core 18 'FAddSub_fulldsp' <Latency = 1> <II = 1> <Delay = 6.04> <FuncUnit> <Opcode : 'fadd' 'fsub'> <InPorts = 2> <OutPorts = 1>
ST_6 : Operation 48 [1/2] (1.02ns)   --->   "%expert_result3_load = load i6 %expert_result3_addr" [/home/simics/HMoE/HLS_HMoE/pseudo_block/run_10/src/pseudo_moe.cpp:192]   --->   Operation 48 'load' 'expert_result3_load' <Predicate = true> <Delay = 1.02> <CoreInst = "RAM">   --->   Core 83 'RAM' <Latency = 1> <II = 1> <Delay = 1.02> <Storage> <Opcode : 'load' 'store'> <Ports = 2> <Width = 32> <Depth = 64> <RAM>
ST_6 : Operation 49 [2/2] (3.88ns)   --->   "%mul4 = fmul i32 %gates_load_3_read, i32 %expert_result3_load" [/home/simics/HMoE/HLS_HMoE/pseudo_block/run_10/src/pseudo_moe.cpp:192]   --->   Operation 49 'fmul' 'mul4' <Predicate = true> <Delay = 3.88> <CoreInst = "FMul_maxdsp">   --->   Core 30 'FMul_maxdsp' <Latency = 1> <II = 1> <Delay = 3.88> <FuncUnit> <Opcode : 'fmul'> <InPorts = 2> <OutPorts = 1>

State 7 <SV = 6> <Delay = 6.04>
ST_7 : Operation 50 [1/2] (6.04ns)   --->   "%add1 = fadd i32 %add, i32 %mul3" [/home/simics/HMoE/HLS_HMoE/pseudo_block/run_10/src/pseudo_moe.cpp:191]   --->   Operation 50 'fadd' 'add1' <Predicate = true> <Delay = 6.04> <CoreInst = "FAddSub_fulldsp">   --->   Core 18 'FAddSub_fulldsp' <Latency = 1> <II = 1> <Delay = 6.04> <FuncUnit> <Opcode : 'fadd' 'fsub'> <InPorts = 2> <OutPorts = 1>
ST_7 : Operation 51 [1/2] (3.88ns)   --->   "%mul4 = fmul i32 %gates_load_3_read, i32 %expert_result3_load" [/home/simics/HMoE/HLS_HMoE/pseudo_block/run_10/src/pseudo_moe.cpp:192]   --->   Operation 51 'fmul' 'mul4' <Predicate = true> <Delay = 3.88> <CoreInst = "FMul_maxdsp">   --->   Core 30 'FMul_maxdsp' <Latency = 1> <II = 1> <Delay = 3.88> <FuncUnit> <Opcode : 'fmul'> <InPorts = 2> <OutPorts = 1>

State 8 <SV = 7> <Delay = 6.04>
ST_8 : Operation 52 [2/2] (6.04ns)   --->   "%add2 = fadd i32 %add1, i32 %mul4" [/home/simics/HMoE/HLS_HMoE/pseudo_block/run_10/src/pseudo_moe.cpp:192]   --->   Operation 52 'fadd' 'add2' <Predicate = true> <Delay = 6.04> <CoreInst = "FAddSub_fulldsp">   --->   Core 18 'FAddSub_fulldsp' <Latency = 1> <II = 1> <Delay = 6.04> <FuncUnit> <Opcode : 'fadd' 'fsub'> <InPorts = 2> <OutPorts = 1>

State 9 <SV = 8> <Delay = 6.04>
ST_9 : Operation 53 [1/2] (6.04ns)   --->   "%add2 = fadd i32 %add1, i32 %mul4" [/home/simics/HMoE/HLS_HMoE/pseudo_block/run_10/src/pseudo_moe.cpp:192]   --->   Operation 53 'fadd' 'add2' <Predicate = true> <Delay = 6.04> <CoreInst = "FAddSub_fulldsp">   --->   Core 18 'FAddSub_fulldsp' <Latency = 1> <II = 1> <Delay = 6.04> <FuncUnit> <Opcode : 'fadd' 'fsub'> <InPorts = 2> <OutPorts = 1>
ST_9 : Operation 54 [2/2] (1.02ns)   --->   "%acc_out_load = load i6 %acc_out_addr" [/home/simics/HMoE/HLS_HMoE/pseudo_block/run_10/src/pseudo_moe.cpp:189]   --->   Operation 54 'load' 'acc_out_load' <Predicate = true> <Delay = 1.02> <CoreInst = "RAM">   --->   Core 83 'RAM' <Latency = 1> <II = 1> <Delay = 1.02> <Storage> <Opcode : 'load' 'store'> <Ports = 2> <Width = 32> <Depth = 64> <RAM>

State 10 <SV = 9> <Delay = 7.07>
ST_10 : Operation 55 [1/2] (1.02ns)   --->   "%acc_out_load = load i6 %acc_out_addr" [/home/simics/HMoE/HLS_HMoE/pseudo_block/run_10/src/pseudo_moe.cpp:189]   --->   Operation 55 'load' 'acc_out_load' <Predicate = true> <Delay = 1.02> <CoreInst = "RAM">   --->   Core 83 'RAM' <Latency = 1> <II = 1> <Delay = 1.02> <Storage> <Opcode : 'load' 'store'> <Ports = 2> <Width = 32> <Depth = 64> <RAM>
ST_10 : Operation 56 [2/2] (6.04ns)   --->   "%add3 = fadd i32 %acc_out_load, i32 %add2" [/home/simics/HMoE/HLS_HMoE/pseudo_block/run_10/src/pseudo_moe.cpp:189]   --->   Operation 56 'fadd' 'add3' <Predicate = true> <Delay = 6.04> <CoreInst = "FAddSub_fulldsp">   --->   Core 18 'FAddSub_fulldsp' <Latency = 1> <II = 1> <Delay = 6.04> <FuncUnit> <Opcode : 'fadd' 'fsub'> <InPorts = 2> <OutPorts = 1>
ST_10 : Operation 63 [1/1] (0.00ns)   --->   "%ret_ln0 = ret"   --->   Operation 63 'ret' 'ret_ln0' <Predicate = (icmp_ln187)> <Delay = 0.00>

State 11 <SV = 10> <Delay = 7.07>
ST_11 : Operation 57 [1/1] (0.00ns)   --->   "%specpipeline_ln188 = specpipeline void @_ssdm_op_SpecPipeline, i32 1, i32 0, i32 0, i32 0, void @empty_30" [/home/simics/HMoE/HLS_HMoE/pseudo_block/run_10/src/pseudo_moe.cpp:188]   --->   Operation 57 'specpipeline' 'specpipeline_ln188' <Predicate = true> <Delay = 0.00>
ST_11 : Operation 58 [1/1] (0.00ns)   --->   "%speclooptripcount_ln189 = speclooptripcount void @_ssdm_op_SpecLoopTripCount, i64 64, i64 64, i64 64" [/home/simics/HMoE/HLS_HMoE/pseudo_block/run_10/src/pseudo_moe.cpp:189]   --->   Operation 58 'speclooptripcount' 'speclooptripcount_ln189' <Predicate = true> <Delay = 0.00>
ST_11 : Operation 59 [1/1] (0.00ns)   --->   "%specloopname_ln187 = specloopname void @_ssdm_op_SpecLoopName, void @empty_34" [/home/simics/HMoE/HLS_HMoE/pseudo_block/run_10/src/pseudo_moe.cpp:187]   --->   Operation 59 'specloopname' 'specloopname_ln187' <Predicate = true> <Delay = 0.00>
ST_11 : Operation 60 [1/2] (6.04ns)   --->   "%add3 = fadd i32 %acc_out_load, i32 %add2" [/home/simics/HMoE/HLS_HMoE/pseudo_block/run_10/src/pseudo_moe.cpp:189]   --->   Operation 60 'fadd' 'add3' <Predicate = true> <Delay = 6.04> <CoreInst = "FAddSub_fulldsp">   --->   Core 18 'FAddSub_fulldsp' <Latency = 1> <II = 1> <Delay = 6.04> <FuncUnit> <Opcode : 'fadd' 'fsub'> <InPorts = 2> <OutPorts = 1>
ST_11 : Operation 61 [1/1] (1.02ns)   --->   "%store_ln189 = store i32 %add3, i6 %acc_out_addr" [/home/simics/HMoE/HLS_HMoE/pseudo_block/run_10/src/pseudo_moe.cpp:189]   --->   Operation 61 'store' 'store_ln189' <Predicate = true> <Delay = 1.02> <CoreInst = "RAM">   --->   Core 83 'RAM' <Latency = 1> <II = 1> <Delay = 1.02> <Storage> <Opcode : 'load' 'store'> <Ports = 2> <Width = 32> <Depth = 64> <RAM>
ST_11 : Operation 62 [1/1] (0.00ns)   --->   "%br_ln187 = br void %for.cond132" [/home/simics/HMoE/HLS_HMoE/pseudo_block/run_10/src/pseudo_moe.cpp:187]   --->   Operation 62 'br' 'br_ln187' <Predicate = true> <Delay = 0.00>


============================================================
+ Verbose Summary: Binding
============================================================
STG Binding: 
---------------- STG Properties BEGIN ----------------
- Is combinational: 0
- Is one-state seq: 0
- Is datapath-only: 0
- Is pipelined: 0
- Is top level: 0
Port [ Return ] is wired: 1; IO mode=ap_ctrl_hs:ce=0
Port [ expert_result0]:  wired=1; compound=1; hidden=0; nouse=0; global=0; static=0; extern=0; dir=0; type=1; pingpong=0; private_global=0; MemPort=[13]; IO mode=ap_memory:ce=0
Port [ gates_load]:  wired=1; compound=0; hidden=0; nouse=0; global=0; static=0; extern=0; dir=0; type=0; pingpong=0; private_global=0; IO mode=ap_none:ce=0
Port [ expert_result1]:  wired=1; compound=1; hidden=0; nouse=0; global=0; static=0; extern=0; dir=0; type=1; pingpong=0; private_global=0; MemPort=[13]; IO mode=ap_memory:ce=0
Port [ gates_load_1]:  wired=1; compound=0; hidden=0; nouse=0; global=0; static=0; extern=0; dir=0; type=0; pingpong=0; private_global=0; IO mode=ap_none:ce=0
Port [ expert_result2]:  wired=1; compound=1; hidden=0; nouse=0; global=0; static=0; extern=0; dir=0; type=1; pingpong=0; private_global=0; MemPort=[13]; IO mode=ap_memory:ce=0
Port [ gates_load_2]:  wired=1; compound=0; hidden=0; nouse=0; global=0; static=0; extern=0; dir=0; type=0; pingpong=0; private_global=0; IO mode=ap_none:ce=0
Port [ expert_result3]:  wired=1; compound=1; hidden=0; nouse=0; global=0; static=0; extern=0; dir=0; type=1; pingpong=0; private_global=0; MemPort=[13]; IO mode=ap_memory:ce=0
Port [ gates_load_3]:  wired=1; compound=0; hidden=0; nouse=0; global=0; static=0; extern=0; dir=0; type=0; pingpong=0; private_global=0; IO mode=ap_none:ce=0
Port [ acc_out]:  wired=1; compound=1; hidden=0; nouse=0; global=0; static=0; extern=0; dir=2; type=1; pingpong=1; private_global=0; MemPort=[01]; IO mode=ap_memory:ce=0
---------------- STG Properties END ------------------

---------------- Datapath Model BEGIN ----------------

<LifeTime>
<method=bitvector/>
o                       (alloca           ) [ 010000000000]
gates_load_3_read       (read             ) [ 011111110000]
gates_load_2_read       (read             ) [ 011111000000]
gates_load_1_read       (read             ) [ 011100000000]
gates_load_read         (read             ) [ 011100000000]
store_ln187             (store            ) [ 000000000000]
br_ln0                  (br               ) [ 000000000000]
o_2                     (load             ) [ 000000000000]
icmp_ln187              (icmp             ) [ 011111111110]
add_ln187               (add              ) [ 000000000000]
br_ln187                (br               ) [ 000000000000]
zext_ln187              (zext             ) [ 011111000000]
expert_result0_addr     (getelementptr    ) [ 011000000000]
expert_result1_addr     (getelementptr    ) [ 011000000000]
store_ln187             (store            ) [ 000000000000]
expert_result0_load     (load             ) [ 010100000000]
expert_result1_load     (load             ) [ 010100000000]
mul1                    (fmul             ) [ 010011000000]
mul2                    (fmul             ) [ 010011000000]
expert_result2_addr     (getelementptr    ) [ 010010000000]
expert_result2_load     (load             ) [ 010001000000]
add                     (fadd             ) [ 010000110000]
mul3                    (fmul             ) [ 010000110000]
expert_result3_addr     (getelementptr    ) [ 010000100000]
acc_out_addr            (getelementptr    ) [ 010000111111]
expert_result3_load     (load             ) [ 010000010000]
add1                    (fadd             ) [ 010000001100]
mul4                    (fmul             ) [ 010000001100]
add2                    (fadd             ) [ 010000000011]
acc_out_load            (load             ) [ 010000000001]
specpipeline_ln188      (specpipeline     ) [ 000000000000]
speclooptripcount_ln189 (speclooptripcount) [ 000000000000]
specloopname_ln187      (specloopname     ) [ 000000000000]
add3                    (fadd             ) [ 000000000000]
store_ln189             (store            ) [ 000000000000]
br_ln187                (br               ) [ 000000000000]
ret_ln0                 (ret              ) [ 000000000000]
</LifeTime>

<model>

<comp_list>
<comp id="0" class="1000" name="expert_result0">
<pin_list>
<pin id="1" dir="1" index="0" bw="1" slack="0"/>
</pin_list>
<bind>
<StgValue><ssdm name="expert_result0"/><MemPortTyVec>1 3 </MemPortTyVec>
</StgValue>
</bind>
</comp>

<comp id="2" class="1000" name="gates_load">
<pin_list>
<pin id="3" dir="1" index="0" bw="1" slack="0"/>
</pin_list>
<bind>
<StgValue><ssdm name="gates_load"/></StgValue>
</bind>
</comp>

<comp id="4" class="1000" name="expert_result1">
<pin_list>
<pin id="5" dir="1" index="0" bw="1" slack="0"/>
</pin_list>
<bind>
<StgValue><ssdm name="expert_result1"/><MemPortTyVec>1 3 </MemPortTyVec>
</StgValue>
</bind>
</comp>

<comp id="6" class="1000" name="gates_load_1">
<pin_list>
<pin id="7" dir="1" index="0" bw="1" slack="0"/>
</pin_list>
<bind>
<StgValue><ssdm name="gates_load_1"/></StgValue>
</bind>
</comp>

<comp id="8" class="1000" name="expert_result2">
<pin_list>
<pin id="9" dir="1" index="0" bw="1" slack="0"/>
</pin_list>
<bind>
<StgValue><ssdm name="expert_result2"/><MemPortTyVec>1 3 </MemPortTyVec>
</StgValue>
</bind>
</comp>

<comp id="10" class="1000" name="gates_load_2">
<pin_list>
<pin id="11" dir="1" index="0" bw="1" slack="0"/>
</pin_list>
<bind>
<StgValue><ssdm name="gates_load_2"/></StgValue>
</bind>
</comp>

<comp id="12" class="1000" name="expert_result3">
<pin_list>
<pin id="13" dir="1" index="0" bw="1" slack="0"/>
</pin_list>
<bind>
<StgValue><ssdm name="expert_result3"/><MemPortTyVec>1 3 </MemPortTyVec>
</StgValue>
</bind>
</comp>

<comp id="14" class="1000" name="gates_load_3">
<pin_list>
<pin id="15" dir="1" index="0" bw="1" slack="0"/>
</pin_list>
<bind>
<StgValue><ssdm name="gates_load_3"/></StgValue>
</bind>
</comp>

<comp id="16" class="1000" name="acc_out">
<pin_list>
<pin id="17" dir="1" index="0" bw="1" slack="0"/>
</pin_list>
<bind>
<StgValue><ssdm name="acc_out"/><MemPortTyVec>0 1 </MemPortTyVec>
</StgValue>
</bind>
</comp>

<comp id="18" class="1001" name="const_18">
<pin_list>
<pin id="19" dir="1" index="0" bw="1" slack="0"/>
</pin_list>
<bind>
<StgValue><ssdm name=""/></StgValue>
</bind>
</comp>

<comp id="20" class="1001" name="const_20">
<pin_list>
<pin id="21" dir="1" index="0" bw="1" slack="0"/>
</pin_list>
<bind>
<StgValue><ssdm name="_ssdm_op_Read.ap_auto.float"/></StgValue>
</bind>
</comp>

<comp id="22" class="1001" name="const_22">
<pin_list>
<pin id="23" dir="1" index="0" bw="1" slack="0"/>
</pin_list>
<bind>
<StgValue><ssdm name=""/></StgValue>
</bind>
</comp>

<comp id="24" class="1001" name="const_24">
<pin_list>
<pin id="25" dir="1" index="0" bw="1" slack="0"/>
</pin_list>
<bind>
<StgValue><ssdm name=""/></StgValue>
</bind>
</comp>

<comp id="26" class="1001" name="const_26">
<pin_list>
<pin id="27" dir="1" index="0" bw="1" slack="0"/>
</pin_list>
<bind>
<StgValue><ssdm name=""/></StgValue>
</bind>
</comp>

<comp id="28" class="1001" name="const_28">
<pin_list>
<pin id="29" dir="1" index="0" bw="1" slack="0"/>
</pin_list>
<bind>
<StgValue><ssdm name=""/></StgValue>
</bind>
</comp>

<comp id="30" class="1001" name="const_30">
<pin_list>
<pin id="31" dir="1" index="0" bw="1" slack="2147483647"/>
</pin_list>
<bind>
<StgValue><ssdm name="_ssdm_op_SpecPipeline"/></StgValue>
</bind>
</comp>

<comp id="32" class="1001" name="const_32">
<pin_list>
<pin id="33" dir="1" index="0" bw="1" slack="2147483647"/>
</pin_list>
<bind>
<StgValue><ssdm name=""/></StgValue>
</bind>
</comp>

<comp id="34" class="1001" name="const_34">
<pin_list>
<pin id="35" dir="1" index="0" bw="1" slack="2147483647"/>
</pin_list>
<bind>
<StgValue><ssdm name="empty_30"/></StgValue>
</bind>
</comp>

<comp id="36" class="1001" name="const_36">
<pin_list>
<pin id="37" dir="1" index="0" bw="1" slack="2147483647"/>
</pin_list>
<bind>
<StgValue><ssdm name="_ssdm_op_SpecLoopTripCount"/></StgValue>
</bind>
</comp>

<comp id="38" class="1001" name="const_38">
<pin_list>
<pin id="39" dir="1" index="0" bw="1" slack="2147483647"/>
</pin_list>
<bind>
<StgValue><ssdm name=""/></StgValue>
</bind>
</comp>

<comp id="40" class="1001" name="const_40">
<pin_list>
<pin id="41" dir="1" index="0" bw="1" slack="2147483647"/>
</pin_list>
<bind>
<StgValue><ssdm name="_ssdm_op_SpecLoopName"/></StgValue>
</bind>
</comp>

<comp id="42" class="1001" name="const_42">
<pin_list>
<pin id="43" dir="1" index="0" bw="1" slack="2147483647"/>
</pin_list>
<bind>
<StgValue><ssdm name="empty_34"/></StgValue>
</bind>
</comp>

<comp id="44" class="1004" name="o_fu_44">
<pin_list>
<pin id="45" dir="0" index="0" bw="1" slack="0"/>
<pin id="46" dir="1" index="1" bw="7" slack="0"/>
</pin_list>
<bind>
<opcode="alloca(26) " fcode="alloca"/>
<opset="o/1 "/>
</bind>
</comp>

<comp id="48" class="1004" name="gates_load_3_read_read_fu_48">
<pin_list>
<pin id="49" dir="0" index="0" bw="32" slack="0"/>
<pin id="50" dir="0" index="1" bw="32" slack="0"/>
<pin id="51" dir="1" index="2" bw="32" slack="5"/>
</pin_list>
<bind>
<opcode="read(1150) " fcode="read"/>
<opset="gates_load_3_read/1 "/>
</bind>
</comp>

<comp id="54" class="1004" name="gates_load_2_read_read_fu_54">
<pin_list>
<pin id="55" dir="0" index="0" bw="32" slack="0"/>
<pin id="56" dir="0" index="1" bw="32" slack="0"/>
<pin id="57" dir="1" index="2" bw="32" slack="3"/>
</pin_list>
<bind>
<opcode="read(1150) " fcode="read"/>
<opset="gates_load_2_read/1 "/>
</bind>
</comp>

<comp id="60" class="1004" name="gates_load_1_read_read_fu_60">
<pin_list>
<pin id="61" dir="0" index="0" bw="32" slack="0"/>
<pin id="62" dir="0" index="1" bw="32" slack="0"/>
<pin id="63" dir="1" index="2" bw="32" slack="1"/>
</pin_list>
<bind>
<opcode="read(1150) " fcode="read"/>
<opset="gates_load_1_read/1 "/>
</bind>
</comp>

<comp id="66" class="1004" name="gates_load_read_read_fu_66">
<pin_list>
<pin id="67" dir="0" index="0" bw="32" slack="0"/>
<pin id="68" dir="0" index="1" bw="32" slack="0"/>
<pin id="69" dir="1" index="2" bw="32" slack="1"/>
</pin_list>
<bind>
<opcode="read(1150) " fcode="read"/>
<opset="gates_load_read/1 "/>
</bind>
</comp>

<comp id="72" class="1004" name="expert_result0_addr_gep_fu_72">
<pin_list>
<pin id="73" dir="0" index="0" bw="32" slack="0"/>
<pin id="74" dir="0" index="1" bw="1" slack="0"/>
<pin id="75" dir="0" index="2" bw="7" slack="0"/>
<pin id="76" dir="1" index="3" bw="6" slack="0"/>
</pin_list>
<bind>
<opcode="getelementptr(29) " fcode="getelementptr"/>
<opset="expert_result0_addr/1 "/>
</bind>
</comp>

<comp id="79" class="1004" name="grp_access_fu_79">
<pin_list>
<pin id="80" dir="0" index="0" bw="6" slack="0"/>
<pin id="81" dir="0" index="1" bw="32" slack="2147483647"/>
<pin id="82" dir="0" index="2" bw="0" slack="2147483647"/>
<pin id="83" dir="1" index="3" bw="32" slack="0"/>
</pin_list>
<bind>
<opcode="load(27) " fcode="load"/>
<opset="expert_result0_load/1 "/>
</bind>
</comp>

<comp id="85" class="1004" name="expert_result1_addr_gep_fu_85">
<pin_list>
<pin id="86" dir="0" index="0" bw="32" slack="0"/>
<pin id="87" dir="0" index="1" bw="1" slack="0"/>
<pin id="88" dir="0" index="2" bw="7" slack="0"/>
<pin id="89" dir="1" index="3" bw="6" slack="0"/>
</pin_list>
<bind>
<opcode="getelementptr(29) " fcode="getelementptr"/>
<opset="expert_result1_addr/1 "/>
</bind>
</comp>

<comp id="92" class="1004" name="grp_access_fu_92">
<pin_list>
<pin id="93" dir="0" index="0" bw="6" slack="0"/>
<pin id="94" dir="0" index="1" bw="32" slack="2147483647"/>
<pin id="95" dir="0" index="2" bw="0" slack="2147483647"/>
<pin id="96" dir="1" index="3" bw="32" slack="0"/>
</pin_list>
<bind>
<opcode="load(27) " fcode="load"/>
<opset="expert_result1_load/1 "/>
</bind>
</comp>

<comp id="98" class="1004" name="expert_result2_addr_gep_fu_98">
<pin_list>
<pin id="99" dir="0" index="0" bw="32" slack="0"/>
<pin id="100" dir="0" index="1" bw="1" slack="0"/>
<pin id="101" dir="0" index="2" bw="7" slack="2"/>
<pin id="102" dir="1" index="3" bw="6" slack="0"/>
</pin_list>
<bind>
<opcode="getelementptr(29) " fcode="getelementptr"/>
<opset="expert_result2_addr/3 "/>
</bind>
</comp>

<comp id="105" class="1004" name="grp_access_fu_105">
<pin_list>
<pin id="106" dir="0" index="0" bw="6" slack="0"/>
<pin id="107" dir="0" index="1" bw="32" slack="2147483647"/>
<pin id="108" dir="0" index="2" bw="0" slack="2147483647"/>
<pin id="109" dir="1" index="3" bw="32" slack="0"/>
</pin_list>
<bind>
<opcode="load(27) " fcode="load"/>
<opset="expert_result2_load/3 "/>
</bind>
</comp>

<comp id="111" class="1004" name="expert_result3_addr_gep_fu_111">
<pin_list>
<pin id="112" dir="0" index="0" bw="32" slack="0"/>
<pin id="113" dir="0" index="1" bw="1" slack="0"/>
<pin id="114" dir="0" index="2" bw="7" slack="4"/>
<pin id="115" dir="1" index="3" bw="6" slack="0"/>
</pin_list>
<bind>
<opcode="getelementptr(29) " fcode="getelementptr"/>
<opset="expert_result3_addr/5 "/>
</bind>
</comp>

<comp id="118" class="1004" name="grp_access_fu_118">
<pin_list>
<pin id="119" dir="0" index="0" bw="6" slack="0"/>
<pin id="120" dir="0" index="1" bw="32" slack="2147483647"/>
<pin id="121" dir="0" index="2" bw="0" slack="2147483647"/>
<pin id="122" dir="1" index="3" bw="32" slack="0"/>
</pin_list>
<bind>
<opcode="load(27) " fcode="load"/>
<opset="expert_result3_load/5 "/>
</bind>
</comp>

<comp id="124" class="1004" name="acc_out_addr_gep_fu_124">
<pin_list>
<pin id="125" dir="0" index="0" bw="32" slack="0"/>
<pin id="126" dir="0" index="1" bw="1" slack="0"/>
<pin id="127" dir="0" index="2" bw="7" slack="4"/>
<pin id="128" dir="1" index="3" bw="6" slack="4"/>
</pin_list>
<bind>
<opcode="getelementptr(29) " fcode="getelementptr"/>
<opset="acc_out_addr/5 "/>
</bind>
</comp>

<comp id="131" class="1004" name="grp_access_fu_131">
<pin_list>
<pin id="132" dir="0" index="0" bw="6" slack="6"/>
<pin id="133" dir="0" index="1" bw="32" slack="0"/>
<pin id="134" dir="0" index="2" bw="0" slack="4"/>
<pin id="136" dir="0" index="4" bw="6" slack="2147483647"/>
<pin id="137" dir="0" index="5" bw="32" slack="2147483647"/>
<pin id="138" dir="0" index="6" bw="0" slack="2147483647"/>
<pin id="135" dir="1" index="3" bw="32" slack="2147483647"/>
<pin id="139" dir="1" index="7" bw="32" slack="0"/>
</pin_list>
<bind>
<opcode="load(27) store(28) " fcode="store"/>
<opset="acc_out_load/9 store_ln189/11 "/>
</bind>
</comp>

<comp id="140" class="1004" name="grp_fu_140">
<pin_list>
<pin id="141" dir="0" index="0" bw="32" slack="1"/>
<pin id="142" dir="0" index="1" bw="32" slack="1"/>
<pin id="143" dir="1" index="2" bw="32" slack="1"/>
</pin_list>
<bind>
<opcode="fadd(9) " fcode="fadd"/>
<opset="add/4 "/>
</bind>
</comp>

<comp id="144" class="1004" name="grp_fu_144">
<pin_list>
<pin id="145" dir="0" index="0" bw="32" slack="1"/>
<pin id="146" dir="0" index="1" bw="32" slack="1"/>
<pin id="147" dir="1" index="2" bw="32" slack="1"/>
</pin_list>
<bind>
<opcode="fadd(9) " fcode="fadd"/>
<opset="add1/6 "/>
</bind>
</comp>

<comp id="148" class="1004" name="grp_fu_148">
<pin_list>
<pin id="149" dir="0" index="0" bw="32" slack="1"/>
<pin id="150" dir="0" index="1" bw="32" slack="1"/>
<pin id="151" dir="1" index="2" bw="32" slack="1"/>
</pin_list>
<bind>
<opcode="fadd(9) " fcode="fadd"/>
<opset="add2/8 "/>
</bind>
</comp>

<comp id="152" class="1004" name="grp_fu_152">
<pin_list>
<pin id="153" dir="0" index="0" bw="32" slack="0"/>
<pin id="154" dir="0" index="1" bw="32" slack="1"/>
<pin id="155" dir="1" index="2" bw="32" slack="0"/>
</pin_list>
<bind>
<opcode="fadd(9) " fcode="fadd"/>
<opset="add3/10 "/>
</bind>
</comp>

<comp id="158" class="1004" name="grp_fu_158">
<pin_list>
<pin id="159" dir="0" index="0" bw="32" slack="1"/>
<pin id="160" dir="0" index="1" bw="32" slack="0"/>
<pin id="161" dir="1" index="2" bw="32" slack="1"/>
</pin_list>
<bind>
<opcode="fmul(13) " fcode="fmul"/>
<opset="mul1/2 "/>
</bind>
</comp>

<comp id="163" class="1004" name="grp_fu_163">
<pin_list>
<pin id="164" dir="0" index="0" bw="32" slack="1"/>
<pin id="165" dir="0" index="1" bw="32" slack="0"/>
<pin id="166" dir="1" index="2" bw="32" slack="1"/>
</pin_list>
<bind>
<opcode="fmul(13) " fcode="fmul"/>
<opset="mul2/2 "/>
</bind>
</comp>

<comp id="168" class="1004" name="grp_fu_168">
<pin_list>
<pin id="169" dir="0" index="0" bw="32" slack="3"/>
<pin id="170" dir="0" index="1" bw="32" slack="0"/>
<pin id="171" dir="1" index="2" bw="32" slack="1"/>
</pin_list>
<bind>
<opcode="fmul(13) " fcode="fmul"/>
<opset="mul3/4 "/>
</bind>
</comp>

<comp id="173" class="1004" name="grp_fu_173">
<pin_list>
<pin id="174" dir="0" index="0" bw="32" slack="5"/>
<pin id="175" dir="0" index="1" bw="32" slack="0"/>
<pin id="176" dir="1" index="2" bw="32" slack="1"/>
</pin_list>
<bind>
<opcode="fmul(13) " fcode="fmul"/>
<opset="mul4/6 "/>
</bind>
</comp>

<comp id="178" class="1004" name="store_ln187_store_fu_178">
<pin_list>
<pin id="179" dir="0" index="0" bw="1" slack="0"/>
<pin id="180" dir="0" index="1" bw="7" slack="0"/>
<pin id="181" dir="1" index="2" bw="0" slack="2147483647"/>
</pin_list>
<bind>
<opcode="store(28) " fcode="store"/>
<opset="store_ln187/1 "/>
</bind>
</comp>

<comp id="183" class="1004" name="o_2_load_fu_183">
<pin_list>
<pin id="184" dir="0" index="0" bw="7" slack="0"/>
<pin id="185" dir="1" index="1" bw="7" slack="0"/>
</pin_list>
<bind>
<opcode="load(27) " fcode="load"/>
<opset="o_2/1 "/>
</bind>
</comp>

<comp id="186" class="1004" name="icmp_ln187_fu_186">
<pin_list>
<pin id="187" dir="0" index="0" bw="7" slack="0"/>
<pin id="188" dir="0" index="1" bw="7" slack="0"/>
<pin id="189" dir="1" index="2" bw="1" slack="9"/>
</pin_list>
<bind>
<opcode="icmp(45) " fcode="icmp"/>
<opset="icmp_ln187/1 "/>
</bind>
</comp>

<comp id="192" class="1004" name="add_ln187_fu_192">
<pin_list>
<pin id="193" dir="0" index="0" bw="7" slack="0"/>
<pin id="194" dir="0" index="1" bw="1" slack="0"/>
<pin id="195" dir="1" index="2" bw="7" slack="0"/>
</pin_list>
<bind>
<opcode="add(8) " fcode="add"/>
<opset="add_ln187/1 "/>
</bind>
</comp>

<comp id="198" class="1004" name="zext_ln187_fu_198">
<pin_list>
<pin id="199" dir="0" index="0" bw="7" slack="0"/>
<pin id="200" dir="1" index="1" bw="64" slack="0"/>
</pin_list>
<bind>
<opcode="zext(34) " fcode="zext"/>
<opset="zext_ln187/1 "/>
</bind>
</comp>

<comp id="204" class="1004" name="store_ln187_store_fu_204">
<pin_list>
<pin id="205" dir="0" index="0" bw="7" slack="0"/>
<pin id="206" dir="0" index="1" bw="7" slack="0"/>
<pin id="207" dir="1" index="2" bw="0" slack="2147483647"/>
</pin_list>
<bind>
<opcode="store(28) " fcode="store"/>
<opset="store_ln187/1 "/>
</bind>
</comp>

<comp id="209" class="1005" name="o_reg_209">
<pin_list>
<pin id="210" dir="0" index="0" bw="7" slack="0"/>
<pin id="211" dir="1" index="1" bw="7" slack="0"/>
</pin_list>
<bind>
<opset="o "/>
</bind>
</comp>

<comp id="216" class="1005" name="gates_load_3_read_reg_216">
<pin_list>
<pin id="217" dir="0" index="0" bw="32" slack="5"/>
<pin id="218" dir="1" index="1" bw="32" slack="5"/>
</pin_list>
<bind>
<opset="gates_load_3_read "/>
</bind>
</comp>

<comp id="221" class="1005" name="gates_load_2_read_reg_221">
<pin_list>
<pin id="222" dir="0" index="0" bw="32" slack="3"/>
<pin id="223" dir="1" index="1" bw="32" slack="3"/>
</pin_list>
<bind>
<opset="gates_load_2_read "/>
</bind>
</comp>

<comp id="226" class="1005" name="gates_load_1_read_reg_226">
<pin_list>
<pin id="227" dir="0" index="0" bw="32" slack="1"/>
<pin id="228" dir="1" index="1" bw="32" slack="1"/>
</pin_list>
<bind>
<opset="gates_load_1_read "/>
</bind>
</comp>

<comp id="231" class="1005" name="gates_load_read_reg_231">
<pin_list>
<pin id="232" dir="0" index="0" bw="32" slack="1"/>
<pin id="233" dir="1" index="1" bw="32" slack="1"/>
</pin_list>
<bind>
<opset="gates_load_read "/>
</bind>
</comp>

<comp id="236" class="1005" name="icmp_ln187_reg_236">
<pin_list>
<pin id="237" dir="0" index="0" bw="1" slack="9"/>
<pin id="238" dir="1" index="1" bw="1" slack="2147483647"/>
</pin_list>
<bind>
<opset="icmp_ln187 "/>
</bind>
</comp>

<comp id="240" class="1005" name="zext_ln187_reg_240">
<pin_list>
<pin id="241" dir="0" index="0" bw="64" slack="2"/>
<pin id="242" dir="1" index="1" bw="64" slack="2"/>
</pin_list>
<bind>
<opset="zext_ln187 "/>
</bind>
</comp>

<comp id="247" class="1005" name="expert_result0_addr_reg_247">
<pin_list>
<pin id="248" dir="0" index="0" bw="6" slack="1"/>
<pin id="249" dir="1" index="1" bw="6" slack="1"/>
</pin_list>
<bind>
<opset="expert_result0_addr "/>
</bind>
</comp>

<comp id="252" class="1005" name="expert_result1_addr_reg_252">
<pin_list>
<pin id="253" dir="0" index="0" bw="6" slack="1"/>
<pin id="254" dir="1" index="1" bw="6" slack="1"/>
</pin_list>
<bind>
<opset="expert_result1_addr "/>
</bind>
</comp>

<comp id="257" class="1005" name="expert_result0_load_reg_257">
<pin_list>
<pin id="258" dir="0" index="0" bw="32" slack="1"/>
<pin id="259" dir="1" index="1" bw="32" slack="1"/>
</pin_list>
<bind>
<opset="expert_result0_load "/>
</bind>
</comp>

<comp id="262" class="1005" name="expert_result1_load_reg_262">
<pin_list>
<pin id="263" dir="0" index="0" bw="32" slack="1"/>
<pin id="264" dir="1" index="1" bw="32" slack="1"/>
</pin_list>
<bind>
<opset="expert_result1_load "/>
</bind>
</comp>

<comp id="267" class="1005" name="mul1_reg_267">
<pin_list>
<pin id="268" dir="0" index="0" bw="32" slack="1"/>
<pin id="269" dir="1" index="1" bw="32" slack="1"/>
</pin_list>
<bind>
<opset="mul1 "/>
</bind>
</comp>

<comp id="272" class="1005" name="mul2_reg_272">
<pin_list>
<pin id="273" dir="0" index="0" bw="32" slack="1"/>
<pin id="274" dir="1" index="1" bw="32" slack="1"/>
</pin_list>
<bind>
<opset="mul2 "/>
</bind>
</comp>

<comp id="277" class="1005" name="expert_result2_addr_reg_277">
<pin_list>
<pin id="278" dir="0" index="0" bw="6" slack="1"/>
<pin id="279" dir="1" index="1" bw="6" slack="1"/>
</pin_list>
<bind>
<opset="expert_result2_addr "/>
</bind>
</comp>

<comp id="282" class="1005" name="expert_result2_load_reg_282">
<pin_list>
<pin id="283" dir="0" index="0" bw="32" slack="1"/>
<pin id="284" dir="1" index="1" bw="32" slack="1"/>
</pin_list>
<bind>
<opset="expert_result2_load "/>
</bind>
</comp>

<comp id="287" class="1005" name="add_reg_287">
<pin_list>
<pin id="288" dir="0" index="0" bw="32" slack="1"/>
<pin id="289" dir="1" index="1" bw="32" slack="1"/>
</pin_list>
<bind>
<opset="add "/>
</bind>
</comp>

<comp id="292" class="1005" name="mul3_reg_292">
<pin_list>
<pin id="293" dir="0" index="0" bw="32" slack="1"/>
<pin id="294" dir="1" index="1" bw="32" slack="1"/>
</pin_list>
<bind>
<opset="mul3 "/>
</bind>
</comp>

<comp id="297" class="1005" name="expert_result3_addr_reg_297">
<pin_list>
<pin id="298" dir="0" index="0" bw="6" slack="1"/>
<pin id="299" dir="1" index="1" bw="6" slack="1"/>
</pin_list>
<bind>
<opset="expert_result3_addr "/>
</bind>
</comp>

<comp id="302" class="1005" name="acc_out_addr_reg_302">
<pin_list>
<pin id="303" dir="0" index="0" bw="6" slack="4"/>
<pin id="304" dir="1" index="1" bw="6" slack="4"/>
</pin_list>
<bind>
<opset="acc_out_addr "/>
</bind>
</comp>

<comp id="308" class="1005" name="expert_result3_load_reg_308">
<pin_list>
<pin id="309" dir="0" index="0" bw="32" slack="1"/>
<pin id="310" dir="1" index="1" bw="32" slack="1"/>
</pin_list>
<bind>
<opset="expert_result3_load "/>
</bind>
</comp>

<comp id="313" class="1005" name="add1_reg_313">
<pin_list>
<pin id="314" dir="0" index="0" bw="32" slack="1"/>
<pin id="315" dir="1" index="1" bw="32" slack="1"/>
</pin_list>
<bind>
<opset="add1 "/>
</bind>
</comp>

<comp id="318" class="1005" name="mul4_reg_318">
<pin_list>
<pin id="319" dir="0" index="0" bw="32" slack="1"/>
<pin id="320" dir="1" index="1" bw="32" slack="1"/>
</pin_list>
<bind>
<opset="mul4 "/>
</bind>
</comp>

<comp id="323" class="1005" name="add2_reg_323">
<pin_list>
<pin id="324" dir="0" index="0" bw="32" slack="1"/>
<pin id="325" dir="1" index="1" bw="32" slack="1"/>
</pin_list>
<bind>
<opset="add2 "/>
</bind>
</comp>

<comp id="328" class="1005" name="acc_out_load_reg_328">
<pin_list>
<pin id="329" dir="0" index="0" bw="32" slack="1"/>
<pin id="330" dir="1" index="1" bw="32" slack="1"/>
</pin_list>
<bind>
<opset="acc_out_load "/>
</bind>
</comp>

</comp_list>

<net_list>
<net id="47"><net_src comp="18" pin="0"/><net_sink comp="44" pin=0"/></net>

<net id="52"><net_src comp="20" pin="0"/><net_sink comp="48" pin=0"/></net>

<net id="53"><net_src comp="14" pin="0"/><net_sink comp="48" pin=1"/></net>

<net id="58"><net_src comp="20" pin="0"/><net_sink comp="54" pin=0"/></net>

<net id="59"><net_src comp="10" pin="0"/><net_sink comp="54" pin=1"/></net>

<net id="64"><net_src comp="20" pin="0"/><net_sink comp="60" pin=0"/></net>

<net id="65"><net_src comp="6" pin="0"/><net_sink comp="60" pin=1"/></net>

<net id="70"><net_src comp="20" pin="0"/><net_sink comp="66" pin=0"/></net>

<net id="71"><net_src comp="2" pin="0"/><net_sink comp="66" pin=1"/></net>

<net id="77"><net_src comp="0" pin="0"/><net_sink comp="72" pin=0"/></net>

<net id="78"><net_src comp="28" pin="0"/><net_sink comp="72" pin=1"/></net>

<net id="84"><net_src comp="72" pin="3"/><net_sink comp="79" pin=0"/></net>

<net id="90"><net_src comp="4" pin="0"/><net_sink comp="85" pin=0"/></net>

<net id="91"><net_src comp="28" pin="0"/><net_sink comp="85" pin=1"/></net>

<net id="97"><net_src comp="85" pin="3"/><net_sink comp="92" pin=0"/></net>

<net id="103"><net_src comp="8" pin="0"/><net_sink comp="98" pin=0"/></net>

<net id="104"><net_src comp="28" pin="0"/><net_sink comp="98" pin=1"/></net>

<net id="110"><net_src comp="98" pin="3"/><net_sink comp="105" pin=0"/></net>

<net id="116"><net_src comp="12" pin="0"/><net_sink comp="111" pin=0"/></net>

<net id="117"><net_src comp="28" pin="0"/><net_sink comp="111" pin=1"/></net>

<net id="123"><net_src comp="111" pin="3"/><net_sink comp="118" pin=0"/></net>

<net id="129"><net_src comp="16" pin="0"/><net_sink comp="124" pin=0"/></net>

<net id="130"><net_src comp="28" pin="0"/><net_sink comp="124" pin=1"/></net>

<net id="156"><net_src comp="152" pin="2"/><net_sink comp="131" pin=1"/></net>

<net id="157"><net_src comp="131" pin="7"/><net_sink comp="152" pin=0"/></net>

<net id="162"><net_src comp="79" pin="3"/><net_sink comp="158" pin=1"/></net>

<net id="167"><net_src comp="92" pin="3"/><net_sink comp="163" pin=1"/></net>

<net id="172"><net_src comp="105" pin="3"/><net_sink comp="168" pin=1"/></net>

<net id="177"><net_src comp="118" pin="3"/><net_sink comp="173" pin=1"/></net>

<net id="182"><net_src comp="22" pin="0"/><net_sink comp="178" pin=0"/></net>

<net id="190"><net_src comp="183" pin="1"/><net_sink comp="186" pin=0"/></net>

<net id="191"><net_src comp="24" pin="0"/><net_sink comp="186" pin=1"/></net>

<net id="196"><net_src comp="183" pin="1"/><net_sink comp="192" pin=0"/></net>

<net id="197"><net_src comp="26" pin="0"/><net_sink comp="192" pin=1"/></net>

<net id="201"><net_src comp="183" pin="1"/><net_sink comp="198" pin=0"/></net>

<net id="202"><net_src comp="198" pin="1"/><net_sink comp="72" pin=2"/></net>

<net id="203"><net_src comp="198" pin="1"/><net_sink comp="85" pin=2"/></net>

<net id="208"><net_src comp="192" pin="2"/><net_sink comp="204" pin=0"/></net>

<net id="212"><net_src comp="44" pin="1"/><net_sink comp="209" pin=0"/></net>

<net id="213"><net_src comp="209" pin="1"/><net_sink comp="178" pin=1"/></net>

<net id="214"><net_src comp="209" pin="1"/><net_sink comp="183" pin=0"/></net>

<net id="215"><net_src comp="209" pin="1"/><net_sink comp="204" pin=1"/></net>

<net id="219"><net_src comp="48" pin="2"/><net_sink comp="216" pin=0"/></net>

<net id="220"><net_src comp="216" pin="1"/><net_sink comp="173" pin=0"/></net>

<net id="224"><net_src comp="54" pin="2"/><net_sink comp="221" pin=0"/></net>

<net id="225"><net_src comp="221" pin="1"/><net_sink comp="168" pin=0"/></net>

<net id="229"><net_src comp="60" pin="2"/><net_sink comp="226" pin=0"/></net>

<net id="230"><net_src comp="226" pin="1"/><net_sink comp="163" pin=0"/></net>

<net id="234"><net_src comp="66" pin="2"/><net_sink comp="231" pin=0"/></net>

<net id="235"><net_src comp="231" pin="1"/><net_sink comp="158" pin=0"/></net>

<net id="239"><net_src comp="186" pin="2"/><net_sink comp="236" pin=0"/></net>

<net id="243"><net_src comp="198" pin="1"/><net_sink comp="240" pin=0"/></net>

<net id="244"><net_src comp="240" pin="1"/><net_sink comp="98" pin=2"/></net>

<net id="245"><net_src comp="240" pin="1"/><net_sink comp="111" pin=2"/></net>

<net id="246"><net_src comp="240" pin="1"/><net_sink comp="124" pin=2"/></net>

<net id="250"><net_src comp="72" pin="3"/><net_sink comp="247" pin=0"/></net>

<net id="251"><net_src comp="247" pin="1"/><net_sink comp="79" pin=0"/></net>

<net id="255"><net_src comp="85" pin="3"/><net_sink comp="252" pin=0"/></net>

<net id="256"><net_src comp="252" pin="1"/><net_sink comp="92" pin=0"/></net>

<net id="260"><net_src comp="79" pin="3"/><net_sink comp="257" pin=0"/></net>

<net id="261"><net_src comp="257" pin="1"/><net_sink comp="158" pin=1"/></net>

<net id="265"><net_src comp="92" pin="3"/><net_sink comp="262" pin=0"/></net>

<net id="266"><net_src comp="262" pin="1"/><net_sink comp="163" pin=1"/></net>

<net id="270"><net_src comp="158" pin="2"/><net_sink comp="267" pin=0"/></net>

<net id="271"><net_src comp="267" pin="1"/><net_sink comp="140" pin=0"/></net>

<net id="275"><net_src comp="163" pin="2"/><net_sink comp="272" pin=0"/></net>

<net id="276"><net_src comp="272" pin="1"/><net_sink comp="140" pin=1"/></net>

<net id="280"><net_src comp="98" pin="3"/><net_sink comp="277" pin=0"/></net>

<net id="281"><net_src comp="277" pin="1"/><net_sink comp="105" pin=0"/></net>

<net id="285"><net_src comp="105" pin="3"/><net_sink comp="282" pin=0"/></net>

<net id="286"><net_src comp="282" pin="1"/><net_sink comp="168" pin=1"/></net>

<net id="290"><net_src comp="140" pin="2"/><net_sink comp="287" pin=0"/></net>

<net id="291"><net_src comp="287" pin="1"/><net_sink comp="144" pin=0"/></net>

<net id="295"><net_src comp="168" pin="2"/><net_sink comp="292" pin=0"/></net>

<net id="296"><net_src comp="292" pin="1"/><net_sink comp="144" pin=1"/></net>

<net id="300"><net_src comp="111" pin="3"/><net_sink comp="297" pin=0"/></net>

<net id="301"><net_src comp="297" pin="1"/><net_sink comp="118" pin=0"/></net>

<net id="305"><net_src comp="124" pin="3"/><net_sink comp="302" pin=0"/></net>

<net id="306"><net_src comp="302" pin="1"/><net_sink comp="131" pin=2"/></net>

<net id="307"><net_src comp="302" pin="1"/><net_sink comp="131" pin=0"/></net>

<net id="311"><net_src comp="118" pin="3"/><net_sink comp="308" pin=0"/></net>

<net id="312"><net_src comp="308" pin="1"/><net_sink comp="173" pin=1"/></net>

<net id="316"><net_src comp="144" pin="2"/><net_sink comp="313" pin=0"/></net>

<net id="317"><net_src comp="313" pin="1"/><net_sink comp="148" pin=0"/></net>

<net id="321"><net_src comp="173" pin="2"/><net_sink comp="318" pin=0"/></net>

<net id="322"><net_src comp="318" pin="1"/><net_sink comp="148" pin=1"/></net>

<net id="326"><net_src comp="148" pin="2"/><net_sink comp="323" pin=0"/></net>

<net id="327"><net_src comp="323" pin="1"/><net_sink comp="152" pin=1"/></net>

<net id="331"><net_src comp="131" pin="7"/><net_sink comp="328" pin=0"/></net>

<net id="332"><net_src comp="328" pin="1"/><net_sink comp="152" pin=0"/></net>

</net_list>

</model> 
---------------- Datapath Model END ------------------

* FSMD analyzer results:
  - Output states:
	Port: acc_out | {11 }
 - Input state : 
	Port: dataflow_in_loop_VITIS_LOOP_129_4.1_Loop_VITIS_LOOP_170_9_proc712_Pipeline_VITIS : expert_result0 | {1 2 }
	Port: dataflow_in_loop_VITIS_LOOP_129_4.1_Loop_VITIS_LOOP_170_9_proc712_Pipeline_VITIS : gates_load | {1 }
	Port: dataflow_in_loop_VITIS_LOOP_129_4.1_Loop_VITIS_LOOP_170_9_proc712_Pipeline_VITIS : expert_result1 | {1 2 }
	Port: dataflow_in_loop_VITIS_LOOP_129_4.1_Loop_VITIS_LOOP_170_9_proc712_Pipeline_VITIS : gates_load_1 | {1 }
	Port: dataflow_in_loop_VITIS_LOOP_129_4.1_Loop_VITIS_LOOP_170_9_proc712_Pipeline_VITIS : expert_result2 | {3 4 }
	Port: dataflow_in_loop_VITIS_LOOP_129_4.1_Loop_VITIS_LOOP_170_9_proc712_Pipeline_VITIS : gates_load_2 | {1 }
	Port: dataflow_in_loop_VITIS_LOOP_129_4.1_Loop_VITIS_LOOP_170_9_proc712_Pipeline_VITIS : expert_result3 | {5 6 }
	Port: dataflow_in_loop_VITIS_LOOP_129_4.1_Loop_VITIS_LOOP_170_9_proc712_Pipeline_VITIS : gates_load_3 | {1 }
	Port: dataflow_in_loop_VITIS_LOOP_129_4.1_Loop_VITIS_LOOP_170_9_proc712_Pipeline_VITIS : acc_out | {9 10 }
  - Chain level:
	State 1
		store_ln187 : 1
		o_2 : 1
		icmp_ln187 : 2
		add_ln187 : 2
		br_ln187 : 3
		zext_ln187 : 2
		expert_result0_addr : 3
		expert_result0_load : 4
		expert_result1_addr : 3
		expert_result1_load : 4
		store_ln187 : 3
	State 2
		mul1 : 1
		mul2 : 1
	State 3
		expert_result2_load : 1
	State 4
		mul3 : 1
	State 5
		expert_result3_load : 1
	State 6
		mul4 : 1
	State 7
	State 8
	State 9
	State 10
		add3 : 1
	State 11
		store_ln189 : 1


============================================================
+ Verbose Summary: Datapath Resource usage 
============================================================

* Functional unit list:
|----------|------------------------------|---------|---------|---------|
| Operation|        Functional Unit       |   DSP   |    FF   |   LUT   |
|----------|------------------------------|---------|---------|---------|
|          |          grp_fu_140          |    2    |   177   |   233   |
|   fadd   |          grp_fu_144          |    2    |   177   |   233   |
|          |          grp_fu_148          |    2    |   177   |   233   |
|          |          grp_fu_152          |    2    |   177   |   233   |
|----------|------------------------------|---------|---------|---------|
|          |          grp_fu_158          |    3    |   128   |    78   |
|   fmul   |          grp_fu_163          |    3    |   128   |    78   |
|          |          grp_fu_168          |    3    |   128   |    78   |
|          |          grp_fu_173          |    3    |   128   |    78   |
|----------|------------------------------|---------|---------|---------|
|   icmp   |       icmp_ln187_fu_186      |    0    |    0    |    14   |
|----------|------------------------------|---------|---------|---------|
|    add   |       add_ln187_fu_192       |    0    |    0    |    14   |
|----------|------------------------------|---------|---------|---------|
|          | gates_load_3_read_read_fu_48 |    0    |    0    |    0    |
|   read   | gates_load_2_read_read_fu_54 |    0    |    0    |    0    |
|          | gates_load_1_read_read_fu_60 |    0    |    0    |    0    |
|          |  gates_load_read_read_fu_66  |    0    |    0    |    0    |
|----------|------------------------------|---------|---------|---------|
|   zext   |       zext_ln187_fu_198      |    0    |    0    |    0    |
|----------|------------------------------|---------|---------|---------|
|   Total  |                              |    20   |   1220  |   1272  |
|----------|------------------------------|---------|---------|---------|

Memories:
N/A

* Register list:
+---------------------------+--------+
|                           |   FF   |
+---------------------------+--------+
|    acc_out_addr_reg_302   |    6   |
|    acc_out_load_reg_328   |   32   |
|        add1_reg_313       |   32   |
|        add2_reg_323       |   32   |
|        add_reg_287        |   32   |
|expert_result0_addr_reg_247|    6   |
|expert_result0_load_reg_257|   32   |
|expert_result1_addr_reg_252|    6   |
|expert_result1_load_reg_262|   32   |
|expert_result2_addr_reg_277|    6   |
|expert_result2_load_reg_282|   32   |
|expert_result3_addr_reg_297|    6   |
|expert_result3_load_reg_308|   32   |
| gates_load_1_read_reg_226 |   32   |
| gates_load_2_read_reg_221 |   32   |
| gates_load_3_read_reg_216 |   32   |
|  gates_load_read_reg_231  |   32   |
|     icmp_ln187_reg_236    |    1   |
|        mul1_reg_267       |   32   |
|        mul2_reg_272       |   32   |
|        mul3_reg_292       |   32   |
|        mul4_reg_318       |   32   |
|         o_reg_209         |    7   |
|     zext_ln187_reg_240    |   64   |
+---------------------------+--------+
|           Total           |   614  |
+---------------------------+--------+

* Multiplexer (MUX) list: 
|-------------------|------|------|------|--------||---------||---------|
|        Comp       |  Pin | Size |  BW  | S x BW ||  Delay  ||   LUT   |
|-------------------|------|------|------|--------||---------||---------|
|  grp_access_fu_79 |  p0  |   2  |   6  |   12   ||    9    |
|  grp_access_fu_92 |  p0  |   2  |   6  |   12   ||    9    |
| grp_access_fu_105 |  p0  |   2  |   6  |   12   ||    9    |
| grp_access_fu_118 |  p0  |   2  |   6  |   12   ||    9    |
|     grp_fu_152    |  p0  |   2  |  32  |   64   ||    9    |
|     grp_fu_158    |  p1  |   2  |  32  |   64   ||    9    |
|     grp_fu_163    |  p1  |   2  |  32  |   64   ||    9    |
|     grp_fu_168    |  p1  |   2  |  32  |   64   ||    9    |
|     grp_fu_173    |  p1  |   2  |  32  |   64   ||    9    |
|-------------------|------|------|------|--------||---------||---------|
|       Total       |      |      |      |   368  ||  3.258  ||    81   |
|-------------------|------|------|------|--------||---------||---------|



* Summary:
+-----------+--------+--------+--------+--------+
|           |   DSP  |  Delay |   FF   |   LUT  |
+-----------+--------+--------+--------+--------+
|  Function |   20   |    -   |  1220  |  1272  |
|   Memory  |    -   |    -   |    -   |    -   |
|Multiplexer|    -   |    3   |    -   |   81   |
|  Register |    -   |    -   |   614  |    -   |
+-----------+--------+--------+--------+--------+
|   Total   |   20   |    3   |  1834  |  1353  |
+-----------+--------+--------+--------+--------+
