

================================================================
== Vitis HLS Report for 'dataflow_in_loop_VITIS_LOOP_129_4_1_Loop_VITIS_LOOP_170_9_proc712_Pipeline_VITIS_1'
================================================================
* Date:           Sun Sep 20 21:00:06 2026

* Version:        2023.2 (Build 4023990 on Oct 11 2023)
* Project:        project
* Solution:       solution1 (Vivado IP Flow Target)
* Product family: virtexuplus
* Target device:  xcvu13p_CIV-figd2104-3-e


================================================================
== Performance Estimates
================================================================
+ Timing: 
    * Summary: 
    +--------+----------+----------+------------+
    |  Clock |  Target  | Estimated| Uncertainty|
    +--------+----------+----------+------------+
    |ap_clk  |  10.00 ns|  2.037 ns|     2.70 ns|
    +--------+----------+----------+------------+

+ Latency: 
    * Summary: 
    +---------+---------+----------+----------+-----+-----+---------+
    |  Latency (cycles) |  Latency (absolute) |  Interval | Pipeline|
    |   min   |   max   |    min   |    max   | min | max |   Type  |
    +---------+---------+----------+----------+-----+-----+---------+
    |       66|       66|  0.660 us|  0.660 us|   66|   66|       no|
    +---------+---------+----------+----------+-----+-----+---------+

    + Detail: 
        * Instance: 
        N/A

        * Loop: 
        +--------------------+---------+---------+----------+-----------+-----------+------+----------+
        |                    |  Latency (cycles) | Iteration|  Initiation Interval  | Trip |          |
        |      Loop Name     |   min   |   max   |  Latency |  achieved |   target  | Count| Pipelined|
        +--------------------+---------+---------+----------+-----------+-----------+------+----------+
        |- VITIS_LOOP_170_9  |       64|       64|         1|          1|          1|    64|       yes|
        +--------------------+---------+---------+----------+-----------+-----------+------+----------+

============================================================
+ Verbose Summary: Synthesis Manager
============================================================
InlineROM: 1
ExposeGlobal: 0
============================================================
+ Verbose Summary: CDFG Model
============================================================
IsTopModel: 0
ResetActiveHigh: 1
IsCombinational: 0
IsDatapathOnly: 0
HasWiredReturn: 1
HasMFsm: 2
HasVarLatency: 1
IsPipeline: 0
IsRtlPipelined: 0
IsInstanceOverlapped: 0
IsDontTouch: 0
HasImplIP: 0
IsGatedGlobalClock: 0

+ Individual pipeline summary: 
  * Pipeline-0: initiation interval (II) = 1, depth = 1


============================================================
+ Verbose Summary: Schedule
============================================================
* Number of FSM states : 1
* Pipeline : 1
  Pipeline-0 : II = 1, D = 1, States = { 1 }
* Dataflow Pipeline: 0

* FSM state transitions: 
1 --> 

* FSM state operations: 

State 1 <SV = 0> <Delay = 2.03>
ST_1 : Operation 4 [1/1] (0.00ns)   --->   "%d = alloca i32 1" [/home/simics/HMoE/HLS_HMoE/pseudo_block/run_10/src/pseudo_moe.cpp:170]   --->   Operation 4 'alloca' 'd' <Predicate = true> <Delay = 0.00>
ST_1 : Operation 5 [1/1] (0.36ns)   --->   "%store_ln170 = store i7 0, i7 %d" [/home/simics/HMoE/HLS_HMoE/pseudo_block/run_10/src/pseudo_moe.cpp:170]   --->   Operation 5 'store' 'store_ln170' <Predicate = true> <Delay = 0.36>
ST_1 : Operation 6 [1/1] (0.00ns)   --->   "%br_ln0 = br void %for.cond104"   --->   Operation 6 'br' 'br_ln0' <Predicate = true> <Delay = 0.00>
ST_1 : Operation 7 [1/1] (0.00ns)   --->   "%d_1 = load i7 %d" [/home/simics/HMoE/HLS_HMoE/pseudo_block/run_10/src/pseudo_moe.cpp:170]   --->   Operation 7 'load' 'd_1' <Predicate = true> <Delay = 0.00>
ST_1 : Operation 8 [1/1] (0.65ns)   --->   "%icmp_ln170 = icmp_eq  i7 %d_1, i7 64" [/home/simics/HMoE/HLS_HMoE/pseudo_block/run_10/src/pseudo_moe.cpp:170]   --->   Operation 8 'icmp' 'icmp_ln170' <Predicate = true> <Delay = 0.65> <CoreInst = "Cmp">   --->   Core 9 'Cmp' <Latency = 0> <II = 1> <Delay = 0.65> <FuncUnit> <Opcode : 'icmp'> <InPorts = 2> <OutPorts = 1>
ST_1 : Operation 9 [1/1] (0.65ns)   --->   "%add_ln170 = add i7 %d_1, i7 1" [/home/simics/HMoE/HLS_HMoE/pseudo_block/run_10/src/pseudo_moe.cpp:170]   --->   Operation 9 'add' 'add_ln170' <Predicate = true> <Delay = 0.65> <CoreInst = "Adder">   --->   Core 1 'Adder' <Latency = 0> <II = 1> <Delay = 0.65> <FuncUnit> <Opcode : 'add' 'sub'> <InPorts = 2> <OutPorts = 1>
ST_1 : Operation 10 [1/1] (0.00ns)   --->   "%br_ln170 = br i1 %icmp_ln170, void %for.inc110, void %VITIS_LOOP_187_10.exitStub" [/home/simics/HMoE/HLS_HMoE/pseudo_block/run_10/src/pseudo_moe.cpp:170]   --->   Operation 10 'br' 'br_ln170' <Predicate = true> <Delay = 0.00>
ST_1 : Operation 11 [1/1] (0.00ns)   --->   "%zext_ln170 = zext i7 %d_1" [/home/simics/HMoE/HLS_HMoE/pseudo_block/run_10/src/pseudo_moe.cpp:170]   --->   Operation 11 'zext' 'zext_ln170' <Predicate = (!icmp_ln170)> <Delay = 0.00>
ST_1 : Operation 12 [1/1] (0.00ns)   --->   "%specpipeline_ln171 = specpipeline void @_ssdm_op_SpecPipeline, i32 1, i32 0, i32 0, i32 0, void @empty_30" [/home/simics/HMoE/HLS_HMoE/pseudo_block/run_10/src/pseudo_moe.cpp:171]   --->   Operation 12 'specpipeline' 'specpipeline_ln171' <Predicate = (!icmp_ln170)> <Delay = 0.00>
ST_1 : Operation 13 [1/1] (0.00ns)   --->   "%speclooptripcount_ln172 = speclooptripcount void @_ssdm_op_SpecLoopTripCount, i64 64, i64 64, i64 64" [/home/simics/HMoE/HLS_HMoE/pseudo_block/run_10/src/pseudo_moe.cpp:172]   --->   Operation 13 'speclooptripcount' 'speclooptripcount_ln172' <Predicate = (!icmp_ln170)> <Delay = 0.00>
ST_1 : Operation 14 [1/1] (0.00ns)   --->   "%specloopname_ln170 = specloopname void @_ssdm_op_SpecLoopName, void @empty_35" [/home/simics/HMoE/HLS_HMoE/pseudo_block/run_10/src/pseudo_moe.cpp:170]   --->   Operation 14 'specloopname' 'specloopname_ln170' <Predicate = (!icmp_ln170)> <Delay = 0.00>
ST_1 : Operation 15 [1/1] (0.00ns)   --->   "%acc_out_addr = getelementptr i32 %acc_out, i64 0, i64 %zext_ln170" [/home/simics/HMoE/HLS_HMoE/pseudo_block/run_10/src/pseudo_moe.cpp:172]   --->   Operation 15 'getelementptr' 'acc_out_addr' <Predicate = (!icmp_ln170)> <Delay = 0.00>
ST_1 : Operation 16 [1/1] (1.02ns)   --->   "%store_ln172 = store i32 0, i6 %acc_out_addr" [/home/simics/HMoE/HLS_HMoE/pseudo_block/run_10/src/pseudo_moe.cpp:172]   --->   Operation 16 'store' 'store_ln172' <Predicate = (!icmp_ln170)> <Delay = 1.02> <CoreInst = "RAM">   --->   Core 83 'RAM' <Latency = 1> <II = 1> <Delay = 1.02> <Storage> <Opcode : 'load' 'store'> <Ports = 2> <Width = 32> <Depth = 64> <RAM>
ST_1 : Operation 17 [1/1] (0.36ns)   --->   "%store_ln170 = store i7 %add_ln170, i7 %d" [/home/simics/HMoE/HLS_HMoE/pseudo_block/run_10/src/pseudo_moe.cpp:170]   --->   Operation 17 'store' 'store_ln170' <Predicate = (!icmp_ln170)> <Delay = 0.36>
ST_1 : Operation 18 [1/1] (0.00ns)   --->   "%br_ln170 = br void %for.cond104" [/home/simics/HMoE/HLS_HMoE/pseudo_block/run_10/src/pseudo_moe.cpp:170]   --->   Operation 18 'br' 'br_ln170' <Predicate = (!icmp_ln170)> <Delay = 0.00>
ST_1 : Operation 19 [1/1] (0.00ns)   --->   "%ret_ln0 = ret"   --->   Operation 19 'ret' 'ret_ln0' <Predicate = (icmp_ln170)> <Delay = 0.00>


============================================================
+ Verbose Summary: Timing violations
============================================================
Target clock period: 10.000ns, clock uncertainty: 2.700ns.

 <State 1>: 2.037ns
The critical path consists of the following:
	'store' operation 0 bit ('store_ln170', /home/simics/HMoE/HLS_HMoE/pseudo_block/run_10/src/pseudo_moe.cpp:170) of constant 0 on local variable 'd', /home/simics/HMoE/HLS_HMoE/pseudo_block/run_10/src/pseudo_moe.cpp:170 [3]  (0.362 ns)
	'load' operation 7 bit ('d', /home/simics/HMoE/HLS_HMoE/pseudo_block/run_10/src/pseudo_moe.cpp:170) on local variable 'd', /home/simics/HMoE/HLS_HMoE/pseudo_block/run_10/src/pseudo_moe.cpp:170 [6]  (0.000 ns)
	'icmp' operation 1 bit ('icmp_ln170', /home/simics/HMoE/HLS_HMoE/pseudo_block/run_10/src/pseudo_moe.cpp:170) [7]  (0.650 ns)
	'store' operation 0 bit ('store_ln172', /home/simics/HMoE/HLS_HMoE/pseudo_block/run_10/src/pseudo_moe.cpp:172) of constant 0 on array 'acc_out' [16]  (1.025 ns)


============================================================
+ Verbose Summary: Binding
============================================================
N/A
* FSMD analyzer results:
  - Output states:
 - Input state : 
  - Chain level:
	State 1


============================================================
+ Verbose Summary: Datapath Resource usage 
============================================================
N/A
