

================================================================
== Vitis HLS Report for 'pseudo_moe_Pipeline_VITIS_LOOP_104_1_VITIS_LOOP_105_2'
================================================================
* Date:           Sun Sep 20 21:00:05 2026

* Version:        2023.2 (Build 4023990 on Oct 11 2023)
* Project:        project
* Solution:       solution1 (Vivado IP Flow Target)
* Product family: virtexuplus
* Target device:  xcvu13p_CIV-figd2104-3-e


================================================================
== Performance Estimates
================================================================
+ Timing: 
    * Summary: 
    +--------+----------+----------+------------+
    |  Clock |  Target  | Estimated| Uncertainty|
    +--------+----------+----------+------------+
    |ap_clk  |  10.00 ns|  7.300 ns|     2.70 ns|
    +--------+----------+----------+------------+

+ Latency: 
    * Summary: 
    +---------+---------+----------+----------+-----+-----+---------+
    |  Latency (cycles) |  Latency (absolute) |  Interval | Pipeline|
    |   min   |   max   |    min   |    max   | min | max |   Type  |
    +---------+---------+----------+----------+-----+-----+---------+
    |      643|      643|  6.430 us|  6.430 us|  643|  643|       no|
    +---------+---------+----------+----------+-----+-----+---------+

    + Detail: 
        * Instance: 
        N/A

        * Loop: 
        +-------------------------------------+---------+---------+----------+-----------+-----------+------+----------+
        |                                     |  Latency (cycles) | Iteration|  Initiation Interval  | Trip |          |
        |              Loop Name              |   min   |   max   |  Latency |  achieved |   target  | Count| Pipelined|
        +-------------------------------------+---------+---------+----------+-----------+-----------+------+----------+
        |- VITIS_LOOP_104_1_VITIS_LOOP_105_2  |      641|      641|         3|          1|          1|   640|       yes|
        +-------------------------------------+---------+---------+----------+-----------+-----------+------+----------+

============================================================
+ Verbose Summary: Synthesis Manager
============================================================
InlineROM: 1
ExposeGlobal: 0
============================================================
+ Verbose Summary: CDFG Model
============================================================
IsTopModel: 0
ResetActiveHigh: 1
IsCombinational: 0
IsDatapathOnly: 0
HasWiredReturn: 1
HasMFsm: 2
HasVarLatency: 1
IsPipeline: 0
IsRtlPipelined: 0
IsInstanceOverlapped: 0
IsDontTouch: 0
HasImplIP: 0
IsGatedGlobalClock: 0

+ Individual pipeline summary: 
  * Pipeline-0: initiation interval (II) = 1, depth = 3


============================================================
+ Verbose Summary: Schedule
============================================================
* Number of FSM states : 3
* Pipeline : 1
  Pipeline-0 : II = 1, D = 3, States = { 1 2 3 }
* Dataflow Pipeline: 0

* FSM state transitions: 
1 --> 2 
2 --> 3 
3 --> 

* FSM state operations: 

State 1 <SV = 0> <Delay = 1.39>
ST_1 : Operation 6 [1/1] (0.00ns)   --->   "%d = alloca i32 1" [/home/simics/HMoE/HLS_HMoE/pseudo_block/run_10/src/pseudo_moe.cpp:105]   --->   Operation 6 'alloca' 'd' <Predicate = true> <Delay = 0.00>
ST_1 : Operation 7 [1/1] (0.00ns)   --->   "%n = alloca i32 1" [/home/simics/HMoE/HLS_HMoE/pseudo_block/run_10/src/pseudo_moe.cpp:104]   --->   Operation 7 'alloca' 'n' <Predicate = true> <Delay = 0.00>
ST_1 : Operation 8 [1/1] (0.00ns)   --->   "%indvar_flatten = alloca i32 1"   --->   Operation 8 'alloca' 'indvar_flatten' <Predicate = true> <Delay = 0.00>
ST_1 : Operation 9 [1/1] (0.00ns)   --->   "%sext_ln104_read = read i62 @_ssdm_op_Read.ap_auto.i62, i62 %sext_ln104"   --->   Operation 9 'read' 'sext_ln104_read' <Predicate = true> <Delay = 0.00>
ST_1 : Operation 10 [1/1] (0.00ns)   --->   "%sext_ln104_cast = sext i62 %sext_ln104_read"   --->   Operation 10 'sext' 'sext_ln104_cast' <Predicate = true> <Delay = 0.00>
ST_1 : Operation 11 [1/1] (0.00ns)   --->   "%specinterface_ln0 = specinterface void @_ssdm_op_SpecInterface, i32 %gmem0, void @empty_16, i32 0, i32 0, void @empty_30, i32 0, i32 0, void @empty_39, void @empty_38, void @empty_30, i32 16, i32 16, i32 16, i32 16, void @empty_30, void @empty_30, i32 4294967295, i32 0"   --->   Operation 11 'specinterface' 'specinterface_ln0' <Predicate = true> <Delay = 0.00>
ST_1 : Operation 12 [1/1] (0.36ns)   --->   "%store_ln0 = store i10 0, i10 %indvar_flatten"   --->   Operation 12 'store' 'store_ln0' <Predicate = true> <Delay = 0.36>
ST_1 : Operation 13 [1/1] (0.36ns)   --->   "%store_ln104 = store i4 0, i4 %n" [/home/simics/HMoE/HLS_HMoE/pseudo_block/run_10/src/pseudo_moe.cpp:104]   --->   Operation 13 'store' 'store_ln104' <Predicate = true> <Delay = 0.36>
ST_1 : Operation 14 [1/1] (0.36ns)   --->   "%store_ln105 = store i7 0, i7 %d" [/home/simics/HMoE/HLS_HMoE/pseudo_block/run_10/src/pseudo_moe.cpp:105]   --->   Operation 14 'store' 'store_ln105' <Predicate = true> <Delay = 0.36>
ST_1 : Operation 15 [1/1] (0.00ns)   --->   "%br_ln0 = br void %for.inc"   --->   Operation 15 'br' 'br_ln0' <Predicate = true> <Delay = 0.00>
ST_1 : Operation 16 [1/1] (0.00ns)   --->   "%indvar_flatten_load = load i10 %indvar_flatten" [/home/simics/HMoE/HLS_HMoE/pseudo_block/run_10/src/pseudo_moe.cpp:104]   --->   Operation 16 'load' 'indvar_flatten_load' <Predicate = true> <Delay = 0.00>
ST_1 : Operation 17 [1/1] (0.00ns)   --->   "%specbitsmap_ln0 = specbitsmap void @_ssdm_op_SpecBitsMap, i32 %gmem0"   --->   Operation 17 'specbitsmap' 'specbitsmap_ln0' <Predicate = true> <Delay = 0.00>
ST_1 : Operation 18 [1/1] (0.66ns)   --->   "%icmp_ln104 = icmp_eq  i10 %indvar_flatten_load, i10 640" [/home/simics/HMoE/HLS_HMoE/pseudo_block/run_10/src/pseudo_moe.cpp:104]   --->   Operation 18 'icmp' 'icmp_ln104' <Predicate = true> <Delay = 0.66> <CoreInst = "Cmp">   --->   Core 9 'Cmp' <Latency = 0> <II = 1> <Delay = 0.66> <FuncUnit> <Opcode : 'icmp'> <InPorts = 2> <OutPorts = 1>
ST_1 : Operation 19 [1/1] (0.66ns)   --->   "%add_ln104_1 = add i10 %indvar_flatten_load, i10 1" [/home/simics/HMoE/HLS_HMoE/pseudo_block/run_10/src/pseudo_moe.cpp:104]   --->   Operation 19 'add' 'add_ln104_1' <Predicate = true> <Delay = 0.66> <CoreInst = "Adder">   --->   Core 1 'Adder' <Latency = 0> <II = 1> <Delay = 0.66> <FuncUnit> <Opcode : 'add' 'sub'> <InPorts = 2> <OutPorts = 1>
ST_1 : Operation 20 [1/1] (0.00ns)   --->   "%br_ln104 = br i1 %icmp_ln104, void %for.inc9, void %VITIS_LOOP_116_3.split.exitStub" [/home/simics/HMoE/HLS_HMoE/pseudo_block/run_10/src/pseudo_moe.cpp:104]   --->   Operation 20 'br' 'br_ln104' <Predicate = true> <Delay = 0.00>
ST_1 : Operation 21 [1/1] (0.36ns)   --->   "%store_ln104 = store i10 %add_ln104_1, i10 %indvar_flatten" [/home/simics/HMoE/HLS_HMoE/pseudo_block/run_10/src/pseudo_moe.cpp:104]   --->   Operation 21 'store' 'store_ln104' <Predicate = (!icmp_ln104)> <Delay = 0.36>

State 2 <SV = 1> <Delay = 7.30>
ST_2 : Operation 22 [1/1] (0.00ns)   --->   "%gmem0_addr = getelementptr i32 %gmem0, i64 %sext_ln104_cast" [/home/simics/HMoE/HLS_HMoE/pseudo_block/run_10/src/pseudo_moe.cpp:104]   --->   Operation 22 'getelementptr' 'gmem0_addr' <Predicate = true> <Delay = 0.00>
ST_2 : Operation 23 [1/1] (7.30ns)   --->   "%gmem0_addr_read = read i32 @_ssdm_op_Read.m_axi.p1i32, i32 %gmem0_addr" [/home/simics/HMoE/HLS_HMoE/pseudo_block/run_10/src/pseudo_moe.cpp:107]   --->   Operation 23 'read' 'gmem0_addr_read' <Predicate = true> <Delay = 7.30> <CoreInst = "m_axi">   --->   Core 121 'm_axi' <Latency = 0> <II = 1> <Delay = 1.00> <Adapter> <Opcode : 'read' 'write' 'readreq' 'writereq' 'writeresp'>
ST_2 : Operation 24 [1/1] (0.00ns)   --->   "%bitcast_ln107 = bitcast i32 %gmem0_addr_read" [/home/simics/HMoE/HLS_HMoE/pseudo_block/run_10/src/pseudo_moe.cpp:107]   --->   Operation 24 'bitcast' 'bitcast_ln107' <Predicate = true> <Delay = 0.00>
ST_2 : Operation 91 [1/1] (0.00ns)   --->   "%ret_ln0 = ret"   --->   Operation 91 'ret' 'ret_ln0' <Predicate = (icmp_ln104)> <Delay = 0.00>

State 3 <SV = 2> <Delay = 2.62>
ST_3 : Operation 25 [1/1] (0.00ns)   --->   "%d_load = load i7 %d" [/home/simics/HMoE/HLS_HMoE/pseudo_block/run_10/src/pseudo_moe.cpp:105]   --->   Operation 25 'load' 'd_load' <Predicate = true> <Delay = 0.00>
ST_3 : Operation 26 [1/1] (0.00ns)   --->   "%n_load = load i4 %n" [/home/simics/HMoE/HLS_HMoE/pseudo_block/run_10/src/pseudo_moe.cpp:104]   --->   Operation 26 'load' 'n_load' <Predicate = true> <Delay = 0.00>
ST_3 : Operation 27 [1/1] (0.64ns)   --->   "%add_ln104 = add i4 %n_load, i4 1" [/home/simics/HMoE/HLS_HMoE/pseudo_block/run_10/src/pseudo_moe.cpp:104]   --->   Operation 27 'add' 'add_ln104' <Predicate = true> <Delay = 0.64> <CoreInst = "Adder">   --->   Core 1 'Adder' <Latency = 0> <II = 1> <Delay = 0.64> <FuncUnit> <Opcode : 'add' 'sub'> <InPorts = 2> <OutPorts = 1>
ST_3 : Operation 28 [1/1] (0.00ns)   --->   "%specloopname_ln0 = specloopname void @_ssdm_op_SpecLoopName, void @VITIS_LOOP_104_1_VITIS_LOOP_105_2_str"   --->   Operation 28 'specloopname' 'specloopname_ln0' <Predicate = true> <Delay = 0.00>
ST_3 : Operation 29 [1/1] (0.00ns)   --->   "%speclooptripcount_ln0 = speclooptripcount void @_ssdm_op_SpecLoopTripCount, i64 640, i64 640, i64 640"   --->   Operation 29 'speclooptripcount' 'speclooptripcount_ln0' <Predicate = true> <Delay = 0.00>
ST_3 : Operation 30 [1/1] (0.65ns)   --->   "%icmp_ln105 = icmp_eq  i7 %d_load, i7 64" [/home/simics/HMoE/HLS_HMoE/pseudo_block/run_10/src/pseudo_moe.cpp:105]   --->   Operation 30 'icmp' 'icmp_ln105' <Predicate = true> <Delay = 0.65> <CoreInst = "Cmp">   --->   Core 9 'Cmp' <Latency = 0> <II = 1> <Delay = 0.65> <FuncUnit> <Opcode : 'icmp'> <InPorts = 2> <OutPorts = 1>
ST_3 : Operation 31 [1/1] (0.28ns)   --->   "%select_ln104 = select i1 %icmp_ln105, i7 0, i7 %d_load" [/home/simics/HMoE/HLS_HMoE/pseudo_block/run_10/src/pseudo_moe.cpp:104]   --->   Operation 31 'select' 'select_ln104' <Predicate = true> <Delay = 0.28> <CoreInst = "Sel">   --->   Core 73 'Sel' <Latency = 0> <II = 1> <Delay = 0.28> <FuncUnit> <Opcode : 'select'> <InPorts = 3> <OutPorts = 1>
ST_3 : Operation 32 [1/1] (0.17ns)   --->   "%select_ln104_1 = select i1 %icmp_ln105, i4 %add_ln104, i4 %n_load" [/home/simics/HMoE/HLS_HMoE/pseudo_block/run_10/src/pseudo_moe.cpp:104]   --->   Operation 32 'select' 'select_ln104_1' <Predicate = true> <Delay = 0.17> <CoreInst = "Sel">   --->   Core 73 'Sel' <Latency = 0> <II = 1> <Delay = 0.17> <FuncUnit> <Opcode : 'select'> <InPorts = 3> <OutPorts = 1>
ST_3 : Operation 33 [1/1] (0.00ns)   --->   "%trunc_ln105 = trunc i7 %select_ln104" [/home/simics/HMoE/HLS_HMoE/pseudo_block/run_10/src/pseudo_moe.cpp:105]   --->   Operation 33 'trunc' 'trunc_ln105' <Predicate = true> <Delay = 0.00>
ST_3 : Operation 34 [1/1] (0.00ns)   --->   "%specpipeline_ln106 = specpipeline void @_ssdm_op_SpecPipeline, i32 1, i32 0, i32 0, i32 0, void @empty_30" [/home/simics/HMoE/HLS_HMoE/pseudo_block/run_10/src/pseudo_moe.cpp:106]   --->   Operation 34 'specpipeline' 'specpipeline_ln106' <Predicate = true> <Delay = 0.00>
ST_3 : Operation 35 [1/1] (0.00ns)   --->   "%lshr_ln = partselect i2 @_ssdm_op_PartSelect.i2.i7.i32.i32, i7 %select_ln104, i32 4, i32 5" [/home/simics/HMoE/HLS_HMoE/pseudo_block/run_10/src/pseudo_moe.cpp:105]   --->   Operation 35 'partselect' 'lshr_ln' <Predicate = true> <Delay = 0.00>
ST_3 : Operation 36 [1/1] (0.00ns)   --->   "%tmp = bitconcatenate i6 @_ssdm_op_BitConcatenate.i6.i4.i2, i4 %select_ln104_1, i2 %lshr_ln" [/home/simics/HMoE/HLS_HMoE/pseudo_block/run_10/src/pseudo_moe.cpp:107]   --->   Operation 36 'bitconcatenate' 'tmp' <Predicate = true> <Delay = 0.00>
ST_3 : Operation 37 [1/1] (0.00ns)   --->   "%zext_ln107 = zext i6 %tmp" [/home/simics/HMoE/HLS_HMoE/pseudo_block/run_10/src/pseudo_moe.cpp:107]   --->   Operation 37 'zext' 'zext_ln107' <Predicate = true> <Delay = 0.00>
ST_3 : Operation 38 [1/1] (0.00ns)   --->   "%input_local_addr = getelementptr i32 %input_local, i64 0, i64 %zext_ln107" [/home/simics/HMoE/HLS_HMoE/pseudo_block/run_10/src/pseudo_moe.cpp:107]   --->   Operation 38 'getelementptr' 'input_local_addr' <Predicate = true> <Delay = 0.00>
ST_3 : Operation 39 [1/1] (0.00ns)   --->   "%input_local_1_addr = getelementptr i32 %input_local_1, i64 0, i64 %zext_ln107" [/home/simics/HMoE/HLS_HMoE/pseudo_block/run_10/src/pseudo_moe.cpp:107]   --->   Operation 39 'getelementptr' 'input_local_1_addr' <Predicate = true> <Delay = 0.00>
ST_3 : Operation 40 [1/1] (0.00ns)   --->   "%input_local_2_addr = getelementptr i32 %input_local_2, i64 0, i64 %zext_ln107" [/home/simics/HMoE/HLS_HMoE/pseudo_block/run_10/src/pseudo_moe.cpp:107]   --->   Operation 40 'getelementptr' 'input_local_2_addr' <Predicate = true> <Delay = 0.00>
ST_3 : Operation 41 [1/1] (0.00ns)   --->   "%input_local_3_addr = getelementptr i32 %input_local_3, i64 0, i64 %zext_ln107" [/home/simics/HMoE/HLS_HMoE/pseudo_block/run_10/src/pseudo_moe.cpp:107]   --->   Operation 41 'getelementptr' 'input_local_3_addr' <Predicate = true> <Delay = 0.00>
ST_3 : Operation 42 [1/1] (0.00ns)   --->   "%input_local_4_addr = getelementptr i32 %input_local_4, i64 0, i64 %zext_ln107" [/home/simics/HMoE/HLS_HMoE/pseudo_block/run_10/src/pseudo_moe.cpp:107]   --->   Operation 42 'getelementptr' 'input_local_4_addr' <Predicate = true> <Delay = 0.00>
ST_3 : Operation 43 [1/1] (0.00ns)   --->   "%input_local_5_addr = getelementptr i32 %input_local_5, i64 0, i64 %zext_ln107" [/home/simics/HMoE/HLS_HMoE/pseudo_block/run_10/src/pseudo_moe.cpp:107]   --->   Operation 43 'getelementptr' 'input_local_5_addr' <Predicate = true> <Delay = 0.00>
ST_3 : Operation 44 [1/1] (0.00ns)   --->   "%input_local_6_addr = getelementptr i32 %input_local_6, i64 0, i64 %zext_ln107" [/home/simics/HMoE/HLS_HMoE/pseudo_block/run_10/src/pseudo_moe.cpp:107]   --->   Operation 44 'getelementptr' 'input_local_6_addr' <Predicate = true> <Delay = 0.00>
ST_3 : Operation 45 [1/1] (0.00ns)   --->   "%input_local_7_addr = getelementptr i32 %input_local_7, i64 0, i64 %zext_ln107" [/home/simics/HMoE/HLS_HMoE/pseudo_block/run_10/src/pseudo_moe.cpp:107]   --->   Operation 45 'getelementptr' 'input_local_7_addr' <Predicate = true> <Delay = 0.00>
ST_3 : Operation 46 [1/1] (0.00ns)   --->   "%input_local_8_addr = getelementptr i32 %input_local_8, i64 0, i64 %zext_ln107" [/home/simics/HMoE/HLS_HMoE/pseudo_block/run_10/src/pseudo_moe.cpp:107]   --->   Operation 46 'getelementptr' 'input_local_8_addr' <Predicate = true> <Delay = 0.00>
ST_3 : Operation 47 [1/1] (0.00ns)   --->   "%input_local_9_addr = getelementptr i32 %input_local_9, i64 0, i64 %zext_ln107" [/home/simics/HMoE/HLS_HMoE/pseudo_block/run_10/src/pseudo_moe.cpp:107]   --->   Operation 47 'getelementptr' 'input_local_9_addr' <Predicate = true> <Delay = 0.00>
ST_3 : Operation 48 [1/1] (0.00ns)   --->   "%input_local_10_addr = getelementptr i32 %input_local_10, i64 0, i64 %zext_ln107" [/home/simics/HMoE/HLS_HMoE/pseudo_block/run_10/src/pseudo_moe.cpp:107]   --->   Operation 48 'getelementptr' 'input_local_10_addr' <Predicate = true> <Delay = 0.00>
ST_3 : Operation 49 [1/1] (0.00ns)   --->   "%input_local_11_addr = getelementptr i32 %input_local_11, i64 0, i64 %zext_ln107" [/home/simics/HMoE/HLS_HMoE/pseudo_block/run_10/src/pseudo_moe.cpp:107]   --->   Operation 49 'getelementptr' 'input_local_11_addr' <Predicate = true> <Delay = 0.00>
ST_3 : Operation 50 [1/1] (0.00ns)   --->   "%input_local_12_addr = getelementptr i32 %input_local_12, i64 0, i64 %zext_ln107" [/home/simics/HMoE/HLS_HMoE/pseudo_block/run_10/src/pseudo_moe.cpp:107]   --->   Operation 50 'getelementptr' 'input_local_12_addr' <Predicate = true> <Delay = 0.00>
ST_3 : Operation 51 [1/1] (0.00ns)   --->   "%input_local_13_addr = getelementptr i32 %input_local_13, i64 0, i64 %zext_ln107" [/home/simics/HMoE/HLS_HMoE/pseudo_block/run_10/src/pseudo_moe.cpp:107]   --->   Operation 51 'getelementptr' 'input_local_13_addr' <Predicate = true> <Delay = 0.00>
ST_3 : Operation 52 [1/1] (0.00ns)   --->   "%input_local_14_addr = getelementptr i32 %input_local_14, i64 0, i64 %zext_ln107" [/home/simics/HMoE/HLS_HMoE/pseudo_block/run_10/src/pseudo_moe.cpp:107]   --->   Operation 52 'getelementptr' 'input_local_14_addr' <Predicate = true> <Delay = 0.00>
ST_3 : Operation 53 [1/1] (0.00ns)   --->   "%input_local_15_addr = getelementptr i32 %input_local_15, i64 0, i64 %zext_ln107" [/home/simics/HMoE/HLS_HMoE/pseudo_block/run_10/src/pseudo_moe.cpp:107]   --->   Operation 53 'getelementptr' 'input_local_15_addr' <Predicate = true> <Delay = 0.00>
ST_3 : Operation 54 [1/1] (0.66ns)   --->   "%switch_ln107 = switch i4 %trunc_ln105, void %arrayidx86.case.15, i4 0, void %arrayidx86.case.0, i4 1, void %arrayidx86.case.1, i4 2, void %arrayidx86.case.2, i4 3, void %arrayidx86.case.3, i4 4, void %arrayidx86.case.4, i4 5, void %arrayidx86.case.5, i4 6, void %arrayidx86.case.6, i4 7, void %arrayidx86.case.7, i4 8, void %arrayidx86.case.8, i4 9, void %arrayidx86.case.9, i4 10, void %arrayidx86.case.10, i4 11, void %arrayidx86.case.11, i4 12, void %arrayidx86.case.12, i4 13, void %arrayidx86.case.13, i4 14, void %arrayidx86.case.14" [/home/simics/HMoE/HLS_HMoE/pseudo_block/run_10/src/pseudo_moe.cpp:107]   --->   Operation 54 'switch' 'switch_ln107' <Predicate = true> <Delay = 0.66>
ST_3 : Operation 55 [1/1] (1.02ns)   --->   "%store_ln107 = store i32 %bitcast_ln107, i6 %input_local_14_addr" [/home/simics/HMoE/HLS_HMoE/pseudo_block/run_10/src/pseudo_moe.cpp:107]   --->   Operation 55 'store' 'store_ln107' <Predicate = (trunc_ln105 == 14)> <Delay = 1.02> <CoreInst = "RAM_1WnR">   --->   Core 84 'RAM_1WnR' <Latency = 1> <II = 1> <Delay = 1.02> <Storage> <Opcode : 'load' 'store'> <Ports = 17> <Width = 32> <Depth = 40> <RAM>
ST_3 : Operation 56 [1/1] (0.00ns)   --->   "%br_ln107 = br void %arrayidx86.exit" [/home/simics/HMoE/HLS_HMoE/pseudo_block/run_10/src/pseudo_moe.cpp:107]   --->   Operation 56 'br' 'br_ln107' <Predicate = (trunc_ln105 == 14)> <Delay = 0.00>
ST_3 : Operation 57 [1/1] (1.02ns)   --->   "%store_ln107 = store i32 %bitcast_ln107, i6 %input_local_13_addr" [/home/simics/HMoE/HLS_HMoE/pseudo_block/run_10/src/pseudo_moe.cpp:107]   --->   Operation 57 'store' 'store_ln107' <Predicate = (trunc_ln105 == 13)> <Delay = 1.02> <CoreInst = "RAM_1WnR">   --->   Core 84 'RAM_1WnR' <Latency = 1> <II = 1> <Delay = 1.02> <Storage> <Opcode : 'load' 'store'> <Ports = 17> <Width = 32> <Depth = 40> <RAM>
ST_3 : Operation 58 [1/1] (0.00ns)   --->   "%br_ln107 = br void %arrayidx86.exit" [/home/simics/HMoE/HLS_HMoE/pseudo_block/run_10/src/pseudo_moe.cpp:107]   --->   Operation 58 'br' 'br_ln107' <Predicate = (trunc_ln105 == 13)> <Delay = 0.00>
ST_3 : Operation 59 [1/1] (1.02ns)   --->   "%store_ln107 = store i32 %bitcast_ln107, i6 %input_local_12_addr" [/home/simics/HMoE/HLS_HMoE/pseudo_block/run_10/src/pseudo_moe.cpp:107]   --->   Operation 59 'store' 'store_ln107' <Predicate = (trunc_ln105 == 12)> <Delay = 1.02> <CoreInst = "RAM_1WnR">   --->   Core 84 'RAM_1WnR' <Latency = 1> <II = 1> <Delay = 1.02> <Storage> <Opcode : 'load' 'store'> <Ports = 17> <Width = 32> <Depth = 40> <RAM>
ST_3 : Operation 60 [1/1] (0.00ns)   --->   "%br_ln107 = br void %arrayidx86.exit" [/home/simics/HMoE/HLS_HMoE/pseudo_block/run_10/src/pseudo_moe.cpp:107]   --->   Operation 60 'br' 'br_ln107' <Predicate = (trunc_ln105 == 12)> <Delay = 0.00>
ST_3 : Operation 61 [1/1] (1.02ns)   --->   "%store_ln107 = store i32 %bitcast_ln107, i6 %input_local_11_addr" [/home/simics/HMoE/HLS_HMoE/pseudo_block/run_10/src/pseudo_moe.cpp:107]   --->   Operation 61 'store' 'store_ln107' <Predicate = (trunc_ln105 == 11)> <Delay = 1.02> <CoreInst = "RAM_1WnR">   --->   Core 84 'RAM_1WnR' <Latency = 1> <II = 1> <Delay = 1.02> <Storage> <Opcode : 'load' 'store'> <Ports = 17> <Width = 32> <Depth = 40> <RAM>
ST_3 : Operation 62 [1/1] (0.00ns)   --->   "%br_ln107 = br void %arrayidx86.exit" [/home/simics/HMoE/HLS_HMoE/pseudo_block/run_10/src/pseudo_moe.cpp:107]   --->   Operation 62 'br' 'br_ln107' <Predicate = (trunc_ln105 == 11)> <Delay = 0.00>
ST_3 : Operation 63 [1/1] (1.02ns)   --->   "%store_ln107 = store i32 %bitcast_ln107, i6 %input_local_10_addr" [/home/simics/HMoE/HLS_HMoE/pseudo_block/run_10/src/pseudo_moe.cpp:107]   --->   Operation 63 'store' 'store_ln107' <Predicate = (trunc_ln105 == 10)> <Delay = 1.02> <CoreInst = "RAM_1WnR">   --->   Core 84 'RAM_1WnR' <Latency = 1> <II = 1> <Delay = 1.02> <Storage> <Opcode : 'load' 'store'> <Ports = 17> <Width = 32> <Depth = 40> <RAM>
ST_3 : Operation 64 [1/1] (0.00ns)   --->   "%br_ln107 = br void %arrayidx86.exit" [/home/simics/HMoE/HLS_HMoE/pseudo_block/run_10/src/pseudo_moe.cpp:107]   --->   Operation 64 'br' 'br_ln107' <Predicate = (trunc_ln105 == 10)> <Delay = 0.00>
ST_3 : Operation 65 [1/1] (1.02ns)   --->   "%store_ln107 = store i32 %bitcast_ln107, i6 %input_local_9_addr" [/home/simics/HMoE/HLS_HMoE/pseudo_block/run_10/src/pseudo_moe.cpp:107]   --->   Operation 65 'store' 'store_ln107' <Predicate = (trunc_ln105 == 9)> <Delay = 1.02> <CoreInst = "RAM_1WnR">   --->   Core 84 'RAM_1WnR' <Latency = 1> <II = 1> <Delay = 1.02> <Storage> <Opcode : 'load' 'store'> <Ports = 17> <Width = 32> <Depth = 40> <RAM>
ST_3 : Operation 66 [1/1] (0.00ns)   --->   "%br_ln107 = br void %arrayidx86.exit" [/home/simics/HMoE/HLS_HMoE/pseudo_block/run_10/src/pseudo_moe.cpp:107]   --->   Operation 66 'br' 'br_ln107' <Predicate = (trunc_ln105 == 9)> <Delay = 0.00>
ST_3 : Operation 67 [1/1] (1.02ns)   --->   "%store_ln107 = store i32 %bitcast_ln107, i6 %input_local_8_addr" [/home/simics/HMoE/HLS_HMoE/pseudo_block/run_10/src/pseudo_moe.cpp:107]   --->   Operation 67 'store' 'store_ln107' <Predicate = (trunc_ln105 == 8)> <Delay = 1.02> <CoreInst = "RAM_1WnR">   --->   Core 84 'RAM_1WnR' <Latency = 1> <II = 1> <Delay = 1.02> <Storage> <Opcode : 'load' 'store'> <Ports = 17> <Width = 32> <Depth = 40> <RAM>
ST_3 : Operation 68 [1/1] (0.00ns)   --->   "%br_ln107 = br void %arrayidx86.exit" [/home/simics/HMoE/HLS_HMoE/pseudo_block/run_10/src/pseudo_moe.cpp:107]   --->   Operation 68 'br' 'br_ln107' <Predicate = (trunc_ln105 == 8)> <Delay = 0.00>
ST_3 : Operation 69 [1/1] (1.02ns)   --->   "%store_ln107 = store i32 %bitcast_ln107, i6 %input_local_7_addr" [/home/simics/HMoE/HLS_HMoE/pseudo_block/run_10/src/pseudo_moe.cpp:107]   --->   Operation 69 'store' 'store_ln107' <Predicate = (trunc_ln105 == 7)> <Delay = 1.02> <CoreInst = "RAM_1WnR">   --->   Core 84 'RAM_1WnR' <Latency = 1> <II = 1> <Delay = 1.02> <Storage> <Opcode : 'load' 'store'> <Ports = 17> <Width = 32> <Depth = 40> <RAM>
ST_3 : Operation 70 [1/1] (0.00ns)   --->   "%br_ln107 = br void %arrayidx86.exit" [/home/simics/HMoE/HLS_HMoE/pseudo_block/run_10/src/pseudo_moe.cpp:107]   --->   Operation 70 'br' 'br_ln107' <Predicate = (trunc_ln105 == 7)> <Delay = 0.00>
ST_3 : Operation 71 [1/1] (1.02ns)   --->   "%store_ln107 = store i32 %bitcast_ln107, i6 %input_local_6_addr" [/home/simics/HMoE/HLS_HMoE/pseudo_block/run_10/src/pseudo_moe.cpp:107]   --->   Operation 71 'store' 'store_ln107' <Predicate = (trunc_ln105 == 6)> <Delay = 1.02> <CoreInst = "RAM_1WnR">   --->   Core 84 'RAM_1WnR' <Latency = 1> <II = 1> <Delay = 1.02> <Storage> <Opcode : 'load' 'store'> <Ports = 17> <Width = 32> <Depth = 40> <RAM>
ST_3 : Operation 72 [1/1] (0.00ns)   --->   "%br_ln107 = br void %arrayidx86.exit" [/home/simics/HMoE/HLS_HMoE/pseudo_block/run_10/src/pseudo_moe.cpp:107]   --->   Operation 72 'br' 'br_ln107' <Predicate = (trunc_ln105 == 6)> <Delay = 0.00>
ST_3 : Operation 73 [1/1] (1.02ns)   --->   "%store_ln107 = store i32 %bitcast_ln107, i6 %input_local_5_addr" [/home/simics/HMoE/HLS_HMoE/pseudo_block/run_10/src/pseudo_moe.cpp:107]   --->   Operation 73 'store' 'store_ln107' <Predicate = (trunc_ln105 == 5)> <Delay = 1.02> <CoreInst = "RAM_1WnR">   --->   Core 84 'RAM_1WnR' <Latency = 1> <II = 1> <Delay = 1.02> <Storage> <Opcode : 'load' 'store'> <Ports = 17> <Width = 32> <Depth = 40> <RAM>
ST_3 : Operation 74 [1/1] (0.00ns)   --->   "%br_ln107 = br void %arrayidx86.exit" [/home/simics/HMoE/HLS_HMoE/pseudo_block/run_10/src/pseudo_moe.cpp:107]   --->   Operation 74 'br' 'br_ln107' <Predicate = (trunc_ln105 == 5)> <Delay = 0.00>
ST_3 : Operation 75 [1/1] (1.02ns)   --->   "%store_ln107 = store i32 %bitcast_ln107, i6 %input_local_4_addr" [/home/simics/HMoE/HLS_HMoE/pseudo_block/run_10/src/pseudo_moe.cpp:107]   --->   Operation 75 'store' 'store_ln107' <Predicate = (trunc_ln105 == 4)> <Delay = 1.02> <CoreInst = "RAM_1WnR">   --->   Core 84 'RAM_1WnR' <Latency = 1> <II = 1> <Delay = 1.02> <Storage> <Opcode : 'load' 'store'> <Ports = 17> <Width = 32> <Depth = 40> <RAM>
ST_3 : Operation 76 [1/1] (0.00ns)   --->   "%br_ln107 = br void %arrayidx86.exit" [/home/simics/HMoE/HLS_HMoE/pseudo_block/run_10/src/pseudo_moe.cpp:107]   --->   Operation 76 'br' 'br_ln107' <Predicate = (trunc_ln105 == 4)> <Delay = 0.00>
ST_3 : Operation 77 [1/1] (1.02ns)   --->   "%store_ln107 = store i32 %bitcast_ln107, i6 %input_local_3_addr" [/home/simics/HMoE/HLS_HMoE/pseudo_block/run_10/src/pseudo_moe.cpp:107]   --->   Operation 77 'store' 'store_ln107' <Predicate = (trunc_ln105 == 3)> <Delay = 1.02> <CoreInst = "RAM_1WnR">   --->   Core 84 'RAM_1WnR' <Latency = 1> <II = 1> <Delay = 1.02> <Storage> <Opcode : 'load' 'store'> <Ports = 17> <Width = 32> <Depth = 40> <RAM>
ST_3 : Operation 78 [1/1] (0.00ns)   --->   "%br_ln107 = br void %arrayidx86.exit" [/home/simics/HMoE/HLS_HMoE/pseudo_block/run_10/src/pseudo_moe.cpp:107]   --->   Operation 78 'br' 'br_ln107' <Predicate = (trunc_ln105 == 3)> <Delay = 0.00>
ST_3 : Operation 79 [1/1] (1.02ns)   --->   "%store_ln107 = store i32 %bitcast_ln107, i6 %input_local_2_addr" [/home/simics/HMoE/HLS_HMoE/pseudo_block/run_10/src/pseudo_moe.cpp:107]   --->   Operation 79 'store' 'store_ln107' <Predicate = (trunc_ln105 == 2)> <Delay = 1.02> <CoreInst = "RAM_1WnR">   --->   Core 84 'RAM_1WnR' <Latency = 1> <II = 1> <Delay = 1.02> <Storage> <Opcode : 'load' 'store'> <Ports = 17> <Width = 32> <Depth = 40> <RAM>
ST_3 : Operation 80 [1/1] (0.00ns)   --->   "%br_ln107 = br void %arrayidx86.exit" [/home/simics/HMoE/HLS_HMoE/pseudo_block/run_10/src/pseudo_moe.cpp:107]   --->   Operation 80 'br' 'br_ln107' <Predicate = (trunc_ln105 == 2)> <Delay = 0.00>
ST_3 : Operation 81 [1/1] (1.02ns)   --->   "%store_ln107 = store i32 %bitcast_ln107, i6 %input_local_1_addr" [/home/simics/HMoE/HLS_HMoE/pseudo_block/run_10/src/pseudo_moe.cpp:107]   --->   Operation 81 'store' 'store_ln107' <Predicate = (trunc_ln105 == 1)> <Delay = 1.02> <CoreInst = "RAM_1WnR">   --->   Core 84 'RAM_1WnR' <Latency = 1> <II = 1> <Delay = 1.02> <Storage> <Opcode : 'load' 'store'> <Ports = 17> <Width = 32> <Depth = 40> <RAM>
ST_3 : Operation 82 [1/1] (0.00ns)   --->   "%br_ln107 = br void %arrayidx86.exit" [/home/simics/HMoE/HLS_HMoE/pseudo_block/run_10/src/pseudo_moe.cpp:107]   --->   Operation 82 'br' 'br_ln107' <Predicate = (trunc_ln105 == 1)> <Delay = 0.00>
ST_3 : Operation 83 [1/1] (1.02ns)   --->   "%store_ln107 = store i32 %bitcast_ln107, i6 %input_local_addr" [/home/simics/HMoE/HLS_HMoE/pseudo_block/run_10/src/pseudo_moe.cpp:107]   --->   Operation 83 'store' 'store_ln107' <Predicate = (trunc_ln105 == 0)> <Delay = 1.02> <CoreInst = "RAM_1WnR">   --->   Core 84 'RAM_1WnR' <Latency = 1> <II = 1> <Delay = 1.02> <Storage> <Opcode : 'load' 'store'> <Ports = 17> <Width = 32> <Depth = 40> <RAM>
ST_3 : Operation 84 [1/1] (0.00ns)   --->   "%br_ln107 = br void %arrayidx86.exit" [/home/simics/HMoE/HLS_HMoE/pseudo_block/run_10/src/pseudo_moe.cpp:107]   --->   Operation 84 'br' 'br_ln107' <Predicate = (trunc_ln105 == 0)> <Delay = 0.00>
ST_3 : Operation 85 [1/1] (1.02ns)   --->   "%store_ln107 = store i32 %bitcast_ln107, i6 %input_local_15_addr" [/home/simics/HMoE/HLS_HMoE/pseudo_block/run_10/src/pseudo_moe.cpp:107]   --->   Operation 85 'store' 'store_ln107' <Predicate = (trunc_ln105 == 15)> <Delay = 1.02> <CoreInst = "RAM_1WnR">   --->   Core 84 'RAM_1WnR' <Latency = 1> <II = 1> <Delay = 1.02> <Storage> <Opcode : 'load' 'store'> <Ports = 17> <Width = 32> <Depth = 40> <RAM>
ST_3 : Operation 86 [1/1] (0.00ns)   --->   "%br_ln107 = br void %arrayidx86.exit" [/home/simics/HMoE/HLS_HMoE/pseudo_block/run_10/src/pseudo_moe.cpp:107]   --->   Operation 86 'br' 'br_ln107' <Predicate = (trunc_ln105 == 15)> <Delay = 0.00>
ST_3 : Operation 87 [1/1] (0.65ns)   --->   "%add_ln105 = add i7 %select_ln104, i7 1" [/home/simics/HMoE/HLS_HMoE/pseudo_block/run_10/src/pseudo_moe.cpp:105]   --->   Operation 87 'add' 'add_ln105' <Predicate = true> <Delay = 0.65> <CoreInst = "Adder">   --->   Core 1 'Adder' <Latency = 0> <II = 1> <Delay = 0.65> <FuncUnit> <Opcode : 'add' 'sub'> <InPorts = 2> <OutPorts = 1>
ST_3 : Operation 88 [1/1] (0.36ns)   --->   "%store_ln104 = store i4 %select_ln104_1, i4 %n" [/home/simics/HMoE/HLS_HMoE/pseudo_block/run_10/src/pseudo_moe.cpp:104]   --->   Operation 88 'store' 'store_ln104' <Predicate = true> <Delay = 0.36>
ST_3 : Operation 89 [1/1] (0.36ns)   --->   "%store_ln105 = store i7 %add_ln105, i7 %d" [/home/simics/HMoE/HLS_HMoE/pseudo_block/run_10/src/pseudo_moe.cpp:105]   --->   Operation 89 'store' 'store_ln105' <Predicate = true> <Delay = 0.36>
ST_3 : Operation 90 [1/1] (0.00ns)   --->   "%br_ln105 = br void %for.inc" [/home/simics/HMoE/HLS_HMoE/pseudo_block/run_10/src/pseudo_moe.cpp:105]   --->   Operation 90 'br' 'br_ln105' <Predicate = true> <Delay = 0.00>


============================================================
+ Verbose Summary: Timing violations
============================================================
Target clock period: 10.000ns, clock uncertainty: 2.700ns.

 <State 1>: 1.392ns
The critical path consists of the following:
	'store' operation 0 bit ('store_ln0') of constant 0 on local variable 'indvar_flatten' [25]  (0.362 ns)
	'load' operation 10 bit ('indvar_flatten_load', /home/simics/HMoE/HLS_HMoE/pseudo_block/run_10/src/pseudo_moe.cpp:104) on local variable 'indvar_flatten' [30]  (0.000 ns)
	'icmp' operation 1 bit ('icmp_ln104', /home/simics/HMoE/HLS_HMoE/pseudo_block/run_10/src/pseudo_moe.cpp:104) [32]  (0.668 ns)
	'store' operation 0 bit ('store_ln104', /home/simics/HMoE/HLS_HMoE/pseudo_block/run_10/src/pseudo_moe.cpp:104) of variable 'add_ln104_1', /home/simics/HMoE/HLS_HMoE/pseudo_block/run_10/src/pseudo_moe.cpp:104 on local variable 'indvar_flatten' [119]  (0.362 ns)

 <State 2>: 7.300ns
The critical path consists of the following:
	'getelementptr' operation 32 bit ('gmem0_addr', /home/simics/HMoE/HLS_HMoE/pseudo_block/run_10/src/pseudo_moe.cpp:104) [38]  (0.000 ns)
	bus read operation ('gmem0_addr_read', /home/simics/HMoE/HLS_HMoE/pseudo_block/run_10/src/pseudo_moe.cpp:107) on port 'gmem0' (/home/simics/HMoE/HLS_HMoE/pseudo_block/run_10/src/pseudo_moe.cpp:107) [66]  (7.300 ns)

 <State 3>: 2.623ns
The critical path consists of the following:
	'load' operation 7 bit ('d_load', /home/simics/HMoE/HLS_HMoE/pseudo_block/run_10/src/pseudo_moe.cpp:105) on local variable 'd', /home/simics/HMoE/HLS_HMoE/pseudo_block/run_10/src/pseudo_moe.cpp:105 [36]  (0.000 ns)
	'icmp' operation 1 bit ('icmp_ln105', /home/simics/HMoE/HLS_HMoE/pseudo_block/run_10/src/pseudo_moe.cpp:105) [42]  (0.650 ns)
	'select' operation 7 bit ('select_ln104', /home/simics/HMoE/HLS_HMoE/pseudo_block/run_10/src/pseudo_moe.cpp:104) [43]  (0.281 ns)
	'store' operation 0 bit ('store_ln107', /home/simics/HMoE/HLS_HMoE/pseudo_block/run_10/src/pseudo_moe.cpp:107) of variable 'bitcast_ln107', /home/simics/HMoE/HLS_HMoE/pseudo_block/run_10/src/pseudo_moe.cpp:107 on array 'input_local_14' [70]  (1.025 ns)
	blocking operation 0.667 ns on control path)


============================================================
+ Verbose Summary: Binding
============================================================
N/A
* FSMD analyzer results:
  - Output states:
 - Input state : 
  - Chain level:
	State 1
	State 2
	State 3


============================================================
+ Verbose Summary: Datapath Resource usage 
============================================================
N/A
