

================================================================
== Vitis HLS Report for 'graph_moe_Pipeline_VITIS_LOOP_93_4'
================================================================
* Date:           Sat Sep 12 16:02:20 2026

* Version:        2023.2 (Build 4023990 on Oct 11 2023)
* Project:        HLS_GraphMoE_Run3
* Solution:       solution1 (Vivado IP Flow Target)
* Product family: virtexuplus
* Target device:  xcvu13p_CIV-figd2104-3-e


================================================================
== Performance Estimates
================================================================
+ Timing: 
    * Summary: 
    +--------+----------+----------+------------+
    |  Clock |  Target  | Estimated| Uncertainty|
    +--------+----------+----------+------------+
    |ap_clk  |  10.00 ns|  6.829 ns|     2.70 ns|
    +--------+----------+----------+------------+

+ Latency: 
    * Summary: 
    +---------+---------+----------+----------+-----+-----+---------+
    |  Latency (cycles) |  Latency (absolute) |  Interval | Pipeline|
    |   min   |   max   |    min   |    max   | min | max |   Type  |
    +---------+---------+----------+----------+-----+-----+---------+
    |       12|       12|  0.120 us|  0.120 us|   12|   12|       no|
    +---------+---------+----------+----------+-----+-----+---------+

    + Detail: 
        * Instance: 
        N/A

        * Loop: 
        +-------------------+---------+---------+----------+-----------+-----------+------+----------+
        |                   |  Latency (cycles) | Iteration|  Initiation Interval  | Trip |          |
        |     Loop Name     |   min   |   max   |  Latency |  achieved |   target  | Count| Pipelined|
        +-------------------+---------+---------+----------+-----------+-----------+------+----------+
        |- VITIS_LOOP_93_4  |       10|       10|         8|          1|          1|     4|       yes|
        +-------------------+---------+---------+----------+-----------+-----------+------+----------+



================================================================
== Utilization Estimates
================================================================
* Summary: 
+---------------------+---------+-------+---------+---------+------+
|         Name        | BRAM_18K|  DSP  |    FF   |   LUT   | URAM |
+---------------------+---------+-------+---------+---------+------+
|DSP                  |        -|      -|        -|        -|     -|
|Expression           |        -|      -|        0|       24|     -|
|FIFO                 |        -|      -|        -|        -|     -|
|Instance             |        -|      -|        0|       20|     -|
|Memory               |        -|      -|        -|        -|     -|
|Multiplexer          |        -|      -|        -|       54|     -|
|Register             |        -|      -|      246|       64|     -|
+---------------------+---------+-------+---------+---------+------+
|Total                |        0|      0|      246|      162|     0|
+---------------------+---------+-------+---------+---------+------+
|Available SLR        |     1344|   3072|   864000|   432000|   320|
+---------------------+---------+-------+---------+---------+------+
|Utilization SLR (%)  |        0|      0|       ~0|       ~0|     0|
+---------------------+---------+-------+---------+---------+------+
|Available            |     5376|  12288|  3456000|  1728000|  1280|
+---------------------+---------+-------+---------+---------+------+
|Utilization (%)      |        0|      0|       ~0|       ~0|     0|
+---------------------+---------+-------+---------+---------+------+

+ Detail: 
    * Instance: 
    +--------------------+----------------+---------+----+---+----+-----+
    |      Instance      |     Module     | BRAM_18K| DSP| FF| LUT| URAM|
    +--------------------+----------------+---------+----+---+----+-----+
    |mux_4_2_32_1_1_U18  |mux_4_2_32_1_1  |        0|   0|  0|  20|    0|
    +--------------------+----------------+---------+----+---+----+-----+
    |Total               |                |        0|   0|  0|  20|    0|
    +--------------------+----------------+---------+----+---+----+-----+

    * DSP: 
    N/A

    * Memory: 
    N/A

    * FIFO: 
    N/A

    * Expression: 
    +---------------------+----------+----+---+----+------------+------------+
    |    Variable Name    | Operation| DSP| FF| LUT| Bitwidth P0| Bitwidth P1|
    +---------------------+----------+----+---+----+------------+------------+
    |add_ln93_fu_145_p2   |         +|   0|  0|  10|           3|           1|
    |icmp_ln93_fu_139_p2  |      icmp|   0|  0|  12|           3|           4|
    |ap_enable_pp0        |       xor|   0|  0|   2|           1|           2|
    +---------------------+----------+----+---+----+------------+------------+
    |Total                |          |   0|  0|  24|           7|           7|
    +---------------------+----------+----+---+----+------------+------------+

    * Multiplexer: 
    +-------------------------------+----+-----------+-----+-----------+
    |              Name             | LUT| Input Size| Bits| Total Bits|
    +-------------------------------+----+-----------+-----+-----------+
    |ap_done_int                    |   9|          2|    1|          2|
    |ap_enable_reg_pp0_iter1        |   9|          2|    1|          2|
    |ap_sig_allocacmp_e_1           |   9|          2|    3|          6|
    |ap_sig_allocacmp_exp_sum_load  |   9|          2|   32|         64|
    |e_fu_58                        |   9|          2|    3|          6|
    |exp_sum_fu_54                  |   9|          2|   32|         64|
    +-------------------------------+----+-----------+-----+-----------+
    |Total                          |  54|         12|   72|        144|
    +-------------------------------+----+-----------+-----+-----------+

    * Register: 
    +----------------------------------+----+----+-----+-----------+
    |               Name               | FF | LUT| Bits| Const Bits|
    +----------------------------------+----+----+-----+-----------+
    |ap_CS_fsm                         |   1|   0|    1|          0|
    |ap_done_reg                       |   1|   0|    1|          0|
    |ap_enable_reg_pp0_iter1           |   1|   0|    1|          0|
    |ap_enable_reg_pp0_iter2           |   1|   0|    1|          0|
    |ap_enable_reg_pp0_iter3           |   1|   0|    1|          0|
    |ap_enable_reg_pp0_iter4           |   1|   0|    1|          0|
    |ap_enable_reg_pp0_iter5           |   1|   0|    1|          0|
    |ap_enable_reg_pp0_iter6           |   1|   0|    1|          0|
    |ap_enable_reg_pp0_iter7           |   1|   0|    1|          0|
    |ap_loop_exit_ready_pp0_iter1_reg  |   1|   0|    1|          0|
    |ap_loop_exit_ready_pp0_iter2_reg  |   1|   0|    1|          0|
    |ap_loop_exit_ready_pp0_iter3_reg  |   1|   0|    1|          0|
    |ap_loop_exit_ready_pp0_iter4_reg  |   1|   0|    1|          0|
    |ap_loop_exit_ready_pp0_iter5_reg  |   1|   0|    1|          0|
    |ap_loop_exit_ready_pp0_iter6_reg  |   1|   0|    1|          0|
    |e_1_reg_217                       |   3|   0|    3|          0|
    |e_fu_58                           |   3|   0|    3|          0|
    |exp_sum_fu_54                     |  32|   0|   32|          0|
    |icmp_ln93_reg_222                 |   1|   0|    1|          0|
    |p_x_assign_reg_231                |  32|   0|   32|          0|
    |tmp_reg_236                       |  32|   0|   32|          0|
    |e_1_reg_217                       |  64|  32|    3|          0|
    |icmp_ln93_reg_222                 |  64|  32|    1|          0|
    +----------------------------------+----+----+-----+-----------+
    |Total                             | 246|  64|  122|          0|
    +----------------------------------+----+----+-----+-----------+



================================================================
== Interface
================================================================
* Summary: 
+----------------------+-----+-----+------------+------------------------------------+--------------+
|       RTL Ports      | Dir | Bits|  Protocol  |            Source Object           |    C Type    |
+----------------------+-----+-----+------------+------------------------------------+--------------+
|ap_clk                |   in|    1|  ap_ctrl_hs|  graph_moe_Pipeline_VITIS_LOOP_93_4|  return value|
|ap_rst                |   in|    1|  ap_ctrl_hs|  graph_moe_Pipeline_VITIS_LOOP_93_4|  return value|
|ap_start              |   in|    1|  ap_ctrl_hs|  graph_moe_Pipeline_VITIS_LOOP_93_4|  return value|
|ap_done               |  out|    1|  ap_ctrl_hs|  graph_moe_Pipeline_VITIS_LOOP_93_4|  return value|
|ap_idle               |  out|    1|  ap_ctrl_hs|  graph_moe_Pipeline_VITIS_LOOP_93_4|  return value|
|ap_ready              |  out|    1|  ap_ctrl_hs|  graph_moe_Pipeline_VITIS_LOOP_93_4|  return value|
|grp_fu_8225_p_din0    |  out|   32|  ap_ctrl_hs|  graph_moe_Pipeline_VITIS_LOOP_93_4|  return value|
|grp_fu_8225_p_din1    |  out|   32|  ap_ctrl_hs|  graph_moe_Pipeline_VITIS_LOOP_93_4|  return value|
|grp_fu_8225_p_opcode  |  out|    1|  ap_ctrl_hs|  graph_moe_Pipeline_VITIS_LOOP_93_4|  return value|
|grp_fu_8225_p_dout0   |   in|   32|  ap_ctrl_hs|  graph_moe_Pipeline_VITIS_LOOP_93_4|  return value|
|grp_fu_8225_p_ce      |  out|    1|  ap_ctrl_hs|  graph_moe_Pipeline_VITIS_LOOP_93_4|  return value|
|grp_fu_8229_p_din0    |  out|   32|  ap_ctrl_hs|  graph_moe_Pipeline_VITIS_LOOP_93_4|  return value|
|grp_fu_8229_p_din1    |  out|   32|  ap_ctrl_hs|  graph_moe_Pipeline_VITIS_LOOP_93_4|  return value|
|grp_fu_8229_p_opcode  |  out|    2|  ap_ctrl_hs|  graph_moe_Pipeline_VITIS_LOOP_93_4|  return value|
|grp_fu_8229_p_dout0   |   in|   32|  ap_ctrl_hs|  graph_moe_Pipeline_VITIS_LOOP_93_4|  return value|
|grp_fu_8229_p_ce      |  out|    1|  ap_ctrl_hs|  graph_moe_Pipeline_VITIS_LOOP_93_4|  return value|
|grp_fu_8233_p_din0    |  out|   32|  ap_ctrl_hs|  graph_moe_Pipeline_VITIS_LOOP_93_4|  return value|
|grp_fu_8233_p_din1    |  out|   32|  ap_ctrl_hs|  graph_moe_Pipeline_VITIS_LOOP_93_4|  return value|
|grp_fu_8233_p_dout0   |   in|   32|  ap_ctrl_hs|  graph_moe_Pipeline_VITIS_LOOP_93_4|  return value|
|grp_fu_8233_p_ce      |  out|    1|  ap_ctrl_hs|  graph_moe_Pipeline_VITIS_LOOP_93_4|  return value|
|logits_0_01           |   in|   32|     ap_none|                         logits_0_01|        scalar|
|logits_1_02           |   in|   32|     ap_none|                         logits_1_02|        scalar|
|logits_2_03           |   in|   32|     ap_none|                         logits_2_03|        scalar|
|logits_3_04           |   in|   32|     ap_none|                         logits_3_04|        scalar|
|max_logit_1_reload    |   in|   32|     ap_none|                  max_logit_1_reload|        scalar|
|gates_address0        |  out|    2|   ap_memory|                               gates|         array|
|gates_ce0             |  out|    1|   ap_memory|                               gates|         array|
|gates_we0             |  out|    1|   ap_memory|                               gates|         array|
|gates_d0              |  out|   32|   ap_memory|                               gates|         array|
|exp_sum_out           |  out|   32|      ap_vld|                         exp_sum_out|       pointer|
|exp_sum_out_ap_vld    |  out|    1|      ap_vld|                         exp_sum_out|       pointer|
+----------------------+-----+-----+------------+------------------------------------+--------------+

============================================================
+ Verbose Summary: Synthesis Manager
============================================================
InlineROM: 1
ExposeGlobal: 0
============================================================
+ Verbose Summary: CDFG Model
============================================================
IsTopModel: 0
ResetActiveHigh: 1
IsCombinational: 2
IsDatapathOnly: 2
HasWiredReturn: 1
HasMFsm: 2
HasVarLatency: 1
IsPipeline: 0
IsRtlPipelined: 0
IsInstanceOverlapped: 0
IsDontTouch: 0
HasImplIP: 0
IsGatedGlobalClock: 0

+ Individual pipeline summary: 
  * Pipeline-0: initiation interval (II) = 1, depth = 8


============================================================
+ Verbose Summary: Schedule
============================================================
* Number of FSM states : 8
* Pipeline : 1
  Pipeline-0 : II = 1, D = 8, States = { 1 2 3 4 5 6 7 8 }
* Dataflow Pipeline: 0

* FSM state transitions: 
1 --> 2 
2 --> 3 
3 --> 4 
4 --> 5 
5 --> 6 
6 --> 7 
7 --> 8 
8 --> 

* FSM state operations: 

State 1 <SV = 0> <Delay = 6.82>
ST_1 : Operation 11 [1/1] (0.00ns)   --->   "%exp_sum = alloca i32 1" [src/moe.cpp:91]   --->   Operation 11 'alloca' 'exp_sum' <Predicate = true> <Delay = 0.00>
ST_1 : Operation 12 [1/1] (0.00ns)   --->   "%e = alloca i32 1" [src/moe.cpp:93]   --->   Operation 12 'alloca' 'e' <Predicate = true> <Delay = 0.00>
ST_1 : Operation 13 [1/1] (0.00ns)   --->   "%specinterface_ln0 = specinterface void @_ssdm_op_SpecInterface, i32 %gates, void @empty_2, i32 0, i32 0, void @empty_3, i32 4294967295, i32 0, void @empty_3, void @empty_3, void @empty_3, i32 0, i32 0, i32 0, i32 0, void @empty_3, void @empty_3, i32 4294967295, i32 0"   --->   Operation 13 'specinterface' 'specinterface_ln0' <Predicate = true> <Delay = 0.00>
ST_1 : Operation 14 [1/1] (0.00ns)   --->   "%max_logit_1_reload_read = read i32 @_ssdm_op_Read.ap_auto.float, i32 %max_logit_1_reload"   --->   Operation 14 'read' 'max_logit_1_reload_read' <Predicate = true> <Delay = 0.00>
ST_1 : Operation 15 [1/1] (0.00ns)   --->   "%logits_3_04_read = read i32 @_ssdm_op_Read.ap_auto.float, i32 %logits_3_04"   --->   Operation 15 'read' 'logits_3_04_read' <Predicate = true> <Delay = 0.00>
ST_1 : Operation 16 [1/1] (0.00ns)   --->   "%logits_2_03_read = read i32 @_ssdm_op_Read.ap_auto.float, i32 %logits_2_03"   --->   Operation 16 'read' 'logits_2_03_read' <Predicate = true> <Delay = 0.00>
ST_1 : Operation 17 [1/1] (0.00ns)   --->   "%logits_1_02_read = read i32 @_ssdm_op_Read.ap_auto.float, i32 %logits_1_02"   --->   Operation 17 'read' 'logits_1_02_read' <Predicate = true> <Delay = 0.00>
ST_1 : Operation 18 [1/1] (0.00ns)   --->   "%logits_0_01_read = read i32 @_ssdm_op_Read.ap_auto.float, i32 %logits_0_01"   --->   Operation 18 'read' 'logits_0_01_read' <Predicate = true> <Delay = 0.00>
ST_1 : Operation 19 [1/1] (0.36ns)   --->   "%store_ln93 = store i3 0, i3 %e" [src/moe.cpp:93]   --->   Operation 19 'store' 'store_ln93' <Predicate = true> <Delay = 0.36>
ST_1 : Operation 20 [1/1] (0.36ns)   --->   "%store_ln91 = store i32 0, i32 %exp_sum" [src/moe.cpp:91]   --->   Operation 20 'store' 'store_ln91' <Predicate = true> <Delay = 0.36>
ST_1 : Operation 21 [1/1] (0.00ns)   --->   "%br_ln0 = br void %for.inc42"   --->   Operation 21 'br' 'br_ln0' <Predicate = true> <Delay = 0.00>
ST_1 : Operation 22 [1/1] (0.00ns)   --->   "%e_1 = load i3 %e" [src/moe.cpp:97]   --->   Operation 22 'load' 'e_1' <Predicate = true> <Delay = 0.00>
ST_1 : Operation 23 [1/1] (0.52ns)   --->   "%icmp_ln93 = icmp_eq  i3 %e_1, i3 4" [src/moe.cpp:93]   --->   Operation 23 'icmp' 'icmp_ln93' <Predicate = true> <Delay = 0.52> <CoreInst = "Cmp">   --->   Core 9 'Cmp' <Latency = 0> <II = 1> <Delay = 0.64> <FuncUnit> <Opcode : 'icmp'> <InPorts = 2> <OutPorts = 1>
ST_1 : Operation 24 [1/1] (0.52ns)   --->   "%add_ln93 = add i3 %e_1, i3 1" [src/moe.cpp:93]   --->   Operation 24 'add' 'add_ln93' <Predicate = true> <Delay = 0.52> <CoreInst = "Adder">   --->   Core 1 'Adder' <Latency = 0> <II = 1> <Delay = 0.52> <FuncUnit> <Opcode : 'add' 'sub'> <InPorts = 2> <OutPorts = 1>
ST_1 : Operation 25 [1/1] (0.00ns)   --->   "%br_ln93 = br i1 %icmp_ln93, void %for.inc42.split, void %for.inc54.preheader.exitStub" [src/moe.cpp:93]   --->   Operation 25 'br' 'br_ln93' <Predicate = true> <Delay = 0.00>
ST_1 : Operation 26 [1/1] (0.00ns)   --->   "%trunc_ln97 = trunc i3 %e_1" [src/moe.cpp:97]   --->   Operation 26 'trunc' 'trunc_ln97' <Predicate = (!icmp_ln93)> <Delay = 0.00>
ST_1 : Operation 27 [1/1] (0.42ns)   --->   "%tmp_s = mux i32 @_ssdm_op_Mux.ap_auto.4float.i2, i32 %logits_0_01_read, i32 %logits_1_02_read, i32 %logits_2_03_read, i32 %logits_3_04_read, i2 %trunc_ln97" [src/moe.cpp:97]   --->   Operation 27 'mux' 'tmp_s' <Predicate = (!icmp_ln93)> <Delay = 0.42> <CoreInst = "Multiplexer">   --->   Core 76 'Multiplexer' <Latency = 0> <II = 1> <Delay = 0.42> <FuncUnit> <Opcode : 'mux'> <InPorts = 2> <OutPorts = 1>
ST_1 : Operation 28 [2/2] (6.04ns)   --->   "%p_x_assign = fsub i32 %tmp_s, i32 %max_logit_1_reload_read" [src/moe.cpp:97]   --->   Operation 28 'fsub' 'p_x_assign' <Predicate = (!icmp_ln93)> <Delay = 6.04> <CoreInst = "FAddSub_fulldsp">   --->   Core 18 'FAddSub_fulldsp' <Latency = 1> <II = 1> <Delay = 6.04> <FuncUnit> <Opcode : 'fadd' 'fsub'> <InPorts = 2> <OutPorts = 1>
ST_1 : Operation 29 [1/1] (0.36ns)   --->   "%store_ln93 = store i3 %add_ln93, i3 %e" [src/moe.cpp:93]   --->   Operation 29 'store' 'store_ln93' <Predicate = (!icmp_ln93)> <Delay = 0.36>

State 2 <SV = 1> <Delay = 6.04>
ST_2 : Operation 30 [1/2] (6.04ns)   --->   "%p_x_assign = fsub i32 %tmp_s, i32 %max_logit_1_reload_read" [src/moe.cpp:97]   --->   Operation 30 'fsub' 'p_x_assign' <Predicate = true> <Delay = 6.04> <CoreInst = "FAddSub_fulldsp">   --->   Core 18 'FAddSub_fulldsp' <Latency = 1> <II = 1> <Delay = 6.04> <FuncUnit> <Opcode : 'fadd' 'fsub'> <InPorts = 2> <OutPorts = 1>

State 3 <SV = 2> <Delay = 6.28>
ST_3 : Operation 31 [4/4] (6.28ns)   --->   "%tmp = fexp i32 @llvm.exp.f32, i32 %p_x_assign" [/home/simics/HMoE/Vitis_HLS/2023.2/tps/lnx64/gcc-8.3.0/lib/gcc/x86_64-pc-linux-gnu/8.3.0/../../../../include/c++/8.3.0/cmath:223->src/moe.cpp:97]   --->   Operation 31 'fexp' 'tmp' <Predicate = true> <Delay = 6.28> <CoreInst = "FExp_fulldsp">   --->   Core 23 'FExp_fulldsp' <Latency = 3> <II = 1> <Delay = 6.28> <FuncUnit> <Opcode : 'fexp'> <InPorts = 1> <OutPorts = 1>

State 4 <SV = 3> <Delay = 6.28>
ST_4 : Operation 32 [3/4] (6.28ns)   --->   "%tmp = fexp i32 @llvm.exp.f32, i32 %p_x_assign" [/home/simics/HMoE/Vitis_HLS/2023.2/tps/lnx64/gcc-8.3.0/lib/gcc/x86_64-pc-linux-gnu/8.3.0/../../../../include/c++/8.3.0/cmath:223->src/moe.cpp:97]   --->   Operation 32 'fexp' 'tmp' <Predicate = true> <Delay = 6.28> <CoreInst = "FExp_fulldsp">   --->   Core 23 'FExp_fulldsp' <Latency = 3> <II = 1> <Delay = 6.28> <FuncUnit> <Opcode : 'fexp'> <InPorts = 1> <OutPorts = 1>

State 5 <SV = 4> <Delay = 6.28>
ST_5 : Operation 33 [2/4] (6.28ns)   --->   "%tmp = fexp i32 @llvm.exp.f32, i32 %p_x_assign" [/home/simics/HMoE/Vitis_HLS/2023.2/tps/lnx64/gcc-8.3.0/lib/gcc/x86_64-pc-linux-gnu/8.3.0/../../../../include/c++/8.3.0/cmath:223->src/moe.cpp:97]   --->   Operation 33 'fexp' 'tmp' <Predicate = true> <Delay = 6.28> <CoreInst = "FExp_fulldsp">   --->   Core 23 'FExp_fulldsp' <Latency = 3> <II = 1> <Delay = 6.28> <FuncUnit> <Opcode : 'fexp'> <InPorts = 1> <OutPorts = 1>

State 6 <SV = 5> <Delay = 6.82>
ST_6 : Operation 34 [1/1] (0.00ns)   --->   "%zext_ln93 = zext i3 %e_1" [src/moe.cpp:93]   --->   Operation 34 'zext' 'zext_ln93' <Predicate = true> <Delay = 0.00>
ST_6 : Operation 35 [1/4] (6.28ns)   --->   "%tmp = fexp i32 @llvm.exp.f32, i32 %p_x_assign" [/home/simics/HMoE/Vitis_HLS/2023.2/tps/lnx64/gcc-8.3.0/lib/gcc/x86_64-pc-linux-gnu/8.3.0/../../../../include/c++/8.3.0/cmath:223->src/moe.cpp:97]   --->   Operation 35 'fexp' 'tmp' <Predicate = true> <Delay = 6.28> <CoreInst = "FExp_fulldsp">   --->   Core 23 'FExp_fulldsp' <Latency = 3> <II = 1> <Delay = 6.28> <FuncUnit> <Opcode : 'fexp'> <InPorts = 1> <OutPorts = 1>
ST_6 : Operation 36 [1/1] (0.00ns)   --->   "%bitcast_ln97 = bitcast i32 %tmp" [src/moe.cpp:97]   --->   Operation 36 'bitcast' 'bitcast_ln97' <Predicate = true> <Delay = 0.00>
ST_6 : Operation 37 [1/1] (0.00ns)   --->   "%gates_addr = getelementptr i32 %gates, i64 0, i64 %zext_ln93" [src/moe.cpp:97]   --->   Operation 37 'getelementptr' 'gates_addr' <Predicate = true> <Delay = 0.00>
ST_6 : Operation 38 [1/1] (0.54ns)   --->   "%store_ln97 = store i32 %bitcast_ln97, i2 %gates_addr" [src/moe.cpp:97]   --->   Operation 38 'store' 'store_ln97' <Predicate = true> <Delay = 0.54> <CoreInst = "RAM">   --->   Core 83 'RAM' <Latency = 1> <II = 1> <Delay = 0.54> <Storage> <Opcode : 'load' 'store'> <Ports = 2> <Width = 32> <Depth = 4> <RAM>

State 7 <SV = 6> <Delay = 6.04>
ST_7 : Operation 39 [1/1] (0.00ns)   --->   "%exp_sum_load = load i32 %exp_sum" [src/moe.cpp:98]   --->   Operation 39 'load' 'exp_sum_load' <Predicate = true> <Delay = 0.00>
ST_7 : Operation 40 [2/2] (6.04ns)   --->   "%exp_sum_1 = fadd i32 %exp_sum_load, i32 %tmp" [src/moe.cpp:98]   --->   Operation 40 'fadd' 'exp_sum_1' <Predicate = true> <Delay = 6.04> <CoreInst = "FAddSub_fulldsp">   --->   Core 18 'FAddSub_fulldsp' <Latency = 1> <II = 1> <Delay = 6.04> <FuncUnit> <Opcode : 'fadd' 'fsub'> <InPorts = 2> <OutPorts = 1>
ST_7 : Operation 47 [1/1] (0.00ns)   --->   "%exp_sum_load_1 = load i32 %exp_sum"   --->   Operation 47 'load' 'exp_sum_load_1' <Predicate = (icmp_ln93)> <Delay = 0.00>
ST_7 : Operation 48 [1/1] (0.00ns)   --->   "%write_ln0 = write void @_ssdm_op_Write.ap_auto.floatP0A, i32 %exp_sum_out, i32 %exp_sum_load_1"   --->   Operation 48 'write' 'write_ln0' <Predicate = (icmp_ln93)> <Delay = 0.00>
ST_7 : Operation 49 [1/1] (0.00ns)   --->   "%ret_ln0 = ret"   --->   Operation 49 'ret' 'ret_ln0' <Predicate = (icmp_ln93)> <Delay = 0.00>

State 8 <SV = 7> <Delay = 6.40>
ST_8 : Operation 41 [1/1] (0.00ns)   --->   "%specpipeline_ln95 = specpipeline void @_ssdm_op_SpecPipeline, i32 1, i32 0, i32 0, i32 0, void @empty_3" [src/moe.cpp:95]   --->   Operation 41 'specpipeline' 'specpipeline_ln95' <Predicate = true> <Delay = 0.00>
ST_8 : Operation 42 [1/1] (0.00ns)   --->   "%speclooptripcount_ln93 = speclooptripcount void @_ssdm_op_SpecLoopTripCount, i64 4, i64 4, i64 4" [src/moe.cpp:93]   --->   Operation 42 'speclooptripcount' 'speclooptripcount_ln93' <Predicate = true> <Delay = 0.00>
ST_8 : Operation 43 [1/1] (0.00ns)   --->   "%specloopname_ln93 = specloopname void @_ssdm_op_SpecLoopName, void @empty_7" [src/moe.cpp:93]   --->   Operation 43 'specloopname' 'specloopname_ln93' <Predicate = true> <Delay = 0.00>
ST_8 : Operation 44 [1/2] (6.04ns)   --->   "%exp_sum_1 = fadd i32 %exp_sum_load, i32 %tmp" [src/moe.cpp:98]   --->   Operation 44 'fadd' 'exp_sum_1' <Predicate = true> <Delay = 6.04> <CoreInst = "FAddSub_fulldsp">   --->   Core 18 'FAddSub_fulldsp' <Latency = 1> <II = 1> <Delay = 6.04> <FuncUnit> <Opcode : 'fadd' 'fsub'> <InPorts = 2> <OutPorts = 1>
ST_8 : Operation 45 [1/1] (0.36ns)   --->   "%store_ln91 = store i32 %exp_sum_1, i32 %exp_sum" [src/moe.cpp:91]   --->   Operation 45 'store' 'store_ln91' <Predicate = true> <Delay = 0.36>
ST_8 : Operation 46 [1/1] (0.00ns)   --->   "%br_ln93 = br void %for.inc42" [src/moe.cpp:93]   --->   Operation 46 'br' 'br_ln93' <Predicate = true> <Delay = 0.00>


============================================================
+ Verbose Summary: Binding
============================================================
STG Binding: 
---------------- STG Properties BEGIN ----------------
- Is combinational: 0
- Is one-state seq: 0
- Is datapath-only: 0
- Is pipelined: 0
- Is top level: 0
Port [ Return ] is wired: 1; IO mode=ap_ctrl_hs:ce=0
Port [ logits_0_01]:  wired=1; compound=0; hidden=0; nouse=0; global=0; static=0; extern=0; dir=0; type=0; pingpong=0; private_global=0; IO mode=ap_none:ce=0
Port [ logits_1_02]:  wired=1; compound=0; hidden=0; nouse=0; global=0; static=0; extern=0; dir=0; type=0; pingpong=0; private_global=0; IO mode=ap_none:ce=0
Port [ logits_2_03]:  wired=1; compound=0; hidden=0; nouse=0; global=0; static=0; extern=0; dir=0; type=0; pingpong=0; private_global=0; IO mode=ap_none:ce=0
Port [ logits_3_04]:  wired=1; compound=0; hidden=0; nouse=0; global=0; static=0; extern=0; dir=0; type=0; pingpong=0; private_global=0; IO mode=ap_none:ce=0
Port [ max_logit_1_reload]:  wired=1; compound=0; hidden=0; nouse=0; global=0; static=0; extern=0; dir=0; type=0; pingpong=0; private_global=0; IO mode=ap_none:ce=0
Port [ gates]:  wired=1; compound=1; hidden=0; nouse=0; global=0; static=0; extern=0; dir=1; type=1; pingpong=0; private_global=0; MemPort=[03]; IO mode=ap_memory:ce=0
Port [ exp_sum_out]:  wired=1; compound=0; hidden=0; nouse=0; global=0; static=0; extern=0; dir=1; type=0; pingpong=0; private_global=0; IO mode=ap_vld:ce=0
---------------- STG Properties END ------------------

---------------- Datapath Model BEGIN ----------------

<LifeTime>
<method=bitvector/>
exp_sum                 (alloca           ) [ 011111111]
e                       (alloca           ) [ 010000000]
specinterface_ln0       (specinterface    ) [ 000000000]
max_logit_1_reload_read (read             ) [ 011000000]
logits_3_04_read        (read             ) [ 000000000]
logits_2_03_read        (read             ) [ 000000000]
logits_1_02_read        (read             ) [ 000000000]
logits_0_01_read        (read             ) [ 000000000]
store_ln93              (store            ) [ 000000000]
store_ln91              (store            ) [ 000000000]
br_ln0                  (br               ) [ 000000000]
e_1                     (load             ) [ 011111100]
icmp_ln93               (icmp             ) [ 011111110]
add_ln93                (add              ) [ 000000000]
br_ln93                 (br               ) [ 000000000]
trunc_ln97              (trunc            ) [ 000000000]
tmp_s                   (mux              ) [ 011000000]
store_ln93              (store            ) [ 000000000]
p_x_assign              (fsub             ) [ 010111100]
zext_ln93               (zext             ) [ 000000000]
tmp                     (fexp             ) [ 010000011]
bitcast_ln97            (bitcast          ) [ 000000000]
gates_addr              (getelementptr    ) [ 000000000]
store_ln97              (store            ) [ 000000000]
exp_sum_load            (load             ) [ 010000001]
specpipeline_ln95       (specpipeline     ) [ 000000000]
speclooptripcount_ln93  (speclooptripcount) [ 000000000]
specloopname_ln93       (specloopname     ) [ 000000000]
exp_sum_1               (fadd             ) [ 000000000]
store_ln91              (store            ) [ 000000000]
br_ln93                 (br               ) [ 000000000]
exp_sum_load_1          (load             ) [ 000000000]
write_ln0               (write            ) [ 000000000]
ret_ln0                 (ret              ) [ 000000000]
</LifeTime>

<model>

<comp_list>
<comp id="0" class="1000" name="logits_0_01">
<pin_list>
<pin id="1" dir="1" index="0" bw="1" slack="0"/>
</pin_list>
<bind>
<StgValue><ssdm name="logits_0_01"/></StgValue>
</bind>
</comp>

<comp id="2" class="1000" name="logits_1_02">
<pin_list>
<pin id="3" dir="1" index="0" bw="1" slack="0"/>
</pin_list>
<bind>
<StgValue><ssdm name="logits_1_02"/></StgValue>
</bind>
</comp>

<comp id="4" class="1000" name="logits_2_03">
<pin_list>
<pin id="5" dir="1" index="0" bw="1" slack="0"/>
</pin_list>
<bind>
<StgValue><ssdm name="logits_2_03"/></StgValue>
</bind>
</comp>

<comp id="6" class="1000" name="logits_3_04">
<pin_list>
<pin id="7" dir="1" index="0" bw="1" slack="0"/>
</pin_list>
<bind>
<StgValue><ssdm name="logits_3_04"/></StgValue>
</bind>
</comp>

<comp id="8" class="1000" name="max_logit_1_reload">
<pin_list>
<pin id="9" dir="1" index="0" bw="1" slack="0"/>
</pin_list>
<bind>
<StgValue><ssdm name="max_logit_1_reload"/></StgValue>
</bind>
</comp>

<comp id="10" class="1000" name="gates">
<pin_list>
<pin id="11" dir="1" index="0" bw="1" slack="0"/>
</pin_list>
<bind>
<StgValue><ssdm name="gates"/><MemPortTyVec>0 3 </MemPortTyVec>
</StgValue>
</bind>
</comp>

<comp id="12" class="1000" name="exp_sum_out">
<pin_list>
<pin id="13" dir="1" index="0" bw="1" slack="0"/>
</pin_list>
<bind>
<StgValue><ssdm name="exp_sum_out"/></StgValue>
</bind>
</comp>

<comp id="14" class="1001" name="const_14">
<pin_list>
<pin id="15" dir="1" index="0" bw="1" slack="0"/>
</pin_list>
<bind>
<StgValue><ssdm name=""/></StgValue>
</bind>
</comp>

<comp id="16" class="1001" name="const_16">
<pin_list>
<pin id="17" dir="1" index="0" bw="1" slack="2147483647"/>
</pin_list>
<bind>
<StgValue><ssdm name="_ssdm_op_SpecInterface"/></StgValue>
</bind>
</comp>

<comp id="18" class="1001" name="const_18">
<pin_list>
<pin id="19" dir="1" index="0" bw="1" slack="2147483647"/>
</pin_list>
<bind>
<StgValue><ssdm name="empty_2"/></StgValue>
</bind>
</comp>

<comp id="20" class="1001" name="const_20">
<pin_list>
<pin id="21" dir="1" index="0" bw="1" slack="2147483647"/>
</pin_list>
<bind>
<StgValue><ssdm name=""/></StgValue>
</bind>
</comp>

<comp id="22" class="1001" name="const_22">
<pin_list>
<pin id="23" dir="1" index="0" bw="1" slack="2147483647"/>
</pin_list>
<bind>
<StgValue><ssdm name="empty_3"/></StgValue>
</bind>
</comp>

<comp id="24" class="1001" name="const_24">
<pin_list>
<pin id="25" dir="1" index="0" bw="1" slack="2147483647"/>
</pin_list>
<bind>
<StgValue><ssdm name=""/></StgValue>
</bind>
</comp>

<comp id="26" class="1001" name="const_26">
<pin_list>
<pin id="27" dir="1" index="0" bw="1" slack="0"/>
</pin_list>
<bind>
<StgValue><ssdm name="_ssdm_op_Read.ap_auto.float"/></StgValue>
</bind>
</comp>

<comp id="28" class="1001" name="const_28">
<pin_list>
<pin id="29" dir="1" index="0" bw="1" slack="0"/>
</pin_list>
<bind>
<StgValue><ssdm name=""/></StgValue>
</bind>
</comp>

<comp id="30" class="1001" name="const_30">
<pin_list>
<pin id="31" dir="1" index="0" bw="1" slack="0"/>
</pin_list>
<bind>
<StgValue><ssdm name=""/></StgValue>
</bind>
</comp>

<comp id="32" class="1001" name="const_32">
<pin_list>
<pin id="33" dir="1" index="0" bw="1" slack="0"/>
</pin_list>
<bind>
<StgValue><ssdm name=""/></StgValue>
</bind>
</comp>

<comp id="34" class="1001" name="const_34">
<pin_list>
<pin id="35" dir="1" index="0" bw="1" slack="0"/>
</pin_list>
<bind>
<StgValue><ssdm name=""/></StgValue>
</bind>
</comp>

<comp id="36" class="1001" name="const_36">
<pin_list>
<pin id="37" dir="1" index="0" bw="1" slack="0"/>
</pin_list>
<bind>
<StgValue><ssdm name="_ssdm_op_Mux.ap_auto.4float.i2"/></StgValue>
</bind>
</comp>

<comp id="38" class="1001" name="const_38">
<pin_list>
<pin id="39" dir="1" index="0" bw="1" slack="0"/>
</pin_list>
<bind>
<StgValue><ssdm name="llvm.exp.f32"/></StgValue>
</bind>
</comp>

<comp id="40" class="1001" name="const_40">
<pin_list>
<pin id="41" dir="1" index="0" bw="1" slack="0"/>
</pin_list>
<bind>
<StgValue><ssdm name=""/></StgValue>
</bind>
</comp>

<comp id="42" class="1001" name="const_42">
<pin_list>
<pin id="43" dir="1" index="0" bw="1" slack="2147483647"/>
</pin_list>
<bind>
<StgValue><ssdm name="_ssdm_op_SpecPipeline"/></StgValue>
</bind>
</comp>

<comp id="44" class="1001" name="const_44">
<pin_list>
<pin id="45" dir="1" index="0" bw="1" slack="2147483647"/>
</pin_list>
<bind>
<StgValue><ssdm name="_ssdm_op_SpecLoopTripCount"/></StgValue>
</bind>
</comp>

<comp id="46" class="1001" name="const_46">
<pin_list>
<pin id="47" dir="1" index="0" bw="1" slack="2147483647"/>
</pin_list>
<bind>
<StgValue><ssdm name=""/></StgValue>
</bind>
</comp>

<comp id="48" class="1001" name="const_48">
<pin_list>
<pin id="49" dir="1" index="0" bw="1" slack="2147483647"/>
</pin_list>
<bind>
<StgValue><ssdm name="_ssdm_op_SpecLoopName"/></StgValue>
</bind>
</comp>

<comp id="50" class="1001" name="const_50">
<pin_list>
<pin id="51" dir="1" index="0" bw="1" slack="2147483647"/>
</pin_list>
<bind>
<StgValue><ssdm name="empty_7"/></StgValue>
</bind>
</comp>

<comp id="52" class="1001" name="const_52">
<pin_list>
<pin id="53" dir="1" index="0" bw="1" slack="0"/>
</pin_list>
<bind>
<StgValue><ssdm name="_ssdm_op_Write.ap_auto.floatP0A"/></StgValue>
</bind>
</comp>

<comp id="54" class="1004" name="exp_sum_fu_54">
<pin_list>
<pin id="55" dir="0" index="0" bw="1" slack="0"/>
<pin id="56" dir="1" index="1" bw="32" slack="0"/>
</pin_list>
<bind>
<opcode="alloca(26) " fcode="alloca"/>
<opset="exp_sum/1 "/>
</bind>
</comp>

<comp id="58" class="1004" name="e_fu_58">
<pin_list>
<pin id="59" dir="0" index="0" bw="1" slack="0"/>
<pin id="60" dir="1" index="1" bw="3" slack="0"/>
</pin_list>
<bind>
<opcode="alloca(26) " fcode="alloca"/>
<opset="e/1 "/>
</bind>
</comp>

<comp id="62" class="1004" name="max_logit_1_reload_read_read_fu_62">
<pin_list>
<pin id="63" dir="0" index="0" bw="32" slack="0"/>
<pin id="64" dir="0" index="1" bw="32" slack="0"/>
<pin id="65" dir="1" index="2" bw="32" slack="0"/>
</pin_list>
<bind>
<opcode="read(1150) " fcode="read"/>
<opset="max_logit_1_reload_read/1 "/>
</bind>
</comp>

<comp id="68" class="1004" name="logits_3_04_read_read_fu_68">
<pin_list>
<pin id="69" dir="0" index="0" bw="32" slack="0"/>
<pin id="70" dir="0" index="1" bw="32" slack="0"/>
<pin id="71" dir="1" index="2" bw="32" slack="0"/>
</pin_list>
<bind>
<opcode="read(1150) " fcode="read"/>
<opset="logits_3_04_read/1 "/>
</bind>
</comp>

<comp id="74" class="1004" name="logits_2_03_read_read_fu_74">
<pin_list>
<pin id="75" dir="0" index="0" bw="32" slack="0"/>
<pin id="76" dir="0" index="1" bw="32" slack="0"/>
<pin id="77" dir="1" index="2" bw="32" slack="0"/>
</pin_list>
<bind>
<opcode="read(1150) " fcode="read"/>
<opset="logits_2_03_read/1 "/>
</bind>
</comp>

<comp id="80" class="1004" name="logits_1_02_read_read_fu_80">
<pin_list>
<pin id="81" dir="0" index="0" bw="32" slack="0"/>
<pin id="82" dir="0" index="1" bw="32" slack="0"/>
<pin id="83" dir="1" index="2" bw="32" slack="0"/>
</pin_list>
<bind>
<opcode="read(1150) " fcode="read"/>
<opset="logits_1_02_read/1 "/>
</bind>
</comp>

<comp id="86" class="1004" name="logits_0_01_read_read_fu_86">
<pin_list>
<pin id="87" dir="0" index="0" bw="32" slack="0"/>
<pin id="88" dir="0" index="1" bw="32" slack="0"/>
<pin id="89" dir="1" index="2" bw="32" slack="0"/>
</pin_list>
<bind>
<opcode="read(1150) " fcode="read"/>
<opset="logits_0_01_read/1 "/>
</bind>
</comp>

<comp id="92" class="1004" name="write_ln0_write_fu_92">
<pin_list>
<pin id="93" dir="0" index="0" bw="0" slack="0"/>
<pin id="94" dir="0" index="1" bw="32" slack="0"/>
<pin id="95" dir="0" index="2" bw="32" slack="0"/>
<pin id="96" dir="1" index="3" bw="0" slack="2147483647"/>
</pin_list>
<bind>
<opcode="write(1151) " fcode="write"/>
<opset="write_ln0/7 "/>
</bind>
</comp>

<comp id="99" class="1004" name="gates_addr_gep_fu_99">
<pin_list>
<pin id="100" dir="0" index="0" bw="32" slack="0"/>
<pin id="101" dir="0" index="1" bw="1" slack="0"/>
<pin id="102" dir="0" index="2" bw="3" slack="0"/>
<pin id="103" dir="1" index="3" bw="2" slack="0"/>
</pin_list>
<bind>
<opcode="getelementptr(29) " fcode="getelementptr"/>
<opset="gates_addr/6 "/>
</bind>
</comp>

<comp id="106" class="1004" name="store_ln97_access_fu_106">
<pin_list>
<pin id="107" dir="0" index="0" bw="2" slack="0"/>
<pin id="108" dir="0" index="1" bw="32" slack="0"/>
<pin id="109" dir="0" index="2" bw="0" slack="2147483647"/>
<pin id="110" dir="1" index="3" bw="32" slack="2147483647"/>
</pin_list>
<bind>
<opcode="store(28) " fcode="store"/>
<opset="store_ln97/6 "/>
</bind>
</comp>

<comp id="112" class="1004" name="grp_fu_112">
<pin_list>
<pin id="113" dir="0" index="0" bw="32" slack="0"/>
<pin id="114" dir="0" index="1" bw="32" slack="0"/>
<pin id="115" dir="1" index="2" bw="32" slack="1"/>
</pin_list>
<bind>
<opcode="fsub(11) " fcode="fadd"/>
<opset="p_x_assign/1 "/>
</bind>
</comp>

<comp id="117" class="1004" name="grp_fu_117">
<pin_list>
<pin id="118" dir="0" index="0" bw="32" slack="0"/>
<pin id="119" dir="0" index="1" bw="32" slack="1"/>
<pin id="120" dir="1" index="2" bw="32" slack="0"/>
</pin_list>
<bind>
<opcode="fadd(9) " fcode="fadd"/>
<opset="exp_sum_1/7 "/>
</bind>
</comp>

<comp id="121" class="1004" name="grp_fu_121">
<pin_list>
<pin id="122" dir="0" index="0" bw="32" slack="0"/>
<pin id="123" dir="0" index="1" bw="32" slack="1"/>
<pin id="124" dir="1" index="2" bw="32" slack="0"/>
</pin_list>
<bind>
<opcode="fexp(507) " fcode="fexp"/>
<opset="tmp/3 "/>
</bind>
</comp>

<comp id="126" class="1004" name="store_ln93_store_fu_126">
<pin_list>
<pin id="127" dir="0" index="0" bw="1" slack="0"/>
<pin id="128" dir="0" index="1" bw="3" slack="0"/>
<pin id="129" dir="1" index="2" bw="0" slack="2147483647"/>
</pin_list>
<bind>
<opcode="store(28) " fcode="store"/>
<opset="store_ln93/1 "/>
</bind>
</comp>

<comp id="131" class="1004" name="store_ln91_store_fu_131">
<pin_list>
<pin id="132" dir="0" index="0" bw="32" slack="0"/>
<pin id="133" dir="0" index="1" bw="32" slack="0"/>
<pin id="134" dir="1" index="2" bw="0" slack="2147483647"/>
</pin_list>
<bind>
<opcode="store(28) " fcode="store"/>
<opset="store_ln91/1 "/>
</bind>
</comp>

<comp id="136" class="1004" name="e_1_load_fu_136">
<pin_list>
<pin id="137" dir="0" index="0" bw="3" slack="0"/>
<pin id="138" dir="1" index="1" bw="3" slack="0"/>
</pin_list>
<bind>
<opcode="load(27) " fcode="load"/>
<opset="e_1/1 "/>
</bind>
</comp>

<comp id="139" class="1004" name="icmp_ln93_fu_139">
<pin_list>
<pin id="140" dir="0" index="0" bw="3" slack="0"/>
<pin id="141" dir="0" index="1" bw="3" slack="0"/>
<pin id="142" dir="1" index="2" bw="1" slack="6"/>
</pin_list>
<bind>
<opcode="icmp(45) " fcode="icmp"/>
<opset="icmp_ln93/1 "/>
</bind>
</comp>

<comp id="145" class="1004" name="add_ln93_fu_145">
<pin_list>
<pin id="146" dir="0" index="0" bw="3" slack="0"/>
<pin id="147" dir="0" index="1" bw="1" slack="0"/>
<pin id="148" dir="1" index="2" bw="3" slack="0"/>
</pin_list>
<bind>
<opcode="add(8) " fcode="add"/>
<opset="add_ln93/1 "/>
</bind>
</comp>

<comp id="151" class="1004" name="trunc_ln97_fu_151">
<pin_list>
<pin id="152" dir="0" index="0" bw="3" slack="0"/>
<pin id="153" dir="1" index="1" bw="2" slack="0"/>
</pin_list>
<bind>
<opcode="trunc(33) " fcode="trunc"/>
<opset="trunc_ln97/1 "/>
</bind>
</comp>

<comp id="155" class="1004" name="tmp_s_fu_155">
<pin_list>
<pin id="156" dir="0" index="0" bw="32" slack="0"/>
<pin id="157" dir="0" index="1" bw="32" slack="0"/>
<pin id="158" dir="0" index="2" bw="32" slack="0"/>
<pin id="159" dir="0" index="3" bw="32" slack="0"/>
<pin id="160" dir="0" index="4" bw="32" slack="0"/>
<pin id="161" dir="0" index="5" bw="2" slack="0"/>
<pin id="162" dir="1" index="6" bw="32" slack="0"/>
</pin_list>
<bind>
<opcode="mux(1196) " fcode="mux"/>
<opset="tmp_s/1 "/>
</bind>
</comp>

<comp id="170" class="1004" name="store_ln93_store_fu_170">
<pin_list>
<pin id="171" dir="0" index="0" bw="3" slack="0"/>
<pin id="172" dir="0" index="1" bw="3" slack="0"/>
<pin id="173" dir="1" index="2" bw="0" slack="2147483647"/>
</pin_list>
<bind>
<opcode="store(28) " fcode="store"/>
<opset="store_ln93/1 "/>
</bind>
</comp>

<comp id="175" class="1004" name="zext_ln93_fu_175">
<pin_list>
<pin id="176" dir="0" index="0" bw="3" slack="5"/>
<pin id="177" dir="1" index="1" bw="64" slack="0"/>
</pin_list>
<bind>
<opcode="zext(34) " fcode="zext"/>
<opset="zext_ln93/6 "/>
</bind>
</comp>

<comp id="179" class="1004" name="bitcast_ln97_fu_179">
<pin_list>
<pin id="180" dir="0" index="0" bw="32" slack="0"/>
<pin id="181" dir="1" index="1" bw="32" slack="0"/>
</pin_list>
<bind>
<opcode="bitcast(44) " fcode="bitcast"/>
<opset="bitcast_ln97/6 "/>
</bind>
</comp>

<comp id="184" class="1004" name="exp_sum_load_load_fu_184">
<pin_list>
<pin id="185" dir="0" index="0" bw="32" slack="6"/>
<pin id="186" dir="1" index="1" bw="32" slack="0"/>
</pin_list>
<bind>
<opcode="load(27) " fcode="load"/>
<opset="exp_sum_load/7 "/>
</bind>
</comp>

<comp id="188" class="1004" name="store_ln91_store_fu_188">
<pin_list>
<pin id="189" dir="0" index="0" bw="32" slack="0"/>
<pin id="190" dir="0" index="1" bw="32" slack="7"/>
<pin id="191" dir="1" index="2" bw="0" slack="2147483647"/>
</pin_list>
<bind>
<opcode="store(28) " fcode="store"/>
<opset="store_ln91/8 "/>
</bind>
</comp>

<comp id="193" class="1004" name="exp_sum_load_1_load_fu_193">
<pin_list>
<pin id="194" dir="0" index="0" bw="32" slack="6"/>
<pin id="195" dir="1" index="1" bw="32" slack="0"/>
</pin_list>
<bind>
<opcode="load(27) " fcode="load"/>
<opset="exp_sum_load_1/7 "/>
</bind>
</comp>

<comp id="197" class="1005" name="exp_sum_reg_197">
<pin_list>
<pin id="198" dir="0" index="0" bw="32" slack="0"/>
<pin id="199" dir="1" index="1" bw="32" slack="0"/>
</pin_list>
<bind>
<opset="exp_sum "/>
</bind>
</comp>

<comp id="205" class="1005" name="e_reg_205">
<pin_list>
<pin id="206" dir="0" index="0" bw="3" slack="0"/>
<pin id="207" dir="1" index="1" bw="3" slack="0"/>
</pin_list>
<bind>
<opset="e "/>
</bind>
</comp>

<comp id="212" class="1005" name="max_logit_1_reload_read_reg_212">
<pin_list>
<pin id="213" dir="0" index="0" bw="32" slack="1"/>
<pin id="214" dir="1" index="1" bw="32" slack="1"/>
</pin_list>
<bind>
<opset="max_logit_1_reload_read "/>
</bind>
</comp>

<comp id="217" class="1005" name="e_1_reg_217">
<pin_list>
<pin id="218" dir="0" index="0" bw="3" slack="5"/>
<pin id="219" dir="1" index="1" bw="3" slack="5"/>
</pin_list>
<bind>
<opset="e_1 "/>
</bind>
</comp>

<comp id="222" class="1005" name="icmp_ln93_reg_222">
<pin_list>
<pin id="223" dir="0" index="0" bw="1" slack="6"/>
<pin id="224" dir="1" index="1" bw="1" slack="2147483647"/>
</pin_list>
<bind>
<opset="icmp_ln93 "/>
</bind>
</comp>

<comp id="226" class="1005" name="tmp_s_reg_226">
<pin_list>
<pin id="227" dir="0" index="0" bw="32" slack="1"/>
<pin id="228" dir="1" index="1" bw="32" slack="1"/>
</pin_list>
<bind>
<opset="tmp_s "/>
</bind>
</comp>

<comp id="231" class="1005" name="p_x_assign_reg_231">
<pin_list>
<pin id="232" dir="0" index="0" bw="32" slack="1"/>
<pin id="233" dir="1" index="1" bw="32" slack="1"/>
</pin_list>
<bind>
<opset="p_x_assign "/>
</bind>
</comp>

<comp id="236" class="1005" name="tmp_reg_236">
<pin_list>
<pin id="237" dir="0" index="0" bw="32" slack="1"/>
<pin id="238" dir="1" index="1" bw="32" slack="1"/>
</pin_list>
<bind>
<opset="tmp "/>
</bind>
</comp>

<comp id="241" class="1005" name="exp_sum_load_reg_241">
<pin_list>
<pin id="242" dir="0" index="0" bw="32" slack="1"/>
<pin id="243" dir="1" index="1" bw="32" slack="1"/>
</pin_list>
<bind>
<opset="exp_sum_load "/>
</bind>
</comp>

</comp_list>

<net_list>
<net id="57"><net_src comp="14" pin="0"/><net_sink comp="54" pin=0"/></net>

<net id="61"><net_src comp="14" pin="0"/><net_sink comp="58" pin=0"/></net>

<net id="66"><net_src comp="26" pin="0"/><net_sink comp="62" pin=0"/></net>

<net id="67"><net_src comp="8" pin="0"/><net_sink comp="62" pin=1"/></net>

<net id="72"><net_src comp="26" pin="0"/><net_sink comp="68" pin=0"/></net>

<net id="73"><net_src comp="6" pin="0"/><net_sink comp="68" pin=1"/></net>

<net id="78"><net_src comp="26" pin="0"/><net_sink comp="74" pin=0"/></net>

<net id="79"><net_src comp="4" pin="0"/><net_sink comp="74" pin=1"/></net>

<net id="84"><net_src comp="26" pin="0"/><net_sink comp="80" pin=0"/></net>

<net id="85"><net_src comp="2" pin="0"/><net_sink comp="80" pin=1"/></net>

<net id="90"><net_src comp="26" pin="0"/><net_sink comp="86" pin=0"/></net>

<net id="91"><net_src comp="0" pin="0"/><net_sink comp="86" pin=1"/></net>

<net id="97"><net_src comp="52" pin="0"/><net_sink comp="92" pin=0"/></net>

<net id="98"><net_src comp="12" pin="0"/><net_sink comp="92" pin=1"/></net>

<net id="104"><net_src comp="10" pin="0"/><net_sink comp="99" pin=0"/></net>

<net id="105"><net_src comp="40" pin="0"/><net_sink comp="99" pin=1"/></net>

<net id="111"><net_src comp="99" pin="3"/><net_sink comp="106" pin=0"/></net>

<net id="116"><net_src comp="62" pin="2"/><net_sink comp="112" pin=1"/></net>

<net id="125"><net_src comp="38" pin="0"/><net_sink comp="121" pin=0"/></net>

<net id="130"><net_src comp="28" pin="0"/><net_sink comp="126" pin=0"/></net>

<net id="135"><net_src comp="30" pin="0"/><net_sink comp="131" pin=0"/></net>

<net id="143"><net_src comp="136" pin="1"/><net_sink comp="139" pin=0"/></net>

<net id="144"><net_src comp="32" pin="0"/><net_sink comp="139" pin=1"/></net>

<net id="149"><net_src comp="136" pin="1"/><net_sink comp="145" pin=0"/></net>

<net id="150"><net_src comp="34" pin="0"/><net_sink comp="145" pin=1"/></net>

<net id="154"><net_src comp="136" pin="1"/><net_sink comp="151" pin=0"/></net>

<net id="163"><net_src comp="36" pin="0"/><net_sink comp="155" pin=0"/></net>

<net id="164"><net_src comp="86" pin="2"/><net_sink comp="155" pin=1"/></net>

<net id="165"><net_src comp="80" pin="2"/><net_sink comp="155" pin=2"/></net>

<net id="166"><net_src comp="74" pin="2"/><net_sink comp="155" pin=3"/></net>

<net id="167"><net_src comp="68" pin="2"/><net_sink comp="155" pin=4"/></net>

<net id="168"><net_src comp="151" pin="1"/><net_sink comp="155" pin=5"/></net>

<net id="169"><net_src comp="155" pin="6"/><net_sink comp="112" pin=0"/></net>

<net id="174"><net_src comp="145" pin="2"/><net_sink comp="170" pin=0"/></net>

<net id="178"><net_src comp="175" pin="1"/><net_sink comp="99" pin=2"/></net>

<net id="182"><net_src comp="121" pin="2"/><net_sink comp="179" pin=0"/></net>

<net id="183"><net_src comp="179" pin="1"/><net_sink comp="106" pin=1"/></net>

<net id="187"><net_src comp="184" pin="1"/><net_sink comp="117" pin=0"/></net>

<net id="192"><net_src comp="117" pin="2"/><net_sink comp="188" pin=0"/></net>

<net id="196"><net_src comp="193" pin="1"/><net_sink comp="92" pin=2"/></net>

<net id="200"><net_src comp="54" pin="1"/><net_sink comp="197" pin=0"/></net>

<net id="201"><net_src comp="197" pin="1"/><net_sink comp="131" pin=1"/></net>

<net id="202"><net_src comp="197" pin="1"/><net_sink comp="184" pin=0"/></net>

<net id="203"><net_src comp="197" pin="1"/><net_sink comp="188" pin=1"/></net>

<net id="204"><net_src comp="197" pin="1"/><net_sink comp="193" pin=0"/></net>

<net id="208"><net_src comp="58" pin="1"/><net_sink comp="205" pin=0"/></net>

<net id="209"><net_src comp="205" pin="1"/><net_sink comp="126" pin=1"/></net>

<net id="210"><net_src comp="205" pin="1"/><net_sink comp="136" pin=0"/></net>

<net id="211"><net_src comp="205" pin="1"/><net_sink comp="170" pin=1"/></net>

<net id="215"><net_src comp="62" pin="2"/><net_sink comp="212" pin=0"/></net>

<net id="216"><net_src comp="212" pin="1"/><net_sink comp="112" pin=1"/></net>

<net id="220"><net_src comp="136" pin="1"/><net_sink comp="217" pin=0"/></net>

<net id="221"><net_src comp="217" pin="1"/><net_sink comp="175" pin=0"/></net>

<net id="225"><net_src comp="139" pin="2"/><net_sink comp="222" pin=0"/></net>

<net id="229"><net_src comp="155" pin="6"/><net_sink comp="226" pin=0"/></net>

<net id="230"><net_src comp="226" pin="1"/><net_sink comp="112" pin=0"/></net>

<net id="234"><net_src comp="112" pin="2"/><net_sink comp="231" pin=0"/></net>

<net id="235"><net_src comp="231" pin="1"/><net_sink comp="121" pin=1"/></net>

<net id="239"><net_src comp="121" pin="2"/><net_sink comp="236" pin=0"/></net>

<net id="240"><net_src comp="236" pin="1"/><net_sink comp="117" pin=1"/></net>

<net id="244"><net_src comp="184" pin="1"/><net_sink comp="241" pin=0"/></net>

<net id="245"><net_src comp="241" pin="1"/><net_sink comp="117" pin=0"/></net>

</net_list>

</model> 
---------------- Datapath Model END ------------------

* FSMD analyzer results:
  - Output states:
	Port: gates | {6 }
	Port: exp_sum_out | {7 }
 - Input state : 
	Port: graph_moe_Pipeline_VITIS_LOOP_93_4 : logits_0_01 | {1 }
	Port: graph_moe_Pipeline_VITIS_LOOP_93_4 : logits_1_02 | {1 }
	Port: graph_moe_Pipeline_VITIS_LOOP_93_4 : logits_2_03 | {1 }
	Port: graph_moe_Pipeline_VITIS_LOOP_93_4 : logits_3_04 | {1 }
	Port: graph_moe_Pipeline_VITIS_LOOP_93_4 : max_logit_1_reload | {1 }
	Port: graph_moe_Pipeline_VITIS_LOOP_93_4 : gates | {}
  - Chain level:
	State 1
		store_ln93 : 1
		store_ln91 : 1
		e_1 : 1
		icmp_ln93 : 2
		add_ln93 : 2
		br_ln93 : 3
		trunc_ln97 : 2
		tmp_s : 3
		p_x_assign : 4
		store_ln93 : 3
	State 2
	State 3
	State 4
	State 5
	State 6
		bitcast_ln97 : 1
		gates_addr : 1
		store_ln97 : 2
	State 7
		exp_sum_1 : 1
		write_ln0 : 1
	State 8
		store_ln91 : 1


============================================================
+ Verbose Summary: Datapath Resource usage 
============================================================

* Functional unit list:
|----------|------------------------------------|---------|---------|---------|
| Operation|           Functional Unit          |   DSP   |    FF   |   LUT   |
|----------|------------------------------------|---------|---------|---------|
|   fexp   |             grp_fu_121             |    7    |   140   |   737   |
|----------|------------------------------------|---------|---------|---------|
|   fadd   |             grp_fu_112             |    2    |   177   |   233   |
|          |             grp_fu_117             |    2    |   177   |   233   |
|----------|------------------------------------|---------|---------|---------|
|    mux   |            tmp_s_fu_155            |    0    |    0    |    20   |
|----------|------------------------------------|---------|---------|---------|
|   icmp   |          icmp_ln93_fu_139          |    0    |    0    |    10   |
|----------|------------------------------------|---------|---------|---------|
|    add   |           add_ln93_fu_145          |    0    |    0    |    10   |
|----------|------------------------------------|---------|---------|---------|
|          | max_logit_1_reload_read_read_fu_62 |    0    |    0    |    0    |
|          |     logits_3_04_read_read_fu_68    |    0    |    0    |    0    |
|   read   |     logits_2_03_read_read_fu_74    |    0    |    0    |    0    |
|          |     logits_1_02_read_read_fu_80    |    0    |    0    |    0    |
|          |     logits_0_01_read_read_fu_86    |    0    |    0    |    0    |
|----------|------------------------------------|---------|---------|---------|
|   write  |        write_ln0_write_fu_92       |    0    |    0    |    0    |
|----------|------------------------------------|---------|---------|---------|
|   trunc  |          trunc_ln97_fu_151         |    0    |    0    |    0    |
|----------|------------------------------------|---------|---------|---------|
|   zext   |          zext_ln93_fu_175          |    0    |    0    |    0    |
|----------|------------------------------------|---------|---------|---------|
|   Total  |                                    |    11   |   494   |   1243  |
|----------|------------------------------------|---------|---------|---------|

Memories:
N/A

* Register list:
+-------------------------------+--------+
|                               |   FF   |
+-------------------------------+--------+
|          e_1_reg_217          |    3   |
|           e_reg_205           |    3   |
|      exp_sum_load_reg_241     |   32   |
|        exp_sum_reg_197        |   32   |
|       icmp_ln93_reg_222       |    1   |
|max_logit_1_reload_read_reg_212|   32   |
|       p_x_assign_reg_231      |   32   |
|          tmp_reg_236          |   32   |
|         tmp_s_reg_226         |   32   |
+-------------------------------+--------+
|             Total             |   199  |
+-------------------------------+--------+

* Multiplexer (MUX) list: 
|------------|------|------|------|--------||---------||---------|
|    Comp    |  Pin | Size |  BW  | S x BW ||  Delay  ||   LUT   |
|------------|------|------|------|--------||---------||---------|
| grp_fu_112 |  p0  |   2  |  32  |   64   ||    9    |
| grp_fu_112 |  p1  |   2  |  32  |   64   ||    9    |
| grp_fu_117 |  p0  |   2  |  32  |   64   ||    9    |
|------------|------|------|------|--------||---------||---------|
|    Total   |      |      |      |   192  ||  1.086  ||    27   |
|------------|------|------|------|--------||---------||---------|



* Summary:
+-----------+--------+--------+--------+--------+
|           |   DSP  |  Delay |   FF   |   LUT  |
+-----------+--------+--------+--------+--------+
|  Function |   11   |    -   |   494  |  1243  |
|   Memory  |    -   |    -   |    -   |    -   |
|Multiplexer|    -   |    1   |    -   |   27   |
|  Register |    -   |    -   |   199  |    -   |
+-----------+--------+--------+--------+--------+
|   Total   |   11   |    1   |   693  |  1270  |
+-----------+--------+--------+--------+--------+
