

================================================================
== Vitis HLS Report for 'graph_moe_Pipeline_VITIS_LOOP_82_3'
================================================================
* Date:           Sat Sep 12 16:02:11 2026

* Version:        2023.2 (Build 4023990 on Oct 11 2023)
* Project:        HLS_GraphMoE_Run3
* Solution:       solution1 (Vivado IP Flow Target)
* Product family: virtexuplus
* Target device:  xcvu13p_CIV-figd2104-3-e


================================================================
== Performance Estimates
================================================================
+ Timing: 
    * Summary: 
    +--------+----------+----------+------------+
    |  Clock |  Target  | Estimated| Uncertainty|
    +--------+----------+----------+------------+
    |ap_clk  |  10.00 ns|  7.502 ns|     2.70 ns|
    +--------+----------+----------+------------+

+ Latency: 
    * Summary: 
    +---------+---------+-----------+-----------+-----+-----+---------+
    |  Latency (cycles) |   Latency (absolute)  |  Interval | Pipeline|
    |   min   |   max   |    min    |    max    | min | max |   Type  |
    +---------+---------+-----------+-----------+-----+-----+---------+
    |        5|        5|  50.000 ns|  50.000 ns|    5|    5|       no|
    +---------+---------+-----------+-----------+-----+-----+---------+

    + Detail: 
        * Instance: 
        N/A

        * Loop: 
        +-------------------+---------+---------+----------+-----------+-----------+------+----------+
        |                   |  Latency (cycles) | Iteration|  Initiation Interval  | Trip |          |
        |     Loop Name     |   min   |   max   |  Latency |  achieved |   target  | Count| Pipelined|
        +-------------------+---------+---------+----------+-----------+-----------+------+----------+
        |- VITIS_LOOP_82_3  |        3|        3|         2|          1|          1|     3|       yes|
        +-------------------+---------+---------+----------+-----------+-----------+------+----------+

============================================================
+ Verbose Summary: Synthesis Manager
============================================================
InlineROM: 1
ExposeGlobal: 0
============================================================
+ Verbose Summary: CDFG Model
============================================================
IsTopModel: 0
ResetActiveHigh: 1
IsCombinational: 0
IsDatapathOnly: 0
HasWiredReturn: 1
HasMFsm: 2
HasVarLatency: 1
IsPipeline: 0
IsRtlPipelined: 0
IsInstanceOverlapped: 0
IsDontTouch: 0
HasImplIP: 0
IsGatedGlobalClock: 0

+ Individual pipeline summary: 
  * Pipeline-0: initiation interval (II) = 1, depth = 2


============================================================
+ Verbose Summary: Schedule
============================================================
* Number of FSM states : 2
* Pipeline : 1
  Pipeline-0 : II = 1, D = 2, States = { 1 2 }
* Dataflow Pipeline: 0

* FSM state transitions: 
1 --> 2 
2 --> 

* FSM state operations: 

State 1 <SV = 0> <Delay = 1.24>
ST_1 : Operation 5 [1/1] (0.00ns)   --->   "%max_logit_1 = alloca i32 1" [src/moe.cpp:80]   --->   Operation 5 'alloca' 'max_logit_1' <Predicate = true> <Delay = 0.00>
ST_1 : Operation 6 [1/1] (0.00ns)   --->   "%e_1 = alloca i32 1" [src/moe.cpp:82]   --->   Operation 6 'alloca' 'e_1' <Predicate = true> <Delay = 0.00>
ST_1 : Operation 7 [1/1] (0.00ns)   --->   "%max_logit_21136_read = read i32 @_ssdm_op_Read.ap_auto.float, i32 %max_logit_21136"   --->   Operation 7 'read' 'max_logit_21136_read' <Predicate = true> <Delay = 0.00>
ST_1 : Operation 8 [1/1] (0.00ns)   --->   "%max_logit_21228_read = read i32 @_ssdm_op_Read.ap_auto.float, i32 %max_logit_21228"   --->   Operation 8 'read' 'max_logit_21228_read' <Predicate = true> <Delay = 0.00>
ST_1 : Operation 9 [1/1] (0.00ns)   --->   "%max_logit_21032_read = read i32 @_ssdm_op_Read.ap_auto.float, i32 %max_logit_21032"   --->   Operation 9 'read' 'max_logit_21032_read' <Predicate = true> <Delay = 0.00>
ST_1 : Operation 10 [1/1] (0.00ns)   --->   "%max_logit_read = read i32 @_ssdm_op_Read.ap_auto.float, i32 %max_logit"   --->   Operation 10 'read' 'max_logit_read' <Predicate = true> <Delay = 0.00>
ST_1 : Operation 11 [1/1] (0.36ns)   --->   "%store_ln82 = store i3 1, i3 %e_1" [src/moe.cpp:82]   --->   Operation 11 'store' 'store_ln82' <Predicate = true> <Delay = 0.36>
ST_1 : Operation 12 [1/1] (0.36ns)   --->   "%store_ln80 = store i32 %max_logit_read, i32 %max_logit_1" [src/moe.cpp:80]   --->   Operation 12 'store' 'store_ln80' <Predicate = true> <Delay = 0.36>
ST_1 : Operation 13 [1/1] (0.00ns)   --->   "%br_ln0 = br void %for.body21"   --->   Operation 13 'br' 'br_ln0' <Predicate = true> <Delay = 0.00>
ST_1 : Operation 14 [1/1] (0.00ns)   --->   "%e = load i3 %e_1" [src/moe.cpp:86]   --->   Operation 14 'load' 'e' <Predicate = true> <Delay = 0.00>
ST_1 : Operation 15 [1/1] (0.52ns)   --->   "%icmp_ln82 = icmp_eq  i3 %e, i3 4" [src/moe.cpp:82]   --->   Operation 15 'icmp' 'icmp_ln82' <Predicate = true> <Delay = 0.52> <CoreInst = "Cmp">   --->   Core 9 'Cmp' <Latency = 0> <II = 1> <Delay = 0.52> <FuncUnit> <Opcode : 'icmp'> <InPorts = 2> <OutPorts = 1>
ST_1 : Operation 16 [1/1] (0.00ns)   --->   "%br_ln82 = br i1 %icmp_ln82, void %for.body21.split, void %for.inc42.preheader.exitStub" [src/moe.cpp:82]   --->   Operation 16 'br' 'br_ln82' <Predicate = true> <Delay = 0.00>
ST_1 : Operation 17 [1/1] (0.00ns)   --->   "%trunc_ln86 = trunc i3 %e" [src/moe.cpp:86]   --->   Operation 17 'trunc' 'trunc_ln86' <Predicate = (!icmp_ln82)> <Delay = 0.00>
ST_1 : Operation 18 [1/1] (0.40ns)   --->   "%icmp_ln86 = icmp_eq  i2 %trunc_ln86, i2 1" [src/moe.cpp:86]   --->   Operation 18 'icmp' 'icmp_ln86' <Predicate = (!icmp_ln82)> <Delay = 0.40> <CoreInst = "Cmp">   --->   Core 9 'Cmp' <Latency = 0> <II = 1> <Delay = 0.40> <FuncUnit> <Opcode : 'icmp'> <InPorts = 2> <OutPorts = 1>
ST_1 : Operation 19 [1/1] (0.00ns) (grouped into LUT with out node max_logit_2)   --->   "%select_ln86 = select i1 %icmp_ln86, i32 %max_logit_21032_read, i32 %max_logit_21228_read" [src/moe.cpp:86]   --->   Operation 19 'select' 'select_ln86' <Predicate = (!icmp_ln82)> <Delay = 0.00> <CoreInst = "Sel">   --->   Core 73 'Sel' <Latency = 0> <II = 1> <Delay = 0.21> <FuncUnit> <Opcode : 'select'> <InPorts = 3> <OutPorts = 1>
ST_1 : Operation 20 [1/1] (0.40ns)   --->   "%icmp_ln86_1 = icmp_eq  i2 %trunc_ln86, i2 2" [src/moe.cpp:86]   --->   Operation 20 'icmp' 'icmp_ln86_1' <Predicate = (!icmp_ln82)> <Delay = 0.40> <CoreInst = "Cmp">   --->   Core 9 'Cmp' <Latency = 0> <II = 1> <Delay = 0.40> <FuncUnit> <Opcode : 'icmp'> <InPorts = 2> <OutPorts = 1>
ST_1 : Operation 21 [1/1] (0.21ns) (out node of the LUT)   --->   "%max_logit_2 = select i1 %icmp_ln86_1, i32 %max_logit_21136_read, i32 %select_ln86" [src/moe.cpp:86]   --->   Operation 21 'select' 'max_logit_2' <Predicate = (!icmp_ln82)> <Delay = 0.21> <CoreInst = "Sel">   --->   Core 73 'Sel' <Latency = 0> <II = 1> <Delay = 0.21> <FuncUnit> <Opcode : 'select'> <InPorts = 3> <OutPorts = 1>
ST_1 : Operation 22 [1/1] (0.52ns)   --->   "%add_ln82 = add i3 %e, i3 1" [src/moe.cpp:82]   --->   Operation 22 'add' 'add_ln82' <Predicate = (!icmp_ln82)> <Delay = 0.52> <CoreInst = "Adder">   --->   Core 1 'Adder' <Latency = 0> <II = 1> <Delay = 0.52> <FuncUnit> <Opcode : 'add' 'sub'> <InPorts = 2> <OutPorts = 1>
ST_1 : Operation 23 [1/1] (0.36ns)   --->   "%store_ln82 = store i3 %add_ln82, i3 %e_1" [src/moe.cpp:82]   --->   Operation 23 'store' 'store_ln82' <Predicate = (!icmp_ln82)> <Delay = 0.36>
ST_1 : Operation 46 [1/1] (0.00ns)   --->   "%max_logit_1_load = load i32 %max_logit_1"   --->   Operation 46 'load' 'max_logit_1_load' <Predicate = (icmp_ln82)> <Delay = 0.00>
ST_1 : Operation 47 [1/1] (0.00ns)   --->   "%write_ln0 = write void @_ssdm_op_Write.ap_auto.floatP0A, i32 %max_logit_1_out, i32 %max_logit_1_load"   --->   Operation 47 'write' 'write_ln0' <Predicate = (icmp_ln82)> <Delay = 0.00>
ST_1 : Operation 48 [1/1] (0.00ns)   --->   "%ret_ln0 = ret"   --->   Operation 48 'ret' 'ret_ln0' <Predicate = (icmp_ln82)> <Delay = 0.00>

State 2 <SV = 1> <Delay = 7.50>
ST_2 : Operation 24 [1/1] (0.00ns)   --->   "%max_logit_1_load_1 = load i32 %max_logit_1" [src/moe.cpp:86]   --->   Operation 24 'load' 'max_logit_1_load_1' <Predicate = true> <Delay = 0.00>
ST_2 : Operation 25 [1/1] (0.00ns)   --->   "%specpipeline_ln84 = specpipeline void @_ssdm_op_SpecPipeline, i32 1, i32 0, i32 0, i32 0, void @empty_3" [src/moe.cpp:84]   --->   Operation 25 'specpipeline' 'specpipeline_ln84' <Predicate = true> <Delay = 0.00>
ST_2 : Operation 26 [1/1] (0.00ns)   --->   "%speclooptripcount_ln82 = speclooptripcount void @_ssdm_op_SpecLoopTripCount, i64 3, i64 3, i64 3" [src/moe.cpp:82]   --->   Operation 26 'speclooptripcount' 'speclooptripcount_ln82' <Predicate = true> <Delay = 0.00>
ST_2 : Operation 27 [1/1] (0.00ns)   --->   "%specloopname_ln82 = specloopname void @_ssdm_op_SpecLoopName, void @empty_9" [src/moe.cpp:82]   --->   Operation 27 'specloopname' 'specloopname_ln82' <Predicate = true> <Delay = 0.00>
ST_2 : Operation 28 [1/1] (0.00ns)   --->   "%bitcast_ln86 = bitcast i32 %max_logit_2" [src/moe.cpp:86]   --->   Operation 28 'bitcast' 'bitcast_ln86' <Predicate = true> <Delay = 0.00>
ST_2 : Operation 29 [1/1] (0.00ns)   --->   "%tmp_s = partselect i8 @_ssdm_op_PartSelect.i8.i32.i32.i32, i32 %bitcast_ln86, i32 23, i32 30" [src/moe.cpp:86]   --->   Operation 29 'partselect' 'tmp_s' <Predicate = true> <Delay = 0.00>
ST_2 : Operation 30 [1/1] (0.00ns)   --->   "%trunc_ln86_1 = trunc i32 %bitcast_ln86" [src/moe.cpp:86]   --->   Operation 30 'trunc' 'trunc_ln86_1' <Predicate = true> <Delay = 0.00>
ST_2 : Operation 31 [1/1] (0.00ns)   --->   "%bitcast_ln86_1 = bitcast i32 %max_logit_1_load_1" [src/moe.cpp:86]   --->   Operation 31 'bitcast' 'bitcast_ln86_1' <Predicate = true> <Delay = 0.00>
ST_2 : Operation 32 [1/1] (0.00ns)   --->   "%tmp_1 = partselect i8 @_ssdm_op_PartSelect.i8.i32.i32.i32, i32 %bitcast_ln86_1, i32 23, i32 30" [src/moe.cpp:86]   --->   Operation 32 'partselect' 'tmp_1' <Predicate = true> <Delay = 0.00>
ST_2 : Operation 33 [1/1] (0.00ns)   --->   "%trunc_ln86_2 = trunc i32 %bitcast_ln86_1" [src/moe.cpp:86]   --->   Operation 33 'trunc' 'trunc_ln86_2' <Predicate = true> <Delay = 0.00>
ST_2 : Operation 34 [1/1] (0.65ns)   --->   "%icmp_ln86_2 = icmp_ne  i8 %tmp_s, i8 255" [src/moe.cpp:86]   --->   Operation 34 'icmp' 'icmp_ln86_2' <Predicate = true> <Delay = 0.65> <CoreInst = "Cmp">   --->   Core 9 'Cmp' <Latency = 0> <II = 1> <Delay = 0.65> <FuncUnit> <Opcode : 'icmp'> <InPorts = 2> <OutPorts = 1>
ST_2 : Operation 35 [1/1] (0.75ns)   --->   "%icmp_ln86_3 = icmp_eq  i23 %trunc_ln86_1, i23 0" [src/moe.cpp:86]   --->   Operation 35 'icmp' 'icmp_ln86_3' <Predicate = true> <Delay = 0.75> <CoreInst = "Cmp">   --->   Core 9 'Cmp' <Latency = 0> <II = 1> <Delay = 0.75> <FuncUnit> <Opcode : 'icmp'> <InPorts = 2> <OutPorts = 1>
ST_2 : Operation 36 [1/1] (0.00ns) (grouped into LUT with out node and_ln86_1)   --->   "%or_ln86 = or i1 %icmp_ln86_3, i1 %icmp_ln86_2" [src/moe.cpp:86]   --->   Operation 36 'or' 'or_ln86' <Predicate = true> <Delay = 0.00> <CoreInst = "LogicGate">   --->   Core 74 'LogicGate' <Latency = 0> <II = 1> <Delay = 0.11> <FuncUnit> <Opcode : 'and' 'or' 'xor'> <InPorts = 2> <OutPorts = 1>
ST_2 : Operation 37 [1/1] (0.65ns)   --->   "%icmp_ln86_4 = icmp_ne  i8 %tmp_1, i8 255" [src/moe.cpp:86]   --->   Operation 37 'icmp' 'icmp_ln86_4' <Predicate = true> <Delay = 0.65> <CoreInst = "Cmp">   --->   Core 9 'Cmp' <Latency = 0> <II = 1> <Delay = 0.65> <FuncUnit> <Opcode : 'icmp'> <InPorts = 2> <OutPorts = 1>
ST_2 : Operation 38 [1/1] (0.75ns)   --->   "%icmp_ln86_5 = icmp_eq  i23 %trunc_ln86_2, i23 0" [src/moe.cpp:86]   --->   Operation 38 'icmp' 'icmp_ln86_5' <Predicate = true> <Delay = 0.75> <CoreInst = "Cmp">   --->   Core 9 'Cmp' <Latency = 0> <II = 1> <Delay = 0.75> <FuncUnit> <Opcode : 'icmp'> <InPorts = 2> <OutPorts = 1>
ST_2 : Operation 39 [1/1] (0.00ns) (grouped into LUT with out node and_ln86_1)   --->   "%or_ln86_1 = or i1 %icmp_ln86_5, i1 %icmp_ln86_4" [src/moe.cpp:86]   --->   Operation 39 'or' 'or_ln86_1' <Predicate = true> <Delay = 0.00> <CoreInst = "LogicGate">   --->   Core 74 'LogicGate' <Latency = 0> <II = 1> <Delay = 0.11> <FuncUnit> <Opcode : 'and' 'or' 'xor'> <InPorts = 2> <OutPorts = 1>
ST_2 : Operation 40 [1/1] (6.81ns)   --->   "%tmp_2 = fcmp_ogt  i32 %max_logit_2, i32 %max_logit_1_load_1" [src/moe.cpp:86]   --->   Operation 40 'fcmp' 'tmp_2' <Predicate = true> <Delay = 6.81> <CoreInst = "FCompare">   --->   Core 19 'FCompare' <Latency = 0> <II = 1> <Delay = 6.81> <FuncUnit> <Opcode : 'fcmp'> <InPorts = 2> <OutPorts = 1>
ST_2 : Operation 41 [1/1] (0.00ns) (grouped into LUT with out node and_ln86_1)   --->   "%and_ln86 = and i1 %tmp_2, i1 %or_ln86" [src/moe.cpp:86]   --->   Operation 41 'and' 'and_ln86' <Predicate = true> <Delay = 0.00> <CoreInst = "LogicGate">   --->   Core 74 'LogicGate' <Latency = 0> <II = 1> <Delay = 0.11> <FuncUnit> <Opcode : 'and' 'or' 'xor'> <InPorts = 2> <OutPorts = 1>
ST_2 : Operation 42 [1/1] (0.11ns) (out node of the LUT)   --->   "%and_ln86_1 = and i1 %and_ln86, i1 %or_ln86_1" [src/moe.cpp:86]   --->   Operation 42 'and' 'and_ln86_1' <Predicate = true> <Delay = 0.11> <CoreInst = "LogicGate">   --->   Core 74 'LogicGate' <Latency = 0> <II = 1> <Delay = 0.11> <FuncUnit> <Opcode : 'and' 'or' 'xor'> <InPorts = 2> <OutPorts = 1>
ST_2 : Operation 43 [1/1] (0.21ns) (out node of the LUT)   --->   "%max_logit_3 = select i1 %and_ln86_1, i32 %max_logit_2, i32 %max_logit_1_load_1" [src/moe.cpp:86]   --->   Operation 43 'select' 'max_logit_3' <Predicate = true> <Delay = 0.21> <CoreInst = "Sel">   --->   Core 73 'Sel' <Latency = 0> <II = 1> <Delay = 0.21> <FuncUnit> <Opcode : 'select'> <InPorts = 3> <OutPorts = 1>
ST_2 : Operation 44 [1/1] (0.36ns)   --->   "%store_ln80 = store i32 %max_logit_3, i32 %max_logit_1" [src/moe.cpp:80]   --->   Operation 44 'store' 'store_ln80' <Predicate = true> <Delay = 0.36>
ST_2 : Operation 45 [1/1] (0.00ns)   --->   "%br_ln82 = br void %for.body21" [src/moe.cpp:82]   --->   Operation 45 'br' 'br_ln82' <Predicate = true> <Delay = 0.00>


============================================================
+ Verbose Summary: Binding
============================================================
STG Binding: 
---------------- STG Properties BEGIN ----------------
- Is combinational: 0
- Is one-state seq: 0
- Is datapath-only: 0
- Is pipelined: 0
- Is top level: 0
Port [ Return ] is wired: 1; IO mode=ap_ctrl_hs:ce=0
Port [ max_logit]:  wired=1; compound=0; hidden=0; nouse=0; global=0; static=0; extern=0; dir=0; type=0; pingpong=0; private_global=0; IO mode=ap_none:ce=0
Port [ max_logit_21032]:  wired=1; compound=0; hidden=0; nouse=0; global=0; static=0; extern=0; dir=0; type=0; pingpong=0; private_global=0; IO mode=ap_none:ce=0
Port [ max_logit_21228]:  wired=1; compound=0; hidden=0; nouse=0; global=0; static=0; extern=0; dir=0; type=0; pingpong=0; private_global=0; IO mode=ap_none:ce=0
Port [ max_logit_21136]:  wired=1; compound=0; hidden=0; nouse=0; global=0; static=0; extern=0; dir=0; type=0; pingpong=0; private_global=0; IO mode=ap_none:ce=0
Port [ max_logit_1_out]:  wired=1; compound=0; hidden=0; nouse=0; global=0; static=0; extern=0; dir=1; type=0; pingpong=0; private_global=0; IO mode=ap_vld:ce=0
---------------- STG Properties END ------------------

---------------- Datapath Model BEGIN ----------------

<LifeTime>
<method=bitvector/>
max_logit_1            (alloca           ) [ 011]
e_1                    (alloca           ) [ 010]
max_logit_21136_read   (read             ) [ 000]
max_logit_21228_read   (read             ) [ 000]
max_logit_21032_read   (read             ) [ 000]
max_logit_read         (read             ) [ 000]
store_ln82             (store            ) [ 000]
store_ln80             (store            ) [ 000]
br_ln0                 (br               ) [ 000]
e                      (load             ) [ 000]
icmp_ln82              (icmp             ) [ 010]
br_ln82                (br               ) [ 000]
trunc_ln86             (trunc            ) [ 000]
icmp_ln86              (icmp             ) [ 000]
select_ln86            (select           ) [ 000]
icmp_ln86_1            (icmp             ) [ 000]
max_logit_2            (select           ) [ 011]
add_ln82               (add              ) [ 000]
store_ln82             (store            ) [ 000]
max_logit_1_load_1     (load             ) [ 000]
specpipeline_ln84      (specpipeline     ) [ 000]
speclooptripcount_ln82 (speclooptripcount) [ 000]
specloopname_ln82      (specloopname     ) [ 000]
bitcast_ln86           (bitcast          ) [ 000]
tmp_s                  (partselect       ) [ 000]
trunc_ln86_1           (trunc            ) [ 000]
bitcast_ln86_1         (bitcast          ) [ 000]
tmp_1                  (partselect       ) [ 000]
trunc_ln86_2           (trunc            ) [ 000]
icmp_ln86_2            (icmp             ) [ 000]
icmp_ln86_3            (icmp             ) [ 000]
or_ln86                (or               ) [ 000]
icmp_ln86_4            (icmp             ) [ 000]
icmp_ln86_5            (icmp             ) [ 000]
or_ln86_1              (or               ) [ 000]
tmp_2                  (fcmp             ) [ 000]
and_ln86               (and              ) [ 000]
and_ln86_1             (and              ) [ 000]
max_logit_3            (select           ) [ 000]
store_ln80             (store            ) [ 000]
br_ln82                (br               ) [ 000]
max_logit_1_load       (load             ) [ 000]
write_ln0              (write            ) [ 000]
ret_ln0                (ret              ) [ 000]
</LifeTime>

<model>

<comp_list>
<comp id="0" class="1000" name="max_logit">
<pin_list>
<pin id="1" dir="1" index="0" bw="1" slack="0"/>
</pin_list>
<bind>
<StgValue><ssdm name="max_logit"/></StgValue>
</bind>
</comp>

<comp id="2" class="1000" name="max_logit_21032">
<pin_list>
<pin id="3" dir="1" index="0" bw="1" slack="0"/>
</pin_list>
<bind>
<StgValue><ssdm name="max_logit_21032"/></StgValue>
</bind>
</comp>

<comp id="4" class="1000" name="max_logit_21228">
<pin_list>
<pin id="5" dir="1" index="0" bw="1" slack="0"/>
</pin_list>
<bind>
<StgValue><ssdm name="max_logit_21228"/></StgValue>
</bind>
</comp>

<comp id="6" class="1000" name="max_logit_21136">
<pin_list>
<pin id="7" dir="1" index="0" bw="1" slack="0"/>
</pin_list>
<bind>
<StgValue><ssdm name="max_logit_21136"/></StgValue>
</bind>
</comp>

<comp id="8" class="1000" name="max_logit_1_out">
<pin_list>
<pin id="9" dir="1" index="0" bw="1" slack="0"/>
</pin_list>
<bind>
<StgValue><ssdm name="max_logit_1_out"/></StgValue>
</bind>
</comp>

<comp id="10" class="1001" name="const_10">
<pin_list>
<pin id="11" dir="1" index="0" bw="1" slack="0"/>
</pin_list>
<bind>
<StgValue><ssdm name=""/></StgValue>
</bind>
</comp>

<comp id="12" class="1001" name="const_12">
<pin_list>
<pin id="13" dir="1" index="0" bw="1" slack="0"/>
</pin_list>
<bind>
<StgValue><ssdm name="_ssdm_op_Read.ap_auto.float"/></StgValue>
</bind>
</comp>

<comp id="14" class="1001" name="const_14">
<pin_list>
<pin id="15" dir="1" index="0" bw="1" slack="0"/>
</pin_list>
<bind>
<StgValue><ssdm name=""/></StgValue>
</bind>
</comp>

<comp id="16" class="1001" name="const_16">
<pin_list>
<pin id="17" dir="1" index="0" bw="1" slack="0"/>
</pin_list>
<bind>
<StgValue><ssdm name=""/></StgValue>
</bind>
</comp>

<comp id="18" class="1001" name="const_18">
<pin_list>
<pin id="19" dir="1" index="0" bw="1" slack="0"/>
</pin_list>
<bind>
<StgValue><ssdm name=""/></StgValue>
</bind>
</comp>

<comp id="20" class="1001" name="const_20">
<pin_list>
<pin id="21" dir="1" index="0" bw="1" slack="0"/>
</pin_list>
<bind>
<StgValue><ssdm name=""/></StgValue>
</bind>
</comp>

<comp id="22" class="1001" name="const_22">
<pin_list>
<pin id="23" dir="1" index="0" bw="1" slack="2147483647"/>
</pin_list>
<bind>
<StgValue><ssdm name="_ssdm_op_SpecPipeline"/></StgValue>
</bind>
</comp>

<comp id="24" class="1001" name="const_24">
<pin_list>
<pin id="25" dir="1" index="0" bw="1" slack="2147483647"/>
</pin_list>
<bind>
<StgValue><ssdm name=""/></StgValue>
</bind>
</comp>

<comp id="26" class="1001" name="const_26">
<pin_list>
<pin id="27" dir="1" index="0" bw="1" slack="2147483647"/>
</pin_list>
<bind>
<StgValue><ssdm name="empty_3"/></StgValue>
</bind>
</comp>

<comp id="28" class="1001" name="const_28">
<pin_list>
<pin id="29" dir="1" index="0" bw="1" slack="2147483647"/>
</pin_list>
<bind>
<StgValue><ssdm name="_ssdm_op_SpecLoopTripCount"/></StgValue>
</bind>
</comp>

<comp id="30" class="1001" name="const_30">
<pin_list>
<pin id="31" dir="1" index="0" bw="1" slack="2147483647"/>
</pin_list>
<bind>
<StgValue><ssdm name=""/></StgValue>
</bind>
</comp>

<comp id="32" class="1001" name="const_32">
<pin_list>
<pin id="33" dir="1" index="0" bw="1" slack="2147483647"/>
</pin_list>
<bind>
<StgValue><ssdm name="_ssdm_op_SpecLoopName"/></StgValue>
</bind>
</comp>

<comp id="34" class="1001" name="const_34">
<pin_list>
<pin id="35" dir="1" index="0" bw="1" slack="2147483647"/>
</pin_list>
<bind>
<StgValue><ssdm name="empty_9"/></StgValue>
</bind>
</comp>

<comp id="36" class="1001" name="const_36">
<pin_list>
<pin id="37" dir="1" index="0" bw="1" slack="0"/>
</pin_list>
<bind>
<StgValue><ssdm name="_ssdm_op_PartSelect.i8.i32.i32.i32"/></StgValue>
</bind>
</comp>

<comp id="38" class="1001" name="const_38">
<pin_list>
<pin id="39" dir="1" index="0" bw="1" slack="0"/>
</pin_list>
<bind>
<StgValue><ssdm name=""/></StgValue>
</bind>
</comp>

<comp id="40" class="1001" name="const_40">
<pin_list>
<pin id="41" dir="1" index="0" bw="1" slack="0"/>
</pin_list>
<bind>
<StgValue><ssdm name=""/></StgValue>
</bind>
</comp>

<comp id="42" class="1001" name="const_42">
<pin_list>
<pin id="43" dir="1" index="0" bw="1" slack="0"/>
</pin_list>
<bind>
<StgValue><ssdm name=""/></StgValue>
</bind>
</comp>

<comp id="44" class="1001" name="const_44">
<pin_list>
<pin id="45" dir="1" index="0" bw="1" slack="0"/>
</pin_list>
<bind>
<StgValue><ssdm name=""/></StgValue>
</bind>
</comp>

<comp id="46" class="1001" name="const_46">
<pin_list>
<pin id="47" dir="1" index="0" bw="1" slack="0"/>
</pin_list>
<bind>
<StgValue><ssdm name="_ssdm_op_Write.ap_auto.floatP0A"/></StgValue>
</bind>
</comp>

<comp id="48" class="1004" name="max_logit_1_fu_48">
<pin_list>
<pin id="49" dir="0" index="0" bw="1" slack="0"/>
<pin id="50" dir="1" index="1" bw="32" slack="0"/>
</pin_list>
<bind>
<opcode="alloca(26) " fcode="alloca"/>
<opset="max_logit_1/1 "/>
</bind>
</comp>

<comp id="52" class="1004" name="e_1_fu_52">
<pin_list>
<pin id="53" dir="0" index="0" bw="1" slack="0"/>
<pin id="54" dir="1" index="1" bw="3" slack="0"/>
</pin_list>
<bind>
<opcode="alloca(26) " fcode="alloca"/>
<opset="e_1/1 "/>
</bind>
</comp>

<comp id="56" class="1004" name="max_logit_21136_read_read_fu_56">
<pin_list>
<pin id="57" dir="0" index="0" bw="32" slack="0"/>
<pin id="58" dir="0" index="1" bw="32" slack="0"/>
<pin id="59" dir="1" index="2" bw="32" slack="0"/>
</pin_list>
<bind>
<opcode="read(1150) " fcode="read"/>
<opset="max_logit_21136_read/1 "/>
</bind>
</comp>

<comp id="62" class="1004" name="max_logit_21228_read_read_fu_62">
<pin_list>
<pin id="63" dir="0" index="0" bw="32" slack="0"/>
<pin id="64" dir="0" index="1" bw="32" slack="0"/>
<pin id="65" dir="1" index="2" bw="32" slack="0"/>
</pin_list>
<bind>
<opcode="read(1150) " fcode="read"/>
<opset="max_logit_21228_read/1 "/>
</bind>
</comp>

<comp id="68" class="1004" name="max_logit_21032_read_read_fu_68">
<pin_list>
<pin id="69" dir="0" index="0" bw="32" slack="0"/>
<pin id="70" dir="0" index="1" bw="32" slack="0"/>
<pin id="71" dir="1" index="2" bw="32" slack="0"/>
</pin_list>
<bind>
<opcode="read(1150) " fcode="read"/>
<opset="max_logit_21032_read/1 "/>
</bind>
</comp>

<comp id="74" class="1004" name="max_logit_read_read_fu_74">
<pin_list>
<pin id="75" dir="0" index="0" bw="32" slack="0"/>
<pin id="76" dir="0" index="1" bw="32" slack="0"/>
<pin id="77" dir="1" index="2" bw="32" slack="0"/>
</pin_list>
<bind>
<opcode="read(1150) " fcode="read"/>
<opset="max_logit_read/1 "/>
</bind>
</comp>

<comp id="80" class="1004" name="write_ln0_write_fu_80">
<pin_list>
<pin id="81" dir="0" index="0" bw="0" slack="0"/>
<pin id="82" dir="0" index="1" bw="32" slack="0"/>
<pin id="83" dir="0" index="2" bw="32" slack="0"/>
<pin id="84" dir="1" index="3" bw="0" slack="2147483647"/>
</pin_list>
<bind>
<opcode="write(1151) " fcode="write"/>
<opset="write_ln0/1 "/>
</bind>
</comp>

<comp id="87" class="1004" name="tmp_2_fu_87">
<pin_list>
<pin id="88" dir="0" index="0" bw="32" slack="1"/>
<pin id="89" dir="0" index="1" bw="32" slack="0"/>
<pin id="90" dir="1" index="2" bw="1" slack="0"/>
</pin_list>
<bind>
<opcode="fcmp(46) " fcode="fcmp"/>
<opset="tmp_2/2 "/>
</bind>
</comp>

<comp id="91" class="1004" name="store_ln82_store_fu_91">
<pin_list>
<pin id="92" dir="0" index="0" bw="1" slack="0"/>
<pin id="93" dir="0" index="1" bw="3" slack="0"/>
<pin id="94" dir="1" index="2" bw="0" slack="2147483647"/>
</pin_list>
<bind>
<opcode="store(28) " fcode="store"/>
<opset="store_ln82/1 "/>
</bind>
</comp>

<comp id="96" class="1004" name="store_ln80_store_fu_96">
<pin_list>
<pin id="97" dir="0" index="0" bw="32" slack="0"/>
<pin id="98" dir="0" index="1" bw="32" slack="0"/>
<pin id="99" dir="1" index="2" bw="0" slack="2147483647"/>
</pin_list>
<bind>
<opcode="store(28) " fcode="store"/>
<opset="store_ln80/1 "/>
</bind>
</comp>

<comp id="101" class="1004" name="e_load_fu_101">
<pin_list>
<pin id="102" dir="0" index="0" bw="3" slack="0"/>
<pin id="103" dir="1" index="1" bw="3" slack="0"/>
</pin_list>
<bind>
<opcode="load(27) " fcode="load"/>
<opset="e/1 "/>
</bind>
</comp>

<comp id="104" class="1004" name="icmp_ln82_fu_104">
<pin_list>
<pin id="105" dir="0" index="0" bw="3" slack="0"/>
<pin id="106" dir="0" index="1" bw="3" slack="0"/>
<pin id="107" dir="1" index="2" bw="1" slack="2147483647"/>
</pin_list>
<bind>
<opcode="icmp(45) " fcode="icmp"/>
<opset="icmp_ln82/1 "/>
</bind>
</comp>

<comp id="110" class="1004" name="trunc_ln86_fu_110">
<pin_list>
<pin id="111" dir="0" index="0" bw="3" slack="0"/>
<pin id="112" dir="1" index="1" bw="2" slack="0"/>
</pin_list>
<bind>
<opcode="trunc(33) " fcode="trunc"/>
<opset="trunc_ln86/1 "/>
</bind>
</comp>

<comp id="114" class="1004" name="icmp_ln86_fu_114">
<pin_list>
<pin id="115" dir="0" index="0" bw="2" slack="0"/>
<pin id="116" dir="0" index="1" bw="1" slack="0"/>
<pin id="117" dir="1" index="2" bw="1" slack="0"/>
</pin_list>
<bind>
<opcode="icmp(45) " fcode="icmp"/>
<opset="icmp_ln86/1 "/>
</bind>
</comp>

<comp id="120" class="1004" name="select_ln86_fu_120">
<pin_list>
<pin id="121" dir="0" index="0" bw="1" slack="0"/>
<pin id="122" dir="0" index="1" bw="32" slack="0"/>
<pin id="123" dir="0" index="2" bw="32" slack="0"/>
<pin id="124" dir="1" index="3" bw="32" slack="0"/>
</pin_list>
<bind>
<opcode="select(49) " fcode="select"/>
<opset="select_ln86/1 "/>
</bind>
</comp>

<comp id="128" class="1004" name="icmp_ln86_1_fu_128">
<pin_list>
<pin id="129" dir="0" index="0" bw="2" slack="0"/>
<pin id="130" dir="0" index="1" bw="2" slack="0"/>
<pin id="131" dir="1" index="2" bw="1" slack="0"/>
</pin_list>
<bind>
<opcode="icmp(45) " fcode="icmp"/>
<opset="icmp_ln86_1/1 "/>
</bind>
</comp>

<comp id="134" class="1004" name="max_logit_2_fu_134">
<pin_list>
<pin id="135" dir="0" index="0" bw="1" slack="0"/>
<pin id="136" dir="0" index="1" bw="32" slack="0"/>
<pin id="137" dir="0" index="2" bw="32" slack="0"/>
<pin id="138" dir="1" index="3" bw="32" slack="1"/>
</pin_list>
<bind>
<opcode="select(49) " fcode="select"/>
<opset="max_logit_2/1 "/>
</bind>
</comp>

<comp id="142" class="1004" name="add_ln82_fu_142">
<pin_list>
<pin id="143" dir="0" index="0" bw="3" slack="0"/>
<pin id="144" dir="0" index="1" bw="1" slack="0"/>
<pin id="145" dir="1" index="2" bw="3" slack="0"/>
</pin_list>
<bind>
<opcode="add(8) " fcode="add"/>
<opset="add_ln82/1 "/>
</bind>
</comp>

<comp id="148" class="1004" name="store_ln82_store_fu_148">
<pin_list>
<pin id="149" dir="0" index="0" bw="3" slack="0"/>
<pin id="150" dir="0" index="1" bw="3" slack="0"/>
<pin id="151" dir="1" index="2" bw="0" slack="2147483647"/>
</pin_list>
<bind>
<opcode="store(28) " fcode="store"/>
<opset="store_ln82/1 "/>
</bind>
</comp>

<comp id="153" class="1004" name="max_logit_1_load_1_load_fu_153">
<pin_list>
<pin id="154" dir="0" index="0" bw="32" slack="1"/>
<pin id="155" dir="1" index="1" bw="32" slack="0"/>
</pin_list>
<bind>
<opcode="load(27) " fcode="load"/>
<opset="max_logit_1_load_1/2 "/>
</bind>
</comp>

<comp id="157" class="1004" name="bitcast_ln86_fu_157">
<pin_list>
<pin id="158" dir="0" index="0" bw="32" slack="1"/>
<pin id="159" dir="1" index="1" bw="32" slack="0"/>
</pin_list>
<bind>
<opcode="bitcast(44) " fcode="bitcast"/>
<opset="bitcast_ln86/2 "/>
</bind>
</comp>

<comp id="160" class="1004" name="tmp_s_fu_160">
<pin_list>
<pin id="161" dir="0" index="0" bw="8" slack="0"/>
<pin id="162" dir="0" index="1" bw="32" slack="0"/>
<pin id="163" dir="0" index="2" bw="6" slack="0"/>
<pin id="164" dir="0" index="3" bw="6" slack="0"/>
<pin id="165" dir="1" index="4" bw="8" slack="0"/>
</pin_list>
<bind>
<opcode="partselect(1002) " fcode="partselect"/>
<opset="tmp_s/2 "/>
</bind>
</comp>

<comp id="170" class="1004" name="trunc_ln86_1_fu_170">
<pin_list>
<pin id="171" dir="0" index="0" bw="32" slack="0"/>
<pin id="172" dir="1" index="1" bw="23" slack="0"/>
</pin_list>
<bind>
<opcode="trunc(33) " fcode="trunc"/>
<opset="trunc_ln86_1/2 "/>
</bind>
</comp>

<comp id="174" class="1004" name="bitcast_ln86_1_fu_174">
<pin_list>
<pin id="175" dir="0" index="0" bw="32" slack="0"/>
<pin id="176" dir="1" index="1" bw="32" slack="0"/>
</pin_list>
<bind>
<opcode="bitcast(44) " fcode="bitcast"/>
<opset="bitcast_ln86_1/2 "/>
</bind>
</comp>

<comp id="178" class="1004" name="tmp_1_fu_178">
<pin_list>
<pin id="179" dir="0" index="0" bw="8" slack="0"/>
<pin id="180" dir="0" index="1" bw="32" slack="0"/>
<pin id="181" dir="0" index="2" bw="6" slack="0"/>
<pin id="182" dir="0" index="3" bw="6" slack="0"/>
<pin id="183" dir="1" index="4" bw="8" slack="0"/>
</pin_list>
<bind>
<opcode="partselect(1002) " fcode="partselect"/>
<opset="tmp_1/2 "/>
</bind>
</comp>

<comp id="188" class="1004" name="trunc_ln86_2_fu_188">
<pin_list>
<pin id="189" dir="0" index="0" bw="32" slack="0"/>
<pin id="190" dir="1" index="1" bw="23" slack="0"/>
</pin_list>
<bind>
<opcode="trunc(33) " fcode="trunc"/>
<opset="trunc_ln86_2/2 "/>
</bind>
</comp>

<comp id="192" class="1004" name="icmp_ln86_2_fu_192">
<pin_list>
<pin id="193" dir="0" index="0" bw="8" slack="0"/>
<pin id="194" dir="0" index="1" bw="1" slack="0"/>
<pin id="195" dir="1" index="2" bw="1" slack="0"/>
</pin_list>
<bind>
<opcode="icmp(45) " fcode="icmp"/>
<opset="icmp_ln86_2/2 "/>
</bind>
</comp>

<comp id="198" class="1004" name="icmp_ln86_3_fu_198">
<pin_list>
<pin id="199" dir="0" index="0" bw="23" slack="0"/>
<pin id="200" dir="0" index="1" bw="1" slack="0"/>
<pin id="201" dir="1" index="2" bw="1" slack="0"/>
</pin_list>
<bind>
<opcode="icmp(45) " fcode="icmp"/>
<opset="icmp_ln86_3/2 "/>
</bind>
</comp>

<comp id="204" class="1004" name="or_ln86_fu_204">
<pin_list>
<pin id="205" dir="0" index="0" bw="1" slack="0"/>
<pin id="206" dir="0" index="1" bw="1" slack="0"/>
<pin id="207" dir="1" index="2" bw="1" slack="0"/>
</pin_list>
<bind>
<opcode="or(24) " fcode="or"/>
<opset="or_ln86/2 "/>
</bind>
</comp>

<comp id="210" class="1004" name="icmp_ln86_4_fu_210">
<pin_list>
<pin id="211" dir="0" index="0" bw="8" slack="0"/>
<pin id="212" dir="0" index="1" bw="1" slack="0"/>
<pin id="213" dir="1" index="2" bw="1" slack="0"/>
</pin_list>
<bind>
<opcode="icmp(45) " fcode="icmp"/>
<opset="icmp_ln86_4/2 "/>
</bind>
</comp>

<comp id="216" class="1004" name="icmp_ln86_5_fu_216">
<pin_list>
<pin id="217" dir="0" index="0" bw="23" slack="0"/>
<pin id="218" dir="0" index="1" bw="1" slack="0"/>
<pin id="219" dir="1" index="2" bw="1" slack="0"/>
</pin_list>
<bind>
<opcode="icmp(45) " fcode="icmp"/>
<opset="icmp_ln86_5/2 "/>
</bind>
</comp>

<comp id="222" class="1004" name="or_ln86_1_fu_222">
<pin_list>
<pin id="223" dir="0" index="0" bw="1" slack="0"/>
<pin id="224" dir="0" index="1" bw="1" slack="0"/>
<pin id="225" dir="1" index="2" bw="1" slack="0"/>
</pin_list>
<bind>
<opcode="or(24) " fcode="or"/>
<opset="or_ln86_1/2 "/>
</bind>
</comp>

<comp id="228" class="1004" name="and_ln86_fu_228">
<pin_list>
<pin id="229" dir="0" index="0" bw="1" slack="0"/>
<pin id="230" dir="0" index="1" bw="1" slack="0"/>
<pin id="231" dir="1" index="2" bw="1" slack="0"/>
</pin_list>
<bind>
<opcode="and(23) " fcode="and"/>
<opset="and_ln86/2 "/>
</bind>
</comp>

<comp id="234" class="1004" name="and_ln86_1_fu_234">
<pin_list>
<pin id="235" dir="0" index="0" bw="1" slack="0"/>
<pin id="236" dir="0" index="1" bw="1" slack="0"/>
<pin id="237" dir="1" index="2" bw="1" slack="0"/>
</pin_list>
<bind>
<opcode="and(23) " fcode="and"/>
<opset="and_ln86_1/2 "/>
</bind>
</comp>

<comp id="240" class="1004" name="max_logit_3_fu_240">
<pin_list>
<pin id="241" dir="0" index="0" bw="1" slack="0"/>
<pin id="242" dir="0" index="1" bw="32" slack="1"/>
<pin id="243" dir="0" index="2" bw="32" slack="0"/>
<pin id="244" dir="1" index="3" bw="32" slack="0"/>
</pin_list>
<bind>
<opcode="select(49) " fcode="select"/>
<opset="max_logit_3/2 "/>
</bind>
</comp>

<comp id="247" class="1004" name="store_ln80_store_fu_247">
<pin_list>
<pin id="248" dir="0" index="0" bw="32" slack="0"/>
<pin id="249" dir="0" index="1" bw="32" slack="1"/>
<pin id="250" dir="1" index="2" bw="0" slack="2147483647"/>
</pin_list>
<bind>
<opcode="store(28) " fcode="store"/>
<opset="store_ln80/2 "/>
</bind>
</comp>

<comp id="252" class="1004" name="max_logit_1_load_load_fu_252">
<pin_list>
<pin id="253" dir="0" index="0" bw="32" slack="0"/>
<pin id="254" dir="1" index="1" bw="32" slack="0"/>
</pin_list>
<bind>
<opcode="load(27) " fcode="load"/>
<opset="max_logit_1_load/1 "/>
</bind>
</comp>

<comp id="256" class="1005" name="max_logit_1_reg_256">
<pin_list>
<pin id="257" dir="0" index="0" bw="32" slack="0"/>
<pin id="258" dir="1" index="1" bw="32" slack="0"/>
</pin_list>
<bind>
<opset="max_logit_1 "/>
</bind>
</comp>

<comp id="264" class="1005" name="e_1_reg_264">
<pin_list>
<pin id="265" dir="0" index="0" bw="3" slack="0"/>
<pin id="266" dir="1" index="1" bw="3" slack="0"/>
</pin_list>
<bind>
<opset="e_1 "/>
</bind>
</comp>

<comp id="274" class="1005" name="max_logit_2_reg_274">
<pin_list>
<pin id="275" dir="0" index="0" bw="32" slack="1"/>
<pin id="276" dir="1" index="1" bw="32" slack="1"/>
</pin_list>
<bind>
<opset="max_logit_2 "/>
</bind>
</comp>

</comp_list>

<net_list>
<net id="51"><net_src comp="10" pin="0"/><net_sink comp="48" pin=0"/></net>

<net id="55"><net_src comp="10" pin="0"/><net_sink comp="52" pin=0"/></net>

<net id="60"><net_src comp="12" pin="0"/><net_sink comp="56" pin=0"/></net>

<net id="61"><net_src comp="6" pin="0"/><net_sink comp="56" pin=1"/></net>

<net id="66"><net_src comp="12" pin="0"/><net_sink comp="62" pin=0"/></net>

<net id="67"><net_src comp="4" pin="0"/><net_sink comp="62" pin=1"/></net>

<net id="72"><net_src comp="12" pin="0"/><net_sink comp="68" pin=0"/></net>

<net id="73"><net_src comp="2" pin="0"/><net_sink comp="68" pin=1"/></net>

<net id="78"><net_src comp="12" pin="0"/><net_sink comp="74" pin=0"/></net>

<net id="79"><net_src comp="0" pin="0"/><net_sink comp="74" pin=1"/></net>

<net id="85"><net_src comp="46" pin="0"/><net_sink comp="80" pin=0"/></net>

<net id="86"><net_src comp="8" pin="0"/><net_sink comp="80" pin=1"/></net>

<net id="95"><net_src comp="14" pin="0"/><net_sink comp="91" pin=0"/></net>

<net id="100"><net_src comp="74" pin="2"/><net_sink comp="96" pin=0"/></net>

<net id="108"><net_src comp="101" pin="1"/><net_sink comp="104" pin=0"/></net>

<net id="109"><net_src comp="16" pin="0"/><net_sink comp="104" pin=1"/></net>

<net id="113"><net_src comp="101" pin="1"/><net_sink comp="110" pin=0"/></net>

<net id="118"><net_src comp="110" pin="1"/><net_sink comp="114" pin=0"/></net>

<net id="119"><net_src comp="18" pin="0"/><net_sink comp="114" pin=1"/></net>

<net id="125"><net_src comp="114" pin="2"/><net_sink comp="120" pin=0"/></net>

<net id="126"><net_src comp="68" pin="2"/><net_sink comp="120" pin=1"/></net>

<net id="127"><net_src comp="62" pin="2"/><net_sink comp="120" pin=2"/></net>

<net id="132"><net_src comp="110" pin="1"/><net_sink comp="128" pin=0"/></net>

<net id="133"><net_src comp="20" pin="0"/><net_sink comp="128" pin=1"/></net>

<net id="139"><net_src comp="128" pin="2"/><net_sink comp="134" pin=0"/></net>

<net id="140"><net_src comp="56" pin="2"/><net_sink comp="134" pin=1"/></net>

<net id="141"><net_src comp="120" pin="3"/><net_sink comp="134" pin=2"/></net>

<net id="146"><net_src comp="101" pin="1"/><net_sink comp="142" pin=0"/></net>

<net id="147"><net_src comp="14" pin="0"/><net_sink comp="142" pin=1"/></net>

<net id="152"><net_src comp="142" pin="2"/><net_sink comp="148" pin=0"/></net>

<net id="156"><net_src comp="153" pin="1"/><net_sink comp="87" pin=1"/></net>

<net id="166"><net_src comp="36" pin="0"/><net_sink comp="160" pin=0"/></net>

<net id="167"><net_src comp="157" pin="1"/><net_sink comp="160" pin=1"/></net>

<net id="168"><net_src comp="38" pin="0"/><net_sink comp="160" pin=2"/></net>

<net id="169"><net_src comp="40" pin="0"/><net_sink comp="160" pin=3"/></net>

<net id="173"><net_src comp="157" pin="1"/><net_sink comp="170" pin=0"/></net>

<net id="177"><net_src comp="153" pin="1"/><net_sink comp="174" pin=0"/></net>

<net id="184"><net_src comp="36" pin="0"/><net_sink comp="178" pin=0"/></net>

<net id="185"><net_src comp="174" pin="1"/><net_sink comp="178" pin=1"/></net>

<net id="186"><net_src comp="38" pin="0"/><net_sink comp="178" pin=2"/></net>

<net id="187"><net_src comp="40" pin="0"/><net_sink comp="178" pin=3"/></net>

<net id="191"><net_src comp="174" pin="1"/><net_sink comp="188" pin=0"/></net>

<net id="196"><net_src comp="160" pin="4"/><net_sink comp="192" pin=0"/></net>

<net id="197"><net_src comp="42" pin="0"/><net_sink comp="192" pin=1"/></net>

<net id="202"><net_src comp="170" pin="1"/><net_sink comp="198" pin=0"/></net>

<net id="203"><net_src comp="44" pin="0"/><net_sink comp="198" pin=1"/></net>

<net id="208"><net_src comp="198" pin="2"/><net_sink comp="204" pin=0"/></net>

<net id="209"><net_src comp="192" pin="2"/><net_sink comp="204" pin=1"/></net>

<net id="214"><net_src comp="178" pin="4"/><net_sink comp="210" pin=0"/></net>

<net id="215"><net_src comp="42" pin="0"/><net_sink comp="210" pin=1"/></net>

<net id="220"><net_src comp="188" pin="1"/><net_sink comp="216" pin=0"/></net>

<net id="221"><net_src comp="44" pin="0"/><net_sink comp="216" pin=1"/></net>

<net id="226"><net_src comp="216" pin="2"/><net_sink comp="222" pin=0"/></net>

<net id="227"><net_src comp="210" pin="2"/><net_sink comp="222" pin=1"/></net>

<net id="232"><net_src comp="87" pin="2"/><net_sink comp="228" pin=0"/></net>

<net id="233"><net_src comp="204" pin="2"/><net_sink comp="228" pin=1"/></net>

<net id="238"><net_src comp="228" pin="2"/><net_sink comp="234" pin=0"/></net>

<net id="239"><net_src comp="222" pin="2"/><net_sink comp="234" pin=1"/></net>

<net id="245"><net_src comp="234" pin="2"/><net_sink comp="240" pin=0"/></net>

<net id="246"><net_src comp="153" pin="1"/><net_sink comp="240" pin=2"/></net>

<net id="251"><net_src comp="240" pin="3"/><net_sink comp="247" pin=0"/></net>

<net id="255"><net_src comp="252" pin="1"/><net_sink comp="80" pin=2"/></net>

<net id="259"><net_src comp="48" pin="1"/><net_sink comp="256" pin=0"/></net>

<net id="260"><net_src comp="256" pin="1"/><net_sink comp="96" pin=1"/></net>

<net id="261"><net_src comp="256" pin="1"/><net_sink comp="153" pin=0"/></net>

<net id="262"><net_src comp="256" pin="1"/><net_sink comp="247" pin=1"/></net>

<net id="263"><net_src comp="256" pin="1"/><net_sink comp="252" pin=0"/></net>

<net id="267"><net_src comp="52" pin="1"/><net_sink comp="264" pin=0"/></net>

<net id="268"><net_src comp="264" pin="1"/><net_sink comp="91" pin=1"/></net>

<net id="269"><net_src comp="264" pin="1"/><net_sink comp="101" pin=0"/></net>

<net id="270"><net_src comp="264" pin="1"/><net_sink comp="148" pin=1"/></net>

<net id="277"><net_src comp="134" pin="3"/><net_sink comp="274" pin=0"/></net>

<net id="278"><net_src comp="274" pin="1"/><net_sink comp="157" pin=0"/></net>

<net id="279"><net_src comp="274" pin="1"/><net_sink comp="87" pin=0"/></net>

<net id="280"><net_src comp="274" pin="1"/><net_sink comp="240" pin=1"/></net>

</net_list>

</model> 
---------------- Datapath Model END ------------------

* FSMD analyzer results:
  - Output states:
	Port: max_logit_1_out | {1 }
 - Input state : 
	Port: graph_moe_Pipeline_VITIS_LOOP_82_3 : max_logit | {1 }
	Port: graph_moe_Pipeline_VITIS_LOOP_82_3 : max_logit_21032 | {1 }
	Port: graph_moe_Pipeline_VITIS_LOOP_82_3 : max_logit_21228 | {1 }
	Port: graph_moe_Pipeline_VITIS_LOOP_82_3 : max_logit_21136 | {1 }
  - Chain level:
	State 1
		store_ln82 : 1
		e : 1
		icmp_ln82 : 2
		br_ln82 : 3
		trunc_ln86 : 2
		icmp_ln86 : 3
		select_ln86 : 4
		icmp_ln86_1 : 3
		max_logit_2 : 5
		add_ln82 : 2
		store_ln82 : 3
		max_logit_1_load : 1
		write_ln0 : 2
	State 2
		tmp_s : 1
		trunc_ln86_1 : 1
		bitcast_ln86_1 : 1
		tmp_1 : 2
		trunc_ln86_2 : 2
		icmp_ln86_2 : 2
		icmp_ln86_3 : 2
		or_ln86 : 3
		icmp_ln86_4 : 3
		icmp_ln86_5 : 3
		or_ln86_1 : 4
		tmp_2 : 1
		and_ln86 : 3
		and_ln86_1 : 3
		max_logit_3 : 3
		store_ln80 : 4


============================================================
+ Verbose Summary: Datapath Resource usage 
============================================================

* Functional unit list:
|----------|---------------------------------|---------|---------|
| Operation|         Functional Unit         |    FF   |   LUT   |
|----------|---------------------------------|---------|---------|
|          |         icmp_ln82_fu_104        |    0    |    10   |
|          |         icmp_ln86_fu_114        |    0    |    9    |
|          |        icmp_ln86_1_fu_128       |    0    |    9    |
|   icmp   |        icmp_ln86_2_fu_192       |    0    |    15   |
|          |        icmp_ln86_3_fu_198       |    0    |    30   |
|          |        icmp_ln86_4_fu_210       |    0    |    15   |
|          |        icmp_ln86_5_fu_216       |    0    |    30   |
|----------|---------------------------------|---------|---------|
|          |        select_ln86_fu_120       |    0    |    32   |
|  select  |        max_logit_2_fu_134       |    0    |    32   |
|          |        max_logit_3_fu_240       |    0    |    32   |
|----------|---------------------------------|---------|---------|
|    add   |         add_ln82_fu_142         |    0    |    10   |
|----------|---------------------------------|---------|---------|
|    or    |          or_ln86_fu_204         |    0    |    2    |
|          |         or_ln86_1_fu_222        |    0    |    2    |
|----------|---------------------------------|---------|---------|
|    and   |         and_ln86_fu_228         |    0    |    2    |
|          |        and_ln86_1_fu_234        |    0    |    2    |
|----------|---------------------------------|---------|---------|
|          | max_logit_21136_read_read_fu_56 |    0    |    0    |
|   read   | max_logit_21228_read_read_fu_62 |    0    |    0    |
|          | max_logit_21032_read_read_fu_68 |    0    |    0    |
|          |    max_logit_read_read_fu_74    |    0    |    0    |
|----------|---------------------------------|---------|---------|
|   write  |      write_ln0_write_fu_80      |    0    |    0    |
|----------|---------------------------------|---------|---------|
|   fcmp   |           tmp_2_fu_87           |    0    |    0    |
|----------|---------------------------------|---------|---------|
|          |        trunc_ln86_fu_110        |    0    |    0    |
|   trunc  |       trunc_ln86_1_fu_170       |    0    |    0    |
|          |       trunc_ln86_2_fu_188       |    0    |    0    |
|----------|---------------------------------|---------|---------|
|partselect|           tmp_s_fu_160          |    0    |    0    |
|          |           tmp_1_fu_178          |    0    |    0    |
|----------|---------------------------------|---------|---------|
|   Total  |                                 |    0    |   232   |
|----------|---------------------------------|---------|---------|

Memories:
N/A

* Register list:
+-------------------+--------+
|                   |   FF   |
+-------------------+--------+
|    e_1_reg_264    |    3   |
|max_logit_1_reg_256|   32   |
|max_logit_2_reg_274|   32   |
+-------------------+--------+
|       Total       |   67   |
+-------------------+--------+

* Multiplexer (MUX) list: 
|--------|------|------|------|--------|
|  Comp  |  Pin | Size |  BW  | S x BW |
|--------|------|------|------|--------|
|  Total |      |      |      |    0   |
|--------|------|------|------|--------|



* Summary:
+-----------+--------+--------+
|           |   FF   |   LUT  |
+-----------+--------+--------+
|  Function |    0   |   232  |
|   Memory  |    -   |    -   |
|Multiplexer|    -   |    -   |
|  Register |   67   |    -   |
+-----------+--------+--------+
|   Total   |   67   |   232  |
+-----------+--------+--------+
