

================================================================
== Vitis HLS Report for 'graph_moe_Pipeline_VITIS_LOOP_93_4'
================================================================
* Date:           Sat Sep 12 16:02:11 2026

* Version:        2023.2 (Build 4023990 on Oct 11 2023)
* Project:        HLS_GraphMoE_Run3
* Solution:       solution1 (Vivado IP Flow Target)
* Product family: virtexuplus
* Target device:  xcvu13p_CIV-figd2104-3-e


================================================================
== Performance Estimates
================================================================
+ Timing: 
    * Summary: 
    +--------+----------+----------+------------+
    |  Clock |  Target  | Estimated| Uncertainty|
    +--------+----------+----------+------------+
    |ap_clk  |  10.00 ns|  6.829 ns|     2.70 ns|
    +--------+----------+----------+------------+

+ Latency: 
    * Summary: 
    +---------+---------+----------+----------+-----+-----+---------+
    |  Latency (cycles) |  Latency (absolute) |  Interval | Pipeline|
    |   min   |   max   |    min   |    max   | min | max |   Type  |
    +---------+---------+----------+----------+-----+-----+---------+
    |       12|       12|  0.120 us|  0.120 us|   12|   12|       no|
    +---------+---------+----------+----------+-----+-----+---------+

    + Detail: 
        * Instance: 
        N/A

        * Loop: 
        +-------------------+---------+---------+----------+-----------+-----------+------+----------+
        |                   |  Latency (cycles) | Iteration|  Initiation Interval  | Trip |          |
        |     Loop Name     |   min   |   max   |  Latency |  achieved |   target  | Count| Pipelined|
        +-------------------+---------+---------+----------+-----------+-----------+------+----------+
        |- VITIS_LOOP_93_4  |       10|       10|         8|          1|          1|     4|       yes|
        +-------------------+---------+---------+----------+-----------+-----------+------+----------+

============================================================
+ Verbose Summary: Synthesis Manager
============================================================
InlineROM: 1
ExposeGlobal: 0
============================================================
+ Verbose Summary: CDFG Model
============================================================
IsTopModel: 0
ResetActiveHigh: 1
IsCombinational: 0
IsDatapathOnly: 0
HasWiredReturn: 1
HasMFsm: 2
HasVarLatency: 1
IsPipeline: 0
IsRtlPipelined: 0
IsInstanceOverlapped: 0
IsDontTouch: 0
HasImplIP: 0
IsGatedGlobalClock: 0

+ Individual pipeline summary: 
  * Pipeline-0: initiation interval (II) = 1, depth = 8


============================================================
+ Verbose Summary: Schedule
============================================================
* Number of FSM states : 8
* Pipeline : 1
  Pipeline-0 : II = 1, D = 8, States = { 1 2 3 4 5 6 7 8 }
* Dataflow Pipeline: 0

* FSM state transitions: 
1 --> 2 
2 --> 3 
3 --> 4 
4 --> 5 
5 --> 6 
6 --> 7 
7 --> 8 
8 --> 

* FSM state operations: 

State 1 <SV = 0> <Delay = 6.82>
ST_1 : Operation 11 [1/1] (0.00ns)   --->   "%exp_sum = alloca i32 1" [src/moe.cpp:91]   --->   Operation 11 'alloca' 'exp_sum' <Predicate = true> <Delay = 0.00>
ST_1 : Operation 12 [1/1] (0.00ns)   --->   "%e = alloca i32 1" [src/moe.cpp:93]   --->   Operation 12 'alloca' 'e' <Predicate = true> <Delay = 0.00>
ST_1 : Operation 13 [1/1] (0.00ns)   --->   "%specinterface_ln0 = specinterface void @_ssdm_op_SpecInterface, i32 %gates, void @empty_2, i32 0, i32 0, void @empty_3, i32 4294967295, i32 0, void @empty_3, void @empty_3, void @empty_3, i32 0, i32 0, i32 0, i32 0, void @empty_3, void @empty_3, i32 4294967295, i32 0"   --->   Operation 13 'specinterface' 'specinterface_ln0' <Predicate = true> <Delay = 0.00>
ST_1 : Operation 14 [1/1] (0.00ns)   --->   "%max_logit_1_reload_read = read i32 @_ssdm_op_Read.ap_auto.float, i32 %max_logit_1_reload"   --->   Operation 14 'read' 'max_logit_1_reload_read' <Predicate = true> <Delay = 0.00>
ST_1 : Operation 15 [1/1] (0.00ns)   --->   "%logits_3_04_read = read i32 @_ssdm_op_Read.ap_auto.float, i32 %logits_3_04"   --->   Operation 15 'read' 'logits_3_04_read' <Predicate = true> <Delay = 0.00>
ST_1 : Operation 16 [1/1] (0.00ns)   --->   "%logits_2_03_read = read i32 @_ssdm_op_Read.ap_auto.float, i32 %logits_2_03"   --->   Operation 16 'read' 'logits_2_03_read' <Predicate = true> <Delay = 0.00>
ST_1 : Operation 17 [1/1] (0.00ns)   --->   "%logits_1_02_read = read i32 @_ssdm_op_Read.ap_auto.float, i32 %logits_1_02"   --->   Operation 17 'read' 'logits_1_02_read' <Predicate = true> <Delay = 0.00>
ST_1 : Operation 18 [1/1] (0.00ns)   --->   "%logits_0_01_read = read i32 @_ssdm_op_Read.ap_auto.float, i32 %logits_0_01"   --->   Operation 18 'read' 'logits_0_01_read' <Predicate = true> <Delay = 0.00>
ST_1 : Operation 19 [1/1] (0.36ns)   --->   "%store_ln93 = store i3 0, i3 %e" [src/moe.cpp:93]   --->   Operation 19 'store' 'store_ln93' <Predicate = true> <Delay = 0.36>
ST_1 : Operation 20 [1/1] (0.36ns)   --->   "%store_ln91 = store i32 0, i32 %exp_sum" [src/moe.cpp:91]   --->   Operation 20 'store' 'store_ln91' <Predicate = true> <Delay = 0.36>
ST_1 : Operation 21 [1/1] (0.00ns)   --->   "%br_ln0 = br void %for.inc42"   --->   Operation 21 'br' 'br_ln0' <Predicate = true> <Delay = 0.00>
ST_1 : Operation 22 [1/1] (0.00ns)   --->   "%e_1 = load i3 %e" [src/moe.cpp:97]   --->   Operation 22 'load' 'e_1' <Predicate = true> <Delay = 0.00>
ST_1 : Operation 23 [1/1] (0.52ns)   --->   "%icmp_ln93 = icmp_eq  i3 %e_1, i3 4" [src/moe.cpp:93]   --->   Operation 23 'icmp' 'icmp_ln93' <Predicate = true> <Delay = 0.52> <CoreInst = "Cmp">   --->   Core 9 'Cmp' <Latency = 0> <II = 1> <Delay = 0.52> <FuncUnit> <Opcode : 'icmp'> <InPorts = 2> <OutPorts = 1>
ST_1 : Operation 24 [1/1] (0.52ns)   --->   "%add_ln93 = add i3 %e_1, i3 1" [src/moe.cpp:93]   --->   Operation 24 'add' 'add_ln93' <Predicate = true> <Delay = 0.52> <CoreInst = "Adder">   --->   Core 1 'Adder' <Latency = 0> <II = 1> <Delay = 0.52> <FuncUnit> <Opcode : 'add' 'sub'> <InPorts = 2> <OutPorts = 1>
ST_1 : Operation 25 [1/1] (0.00ns)   --->   "%br_ln93 = br i1 %icmp_ln93, void %for.inc42.split, void %for.inc54.preheader.exitStub" [src/moe.cpp:93]   --->   Operation 25 'br' 'br_ln93' <Predicate = true> <Delay = 0.00>
ST_1 : Operation 26 [1/1] (0.00ns)   --->   "%trunc_ln97 = trunc i3 %e_1" [src/moe.cpp:97]   --->   Operation 26 'trunc' 'trunc_ln97' <Predicate = (!icmp_ln93)> <Delay = 0.00>
ST_1 : Operation 27 [1/1] (0.42ns)   --->   "%tmp_s = mux i32 @_ssdm_op_Mux.ap_auto.4float.i2, i32 %logits_0_01_read, i32 %logits_1_02_read, i32 %logits_2_03_read, i32 %logits_3_04_read, i2 %trunc_ln97" [src/moe.cpp:97]   --->   Operation 27 'mux' 'tmp_s' <Predicate = (!icmp_ln93)> <Delay = 0.42> <CoreInst = "Multiplexer">   --->   Core 76 'Multiplexer' <Latency = 0> <II = 1> <Delay = 0.42> <FuncUnit> <Opcode : 'mux'> <InPorts = 2> <OutPorts = 1>
ST_1 : Operation 28 [2/2] (6.04ns)   --->   "%p_x_assign = fsub i32 %tmp_s, i32 %max_logit_1_reload_read" [src/moe.cpp:97]   --->   Operation 28 'fsub' 'p_x_assign' <Predicate = (!icmp_ln93)> <Delay = 6.04> <CoreInst = "FAddSub_fulldsp">   --->   Core 18 'FAddSub_fulldsp' <Latency = 1> <II = 1> <Delay = 6.04> <FuncUnit> <Opcode : 'fadd' 'fsub'> <InPorts = 2> <OutPorts = 1>
ST_1 : Operation 29 [1/1] (0.36ns)   --->   "%store_ln93 = store i3 %add_ln93, i3 %e" [src/moe.cpp:93]   --->   Operation 29 'store' 'store_ln93' <Predicate = (!icmp_ln93)> <Delay = 0.36>

State 2 <SV = 1> <Delay = 6.04>
ST_2 : Operation 30 [1/2] (6.04ns)   --->   "%p_x_assign = fsub i32 %tmp_s, i32 %max_logit_1_reload_read" [src/moe.cpp:97]   --->   Operation 30 'fsub' 'p_x_assign' <Predicate = true> <Delay = 6.04> <CoreInst = "FAddSub_fulldsp">   --->   Core 18 'FAddSub_fulldsp' <Latency = 1> <II = 1> <Delay = 6.04> <FuncUnit> <Opcode : 'fadd' 'fsub'> <InPorts = 2> <OutPorts = 1>

State 3 <SV = 2> <Delay = 6.28>
ST_3 : Operation 31 [4/4] (6.28ns)   --->   "%tmp = fexp i32 @llvm.exp.f32, i32 %p_x_assign" [/home/simics/HMoE/Vitis_HLS/2023.2/tps/lnx64/gcc-8.3.0/lib/gcc/x86_64-pc-linux-gnu/8.3.0/../../../../include/c++/8.3.0/cmath:223->src/moe.cpp:97]   --->   Operation 31 'fexp' 'tmp' <Predicate = true> <Delay = 6.28> <CoreInst = "FExp_fulldsp">   --->   Core 23 'FExp_fulldsp' <Latency = 3> <II = 1> <Delay = 6.28> <FuncUnit> <Opcode : 'fexp'> <InPorts = 1> <OutPorts = 1>

State 4 <SV = 3> <Delay = 6.28>
ST_4 : Operation 32 [3/4] (6.28ns)   --->   "%tmp = fexp i32 @llvm.exp.f32, i32 %p_x_assign" [/home/simics/HMoE/Vitis_HLS/2023.2/tps/lnx64/gcc-8.3.0/lib/gcc/x86_64-pc-linux-gnu/8.3.0/../../../../include/c++/8.3.0/cmath:223->src/moe.cpp:97]   --->   Operation 32 'fexp' 'tmp' <Predicate = true> <Delay = 6.28> <CoreInst = "FExp_fulldsp">   --->   Core 23 'FExp_fulldsp' <Latency = 3> <II = 1> <Delay = 6.28> <FuncUnit> <Opcode : 'fexp'> <InPorts = 1> <OutPorts = 1>

State 5 <SV = 4> <Delay = 6.28>
ST_5 : Operation 33 [2/4] (6.28ns)   --->   "%tmp = fexp i32 @llvm.exp.f32, i32 %p_x_assign" [/home/simics/HMoE/Vitis_HLS/2023.2/tps/lnx64/gcc-8.3.0/lib/gcc/x86_64-pc-linux-gnu/8.3.0/../../../../include/c++/8.3.0/cmath:223->src/moe.cpp:97]   --->   Operation 33 'fexp' 'tmp' <Predicate = true> <Delay = 6.28> <CoreInst = "FExp_fulldsp">   --->   Core 23 'FExp_fulldsp' <Latency = 3> <II = 1> <Delay = 6.28> <FuncUnit> <Opcode : 'fexp'> <InPorts = 1> <OutPorts = 1>

State 6 <SV = 5> <Delay = 6.82>
ST_6 : Operation 34 [1/1] (0.00ns)   --->   "%zext_ln93 = zext i3 %e_1" [src/moe.cpp:93]   --->   Operation 34 'zext' 'zext_ln93' <Predicate = true> <Delay = 0.00>
ST_6 : Operation 35 [1/4] (6.28ns)   --->   "%tmp = fexp i32 @llvm.exp.f32, i32 %p_x_assign" [/home/simics/HMoE/Vitis_HLS/2023.2/tps/lnx64/gcc-8.3.0/lib/gcc/x86_64-pc-linux-gnu/8.3.0/../../../../include/c++/8.3.0/cmath:223->src/moe.cpp:97]   --->   Operation 35 'fexp' 'tmp' <Predicate = true> <Delay = 6.28> <CoreInst = "FExp_fulldsp">   --->   Core 23 'FExp_fulldsp' <Latency = 3> <II = 1> <Delay = 6.28> <FuncUnit> <Opcode : 'fexp'> <InPorts = 1> <OutPorts = 1>
ST_6 : Operation 36 [1/1] (0.00ns)   --->   "%bitcast_ln97 = bitcast i32 %tmp" [src/moe.cpp:97]   --->   Operation 36 'bitcast' 'bitcast_ln97' <Predicate = true> <Delay = 0.00>
ST_6 : Operation 37 [1/1] (0.00ns)   --->   "%gates_addr = getelementptr i32 %gates, i64 0, i64 %zext_ln93" [src/moe.cpp:97]   --->   Operation 37 'getelementptr' 'gates_addr' <Predicate = true> <Delay = 0.00>
ST_6 : Operation 38 [1/1] (0.54ns)   --->   "%store_ln97 = store i32 %bitcast_ln97, i2 %gates_addr" [src/moe.cpp:97]   --->   Operation 38 'store' 'store_ln97' <Predicate = true> <Delay = 0.54> <CoreInst = "RAM">   --->   Core 83 'RAM' <Latency = 1> <II = 1> <Delay = 0.54> <Storage> <Opcode : 'load' 'store'> <Ports = 2> <Width = 32> <Depth = 4> <RAM>

State 7 <SV = 6> <Delay = 6.04>
ST_7 : Operation 39 [1/1] (0.00ns)   --->   "%exp_sum_load = load i32 %exp_sum" [src/moe.cpp:98]   --->   Operation 39 'load' 'exp_sum_load' <Predicate = true> <Delay = 0.00>
ST_7 : Operation 40 [2/2] (6.04ns)   --->   "%exp_sum_1 = fadd i32 %exp_sum_load, i32 %tmp" [src/moe.cpp:98]   --->   Operation 40 'fadd' 'exp_sum_1' <Predicate = true> <Delay = 6.04> <CoreInst = "FAddSub_fulldsp">   --->   Core 18 'FAddSub_fulldsp' <Latency = 1> <II = 1> <Delay = 6.04> <FuncUnit> <Opcode : 'fadd' 'fsub'> <InPorts = 2> <OutPorts = 1>
ST_7 : Operation 47 [1/1] (0.00ns)   --->   "%exp_sum_load_1 = load i32 %exp_sum"   --->   Operation 47 'load' 'exp_sum_load_1' <Predicate = (icmp_ln93)> <Delay = 0.00>
ST_7 : Operation 48 [1/1] (0.00ns)   --->   "%write_ln0 = write void @_ssdm_op_Write.ap_auto.floatP0A, i32 %exp_sum_out, i32 %exp_sum_load_1"   --->   Operation 48 'write' 'write_ln0' <Predicate = (icmp_ln93)> <Delay = 0.00>
ST_7 : Operation 49 [1/1] (0.00ns)   --->   "%ret_ln0 = ret"   --->   Operation 49 'ret' 'ret_ln0' <Predicate = (icmp_ln93)> <Delay = 0.00>

State 8 <SV = 7> <Delay = 6.40>
ST_8 : Operation 41 [1/1] (0.00ns)   --->   "%specpipeline_ln95 = specpipeline void @_ssdm_op_SpecPipeline, i32 1, i32 0, i32 0, i32 0, void @empty_3" [src/moe.cpp:95]   --->   Operation 41 'specpipeline' 'specpipeline_ln95' <Predicate = true> <Delay = 0.00>
ST_8 : Operation 42 [1/1] (0.00ns)   --->   "%speclooptripcount_ln93 = speclooptripcount void @_ssdm_op_SpecLoopTripCount, i64 4, i64 4, i64 4" [src/moe.cpp:93]   --->   Operation 42 'speclooptripcount' 'speclooptripcount_ln93' <Predicate = true> <Delay = 0.00>
ST_8 : Operation 43 [1/1] (0.00ns)   --->   "%specloopname_ln93 = specloopname void @_ssdm_op_SpecLoopName, void @empty_7" [src/moe.cpp:93]   --->   Operation 43 'specloopname' 'specloopname_ln93' <Predicate = true> <Delay = 0.00>
ST_8 : Operation 44 [1/2] (6.04ns)   --->   "%exp_sum_1 = fadd i32 %exp_sum_load, i32 %tmp" [src/moe.cpp:98]   --->   Operation 44 'fadd' 'exp_sum_1' <Predicate = true> <Delay = 6.04> <CoreInst = "FAddSub_fulldsp">   --->   Core 18 'FAddSub_fulldsp' <Latency = 1> <II = 1> <Delay = 6.04> <FuncUnit> <Opcode : 'fadd' 'fsub'> <InPorts = 2> <OutPorts = 1>
ST_8 : Operation 45 [1/1] (0.36ns)   --->   "%store_ln91 = store i32 %exp_sum_1, i32 %exp_sum" [src/moe.cpp:91]   --->   Operation 45 'store' 'store_ln91' <Predicate = true> <Delay = 0.36>
ST_8 : Operation 46 [1/1] (0.00ns)   --->   "%br_ln93 = br void %for.inc42" [src/moe.cpp:93]   --->   Operation 46 'br' 'br_ln93' <Predicate = true> <Delay = 0.00>


============================================================
+ Verbose Summary: Timing violations
============================================================
Target clock period: 10.000ns, clock uncertainty: 2.700ns.

 <State 1>: 6.829ns
The critical path consists of the following:
	'store' operation 0 bit ('store_ln93', src/moe.cpp:93) of constant 0 on local variable 'e', src/moe.cpp:93 [16]  (0.362 ns)
	'load' operation 3 bit ('e', src/moe.cpp:97) on local variable 'e', src/moe.cpp:93 [20]  (0.000 ns)
	'mux' operation 32 bit ('tmp_s', src/moe.cpp:97) [31]  (0.420 ns)
	'fsub' operation 32 bit ('__x', src/moe.cpp:97) [32]  (6.047 ns)

 <State 2>: 6.047ns
The critical path consists of the following:
	'fsub' operation 32 bit ('__x', src/moe.cpp:97) [32]  (6.047 ns)

 <State 3>: 6.282ns
The critical path consists of the following:
	'fexp' operation 32 bit ('tmp', /home/simics/HMoE/Vitis_HLS/2023.2/tps/lnx64/gcc-8.3.0/lib/gcc/x86_64-pc-linux-gnu/8.3.0/../../../../include/c++/8.3.0/cmath:223->src/moe.cpp:97) [33]  (6.282 ns)

 <State 4>: 6.282ns
The critical path consists of the following:
	'fexp' operation 32 bit ('tmp', /home/simics/HMoE/Vitis_HLS/2023.2/tps/lnx64/gcc-8.3.0/lib/gcc/x86_64-pc-linux-gnu/8.3.0/../../../../include/c++/8.3.0/cmath:223->src/moe.cpp:97) [33]  (6.282 ns)

 <State 5>: 6.282ns
The critical path consists of the following:
	'fexp' operation 32 bit ('tmp', /home/simics/HMoE/Vitis_HLS/2023.2/tps/lnx64/gcc-8.3.0/lib/gcc/x86_64-pc-linux-gnu/8.3.0/../../../../include/c++/8.3.0/cmath:223->src/moe.cpp:97) [33]  (6.282 ns)

 <State 6>: 6.824ns
The critical path consists of the following:
	'fexp' operation 32 bit ('tmp', /home/simics/HMoE/Vitis_HLS/2023.2/tps/lnx64/gcc-8.3.0/lib/gcc/x86_64-pc-linux-gnu/8.3.0/../../../../include/c++/8.3.0/cmath:223->src/moe.cpp:97) [33]  (6.282 ns)
	'store' operation 0 bit ('store_ln97', src/moe.cpp:97) of variable 'bitcast_ln97', src/moe.cpp:97 on array 'gates' [36]  (0.542 ns)

 <State 7>: 6.047ns
The critical path consists of the following:
	'load' operation 32 bit ('exp_sum_load', src/moe.cpp:98) on local variable 'exp_sum', src/moe.cpp:91 [25]  (0.000 ns)
	'fadd' operation 32 bit ('exp_sum', src/moe.cpp:98) [37]  (6.047 ns)

 <State 8>: 6.409ns
The critical path consists of the following:
	'fadd' operation 32 bit ('exp_sum', src/moe.cpp:98) [37]  (6.047 ns)
	'store' operation 0 bit ('store_ln91', src/moe.cpp:91) of variable 'exp_sum', src/moe.cpp:98 on local variable 'exp_sum', src/moe.cpp:91 [39]  (0.362 ns)


============================================================
+ Verbose Summary: Binding
============================================================
N/A
* FSMD analyzer results:
  - Output states:
 - Input state : 
  - Chain level:
	State 1
	State 2
	State 3
	State 4
	State 5
	State 6
	State 7
	State 8


============================================================
+ Verbose Summary: Datapath Resource usage 
============================================================
N/A
