

================================================================
== Vitis HLS Report for 'graph_moe'
================================================================
* Date:           Sat Sep 12 14:08:54 2026

* Version:        2023.2 (Build 4023990 on Oct 11 2023)
* Project:        HLS_GraphMoE_Run2
* Solution:       solution1 (Vivado IP Flow Target)
* Product family: virtexuplus
* Target device:  xcvu13p_CIV-figd2104-3-e


================================================================
== Performance Estimates
================================================================
+ Timing: 
    * Summary: 
    +--------+----------+----------+------------+
    |  Clock |  Target  | Estimated| Uncertainty|
    +--------+----------+----------+------------+
    |ap_clk  |  10.00 ns|  7.285 ns|     2.70 ns|
    +--------+----------+----------+------------+

+ Latency: 
    * Summary: 
    +---------+---------+----------+----------+--------+--------+---------+
    |  Latency (cycles) |  Latency (absolute) |     Interval    | Pipeline|
    |   min   |   max   |    min   |    max   |   min  |   max  |   Type  |
    +---------+---------+----------+----------+--------+--------+---------+
    |   111402|   111402|  1.114 ms|  1.114 ms|  111403|  111403|       no|
    +---------+---------+----------+----------+--------+--------+---------+

    + Detail: 
        * Instance: 
        N/A

        * Loop: 
        +-----------------------------------+---------+---------+----------+-----------+-----------+------+----------+
        |                                   |  Latency (cycles) | Iteration|  Initiation Interval  | Trip |          |
        |             Loop Name             |   min   |   max   |  Latency |  achieved |   target  | Count| Pipelined|
        +-----------------------------------+---------+---------+----------+-----------+-----------+------+----------+
        |- VITIS_LOOP_53_1                  |      548|      548|       137|          -|          -|     4|        no|
        |- VITIS_LOOP_96_6_VITIS_LOOP_98_7  |   110800|   110800|      5540|          -|          -|    20|        no|
        | + VITIS_LOOP_105_8                |     4544|     4544|       142|          -|          -|    32|        no|
        | + VITIS_LOOP_117_10               |      736|      736|        46|          -|          -|    16|        no|
        | + VITIS_LOOP_129_12               |      240|      240|        30|          -|          -|     8|        no|
        +-----------------------------------+---------+---------+----------+-----------+-----------+------+----------+

============================================================
+ Verbose Summary: Synthesis Manager
============================================================
InlineROM: 1
ExposeGlobal: 0
============================================================
+ Verbose Summary: CDFG Model
============================================================
IsTopModel: 1
ResetActiveHigh: 1
IsCombinational: 0
IsDatapathOnly: 0
HasWiredReturn: 1
HasMFsm: 0
HasVarLatency: 1
IsPipeline: 0
IsRtlPipelined: 0
IsInstanceOverlapped: 0
IsDontTouch: 0
HasImplIP: 0
IsGatedGlobalClock: 0


============================================================
+ Verbose Summary: Schedule
============================================================
* Number of FSM states : 44
* Pipeline : 0
* Dataflow Pipeline: 0

* FSM state transitions: 
1 --> 2 
2 --> 3 6 
3 --> 4 
4 --> 5 
5 --> 2 
6 --> 7 
7 --> 8 
8 --> 9 
9 --> 10 
10 --> 11 
11 --> 42 12 
12 --> 13 21 
13 --> 14 
14 --> 15 
15 --> 16 
16 --> 17 
17 --> 18 
18 --> 19 
19 --> 20 
20 --> 12 
21 --> 22 30 
22 --> 23 
23 --> 24 
24 --> 25 
25 --> 26 
26 --> 27 
27 --> 28 
28 --> 29 
29 --> 21 
30 --> 31 39 
31 --> 32 
32 --> 33 
33 --> 34 
34 --> 35 
35 --> 36 
36 --> 37 
37 --> 38 
38 --> 30 
39 --> 40 
40 --> 41 
41 --> 11 
42 --> 43 
43 --> 44 
44 --> 

* FSM state operations: 

State 1 <SV = 0> <Delay = 0.36>
ST_1 : Operation 45 [1/1] (0.00ns)   --->   "%e = alloca i32 1" [src/moe.cpp:53]   --->   Operation 45 'alloca' 'e' <Predicate = true> <Delay = 0.00>
ST_1 : Operation 46 [1/1] (0.00ns)   --->   "%max_logit = alloca i32 1" [src/moe.cpp:65]   --->   Operation 46 'alloca' 'max_logit' <Predicate = true> <Delay = 0.00>
ST_1 : Operation 47 [1/1] (0.00ns)   --->   "%max_logit_21238 = alloca i32 1"   --->   Operation 47 'alloca' 'max_logit_21238' <Predicate = true> <Delay = 0.00>
ST_1 : Operation 48 [1/1] (0.00ns)   --->   "%max_logit_21042 = alloca i32 1"   --->   Operation 48 'alloca' 'max_logit_21042' <Predicate = true> <Delay = 0.00>
ST_1 : Operation 49 [1/1] (0.00ns)   --->   "%max_logit_21146 = alloca i32 1"   --->   Operation 49 'alloca' 'max_logit_21146' <Predicate = true> <Delay = 0.00>
ST_1 : Operation 50 [1/1] (0.00ns)   --->   "%logits_0_01 = alloca i32 1"   --->   Operation 50 'alloca' 'logits_0_01' <Predicate = true> <Delay = 0.00>
ST_1 : Operation 51 [1/1] (0.00ns)   --->   "%logits_1_02 = alloca i32 1"   --->   Operation 51 'alloca' 'logits_1_02' <Predicate = true> <Delay = 0.00>
ST_1 : Operation 52 [1/1] (0.00ns)   --->   "%logits_2_03 = alloca i32 1"   --->   Operation 52 'alloca' 'logits_2_03' <Predicate = true> <Delay = 0.00>
ST_1 : Operation 53 [1/1] (0.00ns)   --->   "%logits_3_04 = alloca i32 1"   --->   Operation 53 'alloca' 'logits_3_04' <Predicate = true> <Delay = 0.00>
ST_1 : Operation 54 [1/1] (0.00ns)   --->   "%result_1_loc = alloca i64 1"   --->   Operation 54 'alloca' 'result_1_loc' <Predicate = true> <Delay = 0.00>
ST_1 : Operation 55 [1/1] (0.00ns)   --->   "%sum_14_loc = alloca i64 1"   --->   Operation 55 'alloca' 'sum_14_loc' <Predicate = true> <Delay = 0.00>
ST_1 : Operation 56 [1/1] (0.00ns)   --->   "%sum_12_loc = alloca i64 1"   --->   Operation 56 'alloca' 'sum_12_loc' <Predicate = true> <Delay = 0.00>
ST_1 : Operation 57 [1/1] (0.00ns)   --->   "%sum_9_loc = alloca i64 1"   --->   Operation 57 'alloca' 'sum_9_loc' <Predicate = true> <Delay = 0.00>
ST_1 : Operation 58 [1/1] (0.00ns)   --->   "%exp_sum_loc = alloca i64 1"   --->   Operation 58 'alloca' 'exp_sum_loc' <Predicate = true> <Delay = 0.00>
ST_1 : Operation 59 [1/1] (0.00ns)   --->   "%exp_logits_0_05_loc = alloca i64 1"   --->   Operation 59 'alloca' 'exp_logits_0_05_loc' <Predicate = true> <Delay = 0.00>
ST_1 : Operation 60 [1/1] (0.00ns)   --->   "%exp_logits_1_06_loc = alloca i64 1"   --->   Operation 60 'alloca' 'exp_logits_1_06_loc' <Predicate = true> <Delay = 0.00>
ST_1 : Operation 61 [1/1] (0.00ns)   --->   "%exp_logits_2_07_loc = alloca i64 1"   --->   Operation 61 'alloca' 'exp_logits_2_07_loc' <Predicate = true> <Delay = 0.00>
ST_1 : Operation 62 [1/1] (0.00ns)   --->   "%exp_logits_3_08_loc = alloca i64 1"   --->   Operation 62 'alloca' 'exp_logits_3_08_loc' <Predicate = true> <Delay = 0.00>
ST_1 : Operation 63 [1/1] (0.00ns)   --->   "%max_logit_1_loc = alloca i64 1"   --->   Operation 63 'alloca' 'max_logit_1_loc' <Predicate = true> <Delay = 0.00>
ST_1 : Operation 64 [1/1] (0.00ns)   --->   "%logits_0_loc = alloca i64 1"   --->   Operation 64 'alloca' 'logits_0_loc' <Predicate = true> <Delay = 0.00>
ST_1 : Operation 65 [1/1] (0.00ns)   --->   "%spectopmodule_ln10 = spectopmodule void @_ssdm_op_SpecTopModule, void @empty_3" [src/moe.cpp:10]   --->   Operation 65 'spectopmodule' 'spectopmodule_ln10' <Predicate = true> <Delay = 0.00>
ST_1 : Operation 66 [1/1] (0.00ns)   --->   "%specinterface_ln0 = specinterface void @_ssdm_op_SpecInterface, i32 %input_r, void @empty_13, i32 0, i32 0, void @empty_0, i32 4294967295, i32 0, void @empty_0, void @empty_0, void @empty_0, i32 0, i32 0, i32 0, i32 0, void @empty_0, void @empty_0, i32 4294967295, i32 0"   --->   Operation 66 'specinterface' 'specinterface_ln0' <Predicate = true> <Delay = 0.00>
ST_1 : Operation 67 [1/1] (0.00ns)   --->   "%specbitsmap_ln0 = specbitsmap void @_ssdm_op_SpecBitsMap, i32 %input_r"   --->   Operation 67 'specbitsmap' 'specbitsmap_ln0' <Predicate = true> <Delay = 0.00>
ST_1 : Operation 68 [1/1] (0.00ns)   --->   "%specinterface_ln0 = specinterface void @_ssdm_op_SpecInterface, i32 %gate_weight, void @empty_13, i32 0, i32 0, void @empty_0, i32 4294967295, i32 0, void @empty_0, void @empty_0, void @empty_0, i32 0, i32 0, i32 0, i32 0, void @empty_0, void @empty_0, i32 4294967295, i32 0"   --->   Operation 68 'specinterface' 'specinterface_ln0' <Predicate = true> <Delay = 0.00>
ST_1 : Operation 69 [1/1] (0.00ns)   --->   "%specbitsmap_ln0 = specbitsmap void @_ssdm_op_SpecBitsMap, i32 %gate_weight"   --->   Operation 69 'specbitsmap' 'specbitsmap_ln0' <Predicate = true> <Delay = 0.00>
ST_1 : Operation 70 [1/1] (0.00ns)   --->   "%specinterface_ln0 = specinterface void @_ssdm_op_SpecInterface, i32 %gate_bias, void @empty_13, i32 0, i32 0, void @empty_0, i32 4294967295, i32 0, void @empty_0, void @empty_0, void @empty_0, i32 0, i32 0, i32 0, i32 0, void @empty_0, void @empty_0, i32 4294967295, i32 0"   --->   Operation 70 'specinterface' 'specinterface_ln0' <Predicate = true> <Delay = 0.00>
ST_1 : Operation 71 [1/1] (0.00ns)   --->   "%specbitsmap_ln0 = specbitsmap void @_ssdm_op_SpecBitsMap, i32 %gate_bias"   --->   Operation 71 'specbitsmap' 'specbitsmap_ln0' <Predicate = true> <Delay = 0.00>
ST_1 : Operation 72 [1/1] (0.00ns)   --->   "%specinterface_ln0 = specinterface void @_ssdm_op_SpecInterface, i32 %w1, void @empty_13, i32 0, i32 0, void @empty_0, i32 4294967295, i32 0, void @empty_0, void @empty_0, void @empty_0, i32 0, i32 0, i32 0, i32 0, void @empty_0, void @empty_0, i32 4294967295, i32 0"   --->   Operation 72 'specinterface' 'specinterface_ln0' <Predicate = true> <Delay = 0.00>
ST_1 : Operation 73 [1/1] (0.00ns)   --->   "%specbitsmap_ln0 = specbitsmap void @_ssdm_op_SpecBitsMap, i32 %w1"   --->   Operation 73 'specbitsmap' 'specbitsmap_ln0' <Predicate = true> <Delay = 0.00>
ST_1 : Operation 74 [1/1] (0.00ns)   --->   "%specinterface_ln0 = specinterface void @_ssdm_op_SpecInterface, i32 %b1, void @empty_13, i32 0, i32 0, void @empty_0, i32 4294967295, i32 0, void @empty_0, void @empty_0, void @empty_0, i32 0, i32 0, i32 0, i32 0, void @empty_0, void @empty_0, i32 4294967295, i32 0"   --->   Operation 74 'specinterface' 'specinterface_ln0' <Predicate = true> <Delay = 0.00>
ST_1 : Operation 75 [1/1] (0.00ns)   --->   "%specbitsmap_ln0 = specbitsmap void @_ssdm_op_SpecBitsMap, i32 %b1"   --->   Operation 75 'specbitsmap' 'specbitsmap_ln0' <Predicate = true> <Delay = 0.00>
ST_1 : Operation 76 [1/1] (0.00ns)   --->   "%specinterface_ln0 = specinterface void @_ssdm_op_SpecInterface, i32 %w2, void @empty_13, i32 0, i32 0, void @empty_0, i32 4294967295, i32 0, void @empty_0, void @empty_0, void @empty_0, i32 0, i32 0, i32 0, i32 0, void @empty_0, void @empty_0, i32 4294967295, i32 0"   --->   Operation 76 'specinterface' 'specinterface_ln0' <Predicate = true> <Delay = 0.00>
ST_1 : Operation 77 [1/1] (0.00ns)   --->   "%specbitsmap_ln0 = specbitsmap void @_ssdm_op_SpecBitsMap, i32 %w2"   --->   Operation 77 'specbitsmap' 'specbitsmap_ln0' <Predicate = true> <Delay = 0.00>
ST_1 : Operation 78 [1/1] (0.00ns)   --->   "%specinterface_ln0 = specinterface void @_ssdm_op_SpecInterface, i32 %b2, void @empty_13, i32 0, i32 0, void @empty_0, i32 4294967295, i32 0, void @empty_0, void @empty_0, void @empty_0, i32 0, i32 0, i32 0, i32 0, void @empty_0, void @empty_0, i32 4294967295, i32 0"   --->   Operation 78 'specinterface' 'specinterface_ln0' <Predicate = true> <Delay = 0.00>
ST_1 : Operation 79 [1/1] (0.00ns)   --->   "%specbitsmap_ln0 = specbitsmap void @_ssdm_op_SpecBitsMap, i32 %b2"   --->   Operation 79 'specbitsmap' 'specbitsmap_ln0' <Predicate = true> <Delay = 0.00>
ST_1 : Operation 80 [1/1] (0.00ns)   --->   "%specinterface_ln0 = specinterface void @_ssdm_op_SpecInterface, i32 %w3, void @empty_13, i32 0, i32 0, void @empty_0, i32 4294967295, i32 0, void @empty_0, void @empty_0, void @empty_0, i32 0, i32 0, i32 0, i32 0, void @empty_0, void @empty_0, i32 4294967295, i32 0"   --->   Operation 80 'specinterface' 'specinterface_ln0' <Predicate = true> <Delay = 0.00>
ST_1 : Operation 81 [1/1] (0.00ns)   --->   "%specbitsmap_ln0 = specbitsmap void @_ssdm_op_SpecBitsMap, i32 %w3"   --->   Operation 81 'specbitsmap' 'specbitsmap_ln0' <Predicate = true> <Delay = 0.00>
ST_1 : Operation 82 [1/1] (0.00ns)   --->   "%specinterface_ln0 = specinterface void @_ssdm_op_SpecInterface, i32 %b3, void @empty_13, i32 0, i32 0, void @empty_0, i32 4294967295, i32 0, void @empty_0, void @empty_0, void @empty_0, i32 0, i32 0, i32 0, i32 0, void @empty_0, void @empty_0, i32 4294967295, i32 0"   --->   Operation 82 'specinterface' 'specinterface_ln0' <Predicate = true> <Delay = 0.00>
ST_1 : Operation 83 [1/1] (0.00ns)   --->   "%specbitsmap_ln0 = specbitsmap void @_ssdm_op_SpecBitsMap, i32 %b3"   --->   Operation 83 'specbitsmap' 'specbitsmap_ln0' <Predicate = true> <Delay = 0.00>
ST_1 : Operation 84 [1/1] (0.00ns)   --->   "%specinterface_ln0 = specinterface void @_ssdm_op_SpecInterface, i32 %w4, void @empty_13, i32 0, i32 0, void @empty_0, i32 4294967295, i32 0, void @empty_0, void @empty_0, void @empty_0, i32 0, i32 0, i32 0, i32 0, void @empty_0, void @empty_0, i32 4294967295, i32 0"   --->   Operation 84 'specinterface' 'specinterface_ln0' <Predicate = true> <Delay = 0.00>
ST_1 : Operation 85 [1/1] (0.00ns)   --->   "%specbitsmap_ln0 = specbitsmap void @_ssdm_op_SpecBitsMap, i32 %w4"   --->   Operation 85 'specbitsmap' 'specbitsmap_ln0' <Predicate = true> <Delay = 0.00>
ST_1 : Operation 86 [1/1] (0.00ns)   --->   "%specinterface_ln0 = specinterface void @_ssdm_op_SpecInterface, i32 %b4, void @empty_13, i32 0, i32 0, void @empty_0, i32 4294967295, i32 0, void @empty_0, void @empty_0, void @empty_0, i32 0, i32 0, i32 0, i32 0, void @empty_0, void @empty_0, i32 4294967295, i32 0"   --->   Operation 86 'specinterface' 'specinterface_ln0' <Predicate = true> <Delay = 0.00>
ST_1 : Operation 87 [1/1] (0.00ns)   --->   "%specbitsmap_ln0 = specbitsmap void @_ssdm_op_SpecBitsMap, i32 %b4"   --->   Operation 87 'specbitsmap' 'specbitsmap_ln0' <Predicate = true> <Delay = 0.00>
ST_1 : Operation 88 [1/1] (0.00ns)   --->   "%specinterface_ln0 = specinterface void @_ssdm_op_SpecInterface, i32 %output_r, void @empty_13, i32 0, i32 0, void @empty_0, i32 4294967295, i32 0, void @empty_0, void @empty_0, void @empty_0, i32 0, i32 0, i32 0, i32 0, void @empty_0, void @empty_0, i32 4294967295, i32 0"   --->   Operation 88 'specinterface' 'specinterface_ln0' <Predicate = true> <Delay = 0.00>
ST_1 : Operation 89 [1/1] (0.00ns)   --->   "%specbitsmap_ln0 = specbitsmap void @_ssdm_op_SpecBitsMap, i32 %output_r"   --->   Operation 89 'specbitsmap' 'specbitsmap_ln0' <Predicate = true> <Delay = 0.00>
ST_1 : Operation 90 [1/1] (0.00ns)   --->   "%specinterface_ln0 = specinterface void @_ssdm_op_SpecInterface, i32 %gates, void @empty_13, i32 0, i32 0, void @empty_0, i32 4294967295, i32 0, void @empty_0, void @empty_0, void @empty_0, i32 0, i32 0, i32 0, i32 0, void @empty_0, void @empty_0, i32 4294967295, i32 0"   --->   Operation 90 'specinterface' 'specinterface_ln0' <Predicate = true> <Delay = 0.00>
ST_1 : Operation 91 [1/1] (0.00ns)   --->   "%specbitsmap_ln0 = specbitsmap void @_ssdm_op_SpecBitsMap, i32 %gates"   --->   Operation 91 'specbitsmap' 'specbitsmap_ln0' <Predicate = true> <Delay = 0.00>
ST_1 : Operation 92 [1/1] (0.00ns)   --->   "%specinterface_ln0 = specinterface void @_ssdm_op_SpecInterface, i32 0, void @empty_1, i32 0, i32 0, void @empty_0, i32 0, i32 0, void @empty_2, void @empty_0, void @empty_0, i32 0, i32 0, i32 0, i32 0, void @empty_0, void @empty_0, i32 4294967295, i32 0"   --->   Operation 92 'specinterface' 'specinterface_ln0' <Predicate = true> <Delay = 0.00>
ST_1 : Operation 93 [1/1] (0.00ns)   --->   "%expert_output = alloca i64 1" [src/moe.cpp:94]   --->   Operation 93 'alloca' 'expert_output' <Predicate = true> <Delay = 0.00> <CoreInst = "RAM_1WnR">   --->   Core 84 'RAM_1WnR' <Latency = 1> <II = 1> <Delay = 0.54> <Storage> <Opcode : 'load' 'store'> <Ports = 17> <Width = 32> <Depth = 20> <RAM>
ST_1 : Operation 94 [1/1] (0.00ns)   --->   "%l1 = alloca i64 1" [src/moe.cpp:100]   --->   Operation 94 'alloca' 'l1' <Predicate = true> <Delay = 0.00> <CoreInst = "RAM">   --->   Core 83 'RAM' <Latency = 1> <II = 1> <Delay = 1.02> <Storage> <Opcode : 'load' 'store'> <Ports = 2> <Width = 32> <Depth = 32> <RAM>
ST_1 : Operation 95 [1/1] (0.00ns)   --->   "%l2 = alloca i64 1" [src/moe.cpp:101]   --->   Operation 95 'alloca' 'l2' <Predicate = true> <Delay = 0.00> <CoreInst = "RAM">   --->   Core 83 'RAM' <Latency = 1> <II = 1> <Delay = 0.54> <Storage> <Opcode : 'load' 'store'> <Ports = 2> <Width = 32> <Depth = 16> <RAM>
ST_1 : Operation 96 [1/1] (0.00ns)   --->   "%l3 = alloca i64 1" [src/moe.cpp:102]   --->   Operation 96 'alloca' 'l3' <Predicate = true> <Delay = 0.00> <CoreInst = "RAM">   --->   Core 83 'RAM' <Latency = 1> <II = 1> <Delay = 0.54> <Storage> <Opcode : 'load' 'store'> <Ports = 2> <Width = 32> <Depth = 8> <RAM>
ST_1 : Operation 97 [1/1] (0.36ns)   --->   "%store_ln53 = store i3 0, i3 %e" [src/moe.cpp:53]   --->   Operation 97 'store' 'store_ln53' <Predicate = true> <Delay = 0.36>
ST_1 : Operation 98 [1/1] (0.00ns)   --->   "%br_ln53 = br void %VITIS_LOOP_56_2" [src/moe.cpp:53]   --->   Operation 98 'br' 'br_ln53' <Predicate = true> <Delay = 0.00>

State 2 <SV = 1> <Delay = 0.88>
ST_2 : Operation 99 [1/1] (0.00ns)   --->   "%e_4 = load i3 %e" [src/moe.cpp:53]   --->   Operation 99 'load' 'e_4' <Predicate = true> <Delay = 0.00>
ST_2 : Operation 100 [1/1] (0.00ns)   --->   "%trunc_ln53 = trunc i3 %e_4" [src/moe.cpp:53]   --->   Operation 100 'trunc' 'trunc_ln53' <Predicate = true> <Delay = 0.00>
ST_2 : Operation 101 [1/1] (0.52ns)   --->   "%icmp_ln53 = icmp_eq  i3 %e_4, i3 4" [src/moe.cpp:53]   --->   Operation 101 'icmp' 'icmp_ln53' <Predicate = true> <Delay = 0.52> <CoreInst = "Cmp">   --->   Core 9 'Cmp' <Latency = 0> <II = 1> <Delay = 0.52> <FuncUnit> <Opcode : 'icmp'> <InPorts = 2> <OutPorts = 1>
ST_2 : Operation 102 [1/1] (0.52ns)   --->   "%add_ln53 = add i3 %e_4, i3 1" [src/moe.cpp:53]   --->   Operation 102 'add' 'add_ln53' <Predicate = true> <Delay = 0.52> <CoreInst = "Adder">   --->   Core 1 'Adder' <Latency = 0> <II = 1> <Delay = 0.52> <FuncUnit> <Opcode : 'add' 'sub'> <InPorts = 2> <OutPorts = 1>
ST_2 : Operation 103 [1/1] (0.00ns)   --->   "%br_ln53 = br i1 %icmp_ln53, void %VITIS_LOOP_56_2.split, void %for.body21.preheader" [src/moe.cpp:53]   --->   Operation 103 'br' 'br_ln53' <Predicate = true> <Delay = 0.00>
ST_2 : Operation 104 [1/1] (0.00ns)   --->   "%zext_ln65 = zext i3 %e_4" [src/moe.cpp:65]   --->   Operation 104 'zext' 'zext_ln65' <Predicate = (!icmp_ln53)> <Delay = 0.00>
ST_2 : Operation 105 [1/1] (0.00ns)   --->   "%gate_bias_addr = getelementptr i32 %gate_bias, i64 0, i64 %zext_ln65" [src/moe.cpp:54]   --->   Operation 105 'getelementptr' 'gate_bias_addr' <Predicate = (!icmp_ln53)> <Delay = 0.00>
ST_2 : Operation 106 [2/2] (0.54ns)   --->   "%gate_bias_load = load i2 %gate_bias_addr" [src/moe.cpp:54]   --->   Operation 106 'load' 'gate_bias_load' <Predicate = (!icmp_ln53)> <Delay = 0.54> <CoreInst = "RAM">   --->   Core 83 'RAM' <Latency = 1> <II = 1> <Delay = 0.54> <Storage> <Opcode : 'load' 'store'> <Ports = 2> <Width = 32> <Depth = 4> <RAM>
ST_2 : Operation 107 [1/1] (0.00ns)   --->   "%obj_1 = alloca i32 1" [src/moe.cpp:98]   --->   Operation 107 'alloca' 'obj_1' <Predicate = (icmp_ln53)> <Delay = 0.00>
ST_2 : Operation 108 [1/1] (0.00ns)   --->   "%e_3 = alloca i32 1" [src/moe.cpp:96]   --->   Operation 108 'alloca' 'e_3' <Predicate = (icmp_ln53)> <Delay = 0.00>
ST_2 : Operation 109 [1/1] (0.00ns)   --->   "%indvar_flatten = alloca i32 1"   --->   Operation 109 'alloca' 'indvar_flatten' <Predicate = (icmp_ln53)> <Delay = 0.00>
ST_2 : Operation 110 [1/1] (0.00ns)   --->   "%max_logit_load = load i32 %max_logit"   --->   Operation 110 'load' 'max_logit_load' <Predicate = (icmp_ln53)> <Delay = 0.00>
ST_2 : Operation 111 [1/1] (0.00ns)   --->   "%max_logit_21238_load = load i32 %max_logit_21238"   --->   Operation 111 'load' 'max_logit_21238_load' <Predicate = (icmp_ln53)> <Delay = 0.00>
ST_2 : Operation 112 [1/1] (0.00ns)   --->   "%max_logit_21042_load = load i32 %max_logit_21042"   --->   Operation 112 'load' 'max_logit_21042_load' <Predicate = (icmp_ln53)> <Delay = 0.00>
ST_2 : Operation 113 [1/1] (0.00ns)   --->   "%max_logit_21146_load = load i32 %max_logit_21146"   --->   Operation 113 'load' 'max_logit_21146_load' <Predicate = (icmp_ln53)> <Delay = 0.00>
ST_2 : Operation 114 [2/2] (0.36ns)   --->   "%call_ln0 = call void @graph_moe_Pipeline_VITIS_LOOP_67_3, i32 %max_logit_load, i32 %max_logit_21042_load, i32 %max_logit_21238_load, i32 %max_logit_21146_load, i32 %max_logit_1_loc"   --->   Operation 114 'call' 'call_ln0' <Predicate = (icmp_ln53)> <Delay = 0.36> <CoreType = "Generic">   --->   Core 0 '' <Latency = 0> <II = 1> <Delay = 1.00> <Generic> <Opcode : >
ST_2 : Operation 115 [1/1] (0.36ns)   --->   "%store_ln0 = store i5 0, i5 %indvar_flatten"   --->   Operation 115 'store' 'store_ln0' <Predicate = (icmp_ln53)> <Delay = 0.36>
ST_2 : Operation 116 [1/1] (0.36ns)   --->   "%store_ln96 = store i3 0, i3 %e_3" [src/moe.cpp:96]   --->   Operation 116 'store' 'store_ln96' <Predicate = (icmp_ln53)> <Delay = 0.36>
ST_2 : Operation 117 [1/1] (0.36ns)   --->   "%store_ln98 = store i3 0, i3 %obj_1" [src/moe.cpp:98]   --->   Operation 117 'store' 'store_ln98' <Predicate = (icmp_ln53)> <Delay = 0.36>

State 3 <SV = 2> <Delay = 2.22>
ST_3 : Operation 118 [1/1] (0.00ns)   --->   "%tmp_4 = bitconcatenate i9 @_ssdm_op_BitConcatenate.i9.i2.i7, i2 %trunc_ln53, i7 0" [src/moe.cpp:58]   --->   Operation 118 'bitconcatenate' 'tmp_4' <Predicate = true> <Delay = 0.00>
ST_3 : Operation 119 [1/2] (0.54ns)   --->   "%gate_bias_load = load i2 %gate_bias_addr" [src/moe.cpp:54]   --->   Operation 119 'load' 'gate_bias_load' <Predicate = true> <Delay = 0.54> <CoreInst = "RAM">   --->   Core 83 'RAM' <Latency = 1> <II = 1> <Delay = 0.54> <Storage> <Opcode : 'load' 'store'> <Ports = 2> <Width = 32> <Depth = 4> <RAM>
ST_3 : Operation 120 [1/1] (0.00ns)   --->   "%sum = bitcast i32 %gate_bias_load" [src/moe.cpp:54]   --->   Operation 120 'bitcast' 'sum' <Predicate = true> <Delay = 0.00>
ST_3 : Operation 121 [2/2] (1.68ns)   --->   "%call_ln54 = call void @graph_moe_Pipeline_VITIS_LOOP_56_2, i32 %sum, i9 %tmp_4, i32 %gate_weight, i32 %input_r, i32 %logits_0_loc" [src/moe.cpp:54]   --->   Operation 121 'call' 'call_ln54' <Predicate = true> <Delay = 1.68> <CoreType = "Generic">   --->   Core 0 '' <Latency = 0> <II = 1> <Delay = 1.00> <Generic> <Opcode : >

State 4 <SV = 3> <Delay = 0.00>
ST_4 : Operation 122 [1/2] (0.00ns)   --->   "%call_ln54 = call void @graph_moe_Pipeline_VITIS_LOOP_56_2, i32 %sum, i9 %tmp_4, i32 %gate_weight, i32 %input_r, i32 %logits_0_loc" [src/moe.cpp:54]   --->   Operation 122 'call' 'call_ln54' <Predicate = true> <Delay = 0.00> <CoreType = "Generic">   --->   Core 0 '' <Latency = 0> <II = 1> <Delay = 1.00> <Generic> <Opcode : >

State 5 <SV = 4> <Delay = 0.66>
ST_5 : Operation 123 [1/1] (0.00ns)   --->   "%speclooptripcount_ln53 = speclooptripcount void @_ssdm_op_SpecLoopTripCount, i64 4, i64 4, i64 4" [src/moe.cpp:53]   --->   Operation 123 'speclooptripcount' 'speclooptripcount_ln53' <Predicate = true> <Delay = 0.00>
ST_5 : Operation 124 [1/1] (0.00ns)   --->   "%specloopname_ln53 = specloopname void @_ssdm_op_SpecLoopName, void @empty_12" [src/moe.cpp:53]   --->   Operation 124 'specloopname' 'specloopname_ln53' <Predicate = true> <Delay = 0.00>
ST_5 : Operation 125 [1/1] (0.00ns)   --->   "%logits_0_loc_load = load i32 %logits_0_loc"   --->   Operation 125 'load' 'logits_0_loc_load' <Predicate = true> <Delay = 0.00>
ST_5 : Operation 126 [1/1] (0.66ns)   --->   "%switch_ln61 = switch i2 %trunc_ln53, void %branch7, i2 0, void %VITIS_LOOP_56_2.split.for.inc1322_crit_edge, i2 1, void %branch5, i2 2, void %branch6" [src/moe.cpp:61]   --->   Operation 126 'switch' 'switch_ln61' <Predicate = true> <Delay = 0.66>
ST_5 : Operation 127 [1/1] (0.00ns)   --->   "%store_ln0 = store i32 %logits_0_loc_load, i32 %logits_2_03"   --->   Operation 127 'store' 'store_ln0' <Predicate = (trunc_ln53 == 2)> <Delay = 0.00>
ST_5 : Operation 128 [1/1] (0.00ns)   --->   "%store_ln0 = store i32 %logits_0_loc_load, i32 %max_logit_21146"   --->   Operation 128 'store' 'store_ln0' <Predicate = (trunc_ln53 == 2)> <Delay = 0.00>
ST_5 : Operation 129 [1/1] (0.00ns)   --->   "%br_ln61 = br void %for.inc1322" [src/moe.cpp:61]   --->   Operation 129 'br' 'br_ln61' <Predicate = (trunc_ln53 == 2)> <Delay = 0.00>
ST_5 : Operation 130 [1/1] (0.00ns)   --->   "%store_ln0 = store i32 %logits_0_loc_load, i32 %logits_1_02"   --->   Operation 130 'store' 'store_ln0' <Predicate = (trunc_ln53 == 1)> <Delay = 0.00>
ST_5 : Operation 131 [1/1] (0.00ns)   --->   "%store_ln0 = store i32 %logits_0_loc_load, i32 %max_logit_21042"   --->   Operation 131 'store' 'store_ln0' <Predicate = (trunc_ln53 == 1)> <Delay = 0.00>
ST_5 : Operation 132 [1/1] (0.00ns)   --->   "%br_ln61 = br void %for.inc1322" [src/moe.cpp:61]   --->   Operation 132 'br' 'br_ln61' <Predicate = (trunc_ln53 == 1)> <Delay = 0.00>
ST_5 : Operation 133 [1/1] (0.00ns)   --->   "%store_ln0 = store i32 %logits_0_loc_load, i32 %logits_0_01"   --->   Operation 133 'store' 'store_ln0' <Predicate = (trunc_ln53 == 0)> <Delay = 0.00>
ST_5 : Operation 134 [1/1] (0.00ns)   --->   "%store_ln65 = store i32 %logits_0_loc_load, i32 %max_logit" [src/moe.cpp:65]   --->   Operation 134 'store' 'store_ln65' <Predicate = (trunc_ln53 == 0)> <Delay = 0.00>
ST_5 : Operation 135 [1/1] (0.00ns)   --->   "%br_ln61 = br void %for.inc1322" [src/moe.cpp:61]   --->   Operation 135 'br' 'br_ln61' <Predicate = (trunc_ln53 == 0)> <Delay = 0.00>
ST_5 : Operation 136 [1/1] (0.00ns)   --->   "%store_ln0 = store i32 %logits_0_loc_load, i32 %logits_3_04"   --->   Operation 136 'store' 'store_ln0' <Predicate = (trunc_ln53 == 3)> <Delay = 0.00>
ST_5 : Operation 137 [1/1] (0.00ns)   --->   "%store_ln0 = store i32 %logits_0_loc_load, i32 %max_logit_21238"   --->   Operation 137 'store' 'store_ln0' <Predicate = (trunc_ln53 == 3)> <Delay = 0.00>
ST_5 : Operation 138 [1/1] (0.00ns)   --->   "%br_ln61 = br void %for.inc1322" [src/moe.cpp:61]   --->   Operation 138 'br' 'br_ln61' <Predicate = (trunc_ln53 == 3)> <Delay = 0.00>
ST_5 : Operation 139 [1/1] (0.36ns)   --->   "%store_ln53 = store i3 %add_ln53, i3 %e" [src/moe.cpp:53]   --->   Operation 139 'store' 'store_ln53' <Predicate = true> <Delay = 0.36>
ST_5 : Operation 140 [1/1] (0.00ns)   --->   "%br_ln53 = br void %VITIS_LOOP_56_2" [src/moe.cpp:53]   --->   Operation 140 'br' 'br_ln53' <Predicate = true> <Delay = 0.00>

State 6 <SV = 2> <Delay = 0.00>
ST_6 : Operation 141 [1/2] (0.00ns)   --->   "%call_ln0 = call void @graph_moe_Pipeline_VITIS_LOOP_67_3, i32 %max_logit_load, i32 %max_logit_21042_load, i32 %max_logit_21238_load, i32 %max_logit_21146_load, i32 %max_logit_1_loc"   --->   Operation 141 'call' 'call_ln0' <Predicate = true> <Delay = 0.00> <CoreType = "Generic">   --->   Core 0 '' <Latency = 0> <II = 1> <Delay = 1.00> <Generic> <Opcode : >

State 7 <SV = 3> <Delay = 6.46>
ST_7 : Operation 142 [1/1] (0.00ns)   --->   "%logits_0_01_load = load i32 %logits_0_01"   --->   Operation 142 'load' 'logits_0_01_load' <Predicate = true> <Delay = 0.00>
ST_7 : Operation 143 [1/1] (0.00ns)   --->   "%logits_1_02_load = load i32 %logits_1_02"   --->   Operation 143 'load' 'logits_1_02_load' <Predicate = true> <Delay = 0.00>
ST_7 : Operation 144 [1/1] (0.00ns)   --->   "%logits_2_03_load = load i32 %logits_2_03"   --->   Operation 144 'load' 'logits_2_03_load' <Predicate = true> <Delay = 0.00>
ST_7 : Operation 145 [1/1] (0.00ns)   --->   "%logits_3_04_load = load i32 %logits_3_04"   --->   Operation 145 'load' 'logits_3_04_load' <Predicate = true> <Delay = 0.00>
ST_7 : Operation 146 [1/1] (0.00ns)   --->   "%max_logit_1_loc_load = load i32 %max_logit_1_loc"   --->   Operation 146 'load' 'max_logit_1_loc_load' <Predicate = true> <Delay = 0.00>
ST_7 : Operation 147 [2/2] (6.46ns)   --->   "%call_ln0 = call void @graph_moe_Pipeline_VITIS_LOOP_75_4, i32 %logits_0_01_load, i32 %logits_1_02_load, i32 %logits_2_03_load, i32 %logits_3_04_load, i32 %max_logit_1_loc_load, i32 %exp_logits_3_08_loc, i32 %exp_logits_2_07_loc, i32 %exp_logits_1_06_loc, i32 %exp_logits_0_05_loc, i32 %exp_sum_loc"   --->   Operation 147 'call' 'call_ln0' <Predicate = true> <Delay = 6.46> <CoreType = "Generic">   --->   Core 0 '' <Latency = 0> <II = 1> <Delay = 1.00> <Generic> <Opcode : >

State 8 <SV = 4> <Delay = 0.00>
ST_8 : Operation 148 [1/2] (0.00ns)   --->   "%call_ln0 = call void @graph_moe_Pipeline_VITIS_LOOP_75_4, i32 %logits_0_01_load, i32 %logits_1_02_load, i32 %logits_2_03_load, i32 %logits_3_04_load, i32 %max_logit_1_loc_load, i32 %exp_logits_3_08_loc, i32 %exp_logits_2_07_loc, i32 %exp_logits_1_06_loc, i32 %exp_logits_0_05_loc, i32 %exp_sum_loc"   --->   Operation 148 'call' 'call_ln0' <Predicate = true> <Delay = 0.00> <CoreType = "Generic">   --->   Core 0 '' <Latency = 0> <II = 1> <Delay = 1.00> <Generic> <Opcode : >

State 9 <SV = 5> <Delay = 6.68>
ST_9 : Operation 149 [1/1] (0.00ns)   --->   "%exp_logits_3_08_loc_load = load i32 %exp_logits_3_08_loc"   --->   Operation 149 'load' 'exp_logits_3_08_loc_load' <Predicate = true> <Delay = 0.00>
ST_9 : Operation 150 [1/1] (0.00ns)   --->   "%exp_logits_2_07_loc_load = load i32 %exp_logits_2_07_loc"   --->   Operation 150 'load' 'exp_logits_2_07_loc_load' <Predicate = true> <Delay = 0.00>
ST_9 : Operation 151 [1/1] (0.00ns)   --->   "%exp_logits_1_06_loc_load = load i32 %exp_logits_1_06_loc"   --->   Operation 151 'load' 'exp_logits_1_06_loc_load' <Predicate = true> <Delay = 0.00>
ST_9 : Operation 152 [1/1] (0.00ns)   --->   "%exp_logits_0_05_loc_load = load i32 %exp_logits_0_05_loc"   --->   Operation 152 'load' 'exp_logits_0_05_loc_load' <Predicate = true> <Delay = 0.00>
ST_9 : Operation 153 [1/1] (0.00ns)   --->   "%exp_sum_loc_load = load i32 %exp_sum_loc"   --->   Operation 153 'load' 'exp_sum_loc_load' <Predicate = true> <Delay = 0.00>
ST_9 : Operation 154 [2/2] (6.68ns)   --->   "%call_ln0 = call void @graph_moe_Pipeline_VITIS_LOOP_80_5, i32 %exp_logits_0_05_loc_load, i32 %exp_logits_1_06_loc_load, i32 %exp_logits_2_07_loc_load, i32 %exp_logits_3_08_loc_load, i32 %exp_sum_loc_load, i32 %gates"   --->   Operation 154 'call' 'call_ln0' <Predicate = true> <Delay = 6.68> <CoreType = "Generic">   --->   Core 0 '' <Latency = 0> <II = 1> <Delay = 1.00> <Generic> <Opcode : >

State 10 <SV = 6> <Delay = 0.00>
ST_10 : Operation 155 [1/2] (0.00ns)   --->   "%call_ln0 = call void @graph_moe_Pipeline_VITIS_LOOP_80_5, i32 %exp_logits_0_05_loc_load, i32 %exp_logits_1_06_loc_load, i32 %exp_logits_2_07_loc_load, i32 %exp_logits_3_08_loc_load, i32 %exp_sum_loc_load, i32 %gates"   --->   Operation 155 'call' 'call_ln0' <Predicate = true> <Delay = 0.00> <CoreType = "Generic">   --->   Core 0 '' <Latency = 0> <II = 1> <Delay = 1.00> <Generic> <Opcode : >
ST_10 : Operation 156 [1/1] (0.00ns)   --->   "%br_ln96 = br void %VITIS_LOOP_105_8" [src/moe.cpp:96]   --->   Operation 156 'br' 'br_ln96' <Predicate = true> <Delay = 0.00>

State 11 <SV = 7> <Delay = 1.22>
ST_11 : Operation 157 [1/1] (0.00ns)   --->   "%indvar_flatten_load = load i5 %indvar_flatten" [src/moe.cpp:96]   --->   Operation 157 'load' 'indvar_flatten_load' <Predicate = true> <Delay = 0.00>
ST_11 : Operation 158 [1/1] (0.64ns)   --->   "%icmp_ln96 = icmp_eq  i5 %indvar_flatten_load, i5 20" [src/moe.cpp:96]   --->   Operation 158 'icmp' 'icmp_ln96' <Predicate = true> <Delay = 0.64> <CoreInst = "Cmp">   --->   Core 9 'Cmp' <Latency = 0> <II = 1> <Delay = 0.64> <FuncUnit> <Opcode : 'icmp'> <InPorts = 2> <OutPorts = 1>
ST_11 : Operation 159 [1/1] (0.64ns)   --->   "%add_ln96_1 = add i5 %indvar_flatten_load, i5 1" [src/moe.cpp:96]   --->   Operation 159 'add' 'add_ln96_1' <Predicate = true> <Delay = 0.64> <CoreInst = "Adder">   --->   Core 1 'Adder' <Latency = 0> <II = 1> <Delay = 0.64> <FuncUnit> <Opcode : 'add' 'sub'> <InPorts = 2> <OutPorts = 1>
ST_11 : Operation 160 [1/1] (0.00ns)   --->   "%br_ln96 = br i1 %icmp_ln96, void %for.inc209, void %VITIS_LOOP_161_16.preheader" [src/moe.cpp:96]   --->   Operation 160 'br' 'br_ln96' <Predicate = true> <Delay = 0.00>
ST_11 : Operation 161 [1/1] (0.00ns)   --->   "%obj_1_load = load i3 %obj_1" [src/moe.cpp:98]   --->   Operation 161 'load' 'obj_1_load' <Predicate = (!icmp_ln96)> <Delay = 0.00>
ST_11 : Operation 162 [1/1] (0.00ns)   --->   "%e_3_load = load i3 %e_3" [src/moe.cpp:96]   --->   Operation 162 'load' 'e_3_load' <Predicate = (!icmp_ln96)> <Delay = 0.00>
ST_11 : Operation 163 [1/1] (0.52ns)   --->   "%add_ln96 = add i3 %e_3_load, i3 1" [src/moe.cpp:96]   --->   Operation 163 'add' 'add_ln96' <Predicate = (!icmp_ln96)> <Delay = 0.52> <CoreInst = "Adder">   --->   Core 1 'Adder' <Latency = 0> <II = 1> <Delay = 0.52> <FuncUnit> <Opcode : 'add' 'sub'> <InPorts = 2> <OutPorts = 1>
ST_11 : Operation 164 [1/1] (0.00ns)   --->   "%specloopname_ln0 = specloopname void @_ssdm_op_SpecLoopName, void @VITIS_LOOP_96_6_VITIS_LOOP_98_7_str"   --->   Operation 164 'specloopname' 'specloopname_ln0' <Predicate = (!icmp_ln96)> <Delay = 0.00>
ST_11 : Operation 165 [1/1] (0.00ns)   --->   "%speclooptripcount_ln0 = speclooptripcount void @_ssdm_op_SpecLoopTripCount, i64 20, i64 20, i64 20"   --->   Operation 165 'speclooptripcount' 'speclooptripcount_ln0' <Predicate = (!icmp_ln96)> <Delay = 0.00>
ST_11 : Operation 166 [1/1] (0.52ns)   --->   "%icmp_ln98 = icmp_eq  i3 %obj_1_load, i3 5" [src/moe.cpp:98]   --->   Operation 166 'icmp' 'icmp_ln98' <Predicate = (!icmp_ln96)> <Delay = 0.52> <CoreInst = "Cmp">   --->   Core 9 'Cmp' <Latency = 0> <II = 1> <Delay = 0.52> <FuncUnit> <Opcode : 'icmp'> <InPorts = 2> <OutPorts = 1>
ST_11 : Operation 167 [1/1] (0.25ns)   --->   "%select_ln96 = select i1 %icmp_ln98, i3 0, i3 %obj_1_load" [src/moe.cpp:96]   --->   Operation 167 'select' 'select_ln96' <Predicate = (!icmp_ln96)> <Delay = 0.25> <CoreInst = "Sel">   --->   Core 73 'Sel' <Latency = 0> <II = 1> <Delay = 0.25> <FuncUnit> <Opcode : 'select'> <InPorts = 3> <OutPorts = 1>
ST_11 : Operation 168 [1/1] (0.25ns)   --->   "%select_ln96_1 = select i1 %icmp_ln98, i3 %add_ln96, i3 %e_3_load" [src/moe.cpp:96]   --->   Operation 168 'select' 'select_ln96_1' <Predicate = (!icmp_ln96)> <Delay = 0.25> <CoreInst = "Sel">   --->   Core 73 'Sel' <Latency = 0> <II = 1> <Delay = 0.25> <FuncUnit> <Opcode : 'select'> <InPorts = 3> <OutPorts = 1>
ST_11 : Operation 169 [1/1] (0.00ns)   --->   "%zext_ln110 = zext i3 %select_ln96_1" [src/moe.cpp:110]   --->   Operation 169 'zext' 'zext_ln110' <Predicate = (!icmp_ln96)> <Delay = 0.00>
ST_11 : Operation 170 [1/1] (0.00ns)   --->   "%tmp_5 = bitconcatenate i5 @_ssdm_op_BitConcatenate.i5.i3.i2, i3 %select_ln96_1, i2 0" [src/moe.cpp:110]   --->   Operation 170 'bitconcatenate' 'tmp_5' <Predicate = (!icmp_ln96)> <Delay = 0.00>
ST_11 : Operation 171 [1/1] (0.00ns) (grouped into TernaryAdder)   --->   "%add_ln110 = add i5 %tmp_5, i5 %zext_ln110" [src/moe.cpp:110]   --->   Operation 171 'add' 'add_ln110' <Predicate = (!icmp_ln96)> <Delay = 0.00> <CoreInst = "TAddSub">   --->   Core 10 'TAddSub' <Latency = 0> <II = 1> <Delay = 0.22> <IPBlock> <Opcode : '' 'add' 'sub'> <InPorts = 3> <OutPorts = 1> <Sync> <CReg>
ST_11 : Operation 172 [1/1] (0.00ns)   --->   "%zext_ln110_2 = zext i3 %select_ln96" [src/moe.cpp:110]   --->   Operation 172 'zext' 'zext_ln110_2' <Predicate = (!icmp_ln96)> <Delay = 0.00>
ST_11 : Operation 173 [1/1] (0.44ns) (root node of TernaryAdder)   --->   "%add_ln110_1 = add i5 %add_ln110, i5 %zext_ln110_2" [src/moe.cpp:110]   --->   Operation 173 'add' 'add_ln110_1' <Predicate = (!icmp_ln96)> <Delay = 0.44> <CoreInst = "TAddSub">   --->   Core 10 'TAddSub' <Latency = 0> <II = 1> <Delay = 0.22> <IPBlock> <Opcode : '' 'add' 'sub'> <InPorts = 3> <OutPorts = 1> <Sync> <CReg>
ST_11 : Operation 174 [1/1] (0.00ns)   --->   "%zext_ln110_3 = zext i5 %add_ln110_1" [src/moe.cpp:110]   --->   Operation 174 'zext' 'zext_ln110_3' <Predicate = (!icmp_ln96)> <Delay = 0.00>
ST_11 : Operation 175 [1/1] (0.00ns)   --->   "%tmp = bitconcatenate i10 @_ssdm_op_BitConcatenate.i10.i5.i5, i5 %add_ln110_1, i5 0" [src/moe.cpp:110]   --->   Operation 175 'bitconcatenate' 'tmp' <Predicate = (!icmp_ln96)> <Delay = 0.00>
ST_11 : Operation 176 [1/1] (0.00ns)   --->   "%tmp_6 = bitconcatenate i9 @_ssdm_op_BitConcatenate.i9.i5.i4, i5 %add_ln110_1, i4 0" [src/moe.cpp:122]   --->   Operation 176 'bitconcatenate' 'tmp_6' <Predicate = (!icmp_ln96)> <Delay = 0.00>
ST_11 : Operation 177 [1/1] (0.00ns)   --->   "%tmp_7 = bitconcatenate i8 @_ssdm_op_BitConcatenate.i8.i5.i3, i5 %add_ln110_1, i3 0" [src/moe.cpp:134]   --->   Operation 177 'bitconcatenate' 'tmp_7' <Predicate = (!icmp_ln96)> <Delay = 0.00>
ST_11 : Operation 178 [1/1] (0.00ns)   --->   "%b4_addr = getelementptr i32 %b4, i64 0, i64 %zext_ln110_3" [src/moe.cpp:141]   --->   Operation 178 'getelementptr' 'b4_addr' <Predicate = (!icmp_ln96)> <Delay = 0.00>
ST_11 : Operation 179 [1/1] (0.00ns)   --->   "%expert_output_addr = getelementptr i32 %expert_output, i64 0, i64 %zext_ln110_3" [src/moe.cpp:149]   --->   Operation 179 'getelementptr' 'expert_output_addr' <Predicate = (!icmp_ln96)> <Delay = 0.00>
ST_11 : Operation 180 [1/1] (0.36ns)   --->   "%br_ln105 = br void %VITIS_LOOP_108_9" [src/moe.cpp:105]   --->   Operation 180 'br' 'br_ln105' <Predicate = (!icmp_ln96)> <Delay = 0.36>
ST_11 : Operation 181 [1/1] (0.00ns)   --->   "%gates_addr = getelementptr i32 %gates, i64 0, i64 0" [src/moe.cpp:162]   --->   Operation 181 'getelementptr' 'gates_addr' <Predicate = (icmp_ln96)> <Delay = 0.00>
ST_11 : Operation 182 [2/2] (0.54ns)   --->   "%gates_load = load i2 %gates_addr" [src/moe.cpp:162]   --->   Operation 182 'load' 'gates_load' <Predicate = (icmp_ln96)> <Delay = 0.54> <CoreInst = "RAM">   --->   Core 83 'RAM' <Latency = 1> <II = 1> <Delay = 0.54> <Storage> <Opcode : 'load' 'store'> <Ports = 2> <Width = 32> <Depth = 4> <RAM>
ST_11 : Operation 183 [1/1] (0.00ns)   --->   "%gates_addr_1 = getelementptr i32 %gates, i64 0, i64 1" [src/moe.cpp:162]   --->   Operation 183 'getelementptr' 'gates_addr_1' <Predicate = (icmp_ln96)> <Delay = 0.00>
ST_11 : Operation 184 [2/2] (0.54ns)   --->   "%gates_load_1 = load i2 %gates_addr_1" [src/moe.cpp:162]   --->   Operation 184 'load' 'gates_load_1' <Predicate = (icmp_ln96)> <Delay = 0.54> <CoreInst = "RAM">   --->   Core 83 'RAM' <Latency = 1> <II = 1> <Delay = 0.54> <Storage> <Opcode : 'load' 'store'> <Ports = 2> <Width = 32> <Depth = 4> <RAM>

State 12 <SV = 8> <Delay = 1.69>
ST_12 : Operation 185 [1/1] (0.00ns)   --->   "%i_1 = phi i6 %add_ln105, void %VITIS_LOOP_108_9.split, i6 0, void %for.inc209" [src/moe.cpp:105]   --->   Operation 185 'phi' 'i_1' <Predicate = true> <Delay = 0.00>
ST_12 : Operation 186 [1/1] (0.64ns)   --->   "%icmp_ln105 = icmp_eq  i6 %i_1, i6 32" [src/moe.cpp:105]   --->   Operation 186 'icmp' 'icmp_ln105' <Predicate = true> <Delay = 0.64> <CoreInst = "Cmp">   --->   Core 9 'Cmp' <Latency = 0> <II = 1> <Delay = 0.64> <FuncUnit> <Opcode : 'icmp'> <InPorts = 2> <OutPorts = 1>
ST_12 : Operation 187 [1/1] (0.64ns)   --->   "%add_ln105 = add i6 %i_1, i6 1" [src/moe.cpp:105]   --->   Operation 187 'add' 'add_ln105' <Predicate = true> <Delay = 0.64> <CoreInst = "Adder">   --->   Core 1 'Adder' <Latency = 0> <II = 1> <Delay = 0.64> <FuncUnit> <Opcode : 'add' 'sub'> <InPorts = 2> <OutPorts = 1>
ST_12 : Operation 188 [1/1] (0.00ns)   --->   "%br_ln105 = br i1 %icmp_ln105, void %VITIS_LOOP_108_9.split, void %VITIS_LOOP_120_11.preheader" [src/moe.cpp:105]   --->   Operation 188 'br' 'br_ln105' <Predicate = true> <Delay = 0.00>
ST_12 : Operation 189 [1/1] (0.00ns)   --->   "%zext_ln110_4 = zext i6 %i_1" [src/moe.cpp:110]   --->   Operation 189 'zext' 'zext_ln110_4' <Predicate = (!icmp_ln105)> <Delay = 0.00>
ST_12 : Operation 190 [1/1] (0.66ns)   --->   "%add_ln110_2 = add i10 %tmp, i10 %zext_ln110_4" [src/moe.cpp:110]   --->   Operation 190 'add' 'add_ln110_2' <Predicate = (!icmp_ln105)> <Delay = 0.66> <CoreInst = "Adder">   --->   Core 1 'Adder' <Latency = 0> <II = 1> <Delay = 0.66> <FuncUnit> <Opcode : 'add' 'sub'> <InPorts = 2> <OutPorts = 1>
ST_12 : Operation 191 [1/1] (0.00ns)   --->   "%zext_ln110_5 = zext i10 %add_ln110_2" [src/moe.cpp:110]   --->   Operation 191 'zext' 'zext_ln110_5' <Predicate = (!icmp_ln105)> <Delay = 0.00>
ST_12 : Operation 192 [1/1] (0.00ns)   --->   "%b1_addr = getelementptr i32 %b1, i64 0, i64 %zext_ln110_5" [src/moe.cpp:106]   --->   Operation 192 'getelementptr' 'b1_addr' <Predicate = (!icmp_ln105)> <Delay = 0.00>
ST_12 : Operation 193 [2/2] (1.02ns)   --->   "%b1_load = load i10 %b1_addr" [src/moe.cpp:106]   --->   Operation 193 'load' 'b1_load' <Predicate = (!icmp_ln105)> <Delay = 1.02> <CoreInst = "RAM">   --->   Core 83 'RAM' <Latency = 1> <II = 1> <Delay = 1.02> <Storage> <Opcode : 'load' 'store'> <Ports = 2> <Width = 32> <Depth = 640> <RAM>
ST_12 : Operation 194 [1/1] (0.36ns)   --->   "%br_ln117 = br void %VITIS_LOOP_120_11" [src/moe.cpp:117]   --->   Operation 194 'br' 'br_ln117' <Predicate = (icmp_ln105)> <Delay = 0.36>

State 13 <SV = 9> <Delay = 2.77>
ST_13 : Operation 195 [1/1] (0.00ns)   --->   "%tmp_13 = bitconcatenate i17 @_ssdm_op_BitConcatenate.i17.i10.i7, i10 %add_ln110_2, i7 0" [src/moe.cpp:110]   --->   Operation 195 'bitconcatenate' 'tmp_13' <Predicate = true> <Delay = 0.00>
ST_13 : Operation 196 [1/2] (1.02ns)   --->   "%b1_load = load i10 %b1_addr" [src/moe.cpp:106]   --->   Operation 196 'load' 'b1_load' <Predicate = true> <Delay = 1.02> <CoreInst = "RAM">   --->   Core 83 'RAM' <Latency = 1> <II = 1> <Delay = 1.02> <Storage> <Opcode : 'load' 'store'> <Ports = 2> <Width = 32> <Depth = 640> <RAM>
ST_13 : Operation 197 [1/1] (0.00ns)   --->   "%sum_9 = bitcast i32 %b1_load" [src/moe.cpp:106]   --->   Operation 197 'bitcast' 'sum_9' <Predicate = true> <Delay = 0.00>
ST_13 : Operation 198 [2/2] (1.74ns)   --->   "%call_ln106 = call void @graph_moe_Pipeline_VITIS_LOOP_108_9, i32 %sum_9, i17 %tmp_13, i32 %w1, i32 %input_r, i32 %sum_9_loc" [src/moe.cpp:106]   --->   Operation 198 'call' 'call_ln106' <Predicate = true> <Delay = 1.74> <CoreType = "Generic">   --->   Core 0 '' <Latency = 0> <II = 1> <Delay = 1.00> <Generic> <Opcode : >

State 14 <SV = 10> <Delay = 0.00>
ST_14 : Operation 199 [1/2] (0.00ns)   --->   "%call_ln106 = call void @graph_moe_Pipeline_VITIS_LOOP_108_9, i32 %sum_9, i17 %tmp_13, i32 %w1, i32 %input_r, i32 %sum_9_loc" [src/moe.cpp:106]   --->   Operation 199 'call' 'call_ln106' <Predicate = true> <Delay = 0.00> <CoreType = "Generic">   --->   Core 0 '' <Latency = 0> <II = 1> <Delay = 1.00> <Generic> <Opcode : >

State 15 <SV = 11> <Delay = 6.28>
ST_15 : Operation 200 [1/1] (0.00ns)   --->   "%sum_9_loc_load = load i32 %sum_9_loc"   --->   Operation 200 'load' 'sum_9_loc_load' <Predicate = true> <Delay = 0.00>
ST_15 : Operation 201 [4/4] (6.28ns)   --->   "%tmp_1 = fexp i32 @llvm.exp.f32, i32 %sum_9_loc_load" [src/moe.cpp:7->src/moe.cpp:113]   --->   Operation 201 'fexp' 'tmp_1' <Predicate = true> <Delay = 6.28> <CoreInst = "FExp_fulldsp">   --->   Core 23 'FExp_fulldsp' <Latency = 3> <II = 1> <Delay = 6.28> <FuncUnit> <Opcode : 'fexp'> <InPorts = 1> <OutPorts = 1>

State 16 <SV = 12> <Delay = 6.28>
ST_16 : Operation 202 [3/4] (6.28ns)   --->   "%tmp_1 = fexp i32 @llvm.exp.f32, i32 %sum_9_loc_load" [src/moe.cpp:7->src/moe.cpp:113]   --->   Operation 202 'fexp' 'tmp_1' <Predicate = true> <Delay = 6.28> <CoreInst = "FExp_fulldsp">   --->   Core 23 'FExp_fulldsp' <Latency = 3> <II = 1> <Delay = 6.28> <FuncUnit> <Opcode : 'fexp'> <InPorts = 1> <OutPorts = 1>

State 17 <SV = 13> <Delay = 6.28>
ST_17 : Operation 203 [2/4] (6.28ns)   --->   "%tmp_1 = fexp i32 @llvm.exp.f32, i32 %sum_9_loc_load" [src/moe.cpp:7->src/moe.cpp:113]   --->   Operation 203 'fexp' 'tmp_1' <Predicate = true> <Delay = 6.28> <CoreInst = "FExp_fulldsp">   --->   Core 23 'FExp_fulldsp' <Latency = 3> <II = 1> <Delay = 6.28> <FuncUnit> <Opcode : 'fexp'> <InPorts = 1> <OutPorts = 1>

State 18 <SV = 14> <Delay = 6.28>
ST_18 : Operation 204 [1/4] (6.28ns)   --->   "%tmp_1 = fexp i32 @llvm.exp.f32, i32 %sum_9_loc_load" [src/moe.cpp:7->src/moe.cpp:113]   --->   Operation 204 'fexp' 'tmp_1' <Predicate = true> <Delay = 6.28> <CoreInst = "FExp_fulldsp">   --->   Core 23 'FExp_fulldsp' <Latency = 3> <II = 1> <Delay = 6.28> <FuncUnit> <Opcode : 'fexp'> <InPorts = 1> <OutPorts = 1>

State 19 <SV = 15> <Delay = 6.81>
ST_19 : Operation 205 [1/1] (6.81ns)   --->   "%tmp_9 = fcmp_oge  i32 %sum_9_loc_load, i32 0" [src/moe.cpp:7->src/moe.cpp:113]   --->   Operation 205 'fcmp' 'tmp_9' <Predicate = true> <Delay = 6.81> <CoreInst = "FCompare">   --->   Core 19 'FCompare' <Latency = 0> <II = 1> <Delay = 6.81> <FuncUnit> <Opcode : 'fcmp'> <InPorts = 2> <OutPorts = 1>
ST_19 : Operation 206 [2/2] (6.04ns)   --->   "%sub_i = fadd i32 %tmp_1, i32 -1" [src/moe.cpp:7->src/moe.cpp:113]   --->   Operation 206 'fadd' 'sub_i' <Predicate = true> <Delay = 6.04> <CoreInst = "FAddSub_fulldsp">   --->   Core 18 'FAddSub_fulldsp' <Latency = 1> <II = 1> <Delay = 6.04> <FuncUnit> <Opcode : 'fadd' 'fsub'> <InPorts = 2> <OutPorts = 1>

State 20 <SV = 16> <Delay = 7.28>
ST_20 : Operation 207 [1/1] (0.00ns)   --->   "%zext_ln105 = zext i6 %i_1" [src/moe.cpp:105]   --->   Operation 207 'zext' 'zext_ln105' <Predicate = true> <Delay = 0.00>
ST_20 : Operation 208 [1/1] (0.00ns)   --->   "%speclooptripcount_ln105 = speclooptripcount void @_ssdm_op_SpecLoopTripCount, i64 32, i64 32, i64 32" [src/moe.cpp:105]   --->   Operation 208 'speclooptripcount' 'speclooptripcount_ln105' <Predicate = true> <Delay = 0.00>
ST_20 : Operation 209 [1/1] (0.00ns)   --->   "%specloopname_ln105 = specloopname void @_ssdm_op_SpecLoopName, void @empty_9" [src/moe.cpp:105]   --->   Operation 209 'specloopname' 'specloopname_ln105' <Predicate = true> <Delay = 0.00>
ST_20 : Operation 210 [1/1] (0.00ns)   --->   "%bitcast_ln7 = bitcast i32 %sum_9_loc_load" [src/moe.cpp:7->src/moe.cpp:113]   --->   Operation 210 'bitcast' 'bitcast_ln7' <Predicate = true> <Delay = 0.00>
ST_20 : Operation 211 [1/1] (0.00ns)   --->   "%tmp_8 = partselect i8 @_ssdm_op_PartSelect.i8.i32.i32.i32, i32 %bitcast_ln7, i32 23, i32 30" [src/moe.cpp:7->src/moe.cpp:113]   --->   Operation 211 'partselect' 'tmp_8' <Predicate = true> <Delay = 0.00>
ST_20 : Operation 212 [1/1] (0.00ns)   --->   "%trunc_ln7 = trunc i32 %bitcast_ln7" [src/moe.cpp:7->src/moe.cpp:113]   --->   Operation 212 'trunc' 'trunc_ln7' <Predicate = true> <Delay = 0.00>
ST_20 : Operation 213 [1/1] (0.65ns)   --->   "%icmp_ln7 = icmp_ne  i8 %tmp_8, i8 255" [src/moe.cpp:7->src/moe.cpp:113]   --->   Operation 213 'icmp' 'icmp_ln7' <Predicate = true> <Delay = 0.65> <CoreInst = "Cmp">   --->   Core 9 'Cmp' <Latency = 0> <II = 1> <Delay = 0.65> <FuncUnit> <Opcode : 'icmp'> <InPorts = 2> <OutPorts = 1>
ST_20 : Operation 214 [1/1] (0.75ns)   --->   "%icmp_ln7_1 = icmp_eq  i23 %trunc_ln7, i23 0" [src/moe.cpp:7->src/moe.cpp:113]   --->   Operation 214 'icmp' 'icmp_ln7_1' <Predicate = true> <Delay = 0.75> <CoreInst = "Cmp">   --->   Core 9 'Cmp' <Latency = 0> <II = 1> <Delay = 0.75> <FuncUnit> <Opcode : 'icmp'> <InPorts = 2> <OutPorts = 1>
ST_20 : Operation 215 [1/1] (0.00ns) (grouped into LUT with out node select_ln7)   --->   "%or_ln7 = or i1 %icmp_ln7_1, i1 %icmp_ln7" [src/moe.cpp:7->src/moe.cpp:113]   --->   Operation 215 'or' 'or_ln7' <Predicate = true> <Delay = 0.00> <CoreInst = "LogicGate">   --->   Core 74 'LogicGate' <Latency = 0> <II = 1> <Delay = 0.11> <FuncUnit> <Opcode : 'and' 'or' 'xor'> <InPorts = 2> <OutPorts = 1>
ST_20 : Operation 216 [1/1] (0.00ns) (grouped into LUT with out node select_ln7)   --->   "%and_ln7 = and i1 %or_ln7, i1 %tmp_9" [src/moe.cpp:7->src/moe.cpp:113]   --->   Operation 216 'and' 'and_ln7' <Predicate = true> <Delay = 0.00> <CoreInst = "LogicGate">   --->   Core 74 'LogicGate' <Latency = 0> <II = 1> <Delay = 0.11> <FuncUnit> <Opcode : 'and' 'or' 'xor'> <InPorts = 2> <OutPorts = 1>
ST_20 : Operation 217 [1/2] (6.04ns)   --->   "%sub_i = fadd i32 %tmp_1, i32 -1" [src/moe.cpp:7->src/moe.cpp:113]   --->   Operation 217 'fadd' 'sub_i' <Predicate = true> <Delay = 6.04> <CoreInst = "FAddSub_fulldsp">   --->   Core 18 'FAddSub_fulldsp' <Latency = 1> <II = 1> <Delay = 6.04> <FuncUnit> <Opcode : 'fadd' 'fsub'> <InPorts = 2> <OutPorts = 1>
ST_20 : Operation 218 [1/1] (0.21ns) (out node of the LUT)   --->   "%select_ln7 = select i1 %and_ln7, i32 %sum_9_loc_load, i32 %sub_i" [src/moe.cpp:7->src/moe.cpp:113]   --->   Operation 218 'select' 'select_ln7' <Predicate = true> <Delay = 0.21> <CoreInst = "Sel">   --->   Core 73 'Sel' <Latency = 0> <II = 1> <Delay = 0.21> <FuncUnit> <Opcode : 'select'> <InPorts = 3> <OutPorts = 1>
ST_20 : Operation 219 [1/1] (0.00ns)   --->   "%l1_addr = getelementptr i32 %l1, i64 0, i64 %zext_ln105" [src/moe.cpp:113]   --->   Operation 219 'getelementptr' 'l1_addr' <Predicate = true> <Delay = 0.00>
ST_20 : Operation 220 [1/1] (1.02ns)   --->   "%store_ln113 = store i32 %select_ln7, i5 %l1_addr" [src/moe.cpp:113]   --->   Operation 220 'store' 'store_ln113' <Predicate = true> <Delay = 1.02> <CoreInst = "RAM">   --->   Core 83 'RAM' <Latency = 1> <II = 1> <Delay = 1.02> <Storage> <Opcode : 'load' 'store'> <Ports = 2> <Width = 32> <Depth = 32> <RAM>
ST_20 : Operation 221 [1/1] (0.00ns)   --->   "%br_ln105 = br void %VITIS_LOOP_108_9" [src/moe.cpp:105]   --->   Operation 221 'br' 'br_ln105' <Predicate = true> <Delay = 0.00>

State 21 <SV = 9> <Delay = 1.68>
ST_21 : Operation 222 [1/1] (0.00ns)   --->   "%i = phi i5 %add_ln117, void %VITIS_LOOP_120_11.split, i5 0, void %VITIS_LOOP_120_11.preheader" [src/moe.cpp:117]   --->   Operation 222 'phi' 'i' <Predicate = true> <Delay = 0.00>
ST_21 : Operation 223 [1/1] (0.64ns)   --->   "%icmp_ln117 = icmp_eq  i5 %i, i5 16" [src/moe.cpp:117]   --->   Operation 223 'icmp' 'icmp_ln117' <Predicate = true> <Delay = 0.64> <CoreInst = "Cmp">   --->   Core 9 'Cmp' <Latency = 0> <II = 1> <Delay = 0.64> <FuncUnit> <Opcode : 'icmp'> <InPorts = 2> <OutPorts = 1>
ST_21 : Operation 224 [1/1] (0.64ns)   --->   "%add_ln117 = add i5 %i, i5 1" [src/moe.cpp:117]   --->   Operation 224 'add' 'add_ln117' <Predicate = true> <Delay = 0.64> <CoreInst = "Adder">   --->   Core 1 'Adder' <Latency = 0> <II = 1> <Delay = 0.64> <FuncUnit> <Opcode : 'add' 'sub'> <InPorts = 2> <OutPorts = 1>
ST_21 : Operation 225 [1/1] (0.00ns)   --->   "%br_ln117 = br i1 %icmp_ln117, void %VITIS_LOOP_120_11.split, void %VITIS_LOOP_132_13.preheader" [src/moe.cpp:117]   --->   Operation 225 'br' 'br_ln117' <Predicate = true> <Delay = 0.00>
ST_21 : Operation 226 [1/1] (0.00ns)   --->   "%zext_ln122 = zext i5 %i" [src/moe.cpp:122]   --->   Operation 226 'zext' 'zext_ln122' <Predicate = (!icmp_ln117)> <Delay = 0.00>
ST_21 : Operation 227 [1/1] (0.65ns)   --->   "%add_ln122 = add i9 %tmp_6, i9 %zext_ln122" [src/moe.cpp:122]   --->   Operation 227 'add' 'add_ln122' <Predicate = (!icmp_ln117)> <Delay = 0.65> <CoreInst = "Adder">   --->   Core 1 'Adder' <Latency = 0> <II = 1> <Delay = 0.65> <FuncUnit> <Opcode : 'add' 'sub'> <InPorts = 2> <OutPorts = 1>
ST_21 : Operation 228 [1/1] (0.00ns)   --->   "%zext_ln122_2 = zext i9 %add_ln122" [src/moe.cpp:122]   --->   Operation 228 'zext' 'zext_ln122_2' <Predicate = (!icmp_ln117)> <Delay = 0.00>
ST_21 : Operation 229 [1/1] (0.00ns)   --->   "%b2_addr = getelementptr i32 %b2, i64 0, i64 %zext_ln122_2" [src/moe.cpp:118]   --->   Operation 229 'getelementptr' 'b2_addr' <Predicate = (!icmp_ln117)> <Delay = 0.00>
ST_21 : Operation 230 [2/2] (1.02ns)   --->   "%b2_load = load i9 %b2_addr" [src/moe.cpp:118]   --->   Operation 230 'load' 'b2_load' <Predicate = (!icmp_ln117)> <Delay = 1.02> <CoreInst = "RAM">   --->   Core 83 'RAM' <Latency = 1> <II = 1> <Delay = 1.02> <Storage> <Opcode : 'load' 'store'> <Ports = 2> <Width = 32> <Depth = 320> <RAM>
ST_21 : Operation 231 [1/1] (0.36ns)   --->   "%br_ln129 = br void %VITIS_LOOP_132_13" [src/moe.cpp:129]   --->   Operation 231 'br' 'br_ln129' <Predicate = (icmp_ln117)> <Delay = 0.36>

State 22 <SV = 10> <Delay = 2.75>
ST_22 : Operation 232 [1/1] (0.00ns)   --->   "%tmp_14 = bitconcatenate i14 @_ssdm_op_BitConcatenate.i14.i9.i5, i9 %add_ln122, i5 0" [src/moe.cpp:122]   --->   Operation 232 'bitconcatenate' 'tmp_14' <Predicate = true> <Delay = 0.00>
ST_22 : Operation 233 [1/2] (1.02ns)   --->   "%b2_load = load i9 %b2_addr" [src/moe.cpp:118]   --->   Operation 233 'load' 'b2_load' <Predicate = true> <Delay = 1.02> <CoreInst = "RAM">   --->   Core 83 'RAM' <Latency = 1> <II = 1> <Delay = 1.02> <Storage> <Opcode : 'load' 'store'> <Ports = 2> <Width = 32> <Depth = 320> <RAM>
ST_22 : Operation 234 [1/1] (0.00ns)   --->   "%sum_10 = bitcast i32 %b2_load" [src/moe.cpp:118]   --->   Operation 234 'bitcast' 'sum_10' <Predicate = true> <Delay = 0.00>
ST_22 : Operation 235 [2/2] (1.72ns)   --->   "%call_ln118 = call void @graph_moe_Pipeline_VITIS_LOOP_120_11, i32 %sum_10, i14 %tmp_14, i32 %w2, i32 %l1, i32 %sum_12_loc" [src/moe.cpp:118]   --->   Operation 235 'call' 'call_ln118' <Predicate = true> <Delay = 1.72> <CoreType = "Generic">   --->   Core 0 '' <Latency = 0> <II = 1> <Delay = 1.00> <Generic> <Opcode : >

State 23 <SV = 11> <Delay = 0.00>
ST_23 : Operation 236 [1/2] (0.00ns)   --->   "%call_ln118 = call void @graph_moe_Pipeline_VITIS_LOOP_120_11, i32 %sum_10, i14 %tmp_14, i32 %w2, i32 %l1, i32 %sum_12_loc" [src/moe.cpp:118]   --->   Operation 236 'call' 'call_ln118' <Predicate = true> <Delay = 0.00> <CoreType = "Generic">   --->   Core 0 '' <Latency = 0> <II = 1> <Delay = 1.00> <Generic> <Opcode : >

State 24 <SV = 12> <Delay = 6.28>
ST_24 : Operation 237 [1/1] (0.00ns)   --->   "%sum_12_loc_load = load i32 %sum_12_loc"   --->   Operation 237 'load' 'sum_12_loc_load' <Predicate = true> <Delay = 0.00>
ST_24 : Operation 238 [4/4] (6.28ns)   --->   "%tmp_2 = fexp i32 @llvm.exp.f32, i32 %sum_12_loc_load" [src/moe.cpp:7->src/moe.cpp:125]   --->   Operation 238 'fexp' 'tmp_2' <Predicate = true> <Delay = 6.28> <CoreInst = "FExp_fulldsp">   --->   Core 23 'FExp_fulldsp' <Latency = 3> <II = 1> <Delay = 6.28> <FuncUnit> <Opcode : 'fexp'> <InPorts = 1> <OutPorts = 1>

State 25 <SV = 13> <Delay = 6.28>
ST_25 : Operation 239 [3/4] (6.28ns)   --->   "%tmp_2 = fexp i32 @llvm.exp.f32, i32 %sum_12_loc_load" [src/moe.cpp:7->src/moe.cpp:125]   --->   Operation 239 'fexp' 'tmp_2' <Predicate = true> <Delay = 6.28> <CoreInst = "FExp_fulldsp">   --->   Core 23 'FExp_fulldsp' <Latency = 3> <II = 1> <Delay = 6.28> <FuncUnit> <Opcode : 'fexp'> <InPorts = 1> <OutPorts = 1>

State 26 <SV = 14> <Delay = 6.28>
ST_26 : Operation 240 [2/4] (6.28ns)   --->   "%tmp_2 = fexp i32 @llvm.exp.f32, i32 %sum_12_loc_load" [src/moe.cpp:7->src/moe.cpp:125]   --->   Operation 240 'fexp' 'tmp_2' <Predicate = true> <Delay = 6.28> <CoreInst = "FExp_fulldsp">   --->   Core 23 'FExp_fulldsp' <Latency = 3> <II = 1> <Delay = 6.28> <FuncUnit> <Opcode : 'fexp'> <InPorts = 1> <OutPorts = 1>

State 27 <SV = 15> <Delay = 6.28>
ST_27 : Operation 241 [1/4] (6.28ns)   --->   "%tmp_2 = fexp i32 @llvm.exp.f32, i32 %sum_12_loc_load" [src/moe.cpp:7->src/moe.cpp:125]   --->   Operation 241 'fexp' 'tmp_2' <Predicate = true> <Delay = 6.28> <CoreInst = "FExp_fulldsp">   --->   Core 23 'FExp_fulldsp' <Latency = 3> <II = 1> <Delay = 6.28> <FuncUnit> <Opcode : 'fexp'> <InPorts = 1> <OutPorts = 1>

State 28 <SV = 16> <Delay = 6.81>
ST_28 : Operation 242 [1/1] (6.81ns)   --->   "%tmp_10 = fcmp_oge  i32 %sum_12_loc_load, i32 0" [src/moe.cpp:7->src/moe.cpp:125]   --->   Operation 242 'fcmp' 'tmp_10' <Predicate = true> <Delay = 6.81> <CoreInst = "FCompare">   --->   Core 19 'FCompare' <Latency = 0> <II = 1> <Delay = 6.81> <FuncUnit> <Opcode : 'fcmp'> <InPorts = 2> <OutPorts = 1>
ST_28 : Operation 243 [2/2] (6.04ns)   --->   "%sub_i1 = fadd i32 %tmp_2, i32 -1" [src/moe.cpp:7->src/moe.cpp:125]   --->   Operation 243 'fadd' 'sub_i1' <Predicate = true> <Delay = 6.04> <CoreInst = "FAddSub_fulldsp">   --->   Core 18 'FAddSub_fulldsp' <Latency = 1> <II = 1> <Delay = 6.04> <FuncUnit> <Opcode : 'fadd' 'fsub'> <InPorts = 2> <OutPorts = 1>

State 29 <SV = 17> <Delay = 6.80>
ST_29 : Operation 244 [1/1] (0.00ns)   --->   "%zext_ln117 = zext i5 %i" [src/moe.cpp:117]   --->   Operation 244 'zext' 'zext_ln117' <Predicate = true> <Delay = 0.00>
ST_29 : Operation 245 [1/1] (0.00ns)   --->   "%speclooptripcount_ln117 = speclooptripcount void @_ssdm_op_SpecLoopTripCount, i64 16, i64 16, i64 16" [src/moe.cpp:117]   --->   Operation 245 'speclooptripcount' 'speclooptripcount_ln117' <Predicate = true> <Delay = 0.00>
ST_29 : Operation 246 [1/1] (0.00ns)   --->   "%specloopname_ln117 = specloopname void @_ssdm_op_SpecLoopName, void @empty" [src/moe.cpp:117]   --->   Operation 246 'specloopname' 'specloopname_ln117' <Predicate = true> <Delay = 0.00>
ST_29 : Operation 247 [1/1] (0.00ns)   --->   "%bitcast_ln7_1 = bitcast i32 %sum_12_loc_load" [src/moe.cpp:7->src/moe.cpp:125]   --->   Operation 247 'bitcast' 'bitcast_ln7_1' <Predicate = true> <Delay = 0.00>
ST_29 : Operation 248 [1/1] (0.00ns)   --->   "%tmp_s = partselect i8 @_ssdm_op_PartSelect.i8.i32.i32.i32, i32 %bitcast_ln7_1, i32 23, i32 30" [src/moe.cpp:7->src/moe.cpp:125]   --->   Operation 248 'partselect' 'tmp_s' <Predicate = true> <Delay = 0.00>
ST_29 : Operation 249 [1/1] (0.00ns)   --->   "%trunc_ln7_1 = trunc i32 %bitcast_ln7_1" [src/moe.cpp:7->src/moe.cpp:125]   --->   Operation 249 'trunc' 'trunc_ln7_1' <Predicate = true> <Delay = 0.00>
ST_29 : Operation 250 [1/1] (0.65ns)   --->   "%icmp_ln7_2 = icmp_ne  i8 %tmp_s, i8 255" [src/moe.cpp:7->src/moe.cpp:125]   --->   Operation 250 'icmp' 'icmp_ln7_2' <Predicate = true> <Delay = 0.65> <CoreInst = "Cmp">   --->   Core 9 'Cmp' <Latency = 0> <II = 1> <Delay = 0.65> <FuncUnit> <Opcode : 'icmp'> <InPorts = 2> <OutPorts = 1>
ST_29 : Operation 251 [1/1] (0.75ns)   --->   "%icmp_ln7_3 = icmp_eq  i23 %trunc_ln7_1, i23 0" [src/moe.cpp:7->src/moe.cpp:125]   --->   Operation 251 'icmp' 'icmp_ln7_3' <Predicate = true> <Delay = 0.75> <CoreInst = "Cmp">   --->   Core 9 'Cmp' <Latency = 0> <II = 1> <Delay = 0.75> <FuncUnit> <Opcode : 'icmp'> <InPorts = 2> <OutPorts = 1>
ST_29 : Operation 252 [1/1] (0.00ns) (grouped into LUT with out node select_ln7_1)   --->   "%or_ln7_1 = or i1 %icmp_ln7_3, i1 %icmp_ln7_2" [src/moe.cpp:7->src/moe.cpp:125]   --->   Operation 252 'or' 'or_ln7_1' <Predicate = true> <Delay = 0.00> <CoreInst = "LogicGate">   --->   Core 74 'LogicGate' <Latency = 0> <II = 1> <Delay = 0.11> <FuncUnit> <Opcode : 'and' 'or' 'xor'> <InPorts = 2> <OutPorts = 1>
ST_29 : Operation 253 [1/1] (0.00ns) (grouped into LUT with out node select_ln7_1)   --->   "%and_ln7_1 = and i1 %or_ln7_1, i1 %tmp_10" [src/moe.cpp:7->src/moe.cpp:125]   --->   Operation 253 'and' 'and_ln7_1' <Predicate = true> <Delay = 0.00> <CoreInst = "LogicGate">   --->   Core 74 'LogicGate' <Latency = 0> <II = 1> <Delay = 0.11> <FuncUnit> <Opcode : 'and' 'or' 'xor'> <InPorts = 2> <OutPorts = 1>
ST_29 : Operation 254 [1/2] (6.04ns)   --->   "%sub_i1 = fadd i32 %tmp_2, i32 -1" [src/moe.cpp:7->src/moe.cpp:125]   --->   Operation 254 'fadd' 'sub_i1' <Predicate = true> <Delay = 6.04> <CoreInst = "FAddSub_fulldsp">   --->   Core 18 'FAddSub_fulldsp' <Latency = 1> <II = 1> <Delay = 6.04> <FuncUnit> <Opcode : 'fadd' 'fsub'> <InPorts = 2> <OutPorts = 1>
ST_29 : Operation 255 [1/1] (0.21ns) (out node of the LUT)   --->   "%select_ln7_1 = select i1 %and_ln7_1, i32 %sum_12_loc_load, i32 %sub_i1" [src/moe.cpp:7->src/moe.cpp:125]   --->   Operation 255 'select' 'select_ln7_1' <Predicate = true> <Delay = 0.21> <CoreInst = "Sel">   --->   Core 73 'Sel' <Latency = 0> <II = 1> <Delay = 0.21> <FuncUnit> <Opcode : 'select'> <InPorts = 3> <OutPorts = 1>
ST_29 : Operation 256 [1/1] (0.00ns)   --->   "%l2_addr = getelementptr i32 %l2, i64 0, i64 %zext_ln117" [src/moe.cpp:125]   --->   Operation 256 'getelementptr' 'l2_addr' <Predicate = true> <Delay = 0.00>
ST_29 : Operation 257 [1/1] (0.54ns)   --->   "%store_ln125 = store i32 %select_ln7_1, i4 %l2_addr" [src/moe.cpp:125]   --->   Operation 257 'store' 'store_ln125' <Predicate = true> <Delay = 0.54> <CoreInst = "RAM">   --->   Core 83 'RAM' <Latency = 1> <II = 1> <Delay = 0.54> <Storage> <Opcode : 'load' 'store'> <Ports = 2> <Width = 32> <Depth = 16> <RAM>
ST_29 : Operation 258 [1/1] (0.00ns)   --->   "%br_ln117 = br void %VITIS_LOOP_120_11" [src/moe.cpp:117]   --->   Operation 258 'br' 'br_ln117' <Predicate = true> <Delay = 0.00>

State 30 <SV = 10> <Delay = 1.67>
ST_30 : Operation 259 [1/1] (0.00ns)   --->   "%i_2 = phi i4 %add_ln129, void %VITIS_LOOP_132_13.split, i4 0, void %VITIS_LOOP_132_13.preheader" [src/moe.cpp:129]   --->   Operation 259 'phi' 'i_2' <Predicate = true> <Delay = 0.00>
ST_30 : Operation 260 [1/1] (0.64ns)   --->   "%icmp_ln129 = icmp_eq  i4 %i_2, i4 8" [src/moe.cpp:129]   --->   Operation 260 'icmp' 'icmp_ln129' <Predicate = true> <Delay = 0.64> <CoreInst = "Cmp">   --->   Core 9 'Cmp' <Latency = 0> <II = 1> <Delay = 0.64> <FuncUnit> <Opcode : 'icmp'> <InPorts = 2> <OutPorts = 1>
ST_30 : Operation 261 [1/1] (0.64ns)   --->   "%add_ln129 = add i4 %i_2, i4 1" [src/moe.cpp:129]   --->   Operation 261 'add' 'add_ln129' <Predicate = true> <Delay = 0.64> <CoreInst = "Adder">   --->   Core 1 'Adder' <Latency = 0> <II = 1> <Delay = 0.64> <FuncUnit> <Opcode : 'add' 'sub'> <InPorts = 2> <OutPorts = 1>
ST_30 : Operation 262 [1/1] (0.00ns)   --->   "%br_ln129 = br i1 %icmp_ln129, void %VITIS_LOOP_132_13.split, void %VITIS_LOOP_143_14" [src/moe.cpp:129]   --->   Operation 262 'br' 'br_ln129' <Predicate = true> <Delay = 0.00>
ST_30 : Operation 263 [1/1] (0.00ns)   --->   "%zext_ln134 = zext i4 %i_2" [src/moe.cpp:134]   --->   Operation 263 'zext' 'zext_ln134' <Predicate = (!icmp_ln129)> <Delay = 0.00>
ST_30 : Operation 264 [1/1] (0.65ns)   --->   "%add_ln134 = add i8 %tmp_7, i8 %zext_ln134" [src/moe.cpp:134]   --->   Operation 264 'add' 'add_ln134' <Predicate = (!icmp_ln129)> <Delay = 0.65> <CoreInst = "Adder">   --->   Core 1 'Adder' <Latency = 0> <II = 1> <Delay = 0.65> <FuncUnit> <Opcode : 'add' 'sub'> <InPorts = 2> <OutPorts = 1>
ST_30 : Operation 265 [1/1] (0.00ns)   --->   "%zext_ln134_2 = zext i8 %add_ln134" [src/moe.cpp:134]   --->   Operation 265 'zext' 'zext_ln134_2' <Predicate = (!icmp_ln129)> <Delay = 0.00>
ST_30 : Operation 266 [1/1] (0.00ns)   --->   "%b3_addr = getelementptr i32 %b3, i64 0, i64 %zext_ln134_2" [src/moe.cpp:130]   --->   Operation 266 'getelementptr' 'b3_addr' <Predicate = (!icmp_ln129)> <Delay = 0.00>
ST_30 : Operation 267 [2/2] (1.02ns)   --->   "%b3_load = load i8 %b3_addr" [src/moe.cpp:130]   --->   Operation 267 'load' 'b3_load' <Predicate = (!icmp_ln129)> <Delay = 1.02> <CoreInst = "RAM">   --->   Core 83 'RAM' <Latency = 1> <II = 1> <Delay = 1.02> <Storage> <Opcode : 'load' 'store'> <Ports = 2> <Width = 32> <Depth = 160> <RAM>
ST_30 : Operation 268 [2/2] (0.54ns)   --->   "%b4_load = load i5 %b4_addr" [src/moe.cpp:141]   --->   Operation 268 'load' 'b4_load' <Predicate = (icmp_ln129)> <Delay = 0.54> <CoreInst = "RAM">   --->   Core 83 'RAM' <Latency = 1> <II = 1> <Delay = 0.54> <Storage> <Opcode : 'load' 'store'> <Ports = 2> <Width = 32> <Depth = 20> <RAM>
ST_30 : Operation 269 [1/1] (0.52ns)   --->   "%add_ln98 = add i3 %select_ln96, i3 1" [src/moe.cpp:98]   --->   Operation 269 'add' 'add_ln98' <Predicate = (icmp_ln129)> <Delay = 0.52> <CoreInst = "Adder">   --->   Core 1 'Adder' <Latency = 0> <II = 1> <Delay = 0.52> <FuncUnit> <Opcode : 'add' 'sub'> <InPorts = 2> <OutPorts = 1>
ST_30 : Operation 270 [1/1] (0.36ns)   --->   "%store_ln96 = store i5 %add_ln96_1, i5 %indvar_flatten" [src/moe.cpp:96]   --->   Operation 270 'store' 'store_ln96' <Predicate = (icmp_ln129)> <Delay = 0.36>
ST_30 : Operation 271 [1/1] (0.36ns)   --->   "%store_ln96 = store i3 %select_ln96_1, i3 %e_3" [src/moe.cpp:96]   --->   Operation 271 'store' 'store_ln96' <Predicate = (icmp_ln129)> <Delay = 0.36>
ST_30 : Operation 272 [1/1] (0.36ns)   --->   "%store_ln98 = store i3 %add_ln98, i3 %obj_1" [src/moe.cpp:98]   --->   Operation 272 'store' 'store_ln98' <Predicate = (icmp_ln129)> <Delay = 0.36>

State 31 <SV = 11> <Delay = 2.73>
ST_31 : Operation 273 [1/1] (0.00ns)   --->   "%tmp_15 = bitconcatenate i12 @_ssdm_op_BitConcatenate.i12.i8.i4, i8 %add_ln134, i4 0" [src/moe.cpp:134]   --->   Operation 273 'bitconcatenate' 'tmp_15' <Predicate = true> <Delay = 0.00>
ST_31 : Operation 274 [1/2] (1.02ns)   --->   "%b3_load = load i8 %b3_addr" [src/moe.cpp:130]   --->   Operation 274 'load' 'b3_load' <Predicate = true> <Delay = 1.02> <CoreInst = "RAM">   --->   Core 83 'RAM' <Latency = 1> <II = 1> <Delay = 1.02> <Storage> <Opcode : 'load' 'store'> <Ports = 2> <Width = 32> <Depth = 160> <RAM>
ST_31 : Operation 275 [1/1] (0.00ns)   --->   "%sum_11 = bitcast i32 %b3_load" [src/moe.cpp:130]   --->   Operation 275 'bitcast' 'sum_11' <Predicate = true> <Delay = 0.00>
ST_31 : Operation 276 [2/2] (1.70ns)   --->   "%call_ln130 = call void @graph_moe_Pipeline_VITIS_LOOP_132_13, i32 %sum_11, i12 %tmp_15, i32 %w3, i32 %l2, i32 %sum_14_loc" [src/moe.cpp:130]   --->   Operation 276 'call' 'call_ln130' <Predicate = true> <Delay = 1.70> <CoreType = "Generic">   --->   Core 0 '' <Latency = 0> <II = 1> <Delay = 1.00> <Generic> <Opcode : >

State 32 <SV = 12> <Delay = 0.00>
ST_32 : Operation 277 [1/2] (0.00ns)   --->   "%call_ln130 = call void @graph_moe_Pipeline_VITIS_LOOP_132_13, i32 %sum_11, i12 %tmp_15, i32 %w3, i32 %l2, i32 %sum_14_loc" [src/moe.cpp:130]   --->   Operation 277 'call' 'call_ln130' <Predicate = true> <Delay = 0.00> <CoreType = "Generic">   --->   Core 0 '' <Latency = 0> <II = 1> <Delay = 1.00> <Generic> <Opcode : >

State 33 <SV = 13> <Delay = 6.28>
ST_33 : Operation 278 [1/1] (0.00ns)   --->   "%sum_14_loc_load = load i32 %sum_14_loc"   --->   Operation 278 'load' 'sum_14_loc_load' <Predicate = true> <Delay = 0.00>
ST_33 : Operation 279 [4/4] (6.28ns)   --->   "%tmp_3 = fexp i32 @llvm.exp.f32, i32 %sum_14_loc_load" [src/moe.cpp:7->src/moe.cpp:137]   --->   Operation 279 'fexp' 'tmp_3' <Predicate = true> <Delay = 6.28> <CoreInst = "FExp_fulldsp">   --->   Core 23 'FExp_fulldsp' <Latency = 3> <II = 1> <Delay = 6.28> <FuncUnit> <Opcode : 'fexp'> <InPorts = 1> <OutPorts = 1>

State 34 <SV = 14> <Delay = 6.28>
ST_34 : Operation 280 [3/4] (6.28ns)   --->   "%tmp_3 = fexp i32 @llvm.exp.f32, i32 %sum_14_loc_load" [src/moe.cpp:7->src/moe.cpp:137]   --->   Operation 280 'fexp' 'tmp_3' <Predicate = true> <Delay = 6.28> <CoreInst = "FExp_fulldsp">   --->   Core 23 'FExp_fulldsp' <Latency = 3> <II = 1> <Delay = 6.28> <FuncUnit> <Opcode : 'fexp'> <InPorts = 1> <OutPorts = 1>

State 35 <SV = 15> <Delay = 6.28>
ST_35 : Operation 281 [2/4] (6.28ns)   --->   "%tmp_3 = fexp i32 @llvm.exp.f32, i32 %sum_14_loc_load" [src/moe.cpp:7->src/moe.cpp:137]   --->   Operation 281 'fexp' 'tmp_3' <Predicate = true> <Delay = 6.28> <CoreInst = "FExp_fulldsp">   --->   Core 23 'FExp_fulldsp' <Latency = 3> <II = 1> <Delay = 6.28> <FuncUnit> <Opcode : 'fexp'> <InPorts = 1> <OutPorts = 1>

State 36 <SV = 16> <Delay = 6.28>
ST_36 : Operation 282 [1/4] (6.28ns)   --->   "%tmp_3 = fexp i32 @llvm.exp.f32, i32 %sum_14_loc_load" [src/moe.cpp:7->src/moe.cpp:137]   --->   Operation 282 'fexp' 'tmp_3' <Predicate = true> <Delay = 6.28> <CoreInst = "FExp_fulldsp">   --->   Core 23 'FExp_fulldsp' <Latency = 3> <II = 1> <Delay = 6.28> <FuncUnit> <Opcode : 'fexp'> <InPorts = 1> <OutPorts = 1>

State 37 <SV = 17> <Delay = 6.81>
ST_37 : Operation 283 [1/1] (6.81ns)   --->   "%tmp_12 = fcmp_oge  i32 %sum_14_loc_load, i32 0" [src/moe.cpp:7->src/moe.cpp:137]   --->   Operation 283 'fcmp' 'tmp_12' <Predicate = true> <Delay = 6.81> <CoreInst = "FCompare">   --->   Core 19 'FCompare' <Latency = 0> <II = 1> <Delay = 6.81> <FuncUnit> <Opcode : 'fcmp'> <InPorts = 2> <OutPorts = 1>
ST_37 : Operation 284 [2/2] (6.04ns)   --->   "%sub_i2 = fadd i32 %tmp_3, i32 -1" [src/moe.cpp:7->src/moe.cpp:137]   --->   Operation 284 'fadd' 'sub_i2' <Predicate = true> <Delay = 6.04> <CoreInst = "FAddSub_fulldsp">   --->   Core 18 'FAddSub_fulldsp' <Latency = 1> <II = 1> <Delay = 6.04> <FuncUnit> <Opcode : 'fadd' 'fsub'> <InPorts = 2> <OutPorts = 1>

State 38 <SV = 18> <Delay = 6.80>
ST_38 : Operation 285 [1/1] (0.00ns)   --->   "%zext_ln129 = zext i4 %i_2" [src/moe.cpp:129]   --->   Operation 285 'zext' 'zext_ln129' <Predicate = true> <Delay = 0.00>
ST_38 : Operation 286 [1/1] (0.00ns)   --->   "%speclooptripcount_ln129 = speclooptripcount void @_ssdm_op_SpecLoopTripCount, i64 8, i64 8, i64 8" [src/moe.cpp:129]   --->   Operation 286 'speclooptripcount' 'speclooptripcount_ln129' <Predicate = true> <Delay = 0.00>
ST_38 : Operation 287 [1/1] (0.00ns)   --->   "%specloopname_ln129 = specloopname void @_ssdm_op_SpecLoopName, void @empty_16" [src/moe.cpp:129]   --->   Operation 287 'specloopname' 'specloopname_ln129' <Predicate = true> <Delay = 0.00>
ST_38 : Operation 288 [1/1] (0.00ns)   --->   "%bitcast_ln7_2 = bitcast i32 %sum_14_loc_load" [src/moe.cpp:7->src/moe.cpp:137]   --->   Operation 288 'bitcast' 'bitcast_ln7_2' <Predicate = true> <Delay = 0.00>
ST_38 : Operation 289 [1/1] (0.00ns)   --->   "%tmp_11 = partselect i8 @_ssdm_op_PartSelect.i8.i32.i32.i32, i32 %bitcast_ln7_2, i32 23, i32 30" [src/moe.cpp:7->src/moe.cpp:137]   --->   Operation 289 'partselect' 'tmp_11' <Predicate = true> <Delay = 0.00>
ST_38 : Operation 290 [1/1] (0.00ns)   --->   "%trunc_ln7_2 = trunc i32 %bitcast_ln7_2" [src/moe.cpp:7->src/moe.cpp:137]   --->   Operation 290 'trunc' 'trunc_ln7_2' <Predicate = true> <Delay = 0.00>
ST_38 : Operation 291 [1/1] (0.65ns)   --->   "%icmp_ln7_4 = icmp_ne  i8 %tmp_11, i8 255" [src/moe.cpp:7->src/moe.cpp:137]   --->   Operation 291 'icmp' 'icmp_ln7_4' <Predicate = true> <Delay = 0.65> <CoreInst = "Cmp">   --->   Core 9 'Cmp' <Latency = 0> <II = 1> <Delay = 0.65> <FuncUnit> <Opcode : 'icmp'> <InPorts = 2> <OutPorts = 1>
ST_38 : Operation 292 [1/1] (0.75ns)   --->   "%icmp_ln7_5 = icmp_eq  i23 %trunc_ln7_2, i23 0" [src/moe.cpp:7->src/moe.cpp:137]   --->   Operation 292 'icmp' 'icmp_ln7_5' <Predicate = true> <Delay = 0.75> <CoreInst = "Cmp">   --->   Core 9 'Cmp' <Latency = 0> <II = 1> <Delay = 0.75> <FuncUnit> <Opcode : 'icmp'> <InPorts = 2> <OutPorts = 1>
ST_38 : Operation 293 [1/1] (0.00ns) (grouped into LUT with out node select_ln7_2)   --->   "%or_ln7_2 = or i1 %icmp_ln7_5, i1 %icmp_ln7_4" [src/moe.cpp:7->src/moe.cpp:137]   --->   Operation 293 'or' 'or_ln7_2' <Predicate = true> <Delay = 0.00> <CoreInst = "LogicGate">   --->   Core 74 'LogicGate' <Latency = 0> <II = 1> <Delay = 0.11> <FuncUnit> <Opcode : 'and' 'or' 'xor'> <InPorts = 2> <OutPorts = 1>
ST_38 : Operation 294 [1/1] (0.00ns) (grouped into LUT with out node select_ln7_2)   --->   "%and_ln7_2 = and i1 %or_ln7_2, i1 %tmp_12" [src/moe.cpp:7->src/moe.cpp:137]   --->   Operation 294 'and' 'and_ln7_2' <Predicate = true> <Delay = 0.00> <CoreInst = "LogicGate">   --->   Core 74 'LogicGate' <Latency = 0> <II = 1> <Delay = 0.11> <FuncUnit> <Opcode : 'and' 'or' 'xor'> <InPorts = 2> <OutPorts = 1>
ST_38 : Operation 295 [1/2] (6.04ns)   --->   "%sub_i2 = fadd i32 %tmp_3, i32 -1" [src/moe.cpp:7->src/moe.cpp:137]   --->   Operation 295 'fadd' 'sub_i2' <Predicate = true> <Delay = 6.04> <CoreInst = "FAddSub_fulldsp">   --->   Core 18 'FAddSub_fulldsp' <Latency = 1> <II = 1> <Delay = 6.04> <FuncUnit> <Opcode : 'fadd' 'fsub'> <InPorts = 2> <OutPorts = 1>
ST_38 : Operation 296 [1/1] (0.21ns) (out node of the LUT)   --->   "%select_ln7_2 = select i1 %and_ln7_2, i32 %sum_14_loc_load, i32 %sub_i2" [src/moe.cpp:7->src/moe.cpp:137]   --->   Operation 296 'select' 'select_ln7_2' <Predicate = true> <Delay = 0.21> <CoreInst = "Sel">   --->   Core 73 'Sel' <Latency = 0> <II = 1> <Delay = 0.21> <FuncUnit> <Opcode : 'select'> <InPorts = 3> <OutPorts = 1>
ST_38 : Operation 297 [1/1] (0.00ns)   --->   "%l3_addr = getelementptr i32 %l3, i64 0, i64 %zext_ln129" [src/moe.cpp:137]   --->   Operation 297 'getelementptr' 'l3_addr' <Predicate = true> <Delay = 0.00>
ST_38 : Operation 298 [1/1] (0.54ns)   --->   "%store_ln137 = store i32 %select_ln7_2, i3 %l3_addr" [src/moe.cpp:137]   --->   Operation 298 'store' 'store_ln137' <Predicate = true> <Delay = 0.54> <CoreInst = "RAM">   --->   Core 83 'RAM' <Latency = 1> <II = 1> <Delay = 0.54> <Storage> <Opcode : 'load' 'store'> <Ports = 2> <Width = 32> <Depth = 8> <RAM>
ST_38 : Operation 299 [1/1] (0.00ns)   --->   "%br_ln129 = br void %VITIS_LOOP_132_13" [src/moe.cpp:129]   --->   Operation 299 'br' 'br_ln129' <Predicate = true> <Delay = 0.00>

State 39 <SV = 11> <Delay = 2.21>
ST_39 : Operation 300 [1/2] (0.54ns)   --->   "%b4_load = load i5 %b4_addr" [src/moe.cpp:141]   --->   Operation 300 'load' 'b4_load' <Predicate = true> <Delay = 0.54> <CoreInst = "RAM">   --->   Core 83 'RAM' <Latency = 1> <II = 1> <Delay = 0.54> <Storage> <Opcode : 'load' 'store'> <Ports = 2> <Width = 32> <Depth = 20> <RAM>
ST_39 : Operation 301 [1/1] (0.00ns)   --->   "%result = bitcast i32 %b4_load" [src/moe.cpp:141]   --->   Operation 301 'bitcast' 'result' <Predicate = true> <Delay = 0.00>
ST_39 : Operation 302 [2/2] (1.67ns)   --->   "%call_ln141 = call void @graph_moe_Pipeline_VITIS_LOOP_143_14, i32 %result, i8 %tmp_7, i32 %w4, i32 %l3, i32 %result_1_loc" [src/moe.cpp:141]   --->   Operation 302 'call' 'call_ln141' <Predicate = true> <Delay = 1.67> <CoreType = "Generic">   --->   Core 0 '' <Latency = 0> <II = 1> <Delay = 1.00> <Generic> <Opcode : >

State 40 <SV = 12> <Delay = 0.00>
ST_40 : Operation 303 [1/2] (0.00ns)   --->   "%call_ln141 = call void @graph_moe_Pipeline_VITIS_LOOP_143_14, i32 %result, i8 %tmp_7, i32 %w4, i32 %l3, i32 %result_1_loc" [src/moe.cpp:141]   --->   Operation 303 'call' 'call_ln141' <Predicate = true> <Delay = 0.00> <CoreType = "Generic">   --->   Core 0 '' <Latency = 0> <II = 1> <Delay = 1.00> <Generic> <Opcode : >

State 41 <SV = 13> <Delay = 0.54>
ST_41 : Operation 304 [1/1] (0.00ns)   --->   "%result_1_loc_load = load i32 %result_1_loc"   --->   Operation 304 'load' 'result_1_loc_load' <Predicate = true> <Delay = 0.00>
ST_41 : Operation 305 [1/1] (0.54ns)   --->   "%store_ln149 = store i32 %result_1_loc_load, i5 %expert_output_addr" [src/moe.cpp:149]   --->   Operation 305 'store' 'store_ln149' <Predicate = true> <Delay = 0.54> <CoreInst = "RAM_1WnR">   --->   Core 84 'RAM_1WnR' <Latency = 1> <II = 1> <Delay = 0.54> <Storage> <Opcode : 'load' 'store'> <Ports = 17> <Width = 32> <Depth = 20> <RAM>
ST_41 : Operation 306 [1/1] (0.00ns)   --->   "%br_ln98 = br void %VITIS_LOOP_105_8" [src/moe.cpp:98]   --->   Operation 306 'br' 'br_ln98' <Predicate = true> <Delay = 0.00>

State 42 <SV = 8> <Delay = 0.54>
ST_42 : Operation 307 [1/2] (0.54ns)   --->   "%gates_load = load i2 %gates_addr" [src/moe.cpp:162]   --->   Operation 307 'load' 'gates_load' <Predicate = true> <Delay = 0.54> <CoreInst = "RAM">   --->   Core 83 'RAM' <Latency = 1> <II = 1> <Delay = 0.54> <Storage> <Opcode : 'load' 'store'> <Ports = 2> <Width = 32> <Depth = 4> <RAM>
ST_42 : Operation 308 [1/2] (0.54ns)   --->   "%gates_load_1 = load i2 %gates_addr_1" [src/moe.cpp:162]   --->   Operation 308 'load' 'gates_load_1' <Predicate = true> <Delay = 0.54> <CoreInst = "RAM">   --->   Core 83 'RAM' <Latency = 1> <II = 1> <Delay = 0.54> <Storage> <Opcode : 'load' 'store'> <Ports = 2> <Width = 32> <Depth = 4> <RAM>
ST_42 : Operation 309 [1/1] (0.00ns)   --->   "%gates_addr_2 = getelementptr i32 %gates, i64 0, i64 2" [src/moe.cpp:162]   --->   Operation 309 'getelementptr' 'gates_addr_2' <Predicate = true> <Delay = 0.00>
ST_42 : Operation 310 [2/2] (0.54ns)   --->   "%gates_load_2 = load i2 %gates_addr_2" [src/moe.cpp:162]   --->   Operation 310 'load' 'gates_load_2' <Predicate = true> <Delay = 0.54> <CoreInst = "RAM">   --->   Core 83 'RAM' <Latency = 1> <II = 1> <Delay = 0.54> <Storage> <Opcode : 'load' 'store'> <Ports = 2> <Width = 32> <Depth = 4> <RAM>
ST_42 : Operation 311 [1/1] (0.00ns)   --->   "%gates_addr_3 = getelementptr i32 %gates, i64 0, i64 3" [src/moe.cpp:162]   --->   Operation 311 'getelementptr' 'gates_addr_3' <Predicate = true> <Delay = 0.00>
ST_42 : Operation 312 [2/2] (0.54ns)   --->   "%gates_load_3 = load i2 %gates_addr_3" [src/moe.cpp:162]   --->   Operation 312 'load' 'gates_load_3' <Predicate = true> <Delay = 0.54> <CoreInst = "RAM">   --->   Core 83 'RAM' <Latency = 1> <II = 1> <Delay = 0.54> <Storage> <Opcode : 'load' 'store'> <Ports = 2> <Width = 32> <Depth = 4> <RAM>

State 43 <SV = 9> <Delay = 0.54>
ST_43 : Operation 313 [1/1] (0.00ns)   --->   "%bitcast_ln162 = bitcast i32 %gates_load" [src/moe.cpp:162]   --->   Operation 313 'bitcast' 'bitcast_ln162' <Predicate = true> <Delay = 0.00>
ST_43 : Operation 314 [1/1] (0.00ns)   --->   "%bitcast_ln162_1 = bitcast i32 %gates_load_1" [src/moe.cpp:162]   --->   Operation 314 'bitcast' 'bitcast_ln162_1' <Predicate = true> <Delay = 0.00>
ST_43 : Operation 315 [1/2] (0.54ns)   --->   "%gates_load_2 = load i2 %gates_addr_2" [src/moe.cpp:162]   --->   Operation 315 'load' 'gates_load_2' <Predicate = true> <Delay = 0.54> <CoreInst = "RAM">   --->   Core 83 'RAM' <Latency = 1> <II = 1> <Delay = 0.54> <Storage> <Opcode : 'load' 'store'> <Ports = 2> <Width = 32> <Depth = 4> <RAM>
ST_43 : Operation 316 [1/1] (0.00ns)   --->   "%bitcast_ln162_2 = bitcast i32 %gates_load_2" [src/moe.cpp:162]   --->   Operation 316 'bitcast' 'bitcast_ln162_2' <Predicate = true> <Delay = 0.00>
ST_43 : Operation 317 [1/2] (0.54ns)   --->   "%gates_load_3 = load i2 %gates_addr_3" [src/moe.cpp:162]   --->   Operation 317 'load' 'gates_load_3' <Predicate = true> <Delay = 0.54> <CoreInst = "RAM">   --->   Core 83 'RAM' <Latency = 1> <II = 1> <Delay = 0.54> <Storage> <Opcode : 'load' 'store'> <Ports = 2> <Width = 32> <Depth = 4> <RAM>
ST_43 : Operation 318 [1/1] (0.00ns)   --->   "%bitcast_ln162_3 = bitcast i32 %gates_load_3" [src/moe.cpp:162]   --->   Operation 318 'bitcast' 'bitcast_ln162_3' <Predicate = true> <Delay = 0.00>
ST_43 : Operation 319 [2/2] (0.00ns)   --->   "%call_ln162 = call void @graph_moe_Pipeline_VITIS_LOOP_157_15, i32 %expert_output, i32 %bitcast_ln162, i32 %bitcast_ln162_1, i32 %bitcast_ln162_2, i32 %bitcast_ln162_3, i32 %output_r" [src/moe.cpp:162]   --->   Operation 319 'call' 'call_ln162' <Predicate = true> <Delay = 0.00> <CoreType = "Generic">   --->   Core 0 '' <Latency = 0> <II = 1> <Delay = 1.00> <Generic> <Opcode : >

State 44 <SV = 10> <Delay = 0.00>
ST_44 : Operation 320 [1/2] (0.00ns)   --->   "%call_ln162 = call void @graph_moe_Pipeline_VITIS_LOOP_157_15, i32 %expert_output, i32 %bitcast_ln162, i32 %bitcast_ln162_1, i32 %bitcast_ln162_2, i32 %bitcast_ln162_3, i32 %output_r" [src/moe.cpp:162]   --->   Operation 320 'call' 'call_ln162' <Predicate = true> <Delay = 0.00> <CoreType = "Generic">   --->   Core 0 '' <Latency = 0> <II = 1> <Delay = 1.00> <Generic> <Opcode : >
ST_44 : Operation 321 [1/1] (0.00ns)   --->   "%ret_ln167 = ret" [src/moe.cpp:167]   --->   Operation 321 'ret' 'ret_ln167' <Predicate = true> <Delay = 0.00>


============================================================
+ Verbose Summary: Timing violations
============================================================
Target clock period: 10.000ns, clock uncertainty: 2.700ns.

 <State 1>: 0.362ns
The critical path consists of the following:
	'alloca' operation 3 bit ('e', src/moe.cpp:53) [14]  (0.000 ns)
	'store' operation 0 bit ('store_ln53', src/moe.cpp:53) of constant 0 on local variable 'e', src/moe.cpp:53 [66]  (0.362 ns)

 <State 2>: 0.886ns
The critical path consists of the following:
	'load' operation 3 bit ('e', src/moe.cpp:53) on local variable 'e', src/moe.cpp:53 [69]  (0.000 ns)
	'icmp' operation 1 bit ('icmp_ln53', src/moe.cpp:53) [71]  (0.524 ns)
	'call' operation 0 bit ('call_ln0') to 'graph_moe_Pipeline_VITIS_LOOP_67_3' [116]  (0.362 ns)

 <State 3>: 2.226ns
The critical path consists of the following:
	'load' operation 32 bit ('gate_bias_load', src/moe.cpp:54) on array 'gate_bias' [80]  (0.542 ns)
	'call' operation 0 bit ('call_ln54', src/moe.cpp:54) to 'graph_moe_Pipeline_VITIS_LOOP_56_2' [82]  (1.684 ns)

 <State 4>: 0.000ns
The critical path consists of the following:

 <State 5>: 0.661ns
The critical path consists of the following:
	'store' operation 0 bit ('store_ln0') of variable 'logits_0_loc_load' on local variable 'logits_2_03' [86]  (0.000 ns)
	blocking operation 0.661 ns on control path)

 <State 6>: 0.000ns
The critical path consists of the following:

 <State 7>: 6.467ns
The critical path consists of the following:
	'load' operation 32 bit ('logits_0_01_load') on local variable 'logits_0_01' [112]  (0.000 ns)
	'call' operation 0 bit ('call_ln0') to 'graph_moe_Pipeline_VITIS_LOOP_75_4' [118]  (6.467 ns)

 <State 8>: 0.000ns
The critical path consists of the following:

 <State 9>: 6.688ns
The critical path consists of the following:
	'load' operation 32 bit ('exp_logits_3_08_loc_load') on local variable 'exp_logits_3_08_loc' [119]  (0.000 ns)
	'call' operation 0 bit ('call_ln0') to 'graph_moe_Pipeline_VITIS_LOOP_80_5' [124]  (6.688 ns)

 <State 10>: 0.000ns
The critical path consists of the following:

 <State 11>: 1.222ns
The critical path consists of the following:
	'load' operation 3 bit ('obj_1_load', src/moe.cpp:98) on local variable 'obj', src/moe.cpp:98 [135]  (0.000 ns)
	'icmp' operation 1 bit ('icmp_ln98', src/moe.cpp:98) [140]  (0.524 ns)
	'select' operation 3 bit ('select_ln96_1', src/moe.cpp:96) [142]  (0.255 ns)
	'add' operation 5 bit ('add_ln110', src/moe.cpp:110) [145]  (0.000 ns)
	'add' operation 5 bit ('add_ln110_1', src/moe.cpp:110) [147]  (0.443 ns)

 <State 12>: 1.693ns
The critical path consists of the following:
	'phi' operation 6 bit ('i', src/moe.cpp:105) with incoming values : ('add_ln105', src/moe.cpp:105) [156]  (0.000 ns)
	'add' operation 10 bit ('add_ln110_2', src/moe.cpp:110) [163]  (0.668 ns)
	'getelementptr' operation 10 bit ('b1_addr', src/moe.cpp:106) [166]  (0.000 ns)
	'load' operation 32 bit ('b1_load', src/moe.cpp:106) on array 'b1' [169]  (1.025 ns)

 <State 13>: 2.773ns
The critical path consists of the following:
	'load' operation 32 bit ('b1_load', src/moe.cpp:106) on array 'b1' [169]  (1.025 ns)
	'call' operation 0 bit ('call_ln106', src/moe.cpp:106) to 'graph_moe_Pipeline_VITIS_LOOP_108_9' [171]  (1.748 ns)

 <State 14>: 0.000ns
The critical path consists of the following:

 <State 15>: 6.282ns
The critical path consists of the following:
	'load' operation 32 bit ('sum_9_loc_load') on local variable 'sum_9_loc' [172]  (0.000 ns)
	'fexp' operation 32 bit ('tmp_1', src/moe.cpp:7->src/moe.cpp:113) [181]  (6.282 ns)

 <State 16>: 6.282ns
The critical path consists of the following:
	'fexp' operation 32 bit ('tmp_1', src/moe.cpp:7->src/moe.cpp:113) [181]  (6.282 ns)

 <State 17>: 6.282ns
The critical path consists of the following:
	'fexp' operation 32 bit ('tmp_1', src/moe.cpp:7->src/moe.cpp:113) [181]  (6.282 ns)

 <State 18>: 6.282ns
The critical path consists of the following:
	'fexp' operation 32 bit ('tmp_1', src/moe.cpp:7->src/moe.cpp:113) [181]  (6.282 ns)

 <State 19>: 6.815ns
The critical path consists of the following:
	'fcmp' operation 1 bit ('tmp_9', src/moe.cpp:7->src/moe.cpp:113) [179]  (6.815 ns)

 <State 20>: 7.285ns
The critical path consists of the following:
	'fadd' operation 32 bit ('sub_i', src/moe.cpp:7->src/moe.cpp:113) [182]  (6.047 ns)
	'select' operation 32 bit ('select_ln7', src/moe.cpp:7->src/moe.cpp:113) [183]  (0.213 ns)
	'store' operation 0 bit ('store_ln113', src/moe.cpp:113) of variable 'select_ln7', src/moe.cpp:7->src/moe.cpp:113 on array 'l1', src/moe.cpp:100 [185]  (1.025 ns)

 <State 21>: 1.684ns
The critical path consists of the following:
	'phi' operation 5 bit ('i', src/moe.cpp:117) with incoming values : ('add_ln117', src/moe.cpp:117) [190]  (0.000 ns)
	'add' operation 9 bit ('add_ln122', src/moe.cpp:122) [197]  (0.659 ns)
	'getelementptr' operation 9 bit ('b2_addr', src/moe.cpp:118) [200]  (0.000 ns)
	'load' operation 32 bit ('b2_load', src/moe.cpp:118) on array 'b2' [203]  (1.025 ns)

 <State 22>: 2.751ns
The critical path consists of the following:
	'load' operation 32 bit ('b2_load', src/moe.cpp:118) on array 'b2' [203]  (1.025 ns)
	'call' operation 0 bit ('call_ln118', src/moe.cpp:118) to 'graph_moe_Pipeline_VITIS_LOOP_120_11' [205]  (1.726 ns)

 <State 23>: 0.000ns
The critical path consists of the following:

 <State 24>: 6.282ns
The critical path consists of the following:
	'load' operation 32 bit ('sum_12_loc_load') on local variable 'sum_12_loc' [206]  (0.000 ns)
	'fexp' operation 32 bit ('tmp_2', src/moe.cpp:7->src/moe.cpp:125) [215]  (6.282 ns)

 <State 25>: 6.282ns
The critical path consists of the following:
	'fexp' operation 32 bit ('tmp_2', src/moe.cpp:7->src/moe.cpp:125) [215]  (6.282 ns)

 <State 26>: 6.282ns
The critical path consists of the following:
	'fexp' operation 32 bit ('tmp_2', src/moe.cpp:7->src/moe.cpp:125) [215]  (6.282 ns)

 <State 27>: 6.282ns
The critical path consists of the following:
	'fexp' operation 32 bit ('tmp_2', src/moe.cpp:7->src/moe.cpp:125) [215]  (6.282 ns)

 <State 28>: 6.815ns
The critical path consists of the following:
	'fcmp' operation 1 bit ('tmp_10', src/moe.cpp:7->src/moe.cpp:125) [213]  (6.815 ns)

 <State 29>: 6.802ns
The critical path consists of the following:
	'fadd' operation 32 bit ('sub_i1', src/moe.cpp:7->src/moe.cpp:125) [216]  (6.047 ns)
	'select' operation 32 bit ('select_ln7_1', src/moe.cpp:7->src/moe.cpp:125) [217]  (0.213 ns)
	'store' operation 0 bit ('store_ln125', src/moe.cpp:125) of variable 'select_ln7_1', src/moe.cpp:7->src/moe.cpp:125 on array 'l2', src/moe.cpp:101 [219]  (0.542 ns)

 <State 30>: 1.676ns
The critical path consists of the following:
	'phi' operation 4 bit ('i', src/moe.cpp:129) with incoming values : ('add_ln129', src/moe.cpp:129) [224]  (0.000 ns)
	'add' operation 8 bit ('add_ln134', src/moe.cpp:134) [231]  (0.651 ns)
	'getelementptr' operation 8 bit ('b3_addr', src/moe.cpp:130) [234]  (0.000 ns)
	'load' operation 32 bit ('b3_load', src/moe.cpp:130) on array 'b3' [237]  (1.025 ns)

 <State 31>: 2.734ns
The critical path consists of the following:
	'load' operation 32 bit ('b3_load', src/moe.cpp:130) on array 'b3' [237]  (1.025 ns)
	'call' operation 0 bit ('call_ln130', src/moe.cpp:130) to 'graph_moe_Pipeline_VITIS_LOOP_132_13' [239]  (1.709 ns)

 <State 32>: 0.000ns
The critical path consists of the following:

 <State 33>: 6.282ns
The critical path consists of the following:
	'load' operation 32 bit ('sum_14_loc_load') on local variable 'sum_14_loc' [240]  (0.000 ns)
	'fexp' operation 32 bit ('tmp_3', src/moe.cpp:7->src/moe.cpp:137) [249]  (6.282 ns)

 <State 34>: 6.282ns
The critical path consists of the following:
	'fexp' operation 32 bit ('tmp_3', src/moe.cpp:7->src/moe.cpp:137) [249]  (6.282 ns)

 <State 35>: 6.282ns
The critical path consists of the following:
	'fexp' operation 32 bit ('tmp_3', src/moe.cpp:7->src/moe.cpp:137) [249]  (6.282 ns)

 <State 36>: 6.282ns
The critical path consists of the following:
	'fexp' operation 32 bit ('tmp_3', src/moe.cpp:7->src/moe.cpp:137) [249]  (6.282 ns)

 <State 37>: 6.815ns
The critical path consists of the following:
	'fcmp' operation 1 bit ('tmp_12', src/moe.cpp:7->src/moe.cpp:137) [247]  (6.815 ns)

 <State 38>: 6.802ns
The critical path consists of the following:
	'fadd' operation 32 bit ('sub_i2', src/moe.cpp:7->src/moe.cpp:137) [250]  (6.047 ns)
	'select' operation 32 bit ('select_ln7_2', src/moe.cpp:7->src/moe.cpp:137) [251]  (0.213 ns)
	'store' operation 0 bit ('store_ln137', src/moe.cpp:137) of variable 'select_ln7_2', src/moe.cpp:7->src/moe.cpp:137 on array 'l3', src/moe.cpp:102 [253]  (0.542 ns)

 <State 39>: 2.218ns
The critical path consists of the following:
	'load' operation 32 bit ('b4_load', src/moe.cpp:141) on array 'b4' [256]  (0.542 ns)
	'call' operation 0 bit ('call_ln141', src/moe.cpp:141) to 'graph_moe_Pipeline_VITIS_LOOP_143_14' [258]  (1.676 ns)

 <State 40>: 0.000ns
The critical path consists of the following:

 <State 41>: 0.542ns
The critical path consists of the following:
	'load' operation 32 bit ('result_1_loc_load') on local variable 'result_1_loc' [259]  (0.000 ns)
	'store' operation 0 bit ('store_ln149', src/moe.cpp:149) of variable 'result_1_loc_load' on array 'expert_output', src/moe.cpp:94 [260]  (0.542 ns)

 <State 42>: 0.542ns
The critical path consists of the following:
	'load' operation 32 bit ('gates_load', src/moe.cpp:162) on array 'gates' [268]  (0.542 ns)

 <State 43>: 0.542ns
The critical path consists of the following:
	'load' operation 32 bit ('gates_load_2', src/moe.cpp:162) on array 'gates' [274]  (0.542 ns)

 <State 44>: 0.000ns
The critical path consists of the following:


============================================================
+ Verbose Summary: Binding
============================================================
N/A
* FSMD analyzer results:
  - Output states:
 - Input state : 
  - Chain level:
	State 1
	State 2
	State 3
	State 4
	State 5
	State 6
	State 7
	State 8
	State 9
	State 10
	State 11
	State 12
	State 13
	State 14
	State 15
	State 16
	State 17
	State 18
	State 19
	State 20
	State 21
	State 22
	State 23
	State 24
	State 25
	State 26
	State 27
	State 28
	State 29
	State 30
	State 31
	State 32
	State 33
	State 34
	State 35
	State 36
	State 37
	State 38
	State 39
	State 40
	State 41
	State 42
	State 43
	State 44


============================================================
+ Verbose Summary: Datapath Resource usage 
============================================================
N/A
