

================================================================
== Vitis HLS Report for 'graph_moe_Pipeline_VITIS_LOOP_157_15'
================================================================
* Date:           Sat Sep 12 14:08:54 2026

* Version:        2023.2 (Build 4023990 on Oct 11 2023)
* Project:        HLS_GraphMoE_Run2
* Solution:       solution1 (Vivado IP Flow Target)
* Product family: virtexuplus
* Target device:  xcvu13p_CIV-figd2104-3-e


================================================================
== Performance Estimates
================================================================
+ Timing: 
    * Summary: 
    +--------+----------+----------+------------+
    |  Clock |  Target  | Estimated| Uncertainty|
    +--------+----------+----------+------------+
    |ap_clk  |  10.00 ns|  6.589 ns|     2.70 ns|
    +--------+----------+----------+------------+

+ Latency: 
    * Summary: 
    +---------+---------+----------+----------+-----+-----+---------+
    |  Latency (cycles) |  Latency (absolute) |  Interval | Pipeline|
    |   min   |   max   |    min   |    max   | min | max |   Type  |
    +---------+---------+----------+----------+-----+-----+---------+
    |       16|       16|  0.160 us|  0.160 us|   16|   16|       no|
    +---------+---------+----------+----------+-----+-----+---------+

    + Detail: 
        * Instance: 
        N/A

        * Loop: 
        +---------------------+---------+---------+----------+-----------+-----------+------+----------+
        |                     |  Latency (cycles) | Iteration|  Initiation Interval  | Trip |          |
        |      Loop Name      |   min   |   max   |  Latency |  achieved |   target  | Count| Pipelined|
        +---------------------+---------+---------+----------+-----------+-----------+------+----------+
        |- VITIS_LOOP_157_15  |       14|       14|        11|          1|          1|     5|       yes|
        +---------------------+---------+---------+----------+-----------+-----------+------+----------+



================================================================
== Utilization Estimates
================================================================
* Summary: 
+---------------------+---------+-------+---------+---------+------+
|         Name        | BRAM_18K|  DSP  |    FF   |   LUT   | URAM |
+---------------------+---------+-------+---------+---------+------+
|DSP                  |        -|      -|        -|        -|     -|
|Expression           |        -|      -|        0|       58|     -|
|FIFO                 |        -|      -|        -|        -|     -|
|Instance             |        -|     13|      738|      700|     -|
|Memory               |        -|      -|        -|        -|     -|
|Multiplexer          |        -|      -|        -|       36|     -|
|Register             |        -|      -|      507|      128|     -|
+---------------------+---------+-------+---------+---------+------+
|Total                |        0|     13|     1245|      922|     0|
+---------------------+---------+-------+---------+---------+------+
|Available SLR        |     1344|   3072|   864000|   432000|   320|
+---------------------+---------+-------+---------+---------+------+
|Utilization SLR (%)  |        0|     ~0|       ~0|       ~0|     0|
+---------------------+---------+-------+---------+---------+------+
|Available            |     5376|  12288|  3456000|  1728000|  1280|
+---------------------+---------+-------+---------+---------+------+
|Utilization (%)      |        0|     ~0|       ~0|       ~0|     0|
+---------------------+---------+-------+---------+---------+------+

+ Detail: 
    * Instance: 
    +------------------------------------+--------------------------------+---------+----+-----+-----+-----+
    |              Instance              |             Module             | BRAM_18K| DSP|  FF | LUT | URAM|
    +------------------------------------+--------------------------------+---------+----+-----+-----+-----+
    |fadd_32ns_32ns_32_2_full_dsp_1_U69  |fadd_32ns_32ns_32_2_full_dsp_1  |        0|   2|  177|  233|    0|
    |fadd_32ns_32ns_32_2_full_dsp_1_U70  |fadd_32ns_32ns_32_2_full_dsp_1  |        0|   2|  177|  233|    0|
    |fmul_32ns_32ns_32_2_max_dsp_1_U72   |fmul_32ns_32ns_32_2_max_dsp_1   |        0|   3|  128|   78|    0|
    |fmul_32ns_32ns_32_2_max_dsp_1_U73   |fmul_32ns_32ns_32_2_max_dsp_1   |        0|   3|  128|   78|    0|
    |fmul_32ns_32ns_32_2_max_dsp_1_U74   |fmul_32ns_32ns_32_2_max_dsp_1   |        0|   3|  128|   78|    0|
    +------------------------------------+--------------------------------+---------+----+-----+-----+-----+
    |Total                               |                                |        0|  13|  738|  700|    0|
    +------------------------------------+--------------------------------+---------+----+-----+-----+-----+

    * DSP: 
    N/A

    * Memory: 
    N/A

    * FIFO: 
    N/A

    * Expression: 
    +-----------------------+----------+----+---+----+------------+------------+
    |     Variable Name     | Operation| DSP| FF| LUT| Bitwidth P0| Bitwidth P1|
    +-----------------------+----------+----+---+----+------------+------------+
    |add_ln157_fu_193_p2    |         +|   0|  0|  10|           3|           1|
    |add_ln162_1_fu_223_p2  |         +|   0|  0|  12|           4|           4|
    |add_ln162_2_fu_234_p2  |         +|   0|  0|  12|           5|           4|
    |add_ln162_fu_212_p2    |         +|   0|  0|  12|           4|           3|
    |icmp_ln157_fu_187_p2   |      icmp|   0|  0|  10|           3|           3|
    |ap_enable_pp0          |       xor|   0|  0|   2|           1|           2|
    +-----------------------+----------+----+---+----+------------+------------+
    |Total                  |          |   0|  0|  58|          20|          17|
    +-----------------------+----------+----+---+----+------------+------------+

    * Multiplexer: 
    +-------------------------+----+-----------+-----+-----------+
    |           Name          | LUT| Input Size| Bits| Total Bits|
    +-------------------------+----+-----------+-----+-----------+
    |ap_done_int              |   9|          2|    1|          2|
    |ap_enable_reg_pp0_iter1  |   9|          2|    1|          2|
    |ap_sig_allocacmp_obj_1   |   9|          2|    3|          6|
    |obj_fu_52                |   9|          2|    3|          6|
    +-------------------------+----+-----------+-----+-----------+
    |Total                    |  36|          8|    8|         16|
    +-------------------------+----+-----------+-----+-----------+

    * Register: 
    +----------------------------------+----+----+-----+-----------+
    |               Name               | FF | LUT| Bits| Const Bits|
    +----------------------------------+----+----+-----+-----------+
    |ap_CS_fsm                         |   1|   0|    1|          0|
    |ap_done_reg                       |   1|   0|    1|          0|
    |ap_enable_reg_pp0_iter1           |   1|   0|    1|          0|
    |ap_enable_reg_pp0_iter10          |   1|   0|    1|          0|
    |ap_enable_reg_pp0_iter2           |   1|   0|    1|          0|
    |ap_enable_reg_pp0_iter3           |   1|   0|    1|          0|
    |ap_enable_reg_pp0_iter4           |   1|   0|    1|          0|
    |ap_enable_reg_pp0_iter5           |   1|   0|    1|          0|
    |ap_enable_reg_pp0_iter6           |   1|   0|    1|          0|
    |ap_enable_reg_pp0_iter7           |   1|   0|    1|          0|
    |ap_enable_reg_pp0_iter8           |   1|   0|    1|          0|
    |ap_enable_reg_pp0_iter9           |   1|   0|    1|          0|
    |ap_loop_exit_ready_pp0_iter1_reg  |   1|   0|    1|          0|
    |ap_loop_exit_ready_pp0_iter2_reg  |   1|   0|    1|          0|
    |ap_loop_exit_ready_pp0_iter3_reg  |   1|   0|    1|          0|
    |ap_loop_exit_ready_pp0_iter4_reg  |   1|   0|    1|          0|
    |ap_loop_exit_ready_pp0_iter5_reg  |   1|   0|    1|          0|
    |ap_loop_exit_ready_pp0_iter6_reg  |   1|   0|    1|          0|
    |ap_loop_exit_ready_pp0_iter7_reg  |   1|   0|    1|          0|
    |ap_loop_exit_ready_pp0_iter8_reg  |   1|   0|    1|          0|
    |ap_loop_exit_ready_pp0_iter9_reg  |   1|   0|    1|          0|
    |mul1_reg_331                      |  32|   0|   32|          0|
    |mul229_1_reg_336                  |  32|   0|   32|          0|
    |mul229_2_reg_341                  |  32|   0|   32|          0|
    |mul229_3_reg_346                  |  32|   0|   32|          0|
    |obj_fu_52                         |   3|   0|    3|          0|
    |sum_3_reg_356                     |  32|   0|   32|          0|
    |sum_4_reg_361                     |  32|   0|   32|          0|
    |sum_reg_351                       |  32|   0|   32|          0|
    |zext_ln157_reg_286                |   3|   0|   64|         61|
    |mul229_1_reg_336                  |  64|  32|   32|          0|
    |mul229_2_reg_341                  |  64|  32|   32|          0|
    |mul229_3_reg_346                  |  64|  32|   32|          0|
    |zext_ln157_reg_286                |  64|  32|   64|         61|
    +----------------------------------+----+----+-----+-----------+
    |Total                             | 507| 128|  472|        122|
    +----------------------------------+----+----+-----+-----------+



================================================================
== Interface
================================================================
* Summary: 
+------------------------+-----+-----+------------+--------------------------------------+--------------+
|        RTL Ports       | Dir | Bits|  Protocol  |             Source Object            |    C Type    |
+------------------------+-----+-----+------------+--------------------------------------+--------------+
|ap_clk                  |   in|    1|  ap_ctrl_hs|  graph_moe_Pipeline_VITIS_LOOP_157_15|  return value|
|ap_rst                  |   in|    1|  ap_ctrl_hs|  graph_moe_Pipeline_VITIS_LOOP_157_15|  return value|
|ap_start                |   in|    1|  ap_ctrl_hs|  graph_moe_Pipeline_VITIS_LOOP_157_15|  return value|
|ap_done                 |  out|    1|  ap_ctrl_hs|  graph_moe_Pipeline_VITIS_LOOP_157_15|  return value|
|ap_idle                 |  out|    1|  ap_ctrl_hs|  graph_moe_Pipeline_VITIS_LOOP_157_15|  return value|
|ap_ready                |  out|    1|  ap_ctrl_hs|  graph_moe_Pipeline_VITIS_LOOP_157_15|  return value|
|grp_fu_563_p_din0       |  out|   32|  ap_ctrl_hs|  graph_moe_Pipeline_VITIS_LOOP_157_15|  return value|
|grp_fu_563_p_din1       |  out|   32|  ap_ctrl_hs|  graph_moe_Pipeline_VITIS_LOOP_157_15|  return value|
|grp_fu_563_p_opcode     |  out|    1|  ap_ctrl_hs|  graph_moe_Pipeline_VITIS_LOOP_157_15|  return value|
|grp_fu_563_p_dout0      |   in|   32|  ap_ctrl_hs|  graph_moe_Pipeline_VITIS_LOOP_157_15|  return value|
|grp_fu_563_p_ce         |  out|    1|  ap_ctrl_hs|  graph_moe_Pipeline_VITIS_LOOP_157_15|  return value|
|grp_fu_1614_p_din0      |  out|   32|  ap_ctrl_hs|  graph_moe_Pipeline_VITIS_LOOP_157_15|  return value|
|grp_fu_1614_p_din1      |  out|   32|  ap_ctrl_hs|  graph_moe_Pipeline_VITIS_LOOP_157_15|  return value|
|grp_fu_1614_p_opcode    |  out|    2|  ap_ctrl_hs|  graph_moe_Pipeline_VITIS_LOOP_157_15|  return value|
|grp_fu_1614_p_dout0     |   in|   32|  ap_ctrl_hs|  graph_moe_Pipeline_VITIS_LOOP_157_15|  return value|
|grp_fu_1614_p_ce        |  out|    1|  ap_ctrl_hs|  graph_moe_Pipeline_VITIS_LOOP_157_15|  return value|
|grp_fu_1610_p_din0      |  out|   32|  ap_ctrl_hs|  graph_moe_Pipeline_VITIS_LOOP_157_15|  return value|
|grp_fu_1610_p_din1      |  out|   32|  ap_ctrl_hs|  graph_moe_Pipeline_VITIS_LOOP_157_15|  return value|
|grp_fu_1610_p_dout0     |   in|   32|  ap_ctrl_hs|  graph_moe_Pipeline_VITIS_LOOP_157_15|  return value|
|grp_fu_1610_p_ce        |  out|    1|  ap_ctrl_hs|  graph_moe_Pipeline_VITIS_LOOP_157_15|  return value|
|expert_output_address0  |  out|    5|   ap_memory|                         expert_output|         array|
|expert_output_ce0       |  out|    1|   ap_memory|                         expert_output|         array|
|expert_output_q0        |   in|   32|   ap_memory|                         expert_output|         array|
|expert_output_address1  |  out|    5|   ap_memory|                         expert_output|         array|
|expert_output_ce1       |  out|    1|   ap_memory|                         expert_output|         array|
|expert_output_q1        |   in|   32|   ap_memory|                         expert_output|         array|
|expert_output_address2  |  out|    5|   ap_memory|                         expert_output|         array|
|expert_output_ce2       |  out|    1|   ap_memory|                         expert_output|         array|
|expert_output_q2        |   in|   32|   ap_memory|                         expert_output|         array|
|expert_output_address3  |  out|    5|   ap_memory|                         expert_output|         array|
|expert_output_ce3       |  out|    1|   ap_memory|                         expert_output|         array|
|expert_output_q3        |   in|   32|   ap_memory|                         expert_output|         array|
|bitcast_ln162           |   in|   32|     ap_none|                         bitcast_ln162|        scalar|
|bitcast_ln162_1         |   in|   32|     ap_none|                       bitcast_ln162_1|        scalar|
|bitcast_ln162_2         |   in|   32|     ap_none|                       bitcast_ln162_2|        scalar|
|bitcast_ln162_3         |   in|   32|     ap_none|                       bitcast_ln162_3|        scalar|
|output_r_address0       |  out|    3|   ap_memory|                              output_r|         array|
|output_r_ce0            |  out|    1|   ap_memory|                              output_r|         array|
|output_r_we0            |  out|    1|   ap_memory|                              output_r|         array|
|output_r_d0             |  out|   32|   ap_memory|                              output_r|         array|
+------------------------+-----+-----+------------+--------------------------------------+--------------+

============================================================
+ Verbose Summary: Synthesis Manager
============================================================
InlineROM: 1
ExposeGlobal: 0
============================================================
+ Verbose Summary: CDFG Model
============================================================
IsTopModel: 0
ResetActiveHigh: 1
IsCombinational: 2
IsDatapathOnly: 2
HasWiredReturn: 1
HasMFsm: 2
HasVarLatency: 1
IsPipeline: 0
IsRtlPipelined: 0
IsInstanceOverlapped: 0
IsDontTouch: 0
HasImplIP: 0
IsGatedGlobalClock: 0

+ Individual pipeline summary: 
  * Pipeline-0: initiation interval (II) = 1, depth = 11


============================================================
+ Verbose Summary: Schedule
============================================================
* Number of FSM states : 11
* Pipeline : 1
  Pipeline-0 : II = 1, D = 11, States = { 1 2 3 4 5 6 7 8 9 10 11 }
* Dataflow Pipeline: 0

* FSM state transitions: 
1 --> 2 
2 --> 3 
3 --> 4 
4 --> 5 
5 --> 6 
6 --> 7 
7 --> 8 
8 --> 9 
9 --> 10 
10 --> 11 
11 --> 

* FSM state operations: 

State 1 <SV = 0> <Delay = 1.55>
ST_1 : Operation 14 [1/1] (0.00ns)   --->   "%obj = alloca i32 1" [src/moe.cpp:157]   --->   Operation 14 'alloca' 'obj' <Predicate = true> <Delay = 0.00>
ST_1 : Operation 15 [1/1] (0.00ns)   --->   "%specinterface_ln0 = specinterface void @_ssdm_op_SpecInterface, i32 %output_r, void @empty_13, i32 0, i32 0, void @empty_0, i32 4294967295, i32 0, void @empty_0, void @empty_0, void @empty_0, i32 0, i32 0, i32 0, i32 0, void @empty_0, void @empty_0, i32 4294967295, i32 0"   --->   Operation 15 'specinterface' 'specinterface_ln0' <Predicate = true> <Delay = 0.00>
ST_1 : Operation 16 [1/1] (0.00ns)   --->   "%bitcast_ln162_3_read = read i32 @_ssdm_op_Read.ap_auto.float, i32 %bitcast_ln162_3"   --->   Operation 16 'read' 'bitcast_ln162_3_read' <Predicate = true> <Delay = 0.00>
ST_1 : Operation 17 [1/1] (0.00ns)   --->   "%bitcast_ln162_2_read = read i32 @_ssdm_op_Read.ap_auto.float, i32 %bitcast_ln162_2"   --->   Operation 17 'read' 'bitcast_ln162_2_read' <Predicate = true> <Delay = 0.00>
ST_1 : Operation 18 [1/1] (0.00ns)   --->   "%bitcast_ln162_1_read = read i32 @_ssdm_op_Read.ap_auto.float, i32 %bitcast_ln162_1"   --->   Operation 18 'read' 'bitcast_ln162_1_read' <Predicate = true> <Delay = 0.00>
ST_1 : Operation 19 [1/1] (0.00ns)   --->   "%bitcast_ln162_read = read i32 @_ssdm_op_Read.ap_auto.float, i32 %bitcast_ln162"   --->   Operation 19 'read' 'bitcast_ln162_read' <Predicate = true> <Delay = 0.00>
ST_1 : Operation 20 [1/1] (0.36ns)   --->   "%store_ln157 = store i3 0, i3 %obj" [src/moe.cpp:157]   --->   Operation 20 'store' 'store_ln157' <Predicate = true> <Delay = 0.36>
ST_1 : Operation 21 [1/1] (0.00ns)   --->   "%br_ln0 = br void %VITIS_LOOP_161_16"   --->   Operation 21 'br' 'br_ln0' <Predicate = true> <Delay = 0.00>
ST_1 : Operation 22 [1/1] (0.00ns)   --->   "%obj_1 = load i3 %obj" [src/moe.cpp:157]   --->   Operation 22 'load' 'obj_1' <Predicate = true> <Delay = 0.00>
ST_1 : Operation 23 [1/1] (0.52ns)   --->   "%icmp_ln157 = icmp_eq  i3 %obj_1, i3 5" [src/moe.cpp:157]   --->   Operation 23 'icmp' 'icmp_ln157' <Predicate = true> <Delay = 0.52> <CoreInst = "Cmp">   --->   Core 9 'Cmp' <Latency = 0> <II = 1> <Delay = 0.52> <FuncUnit> <Opcode : 'icmp'> <InPorts = 2> <OutPorts = 1>
ST_1 : Operation 24 [1/1] (0.52ns)   --->   "%add_ln157 = add i3 %obj_1, i3 1" [src/moe.cpp:157]   --->   Operation 24 'add' 'add_ln157' <Predicate = true> <Delay = 0.52> <CoreInst = "Adder">   --->   Core 1 'Adder' <Latency = 0> <II = 1> <Delay = 0.52> <FuncUnit> <Opcode : 'add' 'sub'> <InPorts = 2> <OutPorts = 1>
ST_1 : Operation 25 [1/1] (0.00ns)   --->   "%br_ln157 = br i1 %icmp_ln157, void %VITIS_LOOP_161_16.split, void %for.end238.exitStub" [src/moe.cpp:157]   --->   Operation 25 'br' 'br_ln157' <Predicate = true> <Delay = 0.00>
ST_1 : Operation 26 [1/1] (0.00ns)   --->   "%zext_ln157 = zext i3 %obj_1" [src/moe.cpp:157]   --->   Operation 26 'zext' 'zext_ln157' <Predicate = (!icmp_ln157)> <Delay = 0.00>
ST_1 : Operation 27 [1/1] (0.00ns)   --->   "%zext_ln162 = zext i3 %obj_1" [src/moe.cpp:162]   --->   Operation 27 'zext' 'zext_ln162' <Predicate = (!icmp_ln157)> <Delay = 0.00>
ST_1 : Operation 28 [1/1] (0.00ns)   --->   "%zext_ln162_1 = zext i3 %obj_1" [src/moe.cpp:162]   --->   Operation 28 'zext' 'zext_ln162_1' <Predicate = (!icmp_ln157)> <Delay = 0.00>
ST_1 : Operation 29 [1/1] (0.00ns)   --->   "%expert_output_addr = getelementptr i32 %expert_output, i64 0, i64 %zext_ln157" [src/moe.cpp:162]   --->   Operation 29 'getelementptr' 'expert_output_addr' <Predicate = (!icmp_ln157)> <Delay = 0.00>
ST_1 : Operation 30 [1/1] (0.64ns)   --->   "%add_ln162 = add i4 %zext_ln162_1, i4 5" [src/moe.cpp:162]   --->   Operation 30 'add' 'add_ln162' <Predicate = (!icmp_ln157)> <Delay = 0.64> <CoreInst = "Adder">   --->   Core 1 'Adder' <Latency = 0> <II = 1> <Delay = 0.64> <FuncUnit> <Opcode : 'add' 'sub'> <InPorts = 2> <OutPorts = 1>
ST_1 : Operation 31 [1/1] (0.00ns)   --->   "%zext_ln162_2 = zext i4 %add_ln162" [src/moe.cpp:162]   --->   Operation 31 'zext' 'zext_ln162_2' <Predicate = (!icmp_ln157)> <Delay = 0.00>
ST_1 : Operation 32 [1/1] (0.00ns)   --->   "%expert_output_addr_1 = getelementptr i32 %expert_output, i64 0, i64 %zext_ln162_2" [src/moe.cpp:162]   --->   Operation 32 'getelementptr' 'expert_output_addr_1' <Predicate = (!icmp_ln157)> <Delay = 0.00>
ST_1 : Operation 33 [1/1] (0.64ns)   --->   "%add_ln162_1 = add i4 %zext_ln162_1, i4 10" [src/moe.cpp:162]   --->   Operation 33 'add' 'add_ln162_1' <Predicate = (!icmp_ln157)> <Delay = 0.64> <CoreInst = "Adder">   --->   Core 1 'Adder' <Latency = 0> <II = 1> <Delay = 0.64> <FuncUnit> <Opcode : 'add' 'sub'> <InPorts = 2> <OutPorts = 1>
ST_1 : Operation 34 [1/1] (0.00ns)   --->   "%zext_ln162_3 = zext i4 %add_ln162_1" [src/moe.cpp:162]   --->   Operation 34 'zext' 'zext_ln162_3' <Predicate = (!icmp_ln157)> <Delay = 0.00>
ST_1 : Operation 35 [1/1] (0.00ns)   --->   "%expert_output_addr_2 = getelementptr i32 %expert_output, i64 0, i64 %zext_ln162_3" [src/moe.cpp:162]   --->   Operation 35 'getelementptr' 'expert_output_addr_2' <Predicate = (!icmp_ln157)> <Delay = 0.00>
ST_1 : Operation 36 [1/1] (0.64ns)   --->   "%add_ln162_2 = add i5 %zext_ln162, i5 15" [src/moe.cpp:162]   --->   Operation 36 'add' 'add_ln162_2' <Predicate = (!icmp_ln157)> <Delay = 0.64> <CoreInst = "Adder">   --->   Core 1 'Adder' <Latency = 0> <II = 1> <Delay = 0.64> <FuncUnit> <Opcode : 'add' 'sub'> <InPorts = 2> <OutPorts = 1>
ST_1 : Operation 37 [1/1] (0.00ns)   --->   "%zext_ln162_4 = zext i5 %add_ln162_2" [src/moe.cpp:162]   --->   Operation 37 'zext' 'zext_ln162_4' <Predicate = (!icmp_ln157)> <Delay = 0.00>
ST_1 : Operation 38 [1/1] (0.00ns)   --->   "%expert_output_addr_3 = getelementptr i32 %expert_output, i64 0, i64 %zext_ln162_4" [src/moe.cpp:162]   --->   Operation 38 'getelementptr' 'expert_output_addr_3' <Predicate = (!icmp_ln157)> <Delay = 0.00>
ST_1 : Operation 39 [2/2] (0.54ns)   --->   "%expert_output_load = load i5 %expert_output_addr" [src/moe.cpp:162]   --->   Operation 39 'load' 'expert_output_load' <Predicate = (!icmp_ln157)> <Delay = 0.54> <CoreInst = "RAM_1WnR">   --->   Core 84 'RAM_1WnR' <Latency = 1> <II = 1> <Delay = 0.54> <Storage> <Opcode : 'load' 'store'> <Ports = 17> <Width = 32> <Depth = 20> <RAM>
ST_1 : Operation 40 [2/2] (0.54ns)   --->   "%expert_output_load_1 = load i5 %expert_output_addr_1" [src/moe.cpp:162]   --->   Operation 40 'load' 'expert_output_load_1' <Predicate = (!icmp_ln157)> <Delay = 0.54> <CoreInst = "RAM_1WnR">   --->   Core 84 'RAM_1WnR' <Latency = 1> <II = 1> <Delay = 0.54> <Storage> <Opcode : 'load' 'store'> <Ports = 17> <Width = 32> <Depth = 20> <RAM>
ST_1 : Operation 41 [2/2] (0.54ns)   --->   "%expert_output_load_2 = load i5 %expert_output_addr_2" [src/moe.cpp:162]   --->   Operation 41 'load' 'expert_output_load_2' <Predicate = (!icmp_ln157)> <Delay = 0.54> <CoreInst = "RAM_1WnR">   --->   Core 84 'RAM_1WnR' <Latency = 1> <II = 1> <Delay = 0.54> <Storage> <Opcode : 'load' 'store'> <Ports = 17> <Width = 32> <Depth = 20> <RAM>
ST_1 : Operation 42 [2/2] (0.54ns)   --->   "%expert_output_load_3 = load i5 %expert_output_addr_3" [src/moe.cpp:162]   --->   Operation 42 'load' 'expert_output_load_3' <Predicate = (!icmp_ln157)> <Delay = 0.54> <CoreInst = "RAM_1WnR">   --->   Core 84 'RAM_1WnR' <Latency = 1> <II = 1> <Delay = 0.54> <Storage> <Opcode : 'load' 'store'> <Ports = 17> <Width = 32> <Depth = 20> <RAM>
ST_1 : Operation 43 [1/1] (0.36ns)   --->   "%store_ln157 = store i3 %add_ln157, i3 %obj" [src/moe.cpp:157]   --->   Operation 43 'store' 'store_ln157' <Predicate = (!icmp_ln157)> <Delay = 0.36>

State 2 <SV = 1> <Delay = 4.42>
ST_2 : Operation 44 [1/2] (0.54ns)   --->   "%expert_output_load = load i5 %expert_output_addr" [src/moe.cpp:162]   --->   Operation 44 'load' 'expert_output_load' <Predicate = true> <Delay = 0.54> <CoreInst = "RAM_1WnR">   --->   Core 84 'RAM_1WnR' <Latency = 1> <II = 1> <Delay = 0.54> <Storage> <Opcode : 'load' 'store'> <Ports = 17> <Width = 32> <Depth = 20> <RAM>
ST_2 : Operation 45 [2/2] (3.88ns)   --->   "%mul1 = fmul i32 %bitcast_ln162_read, i32 %expert_output_load" [src/moe.cpp:162]   --->   Operation 45 'fmul' 'mul1' <Predicate = true> <Delay = 3.88> <CoreInst = "FMul_maxdsp">   --->   Core 30 'FMul_maxdsp' <Latency = 1> <II = 1> <Delay = 3.88> <FuncUnit> <Opcode : 'fmul'> <InPorts = 2> <OutPorts = 1>
ST_2 : Operation 46 [1/2] (0.54ns)   --->   "%expert_output_load_1 = load i5 %expert_output_addr_1" [src/moe.cpp:162]   --->   Operation 46 'load' 'expert_output_load_1' <Predicate = true> <Delay = 0.54> <CoreInst = "RAM_1WnR">   --->   Core 84 'RAM_1WnR' <Latency = 1> <II = 1> <Delay = 0.54> <Storage> <Opcode : 'load' 'store'> <Ports = 17> <Width = 32> <Depth = 20> <RAM>
ST_2 : Operation 47 [2/2] (3.88ns)   --->   "%mul229_1 = fmul i32 %bitcast_ln162_1_read, i32 %expert_output_load_1" [src/moe.cpp:162]   --->   Operation 47 'fmul' 'mul229_1' <Predicate = true> <Delay = 3.88> <CoreInst = "FMul_maxdsp">   --->   Core 30 'FMul_maxdsp' <Latency = 1> <II = 1> <Delay = 3.88> <FuncUnit> <Opcode : 'fmul'> <InPorts = 2> <OutPorts = 1>
ST_2 : Operation 48 [1/2] (0.54ns)   --->   "%expert_output_load_2 = load i5 %expert_output_addr_2" [src/moe.cpp:162]   --->   Operation 48 'load' 'expert_output_load_2' <Predicate = true> <Delay = 0.54> <CoreInst = "RAM_1WnR">   --->   Core 84 'RAM_1WnR' <Latency = 1> <II = 1> <Delay = 0.54> <Storage> <Opcode : 'load' 'store'> <Ports = 17> <Width = 32> <Depth = 20> <RAM>
ST_2 : Operation 49 [2/2] (3.88ns)   --->   "%mul229_2 = fmul i32 %bitcast_ln162_2_read, i32 %expert_output_load_2" [src/moe.cpp:162]   --->   Operation 49 'fmul' 'mul229_2' <Predicate = true> <Delay = 3.88> <CoreInst = "FMul_maxdsp">   --->   Core 30 'FMul_maxdsp' <Latency = 1> <II = 1> <Delay = 3.88> <FuncUnit> <Opcode : 'fmul'> <InPorts = 2> <OutPorts = 1>
ST_2 : Operation 50 [1/2] (0.54ns)   --->   "%expert_output_load_3 = load i5 %expert_output_addr_3" [src/moe.cpp:162]   --->   Operation 50 'load' 'expert_output_load_3' <Predicate = true> <Delay = 0.54> <CoreInst = "RAM_1WnR">   --->   Core 84 'RAM_1WnR' <Latency = 1> <II = 1> <Delay = 0.54> <Storage> <Opcode : 'load' 'store'> <Ports = 17> <Width = 32> <Depth = 20> <RAM>
ST_2 : Operation 51 [2/2] (3.88ns)   --->   "%mul229_3 = fmul i32 %bitcast_ln162_3_read, i32 %expert_output_load_3" [src/moe.cpp:162]   --->   Operation 51 'fmul' 'mul229_3' <Predicate = true> <Delay = 3.88> <CoreInst = "FMul_maxdsp">   --->   Core 30 'FMul_maxdsp' <Latency = 1> <II = 1> <Delay = 3.88> <FuncUnit> <Opcode : 'fmul'> <InPorts = 2> <OutPorts = 1>

State 3 <SV = 2> <Delay = 3.88>
ST_3 : Operation 52 [1/2] (3.88ns)   --->   "%mul1 = fmul i32 %bitcast_ln162_read, i32 %expert_output_load" [src/moe.cpp:162]   --->   Operation 52 'fmul' 'mul1' <Predicate = true> <Delay = 3.88> <CoreInst = "FMul_maxdsp">   --->   Core 30 'FMul_maxdsp' <Latency = 1> <II = 1> <Delay = 3.88> <FuncUnit> <Opcode : 'fmul'> <InPorts = 2> <OutPorts = 1>
ST_3 : Operation 53 [1/2] (3.88ns)   --->   "%mul229_1 = fmul i32 %bitcast_ln162_1_read, i32 %expert_output_load_1" [src/moe.cpp:162]   --->   Operation 53 'fmul' 'mul229_1' <Predicate = true> <Delay = 3.88> <CoreInst = "FMul_maxdsp">   --->   Core 30 'FMul_maxdsp' <Latency = 1> <II = 1> <Delay = 3.88> <FuncUnit> <Opcode : 'fmul'> <InPorts = 2> <OutPorts = 1>
ST_3 : Operation 54 [1/2] (3.88ns)   --->   "%mul229_2 = fmul i32 %bitcast_ln162_2_read, i32 %expert_output_load_2" [src/moe.cpp:162]   --->   Operation 54 'fmul' 'mul229_2' <Predicate = true> <Delay = 3.88> <CoreInst = "FMul_maxdsp">   --->   Core 30 'FMul_maxdsp' <Latency = 1> <II = 1> <Delay = 3.88> <FuncUnit> <Opcode : 'fmul'> <InPorts = 2> <OutPorts = 1>
ST_3 : Operation 55 [1/2] (3.88ns)   --->   "%mul229_3 = fmul i32 %bitcast_ln162_3_read, i32 %expert_output_load_3" [src/moe.cpp:162]   --->   Operation 55 'fmul' 'mul229_3' <Predicate = true> <Delay = 3.88> <CoreInst = "FMul_maxdsp">   --->   Core 30 'FMul_maxdsp' <Latency = 1> <II = 1> <Delay = 3.88> <FuncUnit> <Opcode : 'fmul'> <InPorts = 2> <OutPorts = 1>

State 4 <SV = 3> <Delay = 6.04>
ST_4 : Operation 56 [2/2] (6.04ns)   --->   "%sum = fadd i32 %mul1, i32 0" [src/moe.cpp:162]   --->   Operation 56 'fadd' 'sum' <Predicate = true> <Delay = 6.04> <CoreInst = "FAddSub_fulldsp">   --->   Core 18 'FAddSub_fulldsp' <Latency = 1> <II = 1> <Delay = 6.04> <FuncUnit> <Opcode : 'fadd' 'fsub'> <InPorts = 2> <OutPorts = 1>

State 5 <SV = 4> <Delay = 6.04>
ST_5 : Operation 57 [1/2] (6.04ns)   --->   "%sum = fadd i32 %mul1, i32 0" [src/moe.cpp:162]   --->   Operation 57 'fadd' 'sum' <Predicate = true> <Delay = 6.04> <CoreInst = "FAddSub_fulldsp">   --->   Core 18 'FAddSub_fulldsp' <Latency = 1> <II = 1> <Delay = 6.04> <FuncUnit> <Opcode : 'fadd' 'fsub'> <InPorts = 2> <OutPorts = 1>

State 6 <SV = 5> <Delay = 6.04>
ST_6 : Operation 58 [2/2] (6.04ns)   --->   "%sum_3 = fadd i32 %sum, i32 %mul229_1" [src/moe.cpp:162]   --->   Operation 58 'fadd' 'sum_3' <Predicate = true> <Delay = 6.04> <CoreInst = "FAddSub_fulldsp">   --->   Core 18 'FAddSub_fulldsp' <Latency = 1> <II = 1> <Delay = 6.04> <FuncUnit> <Opcode : 'fadd' 'fsub'> <InPorts = 2> <OutPorts = 1>

State 7 <SV = 6> <Delay = 6.04>
ST_7 : Operation 59 [1/2] (6.04ns)   --->   "%sum_3 = fadd i32 %sum, i32 %mul229_1" [src/moe.cpp:162]   --->   Operation 59 'fadd' 'sum_3' <Predicate = true> <Delay = 6.04> <CoreInst = "FAddSub_fulldsp">   --->   Core 18 'FAddSub_fulldsp' <Latency = 1> <II = 1> <Delay = 6.04> <FuncUnit> <Opcode : 'fadd' 'fsub'> <InPorts = 2> <OutPorts = 1>

State 8 <SV = 7> <Delay = 6.04>
ST_8 : Operation 60 [2/2] (6.04ns)   --->   "%sum_4 = fadd i32 %sum_3, i32 %mul229_2" [src/moe.cpp:162]   --->   Operation 60 'fadd' 'sum_4' <Predicate = true> <Delay = 6.04> <CoreInst = "FAddSub_fulldsp">   --->   Core 18 'FAddSub_fulldsp' <Latency = 1> <II = 1> <Delay = 6.04> <FuncUnit> <Opcode : 'fadd' 'fsub'> <InPorts = 2> <OutPorts = 1>

State 9 <SV = 8> <Delay = 6.04>
ST_9 : Operation 61 [1/2] (6.04ns)   --->   "%sum_4 = fadd i32 %sum_3, i32 %mul229_2" [src/moe.cpp:162]   --->   Operation 61 'fadd' 'sum_4' <Predicate = true> <Delay = 6.04> <CoreInst = "FAddSub_fulldsp">   --->   Core 18 'FAddSub_fulldsp' <Latency = 1> <II = 1> <Delay = 6.04> <FuncUnit> <Opcode : 'fadd' 'fsub'> <InPorts = 2> <OutPorts = 1>

State 10 <SV = 9> <Delay = 6.04>
ST_10 : Operation 62 [2/2] (6.04ns)   --->   "%sum_5 = fadd i32 %sum_4, i32 %mul229_3" [src/moe.cpp:162]   --->   Operation 62 'fadd' 'sum_5' <Predicate = true> <Delay = 6.04> <CoreInst = "FAddSub_fulldsp">   --->   Core 18 'FAddSub_fulldsp' <Latency = 1> <II = 1> <Delay = 6.04> <FuncUnit> <Opcode : 'fadd' 'fsub'> <InPorts = 2> <OutPorts = 1>
ST_10 : Operation 71 [1/1] (0.00ns)   --->   "%ret_ln0 = ret"   --->   Operation 71 'ret' 'ret_ln0' <Predicate = (icmp_ln157)> <Delay = 0.00>

State 11 <SV = 10> <Delay = 6.58>
ST_11 : Operation 63 [1/1] (0.00ns)   --->   "%specpipeline_ln157 = specpipeline void @_ssdm_op_SpecPipeline, i32 4294967295, i32 0, i32 0, i32 0, void @empty_0" [src/moe.cpp:157]   --->   Operation 63 'specpipeline' 'specpipeline_ln157' <Predicate = true> <Delay = 0.00>
ST_11 : Operation 64 [1/1] (0.00ns)   --->   "%speclooptripcount_ln157 = speclooptripcount void @_ssdm_op_SpecLoopTripCount, i64 5, i64 5, i64 5" [src/moe.cpp:157]   --->   Operation 64 'speclooptripcount' 'speclooptripcount_ln157' <Predicate = true> <Delay = 0.00>
ST_11 : Operation 65 [1/1] (0.00ns)   --->   "%specloopname_ln157 = specloopname void @_ssdm_op_SpecLoopName, void @empty_4" [src/moe.cpp:157]   --->   Operation 65 'specloopname' 'specloopname_ln157' <Predicate = true> <Delay = 0.00>
ST_11 : Operation 66 [1/2] (6.04ns)   --->   "%sum_5 = fadd i32 %sum_4, i32 %mul229_3" [src/moe.cpp:162]   --->   Operation 66 'fadd' 'sum_5' <Predicate = true> <Delay = 6.04> <CoreInst = "FAddSub_fulldsp">   --->   Core 18 'FAddSub_fulldsp' <Latency = 1> <II = 1> <Delay = 6.04> <FuncUnit> <Opcode : 'fadd' 'fsub'> <InPorts = 2> <OutPorts = 1>
ST_11 : Operation 67 [1/1] (0.00ns)   --->   "%bitcast_ln165 = bitcast i32 %sum_5" [src/moe.cpp:165]   --->   Operation 67 'bitcast' 'bitcast_ln165' <Predicate = true> <Delay = 0.00>
ST_11 : Operation 68 [1/1] (0.00ns)   --->   "%output_r_addr = getelementptr i32 %output_r, i64 0, i64 %zext_ln157" [src/moe.cpp:165]   --->   Operation 68 'getelementptr' 'output_r_addr' <Predicate = true> <Delay = 0.00>
ST_11 : Operation 69 [1/1] (0.54ns)   --->   "%store_ln165 = store i32 %bitcast_ln165, i3 %output_r_addr" [src/moe.cpp:165]   --->   Operation 69 'store' 'store_ln165' <Predicate = true> <Delay = 0.54> <CoreInst = "RAM">   --->   Core 83 'RAM' <Latency = 1> <II = 1> <Delay = 0.54> <Storage> <Opcode : 'load' 'store'> <Ports = 2> <Width = 32> <Depth = 5> <RAM>
ST_11 : Operation 70 [1/1] (0.00ns)   --->   "%br_ln157 = br void %VITIS_LOOP_161_16" [src/moe.cpp:157]   --->   Operation 70 'br' 'br_ln157' <Predicate = true> <Delay = 0.00>


============================================================
+ Verbose Summary: Binding
============================================================
STG Binding: 
---------------- STG Properties BEGIN ----------------
- Is combinational: 0
- Is one-state seq: 0
- Is datapath-only: 0
- Is pipelined: 0
- Is top level: 0
Port [ Return ] is wired: 1; IO mode=ap_ctrl_hs:ce=0
Port [ expert_output]:  wired=1; compound=1; hidden=0; nouse=0; global=0; static=0; extern=0; dir=0; type=1; pingpong=0; private_global=0; MemPort=[11113333333333333]; IO mode=ap_memory:ce=0
Port [ bitcast_ln162]:  wired=1; compound=0; hidden=0; nouse=0; global=0; static=0; extern=0; dir=0; type=0; pingpong=0; private_global=0; IO mode=ap_none:ce=0
Port [ bitcast_ln162_1]:  wired=1; compound=0; hidden=0; nouse=0; global=0; static=0; extern=0; dir=0; type=0; pingpong=0; private_global=0; IO mode=ap_none:ce=0
Port [ bitcast_ln162_2]:  wired=1; compound=0; hidden=0; nouse=0; global=0; static=0; extern=0; dir=0; type=0; pingpong=0; private_global=0; IO mode=ap_none:ce=0
Port [ bitcast_ln162_3]:  wired=1; compound=0; hidden=0; nouse=0; global=0; static=0; extern=0; dir=0; type=0; pingpong=0; private_global=0; IO mode=ap_none:ce=0
Port [ output_r]:  wired=1; compound=1; hidden=0; nouse=0; global=0; static=0; extern=0; dir=1; type=1; pingpong=0; private_global=0; MemPort=[03]; IO mode=ap_memory:ce=0
---------------- STG Properties END ------------------

---------------- Datapath Model BEGIN ----------------

<LifeTime>
<method=bitvector/>
obj                     (alloca           ) [ 010000000000]
specinterface_ln0       (specinterface    ) [ 000000000000]
bitcast_ln162_3_read    (read             ) [ 011100000000]
bitcast_ln162_2_read    (read             ) [ 011100000000]
bitcast_ln162_1_read    (read             ) [ 011100000000]
bitcast_ln162_read      (read             ) [ 011100000000]
store_ln157             (store            ) [ 000000000000]
br_ln0                  (br               ) [ 000000000000]
obj_1                   (load             ) [ 000000000000]
icmp_ln157              (icmp             ) [ 011111111110]
add_ln157               (add              ) [ 000000000000]
br_ln157                (br               ) [ 000000000000]
zext_ln157              (zext             ) [ 011111111111]
zext_ln162              (zext             ) [ 000000000000]
zext_ln162_1            (zext             ) [ 000000000000]
expert_output_addr      (getelementptr    ) [ 011000000000]
add_ln162               (add              ) [ 000000000000]
zext_ln162_2            (zext             ) [ 000000000000]
expert_output_addr_1    (getelementptr    ) [ 011000000000]
add_ln162_1             (add              ) [ 000000000000]
zext_ln162_3            (zext             ) [ 000000000000]
expert_output_addr_2    (getelementptr    ) [ 011000000000]
add_ln162_2             (add              ) [ 000000000000]
zext_ln162_4            (zext             ) [ 000000000000]
expert_output_addr_3    (getelementptr    ) [ 011000000000]
store_ln157             (store            ) [ 000000000000]
expert_output_load      (load             ) [ 010100000000]
expert_output_load_1    (load             ) [ 010100000000]
expert_output_load_2    (load             ) [ 010100000000]
expert_output_load_3    (load             ) [ 010100000000]
mul1                    (fmul             ) [ 010011000000]
mul229_1                (fmul             ) [ 010011110000]
mul229_2                (fmul             ) [ 010011111100]
mul229_3                (fmul             ) [ 010011111111]
sum                     (fadd             ) [ 010000110000]
sum_3                   (fadd             ) [ 010000001100]
sum_4                   (fadd             ) [ 010000000011]
specpipeline_ln157      (specpipeline     ) [ 000000000000]
speclooptripcount_ln157 (speclooptripcount) [ 000000000000]
specloopname_ln157      (specloopname     ) [ 000000000000]
sum_5                   (fadd             ) [ 000000000000]
bitcast_ln165           (bitcast          ) [ 000000000000]
output_r_addr           (getelementptr    ) [ 000000000000]
store_ln165             (store            ) [ 000000000000]
br_ln157                (br               ) [ 000000000000]
ret_ln0                 (ret              ) [ 000000000000]
</LifeTime>

<model>

<comp_list>
<comp id="0" class="1000" name="expert_output">
<pin_list>
<pin id="1" dir="1" index="0" bw="1" slack="0"/>
</pin_list>
<bind>
<StgValue><ssdm name="expert_output"/><MemPortTyVec>1 1 1 1 3 3 3 3 3 3 3 3 3 3 3 3 3 </MemPortTyVec>
</StgValue>
</bind>
</comp>

<comp id="2" class="1000" name="bitcast_ln162">
<pin_list>
<pin id="3" dir="1" index="0" bw="1" slack="0"/>
</pin_list>
<bind>
<StgValue><ssdm name="bitcast_ln162"/></StgValue>
</bind>
</comp>

<comp id="4" class="1000" name="bitcast_ln162_1">
<pin_list>
<pin id="5" dir="1" index="0" bw="1" slack="0"/>
</pin_list>
<bind>
<StgValue><ssdm name="bitcast_ln162_1"/></StgValue>
</bind>
</comp>

<comp id="6" class="1000" name="bitcast_ln162_2">
<pin_list>
<pin id="7" dir="1" index="0" bw="1" slack="0"/>
</pin_list>
<bind>
<StgValue><ssdm name="bitcast_ln162_2"/></StgValue>
</bind>
</comp>

<comp id="8" class="1000" name="bitcast_ln162_3">
<pin_list>
<pin id="9" dir="1" index="0" bw="1" slack="0"/>
</pin_list>
<bind>
<StgValue><ssdm name="bitcast_ln162_3"/></StgValue>
</bind>
</comp>

<comp id="10" class="1000" name="output_r">
<pin_list>
<pin id="11" dir="1" index="0" bw="1" slack="0"/>
</pin_list>
<bind>
<StgValue><ssdm name="output_r"/><MemPortTyVec>0 3 </MemPortTyVec>
</StgValue>
</bind>
</comp>

<comp id="12" class="1001" name="const_12">
<pin_list>
<pin id="13" dir="1" index="0" bw="1" slack="0"/>
</pin_list>
<bind>
<StgValue><ssdm name=""/></StgValue>
</bind>
</comp>

<comp id="14" class="1001" name="const_14">
<pin_list>
<pin id="15" dir="1" index="0" bw="1" slack="2147483647"/>
</pin_list>
<bind>
<StgValue><ssdm name="_ssdm_op_SpecInterface"/></StgValue>
</bind>
</comp>

<comp id="16" class="1001" name="const_16">
<pin_list>
<pin id="17" dir="1" index="0" bw="1" slack="2147483647"/>
</pin_list>
<bind>
<StgValue><ssdm name="empty_13"/></StgValue>
</bind>
</comp>

<comp id="18" class="1001" name="const_18">
<pin_list>
<pin id="19" dir="1" index="0" bw="1" slack="2147483647"/>
</pin_list>
<bind>
<StgValue><ssdm name=""/></StgValue>
</bind>
</comp>

<comp id="20" class="1001" name="const_20">
<pin_list>
<pin id="21" dir="1" index="0" bw="1" slack="2147483647"/>
</pin_list>
<bind>
<StgValue><ssdm name="empty_0"/></StgValue>
</bind>
</comp>

<comp id="22" class="1001" name="const_22">
<pin_list>
<pin id="23" dir="1" index="0" bw="1" slack="2147483647"/>
</pin_list>
<bind>
<StgValue><ssdm name=""/></StgValue>
</bind>
</comp>

<comp id="24" class="1001" name="const_24">
<pin_list>
<pin id="25" dir="1" index="0" bw="1" slack="0"/>
</pin_list>
<bind>
<StgValue><ssdm name="_ssdm_op_Read.ap_auto.float"/></StgValue>
</bind>
</comp>

<comp id="26" class="1001" name="const_26">
<pin_list>
<pin id="27" dir="1" index="0" bw="1" slack="0"/>
</pin_list>
<bind>
<StgValue><ssdm name=""/></StgValue>
</bind>
</comp>

<comp id="28" class="1001" name="const_28">
<pin_list>
<pin id="29" dir="1" index="0" bw="1" slack="0"/>
</pin_list>
<bind>
<StgValue><ssdm name=""/></StgValue>
</bind>
</comp>

<comp id="30" class="1001" name="const_30">
<pin_list>
<pin id="31" dir="1" index="0" bw="1" slack="0"/>
</pin_list>
<bind>
<StgValue><ssdm name=""/></StgValue>
</bind>
</comp>

<comp id="32" class="1001" name="const_32">
<pin_list>
<pin id="33" dir="1" index="0" bw="1" slack="0"/>
</pin_list>
<bind>
<StgValue><ssdm name=""/></StgValue>
</bind>
</comp>

<comp id="34" class="1001" name="const_34">
<pin_list>
<pin id="35" dir="1" index="0" bw="1" slack="0"/>
</pin_list>
<bind>
<StgValue><ssdm name=""/></StgValue>
</bind>
</comp>

<comp id="36" class="1001" name="const_36">
<pin_list>
<pin id="37" dir="1" index="0" bw="1" slack="0"/>
</pin_list>
<bind>
<StgValue><ssdm name=""/></StgValue>
</bind>
</comp>

<comp id="38" class="1001" name="const_38">
<pin_list>
<pin id="39" dir="1" index="0" bw="1" slack="0"/>
</pin_list>
<bind>
<StgValue><ssdm name=""/></StgValue>
</bind>
</comp>

<comp id="40" class="1001" name="const_40">
<pin_list>
<pin id="41" dir="1" index="0" bw="1" slack="0"/>
</pin_list>
<bind>
<StgValue><ssdm name=""/></StgValue>
</bind>
</comp>

<comp id="42" class="1001" name="const_42">
<pin_list>
<pin id="43" dir="1" index="0" bw="1" slack="2147483647"/>
</pin_list>
<bind>
<StgValue><ssdm name="_ssdm_op_SpecPipeline"/></StgValue>
</bind>
</comp>

<comp id="44" class="1001" name="const_44">
<pin_list>
<pin id="45" dir="1" index="0" bw="1" slack="2147483647"/>
</pin_list>
<bind>
<StgValue><ssdm name="_ssdm_op_SpecLoopTripCount"/></StgValue>
</bind>
</comp>

<comp id="46" class="1001" name="const_46">
<pin_list>
<pin id="47" dir="1" index="0" bw="1" slack="2147483647"/>
</pin_list>
<bind>
<StgValue><ssdm name=""/></StgValue>
</bind>
</comp>

<comp id="48" class="1001" name="const_48">
<pin_list>
<pin id="49" dir="1" index="0" bw="1" slack="2147483647"/>
</pin_list>
<bind>
<StgValue><ssdm name="_ssdm_op_SpecLoopName"/></StgValue>
</bind>
</comp>

<comp id="50" class="1001" name="const_50">
<pin_list>
<pin id="51" dir="1" index="0" bw="1" slack="2147483647"/>
</pin_list>
<bind>
<StgValue><ssdm name="empty_4"/></StgValue>
</bind>
</comp>

<comp id="52" class="1004" name="obj_fu_52">
<pin_list>
<pin id="53" dir="0" index="0" bw="1" slack="0"/>
<pin id="54" dir="1" index="1" bw="3" slack="0"/>
</pin_list>
<bind>
<opcode="alloca(26) " fcode="alloca"/>
<opset="obj/1 "/>
</bind>
</comp>

<comp id="56" class="1004" name="bitcast_ln162_3_read_read_fu_56">
<pin_list>
<pin id="57" dir="0" index="0" bw="32" slack="0"/>
<pin id="58" dir="0" index="1" bw="32" slack="0"/>
<pin id="59" dir="1" index="2" bw="32" slack="1"/>
</pin_list>
<bind>
<opcode="read(1150) " fcode="read"/>
<opset="bitcast_ln162_3_read/1 "/>
</bind>
</comp>

<comp id="62" class="1004" name="bitcast_ln162_2_read_read_fu_62">
<pin_list>
<pin id="63" dir="0" index="0" bw="32" slack="0"/>
<pin id="64" dir="0" index="1" bw="32" slack="0"/>
<pin id="65" dir="1" index="2" bw="32" slack="1"/>
</pin_list>
<bind>
<opcode="read(1150) " fcode="read"/>
<opset="bitcast_ln162_2_read/1 "/>
</bind>
</comp>

<comp id="68" class="1004" name="bitcast_ln162_1_read_read_fu_68">
<pin_list>
<pin id="69" dir="0" index="0" bw="32" slack="0"/>
<pin id="70" dir="0" index="1" bw="32" slack="0"/>
<pin id="71" dir="1" index="2" bw="32" slack="1"/>
</pin_list>
<bind>
<opcode="read(1150) " fcode="read"/>
<opset="bitcast_ln162_1_read/1 "/>
</bind>
</comp>

<comp id="74" class="1004" name="bitcast_ln162_read_read_fu_74">
<pin_list>
<pin id="75" dir="0" index="0" bw="32" slack="0"/>
<pin id="76" dir="0" index="1" bw="32" slack="0"/>
<pin id="77" dir="1" index="2" bw="32" slack="1"/>
</pin_list>
<bind>
<opcode="read(1150) " fcode="read"/>
<opset="bitcast_ln162_read/1 "/>
</bind>
</comp>

<comp id="80" class="1004" name="expert_output_addr_gep_fu_80">
<pin_list>
<pin id="81" dir="0" index="0" bw="32" slack="0"/>
<pin id="82" dir="0" index="1" bw="1" slack="0"/>
<pin id="83" dir="0" index="2" bw="3" slack="0"/>
<pin id="84" dir="1" index="3" bw="5" slack="0"/>
</pin_list>
<bind>
<opcode="getelementptr(29) " fcode="getelementptr"/>
<opset="expert_output_addr/1 "/>
</bind>
</comp>

<comp id="87" class="1004" name="expert_output_addr_1_gep_fu_87">
<pin_list>
<pin id="88" dir="0" index="0" bw="32" slack="0"/>
<pin id="89" dir="0" index="1" bw="1" slack="0"/>
<pin id="90" dir="0" index="2" bw="4" slack="0"/>
<pin id="91" dir="1" index="3" bw="5" slack="0"/>
</pin_list>
<bind>
<opcode="getelementptr(29) " fcode="getelementptr"/>
<opset="expert_output_addr_1/1 "/>
</bind>
</comp>

<comp id="94" class="1004" name="expert_output_addr_2_gep_fu_94">
<pin_list>
<pin id="95" dir="0" index="0" bw="32" slack="0"/>
<pin id="96" dir="0" index="1" bw="1" slack="0"/>
<pin id="97" dir="0" index="2" bw="4" slack="0"/>
<pin id="98" dir="1" index="3" bw="5" slack="0"/>
</pin_list>
<bind>
<opcode="getelementptr(29) " fcode="getelementptr"/>
<opset="expert_output_addr_2/1 "/>
</bind>
</comp>

<comp id="101" class="1004" name="expert_output_addr_3_gep_fu_101">
<pin_list>
<pin id="102" dir="0" index="0" bw="32" slack="0"/>
<pin id="103" dir="0" index="1" bw="1" slack="0"/>
<pin id="104" dir="0" index="2" bw="5" slack="0"/>
<pin id="105" dir="1" index="3" bw="5" slack="0"/>
</pin_list>
<bind>
<opcode="getelementptr(29) " fcode="getelementptr"/>
<opset="expert_output_addr_3/1 "/>
</bind>
</comp>

<comp id="108" class="1004" name="grp_access_fu_108">
<pin_list>
<pin id="109" dir="0" index="0" bw="5" slack="0"/>
<pin id="110" dir="0" index="1" bw="32" slack="2147483647"/>
<pin id="111" dir="0" index="2" bw="0" slack="0"/>
<pin id="113" dir="0" index="4" bw="5" slack="2147483647"/>
<pin id="114" dir="0" index="5" bw="32" slack="0"/>
<pin id="115" dir="0" index="6" bw="0" slack="2147483647"/>
<pin id="117" dir="0" index="8" bw="5" slack="0"/>
<pin id="118" dir="0" index="9" bw="32" slack="2147483647"/>
<pin id="119" dir="0" index="10" bw="0" slack="2147483647"/>
<pin id="121" dir="0" index="12" bw="5" slack="2147483647"/>
<pin id="122" dir="0" index="13" bw="32" slack="2147483647"/>
<pin id="123" dir="0" index="14" bw="0" slack="2147483647"/>
<pin id="112" dir="1" index="3" bw="32" slack="0"/>
<pin id="116" dir="1" index="7" bw="32" slack="0"/>
<pin id="120" dir="1" index="11" bw="32" slack="0"/>
<pin id="124" dir="1" index="15" bw="32" slack="0"/>
</pin_list>
<bind>
<opcode="load(27) " fcode="load"/>
<opset="expert_output_load/1 expert_output_load_1/1 expert_output_load_2/1 expert_output_load_3/1 "/>
</bind>
</comp>

<comp id="129" class="1004" name="output_r_addr_gep_fu_129">
<pin_list>
<pin id="130" dir="0" index="0" bw="32" slack="0"/>
<pin id="131" dir="0" index="1" bw="1" slack="0"/>
<pin id="132" dir="0" index="2" bw="3" slack="10"/>
<pin id="133" dir="1" index="3" bw="3" slack="0"/>
</pin_list>
<bind>
<opcode="getelementptr(29) " fcode="getelementptr"/>
<opset="output_r_addr/11 "/>
</bind>
</comp>

<comp id="136" class="1004" name="store_ln165_access_fu_136">
<pin_list>
<pin id="137" dir="0" index="0" bw="3" slack="0"/>
<pin id="138" dir="0" index="1" bw="32" slack="0"/>
<pin id="139" dir="0" index="2" bw="0" slack="2147483647"/>
<pin id="140" dir="1" index="3" bw="32" slack="2147483647"/>
</pin_list>
<bind>
<opcode="store(28) " fcode="store"/>
<opset="store_ln165/11 "/>
</bind>
</comp>

<comp id="142" class="1004" name="grp_fu_142">
<pin_list>
<pin id="143" dir="0" index="0" bw="32" slack="1"/>
<pin id="144" dir="0" index="1" bw="32" slack="0"/>
<pin id="145" dir="1" index="2" bw="32" slack="1"/>
</pin_list>
<bind>
<opcode="fadd(9) " fcode="fadd"/>
<opset="sum/4 "/>
</bind>
</comp>

<comp id="147" class="1004" name="grp_fu_147">
<pin_list>
<pin id="148" dir="0" index="0" bw="32" slack="1"/>
<pin id="149" dir="0" index="1" bw="32" slack="3"/>
<pin id="150" dir="1" index="2" bw="32" slack="1"/>
</pin_list>
<bind>
<opcode="fadd(9) " fcode="fadd"/>
<opset="sum_3/6 "/>
</bind>
</comp>

<comp id="151" class="1004" name="grp_fu_151">
<pin_list>
<pin id="152" dir="0" index="0" bw="32" slack="1"/>
<pin id="153" dir="0" index="1" bw="32" slack="5"/>
<pin id="154" dir="1" index="2" bw="32" slack="1"/>
</pin_list>
<bind>
<opcode="fadd(9) " fcode="fadd"/>
<opset="sum_4/8 "/>
</bind>
</comp>

<comp id="155" class="1004" name="grp_fu_155">
<pin_list>
<pin id="156" dir="0" index="0" bw="32" slack="1"/>
<pin id="157" dir="0" index="1" bw="32" slack="7"/>
<pin id="158" dir="1" index="2" bw="32" slack="0"/>
</pin_list>
<bind>
<opcode="fadd(9) " fcode="fadd"/>
<opset="sum_5/10 "/>
</bind>
</comp>

<comp id="159" class="1004" name="grp_fu_159">
<pin_list>
<pin id="160" dir="0" index="0" bw="32" slack="1"/>
<pin id="161" dir="0" index="1" bw="32" slack="0"/>
<pin id="162" dir="1" index="2" bw="32" slack="1"/>
</pin_list>
<bind>
<opcode="fmul(13) " fcode="fmul"/>
<opset="mul1/2 "/>
</bind>
</comp>

<comp id="164" class="1004" name="grp_fu_164">
<pin_list>
<pin id="165" dir="0" index="0" bw="32" slack="1"/>
<pin id="166" dir="0" index="1" bw="32" slack="0"/>
<pin id="167" dir="1" index="2" bw="32" slack="3"/>
</pin_list>
<bind>
<opcode="fmul(13) " fcode="fmul"/>
<opset="mul229_1/2 "/>
</bind>
</comp>

<comp id="169" class="1004" name="grp_fu_169">
<pin_list>
<pin id="170" dir="0" index="0" bw="32" slack="1"/>
<pin id="171" dir="0" index="1" bw="32" slack="0"/>
<pin id="172" dir="1" index="2" bw="32" slack="5"/>
</pin_list>
<bind>
<opcode="fmul(13) " fcode="fmul"/>
<opset="mul229_2/2 "/>
</bind>
</comp>

<comp id="174" class="1004" name="grp_fu_174">
<pin_list>
<pin id="175" dir="0" index="0" bw="32" slack="1"/>
<pin id="176" dir="0" index="1" bw="32" slack="0"/>
<pin id="177" dir="1" index="2" bw="32" slack="7"/>
</pin_list>
<bind>
<opcode="fmul(13) " fcode="fmul"/>
<opset="mul229_3/2 "/>
</bind>
</comp>

<comp id="179" class="1004" name="store_ln157_store_fu_179">
<pin_list>
<pin id="180" dir="0" index="0" bw="1" slack="0"/>
<pin id="181" dir="0" index="1" bw="3" slack="0"/>
<pin id="182" dir="1" index="2" bw="0" slack="2147483647"/>
</pin_list>
<bind>
<opcode="store(28) " fcode="store"/>
<opset="store_ln157/1 "/>
</bind>
</comp>

<comp id="184" class="1004" name="obj_1_load_fu_184">
<pin_list>
<pin id="185" dir="0" index="0" bw="3" slack="0"/>
<pin id="186" dir="1" index="1" bw="3" slack="0"/>
</pin_list>
<bind>
<opcode="load(27) " fcode="load"/>
<opset="obj_1/1 "/>
</bind>
</comp>

<comp id="187" class="1004" name="icmp_ln157_fu_187">
<pin_list>
<pin id="188" dir="0" index="0" bw="3" slack="0"/>
<pin id="189" dir="0" index="1" bw="3" slack="0"/>
<pin id="190" dir="1" index="2" bw="1" slack="9"/>
</pin_list>
<bind>
<opcode="icmp(45) " fcode="icmp"/>
<opset="icmp_ln157/1 "/>
</bind>
</comp>

<comp id="193" class="1004" name="add_ln157_fu_193">
<pin_list>
<pin id="194" dir="0" index="0" bw="3" slack="0"/>
<pin id="195" dir="0" index="1" bw="1" slack="0"/>
<pin id="196" dir="1" index="2" bw="3" slack="0"/>
</pin_list>
<bind>
<opcode="add(8) " fcode="add"/>
<opset="add_ln157/1 "/>
</bind>
</comp>

<comp id="199" class="1004" name="zext_ln157_fu_199">
<pin_list>
<pin id="200" dir="0" index="0" bw="3" slack="0"/>
<pin id="201" dir="1" index="1" bw="64" slack="0"/>
</pin_list>
<bind>
<opcode="zext(34) " fcode="zext"/>
<opset="zext_ln157/1 "/>
</bind>
</comp>

<comp id="204" class="1004" name="zext_ln162_fu_204">
<pin_list>
<pin id="205" dir="0" index="0" bw="3" slack="0"/>
<pin id="206" dir="1" index="1" bw="5" slack="0"/>
</pin_list>
<bind>
<opcode="zext(34) " fcode="zext"/>
<opset="zext_ln162/1 "/>
</bind>
</comp>

<comp id="208" class="1004" name="zext_ln162_1_fu_208">
<pin_list>
<pin id="209" dir="0" index="0" bw="3" slack="0"/>
<pin id="210" dir="1" index="1" bw="4" slack="0"/>
</pin_list>
<bind>
<opcode="zext(34) " fcode="zext"/>
<opset="zext_ln162_1/1 "/>
</bind>
</comp>

<comp id="212" class="1004" name="add_ln162_fu_212">
<pin_list>
<pin id="213" dir="0" index="0" bw="3" slack="0"/>
<pin id="214" dir="0" index="1" bw="4" slack="0"/>
<pin id="215" dir="1" index="2" bw="4" slack="0"/>
</pin_list>
<bind>
<opcode="add(8) " fcode="add"/>
<opset="add_ln162/1 "/>
</bind>
</comp>

<comp id="218" class="1004" name="zext_ln162_2_fu_218">
<pin_list>
<pin id="219" dir="0" index="0" bw="4" slack="0"/>
<pin id="220" dir="1" index="1" bw="64" slack="0"/>
</pin_list>
<bind>
<opcode="zext(34) " fcode="zext"/>
<opset="zext_ln162_2/1 "/>
</bind>
</comp>

<comp id="223" class="1004" name="add_ln162_1_fu_223">
<pin_list>
<pin id="224" dir="0" index="0" bw="3" slack="0"/>
<pin id="225" dir="0" index="1" bw="4" slack="0"/>
<pin id="226" dir="1" index="2" bw="4" slack="0"/>
</pin_list>
<bind>
<opcode="add(8) " fcode="add"/>
<opset="add_ln162_1/1 "/>
</bind>
</comp>

<comp id="229" class="1004" name="zext_ln162_3_fu_229">
<pin_list>
<pin id="230" dir="0" index="0" bw="4" slack="0"/>
<pin id="231" dir="1" index="1" bw="64" slack="0"/>
</pin_list>
<bind>
<opcode="zext(34) " fcode="zext"/>
<opset="zext_ln162_3/1 "/>
</bind>
</comp>

<comp id="234" class="1004" name="add_ln162_2_fu_234">
<pin_list>
<pin id="235" dir="0" index="0" bw="3" slack="0"/>
<pin id="236" dir="0" index="1" bw="5" slack="0"/>
<pin id="237" dir="1" index="2" bw="5" slack="0"/>
</pin_list>
<bind>
<opcode="add(8) " fcode="add"/>
<opset="add_ln162_2/1 "/>
</bind>
</comp>

<comp id="240" class="1004" name="zext_ln162_4_fu_240">
<pin_list>
<pin id="241" dir="0" index="0" bw="5" slack="0"/>
<pin id="242" dir="1" index="1" bw="64" slack="0"/>
</pin_list>
<bind>
<opcode="zext(34) " fcode="zext"/>
<opset="zext_ln162_4/1 "/>
</bind>
</comp>

<comp id="245" class="1004" name="store_ln157_store_fu_245">
<pin_list>
<pin id="246" dir="0" index="0" bw="3" slack="0"/>
<pin id="247" dir="0" index="1" bw="3" slack="0"/>
<pin id="248" dir="1" index="2" bw="0" slack="2147483647"/>
</pin_list>
<bind>
<opcode="store(28) " fcode="store"/>
<opset="store_ln157/1 "/>
</bind>
</comp>

<comp id="250" class="1004" name="bitcast_ln165_fu_250">
<pin_list>
<pin id="251" dir="0" index="0" bw="32" slack="0"/>
<pin id="252" dir="1" index="1" bw="32" slack="0"/>
</pin_list>
<bind>
<opcode="bitcast(44) " fcode="bitcast"/>
<opset="bitcast_ln165/11 "/>
</bind>
</comp>

<comp id="255" class="1005" name="obj_reg_255">
<pin_list>
<pin id="256" dir="0" index="0" bw="3" slack="0"/>
<pin id="257" dir="1" index="1" bw="3" slack="0"/>
</pin_list>
<bind>
<opset="obj "/>
</bind>
</comp>

<comp id="262" class="1005" name="bitcast_ln162_3_read_reg_262">
<pin_list>
<pin id="263" dir="0" index="0" bw="32" slack="1"/>
<pin id="264" dir="1" index="1" bw="32" slack="1"/>
</pin_list>
<bind>
<opset="bitcast_ln162_3_read "/>
</bind>
</comp>

<comp id="267" class="1005" name="bitcast_ln162_2_read_reg_267">
<pin_list>
<pin id="268" dir="0" index="0" bw="32" slack="1"/>
<pin id="269" dir="1" index="1" bw="32" slack="1"/>
</pin_list>
<bind>
<opset="bitcast_ln162_2_read "/>
</bind>
</comp>

<comp id="272" class="1005" name="bitcast_ln162_1_read_reg_272">
<pin_list>
<pin id="273" dir="0" index="0" bw="32" slack="1"/>
<pin id="274" dir="1" index="1" bw="32" slack="1"/>
</pin_list>
<bind>
<opset="bitcast_ln162_1_read "/>
</bind>
</comp>

<comp id="277" class="1005" name="bitcast_ln162_read_reg_277">
<pin_list>
<pin id="278" dir="0" index="0" bw="32" slack="1"/>
<pin id="279" dir="1" index="1" bw="32" slack="1"/>
</pin_list>
<bind>
<opset="bitcast_ln162_read "/>
</bind>
</comp>

<comp id="282" class="1005" name="icmp_ln157_reg_282">
<pin_list>
<pin id="283" dir="0" index="0" bw="1" slack="9"/>
<pin id="284" dir="1" index="1" bw="1" slack="2147483647"/>
</pin_list>
<bind>
<opset="icmp_ln157 "/>
</bind>
</comp>

<comp id="286" class="1005" name="zext_ln157_reg_286">
<pin_list>
<pin id="287" dir="0" index="0" bw="64" slack="10"/>
<pin id="288" dir="1" index="1" bw="64" slack="10"/>
</pin_list>
<bind>
<opset="zext_ln157 "/>
</bind>
</comp>

<comp id="291" class="1005" name="expert_output_addr_reg_291">
<pin_list>
<pin id="292" dir="0" index="0" bw="5" slack="1"/>
<pin id="293" dir="1" index="1" bw="5" slack="1"/>
</pin_list>
<bind>
<opset="expert_output_addr "/>
</bind>
</comp>

<comp id="296" class="1005" name="expert_output_addr_1_reg_296">
<pin_list>
<pin id="297" dir="0" index="0" bw="5" slack="1"/>
<pin id="298" dir="1" index="1" bw="5" slack="1"/>
</pin_list>
<bind>
<opset="expert_output_addr_1 "/>
</bind>
</comp>

<comp id="301" class="1005" name="expert_output_addr_2_reg_301">
<pin_list>
<pin id="302" dir="0" index="0" bw="5" slack="1"/>
<pin id="303" dir="1" index="1" bw="5" slack="1"/>
</pin_list>
<bind>
<opset="expert_output_addr_2 "/>
</bind>
</comp>

<comp id="306" class="1005" name="expert_output_addr_3_reg_306">
<pin_list>
<pin id="307" dir="0" index="0" bw="5" slack="1"/>
<pin id="308" dir="1" index="1" bw="5" slack="1"/>
</pin_list>
<bind>
<opset="expert_output_addr_3 "/>
</bind>
</comp>

<comp id="311" class="1005" name="expert_output_load_reg_311">
<pin_list>
<pin id="312" dir="0" index="0" bw="32" slack="1"/>
<pin id="313" dir="1" index="1" bw="32" slack="1"/>
</pin_list>
<bind>
<opset="expert_output_load "/>
</bind>
</comp>

<comp id="316" class="1005" name="expert_output_load_1_reg_316">
<pin_list>
<pin id="317" dir="0" index="0" bw="32" slack="1"/>
<pin id="318" dir="1" index="1" bw="32" slack="1"/>
</pin_list>
<bind>
<opset="expert_output_load_1 "/>
</bind>
</comp>

<comp id="321" class="1005" name="expert_output_load_2_reg_321">
<pin_list>
<pin id="322" dir="0" index="0" bw="32" slack="1"/>
<pin id="323" dir="1" index="1" bw="32" slack="1"/>
</pin_list>
<bind>
<opset="expert_output_load_2 "/>
</bind>
</comp>

<comp id="326" class="1005" name="expert_output_load_3_reg_326">
<pin_list>
<pin id="327" dir="0" index="0" bw="32" slack="1"/>
<pin id="328" dir="1" index="1" bw="32" slack="1"/>
</pin_list>
<bind>
<opset="expert_output_load_3 "/>
</bind>
</comp>

<comp id="331" class="1005" name="mul1_reg_331">
<pin_list>
<pin id="332" dir="0" index="0" bw="32" slack="1"/>
<pin id="333" dir="1" index="1" bw="32" slack="1"/>
</pin_list>
<bind>
<opset="mul1 "/>
</bind>
</comp>

<comp id="336" class="1005" name="mul229_1_reg_336">
<pin_list>
<pin id="337" dir="0" index="0" bw="32" slack="3"/>
<pin id="338" dir="1" index="1" bw="32" slack="3"/>
</pin_list>
<bind>
<opset="mul229_1 "/>
</bind>
</comp>

<comp id="341" class="1005" name="mul229_2_reg_341">
<pin_list>
<pin id="342" dir="0" index="0" bw="32" slack="5"/>
<pin id="343" dir="1" index="1" bw="32" slack="5"/>
</pin_list>
<bind>
<opset="mul229_2 "/>
</bind>
</comp>

<comp id="346" class="1005" name="mul229_3_reg_346">
<pin_list>
<pin id="347" dir="0" index="0" bw="32" slack="7"/>
<pin id="348" dir="1" index="1" bw="32" slack="7"/>
</pin_list>
<bind>
<opset="mul229_3 "/>
</bind>
</comp>

<comp id="351" class="1005" name="sum_reg_351">
<pin_list>
<pin id="352" dir="0" index="0" bw="32" slack="1"/>
<pin id="353" dir="1" index="1" bw="32" slack="1"/>
</pin_list>
<bind>
<opset="sum "/>
</bind>
</comp>

<comp id="356" class="1005" name="sum_3_reg_356">
<pin_list>
<pin id="357" dir="0" index="0" bw="32" slack="1"/>
<pin id="358" dir="1" index="1" bw="32" slack="1"/>
</pin_list>
<bind>
<opset="sum_3 "/>
</bind>
</comp>

<comp id="361" class="1005" name="sum_4_reg_361">
<pin_list>
<pin id="362" dir="0" index="0" bw="32" slack="1"/>
<pin id="363" dir="1" index="1" bw="32" slack="1"/>
</pin_list>
<bind>
<opset="sum_4 "/>
</bind>
</comp>

</comp_list>

<net_list>
<net id="55"><net_src comp="12" pin="0"/><net_sink comp="52" pin=0"/></net>

<net id="60"><net_src comp="24" pin="0"/><net_sink comp="56" pin=0"/></net>

<net id="61"><net_src comp="8" pin="0"/><net_sink comp="56" pin=1"/></net>

<net id="66"><net_src comp="24" pin="0"/><net_sink comp="62" pin=0"/></net>

<net id="67"><net_src comp="6" pin="0"/><net_sink comp="62" pin=1"/></net>

<net id="72"><net_src comp="24" pin="0"/><net_sink comp="68" pin=0"/></net>

<net id="73"><net_src comp="4" pin="0"/><net_sink comp="68" pin=1"/></net>

<net id="78"><net_src comp="24" pin="0"/><net_sink comp="74" pin=0"/></net>

<net id="79"><net_src comp="2" pin="0"/><net_sink comp="74" pin=1"/></net>

<net id="85"><net_src comp="0" pin="0"/><net_sink comp="80" pin=0"/></net>

<net id="86"><net_src comp="32" pin="0"/><net_sink comp="80" pin=1"/></net>

<net id="92"><net_src comp="0" pin="0"/><net_sink comp="87" pin=0"/></net>

<net id="93"><net_src comp="32" pin="0"/><net_sink comp="87" pin=1"/></net>

<net id="99"><net_src comp="0" pin="0"/><net_sink comp="94" pin=0"/></net>

<net id="100"><net_src comp="32" pin="0"/><net_sink comp="94" pin=1"/></net>

<net id="106"><net_src comp="0" pin="0"/><net_sink comp="101" pin=0"/></net>

<net id="107"><net_src comp="32" pin="0"/><net_sink comp="101" pin=1"/></net>

<net id="125"><net_src comp="80" pin="3"/><net_sink comp="108" pin=8"/></net>

<net id="126"><net_src comp="87" pin="3"/><net_sink comp="108" pin=5"/></net>

<net id="127"><net_src comp="94" pin="3"/><net_sink comp="108" pin=2"/></net>

<net id="128"><net_src comp="101" pin="3"/><net_sink comp="108" pin=0"/></net>

<net id="134"><net_src comp="10" pin="0"/><net_sink comp="129" pin=0"/></net>

<net id="135"><net_src comp="32" pin="0"/><net_sink comp="129" pin=1"/></net>

<net id="141"><net_src comp="129" pin="3"/><net_sink comp="136" pin=0"/></net>

<net id="146"><net_src comp="40" pin="0"/><net_sink comp="142" pin=1"/></net>

<net id="163"><net_src comp="108" pin="15"/><net_sink comp="159" pin=1"/></net>

<net id="168"><net_src comp="108" pin="11"/><net_sink comp="164" pin=1"/></net>

<net id="173"><net_src comp="108" pin="7"/><net_sink comp="169" pin=1"/></net>

<net id="178"><net_src comp="108" pin="3"/><net_sink comp="174" pin=1"/></net>

<net id="183"><net_src comp="26" pin="0"/><net_sink comp="179" pin=0"/></net>

<net id="191"><net_src comp="184" pin="1"/><net_sink comp="187" pin=0"/></net>

<net id="192"><net_src comp="28" pin="0"/><net_sink comp="187" pin=1"/></net>

<net id="197"><net_src comp="184" pin="1"/><net_sink comp="193" pin=0"/></net>

<net id="198"><net_src comp="30" pin="0"/><net_sink comp="193" pin=1"/></net>

<net id="202"><net_src comp="184" pin="1"/><net_sink comp="199" pin=0"/></net>

<net id="203"><net_src comp="199" pin="1"/><net_sink comp="80" pin=2"/></net>

<net id="207"><net_src comp="184" pin="1"/><net_sink comp="204" pin=0"/></net>

<net id="211"><net_src comp="184" pin="1"/><net_sink comp="208" pin=0"/></net>

<net id="216"><net_src comp="208" pin="1"/><net_sink comp="212" pin=0"/></net>

<net id="217"><net_src comp="34" pin="0"/><net_sink comp="212" pin=1"/></net>

<net id="221"><net_src comp="212" pin="2"/><net_sink comp="218" pin=0"/></net>

<net id="222"><net_src comp="218" pin="1"/><net_sink comp="87" pin=2"/></net>

<net id="227"><net_src comp="208" pin="1"/><net_sink comp="223" pin=0"/></net>

<net id="228"><net_src comp="36" pin="0"/><net_sink comp="223" pin=1"/></net>

<net id="232"><net_src comp="223" pin="2"/><net_sink comp="229" pin=0"/></net>

<net id="233"><net_src comp="229" pin="1"/><net_sink comp="94" pin=2"/></net>

<net id="238"><net_src comp="204" pin="1"/><net_sink comp="234" pin=0"/></net>

<net id="239"><net_src comp="38" pin="0"/><net_sink comp="234" pin=1"/></net>

<net id="243"><net_src comp="234" pin="2"/><net_sink comp="240" pin=0"/></net>

<net id="244"><net_src comp="240" pin="1"/><net_sink comp="101" pin=2"/></net>

<net id="249"><net_src comp="193" pin="2"/><net_sink comp="245" pin=0"/></net>

<net id="253"><net_src comp="155" pin="2"/><net_sink comp="250" pin=0"/></net>

<net id="254"><net_src comp="250" pin="1"/><net_sink comp="136" pin=1"/></net>

<net id="258"><net_src comp="52" pin="1"/><net_sink comp="255" pin=0"/></net>

<net id="259"><net_src comp="255" pin="1"/><net_sink comp="179" pin=1"/></net>

<net id="260"><net_src comp="255" pin="1"/><net_sink comp="184" pin=0"/></net>

<net id="261"><net_src comp="255" pin="1"/><net_sink comp="245" pin=1"/></net>

<net id="265"><net_src comp="56" pin="2"/><net_sink comp="262" pin=0"/></net>

<net id="266"><net_src comp="262" pin="1"/><net_sink comp="174" pin=0"/></net>

<net id="270"><net_src comp="62" pin="2"/><net_sink comp="267" pin=0"/></net>

<net id="271"><net_src comp="267" pin="1"/><net_sink comp="169" pin=0"/></net>

<net id="275"><net_src comp="68" pin="2"/><net_sink comp="272" pin=0"/></net>

<net id="276"><net_src comp="272" pin="1"/><net_sink comp="164" pin=0"/></net>

<net id="280"><net_src comp="74" pin="2"/><net_sink comp="277" pin=0"/></net>

<net id="281"><net_src comp="277" pin="1"/><net_sink comp="159" pin=0"/></net>

<net id="285"><net_src comp="187" pin="2"/><net_sink comp="282" pin=0"/></net>

<net id="289"><net_src comp="199" pin="1"/><net_sink comp="286" pin=0"/></net>

<net id="290"><net_src comp="286" pin="1"/><net_sink comp="129" pin=2"/></net>

<net id="294"><net_src comp="80" pin="3"/><net_sink comp="291" pin=0"/></net>

<net id="295"><net_src comp="291" pin="1"/><net_sink comp="108" pin=8"/></net>

<net id="299"><net_src comp="87" pin="3"/><net_sink comp="296" pin=0"/></net>

<net id="300"><net_src comp="296" pin="1"/><net_sink comp="108" pin=5"/></net>

<net id="304"><net_src comp="94" pin="3"/><net_sink comp="301" pin=0"/></net>

<net id="305"><net_src comp="301" pin="1"/><net_sink comp="108" pin=2"/></net>

<net id="309"><net_src comp="101" pin="3"/><net_sink comp="306" pin=0"/></net>

<net id="310"><net_src comp="306" pin="1"/><net_sink comp="108" pin=0"/></net>

<net id="314"><net_src comp="108" pin="15"/><net_sink comp="311" pin=0"/></net>

<net id="315"><net_src comp="311" pin="1"/><net_sink comp="159" pin=1"/></net>

<net id="319"><net_src comp="108" pin="11"/><net_sink comp="316" pin=0"/></net>

<net id="320"><net_src comp="316" pin="1"/><net_sink comp="164" pin=1"/></net>

<net id="324"><net_src comp="108" pin="7"/><net_sink comp="321" pin=0"/></net>

<net id="325"><net_src comp="321" pin="1"/><net_sink comp="169" pin=1"/></net>

<net id="329"><net_src comp="108" pin="3"/><net_sink comp="326" pin=0"/></net>

<net id="330"><net_src comp="326" pin="1"/><net_sink comp="174" pin=1"/></net>

<net id="334"><net_src comp="159" pin="2"/><net_sink comp="331" pin=0"/></net>

<net id="335"><net_src comp="331" pin="1"/><net_sink comp="142" pin=0"/></net>

<net id="339"><net_src comp="164" pin="2"/><net_sink comp="336" pin=0"/></net>

<net id="340"><net_src comp="336" pin="1"/><net_sink comp="147" pin=1"/></net>

<net id="344"><net_src comp="169" pin="2"/><net_sink comp="341" pin=0"/></net>

<net id="345"><net_src comp="341" pin="1"/><net_sink comp="151" pin=1"/></net>

<net id="349"><net_src comp="174" pin="2"/><net_sink comp="346" pin=0"/></net>

<net id="350"><net_src comp="346" pin="1"/><net_sink comp="155" pin=1"/></net>

<net id="354"><net_src comp="142" pin="2"/><net_sink comp="351" pin=0"/></net>

<net id="355"><net_src comp="351" pin="1"/><net_sink comp="147" pin=0"/></net>

<net id="359"><net_src comp="147" pin="2"/><net_sink comp="356" pin=0"/></net>

<net id="360"><net_src comp="356" pin="1"/><net_sink comp="151" pin=0"/></net>

<net id="364"><net_src comp="151" pin="2"/><net_sink comp="361" pin=0"/></net>

<net id="365"><net_src comp="361" pin="1"/><net_sink comp="155" pin=0"/></net>

</net_list>

</model> 
---------------- Datapath Model END ------------------

* FSMD analyzer results:
  - Output states:
	Port: output_r | {11 }
 - Input state : 
	Port: graph_moe_Pipeline_VITIS_LOOP_157_15 : expert_output | {1 2 }
	Port: graph_moe_Pipeline_VITIS_LOOP_157_15 : bitcast_ln162 | {1 }
	Port: graph_moe_Pipeline_VITIS_LOOP_157_15 : bitcast_ln162_1 | {1 }
	Port: graph_moe_Pipeline_VITIS_LOOP_157_15 : bitcast_ln162_2 | {1 }
	Port: graph_moe_Pipeline_VITIS_LOOP_157_15 : bitcast_ln162_3 | {1 }
	Port: graph_moe_Pipeline_VITIS_LOOP_157_15 : output_r | {}
  - Chain level:
	State 1
		store_ln157 : 1
		obj_1 : 1
		icmp_ln157 : 2
		add_ln157 : 2
		br_ln157 : 3
		zext_ln157 : 2
		zext_ln162 : 2
		zext_ln162_1 : 2
		expert_output_addr : 3
		add_ln162 : 3
		zext_ln162_2 : 4
		expert_output_addr_1 : 5
		add_ln162_1 : 3
		zext_ln162_3 : 4
		expert_output_addr_2 : 5
		add_ln162_2 : 3
		zext_ln162_4 : 4
		expert_output_addr_3 : 5
		expert_output_load : 4
		expert_output_load_1 : 6
		expert_output_load_2 : 6
		expert_output_load_3 : 6
		store_ln157 : 3
	State 2
		mul1 : 1
		mul229_1 : 1
		mul229_2 : 1
		mul229_3 : 1
	State 3
	State 4
	State 5
	State 6
	State 7
	State 8
	State 9
	State 10
	State 11
		bitcast_ln165 : 1
		store_ln165 : 2


============================================================
+ Verbose Summary: Datapath Resource usage 
============================================================

* Functional unit list:
|----------|---------------------------------|---------|---------|---------|
| Operation|         Functional Unit         |   DSP   |    FF   |   LUT   |
|----------|---------------------------------|---------|---------|---------|
|          |            grp_fu_142           |    2    |   177   |   233   |
|   fadd   |            grp_fu_147           |    2    |   177   |   233   |
|          |            grp_fu_151           |    2    |   177   |   233   |
|          |            grp_fu_155           |    2    |   177   |   233   |
|----------|---------------------------------|---------|---------|---------|
|          |            grp_fu_159           |    3    |   128   |    78   |
|   fmul   |            grp_fu_164           |    3    |   128   |    78   |
|          |            grp_fu_169           |    3    |   128   |    78   |
|          |            grp_fu_174           |    3    |   128   |    78   |
|----------|---------------------------------|---------|---------|---------|
|          |         add_ln157_fu_193        |    0    |    0    |    10   |
|    add   |         add_ln162_fu_212        |    0    |    0    |    12   |
|          |        add_ln162_1_fu_223       |    0    |    0    |    12   |
|          |        add_ln162_2_fu_234       |    0    |    0    |    12   |
|----------|---------------------------------|---------|---------|---------|
|   icmp   |        icmp_ln157_fu_187        |    0    |    0    |    10   |
|----------|---------------------------------|---------|---------|---------|
|          | bitcast_ln162_3_read_read_fu_56 |    0    |    0    |    0    |
|   read   | bitcast_ln162_2_read_read_fu_62 |    0    |    0    |    0    |
|          | bitcast_ln162_1_read_read_fu_68 |    0    |    0    |    0    |
|          |  bitcast_ln162_read_read_fu_74  |    0    |    0    |    0    |
|----------|---------------------------------|---------|---------|---------|
|          |        zext_ln157_fu_199        |    0    |    0    |    0    |
|          |        zext_ln162_fu_204        |    0    |    0    |    0    |
|   zext   |       zext_ln162_1_fu_208       |    0    |    0    |    0    |
|          |       zext_ln162_2_fu_218       |    0    |    0    |    0    |
|          |       zext_ln162_3_fu_229       |    0    |    0    |    0    |
|          |       zext_ln162_4_fu_240       |    0    |    0    |    0    |
|----------|---------------------------------|---------|---------|---------|
|   Total  |                                 |    20   |   1220  |   1300  |
|----------|---------------------------------|---------|---------|---------|

Memories:
N/A

* Register list:
+----------------------------+--------+
|                            |   FF   |
+----------------------------+--------+
|bitcast_ln162_1_read_reg_272|   32   |
|bitcast_ln162_2_read_reg_267|   32   |
|bitcast_ln162_3_read_reg_262|   32   |
| bitcast_ln162_read_reg_277 |   32   |
|expert_output_addr_1_reg_296|    5   |
|expert_output_addr_2_reg_301|    5   |
|expert_output_addr_3_reg_306|    5   |
| expert_output_addr_reg_291 |    5   |
|expert_output_load_1_reg_316|   32   |
|expert_output_load_2_reg_321|   32   |
|expert_output_load_3_reg_326|   32   |
| expert_output_load_reg_311 |   32   |
|     icmp_ln157_reg_282     |    1   |
|        mul1_reg_331        |   32   |
|      mul229_1_reg_336      |   32   |
|      mul229_2_reg_341      |   32   |
|      mul229_3_reg_346      |   32   |
|         obj_reg_255        |    3   |
|        sum_3_reg_356       |   32   |
|        sum_4_reg_361       |   32   |
|         sum_reg_351        |   32   |
|     zext_ln157_reg_286     |   64   |
+----------------------------+--------+
|            Total           |   568  |
+----------------------------+--------+

* Multiplexer (MUX) list: 
|-------------------|------|------|------|--------||---------||---------|
|        Comp       |  Pin | Size |  BW  | S x BW ||  Delay  ||   LUT   |
|-------------------|------|------|------|--------||---------||---------|
| grp_access_fu_108 |  p0  |   2  |   5  |   10   ||    9    |
| grp_access_fu_108 |  p2  |   2  |   0  |    0   ||    9    |
| grp_access_fu_108 |  p5  |   2  |  32  |   64   ||    9    |
| grp_access_fu_108 |  p8  |   2  |   5  |   10   ||    9    |
|     grp_fu_159    |  p1  |   2  |  32  |   64   ||    9    |
|     grp_fu_164    |  p1  |   2  |  32  |   64   ||    9    |
|     grp_fu_169    |  p1  |   2  |  32  |   64   ||    9    |
|     grp_fu_174    |  p1  |   2  |  32  |   64   ||    9    |
|-------------------|------|------|------|--------||---------||---------|
|       Total       |      |      |      |   340  ||  2.896  ||    72   |
|-------------------|------|------|------|--------||---------||---------|



* Summary:
+-----------+--------+--------+--------+--------+
|           |   DSP  |  Delay |   FF   |   LUT  |
+-----------+--------+--------+--------+--------+
|  Function |   20   |    -   |  1220  |  1300  |
|   Memory  |    -   |    -   |    -   |    -   |
|Multiplexer|    -   |    2   |    -   |   72   |
|  Register |    -   |    -   |   568  |    -   |
+-----------+--------+--------+--------+--------+
|   Total   |   20   |    2   |  1788  |  1372  |
+-----------+--------+--------+--------+--------+
