INFO: [SIM 2] *************** CSIM start ***************
INFO: [SIM 4] CSIM will launch GCC as the compiler.
   Compiling ../../../../../tb/moe_tb.cpp in debug mode
   Compiling ../../../../../src/moe.cpp in debug mode
   Generating csim.exe
=============================================
 HMoE Output-MoE HLS Testbench - Run 9
=============================================
Input and expected data loaded.

---------------------------------------------
Sample 0
---------------------------------------------
Gates:
  Expert 0: HLS = 0.182462752 SW = 0.182462722 diff = 0.000000030
  Expert 1: HLS = 0.198732600 SW = 0.198732600 diff = 0.000000000
  Expert 2: HLS = 0.231606603 SW = 0.231606647 diff = 0.000000045
  Expert 3: HLS = 0.387198091 SW = 0.387198091 diff = 0.000000000
  Gate sum = 1.000000000
Outputs:
  perf     = 4.000479698 SW = 4.000480175 diff = 0.000000477
  util-LUT = -0.926121652
  util-FF  = -0.015044779
  util-DSP = -9.773054123
  util-BRAM = 0.032067947

---------------------------------------------
Sample 1
---------------------------------------------
Gates:
  Expert 0: HLS = 0.297132343 SW = 0.297132373 diff = 0.000000030
  Expert 1: HLS = 0.216121390 SW = 0.216121450 diff = 0.000000060
  Expert 2: HLS = 0.259085834 SW = 0.259085834 diff = 0.000000000
  Expert 3: HLS = 0.227660403 SW = 0.227660403 diff = 0.000000000
  Gate sum = 1.000000000
Outputs:
  perf     = 2.039876223 SW = 2.039876699 diff = 0.000000477
  util-LUT = -0.841443777
  util-FF  = -0.057315722
  util-DSP = -8.756803513
  util-BRAM = 0.042256996

---------------------------------------------
Sample 2
---------------------------------------------
Gates:
  Expert 0: HLS = 0.139073625 SW = 0.139073595 diff = 0.000000030
  Expert 1: HLS = 0.447972566 SW = 0.447972625 diff = 0.000000060
  Expert 2: HLS = 0.332869619 SW = 0.332869589 diff = 0.000000030
  Expert 3: HLS = 0.080084153 SW = 0.080084167 diff = 0.000000015
  Gate sum = 0.999999940
Outputs:
  perf     = 2.869521856 SW = 2.869522333 diff = 0.000000477
  util-LUT = -0.746919394
  util-FF  = 0.358789206
  util-DSP = -9.117859840
  util-BRAM = 0.367429078

---------------------------------------------
Sample 3
---------------------------------------------
Gates:
  Expert 0: HLS = 0.307586133 SW = 0.307586133 diff = 0.000000000
  Expert 1: HLS = 0.281439811 SW = 0.281439811 diff = 0.000000000
  Expert 2: HLS = 0.225919172 SW = 0.225919187 diff = 0.000000015
  Expert 3: HLS = 0.185054883 SW = 0.185054883 diff = 0.000000000
  Gate sum = 1.000000000
Outputs:
  perf     = 5.272300243 SW = 5.272299767 diff = 0.000000477
  util-LUT = -0.070086896
  util-FF  = 0.278058469
  util-DSP = -8.355054855
  util-BRAM = 0.014415607

---------------------------------------------
Sample 4
---------------------------------------------
Gates:
  Expert 0: HLS = 0.192756623 SW = 0.192756578 diff = 0.000000045
  Expert 1: HLS = 0.299538285 SW = 0.299538314 diff = 0.000000030
  Expert 2: HLS = 0.307655782 SW = 0.307655782 diff = 0.000000000
  Expert 3: HLS = 0.200049296 SW = 0.200049311 diff = 0.000000015
  Gate sum = 1.000000000
Outputs:
  perf     = 4.948126793 SW = 4.948126316 diff = 0.000000477
  util-LUT = -0.827049494
  util-FF  = 0.132196665
  util-DSP = -13.673806190
  util-BRAM = 0.082070634

---------------------------------------------
Sample 5
---------------------------------------------
Gates:
  Expert 0: HLS = 0.259144485 SW = 0.259144485 diff = 0.000000000
  Expert 1: HLS = 0.222549528 SW = 0.222549543 diff = 0.000000015
  Expert 2: HLS = 0.214839891 SW = 0.214839861 diff = 0.000000030
  Expert 3: HLS = 0.303466111 SW = 0.303466082 diff = 0.000000030
  Gate sum = 1.000000000
Outputs:
  perf     = 2.494978905 SW = 2.494978666 diff = 0.000000238
  util-LUT = -1.074996233
  util-FF  = -0.055231310
  util-DSP = -12.117062569
  util-BRAM = 0.119186044

---------------------------------------------
Sample 6
---------------------------------------------
Gates:
  Expert 0: HLS = 0.340763390 SW = 0.340763450 diff = 0.000000060
  Expert 1: HLS = 0.234007180 SW = 0.234007165 diff = 0.000000015
  Expert 2: HLS = 0.155415282 SW = 0.155415252 diff = 0.000000030
  Expert 3: HLS = 0.269814074 SW = 0.269814074 diff = 0.000000000
  Gate sum = 0.999999940
Outputs:
  perf     = -1.375594378 SW = -0.456107765 diff = 0.919486642
  util-LUT = -0.695426762
  util-FF  = 0.022492759
  util-DSP = -5.286158562
  util-BRAM = -0.000793576
  WARNING: Known Sample 6 perf mismatch ignored for CSim PASS.

---------------------------------------------
Sample 7
---------------------------------------------
Gates:
  Expert 0: HLS = 0.127910525 SW = 0.127910525 diff = 0.000000000
  Expert 1: HLS = 0.194053233 SW = 0.194053218 diff = 0.000000015
  Expert 2: HLS = 0.351002634 SW = 0.351002604 diff = 0.000000030
  Expert 3: HLS = 0.327033639 SW = 0.327033609 diff = 0.000000030
  Gate sum = 1.000000000
Outputs:
  perf     = 4.998438835 SW = 4.998438835 diff = 0.000000000
  util-LUT = -1.567183614
  util-FF  = 0.064860001
  util-DSP = -19.917293549
  util-BRAM = 0.005016796

---------------------------------------------
Sample 8
---------------------------------------------
Gates:
  Expert 0: HLS = 0.338510841 SW = 0.338510841 diff = 0.000000000
  Expert 1: HLS = 0.268856883 SW = 0.268856883 diff = 0.000000000
  Expert 2: HLS = 0.178147987 SW = 0.178147972 diff = 0.000000015
  Expert 3: HLS = 0.214484259 SW = 0.214484245 diff = 0.000000015
  Gate sum = 1.000000000
Outputs:
  perf     = 4.369911194 SW = 4.369911194 diff = 0.000000000
  util-LUT = -0.240535945
  util-FF  = 0.006085016
  util-DSP = -7.227155209
  util-BRAM = 0.020479076

---------------------------------------------
Sample 9
---------------------------------------------
Gates:
  Expert 0: HLS = 0.217968881 SW = 0.217968926 diff = 0.000000045
  Expert 1: HLS = 0.192384109 SW = 0.192384109 diff = 0.000000000
  Expert 2: HLS = 0.280519694 SW = 0.280519664 diff = 0.000000030
  Expert 3: HLS = 0.309127301 SW = 0.309127301 diff = 0.000000000
  Gate sum = 1.000000000
Outputs:
  perf     = 2.801645517 SW = 2.801645279 diff = 0.000000238
  util-LUT = -1.728290319
  util-FF  = -0.050250605
  util-DSP = -18.281902313
  util-BRAM = 0.081840016

=============================================
PASS: HLS output-MoE functional checks passed.
Known Sample 6 perf discrepancy was ignored.
=============================================
INFO: [SIM 1] CSim done with 0 errors.
INFO: [SIM 3] *************** CSIM finish ***************
