

================================================================
== Vitis HLS Report for 'combine_experts12_Pipeline_VITIS_LOOP_64_1'
================================================================
* Date:           Sun Sep 20 21:17:03 2026

* Version:        2023.2 (Build 4023990 on Oct 11 2023)
* Project:        project
* Solution:       solution1 (Vivado IP Flow Target)
* Product family: virtexuplus
* Target device:  xcvu13p_CIV-figd2104-3-e


================================================================
== Performance Estimates
================================================================
+ Timing: 
    * Summary: 
    +--------+----------+----------+------------+
    |  Clock |  Target  | Estimated| Uncertainty|
    +--------+----------+----------+------------+
    |ap_clk  |  10.00 ns|  7.072 ns|     2.70 ns|
    +--------+----------+----------+------------+

+ Latency: 
    * Summary: 
    +---------+---------+----------+----------+-----+-----+---------+
    |  Latency (cycles) |  Latency (absolute) |  Interval | Pipeline|
    |   min   |   max   |    min   |    max   | min | max |   Type  |
    +---------+---------+----------+----------+-----+-----+---------+
    |       73|       73|  0.730 us|  0.730 us|   73|   73|       no|
    +---------+---------+----------+----------+-----+-----+---------+

    + Detail: 
        * Instance: 
        N/A

        * Loop: 
        +-------------------+---------+---------+----------+-----------+-----------+------+----------+
        |                   |  Latency (cycles) | Iteration|  Initiation Interval  | Trip |          |
        |     Loop Name     |   min   |   max   |  Latency |  achieved |   target  | Count| Pipelined|
        +-------------------+---------+---------+----------+-----------+-----------+------+----------+
        |- VITIS_LOOP_64_1  |       71|       71|         9|          1|          1|    64|       yes|
        +-------------------+---------+---------+----------+-----------+-----------+------+----------+



================================================================
== Utilization Estimates
================================================================
* Summary: 
+---------------------+---------+-------+---------+---------+------+
|         Name        | BRAM_18K|  DSP  |    FF   |   LUT   | URAM |
+---------------------+---------+-------+---------+---------+------+
|DSP                  |        -|      -|        -|        -|     -|
|Expression           |        -|      -|        0|       31|     -|
|FIFO                 |        -|      -|        -|        -|     -|
|Instance             |        -|     18|     1043|     1011|     -|
|Memory               |        -|      -|        -|        -|     -|
|Multiplexer          |        -|      -|        -|       36|     -|
|Register             |        -|      -|      287|       32|     -|
+---------------------+---------+-------+---------+---------+------+
|Total                |        0|     18|     1330|     1110|     0|
+---------------------+---------+-------+---------+---------+------+
|Available SLR        |     1344|   3072|   864000|   432000|   320|
+---------------------+---------+-------+---------+---------+------+
|Utilization SLR (%)  |        0|     ~0|       ~0|       ~0|     0|
+---------------------+---------+-------+---------+---------+------+
|Available            |     5376|  12288|  3456000|  1728000|  1280|
+---------------------+---------+-------+---------+---------+------+
|Utilization (%)      |        0|     ~0|       ~0|       ~0|     0|
+---------------------+---------+-------+---------+---------+------+

+ Detail: 
    * Instance: 
    +-------------------------------------+--------------------------------+---------+----+-----+-----+-----+
    |               Instance              |             Module             | BRAM_18K| DSP|  FF | LUT | URAM|
    +-------------------------------------+--------------------------------+---------+----+-----+-----+-----+
    |fadd_32ns_32ns_32_2_full_dsp_1_U581  |fadd_32ns_32ns_32_2_full_dsp_1  |        0|   2|  177|  233|    0|
    |fadd_32ns_32ns_32_2_full_dsp_1_U582  |fadd_32ns_32ns_32_2_full_dsp_1  |        0|   2|  177|  233|    0|
    |fadd_32ns_32ns_32_2_full_dsp_1_U583  |fadd_32ns_32ns_32_2_full_dsp_1  |        0|   2|  177|  233|    0|
    |fmul_32ns_32ns_32_2_max_dsp_1_U584   |fmul_32ns_32ns_32_2_max_dsp_1   |        0|   3|  128|   78|    0|
    |fmul_32ns_32ns_32_2_max_dsp_1_U585   |fmul_32ns_32ns_32_2_max_dsp_1   |        0|   3|  128|   78|    0|
    |fmul_32ns_32ns_32_2_max_dsp_1_U586   |fmul_32ns_32ns_32_2_max_dsp_1   |        0|   3|  128|   78|    0|
    |fmul_32ns_32ns_32_2_max_dsp_1_U587   |fmul_32ns_32ns_32_2_max_dsp_1   |        0|   3|  128|   78|    0|
    +-------------------------------------+--------------------------------+---------+----+-----+-----+-----+
    |Total                                |                                |        0|  18| 1043| 1011|    0|
    +-------------------------------------+--------------------------------+---------+----+-----+-----+-----+

    * DSP: 
    N/A

    * Memory: 
    N/A

    * FIFO: 
    N/A

    * Expression: 
    +---------------------+----------+----+---+----+------------+------------+
    |    Variable Name    | Operation| DSP| FF| LUT| Bitwidth P0| Bitwidth P1|
    +---------------------+----------+----+---+----+------------+------------+
    |add_ln64_fu_184_p2   |         +|   0|  0|  14|           7|           1|
    |icmp_ln64_fu_178_p2  |      icmp|   0|  0|  15|           7|           8|
    |ap_enable_pp0        |       xor|   0|  0|   2|           1|           2|
    +---------------------+----------+----+---+----+------------+------------+
    |Total                |          |   0|  0|  31|          15|          11|
    +---------------------+----------+----+---+----+------------+------------+

    * Multiplexer: 
    +-------------------------+----+-----------+-----+-----------+
    |           Name          | LUT| Input Size| Bits| Total Bits|
    +-------------------------+----+-----------+-----+-----------+
    |ap_done_int              |   9|          2|    1|          2|
    |ap_enable_reg_pp0_iter1  |   9|          2|    1|          2|
    |ap_sig_allocacmp_o_2     |   9|          2|    7|         14|
    |o_fu_44                  |   9|          2|    7|         14|
    +-------------------------+----+-----------+-----+-----------+
    |Total                    |  36|          8|   16|         32|
    +-------------------------+----+-----------+-----+-----------+

    * Register: 
    +----------------------------------+----+----+-----+-----------+
    |               Name               | FF | LUT| Bits| Const Bits|
    +----------------------------------+----+----+-----+-----------+
    |add1_reg_299                      |  32|   0|   32|          0|
    |add_reg_279                       |  32|   0|   32|          0|
    |ap_CS_fsm                         |   1|   0|    1|          0|
    |ap_done_reg                       |   1|   0|    1|          0|
    |ap_enable_reg_pp0_iter1           |   1|   0|    1|          0|
    |ap_enable_reg_pp0_iter2           |   1|   0|    1|          0|
    |ap_enable_reg_pp0_iter3           |   1|   0|    1|          0|
    |ap_enable_reg_pp0_iter4           |   1|   0|    1|          0|
    |ap_enable_reg_pp0_iter5           |   1|   0|    1|          0|
    |ap_enable_reg_pp0_iter6           |   1|   0|    1|          0|
    |ap_enable_reg_pp0_iter7           |   1|   0|    1|          0|
    |ap_enable_reg_pp0_iter8           |   1|   0|    1|          0|
    |ap_loop_exit_ready_pp0_iter1_reg  |   1|   0|    1|          0|
    |ap_loop_exit_ready_pp0_iter2_reg  |   1|   0|    1|          0|
    |ap_loop_exit_ready_pp0_iter3_reg  |   1|   0|    1|          0|
    |ap_loop_exit_ready_pp0_iter4_reg  |   1|   0|    1|          0|
    |ap_loop_exit_ready_pp0_iter5_reg  |   1|   0|    1|          0|
    |ap_loop_exit_ready_pp0_iter6_reg  |   1|   0|    1|          0|
    |ap_loop_exit_ready_pp0_iter7_reg  |   1|   0|    1|          0|
    |mul1_reg_304                      |  32|   0|   32|          0|
    |mul5_reg_264                      |  32|   0|   32|          0|
    |mul9_reg_284                      |  32|   0|   32|          0|
    |mul_reg_259                       |  32|   0|   32|          0|
    |o_fu_44                           |   7|   0|    7|          0|
    |zext_ln64_reg_232                 |   7|   0|   64|         57|
    |zext_ln64_reg_232                 |  64|  32|   64|         57|
    +----------------------------------+----+----+-----+-----------+
    |Total                             | 287|  32|  344|        114|
    +----------------------------------+----+----+-----+-----------+



================================================================
== Interface
================================================================
* Summary: 
+-----------------+-----+-----+------------+--------------------------------------------+--------------+
|    RTL Ports    | Dir | Bits|  Protocol  |                Source Object               |    C Type    |
+-----------------+-----+-----+------------+--------------------------------------------+--------------+
|ap_clk           |   in|    1|  ap_ctrl_hs|  combine_experts12_Pipeline_VITIS_LOOP_64_1|  return value|
|ap_rst           |   in|    1|  ap_ctrl_hs|  combine_experts12_Pipeline_VITIS_LOOP_64_1|  return value|
|ap_start         |   in|    1|  ap_ctrl_hs|  combine_experts12_Pipeline_VITIS_LOOP_64_1|  return value|
|ap_done          |  out|    1|  ap_ctrl_hs|  combine_experts12_Pipeline_VITIS_LOOP_64_1|  return value|
|ap_idle          |  out|    1|  ap_ctrl_hs|  combine_experts12_Pipeline_VITIS_LOOP_64_1|  return value|
|ap_ready         |  out|    1|  ap_ctrl_hs|  combine_experts12_Pipeline_VITIS_LOOP_64_1|  return value|
|r0_address0      |  out|    6|   ap_memory|                                          r0|         array|
|r0_ce0           |  out|    1|   ap_memory|                                          r0|         array|
|r0_q0            |   in|   32|   ap_memory|                                          r0|         array|
|gates_load       |   in|   32|     ap_none|                                  gates_load|        scalar|
|r1_address0      |  out|    6|   ap_memory|                                          r1|         array|
|r1_ce0           |  out|    1|   ap_memory|                                          r1|         array|
|r1_q0            |   in|   32|   ap_memory|                                          r1|         array|
|gates_load_1     |   in|   32|     ap_none|                                gates_load_1|        scalar|
|r2_address0      |  out|    6|   ap_memory|                                          r2|         array|
|r2_ce0           |  out|    1|   ap_memory|                                          r2|         array|
|r2_q0            |   in|   32|   ap_memory|                                          r2|         array|
|gates_load_2     |   in|   32|     ap_none|                                gates_load_2|        scalar|
|r3_address0      |  out|    6|   ap_memory|                                          r3|         array|
|r3_ce0           |  out|    1|   ap_memory|                                          r3|         array|
|r3_q0            |   in|   32|   ap_memory|                                          r3|         array|
|gates_load_3     |   in|   32|     ap_none|                                gates_load_3|        scalar|
|result_address0  |  out|    6|   ap_memory|                                      result|         array|
|result_ce0       |  out|    1|   ap_memory|                                      result|         array|
|result_we0       |  out|    1|   ap_memory|                                      result|         array|
|result_d0        |  out|   32|   ap_memory|                                      result|         array|
+-----------------+-----+-----+------------+--------------------------------------------+--------------+

============================================================
+ Verbose Summary: Synthesis Manager
============================================================
InlineROM: 1
ExposeGlobal: 0
============================================================
+ Verbose Summary: CDFG Model
============================================================
IsTopModel: 0
ResetActiveHigh: 1
IsCombinational: 2
IsDatapathOnly: 2
HasWiredReturn: 1
HasMFsm: 2
HasVarLatency: 1
IsPipeline: 0
IsRtlPipelined: 0
IsInstanceOverlapped: 0
IsDontTouch: 0
HasImplIP: 0
IsGatedGlobalClock: 0

+ Individual pipeline summary: 
  * Pipeline-0: initiation interval (II) = 1, depth = 9


============================================================
+ Verbose Summary: Schedule
============================================================
* Number of FSM states : 9
* Pipeline : 1
  Pipeline-0 : II = 1, D = 9, States = { 1 2 3 4 5 6 7 8 9 }
* Dataflow Pipeline: 0

* FSM state transitions: 
1 --> 2 
2 --> 3 
3 --> 4 
4 --> 5 
5 --> 6 
6 --> 7 
7 --> 8 
8 --> 9 
9 --> 

* FSM state operations: 

State 1 <SV = 0> <Delay = 1.38>
ST_1 : Operation 12 [1/1] (0.00ns)   --->   "%o = alloca i32 1" [/home/simics/HMoE/HLS_HMoE/pseudo_block/run_11/src/pseudo_moe.cpp:64]   --->   Operation 12 'alloca' 'o' <Predicate = true> <Delay = 0.00>
ST_1 : Operation 13 [1/1] (0.00ns)   --->   "%gates_load_3_read = read i32 @_ssdm_op_Read.ap_auto.float, i32 %gates_load_3"   --->   Operation 13 'read' 'gates_load_3_read' <Predicate = true> <Delay = 0.00>
ST_1 : Operation 14 [1/1] (0.00ns)   --->   "%gates_load_2_read = read i32 @_ssdm_op_Read.ap_auto.float, i32 %gates_load_2"   --->   Operation 14 'read' 'gates_load_2_read' <Predicate = true> <Delay = 0.00>
ST_1 : Operation 15 [1/1] (0.00ns)   --->   "%gates_load_1_read = read i32 @_ssdm_op_Read.ap_auto.float, i32 %gates_load_1"   --->   Operation 15 'read' 'gates_load_1_read' <Predicate = true> <Delay = 0.00>
ST_1 : Operation 16 [1/1] (0.00ns)   --->   "%gates_load_read = read i32 @_ssdm_op_Read.ap_auto.float, i32 %gates_load"   --->   Operation 16 'read' 'gates_load_read' <Predicate = true> <Delay = 0.00>
ST_1 : Operation 17 [1/1] (0.36ns)   --->   "%store_ln64 = store i7 0, i7 %o" [/home/simics/HMoE/HLS_HMoE/pseudo_block/run_11/src/pseudo_moe.cpp:64]   --->   Operation 17 'store' 'store_ln64' <Predicate = true> <Delay = 0.36>
ST_1 : Operation 18 [1/1] (0.00ns)   --->   "%br_ln0 = br void %for.inc"   --->   Operation 18 'br' 'br_ln0' <Predicate = true> <Delay = 0.00>
ST_1 : Operation 19 [1/1] (0.00ns)   --->   "%o_2 = load i7 %o" [/home/simics/HMoE/HLS_HMoE/pseudo_block/run_11/src/pseudo_moe.cpp:64]   --->   Operation 19 'load' 'o_2' <Predicate = true> <Delay = 0.00>
ST_1 : Operation 20 [1/1] (0.65ns)   --->   "%icmp_ln64 = icmp_eq  i7 %o_2, i7 64" [/home/simics/HMoE/HLS_HMoE/pseudo_block/run_11/src/pseudo_moe.cpp:64]   --->   Operation 20 'icmp' 'icmp_ln64' <Predicate = true> <Delay = 0.65> <CoreInst = "Cmp">   --->   Core 9 'Cmp' <Latency = 0> <II = 1> <Delay = 0.65> <FuncUnit> <Opcode : 'icmp'> <InPorts = 2> <OutPorts = 1>
ST_1 : Operation 21 [1/1] (0.65ns)   --->   "%add_ln64 = add i7 %o_2, i7 1" [/home/simics/HMoE/HLS_HMoE/pseudo_block/run_11/src/pseudo_moe.cpp:64]   --->   Operation 21 'add' 'add_ln64' <Predicate = true> <Delay = 0.65> <CoreInst = "Adder">   --->   Core 1 'Adder' <Latency = 0> <II = 1> <Delay = 0.65> <FuncUnit> <Opcode : 'add' 'sub'> <InPorts = 2> <OutPorts = 1>
ST_1 : Operation 22 [1/1] (0.00ns)   --->   "%br_ln64 = br i1 %icmp_ln64, void %for.inc.split, void %for.end.exitStub" [/home/simics/HMoE/HLS_HMoE/pseudo_block/run_11/src/pseudo_moe.cpp:64]   --->   Operation 22 'br' 'br_ln64' <Predicate = true> <Delay = 0.00>
ST_1 : Operation 23 [1/1] (0.00ns)   --->   "%zext_ln64 = zext i7 %o_2" [/home/simics/HMoE/HLS_HMoE/pseudo_block/run_11/src/pseudo_moe.cpp:64]   --->   Operation 23 'zext' 'zext_ln64' <Predicate = (!icmp_ln64)> <Delay = 0.00>
ST_1 : Operation 24 [1/1] (0.00ns)   --->   "%r0_addr = getelementptr i32 %r0, i64 0, i64 %zext_ln64" [/home/simics/HMoE/HLS_HMoE/pseudo_block/run_11/src/pseudo_moe.cpp:66]   --->   Operation 24 'getelementptr' 'r0_addr' <Predicate = (!icmp_ln64)> <Delay = 0.00>
ST_1 : Operation 25 [2/2] (1.02ns)   --->   "%r0_load = load i6 %r0_addr" [/home/simics/HMoE/HLS_HMoE/pseudo_block/run_11/src/pseudo_moe.cpp:66]   --->   Operation 25 'load' 'r0_load' <Predicate = (!icmp_ln64)> <Delay = 1.02> <CoreInst = "RAM">   --->   Core 83 'RAM' <Latency = 1> <II = 1> <Delay = 1.02> <Storage> <Opcode : 'load' 'store'> <Ports = 2> <Width = 32> <Depth = 64> <RAM>
ST_1 : Operation 26 [1/1] (0.00ns)   --->   "%r1_addr = getelementptr i32 %r1, i64 0, i64 %zext_ln64" [/home/simics/HMoE/HLS_HMoE/pseudo_block/run_11/src/pseudo_moe.cpp:67]   --->   Operation 26 'getelementptr' 'r1_addr' <Predicate = (!icmp_ln64)> <Delay = 0.00>
ST_1 : Operation 27 [2/2] (1.02ns)   --->   "%r1_load = load i6 %r1_addr" [/home/simics/HMoE/HLS_HMoE/pseudo_block/run_11/src/pseudo_moe.cpp:67]   --->   Operation 27 'load' 'r1_load' <Predicate = (!icmp_ln64)> <Delay = 1.02> <CoreInst = "RAM">   --->   Core 83 'RAM' <Latency = 1> <II = 1> <Delay = 1.02> <Storage> <Opcode : 'load' 'store'> <Ports = 2> <Width = 32> <Depth = 64> <RAM>
ST_1 : Operation 28 [1/1] (0.36ns)   --->   "%store_ln64 = store i7 %add_ln64, i7 %o" [/home/simics/HMoE/HLS_HMoE/pseudo_block/run_11/src/pseudo_moe.cpp:64]   --->   Operation 28 'store' 'store_ln64' <Predicate = (!icmp_ln64)> <Delay = 0.36>

State 2 <SV = 1> <Delay = 4.90>
ST_2 : Operation 29 [1/2] (1.02ns)   --->   "%r0_load = load i6 %r0_addr" [/home/simics/HMoE/HLS_HMoE/pseudo_block/run_11/src/pseudo_moe.cpp:66]   --->   Operation 29 'load' 'r0_load' <Predicate = true> <Delay = 1.02> <CoreInst = "RAM">   --->   Core 83 'RAM' <Latency = 1> <II = 1> <Delay = 1.02> <Storage> <Opcode : 'load' 'store'> <Ports = 2> <Width = 32> <Depth = 64> <RAM>
ST_2 : Operation 30 [2/2] (3.88ns)   --->   "%mul = fmul i32 %gates_load_read, i32 %r0_load" [/home/simics/HMoE/HLS_HMoE/pseudo_block/run_11/src/pseudo_moe.cpp:66]   --->   Operation 30 'fmul' 'mul' <Predicate = true> <Delay = 3.88> <CoreInst = "FMul_maxdsp">   --->   Core 30 'FMul_maxdsp' <Latency = 1> <II = 1> <Delay = 3.88> <FuncUnit> <Opcode : 'fmul'> <InPorts = 2> <OutPorts = 1>
ST_2 : Operation 31 [1/2] (1.02ns)   --->   "%r1_load = load i6 %r1_addr" [/home/simics/HMoE/HLS_HMoE/pseudo_block/run_11/src/pseudo_moe.cpp:67]   --->   Operation 31 'load' 'r1_load' <Predicate = true> <Delay = 1.02> <CoreInst = "RAM">   --->   Core 83 'RAM' <Latency = 1> <II = 1> <Delay = 1.02> <Storage> <Opcode : 'load' 'store'> <Ports = 2> <Width = 32> <Depth = 64> <RAM>
ST_2 : Operation 32 [2/2] (3.88ns)   --->   "%mul5 = fmul i32 %gates_load_1_read, i32 %r1_load" [/home/simics/HMoE/HLS_HMoE/pseudo_block/run_11/src/pseudo_moe.cpp:67]   --->   Operation 32 'fmul' 'mul5' <Predicate = true> <Delay = 3.88> <CoreInst = "FMul_maxdsp">   --->   Core 30 'FMul_maxdsp' <Latency = 1> <II = 1> <Delay = 3.88> <FuncUnit> <Opcode : 'fmul'> <InPorts = 2> <OutPorts = 1>

State 3 <SV = 2> <Delay = 3.88>
ST_3 : Operation 33 [1/2] (3.88ns)   --->   "%mul = fmul i32 %gates_load_read, i32 %r0_load" [/home/simics/HMoE/HLS_HMoE/pseudo_block/run_11/src/pseudo_moe.cpp:66]   --->   Operation 33 'fmul' 'mul' <Predicate = true> <Delay = 3.88> <CoreInst = "FMul_maxdsp">   --->   Core 30 'FMul_maxdsp' <Latency = 1> <II = 1> <Delay = 3.88> <FuncUnit> <Opcode : 'fmul'> <InPorts = 2> <OutPorts = 1>
ST_3 : Operation 34 [1/2] (3.88ns)   --->   "%mul5 = fmul i32 %gates_load_1_read, i32 %r1_load" [/home/simics/HMoE/HLS_HMoE/pseudo_block/run_11/src/pseudo_moe.cpp:67]   --->   Operation 34 'fmul' 'mul5' <Predicate = true> <Delay = 3.88> <CoreInst = "FMul_maxdsp">   --->   Core 30 'FMul_maxdsp' <Latency = 1> <II = 1> <Delay = 3.88> <FuncUnit> <Opcode : 'fmul'> <InPorts = 2> <OutPorts = 1>
ST_3 : Operation 35 [1/1] (0.00ns)   --->   "%r2_addr = getelementptr i32 %r2, i64 0, i64 %zext_ln64" [/home/simics/HMoE/HLS_HMoE/pseudo_block/run_11/src/pseudo_moe.cpp:68]   --->   Operation 35 'getelementptr' 'r2_addr' <Predicate = true> <Delay = 0.00>
ST_3 : Operation 36 [2/2] (1.02ns)   --->   "%r2_load = load i6 %r2_addr" [/home/simics/HMoE/HLS_HMoE/pseudo_block/run_11/src/pseudo_moe.cpp:68]   --->   Operation 36 'load' 'r2_load' <Predicate = true> <Delay = 1.02> <CoreInst = "RAM">   --->   Core 83 'RAM' <Latency = 1> <II = 1> <Delay = 1.02> <Storage> <Opcode : 'load' 'store'> <Ports = 2> <Width = 32> <Depth = 64> <RAM>

State 4 <SV = 3> <Delay = 6.04>
ST_4 : Operation 37 [2/2] (6.04ns)   --->   "%add = fadd i32 %mul, i32 %mul5" [/home/simics/HMoE/HLS_HMoE/pseudo_block/run_11/src/pseudo_moe.cpp:67]   --->   Operation 37 'fadd' 'add' <Predicate = true> <Delay = 6.04> <CoreInst = "FAddSub_fulldsp">   --->   Core 18 'FAddSub_fulldsp' <Latency = 1> <II = 1> <Delay = 6.04> <FuncUnit> <Opcode : 'fadd' 'fsub'> <InPorts = 2> <OutPorts = 1>
ST_4 : Operation 38 [1/2] (1.02ns)   --->   "%r2_load = load i6 %r2_addr" [/home/simics/HMoE/HLS_HMoE/pseudo_block/run_11/src/pseudo_moe.cpp:68]   --->   Operation 38 'load' 'r2_load' <Predicate = true> <Delay = 1.02> <CoreInst = "RAM">   --->   Core 83 'RAM' <Latency = 1> <II = 1> <Delay = 1.02> <Storage> <Opcode : 'load' 'store'> <Ports = 2> <Width = 32> <Depth = 64> <RAM>
ST_4 : Operation 39 [2/2] (3.88ns)   --->   "%mul9 = fmul i32 %gates_load_2_read, i32 %r2_load" [/home/simics/HMoE/HLS_HMoE/pseudo_block/run_11/src/pseudo_moe.cpp:68]   --->   Operation 39 'fmul' 'mul9' <Predicate = true> <Delay = 3.88> <CoreInst = "FMul_maxdsp">   --->   Core 30 'FMul_maxdsp' <Latency = 1> <II = 1> <Delay = 3.88> <FuncUnit> <Opcode : 'fmul'> <InPorts = 2> <OutPorts = 1>

State 5 <SV = 4> <Delay = 6.04>
ST_5 : Operation 40 [1/2] (6.04ns)   --->   "%add = fadd i32 %mul, i32 %mul5" [/home/simics/HMoE/HLS_HMoE/pseudo_block/run_11/src/pseudo_moe.cpp:67]   --->   Operation 40 'fadd' 'add' <Predicate = true> <Delay = 6.04> <CoreInst = "FAddSub_fulldsp">   --->   Core 18 'FAddSub_fulldsp' <Latency = 1> <II = 1> <Delay = 6.04> <FuncUnit> <Opcode : 'fadd' 'fsub'> <InPorts = 2> <OutPorts = 1>
ST_5 : Operation 41 [1/2] (3.88ns)   --->   "%mul9 = fmul i32 %gates_load_2_read, i32 %r2_load" [/home/simics/HMoE/HLS_HMoE/pseudo_block/run_11/src/pseudo_moe.cpp:68]   --->   Operation 41 'fmul' 'mul9' <Predicate = true> <Delay = 3.88> <CoreInst = "FMul_maxdsp">   --->   Core 30 'FMul_maxdsp' <Latency = 1> <II = 1> <Delay = 3.88> <FuncUnit> <Opcode : 'fmul'> <InPorts = 2> <OutPorts = 1>
ST_5 : Operation 42 [1/1] (0.00ns)   --->   "%r3_addr = getelementptr i32 %r3, i64 0, i64 %zext_ln64" [/home/simics/HMoE/HLS_HMoE/pseudo_block/run_11/src/pseudo_moe.cpp:69]   --->   Operation 42 'getelementptr' 'r3_addr' <Predicate = true> <Delay = 0.00>
ST_5 : Operation 43 [2/2] (1.02ns)   --->   "%r3_load = load i6 %r3_addr" [/home/simics/HMoE/HLS_HMoE/pseudo_block/run_11/src/pseudo_moe.cpp:69]   --->   Operation 43 'load' 'r3_load' <Predicate = true> <Delay = 1.02> <CoreInst = "RAM">   --->   Core 83 'RAM' <Latency = 1> <II = 1> <Delay = 1.02> <Storage> <Opcode : 'load' 'store'> <Ports = 2> <Width = 32> <Depth = 64> <RAM>

State 6 <SV = 5> <Delay = 6.04>
ST_6 : Operation 44 [2/2] (6.04ns)   --->   "%add1 = fadd i32 %add, i32 %mul9" [/home/simics/HMoE/HLS_HMoE/pseudo_block/run_11/src/pseudo_moe.cpp:68]   --->   Operation 44 'fadd' 'add1' <Predicate = true> <Delay = 6.04> <CoreInst = "FAddSub_fulldsp">   --->   Core 18 'FAddSub_fulldsp' <Latency = 1> <II = 1> <Delay = 6.04> <FuncUnit> <Opcode : 'fadd' 'fsub'> <InPorts = 2> <OutPorts = 1>
ST_6 : Operation 45 [1/2] (1.02ns)   --->   "%r3_load = load i6 %r3_addr" [/home/simics/HMoE/HLS_HMoE/pseudo_block/run_11/src/pseudo_moe.cpp:69]   --->   Operation 45 'load' 'r3_load' <Predicate = true> <Delay = 1.02> <CoreInst = "RAM">   --->   Core 83 'RAM' <Latency = 1> <II = 1> <Delay = 1.02> <Storage> <Opcode : 'load' 'store'> <Ports = 2> <Width = 32> <Depth = 64> <RAM>
ST_6 : Operation 46 [2/2] (3.88ns)   --->   "%mul1 = fmul i32 %gates_load_3_read, i32 %r3_load" [/home/simics/HMoE/HLS_HMoE/pseudo_block/run_11/src/pseudo_moe.cpp:69]   --->   Operation 46 'fmul' 'mul1' <Predicate = true> <Delay = 3.88> <CoreInst = "FMul_maxdsp">   --->   Core 30 'FMul_maxdsp' <Latency = 1> <II = 1> <Delay = 3.88> <FuncUnit> <Opcode : 'fmul'> <InPorts = 2> <OutPorts = 1>

State 7 <SV = 6> <Delay = 6.04>
ST_7 : Operation 47 [1/2] (6.04ns)   --->   "%add1 = fadd i32 %add, i32 %mul9" [/home/simics/HMoE/HLS_HMoE/pseudo_block/run_11/src/pseudo_moe.cpp:68]   --->   Operation 47 'fadd' 'add1' <Predicate = true> <Delay = 6.04> <CoreInst = "FAddSub_fulldsp">   --->   Core 18 'FAddSub_fulldsp' <Latency = 1> <II = 1> <Delay = 6.04> <FuncUnit> <Opcode : 'fadd' 'fsub'> <InPorts = 2> <OutPorts = 1>
ST_7 : Operation 48 [1/2] (3.88ns)   --->   "%mul1 = fmul i32 %gates_load_3_read, i32 %r3_load" [/home/simics/HMoE/HLS_HMoE/pseudo_block/run_11/src/pseudo_moe.cpp:69]   --->   Operation 48 'fmul' 'mul1' <Predicate = true> <Delay = 3.88> <CoreInst = "FMul_maxdsp">   --->   Core 30 'FMul_maxdsp' <Latency = 1> <II = 1> <Delay = 3.88> <FuncUnit> <Opcode : 'fmul'> <InPorts = 2> <OutPorts = 1>

State 8 <SV = 7> <Delay = 6.04>
ST_8 : Operation 49 [2/2] (6.04ns)   --->   "%add2 = fadd i32 %add1, i32 %mul1" [/home/simics/HMoE/HLS_HMoE/pseudo_block/run_11/src/pseudo_moe.cpp:69]   --->   Operation 49 'fadd' 'add2' <Predicate = true> <Delay = 6.04> <CoreInst = "FAddSub_fulldsp">   --->   Core 18 'FAddSub_fulldsp' <Latency = 1> <II = 1> <Delay = 6.04> <FuncUnit> <Opcode : 'fadd' 'fsub'> <InPorts = 2> <OutPorts = 1>
ST_8 : Operation 57 [1/1] (0.00ns)   --->   "%ret_ln0 = ret"   --->   Operation 57 'ret' 'ret_ln0' <Predicate = (icmp_ln64)> <Delay = 0.00>

State 9 <SV = 8> <Delay = 7.07>
ST_9 : Operation 50 [1/1] (0.00ns)   --->   "%specpipeline_ln65 = specpipeline void @_ssdm_op_SpecPipeline, i32 1, i32 0, i32 0, i32 0, void @empty_30" [/home/simics/HMoE/HLS_HMoE/pseudo_block/run_11/src/pseudo_moe.cpp:65]   --->   Operation 50 'specpipeline' 'specpipeline_ln65' <Predicate = true> <Delay = 0.00>
ST_9 : Operation 51 [1/1] (0.00ns)   --->   "%speclooptripcount_ln64 = speclooptripcount void @_ssdm_op_SpecLoopTripCount, i64 64, i64 64, i64 64" [/home/simics/HMoE/HLS_HMoE/pseudo_block/run_11/src/pseudo_moe.cpp:64]   --->   Operation 51 'speclooptripcount' 'speclooptripcount_ln64' <Predicate = true> <Delay = 0.00>
ST_9 : Operation 52 [1/1] (0.00ns)   --->   "%specloopname_ln64 = specloopname void @_ssdm_op_SpecLoopName, void @empty_20" [/home/simics/HMoE/HLS_HMoE/pseudo_block/run_11/src/pseudo_moe.cpp:64]   --->   Operation 52 'specloopname' 'specloopname_ln64' <Predicate = true> <Delay = 0.00>
ST_9 : Operation 53 [1/2] (6.04ns)   --->   "%add2 = fadd i32 %add1, i32 %mul1" [/home/simics/HMoE/HLS_HMoE/pseudo_block/run_11/src/pseudo_moe.cpp:69]   --->   Operation 53 'fadd' 'add2' <Predicate = true> <Delay = 6.04> <CoreInst = "FAddSub_fulldsp">   --->   Core 18 'FAddSub_fulldsp' <Latency = 1> <II = 1> <Delay = 6.04> <FuncUnit> <Opcode : 'fadd' 'fsub'> <InPorts = 2> <OutPorts = 1>
ST_9 : Operation 54 [1/1] (0.00ns)   --->   "%result_addr = getelementptr i32 %result, i64 0, i64 %zext_ln64" [/home/simics/HMoE/HLS_HMoE/pseudo_block/run_11/src/pseudo_moe.cpp:66]   --->   Operation 54 'getelementptr' 'result_addr' <Predicate = true> <Delay = 0.00>
ST_9 : Operation 55 [1/1] (1.02ns)   --->   "%store_ln66 = store i32 %add2, i6 %result_addr" [/home/simics/HMoE/HLS_HMoE/pseudo_block/run_11/src/pseudo_moe.cpp:66]   --->   Operation 55 'store' 'store_ln66' <Predicate = true> <Delay = 1.02> <CoreInst = "RAM">   --->   Core 83 'RAM' <Latency = 1> <II = 1> <Delay = 1.02> <Storage> <Opcode : 'load' 'store'> <Ports = 2> <Width = 32> <Depth = 64> <RAM>
ST_9 : Operation 56 [1/1] (0.00ns)   --->   "%br_ln64 = br void %for.inc" [/home/simics/HMoE/HLS_HMoE/pseudo_block/run_11/src/pseudo_moe.cpp:64]   --->   Operation 56 'br' 'br_ln64' <Predicate = true> <Delay = 0.00>


============================================================
+ Verbose Summary: Binding
============================================================
STG Binding: 
---------------- STG Properties BEGIN ----------------
- Is combinational: 0
- Is one-state seq: 0
- Is datapath-only: 0
- Is pipelined: 0
- Is top level: 0
Port [ Return ] is wired: 1; IO mode=ap_ctrl_hs:ce=0
Port [ r0]:  wired=1; compound=1; hidden=0; nouse=0; global=0; static=0; extern=0; dir=0; type=1; pingpong=1; private_global=0; MemPort=[13]; IO mode=ap_memory:ce=0
Port [ gates_load]:  wired=1; compound=0; hidden=0; nouse=0; global=0; static=0; extern=0; dir=0; type=0; pingpong=0; private_global=0; IO mode=ap_none:ce=0
Port [ r1]:  wired=1; compound=1; hidden=0; nouse=0; global=0; static=0; extern=0; dir=0; type=1; pingpong=1; private_global=0; MemPort=[13]; IO mode=ap_memory:ce=0
Port [ gates_load_1]:  wired=1; compound=0; hidden=0; nouse=0; global=0; static=0; extern=0; dir=0; type=0; pingpong=0; private_global=0; IO mode=ap_none:ce=0
Port [ r2]:  wired=1; compound=1; hidden=0; nouse=0; global=0; static=0; extern=0; dir=0; type=1; pingpong=1; private_global=0; MemPort=[13]; IO mode=ap_memory:ce=0
Port [ gates_load_2]:  wired=1; compound=0; hidden=0; nouse=0; global=0; static=0; extern=0; dir=0; type=0; pingpong=0; private_global=0; IO mode=ap_none:ce=0
Port [ r3]:  wired=1; compound=1; hidden=0; nouse=0; global=0; static=0; extern=0; dir=0; type=1; pingpong=1; private_global=0; MemPort=[13]; IO mode=ap_memory:ce=0
Port [ gates_load_3]:  wired=1; compound=0; hidden=0; nouse=0; global=0; static=0; extern=0; dir=0; type=0; pingpong=0; private_global=0; IO mode=ap_none:ce=0
Port [ result]:  wired=1; compound=1; hidden=0; nouse=0; global=0; static=0; extern=0; dir=1; type=1; pingpong=1; private_global=0; MemPort=[03]; IO mode=ap_memory:ce=0
---------------- STG Properties END ------------------

---------------- Datapath Model BEGIN ----------------

<LifeTime>
<method=bitvector/>
o                      (alloca           ) [ 0100000000]
gates_load_3_read      (read             ) [ 0111111100]
gates_load_2_read      (read             ) [ 0111110000]
gates_load_1_read      (read             ) [ 0111000000]
gates_load_read        (read             ) [ 0111000000]
store_ln64             (store            ) [ 0000000000]
br_ln0                 (br               ) [ 0000000000]
o_2                    (load             ) [ 0000000000]
icmp_ln64              (icmp             ) [ 0111111110]
add_ln64               (add              ) [ 0000000000]
br_ln64                (br               ) [ 0000000000]
zext_ln64              (zext             ) [ 0111111111]
r0_addr                (getelementptr    ) [ 0110000000]
r1_addr                (getelementptr    ) [ 0110000000]
store_ln64             (store            ) [ 0000000000]
r0_load                (load             ) [ 0101000000]
r1_load                (load             ) [ 0101000000]
mul                    (fmul             ) [ 0100110000]
mul5                   (fmul             ) [ 0100110000]
r2_addr                (getelementptr    ) [ 0100100000]
r2_load                (load             ) [ 0100010000]
add                    (fadd             ) [ 0100001100]
mul9                   (fmul             ) [ 0100001100]
r3_addr                (getelementptr    ) [ 0100001000]
r3_load                (load             ) [ 0100000100]
add1                   (fadd             ) [ 0100000011]
mul1                   (fmul             ) [ 0100000011]
specpipeline_ln65      (specpipeline     ) [ 0000000000]
speclooptripcount_ln64 (speclooptripcount) [ 0000000000]
specloopname_ln64      (specloopname     ) [ 0000000000]
add2                   (fadd             ) [ 0000000000]
result_addr            (getelementptr    ) [ 0000000000]
store_ln66             (store            ) [ 0000000000]
br_ln64                (br               ) [ 0000000000]
ret_ln0                (ret              ) [ 0000000000]
</LifeTime>

<model>

<comp_list>
<comp id="0" class="1000" name="r0">
<pin_list>
<pin id="1" dir="1" index="0" bw="1" slack="0"/>
</pin_list>
<bind>
<StgValue><ssdm name="r0"/><MemPortTyVec>1 3 </MemPortTyVec>
</StgValue>
</bind>
</comp>

<comp id="2" class="1000" name="gates_load">
<pin_list>
<pin id="3" dir="1" index="0" bw="1" slack="0"/>
</pin_list>
<bind>
<StgValue><ssdm name="gates_load"/></StgValue>
</bind>
</comp>

<comp id="4" class="1000" name="r1">
<pin_list>
<pin id="5" dir="1" index="0" bw="1" slack="0"/>
</pin_list>
<bind>
<StgValue><ssdm name="r1"/><MemPortTyVec>1 3 </MemPortTyVec>
</StgValue>
</bind>
</comp>

<comp id="6" class="1000" name="gates_load_1">
<pin_list>
<pin id="7" dir="1" index="0" bw="1" slack="0"/>
</pin_list>
<bind>
<StgValue><ssdm name="gates_load_1"/></StgValue>
</bind>
</comp>

<comp id="8" class="1000" name="r2">
<pin_list>
<pin id="9" dir="1" index="0" bw="1" slack="0"/>
</pin_list>
<bind>
<StgValue><ssdm name="r2"/><MemPortTyVec>1 3 </MemPortTyVec>
</StgValue>
</bind>
</comp>

<comp id="10" class="1000" name="gates_load_2">
<pin_list>
<pin id="11" dir="1" index="0" bw="1" slack="0"/>
</pin_list>
<bind>
<StgValue><ssdm name="gates_load_2"/></StgValue>
</bind>
</comp>

<comp id="12" class="1000" name="r3">
<pin_list>
<pin id="13" dir="1" index="0" bw="1" slack="0"/>
</pin_list>
<bind>
<StgValue><ssdm name="r3"/><MemPortTyVec>1 3 </MemPortTyVec>
</StgValue>
</bind>
</comp>

<comp id="14" class="1000" name="gates_load_3">
<pin_list>
<pin id="15" dir="1" index="0" bw="1" slack="0"/>
</pin_list>
<bind>
<StgValue><ssdm name="gates_load_3"/></StgValue>
</bind>
</comp>

<comp id="16" class="1000" name="result">
<pin_list>
<pin id="17" dir="1" index="0" bw="1" slack="0"/>
</pin_list>
<bind>
<StgValue><ssdm name="result"/><MemPortTyVec>0 3 </MemPortTyVec>
</StgValue>
</bind>
</comp>

<comp id="18" class="1001" name="const_18">
<pin_list>
<pin id="19" dir="1" index="0" bw="1" slack="0"/>
</pin_list>
<bind>
<StgValue><ssdm name=""/></StgValue>
</bind>
</comp>

<comp id="20" class="1001" name="const_20">
<pin_list>
<pin id="21" dir="1" index="0" bw="1" slack="0"/>
</pin_list>
<bind>
<StgValue><ssdm name="_ssdm_op_Read.ap_auto.float"/></StgValue>
</bind>
</comp>

<comp id="22" class="1001" name="const_22">
<pin_list>
<pin id="23" dir="1" index="0" bw="1" slack="0"/>
</pin_list>
<bind>
<StgValue><ssdm name=""/></StgValue>
</bind>
</comp>

<comp id="24" class="1001" name="const_24">
<pin_list>
<pin id="25" dir="1" index="0" bw="1" slack="0"/>
</pin_list>
<bind>
<StgValue><ssdm name=""/></StgValue>
</bind>
</comp>

<comp id="26" class="1001" name="const_26">
<pin_list>
<pin id="27" dir="1" index="0" bw="1" slack="0"/>
</pin_list>
<bind>
<StgValue><ssdm name=""/></StgValue>
</bind>
</comp>

<comp id="28" class="1001" name="const_28">
<pin_list>
<pin id="29" dir="1" index="0" bw="1" slack="0"/>
</pin_list>
<bind>
<StgValue><ssdm name=""/></StgValue>
</bind>
</comp>

<comp id="30" class="1001" name="const_30">
<pin_list>
<pin id="31" dir="1" index="0" bw="1" slack="2147483647"/>
</pin_list>
<bind>
<StgValue><ssdm name="_ssdm_op_SpecPipeline"/></StgValue>
</bind>
</comp>

<comp id="32" class="1001" name="const_32">
<pin_list>
<pin id="33" dir="1" index="0" bw="1" slack="2147483647"/>
</pin_list>
<bind>
<StgValue><ssdm name=""/></StgValue>
</bind>
</comp>

<comp id="34" class="1001" name="const_34">
<pin_list>
<pin id="35" dir="1" index="0" bw="1" slack="2147483647"/>
</pin_list>
<bind>
<StgValue><ssdm name="empty_30"/></StgValue>
</bind>
</comp>

<comp id="36" class="1001" name="const_36">
<pin_list>
<pin id="37" dir="1" index="0" bw="1" slack="2147483647"/>
</pin_list>
<bind>
<StgValue><ssdm name="_ssdm_op_SpecLoopTripCount"/></StgValue>
</bind>
</comp>

<comp id="38" class="1001" name="const_38">
<pin_list>
<pin id="39" dir="1" index="0" bw="1" slack="2147483647"/>
</pin_list>
<bind>
<StgValue><ssdm name=""/></StgValue>
</bind>
</comp>

<comp id="40" class="1001" name="const_40">
<pin_list>
<pin id="41" dir="1" index="0" bw="1" slack="2147483647"/>
</pin_list>
<bind>
<StgValue><ssdm name="_ssdm_op_SpecLoopName"/></StgValue>
</bind>
</comp>

<comp id="42" class="1001" name="const_42">
<pin_list>
<pin id="43" dir="1" index="0" bw="1" slack="2147483647"/>
</pin_list>
<bind>
<StgValue><ssdm name="empty_20"/></StgValue>
</bind>
</comp>

<comp id="44" class="1004" name="o_fu_44">
<pin_list>
<pin id="45" dir="0" index="0" bw="1" slack="0"/>
<pin id="46" dir="1" index="1" bw="7" slack="0"/>
</pin_list>
<bind>
<opcode="alloca(26) " fcode="alloca"/>
<opset="o/1 "/>
</bind>
</comp>

<comp id="48" class="1004" name="gates_load_3_read_read_fu_48">
<pin_list>
<pin id="49" dir="0" index="0" bw="32" slack="0"/>
<pin id="50" dir="0" index="1" bw="32" slack="0"/>
<pin id="51" dir="1" index="2" bw="32" slack="5"/>
</pin_list>
<bind>
<opcode="read(1150) " fcode="read"/>
<opset="gates_load_3_read/1 "/>
</bind>
</comp>

<comp id="54" class="1004" name="gates_load_2_read_read_fu_54">
<pin_list>
<pin id="55" dir="0" index="0" bw="32" slack="0"/>
<pin id="56" dir="0" index="1" bw="32" slack="0"/>
<pin id="57" dir="1" index="2" bw="32" slack="3"/>
</pin_list>
<bind>
<opcode="read(1150) " fcode="read"/>
<opset="gates_load_2_read/1 "/>
</bind>
</comp>

<comp id="60" class="1004" name="gates_load_1_read_read_fu_60">
<pin_list>
<pin id="61" dir="0" index="0" bw="32" slack="0"/>
<pin id="62" dir="0" index="1" bw="32" slack="0"/>
<pin id="63" dir="1" index="2" bw="32" slack="1"/>
</pin_list>
<bind>
<opcode="read(1150) " fcode="read"/>
<opset="gates_load_1_read/1 "/>
</bind>
</comp>

<comp id="66" class="1004" name="gates_load_read_read_fu_66">
<pin_list>
<pin id="67" dir="0" index="0" bw="32" slack="0"/>
<pin id="68" dir="0" index="1" bw="32" slack="0"/>
<pin id="69" dir="1" index="2" bw="32" slack="1"/>
</pin_list>
<bind>
<opcode="read(1150) " fcode="read"/>
<opset="gates_load_read/1 "/>
</bind>
</comp>

<comp id="72" class="1004" name="r0_addr_gep_fu_72">
<pin_list>
<pin id="73" dir="0" index="0" bw="32" slack="0"/>
<pin id="74" dir="0" index="1" bw="1" slack="0"/>
<pin id="75" dir="0" index="2" bw="7" slack="0"/>
<pin id="76" dir="1" index="3" bw="6" slack="0"/>
</pin_list>
<bind>
<opcode="getelementptr(29) " fcode="getelementptr"/>
<opset="r0_addr/1 "/>
</bind>
</comp>

<comp id="79" class="1004" name="grp_access_fu_79">
<pin_list>
<pin id="80" dir="0" index="0" bw="6" slack="0"/>
<pin id="81" dir="0" index="1" bw="32" slack="2147483647"/>
<pin id="82" dir="0" index="2" bw="0" slack="2147483647"/>
<pin id="83" dir="1" index="3" bw="32" slack="0"/>
</pin_list>
<bind>
<opcode="load(27) " fcode="load"/>
<opset="r0_load/1 "/>
</bind>
</comp>

<comp id="85" class="1004" name="r1_addr_gep_fu_85">
<pin_list>
<pin id="86" dir="0" index="0" bw="32" slack="0"/>
<pin id="87" dir="0" index="1" bw="1" slack="0"/>
<pin id="88" dir="0" index="2" bw="7" slack="0"/>
<pin id="89" dir="1" index="3" bw="6" slack="0"/>
</pin_list>
<bind>
<opcode="getelementptr(29) " fcode="getelementptr"/>
<opset="r1_addr/1 "/>
</bind>
</comp>

<comp id="92" class="1004" name="grp_access_fu_92">
<pin_list>
<pin id="93" dir="0" index="0" bw="6" slack="0"/>
<pin id="94" dir="0" index="1" bw="32" slack="2147483647"/>
<pin id="95" dir="0" index="2" bw="0" slack="2147483647"/>
<pin id="96" dir="1" index="3" bw="32" slack="0"/>
</pin_list>
<bind>
<opcode="load(27) " fcode="load"/>
<opset="r1_load/1 "/>
</bind>
</comp>

<comp id="98" class="1004" name="r2_addr_gep_fu_98">
<pin_list>
<pin id="99" dir="0" index="0" bw="32" slack="0"/>
<pin id="100" dir="0" index="1" bw="1" slack="0"/>
<pin id="101" dir="0" index="2" bw="7" slack="2"/>
<pin id="102" dir="1" index="3" bw="6" slack="0"/>
</pin_list>
<bind>
<opcode="getelementptr(29) " fcode="getelementptr"/>
<opset="r2_addr/3 "/>
</bind>
</comp>

<comp id="105" class="1004" name="grp_access_fu_105">
<pin_list>
<pin id="106" dir="0" index="0" bw="6" slack="0"/>
<pin id="107" dir="0" index="1" bw="32" slack="2147483647"/>
<pin id="108" dir="0" index="2" bw="0" slack="2147483647"/>
<pin id="109" dir="1" index="3" bw="32" slack="0"/>
</pin_list>
<bind>
<opcode="load(27) " fcode="load"/>
<opset="r2_load/3 "/>
</bind>
</comp>

<comp id="111" class="1004" name="r3_addr_gep_fu_111">
<pin_list>
<pin id="112" dir="0" index="0" bw="32" slack="0"/>
<pin id="113" dir="0" index="1" bw="1" slack="0"/>
<pin id="114" dir="0" index="2" bw="7" slack="4"/>
<pin id="115" dir="1" index="3" bw="6" slack="0"/>
</pin_list>
<bind>
<opcode="getelementptr(29) " fcode="getelementptr"/>
<opset="r3_addr/5 "/>
</bind>
</comp>

<comp id="118" class="1004" name="grp_access_fu_118">
<pin_list>
<pin id="119" dir="0" index="0" bw="6" slack="0"/>
<pin id="120" dir="0" index="1" bw="32" slack="2147483647"/>
<pin id="121" dir="0" index="2" bw="0" slack="2147483647"/>
<pin id="122" dir="1" index="3" bw="32" slack="0"/>
</pin_list>
<bind>
<opcode="load(27) " fcode="load"/>
<opset="r3_load/5 "/>
</bind>
</comp>

<comp id="124" class="1004" name="result_addr_gep_fu_124">
<pin_list>
<pin id="125" dir="0" index="0" bw="32" slack="0"/>
<pin id="126" dir="0" index="1" bw="1" slack="0"/>
<pin id="127" dir="0" index="2" bw="7" slack="8"/>
<pin id="128" dir="1" index="3" bw="6" slack="0"/>
</pin_list>
<bind>
<opcode="getelementptr(29) " fcode="getelementptr"/>
<opset="result_addr/9 "/>
</bind>
</comp>

<comp id="131" class="1004" name="store_ln66_access_fu_131">
<pin_list>
<pin id="132" dir="0" index="0" bw="6" slack="0"/>
<pin id="133" dir="0" index="1" bw="32" slack="0"/>
<pin id="134" dir="0" index="2" bw="0" slack="2147483647"/>
<pin id="135" dir="1" index="3" bw="32" slack="2147483647"/>
</pin_list>
<bind>
<opcode="store(28) " fcode="store"/>
<opset="store_ln66/9 "/>
</bind>
</comp>

<comp id="137" class="1004" name="grp_fu_137">
<pin_list>
<pin id="138" dir="0" index="0" bw="32" slack="1"/>
<pin id="139" dir="0" index="1" bw="32" slack="1"/>
<pin id="140" dir="1" index="2" bw="32" slack="1"/>
</pin_list>
<bind>
<opcode="fadd(9) " fcode="fadd"/>
<opset="add/4 "/>
</bind>
</comp>

<comp id="141" class="1004" name="grp_fu_141">
<pin_list>
<pin id="142" dir="0" index="0" bw="32" slack="1"/>
<pin id="143" dir="0" index="1" bw="32" slack="1"/>
<pin id="144" dir="1" index="2" bw="32" slack="1"/>
</pin_list>
<bind>
<opcode="fadd(9) " fcode="fadd"/>
<opset="add1/6 "/>
</bind>
</comp>

<comp id="145" class="1004" name="grp_fu_145">
<pin_list>
<pin id="146" dir="0" index="0" bw="32" slack="1"/>
<pin id="147" dir="0" index="1" bw="32" slack="1"/>
<pin id="148" dir="1" index="2" bw="32" slack="0"/>
</pin_list>
<bind>
<opcode="fadd(9) " fcode="fadd"/>
<opset="add2/8 "/>
</bind>
</comp>

<comp id="150" class="1004" name="grp_fu_150">
<pin_list>
<pin id="151" dir="0" index="0" bw="32" slack="1"/>
<pin id="152" dir="0" index="1" bw="32" slack="0"/>
<pin id="153" dir="1" index="2" bw="32" slack="1"/>
</pin_list>
<bind>
<opcode="fmul(13) " fcode="fmul"/>
<opset="mul/2 "/>
</bind>
</comp>

<comp id="155" class="1004" name="grp_fu_155">
<pin_list>
<pin id="156" dir="0" index="0" bw="32" slack="1"/>
<pin id="157" dir="0" index="1" bw="32" slack="0"/>
<pin id="158" dir="1" index="2" bw="32" slack="1"/>
</pin_list>
<bind>
<opcode="fmul(13) " fcode="fmul"/>
<opset="mul5/2 "/>
</bind>
</comp>

<comp id="160" class="1004" name="grp_fu_160">
<pin_list>
<pin id="161" dir="0" index="0" bw="32" slack="3"/>
<pin id="162" dir="0" index="1" bw="32" slack="0"/>
<pin id="163" dir="1" index="2" bw="32" slack="1"/>
</pin_list>
<bind>
<opcode="fmul(13) " fcode="fmul"/>
<opset="mul9/4 "/>
</bind>
</comp>

<comp id="165" class="1004" name="grp_fu_165">
<pin_list>
<pin id="166" dir="0" index="0" bw="32" slack="5"/>
<pin id="167" dir="0" index="1" bw="32" slack="0"/>
<pin id="168" dir="1" index="2" bw="32" slack="1"/>
</pin_list>
<bind>
<opcode="fmul(13) " fcode="fmul"/>
<opset="mul1/6 "/>
</bind>
</comp>

<comp id="170" class="1004" name="store_ln64_store_fu_170">
<pin_list>
<pin id="171" dir="0" index="0" bw="1" slack="0"/>
<pin id="172" dir="0" index="1" bw="7" slack="0"/>
<pin id="173" dir="1" index="2" bw="0" slack="2147483647"/>
</pin_list>
<bind>
<opcode="store(28) " fcode="store"/>
<opset="store_ln64/1 "/>
</bind>
</comp>

<comp id="175" class="1004" name="o_2_load_fu_175">
<pin_list>
<pin id="176" dir="0" index="0" bw="7" slack="0"/>
<pin id="177" dir="1" index="1" bw="7" slack="0"/>
</pin_list>
<bind>
<opcode="load(27) " fcode="load"/>
<opset="o_2/1 "/>
</bind>
</comp>

<comp id="178" class="1004" name="icmp_ln64_fu_178">
<pin_list>
<pin id="179" dir="0" index="0" bw="7" slack="0"/>
<pin id="180" dir="0" index="1" bw="7" slack="0"/>
<pin id="181" dir="1" index="2" bw="1" slack="7"/>
</pin_list>
<bind>
<opcode="icmp(45) " fcode="icmp"/>
<opset="icmp_ln64/1 "/>
</bind>
</comp>

<comp id="184" class="1004" name="add_ln64_fu_184">
<pin_list>
<pin id="185" dir="0" index="0" bw="7" slack="0"/>
<pin id="186" dir="0" index="1" bw="1" slack="0"/>
<pin id="187" dir="1" index="2" bw="7" slack="0"/>
</pin_list>
<bind>
<opcode="add(8) " fcode="add"/>
<opset="add_ln64/1 "/>
</bind>
</comp>

<comp id="190" class="1004" name="zext_ln64_fu_190">
<pin_list>
<pin id="191" dir="0" index="0" bw="7" slack="0"/>
<pin id="192" dir="1" index="1" bw="64" slack="0"/>
</pin_list>
<bind>
<opcode="zext(34) " fcode="zext"/>
<opset="zext_ln64/1 "/>
</bind>
</comp>

<comp id="196" class="1004" name="store_ln64_store_fu_196">
<pin_list>
<pin id="197" dir="0" index="0" bw="7" slack="0"/>
<pin id="198" dir="0" index="1" bw="7" slack="0"/>
<pin id="199" dir="1" index="2" bw="0" slack="2147483647"/>
</pin_list>
<bind>
<opcode="store(28) " fcode="store"/>
<opset="store_ln64/1 "/>
</bind>
</comp>

<comp id="201" class="1005" name="o_reg_201">
<pin_list>
<pin id="202" dir="0" index="0" bw="7" slack="0"/>
<pin id="203" dir="1" index="1" bw="7" slack="0"/>
</pin_list>
<bind>
<opset="o "/>
</bind>
</comp>

<comp id="208" class="1005" name="gates_load_3_read_reg_208">
<pin_list>
<pin id="209" dir="0" index="0" bw="32" slack="5"/>
<pin id="210" dir="1" index="1" bw="32" slack="5"/>
</pin_list>
<bind>
<opset="gates_load_3_read "/>
</bind>
</comp>

<comp id="213" class="1005" name="gates_load_2_read_reg_213">
<pin_list>
<pin id="214" dir="0" index="0" bw="32" slack="3"/>
<pin id="215" dir="1" index="1" bw="32" slack="3"/>
</pin_list>
<bind>
<opset="gates_load_2_read "/>
</bind>
</comp>

<comp id="218" class="1005" name="gates_load_1_read_reg_218">
<pin_list>
<pin id="219" dir="0" index="0" bw="32" slack="1"/>
<pin id="220" dir="1" index="1" bw="32" slack="1"/>
</pin_list>
<bind>
<opset="gates_load_1_read "/>
</bind>
</comp>

<comp id="223" class="1005" name="gates_load_read_reg_223">
<pin_list>
<pin id="224" dir="0" index="0" bw="32" slack="1"/>
<pin id="225" dir="1" index="1" bw="32" slack="1"/>
</pin_list>
<bind>
<opset="gates_load_read "/>
</bind>
</comp>

<comp id="228" class="1005" name="icmp_ln64_reg_228">
<pin_list>
<pin id="229" dir="0" index="0" bw="1" slack="7"/>
<pin id="230" dir="1" index="1" bw="1" slack="2147483647"/>
</pin_list>
<bind>
<opset="icmp_ln64 "/>
</bind>
</comp>

<comp id="232" class="1005" name="zext_ln64_reg_232">
<pin_list>
<pin id="233" dir="0" index="0" bw="64" slack="2"/>
<pin id="234" dir="1" index="1" bw="64" slack="2"/>
</pin_list>
<bind>
<opset="zext_ln64 "/>
</bind>
</comp>

<comp id="239" class="1005" name="r0_addr_reg_239">
<pin_list>
<pin id="240" dir="0" index="0" bw="6" slack="1"/>
<pin id="241" dir="1" index="1" bw="6" slack="1"/>
</pin_list>
<bind>
<opset="r0_addr "/>
</bind>
</comp>

<comp id="244" class="1005" name="r1_addr_reg_244">
<pin_list>
<pin id="245" dir="0" index="0" bw="6" slack="1"/>
<pin id="246" dir="1" index="1" bw="6" slack="1"/>
</pin_list>
<bind>
<opset="r1_addr "/>
</bind>
</comp>

<comp id="249" class="1005" name="r0_load_reg_249">
<pin_list>
<pin id="250" dir="0" index="0" bw="32" slack="1"/>
<pin id="251" dir="1" index="1" bw="32" slack="1"/>
</pin_list>
<bind>
<opset="r0_load "/>
</bind>
</comp>

<comp id="254" class="1005" name="r1_load_reg_254">
<pin_list>
<pin id="255" dir="0" index="0" bw="32" slack="1"/>
<pin id="256" dir="1" index="1" bw="32" slack="1"/>
</pin_list>
<bind>
<opset="r1_load "/>
</bind>
</comp>

<comp id="259" class="1005" name="mul_reg_259">
<pin_list>
<pin id="260" dir="0" index="0" bw="32" slack="1"/>
<pin id="261" dir="1" index="1" bw="32" slack="1"/>
</pin_list>
<bind>
<opset="mul "/>
</bind>
</comp>

<comp id="264" class="1005" name="mul5_reg_264">
<pin_list>
<pin id="265" dir="0" index="0" bw="32" slack="1"/>
<pin id="266" dir="1" index="1" bw="32" slack="1"/>
</pin_list>
<bind>
<opset="mul5 "/>
</bind>
</comp>

<comp id="269" class="1005" name="r2_addr_reg_269">
<pin_list>
<pin id="270" dir="0" index="0" bw="6" slack="1"/>
<pin id="271" dir="1" index="1" bw="6" slack="1"/>
</pin_list>
<bind>
<opset="r2_addr "/>
</bind>
</comp>

<comp id="274" class="1005" name="r2_load_reg_274">
<pin_list>
<pin id="275" dir="0" index="0" bw="32" slack="1"/>
<pin id="276" dir="1" index="1" bw="32" slack="1"/>
</pin_list>
<bind>
<opset="r2_load "/>
</bind>
</comp>

<comp id="279" class="1005" name="add_reg_279">
<pin_list>
<pin id="280" dir="0" index="0" bw="32" slack="1"/>
<pin id="281" dir="1" index="1" bw="32" slack="1"/>
</pin_list>
<bind>
<opset="add "/>
</bind>
</comp>

<comp id="284" class="1005" name="mul9_reg_284">
<pin_list>
<pin id="285" dir="0" index="0" bw="32" slack="1"/>
<pin id="286" dir="1" index="1" bw="32" slack="1"/>
</pin_list>
<bind>
<opset="mul9 "/>
</bind>
</comp>

<comp id="289" class="1005" name="r3_addr_reg_289">
<pin_list>
<pin id="290" dir="0" index="0" bw="6" slack="1"/>
<pin id="291" dir="1" index="1" bw="6" slack="1"/>
</pin_list>
<bind>
<opset="r3_addr "/>
</bind>
</comp>

<comp id="294" class="1005" name="r3_load_reg_294">
<pin_list>
<pin id="295" dir="0" index="0" bw="32" slack="1"/>
<pin id="296" dir="1" index="1" bw="32" slack="1"/>
</pin_list>
<bind>
<opset="r3_load "/>
</bind>
</comp>

<comp id="299" class="1005" name="add1_reg_299">
<pin_list>
<pin id="300" dir="0" index="0" bw="32" slack="1"/>
<pin id="301" dir="1" index="1" bw="32" slack="1"/>
</pin_list>
<bind>
<opset="add1 "/>
</bind>
</comp>

<comp id="304" class="1005" name="mul1_reg_304">
<pin_list>
<pin id="305" dir="0" index="0" bw="32" slack="1"/>
<pin id="306" dir="1" index="1" bw="32" slack="1"/>
</pin_list>
<bind>
<opset="mul1 "/>
</bind>
</comp>

</comp_list>

<net_list>
<net id="47"><net_src comp="18" pin="0"/><net_sink comp="44" pin=0"/></net>

<net id="52"><net_src comp="20" pin="0"/><net_sink comp="48" pin=0"/></net>

<net id="53"><net_src comp="14" pin="0"/><net_sink comp="48" pin=1"/></net>

<net id="58"><net_src comp="20" pin="0"/><net_sink comp="54" pin=0"/></net>

<net id="59"><net_src comp="10" pin="0"/><net_sink comp="54" pin=1"/></net>

<net id="64"><net_src comp="20" pin="0"/><net_sink comp="60" pin=0"/></net>

<net id="65"><net_src comp="6" pin="0"/><net_sink comp="60" pin=1"/></net>

<net id="70"><net_src comp="20" pin="0"/><net_sink comp="66" pin=0"/></net>

<net id="71"><net_src comp="2" pin="0"/><net_sink comp="66" pin=1"/></net>

<net id="77"><net_src comp="0" pin="0"/><net_sink comp="72" pin=0"/></net>

<net id="78"><net_src comp="28" pin="0"/><net_sink comp="72" pin=1"/></net>

<net id="84"><net_src comp="72" pin="3"/><net_sink comp="79" pin=0"/></net>

<net id="90"><net_src comp="4" pin="0"/><net_sink comp="85" pin=0"/></net>

<net id="91"><net_src comp="28" pin="0"/><net_sink comp="85" pin=1"/></net>

<net id="97"><net_src comp="85" pin="3"/><net_sink comp="92" pin=0"/></net>

<net id="103"><net_src comp="8" pin="0"/><net_sink comp="98" pin=0"/></net>

<net id="104"><net_src comp="28" pin="0"/><net_sink comp="98" pin=1"/></net>

<net id="110"><net_src comp="98" pin="3"/><net_sink comp="105" pin=0"/></net>

<net id="116"><net_src comp="12" pin="0"/><net_sink comp="111" pin=0"/></net>

<net id="117"><net_src comp="28" pin="0"/><net_sink comp="111" pin=1"/></net>

<net id="123"><net_src comp="111" pin="3"/><net_sink comp="118" pin=0"/></net>

<net id="129"><net_src comp="16" pin="0"/><net_sink comp="124" pin=0"/></net>

<net id="130"><net_src comp="28" pin="0"/><net_sink comp="124" pin=1"/></net>

<net id="136"><net_src comp="124" pin="3"/><net_sink comp="131" pin=0"/></net>

<net id="149"><net_src comp="145" pin="2"/><net_sink comp="131" pin=1"/></net>

<net id="154"><net_src comp="79" pin="3"/><net_sink comp="150" pin=1"/></net>

<net id="159"><net_src comp="92" pin="3"/><net_sink comp="155" pin=1"/></net>

<net id="164"><net_src comp="105" pin="3"/><net_sink comp="160" pin=1"/></net>

<net id="169"><net_src comp="118" pin="3"/><net_sink comp="165" pin=1"/></net>

<net id="174"><net_src comp="22" pin="0"/><net_sink comp="170" pin=0"/></net>

<net id="182"><net_src comp="175" pin="1"/><net_sink comp="178" pin=0"/></net>

<net id="183"><net_src comp="24" pin="0"/><net_sink comp="178" pin=1"/></net>

<net id="188"><net_src comp="175" pin="1"/><net_sink comp="184" pin=0"/></net>

<net id="189"><net_src comp="26" pin="0"/><net_sink comp="184" pin=1"/></net>

<net id="193"><net_src comp="175" pin="1"/><net_sink comp="190" pin=0"/></net>

<net id="194"><net_src comp="190" pin="1"/><net_sink comp="72" pin=2"/></net>

<net id="195"><net_src comp="190" pin="1"/><net_sink comp="85" pin=2"/></net>

<net id="200"><net_src comp="184" pin="2"/><net_sink comp="196" pin=0"/></net>

<net id="204"><net_src comp="44" pin="1"/><net_sink comp="201" pin=0"/></net>

<net id="205"><net_src comp="201" pin="1"/><net_sink comp="170" pin=1"/></net>

<net id="206"><net_src comp="201" pin="1"/><net_sink comp="175" pin=0"/></net>

<net id="207"><net_src comp="201" pin="1"/><net_sink comp="196" pin=1"/></net>

<net id="211"><net_src comp="48" pin="2"/><net_sink comp="208" pin=0"/></net>

<net id="212"><net_src comp="208" pin="1"/><net_sink comp="165" pin=0"/></net>

<net id="216"><net_src comp="54" pin="2"/><net_sink comp="213" pin=0"/></net>

<net id="217"><net_src comp="213" pin="1"/><net_sink comp="160" pin=0"/></net>

<net id="221"><net_src comp="60" pin="2"/><net_sink comp="218" pin=0"/></net>

<net id="222"><net_src comp="218" pin="1"/><net_sink comp="155" pin=0"/></net>

<net id="226"><net_src comp="66" pin="2"/><net_sink comp="223" pin=0"/></net>

<net id="227"><net_src comp="223" pin="1"/><net_sink comp="150" pin=0"/></net>

<net id="231"><net_src comp="178" pin="2"/><net_sink comp="228" pin=0"/></net>

<net id="235"><net_src comp="190" pin="1"/><net_sink comp="232" pin=0"/></net>

<net id="236"><net_src comp="232" pin="1"/><net_sink comp="98" pin=2"/></net>

<net id="237"><net_src comp="232" pin="1"/><net_sink comp="111" pin=2"/></net>

<net id="238"><net_src comp="232" pin="1"/><net_sink comp="124" pin=2"/></net>

<net id="242"><net_src comp="72" pin="3"/><net_sink comp="239" pin=0"/></net>

<net id="243"><net_src comp="239" pin="1"/><net_sink comp="79" pin=0"/></net>

<net id="247"><net_src comp="85" pin="3"/><net_sink comp="244" pin=0"/></net>

<net id="248"><net_src comp="244" pin="1"/><net_sink comp="92" pin=0"/></net>

<net id="252"><net_src comp="79" pin="3"/><net_sink comp="249" pin=0"/></net>

<net id="253"><net_src comp="249" pin="1"/><net_sink comp="150" pin=1"/></net>

<net id="257"><net_src comp="92" pin="3"/><net_sink comp="254" pin=0"/></net>

<net id="258"><net_src comp="254" pin="1"/><net_sink comp="155" pin=1"/></net>

<net id="262"><net_src comp="150" pin="2"/><net_sink comp="259" pin=0"/></net>

<net id="263"><net_src comp="259" pin="1"/><net_sink comp="137" pin=0"/></net>

<net id="267"><net_src comp="155" pin="2"/><net_sink comp="264" pin=0"/></net>

<net id="268"><net_src comp="264" pin="1"/><net_sink comp="137" pin=1"/></net>

<net id="272"><net_src comp="98" pin="3"/><net_sink comp="269" pin=0"/></net>

<net id="273"><net_src comp="269" pin="1"/><net_sink comp="105" pin=0"/></net>

<net id="277"><net_src comp="105" pin="3"/><net_sink comp="274" pin=0"/></net>

<net id="278"><net_src comp="274" pin="1"/><net_sink comp="160" pin=1"/></net>

<net id="282"><net_src comp="137" pin="2"/><net_sink comp="279" pin=0"/></net>

<net id="283"><net_src comp="279" pin="1"/><net_sink comp="141" pin=0"/></net>

<net id="287"><net_src comp="160" pin="2"/><net_sink comp="284" pin=0"/></net>

<net id="288"><net_src comp="284" pin="1"/><net_sink comp="141" pin=1"/></net>

<net id="292"><net_src comp="111" pin="3"/><net_sink comp="289" pin=0"/></net>

<net id="293"><net_src comp="289" pin="1"/><net_sink comp="118" pin=0"/></net>

<net id="297"><net_src comp="118" pin="3"/><net_sink comp="294" pin=0"/></net>

<net id="298"><net_src comp="294" pin="1"/><net_sink comp="165" pin=1"/></net>

<net id="302"><net_src comp="141" pin="2"/><net_sink comp="299" pin=0"/></net>

<net id="303"><net_src comp="299" pin="1"/><net_sink comp="145" pin=0"/></net>

<net id="307"><net_src comp="165" pin="2"/><net_sink comp="304" pin=0"/></net>

<net id="308"><net_src comp="304" pin="1"/><net_sink comp="145" pin=1"/></net>

</net_list>

</model> 
---------------- Datapath Model END ------------------

* FSMD analyzer results:
  - Output states:
	Port: r0 | {}
	Port: r1 | {}
	Port: r2 | {}
	Port: r3 | {}
	Port: result | {9 }
 - Input state : 
	Port: combine_experts12_Pipeline_VITIS_LOOP_64_1 : r0 | {1 2 }
	Port: combine_experts12_Pipeline_VITIS_LOOP_64_1 : gates_load | {1 }
	Port: combine_experts12_Pipeline_VITIS_LOOP_64_1 : r1 | {1 2 }
	Port: combine_experts12_Pipeline_VITIS_LOOP_64_1 : gates_load_1 | {1 }
	Port: combine_experts12_Pipeline_VITIS_LOOP_64_1 : r2 | {3 4 }
	Port: combine_experts12_Pipeline_VITIS_LOOP_64_1 : gates_load_2 | {1 }
	Port: combine_experts12_Pipeline_VITIS_LOOP_64_1 : r3 | {5 6 }
	Port: combine_experts12_Pipeline_VITIS_LOOP_64_1 : gates_load_3 | {1 }
	Port: combine_experts12_Pipeline_VITIS_LOOP_64_1 : result | {}
  - Chain level:
	State 1
		store_ln64 : 1
		o_2 : 1
		icmp_ln64 : 2
		add_ln64 : 2
		br_ln64 : 3
		zext_ln64 : 2
		r0_addr : 3
		r0_load : 4
		r1_addr : 3
		r1_load : 4
		store_ln64 : 3
	State 2
		mul : 1
		mul5 : 1
	State 3
		r2_load : 1
	State 4
		mul9 : 1
	State 5
		r3_load : 1
	State 6
		mul1 : 1
	State 7
	State 8
	State 9
		store_ln66 : 1


============================================================
+ Verbose Summary: Datapath Resource usage 
============================================================

* Functional unit list:
|----------|------------------------------|---------|---------|---------|
| Operation|        Functional Unit       |   DSP   |    FF   |   LUT   |
|----------|------------------------------|---------|---------|---------|
|          |          grp_fu_137          |    2    |   177   |   233   |
|   fadd   |          grp_fu_141          |    2    |   177   |   233   |
|          |          grp_fu_145          |    2    |   177   |   233   |
|----------|------------------------------|---------|---------|---------|
|          |          grp_fu_150          |    3    |   128   |    78   |
|   fmul   |          grp_fu_155          |    3    |   128   |    78   |
|          |          grp_fu_160          |    3    |   128   |    78   |
|          |          grp_fu_165          |    3    |   128   |    78   |
|----------|------------------------------|---------|---------|---------|
|   icmp   |       icmp_ln64_fu_178       |    0    |    0    |    14   |
|----------|------------------------------|---------|---------|---------|
|    add   |        add_ln64_fu_184       |    0    |    0    |    14   |
|----------|------------------------------|---------|---------|---------|
|          | gates_load_3_read_read_fu_48 |    0    |    0    |    0    |
|   read   | gates_load_2_read_read_fu_54 |    0    |    0    |    0    |
|          | gates_load_1_read_read_fu_60 |    0    |    0    |    0    |
|          |  gates_load_read_read_fu_66  |    0    |    0    |    0    |
|----------|------------------------------|---------|---------|---------|
|   zext   |       zext_ln64_fu_190       |    0    |    0    |    0    |
|----------|------------------------------|---------|---------|---------|
|   Total  |                              |    18   |   1043  |   1039  |
|----------|------------------------------|---------|---------|---------|

Memories:
N/A

* Register list:
+-------------------------+--------+
|                         |   FF   |
+-------------------------+--------+
|       add1_reg_299      |   32   |
|       add_reg_279       |   32   |
|gates_load_1_read_reg_218|   32   |
|gates_load_2_read_reg_213|   32   |
|gates_load_3_read_reg_208|   32   |
| gates_load_read_reg_223 |   32   |
|    icmp_ln64_reg_228    |    1   |
|       mul1_reg_304      |   32   |
|       mul5_reg_264      |   32   |
|       mul9_reg_284      |   32   |
|       mul_reg_259       |   32   |
|        o_reg_201        |    7   |
|     r0_addr_reg_239     |    6   |
|     r0_load_reg_249     |   32   |
|     r1_addr_reg_244     |    6   |
|     r1_load_reg_254     |   32   |
|     r2_addr_reg_269     |    6   |
|     r2_load_reg_274     |   32   |
|     r3_addr_reg_289     |    6   |
|     r3_load_reg_294     |   32   |
|    zext_ln64_reg_232    |   64   |
+-------------------------+--------+
|          Total          |   544  |
+-------------------------+--------+

* Multiplexer (MUX) list: 
|-------------------|------|------|------|--------||---------||---------|
|        Comp       |  Pin | Size |  BW  | S x BW ||  Delay  ||   LUT   |
|-------------------|------|------|------|--------||---------||---------|
|  grp_access_fu_79 |  p0  |   2  |   6  |   12   ||    9    |
|  grp_access_fu_92 |  p0  |   2  |   6  |   12   ||    9    |
| grp_access_fu_105 |  p0  |   2  |   6  |   12   ||    9    |
| grp_access_fu_118 |  p0  |   2  |   6  |   12   ||    9    |
|     grp_fu_150    |  p1  |   2  |  32  |   64   ||    9    |
|     grp_fu_155    |  p1  |   2  |  32  |   64   ||    9    |
|     grp_fu_160    |  p1  |   2  |  32  |   64   ||    9    |
|     grp_fu_165    |  p1  |   2  |  32  |   64   ||    9    |
|-------------------|------|------|------|--------||---------||---------|
|       Total       |      |      |      |   304  ||  2.896  ||    72   |
|-------------------|------|------|------|--------||---------||---------|



* Summary:
+-----------+--------+--------+--------+--------+
|           |   DSP  |  Delay |   FF   |   LUT  |
+-----------+--------+--------+--------+--------+
|  Function |   18   |    -   |  1043  |  1039  |
|   Memory  |    -   |    -   |    -   |    -   |
|Multiplexer|    -   |    2   |    -   |   72   |
|  Register |    -   |    -   |   544  |    -   |
+-----------+--------+--------+--------+--------+
|   Total   |   18   |    2   |  1587  |  1111  |
+-----------+--------+--------+--------+--------+
