

================================================================
== Vitis HLS Report for 'combine_experts12'
================================================================
* Date:           Sun Sep 20 21:17:03 2026

* Version:        2023.2 (Build 4023990 on Oct 11 2023)
* Project:        project
* Solution:       solution1 (Vivado IP Flow Target)
* Product family: virtexuplus
* Target device:  xcvu13p_CIV-figd2104-3-e


================================================================
== Performance Estimates
================================================================
+ Timing: 
    * Summary: 
    +--------+----------+----------+------------+
    |  Clock |  Target  | Estimated| Uncertainty|
    +--------+----------+----------+------------+
    |ap_clk  |  10.00 ns|  7.072 ns|     2.70 ns|
    +--------+----------+----------+------------+

+ Latency: 
    * Summary: 
    +---------+---------+----------+----------+-----+-----+---------+
    |  Latency (cycles) |  Latency (absolute) |  Interval | Pipeline|
    |   min   |   max   |    min   |    max   | min | max |   Type  |
    +---------+---------+----------+----------+-----+-----+---------+
    |       76|       76|  0.760 us|  0.760 us|   76|   76|       no|
    +---------+---------+----------+----------+-----+-----+---------+

    + Detail: 
        * Instance: 
        +------------------------------------------------------+--------------------------------------------+---------+---------+----------+----------+-----+-----+---------+
        |                                                      |                                            |  Latency (cycles) |  Latency (absolute) |  Interval | Pipeline|
        |                       Instance                       |                   Module                   |   min   |   max   |    min   |    max   | min | max |   Type  |
        +------------------------------------------------------+--------------------------------------------+---------+---------+----------+----------+-----+-----+---------+
        |grp_combine_experts12_Pipeline_VITIS_LOOP_64_1_fu_67  |combine_experts12_Pipeline_VITIS_LOOP_64_1  |       73|       73|  0.730 us|  0.730 us|   73|   73|       no|
        +------------------------------------------------------+--------------------------------------------+---------+---------+----------+----------+-----+-----+---------+

        * Loop: 
        N/A



================================================================
== Utilization Estimates
================================================================
* Summary: 
+---------------------+---------+-------+---------+---------+------+
|         Name        | BRAM_18K|  DSP  |    FF   |   LUT   | URAM |
+---------------------+---------+-------+---------+---------+------+
|DSP                  |        -|      -|        -|        -|     -|
|Expression           |        -|      -|        0|        2|     -|
|FIFO                 |        -|      -|        -|        -|     -|
|Instance             |        -|     18|     1330|     1110|     -|
|Memory               |        -|      -|        -|        -|     -|
|Multiplexer          |        -|      -|        -|       63|     -|
|Register             |        -|      -|      134|        -|     -|
+---------------------+---------+-------+---------+---------+------+
|Total                |        0|     18|     1464|     1175|     0|
+---------------------+---------+-------+---------+---------+------+
|Available SLR        |     1344|   3072|   864000|   432000|   320|
+---------------------+---------+-------+---------+---------+------+
|Utilization SLR (%)  |        0|     ~0|       ~0|       ~0|     0|
+---------------------+---------+-------+---------+---------+------+
|Available            |     5376|  12288|  3456000|  1728000|  1280|
+---------------------+---------+-------+---------+---------+------+
|Utilization (%)      |        0|     ~0|       ~0|       ~0|     0|
+---------------------+---------+-------+---------+---------+------+

+ Detail: 
    * Instance: 
    +------------------------------------------------------+--------------------------------------------+---------+----+------+------+-----+
    |                       Instance                       |                   Module                   | BRAM_18K| DSP|  FF  |  LUT | URAM|
    +------------------------------------------------------+--------------------------------------------+---------+----+------+------+-----+
    |grp_combine_experts12_Pipeline_VITIS_LOOP_64_1_fu_67  |combine_experts12_Pipeline_VITIS_LOOP_64_1  |        0|  18|  1330|  1110|    0|
    +------------------------------------------------------+--------------------------------------------+---------+----+------+------+-----+
    |Total                                                 |                                            |        0|  18|  1330|  1110|    0|
    +------------------------------------------------------+--------------------------------------------+---------+----+------+------+-----+

    * DSP: 
    N/A

    * Memory: 
    N/A

    * FIFO: 
    N/A

    * Expression: 
    +-----------------+----------+----+---+----+------------+------------+
    |  Variable Name  | Operation| DSP| FF| LUT| Bitwidth P0| Bitwidth P1|
    +-----------------+----------+----+---+----+------------+------------+
    |ap_block_state1  |        or|   0|  0|   2|           1|           1|
    +-----------------+----------+----+---+----+------------+------------+
    |Total            |          |   0|  0|   2|           1|           1|
    +-----------------+----------+----+---+----+------------+------------+

    * Multiplexer: 
    +----------------+----+-----------+-----+-----------+
    |      Name      | LUT| Input Size| Bits| Total Bits|
    +----------------+----+-----------+-----+-----------+
    |ap_NS_fsm       |  26|          5|    1|          5|
    |ap_done         |   9|          2|    1|          2|
    |gates_address0  |  14|          3|    2|          6|
    |gates_address1  |  14|          3|    2|          6|
    +----------------+----+-----------+-----+-----------+
    |Total           |  63|         13|    6|         19|
    +----------------+----+-----------+-----+-----------+

    * Register: 
    +-------------------------------------------------------------------+----+----+-----+-----------+
    |                                Name                               | FF | LUT| Bits| Const Bits|
    +-------------------------------------------------------------------+----+----+-----+-----------+
    |ap_CS_fsm                                                          |   4|   0|    4|          0|
    |ap_done_reg                                                        |   1|   0|    1|          0|
    |gates_load_1_reg_102                                               |  32|   0|   32|          0|
    |gates_load_2_reg_117                                               |  32|   0|   32|          0|
    |gates_load_3_reg_122                                               |  32|   0|   32|          0|
    |gates_load_reg_97                                                  |  32|   0|   32|          0|
    |grp_combine_experts12_Pipeline_VITIS_LOOP_64_1_fu_67_ap_start_reg  |   1|   0|    1|          0|
    +-------------------------------------------------------------------+----+----+-----+-----------+
    |Total                                                              | 134|   0|  134|          0|
    +-------------------------------------------------------------------+----+----+-----+-----------+



================================================================
== Interface
================================================================
* Summary: 
+-----------------+-----+-----+------------+-------------------+--------------+
|    RTL Ports    | Dir | Bits|  Protocol  |   Source Object   |    C Type    |
+-----------------+-----+-----+------------+-------------------+--------------+
|ap_clk           |   in|    1|  ap_ctrl_hs|  combine_experts12|  return value|
|ap_rst           |   in|    1|  ap_ctrl_hs|  combine_experts12|  return value|
|ap_start         |   in|    1|  ap_ctrl_hs|  combine_experts12|  return value|
|ap_done          |  out|    1|  ap_ctrl_hs|  combine_experts12|  return value|
|ap_continue      |   in|    1|  ap_ctrl_hs|  combine_experts12|  return value|
|ap_idle          |  out|    1|  ap_ctrl_hs|  combine_experts12|  return value|
|ap_ready         |  out|    1|  ap_ctrl_hs|  combine_experts12|  return value|
|gates_address0   |  out|    2|   ap_memory|              gates|         array|
|gates_ce0        |  out|    1|   ap_memory|              gates|         array|
|gates_q0         |   in|   32|   ap_memory|              gates|         array|
|gates_address1   |  out|    2|   ap_memory|              gates|         array|
|gates_ce1        |  out|    1|   ap_memory|              gates|         array|
|gates_q1         |   in|   32|   ap_memory|              gates|         array|
|r0_address0      |  out|    6|   ap_memory|                 r0|         array|
|r0_ce0           |  out|    1|   ap_memory|                 r0|         array|
|r0_q0            |   in|   32|   ap_memory|                 r0|         array|
|r1_address0      |  out|    6|   ap_memory|                 r1|         array|
|r1_ce0           |  out|    1|   ap_memory|                 r1|         array|
|r1_q0            |   in|   32|   ap_memory|                 r1|         array|
|r2_address0      |  out|    6|   ap_memory|                 r2|         array|
|r2_ce0           |  out|    1|   ap_memory|                 r2|         array|
|r2_q0            |   in|   32|   ap_memory|                 r2|         array|
|r3_address0      |  out|    6|   ap_memory|                 r3|         array|
|r3_ce0           |  out|    1|   ap_memory|                 r3|         array|
|r3_q0            |   in|   32|   ap_memory|                 r3|         array|
|result_address0  |  out|    6|   ap_memory|             result|         array|
|result_ce0       |  out|    1|   ap_memory|             result|         array|
|result_we0       |  out|    1|   ap_memory|             result|         array|
|result_d0        |  out|   32|   ap_memory|             result|         array|
+-----------------+-----+-----+------------+-------------------+--------------+

============================================================
+ Verbose Summary: Synthesis Manager
============================================================
InlineROM: 1
ExposeGlobal: 0
============================================================
+ Verbose Summary: CDFG Model
============================================================
IsTopModel: 0
ResetActiveHigh: 1
IsCombinational: 2
IsDatapathOnly: 0
HasWiredReturn: 1
HasMFsm: 0
HasVarLatency: 1
IsPipeline: 0
IsRtlPipelined: 0
IsInstanceOverlapped: 0
IsDontTouch: 0
HasImplIP: 0
IsGatedGlobalClock: 0


============================================================
+ Verbose Summary: Schedule
============================================================
* Number of FSM states : 4
* Pipeline : 0
* Dataflow Pipeline: 0

* FSM state transitions: 
1 --> 2 
2 --> 3 
3 --> 4 
4 --> 

* FSM state operations: 

State 1 <SV = 0> <Delay = 0.54>
ST_1 : Operation 5 [1/1] (0.00ns)   --->   "%gates_addr = getelementptr i32 %gates, i64 0, i64 0" [/home/simics/HMoE/HLS_HMoE/pseudo_block/run_11/src/pseudo_moe.cpp:55]   --->   Operation 5 'getelementptr' 'gates_addr' <Predicate = true> <Delay = 0.00>
ST_1 : Operation 6 [2/2] (0.54ns)   --->   "%gates_load = load i2 %gates_addr" [/home/simics/HMoE/HLS_HMoE/pseudo_block/run_11/src/pseudo_moe.cpp:55]   --->   Operation 6 'load' 'gates_load' <Predicate = true> <Delay = 0.54> <CoreInst = "RAM">   --->   Core 83 'RAM' <Latency = 1> <II = 1> <Delay = 0.54> <Storage> <Opcode : 'load' 'store'> <Ports = 2> <Width = 32> <Depth = 4> <RAM>
ST_1 : Operation 7 [1/1] (0.00ns)   --->   "%gates_addr_1 = getelementptr i32 %gates, i64 0, i64 1"   --->   Operation 7 'getelementptr' 'gates_addr_1' <Predicate = true> <Delay = 0.00>
ST_1 : Operation 8 [2/2] (0.54ns)   --->   "%gates_load_1 = load i2 %gates_addr_1"   --->   Operation 8 'load' 'gates_load_1' <Predicate = true> <Delay = 0.54> <CoreInst = "RAM">   --->   Core 83 'RAM' <Latency = 1> <II = 1> <Delay = 0.54> <Storage> <Opcode : 'load' 'store'> <Ports = 2> <Width = 32> <Depth = 4> <RAM>

State 2 <SV = 1> <Delay = 0.54>
ST_2 : Operation 9 [1/2] (0.54ns)   --->   "%gates_load = load i2 %gates_addr" [/home/simics/HMoE/HLS_HMoE/pseudo_block/run_11/src/pseudo_moe.cpp:55]   --->   Operation 9 'load' 'gates_load' <Predicate = true> <Delay = 0.54> <CoreInst = "RAM">   --->   Core 83 'RAM' <Latency = 1> <II = 1> <Delay = 0.54> <Storage> <Opcode : 'load' 'store'> <Ports = 2> <Width = 32> <Depth = 4> <RAM>
ST_2 : Operation 10 [1/2] (0.54ns)   --->   "%gates_load_1 = load i2 %gates_addr_1"   --->   Operation 10 'load' 'gates_load_1' <Predicate = true> <Delay = 0.54> <CoreInst = "RAM">   --->   Core 83 'RAM' <Latency = 1> <II = 1> <Delay = 0.54> <Storage> <Opcode : 'load' 'store'> <Ports = 2> <Width = 32> <Depth = 4> <RAM>
ST_2 : Operation 11 [1/1] (0.00ns)   --->   "%gates_addr_2 = getelementptr i32 %gates, i64 0, i64 2"   --->   Operation 11 'getelementptr' 'gates_addr_2' <Predicate = true> <Delay = 0.00>
ST_2 : Operation 12 [2/2] (0.54ns)   --->   "%gates_load_2 = load i2 %gates_addr_2"   --->   Operation 12 'load' 'gates_load_2' <Predicate = true> <Delay = 0.54> <CoreInst = "RAM">   --->   Core 83 'RAM' <Latency = 1> <II = 1> <Delay = 0.54> <Storage> <Opcode : 'load' 'store'> <Ports = 2> <Width = 32> <Depth = 4> <RAM>
ST_2 : Operation 13 [1/1] (0.00ns)   --->   "%gates_addr_3 = getelementptr i32 %gates, i64 0, i64 3"   --->   Operation 13 'getelementptr' 'gates_addr_3' <Predicate = true> <Delay = 0.00>
ST_2 : Operation 14 [2/2] (0.54ns)   --->   "%gates_load_3 = load i2 %gates_addr_3"   --->   Operation 14 'load' 'gates_load_3' <Predicate = true> <Delay = 0.54> <CoreInst = "RAM">   --->   Core 83 'RAM' <Latency = 1> <II = 1> <Delay = 0.54> <Storage> <Opcode : 'load' 'store'> <Ports = 2> <Width = 32> <Depth = 4> <RAM>

State 3 <SV = 2> <Delay = 0.54>
ST_3 : Operation 15 [1/2] (0.54ns)   --->   "%gates_load_2 = load i2 %gates_addr_2"   --->   Operation 15 'load' 'gates_load_2' <Predicate = true> <Delay = 0.54> <CoreInst = "RAM">   --->   Core 83 'RAM' <Latency = 1> <II = 1> <Delay = 0.54> <Storage> <Opcode : 'load' 'store'> <Ports = 2> <Width = 32> <Depth = 4> <RAM>
ST_3 : Operation 16 [1/2] (0.54ns)   --->   "%gates_load_3 = load i2 %gates_addr_3"   --->   Operation 16 'load' 'gates_load_3' <Predicate = true> <Delay = 0.54> <CoreInst = "RAM">   --->   Core 83 'RAM' <Latency = 1> <II = 1> <Delay = 0.54> <Storage> <Opcode : 'load' 'store'> <Ports = 2> <Width = 32> <Depth = 4> <RAM>
ST_3 : Operation 17 [2/2] (0.00ns)   --->   "%call_ln55 = call void @combine_experts12_Pipeline_VITIS_LOOP_64_1, i32 %r0, i32 %gates_load, i32 %r1, i32 %gates_load_1, i32 %r2, i32 %gates_load_2, i32 %r3, i32 %gates_load_3, i32 %result" [/home/simics/HMoE/HLS_HMoE/pseudo_block/run_11/src/pseudo_moe.cpp:55]   --->   Operation 17 'call' 'call_ln55' <Predicate = true> <Delay = 0.00> <CoreType = "Generic">   --->   Core 0 '' <Latency = 0> <II = 1> <Delay = 1.00> <Generic> <Opcode : >

State 4 <SV = 3> <Delay = 0.00>
ST_4 : Operation 18 [1/2] (0.00ns)   --->   "%call_ln55 = call void @combine_experts12_Pipeline_VITIS_LOOP_64_1, i32 %r0, i32 %gates_load, i32 %r1, i32 %gates_load_1, i32 %r2, i32 %gates_load_2, i32 %r3, i32 %gates_load_3, i32 %result" [/home/simics/HMoE/HLS_HMoE/pseudo_block/run_11/src/pseudo_moe.cpp:55]   --->   Operation 18 'call' 'call_ln55' <Predicate = true> <Delay = 0.00> <CoreType = "Generic">   --->   Core 0 '' <Latency = 0> <II = 1> <Delay = 1.00> <Generic> <Opcode : >
ST_4 : Operation 19 [1/1] (0.00ns)   --->   "%ret_ln71 = ret" [/home/simics/HMoE/HLS_HMoE/pseudo_block/run_11/src/pseudo_moe.cpp:71]   --->   Operation 19 'ret' 'ret_ln71' <Predicate = true> <Delay = 0.00>


============================================================
+ Verbose Summary: Binding
============================================================
STG Binding: 
---------------- STG Properties BEGIN ----------------
- Is combinational: 0
- Is one-state seq: 0
- Is datapath-only: 0
- Is pipelined: 0
- Is top level: 0
Port [ Return ] is wired: 1; IO mode=ap_ctrl_hs:ce=0
Port [ gates]:  wired=1; compound=1; hidden=0; nouse=0; global=0; static=0; extern=0; dir=0; type=1; pingpong=1; private_global=0; MemPort=[11]; IO mode=ap_memory:ce=0
Port [ r0]:  wired=1; compound=1; hidden=0; nouse=0; global=0; static=0; extern=0; dir=0; type=1; pingpong=1; private_global=0; MemPort=[13]; IO mode=ap_memory:ce=0
Port [ r1]:  wired=1; compound=1; hidden=0; nouse=0; global=0; static=0; extern=0; dir=0; type=1; pingpong=1; private_global=0; MemPort=[13]; IO mode=ap_memory:ce=0
Port [ r2]:  wired=1; compound=1; hidden=0; nouse=0; global=0; static=0; extern=0; dir=0; type=1; pingpong=1; private_global=0; MemPort=[13]; IO mode=ap_memory:ce=0
Port [ r3]:  wired=1; compound=1; hidden=0; nouse=0; global=0; static=0; extern=0; dir=0; type=1; pingpong=1; private_global=0; MemPort=[13]; IO mode=ap_memory:ce=0
Port [ result]:  wired=1; compound=1; hidden=0; nouse=0; global=0; static=0; extern=0; dir=1; type=1; pingpong=1; private_global=0; MemPort=[03]; IO mode=ap_memory:ce=0
---------------- STG Properties END ------------------

---------------- Datapath Model BEGIN ----------------

<LifeTime>
<method=bitvector/>
gates_addr   (getelementptr) [ 00100]
gates_addr_1 (getelementptr) [ 00100]
gates_load   (load         ) [ 00011]
gates_load_1 (load         ) [ 00011]
gates_addr_2 (getelementptr) [ 00010]
gates_addr_3 (getelementptr) [ 00010]
gates_load_2 (load         ) [ 00001]
gates_load_3 (load         ) [ 00001]
call_ln55    (call         ) [ 00000]
ret_ln71     (ret          ) [ 00000]
</LifeTime>

<model>

<comp_list>
<comp id="0" class="1000" name="gates">
<pin_list>
<pin id="1" dir="1" index="0" bw="1" slack="0"/>
</pin_list>
<bind>
<StgValue><ssdm name="gates"/><MemPortTyVec>1 1 </MemPortTyVec>
</StgValue>
</bind>
</comp>

<comp id="2" class="1000" name="r0">
<pin_list>
<pin id="3" dir="1" index="0" bw="1" slack="0"/>
</pin_list>
<bind>
<StgValue><ssdm name="r0"/><MemPortTyVec>1 3 </MemPortTyVec>
</StgValue>
</bind>
</comp>

<comp id="4" class="1000" name="r1">
<pin_list>
<pin id="5" dir="1" index="0" bw="1" slack="0"/>
</pin_list>
<bind>
<StgValue><ssdm name="r1"/><MemPortTyVec>1 3 </MemPortTyVec>
</StgValue>
</bind>
</comp>

<comp id="6" class="1000" name="r2">
<pin_list>
<pin id="7" dir="1" index="0" bw="1" slack="0"/>
</pin_list>
<bind>
<StgValue><ssdm name="r2"/><MemPortTyVec>1 3 </MemPortTyVec>
</StgValue>
</bind>
</comp>

<comp id="8" class="1000" name="r3">
<pin_list>
<pin id="9" dir="1" index="0" bw="1" slack="0"/>
</pin_list>
<bind>
<StgValue><ssdm name="r3"/><MemPortTyVec>1 3 </MemPortTyVec>
</StgValue>
</bind>
</comp>

<comp id="10" class="1000" name="result">
<pin_list>
<pin id="11" dir="1" index="0" bw="1" slack="0"/>
</pin_list>
<bind>
<StgValue><ssdm name="result"/><MemPortTyVec>0 3 </MemPortTyVec>
</StgValue>
</bind>
</comp>

<comp id="12" class="1001" name="const_12">
<pin_list>
<pin id="13" dir="1" index="0" bw="1" slack="0"/>
</pin_list>
<bind>
<StgValue><ssdm name=""/></StgValue>
</bind>
</comp>

<comp id="14" class="1001" name="const_14">
<pin_list>
<pin id="15" dir="1" index="0" bw="1" slack="0"/>
</pin_list>
<bind>
<StgValue><ssdm name=""/></StgValue>
</bind>
</comp>

<comp id="16" class="1001" name="const_16">
<pin_list>
<pin id="17" dir="1" index="0" bw="1" slack="0"/>
</pin_list>
<bind>
<StgValue><ssdm name=""/></StgValue>
</bind>
</comp>

<comp id="18" class="1001" name="const_18">
<pin_list>
<pin id="19" dir="1" index="0" bw="1" slack="0"/>
</pin_list>
<bind>
<StgValue><ssdm name=""/></StgValue>
</bind>
</comp>

<comp id="20" class="1001" name="const_20">
<pin_list>
<pin id="21" dir="1" index="0" bw="1" slack="0"/>
</pin_list>
<bind>
<StgValue><ssdm name="combine_experts12_Pipeline_VITIS_LOOP_64_1"/></StgValue>
</bind>
</comp>

<comp id="22" class="1004" name="gates_addr_gep_fu_22">
<pin_list>
<pin id="23" dir="0" index="0" bw="32" slack="0"/>
<pin id="24" dir="0" index="1" bw="1" slack="0"/>
<pin id="25" dir="0" index="2" bw="1" slack="0"/>
<pin id="26" dir="1" index="3" bw="2" slack="0"/>
</pin_list>
<bind>
<opcode="getelementptr(29) " fcode="getelementptr"/>
<opset="gates_addr/1 "/>
</bind>
</comp>

<comp id="30" class="1004" name="grp_access_fu_30">
<pin_list>
<pin id="31" dir="0" index="0" bw="2" slack="0"/>
<pin id="32" dir="0" index="1" bw="32" slack="2147483647"/>
<pin id="33" dir="0" index="2" bw="0" slack="0"/>
<pin id="35" dir="0" index="4" bw="2" slack="2147483647"/>
<pin id="36" dir="0" index="5" bw="32" slack="2147483647"/>
<pin id="37" dir="0" index="6" bw="0" slack="2147483647"/>
<pin id="34" dir="1" index="3" bw="32" slack="0"/>
<pin id="38" dir="1" index="7" bw="32" slack="0"/>
</pin_list>
<bind>
<opcode="load(27) " fcode="load"/>
<opset="gates_load/1 gates_load_1/1 gates_load_2/2 gates_load_3/2 "/>
</bind>
</comp>

<comp id="40" class="1004" name="gates_addr_1_gep_fu_40">
<pin_list>
<pin id="41" dir="0" index="0" bw="32" slack="0"/>
<pin id="42" dir="0" index="1" bw="1" slack="0"/>
<pin id="43" dir="0" index="2" bw="1" slack="0"/>
<pin id="44" dir="1" index="3" bw="2" slack="0"/>
</pin_list>
<bind>
<opcode="getelementptr(29) " fcode="getelementptr"/>
<opset="gates_addr_1/1 "/>
</bind>
</comp>

<comp id="49" class="1004" name="gates_addr_2_gep_fu_49">
<pin_list>
<pin id="50" dir="0" index="0" bw="32" slack="0"/>
<pin id="51" dir="0" index="1" bw="1" slack="0"/>
<pin id="52" dir="0" index="2" bw="3" slack="0"/>
<pin id="53" dir="1" index="3" bw="2" slack="0"/>
</pin_list>
<bind>
<opcode="getelementptr(29) " fcode="getelementptr"/>
<opset="gates_addr_2/2 "/>
</bind>
</comp>

<comp id="58" class="1004" name="gates_addr_3_gep_fu_58">
<pin_list>
<pin id="59" dir="0" index="0" bw="32" slack="0"/>
<pin id="60" dir="0" index="1" bw="1" slack="0"/>
<pin id="61" dir="0" index="2" bw="3" slack="0"/>
<pin id="62" dir="1" index="3" bw="2" slack="0"/>
</pin_list>
<bind>
<opcode="getelementptr(29) " fcode="getelementptr"/>
<opset="gates_addr_3/2 "/>
</bind>
</comp>

<comp id="67" class="1004" name="grp_combine_experts12_Pipeline_VITIS_LOOP_64_1_fu_67">
<pin_list>
<pin id="68" dir="0" index="0" bw="0" slack="0"/>
<pin id="69" dir="0" index="1" bw="32" slack="0"/>
<pin id="70" dir="0" index="2" bw="32" slack="1"/>
<pin id="71" dir="0" index="3" bw="32" slack="0"/>
<pin id="72" dir="0" index="4" bw="32" slack="1"/>
<pin id="73" dir="0" index="5" bw="32" slack="0"/>
<pin id="74" dir="0" index="6" bw="32" slack="0"/>
<pin id="75" dir="0" index="7" bw="32" slack="0"/>
<pin id="76" dir="0" index="8" bw="32" slack="0"/>
<pin id="77" dir="0" index="9" bw="32" slack="0"/>
<pin id="78" dir="1" index="10" bw="0" slack="2147483647"/>
</pin_list>
<bind>
<opcode="call(48) " fcode="call"/>
<opset="call_ln55/3 "/>
</bind>
</comp>

<comp id="87" class="1005" name="gates_addr_reg_87">
<pin_list>
<pin id="88" dir="0" index="0" bw="2" slack="1"/>
<pin id="89" dir="1" index="1" bw="2" slack="1"/>
</pin_list>
<bind>
<opset="gates_addr "/>
</bind>
</comp>

<comp id="92" class="1005" name="gates_addr_1_reg_92">
<pin_list>
<pin id="93" dir="0" index="0" bw="2" slack="1"/>
<pin id="94" dir="1" index="1" bw="2" slack="1"/>
</pin_list>
<bind>
<opset="gates_addr_1 "/>
</bind>
</comp>

<comp id="97" class="1005" name="gates_load_reg_97">
<pin_list>
<pin id="98" dir="0" index="0" bw="32" slack="1"/>
<pin id="99" dir="1" index="1" bw="32" slack="1"/>
</pin_list>
<bind>
<opset="gates_load "/>
</bind>
</comp>

<comp id="102" class="1005" name="gates_load_1_reg_102">
<pin_list>
<pin id="103" dir="0" index="0" bw="32" slack="1"/>
<pin id="104" dir="1" index="1" bw="32" slack="1"/>
</pin_list>
<bind>
<opset="gates_load_1 "/>
</bind>
</comp>

<comp id="107" class="1005" name="gates_addr_2_reg_107">
<pin_list>
<pin id="108" dir="0" index="0" bw="2" slack="1"/>
<pin id="109" dir="1" index="1" bw="2" slack="1"/>
</pin_list>
<bind>
<opset="gates_addr_2 "/>
</bind>
</comp>

<comp id="112" class="1005" name="gates_addr_3_reg_112">
<pin_list>
<pin id="113" dir="0" index="0" bw="2" slack="1"/>
<pin id="114" dir="1" index="1" bw="2" slack="1"/>
</pin_list>
<bind>
<opset="gates_addr_3 "/>
</bind>
</comp>

<comp id="117" class="1005" name="gates_load_2_reg_117">
<pin_list>
<pin id="118" dir="0" index="0" bw="32" slack="1"/>
<pin id="119" dir="1" index="1" bw="32" slack="1"/>
</pin_list>
<bind>
<opset="gates_load_2 "/>
</bind>
</comp>

<comp id="122" class="1005" name="gates_load_3_reg_122">
<pin_list>
<pin id="123" dir="0" index="0" bw="32" slack="1"/>
<pin id="124" dir="1" index="1" bw="32" slack="1"/>
</pin_list>
<bind>
<opset="gates_load_3 "/>
</bind>
</comp>

</comp_list>

<net_list>
<net id="27"><net_src comp="0" pin="0"/><net_sink comp="22" pin=0"/></net>

<net id="28"><net_src comp="12" pin="0"/><net_sink comp="22" pin=1"/></net>

<net id="29"><net_src comp="12" pin="0"/><net_sink comp="22" pin=2"/></net>

<net id="39"><net_src comp="22" pin="3"/><net_sink comp="30" pin=2"/></net>

<net id="45"><net_src comp="0" pin="0"/><net_sink comp="40" pin=0"/></net>

<net id="46"><net_src comp="12" pin="0"/><net_sink comp="40" pin=1"/></net>

<net id="47"><net_src comp="14" pin="0"/><net_sink comp="40" pin=2"/></net>

<net id="48"><net_src comp="40" pin="3"/><net_sink comp="30" pin=0"/></net>

<net id="54"><net_src comp="0" pin="0"/><net_sink comp="49" pin=0"/></net>

<net id="55"><net_src comp="12" pin="0"/><net_sink comp="49" pin=1"/></net>

<net id="56"><net_src comp="16" pin="0"/><net_sink comp="49" pin=2"/></net>

<net id="57"><net_src comp="49" pin="3"/><net_sink comp="30" pin=2"/></net>

<net id="63"><net_src comp="0" pin="0"/><net_sink comp="58" pin=0"/></net>

<net id="64"><net_src comp="12" pin="0"/><net_sink comp="58" pin=1"/></net>

<net id="65"><net_src comp="18" pin="0"/><net_sink comp="58" pin=2"/></net>

<net id="66"><net_src comp="58" pin="3"/><net_sink comp="30" pin=0"/></net>

<net id="79"><net_src comp="20" pin="0"/><net_sink comp="67" pin=0"/></net>

<net id="80"><net_src comp="2" pin="0"/><net_sink comp="67" pin=1"/></net>

<net id="81"><net_src comp="4" pin="0"/><net_sink comp="67" pin=3"/></net>

<net id="82"><net_src comp="6" pin="0"/><net_sink comp="67" pin=5"/></net>

<net id="83"><net_src comp="30" pin="7"/><net_sink comp="67" pin=6"/></net>

<net id="84"><net_src comp="8" pin="0"/><net_sink comp="67" pin=7"/></net>

<net id="85"><net_src comp="30" pin="3"/><net_sink comp="67" pin=8"/></net>

<net id="86"><net_src comp="10" pin="0"/><net_sink comp="67" pin=9"/></net>

<net id="90"><net_src comp="22" pin="3"/><net_sink comp="87" pin=0"/></net>

<net id="91"><net_src comp="87" pin="1"/><net_sink comp="30" pin=2"/></net>

<net id="95"><net_src comp="40" pin="3"/><net_sink comp="92" pin=0"/></net>

<net id="96"><net_src comp="92" pin="1"/><net_sink comp="30" pin=0"/></net>

<net id="100"><net_src comp="30" pin="7"/><net_sink comp="97" pin=0"/></net>

<net id="101"><net_src comp="97" pin="1"/><net_sink comp="67" pin=2"/></net>

<net id="105"><net_src comp="30" pin="3"/><net_sink comp="102" pin=0"/></net>

<net id="106"><net_src comp="102" pin="1"/><net_sink comp="67" pin=4"/></net>

<net id="110"><net_src comp="49" pin="3"/><net_sink comp="107" pin=0"/></net>

<net id="111"><net_src comp="107" pin="1"/><net_sink comp="30" pin=2"/></net>

<net id="115"><net_src comp="58" pin="3"/><net_sink comp="112" pin=0"/></net>

<net id="116"><net_src comp="112" pin="1"/><net_sink comp="30" pin=0"/></net>

<net id="120"><net_src comp="30" pin="7"/><net_sink comp="117" pin=0"/></net>

<net id="121"><net_src comp="117" pin="1"/><net_sink comp="67" pin=6"/></net>

<net id="125"><net_src comp="30" pin="3"/><net_sink comp="122" pin=0"/></net>

<net id="126"><net_src comp="122" pin="1"/><net_sink comp="67" pin=8"/></net>

</net_list>

</model> 
---------------- Datapath Model END ------------------

* FSMD analyzer results:
  - Output states:
	Port: result | {3 4 }
 - Input state : 
	Port: combine_experts12 : gates | {1 2 3 }
	Port: combine_experts12 : r0 | {3 4 }
	Port: combine_experts12 : r1 | {3 4 }
	Port: combine_experts12 : r2 | {3 4 }
	Port: combine_experts12 : r3 | {3 4 }
  - Chain level:
	State 1
		gates_load : 1
		gates_load_1 : 1
	State 2
		gates_load_2 : 1
		gates_load_3 : 1
	State 3
		call_ln55 : 1
	State 4


============================================================
+ Verbose Summary: Datapath Resource usage 
============================================================

* Functional unit list:
|----------|------------------------------------------------------|---------|---------|---------|---------|
| Operation|                    Functional Unit                   |   DSP   |  Delay  |    FF   |   LUT   |
|----------|------------------------------------------------------|---------|---------|---------|---------|
|   call   | grp_combine_experts12_Pipeline_VITIS_LOOP_64_1_fu_67 |    18   |  2.896  |   1587  |   1111  |
|----------|------------------------------------------------------|---------|---------|---------|---------|
|   Total  |                                                      |    18   |  2.896  |   1587  |   1111  |
|----------|------------------------------------------------------|---------|---------|---------|---------|

Memories:
N/A

* Register list:
+--------------------+--------+
|                    |   FF   |
+--------------------+--------+
| gates_addr_1_reg_92|    2   |
|gates_addr_2_reg_107|    2   |
|gates_addr_3_reg_112|    2   |
|  gates_addr_reg_87 |    2   |
|gates_load_1_reg_102|   32   |
|gates_load_2_reg_117|   32   |
|gates_load_3_reg_122|   32   |
|  gates_load_reg_97 |   32   |
+--------------------+--------+
|        Total       |   136  |
+--------------------+--------+

* Multiplexer (MUX) list: 
|------------------------------------------------------|------|------|------|--------||---------||---------|
|                         Comp                         |  Pin | Size |  BW  | S x BW ||  Delay  ||   LUT   |
|------------------------------------------------------|------|------|------|--------||---------||---------|
|                   grp_access_fu_30                   |  p0  |   4  |   2  |    8   ||    20   |
|                   grp_access_fu_30                   |  p2  |   4  |   0  |    0   ||    20   |
| grp_combine_experts12_Pipeline_VITIS_LOOP_64_1_fu_67 |  p6  |   2  |  32  |   64   ||    9    |
| grp_combine_experts12_Pipeline_VITIS_LOOP_64_1_fu_67 |  p8  |   2  |  32  |   64   ||    9    |
|------------------------------------------------------|------|------|------|--------||---------||---------|
|                         Total                        |      |      |      |   136  ||  1.564  ||    58   |
|------------------------------------------------------|------|------|------|--------||---------||---------|



* Summary:
+-----------+--------+--------+--------+--------+
|           |   DSP  |  Delay |   FF   |   LUT  |
+-----------+--------+--------+--------+--------+
|  Function |   18   |    2   |  1587  |  1111  |
|   Memory  |    -   |    -   |    -   |    -   |
|Multiplexer|    -   |    1   |    -   |   58   |
|  Register |    -   |    -   |   136  |    -   |
+-----------+--------+--------+--------+--------+
|   Total   |   18   |    4   |  1723  |  1169  |
+-----------+--------+--------+--------+--------+
