

================================================================
== Vitis HLS Report for 'dataflow_parent_loop_proc'
================================================================
* Date:           Mon Sep 21 08:00:13 2026

* Version:        2023.2 (Build 4023990 on Oct 11 2023)
* Project:        project
* Solution:       solution1 (Vivado IP Flow Target)
* Product family: virtexuplus
* Target device:  xcvu13p_CIV-figd2104-3-e


================================================================
== Performance Estimates
================================================================
+ Timing: 
    * Summary: 
    +--------+----------+----------+------------+
    |  Clock |  Target  | Estimated| Uncertainty|
    +--------+----------+----------+------------+
    |ap_clk  |  10.00 ns|  7.300 ns|     2.70 ns|
    +--------+----------+----------+------------+

+ Latency: 
    * Summary: 
    +---------+---------+-----------+-----------+------+------+---------+
    |  Latency (cycles) |   Latency (absolute)  |   Interval  | Pipeline|
    |   min   |   max   |    min    |    max    |  min |  max |   Type  |
    +---------+---------+-----------+-----------+------+------+---------+
    |     3570|     3570|  35.700 us|  35.700 us|  3570|  3570|       no|
    +---------+---------+-----------+-----------+------+------+---------+

    + Detail: 
        * Instance: 
        +------------------------------------------------+-------------------------------------+---------+---------+----------+----------+-----+-----+----------+
        |                                                |                                     |  Latency (cycles) |  Latency (absolute) |  Interval | Pipeline |
        |                    Instance                    |                Module               |   min   |   max   |    min   |    max   | min | max |   Type   |
        +------------------------------------------------+-------------------------------------+---------+---------+----------+----------+-----+-----+----------+
        |grp_dataflow_in_loop_VITIS_LOOP_149_4_1_fu_304  |dataflow_in_loop_VITIS_LOOP_149_4_1  |      516|      516|  5.160 us|  5.160 us|  339|  339|  dataflow|
        +------------------------------------------------+-------------------------------------+---------+---------+----------+----------+-----+-----+----------+

        * Loop: 
        +--------------------+---------+---------+----------+-----------+-----------+------+----------+
        |                    |  Latency (cycles) | Iteration|  Initiation Interval  | Trip |          |
        |      Loop Name     |   min   |   max   |  Latency |  achieved |   target  | Count| Pipelined|
        +--------------------+---------+---------+----------+-----------+-----------+------+----------+
        |- VITIS_LOOP_149_4  |     3569|     3569|       519|          -|          -|    10|        no|
        +--------------------+---------+---------+----------+-----------+-----------+------+----------+

============================================================
+ Verbose Summary: Synthesis Manager
============================================================
InlineROM: 1
ExposeGlobal: 0
============================================================
+ Verbose Summary: CDFG Model
============================================================
IsTopModel: 0
ResetActiveHigh: 1
IsCombinational: 2
IsDatapathOnly: 0
HasWiredReturn: 1
HasMFsm: 0
HasVarLatency: 1
IsPipeline: 0
IsRtlPipelined: 0
IsInstanceOverlapped: 0
IsDontTouch: 0
HasImplIP: 0
IsGatedGlobalClock: 0


============================================================
+ Verbose Summary: Schedule
============================================================
* Number of FSM states : 4
* Pipeline : 0
* Dataflow Pipeline: 1
  DF-Pipeline-0: Size = 3, States = { 2 3 4 }

* FSM state transitions: 
1 --> 2 
2 --> 3 
3 --> 4 
4 --> 2 

* FSM state operations: 

State 1 <SV = 0> <Delay = 0.36>
ST_1 : Operation 5 [1/1] (0.00ns)   --->   "%specinterface_ln0 = specinterface void @_ssdm_op_SpecInterface, i32 %gmem12, void @empty_16, i32 0, i32 0, void @empty_30, i32 0, i32 0, void @empty_5, void @empty_41, void @empty_30, i32 16, i32 16, i32 16, i32 16, void @empty_30, void @empty_30, i32 4294967295, i32 0"   --->   Operation 5 'specinterface' 'specinterface_ln0' <Predicate = true> <Delay = 0.00>
ST_1 : Operation 6 [1/1] (0.00ns)   --->   "%specinterface_ln0 = specinterface void @_ssdm_op_SpecInterface, i32 %gmem11, void @empty_16, i32 0, i32 0, void @empty_30, i32 0, i32 0, void @empty_4, void @empty_41, void @empty_30, i32 16, i32 16, i32 16, i32 16, void @empty_30, void @empty_30, i32 4294967295, i32 0"   --->   Operation 6 'specinterface' 'specinterface_ln0' <Predicate = true> <Delay = 0.00>
ST_1 : Operation 7 [1/1] (0.00ns)   --->   "%specinterface_ln0 = specinterface void @_ssdm_op_SpecInterface, i32 %gmem10, void @empty_16, i32 0, i32 0, void @empty_30, i32 0, i32 0, void @empty_8, void @empty_41, void @empty_30, i32 16, i32 16, i32 16, i32 16, void @empty_30, void @empty_30, i32 4294967295, i32 0"   --->   Operation 7 'specinterface' 'specinterface_ln0' <Predicate = true> <Delay = 0.00>
ST_1 : Operation 8 [1/1] (0.00ns)   --->   "%specinterface_ln0 = specinterface void @_ssdm_op_SpecInterface, i32 %gmem8, void @empty_16, i32 0, i32 0, void @empty_30, i32 0, i32 0, void @empty_7, void @empty_41, void @empty_30, i32 16, i32 16, i32 16, i32 16, void @empty_30, void @empty_30, i32 4294967295, i32 0"   --->   Operation 8 'specinterface' 'specinterface_ln0' <Predicate = true> <Delay = 0.00>
ST_1 : Operation 9 [1/1] (0.00ns)   --->   "%specinterface_ln0 = specinterface void @_ssdm_op_SpecInterface, i32 %gmem6, void @empty_16, i32 0, i32 0, void @empty_30, i32 0, i32 0, void @empty_12, void @empty_41, void @empty_30, i32 16, i32 16, i32 16, i32 16, void @empty_30, void @empty_30, i32 4294967295, i32 0"   --->   Operation 9 'specinterface' 'specinterface_ln0' <Predicate = true> <Delay = 0.00>
ST_1 : Operation 10 [1/1] (0.00ns)   --->   "%specinterface_ln0 = specinterface void @_ssdm_op_SpecInterface, i32 %gmem4, void @empty_16, i32 0, i32 0, void @empty_30, i32 0, i32 0, void @empty, void @empty_41, void @empty_30, i32 16, i32 16, i32 16, i32 16, void @empty_30, void @empty_30, i32 4294967295, i32 0"   --->   Operation 10 'specinterface' 'specinterface_ln0' <Predicate = true> <Delay = 0.00>
ST_1 : Operation 11 [1/1] (0.00ns)   --->   "%specinterface_ln0 = specinterface void @_ssdm_op_SpecInterface, i32 %gmem2, void @empty_16, i32 0, i32 0, void @empty_30, i32 0, i32 0, void @empty_39, void @empty_41, void @empty_30, i32 16, i32 16, i32 16, i32 16, void @empty_30, void @empty_30, i32 4294967295, i32 0"   --->   Operation 11 'specinterface' 'specinterface_ln0' <Predicate = true> <Delay = 0.00>
ST_1 : Operation 12 [1/1] (0.00ns)   --->   "%specinterface_ln0 = specinterface void @_ssdm_op_SpecInterface, i32 %gmem1, void @empty_16, i32 0, i32 0, void @empty_30, i32 0, i32 0, void @empty_40, void @empty_41, void @empty_30, i32 16, i32 16, i32 16, i32 16, void @empty_30, void @empty_30, i32 4294967295, i32 0"   --->   Operation 12 'specinterface' 'specinterface_ln0' <Predicate = true> <Delay = 0.00>
ST_1 : Operation 13 [1/1] (0.00ns)   --->   "%output_r_read = read i64 @_ssdm_op_Read.ap_auto.i64, i64 %output_r"   --->   Operation 13 'read' 'output_r_read' <Predicate = true> <Delay = 0.00>
ST_1 : Operation 14 [1/1] (0.00ns)   --->   "%b3_read = read i64 @_ssdm_op_Read.ap_auto.i64, i64 %b3"   --->   Operation 14 'read' 'b3_read' <Predicate = true> <Delay = 0.00>
ST_1 : Operation 15 [1/1] (0.00ns)   --->   "%b2_read = read i64 @_ssdm_op_Read.ap_auto.i64, i64 %b2"   --->   Operation 15 'read' 'b2_read' <Predicate = true> <Delay = 0.00>
ST_1 : Operation 16 [1/1] (0.00ns)   --->   "%b1_read = read i64 @_ssdm_op_Read.ap_auto.i64, i64 %b1"   --->   Operation 16 'read' 'b1_read' <Predicate = true> <Delay = 0.00>
ST_1 : Operation 17 [1/1] (0.00ns)   --->   "%b0_read = read i64 @_ssdm_op_Read.ap_auto.i64, i64 %b0"   --->   Operation 17 'read' 'b0_read' <Predicate = true> <Delay = 0.00>
ST_1 : Operation 18 [1/1] (0.00ns)   --->   "%gates_out_read = read i64 @_ssdm_op_Read.ap_auto.i64, i64 %gates_out"   --->   Operation 18 'read' 'gates_out_read' <Predicate = true> <Delay = 0.00>
ST_1 : Operation 19 [1/1] (0.00ns)   --->   "%b_gate_read = read i64 @_ssdm_op_Read.ap_auto.i64, i64 %b_gate"   --->   Operation 19 'read' 'b_gate_read' <Predicate = true> <Delay = 0.00>
ST_1 : Operation 20 [1/1] (0.00ns)   --->   "%w_gate_read = read i64 @_ssdm_op_Read.ap_auto.i64, i64 %w_gate"   --->   Operation 20 'read' 'w_gate_read' <Predicate = true> <Delay = 0.00>
ST_1 : Operation 21 [1/1] (0.36ns)   --->   "%br_ln0 = br void %for.cond36"   --->   Operation 21 'br' 'br_ln0' <Predicate = true> <Delay = 0.36>

State 2 <SV = 1> <Delay = 0.64>
ST_2 : Operation 22 [1/1] (0.00ns)   --->   "%n = phi i4 %add_ln149, void %codeRepl, i4 0, void %newFuncRoot" [/home/simics/HMoE/HLS_HMoE/pseudo_block/run_11/src/pseudo_moe.cpp:149]   --->   Operation 22 'phi' 'n' <Predicate = true> <Delay = 0.00>
ST_2 : Operation 23 [1/1] (0.64ns)   --->   "%icmp_ln149 = icmp_eq  i4 %n, i4 10" [/home/simics/HMoE/HLS_HMoE/pseudo_block/run_11/src/pseudo_moe.cpp:149]   --->   Operation 23 'icmp' 'icmp_ln149' <Predicate = true> <Delay = 0.64> <CoreInst = "Cmp">   --->   Core 9 'Cmp' <Latency = 0> <II = 1> <Delay = 0.64> <FuncUnit> <Opcode : 'icmp'> <InPorts = 2> <OutPorts = 1>
ST_2 : Operation 24 [1/1] (0.64ns)   --->   "%add_ln149 = add i4 %n, i4 1" [/home/simics/HMoE/HLS_HMoE/pseudo_block/run_11/src/pseudo_moe.cpp:149]   --->   Operation 24 'add' 'add_ln149' <Predicate = true> <Delay = 0.64> <CoreInst = "Adder">   --->   Core 1 'Adder' <Latency = 0> <II = 1> <Delay = 0.64> <FuncUnit> <Opcode : 'add' 'sub'> <InPorts = 2> <OutPorts = 1>
ST_2 : Operation 25 [1/1] (0.00ns)   --->   "%specdataflowpipeline_ln149 = specdataflowpipeline void @_ssdm_op_SpecDataflowPipeline, i32 4294967295, i32 0, void @dataflow_parent_loop_str, i4 %n, i4 10, i32 0" [/home/simics/HMoE/HLS_HMoE/pseudo_block/run_11/src/pseudo_moe.cpp:149]   --->   Operation 25 'specdataflowpipeline' 'specdataflowpipeline_ln149' <Predicate = true> <Delay = 0.00>
ST_2 : Operation 26 [1/1] (0.00ns)   --->   "%br_ln149 = br i1 %icmp_ln149, void %codeRepl, void %for.end167.exitStub" [/home/simics/HMoE/HLS_HMoE/pseudo_block/run_11/src/pseudo_moe.cpp:149]   --->   Operation 26 'br' 'br_ln149' <Predicate = true> <Delay = 0.00>
ST_2 : Operation 27 [1/1] (0.00ns)   --->   "%ret_ln0 = ret"   --->   Operation 27 'ret' 'ret_ln0' <Predicate = (icmp_ln149)> <Delay = 0.00>

State 3 <SV = 2> <Delay = 7.30>
ST_3 : Operation 28 [2/2] (7.30ns)   --->   "%call_ln217 = call void @dataflow_in_loop_VITIS_LOOP_149_4.1, i32 %gmem1, i64 %w_gate_read, i32 %gmem2, i64 %b_gate_read, i32 %gmem11, i4 %n, i64 %gates_out_read, i32 %w0_local, i32 %w0_local_1, i32 %w0_local_2, i32 %w0_local_3, i32 %w0_local_4, i32 %w0_local_5, i32 %w0_local_6, i32 %w0_local_7, i32 %w0_local_8, i32 %w0_local_9, i32 %w0_local_10, i32 %w0_local_11, i32 %w0_local_12, i32 %w0_local_13, i32 %w0_local_14, i32 %w0_local_15, i32 %gmem4, i64 %b0_read, i32 %w1_local, i32 %w1_local_1, i32 %w1_local_2, i32 %w1_local_3, i32 %w1_local_4, i32 %w1_local_5, i32 %w1_local_6, i32 %w1_local_7, i32 %w1_local_8, i32 %w1_local_9, i32 %w1_local_10, i32 %w1_local_11, i32 %w1_local_12, i32 %w1_local_13, i32 %w1_local_14, i32 %w1_local_15, i32 %gmem6, i64 %b1_read, i32 %w2_local, i32 %w2_local_1, i32 %w2_local_2, i32 %w2_local_3, i32 %w2_local_4, i32 %w2_local_5, i32 %w2_local_6, i32 %w2_local_7, i32 %w2_local_8, i32 %w2_local_9, i32 %w2_local_10, i32 %w2_local_11, i32 %w2_local_12, i32 %w2_local_13, i32 %w2_local_14, i32 %w2_local_15, i32 %gmem8, i64 %b2_read, i32 %w3_local, i32 %w3_local_1, i32 %w3_local_2, i32 %w3_local_3, i32 %w3_local_4, i32 %w3_local_5, i32 %w3_local_6, i32 %w3_local_7, i32 %w3_local_8, i32 %w3_local_9, i32 %w3_local_10, i32 %w3_local_11, i32 %w3_local_12, i32 %w3_local_13, i32 %w3_local_14, i32 %w3_local_15, i32 %gmem10, i64 %b3_read, i32 %gmem12, i64 %output_r_read, i32 %input_local, i32 %input_local_1, i32 %input_local_2, i32 %input_local_3, i32 %input_local_4, i32 %input_local_5, i32 %input_local_6, i32 %input_local_7, i32 %input_local_8, i32 %input_local_9, i32 %input_local_10, i32 %input_local_11, i32 %input_local_12, i32 %input_local_13, i32 %input_local_14, i32 %input_local_15" [/home/simics/HMoE/HLS_HMoE/pseudo_block/run_11/src/pseudo_moe.cpp:217]   --->   Operation 28 'call' 'call_ln217' <Predicate = (!icmp_ln149)> <Delay = 7.30> <CoreType = "Generic">   --->   Core 0 '' <Latency = 0> <II = 1> <Delay = 1.00> <Generic> <Opcode : >

State 4 <SV = 3> <Delay = 0.00>
ST_4 : Operation 29 [1/1] (0.00ns)   --->   "%speclooptripcount_ln217 = speclooptripcount void @_ssdm_op_SpecLoopTripCount, i64 10, i64 10, i64 10" [/home/simics/HMoE/HLS_HMoE/pseudo_block/run_11/src/pseudo_moe.cpp:217]   --->   Operation 29 'speclooptripcount' 'speclooptripcount_ln217' <Predicate = (!icmp_ln149)> <Delay = 0.00>
ST_4 : Operation 30 [1/1] (0.00ns)   --->   "%specloopname_ln149 = specloopname void @_ssdm_op_SpecLoopName, void @empty_15" [/home/simics/HMoE/HLS_HMoE/pseudo_block/run_11/src/pseudo_moe.cpp:149]   --->   Operation 30 'specloopname' 'specloopname_ln149' <Predicate = (!icmp_ln149)> <Delay = 0.00>
ST_4 : Operation 31 [1/2] (0.00ns)   --->   "%call_ln217 = call void @dataflow_in_loop_VITIS_LOOP_149_4.1, i32 %gmem1, i64 %w_gate_read, i32 %gmem2, i64 %b_gate_read, i32 %gmem11, i4 %n, i64 %gates_out_read, i32 %w0_local, i32 %w0_local_1, i32 %w0_local_2, i32 %w0_local_3, i32 %w0_local_4, i32 %w0_local_5, i32 %w0_local_6, i32 %w0_local_7, i32 %w0_local_8, i32 %w0_local_9, i32 %w0_local_10, i32 %w0_local_11, i32 %w0_local_12, i32 %w0_local_13, i32 %w0_local_14, i32 %w0_local_15, i32 %gmem4, i64 %b0_read, i32 %w1_local, i32 %w1_local_1, i32 %w1_local_2, i32 %w1_local_3, i32 %w1_local_4, i32 %w1_local_5, i32 %w1_local_6, i32 %w1_local_7, i32 %w1_local_8, i32 %w1_local_9, i32 %w1_local_10, i32 %w1_local_11, i32 %w1_local_12, i32 %w1_local_13, i32 %w1_local_14, i32 %w1_local_15, i32 %gmem6, i64 %b1_read, i32 %w2_local, i32 %w2_local_1, i32 %w2_local_2, i32 %w2_local_3, i32 %w2_local_4, i32 %w2_local_5, i32 %w2_local_6, i32 %w2_local_7, i32 %w2_local_8, i32 %w2_local_9, i32 %w2_local_10, i32 %w2_local_11, i32 %w2_local_12, i32 %w2_local_13, i32 %w2_local_14, i32 %w2_local_15, i32 %gmem8, i64 %b2_read, i32 %w3_local, i32 %w3_local_1, i32 %w3_local_2, i32 %w3_local_3, i32 %w3_local_4, i32 %w3_local_5, i32 %w3_local_6, i32 %w3_local_7, i32 %w3_local_8, i32 %w3_local_9, i32 %w3_local_10, i32 %w3_local_11, i32 %w3_local_12, i32 %w3_local_13, i32 %w3_local_14, i32 %w3_local_15, i32 %gmem10, i64 %b3_read, i32 %gmem12, i64 %output_r_read, i32 %input_local, i32 %input_local_1, i32 %input_local_2, i32 %input_local_3, i32 %input_local_4, i32 %input_local_5, i32 %input_local_6, i32 %input_local_7, i32 %input_local_8, i32 %input_local_9, i32 %input_local_10, i32 %input_local_11, i32 %input_local_12, i32 %input_local_13, i32 %input_local_14, i32 %input_local_15" [/home/simics/HMoE/HLS_HMoE/pseudo_block/run_11/src/pseudo_moe.cpp:217]   --->   Operation 31 'call' 'call_ln217' <Predicate = (!icmp_ln149)> <Delay = 0.00> <CoreType = "Generic">   --->   Core 0 '' <Latency = 0> <II = 1> <Delay = 1.00> <Generic> <Opcode : >
ST_4 : Operation 32 [1/1] (0.00ns)   --->   "%br_ln149 = br void %for.cond36" [/home/simics/HMoE/HLS_HMoE/pseudo_block/run_11/src/pseudo_moe.cpp:149]   --->   Operation 32 'br' 'br_ln149' <Predicate = (!icmp_ln149)> <Delay = 0.00>


============================================================
+ Verbose Summary: Binding
============================================================
STG Binding: 
---------------- STG Properties BEGIN ----------------
- Is combinational: 0
- Is one-state seq: 0
- Is datapath-only: 0
- Is pipelined: 0
- Is top level: 0
Port [ Return ] is wired: 1; IO mode=ap_ctrl_hs:ce=0
Port [ gmem1]:  wired=1; compound=1; hidden=0; nouse=0; global=0; static=0; extern=0; dir=0; type=4; pingpong=0; private_global=0; IO mode=m_axi:ce=0
Port [ w_gate]:  wired=1; compound=0; hidden=0; nouse=0; global=0; static=0; extern=0; dir=0; type=0; pingpong=0; private_global=0; IO mode=ap_none:ce=0
Port [ gmem2]:  wired=1; compound=1; hidden=0; nouse=0; global=0; static=0; extern=0; dir=0; type=4; pingpong=0; private_global=0; IO mode=m_axi:ce=0
Port [ b_gate]:  wired=1; compound=0; hidden=0; nouse=0; global=0; static=0; extern=0; dir=0; type=0; pingpong=0; private_global=0; IO mode=ap_none:ce=0
Port [ gmem11]:  wired=1; compound=1; hidden=0; nouse=0; global=0; static=0; extern=0; dir=1; type=4; pingpong=0; private_global=0; IO mode=m_axi:ce=0
Port [ gates_out]:  wired=1; compound=0; hidden=0; nouse=0; global=0; static=0; extern=0; dir=0; type=0; pingpong=0; private_global=0; IO mode=ap_none:ce=0
Port [ w0_local]:  wired=1; compound=1; hidden=0; nouse=0; global=0; static=0; extern=0; dir=0; type=1; pingpong=0; private_global=0; MemPort=[13]; IO mode=ap_memory:ce=0
Port [ w0_local_1]:  wired=1; compound=1; hidden=0; nouse=0; global=0; static=0; extern=0; dir=0; type=1; pingpong=0; private_global=0; MemPort=[13]; IO mode=ap_memory:ce=0
Port [ w0_local_2]:  wired=1; compound=1; hidden=0; nouse=0; global=0; static=0; extern=0; dir=0; type=1; pingpong=0; private_global=0; MemPort=[13]; IO mode=ap_memory:ce=0
Port [ w0_local_3]:  wired=1; compound=1; hidden=0; nouse=0; global=0; static=0; extern=0; dir=0; type=1; pingpong=0; private_global=0; MemPort=[13]; IO mode=ap_memory:ce=0
Port [ w0_local_4]:  wired=1; compound=1; hidden=0; nouse=0; global=0; static=0; extern=0; dir=0; type=1; pingpong=0; private_global=0; MemPort=[13]; IO mode=ap_memory:ce=0
Port [ w0_local_5]:  wired=1; compound=1; hidden=0; nouse=0; global=0; static=0; extern=0; dir=0; type=1; pingpong=0; private_global=0; MemPort=[13]; IO mode=ap_memory:ce=0
Port [ w0_local_6]:  wired=1; compound=1; hidden=0; nouse=0; global=0; static=0; extern=0; dir=0; type=1; pingpong=0; private_global=0; MemPort=[13]; IO mode=ap_memory:ce=0
Port [ w0_local_7]:  wired=1; compound=1; hidden=0; nouse=0; global=0; static=0; extern=0; dir=0; type=1; pingpong=0; private_global=0; MemPort=[13]; IO mode=ap_memory:ce=0
Port [ w0_local_8]:  wired=1; compound=1; hidden=0; nouse=0; global=0; static=0; extern=0; dir=0; type=1; pingpong=0; private_global=0; MemPort=[13]; IO mode=ap_memory:ce=0
Port [ w0_local_9]:  wired=1; compound=1; hidden=0; nouse=0; global=0; static=0; extern=0; dir=0; type=1; pingpong=0; private_global=0; MemPort=[13]; IO mode=ap_memory:ce=0
Port [ w0_local_10]:  wired=1; compound=1; hidden=0; nouse=0; global=0; static=0; extern=0; dir=0; type=1; pingpong=0; private_global=0; MemPort=[13]; IO mode=ap_memory:ce=0
Port [ w0_local_11]:  wired=1; compound=1; hidden=0; nouse=0; global=0; static=0; extern=0; dir=0; type=1; pingpong=0; private_global=0; MemPort=[13]; IO mode=ap_memory:ce=0
Port [ w0_local_12]:  wired=1; compound=1; hidden=0; nouse=0; global=0; static=0; extern=0; dir=0; type=1; pingpong=0; private_global=0; MemPort=[13]; IO mode=ap_memory:ce=0
Port [ w0_local_13]:  wired=1; compound=1; hidden=0; nouse=0; global=0; static=0; extern=0; dir=0; type=1; pingpong=0; private_global=0; MemPort=[13]; IO mode=ap_memory:ce=0
Port [ w0_local_14]:  wired=1; compound=1; hidden=0; nouse=0; global=0; static=0; extern=0; dir=0; type=1; pingpong=0; private_global=0; MemPort=[13]; IO mode=ap_memory:ce=0
Port [ w0_local_15]:  wired=1; compound=1; hidden=0; nouse=0; global=0; static=0; extern=0; dir=0; type=1; pingpong=0; private_global=0; MemPort=[13]; IO mode=ap_memory:ce=0
Port [ gmem4]:  wired=1; compound=1; hidden=0; nouse=0; global=0; static=0; extern=0; dir=0; type=4; pingpong=0; private_global=0; IO mode=m_axi:ce=0
Port [ b0]:  wired=1; compound=0; hidden=0; nouse=0; global=0; static=0; extern=0; dir=0; type=0; pingpong=0; private_global=0; IO mode=ap_none:ce=0
Port [ w1_local]:  wired=1; compound=1; hidden=0; nouse=0; global=0; static=0; extern=0; dir=0; type=1; pingpong=0; private_global=0; MemPort=[13]; IO mode=ap_memory:ce=0
Port [ w1_local_1]:  wired=1; compound=1; hidden=0; nouse=0; global=0; static=0; extern=0; dir=0; type=1; pingpong=0; private_global=0; MemPort=[13]; IO mode=ap_memory:ce=0
Port [ w1_local_2]:  wired=1; compound=1; hidden=0; nouse=0; global=0; static=0; extern=0; dir=0; type=1; pingpong=0; private_global=0; MemPort=[13]; IO mode=ap_memory:ce=0
Port [ w1_local_3]:  wired=1; compound=1; hidden=0; nouse=0; global=0; static=0; extern=0; dir=0; type=1; pingpong=0; private_global=0; MemPort=[13]; IO mode=ap_memory:ce=0
Port [ w1_local_4]:  wired=1; compound=1; hidden=0; nouse=0; global=0; static=0; extern=0; dir=0; type=1; pingpong=0; private_global=0; MemPort=[13]; IO mode=ap_memory:ce=0
Port [ w1_local_5]:  wired=1; compound=1; hidden=0; nouse=0; global=0; static=0; extern=0; dir=0; type=1; pingpong=0; private_global=0; MemPort=[13]; IO mode=ap_memory:ce=0
Port [ w1_local_6]:  wired=1; compound=1; hidden=0; nouse=0; global=0; static=0; extern=0; dir=0; type=1; pingpong=0; private_global=0; MemPort=[13]; IO mode=ap_memory:ce=0
Port [ w1_local_7]:  wired=1; compound=1; hidden=0; nouse=0; global=0; static=0; extern=0; dir=0; type=1; pingpong=0; private_global=0; MemPort=[13]; IO mode=ap_memory:ce=0
Port [ w1_local_8]:  wired=1; compound=1; hidden=0; nouse=0; global=0; static=0; extern=0; dir=0; type=1; pingpong=0; private_global=0; MemPort=[13]; IO mode=ap_memory:ce=0
Port [ w1_local_9]:  wired=1; compound=1; hidden=0; nouse=0; global=0; static=0; extern=0; dir=0; type=1; pingpong=0; private_global=0; MemPort=[13]; IO mode=ap_memory:ce=0
Port [ w1_local_10]:  wired=1; compound=1; hidden=0; nouse=0; global=0; static=0; extern=0; dir=0; type=1; pingpong=0; private_global=0; MemPort=[13]; IO mode=ap_memory:ce=0
Port [ w1_local_11]:  wired=1; compound=1; hidden=0; nouse=0; global=0; static=0; extern=0; dir=0; type=1; pingpong=0; private_global=0; MemPort=[13]; IO mode=ap_memory:ce=0
Port [ w1_local_12]:  wired=1; compound=1; hidden=0; nouse=0; global=0; static=0; extern=0; dir=0; type=1; pingpong=0; private_global=0; MemPort=[13]; IO mode=ap_memory:ce=0
Port [ w1_local_13]:  wired=1; compound=1; hidden=0; nouse=0; global=0; static=0; extern=0; dir=0; type=1; pingpong=0; private_global=0; MemPort=[13]; IO mode=ap_memory:ce=0
Port [ w1_local_14]:  wired=1; compound=1; hidden=0; nouse=0; global=0; static=0; extern=0; dir=0; type=1; pingpong=0; private_global=0; MemPort=[13]; IO mode=ap_memory:ce=0
Port [ w1_local_15]:  wired=1; compound=1; hidden=0; nouse=0; global=0; static=0; extern=0; dir=0; type=1; pingpong=0; private_global=0; MemPort=[13]; IO mode=ap_memory:ce=0
Port [ gmem6]:  wired=1; compound=1; hidden=0; nouse=0; global=0; static=0; extern=0; dir=0; type=4; pingpong=0; private_global=0; IO mode=m_axi:ce=0
Port [ b1]:  wired=1; compound=0; hidden=0; nouse=0; global=0; static=0; extern=0; dir=0; type=0; pingpong=0; private_global=0; IO mode=ap_none:ce=0
Port [ w2_local]:  wired=1; compound=1; hidden=0; nouse=0; global=0; static=0; extern=0; dir=0; type=1; pingpong=0; private_global=0; MemPort=[13]; IO mode=ap_memory:ce=0
Port [ w2_local_1]:  wired=1; compound=1; hidden=0; nouse=0; global=0; static=0; extern=0; dir=0; type=1; pingpong=0; private_global=0; MemPort=[13]; IO mode=ap_memory:ce=0
Port [ w2_local_2]:  wired=1; compound=1; hidden=0; nouse=0; global=0; static=0; extern=0; dir=0; type=1; pingpong=0; private_global=0; MemPort=[13]; IO mode=ap_memory:ce=0
Port [ w2_local_3]:  wired=1; compound=1; hidden=0; nouse=0; global=0; static=0; extern=0; dir=0; type=1; pingpong=0; private_global=0; MemPort=[13]; IO mode=ap_memory:ce=0
Port [ w2_local_4]:  wired=1; compound=1; hidden=0; nouse=0; global=0; static=0; extern=0; dir=0; type=1; pingpong=0; private_global=0; MemPort=[13]; IO mode=ap_memory:ce=0
Port [ w2_local_5]:  wired=1; compound=1; hidden=0; nouse=0; global=0; static=0; extern=0; dir=0; type=1; pingpong=0; private_global=0; MemPort=[13]; IO mode=ap_memory:ce=0
Port [ w2_local_6]:  wired=1; compound=1; hidden=0; nouse=0; global=0; static=0; extern=0; dir=0; type=1; pingpong=0; private_global=0; MemPort=[13]; IO mode=ap_memory:ce=0
Port [ w2_local_7]:  wired=1; compound=1; hidden=0; nouse=0; global=0; static=0; extern=0; dir=0; type=1; pingpong=0; private_global=0; MemPort=[13]; IO mode=ap_memory:ce=0
Port [ w2_local_8]:  wired=1; compound=1; hidden=0; nouse=0; global=0; static=0; extern=0; dir=0; type=1; pingpong=0; private_global=0; MemPort=[13]; IO mode=ap_memory:ce=0
Port [ w2_local_9]:  wired=1; compound=1; hidden=0; nouse=0; global=0; static=0; extern=0; dir=0; type=1; pingpong=0; private_global=0; MemPort=[13]; IO mode=ap_memory:ce=0
Port [ w2_local_10]:  wired=1; compound=1; hidden=0; nouse=0; global=0; static=0; extern=0; dir=0; type=1; pingpong=0; private_global=0; MemPort=[13]; IO mode=ap_memory:ce=0
Port [ w2_local_11]:  wired=1; compound=1; hidden=0; nouse=0; global=0; static=0; extern=0; dir=0; type=1; pingpong=0; private_global=0; MemPort=[13]; IO mode=ap_memory:ce=0
Port [ w2_local_12]:  wired=1; compound=1; hidden=0; nouse=0; global=0; static=0; extern=0; dir=0; type=1; pingpong=0; private_global=0; MemPort=[13]; IO mode=ap_memory:ce=0
Port [ w2_local_13]:  wired=1; compound=1; hidden=0; nouse=0; global=0; static=0; extern=0; dir=0; type=1; pingpong=0; private_global=0; MemPort=[13]; IO mode=ap_memory:ce=0
Port [ w2_local_14]:  wired=1; compound=1; hidden=0; nouse=0; global=0; static=0; extern=0; dir=0; type=1; pingpong=0; private_global=0; MemPort=[13]; IO mode=ap_memory:ce=0
Port [ w2_local_15]:  wired=1; compound=1; hidden=0; nouse=0; global=0; static=0; extern=0; dir=0; type=1; pingpong=0; private_global=0; MemPort=[13]; IO mode=ap_memory:ce=0
Port [ gmem8]:  wired=1; compound=1; hidden=0; nouse=0; global=0; static=0; extern=0; dir=0; type=4; pingpong=0; private_global=0; IO mode=m_axi:ce=0
Port [ b2]:  wired=1; compound=0; hidden=0; nouse=0; global=0; static=0; extern=0; dir=0; type=0; pingpong=0; private_global=0; IO mode=ap_none:ce=0
Port [ w3_local]:  wired=1; compound=1; hidden=0; nouse=0; global=0; static=0; extern=0; dir=0; type=1; pingpong=0; private_global=0; MemPort=[13]; IO mode=ap_memory:ce=0
Port [ w3_local_1]:  wired=1; compound=1; hidden=0; nouse=0; global=0; static=0; extern=0; dir=0; type=1; pingpong=0; private_global=0; MemPort=[13]; IO mode=ap_memory:ce=0
Port [ w3_local_2]:  wired=1; compound=1; hidden=0; nouse=0; global=0; static=0; extern=0; dir=0; type=1; pingpong=0; private_global=0; MemPort=[13]; IO mode=ap_memory:ce=0
Port [ w3_local_3]:  wired=1; compound=1; hidden=0; nouse=0; global=0; static=0; extern=0; dir=0; type=1; pingpong=0; private_global=0; MemPort=[13]; IO mode=ap_memory:ce=0
Port [ w3_local_4]:  wired=1; compound=1; hidden=0; nouse=0; global=0; static=0; extern=0; dir=0; type=1; pingpong=0; private_global=0; MemPort=[13]; IO mode=ap_memory:ce=0
Port [ w3_local_5]:  wired=1; compound=1; hidden=0; nouse=0; global=0; static=0; extern=0; dir=0; type=1; pingpong=0; private_global=0; MemPort=[13]; IO mode=ap_memory:ce=0
Port [ w3_local_6]:  wired=1; compound=1; hidden=0; nouse=0; global=0; static=0; extern=0; dir=0; type=1; pingpong=0; private_global=0; MemPort=[13]; IO mode=ap_memory:ce=0
Port [ w3_local_7]:  wired=1; compound=1; hidden=0; nouse=0; global=0; static=0; extern=0; dir=0; type=1; pingpong=0; private_global=0; MemPort=[13]; IO mode=ap_memory:ce=0
Port [ w3_local_8]:  wired=1; compound=1; hidden=0; nouse=0; global=0; static=0; extern=0; dir=0; type=1; pingpong=0; private_global=0; MemPort=[13]; IO mode=ap_memory:ce=0
Port [ w3_local_9]:  wired=1; compound=1; hidden=0; nouse=0; global=0; static=0; extern=0; dir=0; type=1; pingpong=0; private_global=0; MemPort=[13]; IO mode=ap_memory:ce=0
Port [ w3_local_10]:  wired=1; compound=1; hidden=0; nouse=0; global=0; static=0; extern=0; dir=0; type=1; pingpong=0; private_global=0; MemPort=[13]; IO mode=ap_memory:ce=0
Port [ w3_local_11]:  wired=1; compound=1; hidden=0; nouse=0; global=0; static=0; extern=0; dir=0; type=1; pingpong=0; private_global=0; MemPort=[13]; IO mode=ap_memory:ce=0
Port [ w3_local_12]:  wired=1; compound=1; hidden=0; nouse=0; global=0; static=0; extern=0; dir=0; type=1; pingpong=0; private_global=0; MemPort=[13]; IO mode=ap_memory:ce=0
Port [ w3_local_13]:  wired=1; compound=1; hidden=0; nouse=0; global=0; static=0; extern=0; dir=0; type=1; pingpong=0; private_global=0; MemPort=[13]; IO mode=ap_memory:ce=0
Port [ w3_local_14]:  wired=1; compound=1; hidden=0; nouse=0; global=0; static=0; extern=0; dir=0; type=1; pingpong=0; private_global=0; MemPort=[13]; IO mode=ap_memory:ce=0
Port [ w3_local_15]:  wired=1; compound=1; hidden=0; nouse=0; global=0; static=0; extern=0; dir=0; type=1; pingpong=0; private_global=0; MemPort=[13]; IO mode=ap_memory:ce=0
Port [ gmem10]:  wired=1; compound=1; hidden=0; nouse=0; global=0; static=0; extern=0; dir=0; type=4; pingpong=0; private_global=0; IO mode=m_axi:ce=0
Port [ b3]:  wired=1; compound=0; hidden=0; nouse=0; global=0; static=0; extern=0; dir=0; type=0; pingpong=0; private_global=0; IO mode=ap_none:ce=0
Port [ gmem12]:  wired=1; compound=1; hidden=0; nouse=0; global=0; static=0; extern=0; dir=1; type=4; pingpong=0; private_global=0; IO mode=m_axi:ce=0
Port [ output_r]:  wired=1; compound=0; hidden=0; nouse=0; global=0; static=0; extern=0; dir=0; type=0; pingpong=0; private_global=0; IO mode=ap_none:ce=0
Port [ input_local]:  wired=1; compound=1; hidden=0; nouse=0; global=0; static=0; extern=0; dir=0; type=1; pingpong=0; private_global=0; MemPort=[11333333333333333]; IO mode=ap_memory:ce=0
Port [ input_local_1]:  wired=1; compound=1; hidden=0; nouse=0; global=0; static=0; extern=0; dir=0; type=1; pingpong=0; private_global=0; MemPort=[11333333333333333]; IO mode=ap_memory:ce=0
Port [ input_local_2]:  wired=1; compound=1; hidden=0; nouse=0; global=0; static=0; extern=0; dir=0; type=1; pingpong=0; private_global=0; MemPort=[11333333333333333]; IO mode=ap_memory:ce=0
Port [ input_local_3]:  wired=1; compound=1; hidden=0; nouse=0; global=0; static=0; extern=0; dir=0; type=1; pingpong=0; private_global=0; MemPort=[11333333333333333]; IO mode=ap_memory:ce=0
Port [ input_local_4]:  wired=1; compound=1; hidden=0; nouse=0; global=0; static=0; extern=0; dir=0; type=1; pingpong=0; private_global=0; MemPort=[11333333333333333]; IO mode=ap_memory:ce=0
Port [ input_local_5]:  wired=1; compound=1; hidden=0; nouse=0; global=0; static=0; extern=0; dir=0; type=1; pingpong=0; private_global=0; MemPort=[11333333333333333]; IO mode=ap_memory:ce=0
Port [ input_local_6]:  wired=1; compound=1; hidden=0; nouse=0; global=0; static=0; extern=0; dir=0; type=1; pingpong=0; private_global=0; MemPort=[11333333333333333]; IO mode=ap_memory:ce=0
Port [ input_local_7]:  wired=1; compound=1; hidden=0; nouse=0; global=0; static=0; extern=0; dir=0; type=1; pingpong=0; private_global=0; MemPort=[11333333333333333]; IO mode=ap_memory:ce=0
Port [ input_local_8]:  wired=1; compound=1; hidden=0; nouse=0; global=0; static=0; extern=0; dir=0; type=1; pingpong=0; private_global=0; MemPort=[11333333333333333]; IO mode=ap_memory:ce=0
Port [ input_local_9]:  wired=1; compound=1; hidden=0; nouse=0; global=0; static=0; extern=0; dir=0; type=1; pingpong=0; private_global=0; MemPort=[11333333333333333]; IO mode=ap_memory:ce=0
Port [ input_local_10]:  wired=1; compound=1; hidden=0; nouse=0; global=0; static=0; extern=0; dir=0; type=1; pingpong=0; private_global=0; MemPort=[11333333333333333]; IO mode=ap_memory:ce=0
Port [ input_local_11]:  wired=1; compound=1; hidden=0; nouse=0; global=0; static=0; extern=0; dir=0; type=1; pingpong=0; private_global=0; MemPort=[11333333333333333]; IO mode=ap_memory:ce=0
Port [ input_local_12]:  wired=1; compound=1; hidden=0; nouse=0; global=0; static=0; extern=0; dir=0; type=1; pingpong=0; private_global=0; MemPort=[11333333333333333]; IO mode=ap_memory:ce=0
Port [ input_local_13]:  wired=1; compound=1; hidden=0; nouse=0; global=0; static=0; extern=0; dir=0; type=1; pingpong=0; private_global=0; MemPort=[11333333333333333]; IO mode=ap_memory:ce=0
Port [ input_local_14]:  wired=1; compound=1; hidden=0; nouse=0; global=0; static=0; extern=0; dir=0; type=1; pingpong=0; private_global=0; MemPort=[11333333333333333]; IO mode=ap_memory:ce=0
Port [ input_local_15]:  wired=1; compound=1; hidden=0; nouse=0; global=0; static=0; extern=0; dir=0; type=1; pingpong=0; private_global=0; MemPort=[11333333333333333]; IO mode=ap_memory:ce=0
---------------- STG Properties END ------------------

---------------- Datapath Model BEGIN ----------------

<LifeTime>
<method=bitvector/>
specinterface_ln0          (specinterface       ) [ 00000]
specinterface_ln0          (specinterface       ) [ 00000]
specinterface_ln0          (specinterface       ) [ 00000]
specinterface_ln0          (specinterface       ) [ 00000]
specinterface_ln0          (specinterface       ) [ 00000]
specinterface_ln0          (specinterface       ) [ 00000]
specinterface_ln0          (specinterface       ) [ 00000]
specinterface_ln0          (specinterface       ) [ 00000]
output_r_read              (read                ) [ 00111]
b3_read                    (read                ) [ 00111]
b2_read                    (read                ) [ 00111]
b1_read                    (read                ) [ 00111]
b0_read                    (read                ) [ 00111]
gates_out_read             (read                ) [ 00111]
b_gate_read                (read                ) [ 00111]
w_gate_read                (read                ) [ 00111]
br_ln0                     (br                  ) [ 01111]
n                          (phi                 ) [ 00111]
icmp_ln149                 (icmp                ) [ 00111]
add_ln149                  (add                 ) [ 01111]
specdataflowpipeline_ln149 (specdataflowpipeline) [ 00000]
br_ln149                   (br                  ) [ 00000]
ret_ln0                    (ret                 ) [ 00000]
speclooptripcount_ln217    (speclooptripcount   ) [ 00000]
specloopname_ln149         (specloopname        ) [ 00000]
call_ln217                 (call                ) [ 00000]
br_ln149                   (br                  ) [ 01111]
</LifeTime>

<model>

<comp_list>
<comp id="0" class="1000" name="gmem1">
<pin_list>
<pin id="1" dir="1" index="0" bw="1" slack="0"/>
</pin_list>
<bind>
<StgValue><ssdm name="gmem1"/></StgValue>
</bind>
</comp>

<comp id="2" class="1000" name="w_gate">
<pin_list>
<pin id="3" dir="1" index="0" bw="1" slack="0"/>
</pin_list>
<bind>
<StgValue><ssdm name="w_gate"/></StgValue>
</bind>
</comp>

<comp id="4" class="1000" name="gmem2">
<pin_list>
<pin id="5" dir="1" index="0" bw="1" slack="0"/>
</pin_list>
<bind>
<StgValue><ssdm name="gmem2"/></StgValue>
</bind>
</comp>

<comp id="6" class="1000" name="b_gate">
<pin_list>
<pin id="7" dir="1" index="0" bw="1" slack="0"/>
</pin_list>
<bind>
<StgValue><ssdm name="b_gate"/></StgValue>
</bind>
</comp>

<comp id="8" class="1000" name="gmem11">
<pin_list>
<pin id="9" dir="1" index="0" bw="1" slack="0"/>
</pin_list>
<bind>
<StgValue><ssdm name="gmem11"/></StgValue>
</bind>
</comp>

<comp id="10" class="1000" name="gates_out">
<pin_list>
<pin id="11" dir="1" index="0" bw="1" slack="0"/>
</pin_list>
<bind>
<StgValue><ssdm name="gates_out"/></StgValue>
</bind>
</comp>

<comp id="12" class="1000" name="w0_local">
<pin_list>
<pin id="13" dir="1" index="0" bw="1" slack="0"/>
</pin_list>
<bind>
<StgValue><ssdm name="w0_local"/><MemPortTyVec>1 3 </MemPortTyVec>
</StgValue>
</bind>
</comp>

<comp id="14" class="1000" name="w0_local_1">
<pin_list>
<pin id="15" dir="1" index="0" bw="1" slack="0"/>
</pin_list>
<bind>
<StgValue><ssdm name="w0_local_1"/><MemPortTyVec>1 3 </MemPortTyVec>
</StgValue>
</bind>
</comp>

<comp id="16" class="1000" name="w0_local_2">
<pin_list>
<pin id="17" dir="1" index="0" bw="1" slack="0"/>
</pin_list>
<bind>
<StgValue><ssdm name="w0_local_2"/><MemPortTyVec>1 3 </MemPortTyVec>
</StgValue>
</bind>
</comp>

<comp id="18" class="1000" name="w0_local_3">
<pin_list>
<pin id="19" dir="1" index="0" bw="1" slack="0"/>
</pin_list>
<bind>
<StgValue><ssdm name="w0_local_3"/><MemPortTyVec>1 3 </MemPortTyVec>
</StgValue>
</bind>
</comp>

<comp id="20" class="1000" name="w0_local_4">
<pin_list>
<pin id="21" dir="1" index="0" bw="1" slack="0"/>
</pin_list>
<bind>
<StgValue><ssdm name="w0_local_4"/><MemPortTyVec>1 3 </MemPortTyVec>
</StgValue>
</bind>
</comp>

<comp id="22" class="1000" name="w0_local_5">
<pin_list>
<pin id="23" dir="1" index="0" bw="1" slack="0"/>
</pin_list>
<bind>
<StgValue><ssdm name="w0_local_5"/><MemPortTyVec>1 3 </MemPortTyVec>
</StgValue>
</bind>
</comp>

<comp id="24" class="1000" name="w0_local_6">
<pin_list>
<pin id="25" dir="1" index="0" bw="1" slack="0"/>
</pin_list>
<bind>
<StgValue><ssdm name="w0_local_6"/><MemPortTyVec>1 3 </MemPortTyVec>
</StgValue>
</bind>
</comp>

<comp id="26" class="1000" name="w0_local_7">
<pin_list>
<pin id="27" dir="1" index="0" bw="1" slack="0"/>
</pin_list>
<bind>
<StgValue><ssdm name="w0_local_7"/><MemPortTyVec>1 3 </MemPortTyVec>
</StgValue>
</bind>
</comp>

<comp id="28" class="1000" name="w0_local_8">
<pin_list>
<pin id="29" dir="1" index="0" bw="1" slack="0"/>
</pin_list>
<bind>
<StgValue><ssdm name="w0_local_8"/><MemPortTyVec>1 3 </MemPortTyVec>
</StgValue>
</bind>
</comp>

<comp id="30" class="1000" name="w0_local_9">
<pin_list>
<pin id="31" dir="1" index="0" bw="1" slack="0"/>
</pin_list>
<bind>
<StgValue><ssdm name="w0_local_9"/><MemPortTyVec>1 3 </MemPortTyVec>
</StgValue>
</bind>
</comp>

<comp id="32" class="1000" name="w0_local_10">
<pin_list>
<pin id="33" dir="1" index="0" bw="1" slack="0"/>
</pin_list>
<bind>
<StgValue><ssdm name="w0_local_10"/><MemPortTyVec>1 3 </MemPortTyVec>
</StgValue>
</bind>
</comp>

<comp id="34" class="1000" name="w0_local_11">
<pin_list>
<pin id="35" dir="1" index="0" bw="1" slack="0"/>
</pin_list>
<bind>
<StgValue><ssdm name="w0_local_11"/><MemPortTyVec>1 3 </MemPortTyVec>
</StgValue>
</bind>
</comp>

<comp id="36" class="1000" name="w0_local_12">
<pin_list>
<pin id="37" dir="1" index="0" bw="1" slack="0"/>
</pin_list>
<bind>
<StgValue><ssdm name="w0_local_12"/><MemPortTyVec>1 3 </MemPortTyVec>
</StgValue>
</bind>
</comp>

<comp id="38" class="1000" name="w0_local_13">
<pin_list>
<pin id="39" dir="1" index="0" bw="1" slack="0"/>
</pin_list>
<bind>
<StgValue><ssdm name="w0_local_13"/><MemPortTyVec>1 3 </MemPortTyVec>
</StgValue>
</bind>
</comp>

<comp id="40" class="1000" name="w0_local_14">
<pin_list>
<pin id="41" dir="1" index="0" bw="1" slack="0"/>
</pin_list>
<bind>
<StgValue><ssdm name="w0_local_14"/><MemPortTyVec>1 3 </MemPortTyVec>
</StgValue>
</bind>
</comp>

<comp id="42" class="1000" name="w0_local_15">
<pin_list>
<pin id="43" dir="1" index="0" bw="1" slack="0"/>
</pin_list>
<bind>
<StgValue><ssdm name="w0_local_15"/><MemPortTyVec>1 3 </MemPortTyVec>
</StgValue>
</bind>
</comp>

<comp id="44" class="1000" name="gmem4">
<pin_list>
<pin id="45" dir="1" index="0" bw="1" slack="0"/>
</pin_list>
<bind>
<StgValue><ssdm name="gmem4"/></StgValue>
</bind>
</comp>

<comp id="46" class="1000" name="b0">
<pin_list>
<pin id="47" dir="1" index="0" bw="1" slack="0"/>
</pin_list>
<bind>
<StgValue><ssdm name="b0"/></StgValue>
</bind>
</comp>

<comp id="48" class="1000" name="w1_local">
<pin_list>
<pin id="49" dir="1" index="0" bw="1" slack="0"/>
</pin_list>
<bind>
<StgValue><ssdm name="w1_local"/><MemPortTyVec>1 3 </MemPortTyVec>
</StgValue>
</bind>
</comp>

<comp id="50" class="1000" name="w1_local_1">
<pin_list>
<pin id="51" dir="1" index="0" bw="1" slack="0"/>
</pin_list>
<bind>
<StgValue><ssdm name="w1_local_1"/><MemPortTyVec>1 3 </MemPortTyVec>
</StgValue>
</bind>
</comp>

<comp id="52" class="1000" name="w1_local_2">
<pin_list>
<pin id="53" dir="1" index="0" bw="1" slack="0"/>
</pin_list>
<bind>
<StgValue><ssdm name="w1_local_2"/><MemPortTyVec>1 3 </MemPortTyVec>
</StgValue>
</bind>
</comp>

<comp id="54" class="1000" name="w1_local_3">
<pin_list>
<pin id="55" dir="1" index="0" bw="1" slack="0"/>
</pin_list>
<bind>
<StgValue><ssdm name="w1_local_3"/><MemPortTyVec>1 3 </MemPortTyVec>
</StgValue>
</bind>
</comp>

<comp id="56" class="1000" name="w1_local_4">
<pin_list>
<pin id="57" dir="1" index="0" bw="1" slack="0"/>
</pin_list>
<bind>
<StgValue><ssdm name="w1_local_4"/><MemPortTyVec>1 3 </MemPortTyVec>
</StgValue>
</bind>
</comp>

<comp id="58" class="1000" name="w1_local_5">
<pin_list>
<pin id="59" dir="1" index="0" bw="1" slack="0"/>
</pin_list>
<bind>
<StgValue><ssdm name="w1_local_5"/><MemPortTyVec>1 3 </MemPortTyVec>
</StgValue>
</bind>
</comp>

<comp id="60" class="1000" name="w1_local_6">
<pin_list>
<pin id="61" dir="1" index="0" bw="1" slack="0"/>
</pin_list>
<bind>
<StgValue><ssdm name="w1_local_6"/><MemPortTyVec>1 3 </MemPortTyVec>
</StgValue>
</bind>
</comp>

<comp id="62" class="1000" name="w1_local_7">
<pin_list>
<pin id="63" dir="1" index="0" bw="1" slack="0"/>
</pin_list>
<bind>
<StgValue><ssdm name="w1_local_7"/><MemPortTyVec>1 3 </MemPortTyVec>
</StgValue>
</bind>
</comp>

<comp id="64" class="1000" name="w1_local_8">
<pin_list>
<pin id="65" dir="1" index="0" bw="1" slack="0"/>
</pin_list>
<bind>
<StgValue><ssdm name="w1_local_8"/><MemPortTyVec>1 3 </MemPortTyVec>
</StgValue>
</bind>
</comp>

<comp id="66" class="1000" name="w1_local_9">
<pin_list>
<pin id="67" dir="1" index="0" bw="1" slack="0"/>
</pin_list>
<bind>
<StgValue><ssdm name="w1_local_9"/><MemPortTyVec>1 3 </MemPortTyVec>
</StgValue>
</bind>
</comp>

<comp id="68" class="1000" name="w1_local_10">
<pin_list>
<pin id="69" dir="1" index="0" bw="1" slack="0"/>
</pin_list>
<bind>
<StgValue><ssdm name="w1_local_10"/><MemPortTyVec>1 3 </MemPortTyVec>
</StgValue>
</bind>
</comp>

<comp id="70" class="1000" name="w1_local_11">
<pin_list>
<pin id="71" dir="1" index="0" bw="1" slack="0"/>
</pin_list>
<bind>
<StgValue><ssdm name="w1_local_11"/><MemPortTyVec>1 3 </MemPortTyVec>
</StgValue>
</bind>
</comp>

<comp id="72" class="1000" name="w1_local_12">
<pin_list>
<pin id="73" dir="1" index="0" bw="1" slack="0"/>
</pin_list>
<bind>
<StgValue><ssdm name="w1_local_12"/><MemPortTyVec>1 3 </MemPortTyVec>
</StgValue>
</bind>
</comp>

<comp id="74" class="1000" name="w1_local_13">
<pin_list>
<pin id="75" dir="1" index="0" bw="1" slack="0"/>
</pin_list>
<bind>
<StgValue><ssdm name="w1_local_13"/><MemPortTyVec>1 3 </MemPortTyVec>
</StgValue>
</bind>
</comp>

<comp id="76" class="1000" name="w1_local_14">
<pin_list>
<pin id="77" dir="1" index="0" bw="1" slack="0"/>
</pin_list>
<bind>
<StgValue><ssdm name="w1_local_14"/><MemPortTyVec>1 3 </MemPortTyVec>
</StgValue>
</bind>
</comp>

<comp id="78" class="1000" name="w1_local_15">
<pin_list>
<pin id="79" dir="1" index="0" bw="1" slack="0"/>
</pin_list>
<bind>
<StgValue><ssdm name="w1_local_15"/><MemPortTyVec>1 3 </MemPortTyVec>
</StgValue>
</bind>
</comp>

<comp id="80" class="1000" name="gmem6">
<pin_list>
<pin id="81" dir="1" index="0" bw="1" slack="0"/>
</pin_list>
<bind>
<StgValue><ssdm name="gmem6"/></StgValue>
</bind>
</comp>

<comp id="82" class="1000" name="b1">
<pin_list>
<pin id="83" dir="1" index="0" bw="1" slack="0"/>
</pin_list>
<bind>
<StgValue><ssdm name="b1"/></StgValue>
</bind>
</comp>

<comp id="84" class="1000" name="w2_local">
<pin_list>
<pin id="85" dir="1" index="0" bw="1" slack="0"/>
</pin_list>
<bind>
<StgValue><ssdm name="w2_local"/><MemPortTyVec>1 3 </MemPortTyVec>
</StgValue>
</bind>
</comp>

<comp id="86" class="1000" name="w2_local_1">
<pin_list>
<pin id="87" dir="1" index="0" bw="1" slack="0"/>
</pin_list>
<bind>
<StgValue><ssdm name="w2_local_1"/><MemPortTyVec>1 3 </MemPortTyVec>
</StgValue>
</bind>
</comp>

<comp id="88" class="1000" name="w2_local_2">
<pin_list>
<pin id="89" dir="1" index="0" bw="1" slack="0"/>
</pin_list>
<bind>
<StgValue><ssdm name="w2_local_2"/><MemPortTyVec>1 3 </MemPortTyVec>
</StgValue>
</bind>
</comp>

<comp id="90" class="1000" name="w2_local_3">
<pin_list>
<pin id="91" dir="1" index="0" bw="1" slack="0"/>
</pin_list>
<bind>
<StgValue><ssdm name="w2_local_3"/><MemPortTyVec>1 3 </MemPortTyVec>
</StgValue>
</bind>
</comp>

<comp id="92" class="1000" name="w2_local_4">
<pin_list>
<pin id="93" dir="1" index="0" bw="1" slack="0"/>
</pin_list>
<bind>
<StgValue><ssdm name="w2_local_4"/><MemPortTyVec>1 3 </MemPortTyVec>
</StgValue>
</bind>
</comp>

<comp id="94" class="1000" name="w2_local_5">
<pin_list>
<pin id="95" dir="1" index="0" bw="1" slack="0"/>
</pin_list>
<bind>
<StgValue><ssdm name="w2_local_5"/><MemPortTyVec>1 3 </MemPortTyVec>
</StgValue>
</bind>
</comp>

<comp id="96" class="1000" name="w2_local_6">
<pin_list>
<pin id="97" dir="1" index="0" bw="1" slack="0"/>
</pin_list>
<bind>
<StgValue><ssdm name="w2_local_6"/><MemPortTyVec>1 3 </MemPortTyVec>
</StgValue>
</bind>
</comp>

<comp id="98" class="1000" name="w2_local_7">
<pin_list>
<pin id="99" dir="1" index="0" bw="1" slack="0"/>
</pin_list>
<bind>
<StgValue><ssdm name="w2_local_7"/><MemPortTyVec>1 3 </MemPortTyVec>
</StgValue>
</bind>
</comp>

<comp id="100" class="1000" name="w2_local_8">
<pin_list>
<pin id="101" dir="1" index="0" bw="1" slack="0"/>
</pin_list>
<bind>
<StgValue><ssdm name="w2_local_8"/><MemPortTyVec>1 3 </MemPortTyVec>
</StgValue>
</bind>
</comp>

<comp id="102" class="1000" name="w2_local_9">
<pin_list>
<pin id="103" dir="1" index="0" bw="1" slack="0"/>
</pin_list>
<bind>
<StgValue><ssdm name="w2_local_9"/><MemPortTyVec>1 3 </MemPortTyVec>
</StgValue>
</bind>
</comp>

<comp id="104" class="1000" name="w2_local_10">
<pin_list>
<pin id="105" dir="1" index="0" bw="1" slack="0"/>
</pin_list>
<bind>
<StgValue><ssdm name="w2_local_10"/><MemPortTyVec>1 3 </MemPortTyVec>
</StgValue>
</bind>
</comp>

<comp id="106" class="1000" name="w2_local_11">
<pin_list>
<pin id="107" dir="1" index="0" bw="1" slack="0"/>
</pin_list>
<bind>
<StgValue><ssdm name="w2_local_11"/><MemPortTyVec>1 3 </MemPortTyVec>
</StgValue>
</bind>
</comp>

<comp id="108" class="1000" name="w2_local_12">
<pin_list>
<pin id="109" dir="1" index="0" bw="1" slack="0"/>
</pin_list>
<bind>
<StgValue><ssdm name="w2_local_12"/><MemPortTyVec>1 3 </MemPortTyVec>
</StgValue>
</bind>
</comp>

<comp id="110" class="1000" name="w2_local_13">
<pin_list>
<pin id="111" dir="1" index="0" bw="1" slack="0"/>
</pin_list>
<bind>
<StgValue><ssdm name="w2_local_13"/><MemPortTyVec>1 3 </MemPortTyVec>
</StgValue>
</bind>
</comp>

<comp id="112" class="1000" name="w2_local_14">
<pin_list>
<pin id="113" dir="1" index="0" bw="1" slack="0"/>
</pin_list>
<bind>
<StgValue><ssdm name="w2_local_14"/><MemPortTyVec>1 3 </MemPortTyVec>
</StgValue>
</bind>
</comp>

<comp id="114" class="1000" name="w2_local_15">
<pin_list>
<pin id="115" dir="1" index="0" bw="1" slack="0"/>
</pin_list>
<bind>
<StgValue><ssdm name="w2_local_15"/><MemPortTyVec>1 3 </MemPortTyVec>
</StgValue>
</bind>
</comp>

<comp id="116" class="1000" name="gmem8">
<pin_list>
<pin id="117" dir="1" index="0" bw="1" slack="0"/>
</pin_list>
<bind>
<StgValue><ssdm name="gmem8"/></StgValue>
</bind>
</comp>

<comp id="118" class="1000" name="b2">
<pin_list>
<pin id="119" dir="1" index="0" bw="1" slack="0"/>
</pin_list>
<bind>
<StgValue><ssdm name="b2"/></StgValue>
</bind>
</comp>

<comp id="120" class="1000" name="w3_local">
<pin_list>
<pin id="121" dir="1" index="0" bw="1" slack="0"/>
</pin_list>
<bind>
<StgValue><ssdm name="w3_local"/><MemPortTyVec>1 3 </MemPortTyVec>
</StgValue>
</bind>
</comp>

<comp id="122" class="1000" name="w3_local_1">
<pin_list>
<pin id="123" dir="1" index="0" bw="1" slack="0"/>
</pin_list>
<bind>
<StgValue><ssdm name="w3_local_1"/><MemPortTyVec>1 3 </MemPortTyVec>
</StgValue>
</bind>
</comp>

<comp id="124" class="1000" name="w3_local_2">
<pin_list>
<pin id="125" dir="1" index="0" bw="1" slack="0"/>
</pin_list>
<bind>
<StgValue><ssdm name="w3_local_2"/><MemPortTyVec>1 3 </MemPortTyVec>
</StgValue>
</bind>
</comp>

<comp id="126" class="1000" name="w3_local_3">
<pin_list>
<pin id="127" dir="1" index="0" bw="1" slack="0"/>
</pin_list>
<bind>
<StgValue><ssdm name="w3_local_3"/><MemPortTyVec>1 3 </MemPortTyVec>
</StgValue>
</bind>
</comp>

<comp id="128" class="1000" name="w3_local_4">
<pin_list>
<pin id="129" dir="1" index="0" bw="1" slack="0"/>
</pin_list>
<bind>
<StgValue><ssdm name="w3_local_4"/><MemPortTyVec>1 3 </MemPortTyVec>
</StgValue>
</bind>
</comp>

<comp id="130" class="1000" name="w3_local_5">
<pin_list>
<pin id="131" dir="1" index="0" bw="1" slack="0"/>
</pin_list>
<bind>
<StgValue><ssdm name="w3_local_5"/><MemPortTyVec>1 3 </MemPortTyVec>
</StgValue>
</bind>
</comp>

<comp id="132" class="1000" name="w3_local_6">
<pin_list>
<pin id="133" dir="1" index="0" bw="1" slack="0"/>
</pin_list>
<bind>
<StgValue><ssdm name="w3_local_6"/><MemPortTyVec>1 3 </MemPortTyVec>
</StgValue>
</bind>
</comp>

<comp id="134" class="1000" name="w3_local_7">
<pin_list>
<pin id="135" dir="1" index="0" bw="1" slack="0"/>
</pin_list>
<bind>
<StgValue><ssdm name="w3_local_7"/><MemPortTyVec>1 3 </MemPortTyVec>
</StgValue>
</bind>
</comp>

<comp id="136" class="1000" name="w3_local_8">
<pin_list>
<pin id="137" dir="1" index="0" bw="1" slack="0"/>
</pin_list>
<bind>
<StgValue><ssdm name="w3_local_8"/><MemPortTyVec>1 3 </MemPortTyVec>
</StgValue>
</bind>
</comp>

<comp id="138" class="1000" name="w3_local_9">
<pin_list>
<pin id="139" dir="1" index="0" bw="1" slack="0"/>
</pin_list>
<bind>
<StgValue><ssdm name="w3_local_9"/><MemPortTyVec>1 3 </MemPortTyVec>
</StgValue>
</bind>
</comp>

<comp id="140" class="1000" name="w3_local_10">
<pin_list>
<pin id="141" dir="1" index="0" bw="1" slack="0"/>
</pin_list>
<bind>
<StgValue><ssdm name="w3_local_10"/><MemPortTyVec>1 3 </MemPortTyVec>
</StgValue>
</bind>
</comp>

<comp id="142" class="1000" name="w3_local_11">
<pin_list>
<pin id="143" dir="1" index="0" bw="1" slack="0"/>
</pin_list>
<bind>
<StgValue><ssdm name="w3_local_11"/><MemPortTyVec>1 3 </MemPortTyVec>
</StgValue>
</bind>
</comp>

<comp id="144" class="1000" name="w3_local_12">
<pin_list>
<pin id="145" dir="1" index="0" bw="1" slack="0"/>
</pin_list>
<bind>
<StgValue><ssdm name="w3_local_12"/><MemPortTyVec>1 3 </MemPortTyVec>
</StgValue>
</bind>
</comp>

<comp id="146" class="1000" name="w3_local_13">
<pin_list>
<pin id="147" dir="1" index="0" bw="1" slack="0"/>
</pin_list>
<bind>
<StgValue><ssdm name="w3_local_13"/><MemPortTyVec>1 3 </MemPortTyVec>
</StgValue>
</bind>
</comp>

<comp id="148" class="1000" name="w3_local_14">
<pin_list>
<pin id="149" dir="1" index="0" bw="1" slack="0"/>
</pin_list>
<bind>
<StgValue><ssdm name="w3_local_14"/><MemPortTyVec>1 3 </MemPortTyVec>
</StgValue>
</bind>
</comp>

<comp id="150" class="1000" name="w3_local_15">
<pin_list>
<pin id="151" dir="1" index="0" bw="1" slack="0"/>
</pin_list>
<bind>
<StgValue><ssdm name="w3_local_15"/><MemPortTyVec>1 3 </MemPortTyVec>
</StgValue>
</bind>
</comp>

<comp id="152" class="1000" name="gmem10">
<pin_list>
<pin id="153" dir="1" index="0" bw="1" slack="0"/>
</pin_list>
<bind>
<StgValue><ssdm name="gmem10"/></StgValue>
</bind>
</comp>

<comp id="154" class="1000" name="b3">
<pin_list>
<pin id="155" dir="1" index="0" bw="1" slack="0"/>
</pin_list>
<bind>
<StgValue><ssdm name="b3"/></StgValue>
</bind>
</comp>

<comp id="156" class="1000" name="gmem12">
<pin_list>
<pin id="157" dir="1" index="0" bw="1" slack="0"/>
</pin_list>
<bind>
<StgValue><ssdm name="gmem12"/></StgValue>
</bind>
</comp>

<comp id="158" class="1000" name="output_r">
<pin_list>
<pin id="159" dir="1" index="0" bw="1" slack="0"/>
</pin_list>
<bind>
<StgValue><ssdm name="output_r"/></StgValue>
</bind>
</comp>

<comp id="160" class="1000" name="input_local">
<pin_list>
<pin id="161" dir="1" index="0" bw="1" slack="0"/>
</pin_list>
<bind>
<StgValue><ssdm name="input_local"/><MemPortTyVec>1 1 3 3 3 3 3 3 3 3 3 3 3 3 3 3 3 </MemPortTyVec>
</StgValue>
</bind>
</comp>

<comp id="162" class="1000" name="input_local_1">
<pin_list>
<pin id="163" dir="1" index="0" bw="1" slack="0"/>
</pin_list>
<bind>
<StgValue><ssdm name="input_local_1"/><MemPortTyVec>1 1 3 3 3 3 3 3 3 3 3 3 3 3 3 3 3 </MemPortTyVec>
</StgValue>
</bind>
</comp>

<comp id="164" class="1000" name="input_local_2">
<pin_list>
<pin id="165" dir="1" index="0" bw="1" slack="0"/>
</pin_list>
<bind>
<StgValue><ssdm name="input_local_2"/><MemPortTyVec>1 1 3 3 3 3 3 3 3 3 3 3 3 3 3 3 3 </MemPortTyVec>
</StgValue>
</bind>
</comp>

<comp id="166" class="1000" name="input_local_3">
<pin_list>
<pin id="167" dir="1" index="0" bw="1" slack="0"/>
</pin_list>
<bind>
<StgValue><ssdm name="input_local_3"/><MemPortTyVec>1 1 3 3 3 3 3 3 3 3 3 3 3 3 3 3 3 </MemPortTyVec>
</StgValue>
</bind>
</comp>

<comp id="168" class="1000" name="input_local_4">
<pin_list>
<pin id="169" dir="1" index="0" bw="1" slack="0"/>
</pin_list>
<bind>
<StgValue><ssdm name="input_local_4"/><MemPortTyVec>1 1 3 3 3 3 3 3 3 3 3 3 3 3 3 3 3 </MemPortTyVec>
</StgValue>
</bind>
</comp>

<comp id="170" class="1000" name="input_local_5">
<pin_list>
<pin id="171" dir="1" index="0" bw="1" slack="0"/>
</pin_list>
<bind>
<StgValue><ssdm name="input_local_5"/><MemPortTyVec>1 1 3 3 3 3 3 3 3 3 3 3 3 3 3 3 3 </MemPortTyVec>
</StgValue>
</bind>
</comp>

<comp id="172" class="1000" name="input_local_6">
<pin_list>
<pin id="173" dir="1" index="0" bw="1" slack="0"/>
</pin_list>
<bind>
<StgValue><ssdm name="input_local_6"/><MemPortTyVec>1 1 3 3 3 3 3 3 3 3 3 3 3 3 3 3 3 </MemPortTyVec>
</StgValue>
</bind>
</comp>

<comp id="174" class="1000" name="input_local_7">
<pin_list>
<pin id="175" dir="1" index="0" bw="1" slack="0"/>
</pin_list>
<bind>
<StgValue><ssdm name="input_local_7"/><MemPortTyVec>1 1 3 3 3 3 3 3 3 3 3 3 3 3 3 3 3 </MemPortTyVec>
</StgValue>
</bind>
</comp>

<comp id="176" class="1000" name="input_local_8">
<pin_list>
<pin id="177" dir="1" index="0" bw="1" slack="0"/>
</pin_list>
<bind>
<StgValue><ssdm name="input_local_8"/><MemPortTyVec>1 1 3 3 3 3 3 3 3 3 3 3 3 3 3 3 3 </MemPortTyVec>
</StgValue>
</bind>
</comp>

<comp id="178" class="1000" name="input_local_9">
<pin_list>
<pin id="179" dir="1" index="0" bw="1" slack="0"/>
</pin_list>
<bind>
<StgValue><ssdm name="input_local_9"/><MemPortTyVec>1 1 3 3 3 3 3 3 3 3 3 3 3 3 3 3 3 </MemPortTyVec>
</StgValue>
</bind>
</comp>

<comp id="180" class="1000" name="input_local_10">
<pin_list>
<pin id="181" dir="1" index="0" bw="1" slack="0"/>
</pin_list>
<bind>
<StgValue><ssdm name="input_local_10"/><MemPortTyVec>1 1 3 3 3 3 3 3 3 3 3 3 3 3 3 3 3 </MemPortTyVec>
</StgValue>
</bind>
</comp>

<comp id="182" class="1000" name="input_local_11">
<pin_list>
<pin id="183" dir="1" index="0" bw="1" slack="0"/>
</pin_list>
<bind>
<StgValue><ssdm name="input_local_11"/><MemPortTyVec>1 1 3 3 3 3 3 3 3 3 3 3 3 3 3 3 3 </MemPortTyVec>
</StgValue>
</bind>
</comp>

<comp id="184" class="1000" name="input_local_12">
<pin_list>
<pin id="185" dir="1" index="0" bw="1" slack="0"/>
</pin_list>
<bind>
<StgValue><ssdm name="input_local_12"/><MemPortTyVec>1 1 3 3 3 3 3 3 3 3 3 3 3 3 3 3 3 </MemPortTyVec>
</StgValue>
</bind>
</comp>

<comp id="186" class="1000" name="input_local_13">
<pin_list>
<pin id="187" dir="1" index="0" bw="1" slack="0"/>
</pin_list>
<bind>
<StgValue><ssdm name="input_local_13"/><MemPortTyVec>1 1 3 3 3 3 3 3 3 3 3 3 3 3 3 3 3 </MemPortTyVec>
</StgValue>
</bind>
</comp>

<comp id="188" class="1000" name="input_local_14">
<pin_list>
<pin id="189" dir="1" index="0" bw="1" slack="0"/>
</pin_list>
<bind>
<StgValue><ssdm name="input_local_14"/><MemPortTyVec>1 1 3 3 3 3 3 3 3 3 3 3 3 3 3 3 3 </MemPortTyVec>
</StgValue>
</bind>
</comp>

<comp id="190" class="1000" name="input_local_15">
<pin_list>
<pin id="191" dir="1" index="0" bw="1" slack="0"/>
</pin_list>
<bind>
<StgValue><ssdm name="input_local_15"/><MemPortTyVec>1 1 3 3 3 3 3 3 3 3 3 3 3 3 3 3 3 </MemPortTyVec>
</StgValue>
</bind>
</comp>

<comp id="192" class="1001" name="const_192">
<pin_list>
<pin id="193" dir="1" index="0" bw="1" slack="2147483647"/>
</pin_list>
<bind>
<StgValue><ssdm name="_ssdm_op_SpecInterface"/></StgValue>
</bind>
</comp>

<comp id="194" class="1001" name="const_194">
<pin_list>
<pin id="195" dir="1" index="0" bw="1" slack="2147483647"/>
</pin_list>
<bind>
<StgValue><ssdm name="empty_16"/></StgValue>
</bind>
</comp>

<comp id="196" class="1001" name="const_196">
<pin_list>
<pin id="197" dir="1" index="0" bw="1" slack="2147483647"/>
</pin_list>
<bind>
<StgValue><ssdm name=""/></StgValue>
</bind>
</comp>

<comp id="198" class="1001" name="const_198">
<pin_list>
<pin id="199" dir="1" index="0" bw="1" slack="2147483647"/>
</pin_list>
<bind>
<StgValue><ssdm name="empty_30"/></StgValue>
</bind>
</comp>

<comp id="200" class="1001" name="const_200">
<pin_list>
<pin id="201" dir="1" index="0" bw="1" slack="2147483647"/>
</pin_list>
<bind>
<StgValue><ssdm name="empty_5"/></StgValue>
</bind>
</comp>

<comp id="202" class="1001" name="const_202">
<pin_list>
<pin id="203" dir="1" index="0" bw="1" slack="2147483647"/>
</pin_list>
<bind>
<StgValue><ssdm name="empty_41"/></StgValue>
</bind>
</comp>

<comp id="204" class="1001" name="const_204">
<pin_list>
<pin id="205" dir="1" index="0" bw="1" slack="2147483647"/>
</pin_list>
<bind>
<StgValue><ssdm name=""/></StgValue>
</bind>
</comp>

<comp id="206" class="1001" name="const_206">
<pin_list>
<pin id="207" dir="1" index="0" bw="1" slack="2147483647"/>
</pin_list>
<bind>
<StgValue><ssdm name=""/></StgValue>
</bind>
</comp>

<comp id="208" class="1001" name="const_208">
<pin_list>
<pin id="209" dir="1" index="0" bw="1" slack="2147483647"/>
</pin_list>
<bind>
<StgValue><ssdm name="empty_4"/></StgValue>
</bind>
</comp>

<comp id="210" class="1001" name="const_210">
<pin_list>
<pin id="211" dir="1" index="0" bw="1" slack="2147483647"/>
</pin_list>
<bind>
<StgValue><ssdm name="empty_8"/></StgValue>
</bind>
</comp>

<comp id="212" class="1001" name="const_212">
<pin_list>
<pin id="213" dir="1" index="0" bw="1" slack="2147483647"/>
</pin_list>
<bind>
<StgValue><ssdm name="empty_7"/></StgValue>
</bind>
</comp>

<comp id="214" class="1001" name="const_214">
<pin_list>
<pin id="215" dir="1" index="0" bw="1" slack="2147483647"/>
</pin_list>
<bind>
<StgValue><ssdm name="empty_12"/></StgValue>
</bind>
</comp>

<comp id="216" class="1001" name="const_216">
<pin_list>
<pin id="217" dir="1" index="0" bw="1" slack="2147483647"/>
</pin_list>
<bind>
<StgValue><ssdm name="empty"/></StgValue>
</bind>
</comp>

<comp id="218" class="1001" name="const_218">
<pin_list>
<pin id="219" dir="1" index="0" bw="1" slack="2147483647"/>
</pin_list>
<bind>
<StgValue><ssdm name="empty_39"/></StgValue>
</bind>
</comp>

<comp id="220" class="1001" name="const_220">
<pin_list>
<pin id="221" dir="1" index="0" bw="1" slack="2147483647"/>
</pin_list>
<bind>
<StgValue><ssdm name="empty_40"/></StgValue>
</bind>
</comp>

<comp id="222" class="1001" name="const_222">
<pin_list>
<pin id="223" dir="1" index="0" bw="1" slack="0"/>
</pin_list>
<bind>
<StgValue><ssdm name="_ssdm_op_Read.ap_auto.i64"/></StgValue>
</bind>
</comp>

<comp id="224" class="1001" name="const_224">
<pin_list>
<pin id="225" dir="1" index="0" bw="1" slack="1"/>
</pin_list>
<bind>
<StgValue><ssdm name=""/></StgValue>
</bind>
</comp>

<comp id="226" class="1001" name="const_226">
<pin_list>
<pin id="227" dir="1" index="0" bw="1" slack="0"/>
</pin_list>
<bind>
<StgValue><ssdm name=""/></StgValue>
</bind>
</comp>

<comp id="228" class="1001" name="const_228">
<pin_list>
<pin id="229" dir="1" index="0" bw="1" slack="0"/>
</pin_list>
<bind>
<StgValue><ssdm name=""/></StgValue>
</bind>
</comp>

<comp id="230" class="1001" name="const_230">
<pin_list>
<pin id="231" dir="1" index="0" bw="1" slack="2147483647"/>
</pin_list>
<bind>
<StgValue><ssdm name="_ssdm_op_SpecDataflowPipeline"/></StgValue>
</bind>
</comp>

<comp id="232" class="1001" name="const_232">
<pin_list>
<pin id="233" dir="1" index="0" bw="1" slack="2147483647"/>
</pin_list>
<bind>
<StgValue><ssdm name="dataflow_parent_loop_str"/></StgValue>
</bind>
</comp>

<comp id="234" class="1001" name="const_234">
<pin_list>
<pin id="235" dir="1" index="0" bw="1" slack="0"/>
</pin_list>
<bind>
<StgValue><ssdm name="dataflow_in_loop_VITIS_LOOP_149_4.1"/></StgValue>
</bind>
</comp>

<comp id="236" class="1001" name="const_236">
<pin_list>
<pin id="237" dir="1" index="0" bw="1" slack="2147483647"/>
</pin_list>
<bind>
<StgValue><ssdm name="_ssdm_op_SpecLoopTripCount"/></StgValue>
</bind>
</comp>

<comp id="238" class="1001" name="const_238">
<pin_list>
<pin id="239" dir="1" index="0" bw="1" slack="2147483647"/>
</pin_list>
<bind>
<StgValue><ssdm name=""/></StgValue>
</bind>
</comp>

<comp id="240" class="1001" name="const_240">
<pin_list>
<pin id="241" dir="1" index="0" bw="1" slack="2147483647"/>
</pin_list>
<bind>
<StgValue><ssdm name="_ssdm_op_SpecLoopName"/></StgValue>
</bind>
</comp>

<comp id="242" class="1001" name="const_242">
<pin_list>
<pin id="243" dir="1" index="0" bw="1" slack="2147483647"/>
</pin_list>
<bind>
<StgValue><ssdm name="empty_15"/></StgValue>
</bind>
</comp>

<comp id="244" class="1004" name="output_r_read_read_fu_244">
<pin_list>
<pin id="245" dir="0" index="0" bw="64" slack="0"/>
<pin id="246" dir="0" index="1" bw="64" slack="0"/>
<pin id="247" dir="1" index="2" bw="64" slack="2"/>
</pin_list>
<bind>
<opcode="read(1150) " fcode="read"/>
<opset="output_r_read/1 "/>
</bind>
</comp>

<comp id="250" class="1004" name="b3_read_read_fu_250">
<pin_list>
<pin id="251" dir="0" index="0" bw="64" slack="0"/>
<pin id="252" dir="0" index="1" bw="64" slack="0"/>
<pin id="253" dir="1" index="2" bw="64" slack="2"/>
</pin_list>
<bind>
<opcode="read(1150) " fcode="read"/>
<opset="b3_read/1 "/>
</bind>
</comp>

<comp id="256" class="1004" name="b2_read_read_fu_256">
<pin_list>
<pin id="257" dir="0" index="0" bw="64" slack="0"/>
<pin id="258" dir="0" index="1" bw="64" slack="0"/>
<pin id="259" dir="1" index="2" bw="64" slack="2"/>
</pin_list>
<bind>
<opcode="read(1150) " fcode="read"/>
<opset="b2_read/1 "/>
</bind>
</comp>

<comp id="262" class="1004" name="b1_read_read_fu_262">
<pin_list>
<pin id="263" dir="0" index="0" bw="64" slack="0"/>
<pin id="264" dir="0" index="1" bw="64" slack="0"/>
<pin id="265" dir="1" index="2" bw="64" slack="2"/>
</pin_list>
<bind>
<opcode="read(1150) " fcode="read"/>
<opset="b1_read/1 "/>
</bind>
</comp>

<comp id="268" class="1004" name="b0_read_read_fu_268">
<pin_list>
<pin id="269" dir="0" index="0" bw="64" slack="0"/>
<pin id="270" dir="0" index="1" bw="64" slack="0"/>
<pin id="271" dir="1" index="2" bw="64" slack="2"/>
</pin_list>
<bind>
<opcode="read(1150) " fcode="read"/>
<opset="b0_read/1 "/>
</bind>
</comp>

<comp id="274" class="1004" name="gates_out_read_read_fu_274">
<pin_list>
<pin id="275" dir="0" index="0" bw="64" slack="0"/>
<pin id="276" dir="0" index="1" bw="64" slack="0"/>
<pin id="277" dir="1" index="2" bw="64" slack="2"/>
</pin_list>
<bind>
<opcode="read(1150) " fcode="read"/>
<opset="gates_out_read/1 "/>
</bind>
</comp>

<comp id="280" class="1004" name="b_gate_read_read_fu_280">
<pin_list>
<pin id="281" dir="0" index="0" bw="64" slack="0"/>
<pin id="282" dir="0" index="1" bw="64" slack="0"/>
<pin id="283" dir="1" index="2" bw="64" slack="2"/>
</pin_list>
<bind>
<opcode="read(1150) " fcode="read"/>
<opset="b_gate_read/1 "/>
</bind>
</comp>

<comp id="286" class="1004" name="w_gate_read_read_fu_286">
<pin_list>
<pin id="287" dir="0" index="0" bw="64" slack="0"/>
<pin id="288" dir="0" index="1" bw="64" slack="0"/>
<pin id="289" dir="1" index="2" bw="64" slack="2"/>
</pin_list>
<bind>
<opcode="read(1150) " fcode="read"/>
<opset="w_gate_read/1 "/>
</bind>
</comp>

<comp id="292" class="1005" name="n_reg_292">
<pin_list>
<pin id="293" dir="0" index="0" bw="4" slack="1"/>
<pin id="294" dir="1" index="1" bw="4" slack="1"/>
</pin_list>
<bind>
<opset="n (phireg) "/>
</bind>
</comp>

<comp id="296" class="1004" name="n_phi_fu_296">
<pin_list>
<pin id="297" dir="0" index="0" bw="4" slack="0"/>
<pin id="298" dir="0" index="1" bw="0" slack="2147483647"/>
<pin id="299" dir="0" index="2" bw="1" slack="1"/>
<pin id="300" dir="0" index="3" bw="0" slack="2147483647"/>
<pin id="301" dir="1" index="4" bw="4" slack="0"/>
</pin_list>
<bind>
<opcode="phi(47) " fcode="phi"/>
<opset="n/2 "/>
</bind>
</comp>

<comp id="304" class="1004" name="grp_dataflow_in_loop_VITIS_LOOP_149_4_1_fu_304">
<pin_list>
<pin id="305" dir="0" index="0" bw="0" slack="0"/>
<pin id="306" dir="0" index="1" bw="32" slack="0"/>
<pin id="307" dir="0" index="2" bw="64" slack="2"/>
<pin id="308" dir="0" index="3" bw="32" slack="0"/>
<pin id="309" dir="0" index="4" bw="64" slack="2"/>
<pin id="310" dir="0" index="5" bw="32" slack="0"/>
<pin id="311" dir="0" index="6" bw="4" slack="1"/>
<pin id="312" dir="0" index="7" bw="64" slack="2"/>
<pin id="313" dir="0" index="8" bw="32" slack="0"/>
<pin id="314" dir="0" index="9" bw="32" slack="0"/>
<pin id="315" dir="0" index="10" bw="32" slack="0"/>
<pin id="316" dir="0" index="11" bw="32" slack="0"/>
<pin id="317" dir="0" index="12" bw="32" slack="0"/>
<pin id="318" dir="0" index="13" bw="32" slack="0"/>
<pin id="319" dir="0" index="14" bw="32" slack="0"/>
<pin id="320" dir="0" index="15" bw="32" slack="0"/>
<pin id="321" dir="0" index="16" bw="32" slack="0"/>
<pin id="322" dir="0" index="17" bw="32" slack="0"/>
<pin id="323" dir="0" index="18" bw="32" slack="0"/>
<pin id="324" dir="0" index="19" bw="32" slack="0"/>
<pin id="325" dir="0" index="20" bw="32" slack="0"/>
<pin id="326" dir="0" index="21" bw="32" slack="0"/>
<pin id="327" dir="0" index="22" bw="32" slack="0"/>
<pin id="328" dir="0" index="23" bw="32" slack="0"/>
<pin id="329" dir="0" index="24" bw="32" slack="0"/>
<pin id="330" dir="0" index="25" bw="64" slack="2"/>
<pin id="331" dir="0" index="26" bw="32" slack="0"/>
<pin id="332" dir="0" index="27" bw="32" slack="0"/>
<pin id="333" dir="0" index="28" bw="32" slack="0"/>
<pin id="334" dir="0" index="29" bw="32" slack="0"/>
<pin id="335" dir="0" index="30" bw="32" slack="0"/>
<pin id="336" dir="0" index="31" bw="32" slack="0"/>
<pin id="337" dir="0" index="32" bw="32" slack="0"/>
<pin id="338" dir="0" index="33" bw="32" slack="0"/>
<pin id="339" dir="0" index="34" bw="32" slack="0"/>
<pin id="340" dir="0" index="35" bw="32" slack="0"/>
<pin id="341" dir="0" index="36" bw="32" slack="0"/>
<pin id="342" dir="0" index="37" bw="32" slack="0"/>
<pin id="343" dir="0" index="38" bw="32" slack="0"/>
<pin id="344" dir="0" index="39" bw="32" slack="0"/>
<pin id="345" dir="0" index="40" bw="32" slack="0"/>
<pin id="346" dir="0" index="41" bw="32" slack="0"/>
<pin id="347" dir="0" index="42" bw="32" slack="0"/>
<pin id="348" dir="0" index="43" bw="64" slack="2"/>
<pin id="349" dir="0" index="44" bw="32" slack="0"/>
<pin id="350" dir="0" index="45" bw="32" slack="0"/>
<pin id="351" dir="0" index="46" bw="32" slack="0"/>
<pin id="352" dir="0" index="47" bw="32" slack="0"/>
<pin id="353" dir="0" index="48" bw="32" slack="0"/>
<pin id="354" dir="0" index="49" bw="32" slack="0"/>
<pin id="355" dir="0" index="50" bw="32" slack="0"/>
<pin id="356" dir="0" index="51" bw="32" slack="0"/>
<pin id="357" dir="0" index="52" bw="32" slack="0"/>
<pin id="358" dir="0" index="53" bw="32" slack="0"/>
<pin id="359" dir="0" index="54" bw="32" slack="0"/>
<pin id="360" dir="0" index="55" bw="32" slack="0"/>
<pin id="361" dir="0" index="56" bw="32" slack="0"/>
<pin id="362" dir="0" index="57" bw="32" slack="0"/>
<pin id="363" dir="0" index="58" bw="32" slack="0"/>
<pin id="364" dir="0" index="59" bw="32" slack="0"/>
<pin id="365" dir="0" index="60" bw="32" slack="0"/>
<pin id="366" dir="0" index="61" bw="64" slack="2"/>
<pin id="367" dir="0" index="62" bw="32" slack="0"/>
<pin id="368" dir="0" index="63" bw="32" slack="0"/>
<pin id="369" dir="0" index="64" bw="32" slack="0"/>
<pin id="370" dir="0" index="65" bw="32" slack="0"/>
<pin id="371" dir="0" index="66" bw="32" slack="0"/>
<pin id="372" dir="0" index="67" bw="32" slack="0"/>
<pin id="373" dir="0" index="68" bw="32" slack="0"/>
<pin id="374" dir="0" index="69" bw="32" slack="0"/>
<pin id="375" dir="0" index="70" bw="32" slack="0"/>
<pin id="376" dir="0" index="71" bw="32" slack="0"/>
<pin id="377" dir="0" index="72" bw="32" slack="0"/>
<pin id="378" dir="0" index="73" bw="32" slack="0"/>
<pin id="379" dir="0" index="74" bw="32" slack="0"/>
<pin id="380" dir="0" index="75" bw="32" slack="0"/>
<pin id="381" dir="0" index="76" bw="32" slack="0"/>
<pin id="382" dir="0" index="77" bw="32" slack="0"/>
<pin id="383" dir="0" index="78" bw="32" slack="0"/>
<pin id="384" dir="0" index="79" bw="64" slack="2"/>
<pin id="385" dir="0" index="80" bw="32" slack="0"/>
<pin id="386" dir="0" index="81" bw="64" slack="2"/>
<pin id="387" dir="0" index="82" bw="32" slack="0"/>
<pin id="388" dir="0" index="83" bw="32" slack="0"/>
<pin id="389" dir="0" index="84" bw="32" slack="0"/>
<pin id="390" dir="0" index="85" bw="32" slack="0"/>
<pin id="391" dir="0" index="86" bw="32" slack="0"/>
<pin id="392" dir="0" index="87" bw="32" slack="0"/>
<pin id="393" dir="0" index="88" bw="32" slack="0"/>
<pin id="394" dir="0" index="89" bw="32" slack="0"/>
<pin id="395" dir="0" index="90" bw="32" slack="0"/>
<pin id="396" dir="0" index="91" bw="32" slack="0"/>
<pin id="397" dir="0" index="92" bw="32" slack="0"/>
<pin id="398" dir="0" index="93" bw="32" slack="0"/>
<pin id="399" dir="0" index="94" bw="32" slack="0"/>
<pin id="400" dir="0" index="95" bw="32" slack="0"/>
<pin id="401" dir="0" index="96" bw="32" slack="0"/>
<pin id="402" dir="0" index="97" bw="32" slack="0"/>
<pin id="403" dir="1" index="98" bw="0" slack="2147483647"/>
</pin_list>
<bind>
<opcode="call(48) " fcode="call"/>
<opset="call_ln217/3 "/>
</bind>
</comp>

<comp id="494" class="1004" name="icmp_ln149_fu_494">
<pin_list>
<pin id="495" dir="0" index="0" bw="4" slack="0"/>
<pin id="496" dir="0" index="1" bw="4" slack="0"/>
<pin id="497" dir="1" index="2" bw="1" slack="1"/>
</pin_list>
<bind>
<opcode="icmp(45) " fcode="icmp"/>
<opset="icmp_ln149/2 "/>
</bind>
</comp>

<comp id="500" class="1004" name="add_ln149_fu_500">
<pin_list>
<pin id="501" dir="0" index="0" bw="4" slack="0"/>
<pin id="502" dir="0" index="1" bw="1" slack="0"/>
<pin id="503" dir="1" index="2" bw="4" slack="0"/>
</pin_list>
<bind>
<opcode="add(8) " fcode="add"/>
<opset="add_ln149/2 "/>
</bind>
</comp>

<comp id="506" class="1005" name="output_r_read_reg_506">
<pin_list>
<pin id="507" dir="0" index="0" bw="64" slack="2"/>
<pin id="508" dir="1" index="1" bw="64" slack="2"/>
</pin_list>
<bind>
<opset="output_r_read "/>
</bind>
</comp>

<comp id="511" class="1005" name="b3_read_reg_511">
<pin_list>
<pin id="512" dir="0" index="0" bw="64" slack="2"/>
<pin id="513" dir="1" index="1" bw="64" slack="2"/>
</pin_list>
<bind>
<opset="b3_read "/>
</bind>
</comp>

<comp id="516" class="1005" name="b2_read_reg_516">
<pin_list>
<pin id="517" dir="0" index="0" bw="64" slack="2"/>
<pin id="518" dir="1" index="1" bw="64" slack="2"/>
</pin_list>
<bind>
<opset="b2_read "/>
</bind>
</comp>

<comp id="521" class="1005" name="b1_read_reg_521">
<pin_list>
<pin id="522" dir="0" index="0" bw="64" slack="2"/>
<pin id="523" dir="1" index="1" bw="64" slack="2"/>
</pin_list>
<bind>
<opset="b1_read "/>
</bind>
</comp>

<comp id="526" class="1005" name="b0_read_reg_526">
<pin_list>
<pin id="527" dir="0" index="0" bw="64" slack="2"/>
<pin id="528" dir="1" index="1" bw="64" slack="2"/>
</pin_list>
<bind>
<opset="b0_read "/>
</bind>
</comp>

<comp id="531" class="1005" name="gates_out_read_reg_531">
<pin_list>
<pin id="532" dir="0" index="0" bw="64" slack="2"/>
<pin id="533" dir="1" index="1" bw="64" slack="2"/>
</pin_list>
<bind>
<opset="gates_out_read "/>
</bind>
</comp>

<comp id="536" class="1005" name="b_gate_read_reg_536">
<pin_list>
<pin id="537" dir="0" index="0" bw="64" slack="2"/>
<pin id="538" dir="1" index="1" bw="64" slack="2"/>
</pin_list>
<bind>
<opset="b_gate_read "/>
</bind>
</comp>

<comp id="541" class="1005" name="w_gate_read_reg_541">
<pin_list>
<pin id="542" dir="0" index="0" bw="64" slack="2"/>
<pin id="543" dir="1" index="1" bw="64" slack="2"/>
</pin_list>
<bind>
<opset="w_gate_read "/>
</bind>
</comp>

<comp id="546" class="1005" name="icmp_ln149_reg_546">
<pin_list>
<pin id="547" dir="0" index="0" bw="1" slack="1"/>
<pin id="548" dir="1" index="1" bw="1" slack="2147483647"/>
</pin_list>
<bind>
<opset="icmp_ln149 "/>
</bind>
</comp>

<comp id="550" class="1005" name="add_ln149_reg_550">
<pin_list>
<pin id="551" dir="0" index="0" bw="4" slack="0"/>
<pin id="552" dir="1" index="1" bw="4" slack="0"/>
</pin_list>
<bind>
<opset="add_ln149 "/>
</bind>
</comp>

</comp_list>

<net_list>
<net id="248"><net_src comp="222" pin="0"/><net_sink comp="244" pin=0"/></net>

<net id="249"><net_src comp="158" pin="0"/><net_sink comp="244" pin=1"/></net>

<net id="254"><net_src comp="222" pin="0"/><net_sink comp="250" pin=0"/></net>

<net id="255"><net_src comp="154" pin="0"/><net_sink comp="250" pin=1"/></net>

<net id="260"><net_src comp="222" pin="0"/><net_sink comp="256" pin=0"/></net>

<net id="261"><net_src comp="118" pin="0"/><net_sink comp="256" pin=1"/></net>

<net id="266"><net_src comp="222" pin="0"/><net_sink comp="262" pin=0"/></net>

<net id="267"><net_src comp="82" pin="0"/><net_sink comp="262" pin=1"/></net>

<net id="272"><net_src comp="222" pin="0"/><net_sink comp="268" pin=0"/></net>

<net id="273"><net_src comp="46" pin="0"/><net_sink comp="268" pin=1"/></net>

<net id="278"><net_src comp="222" pin="0"/><net_sink comp="274" pin=0"/></net>

<net id="279"><net_src comp="10" pin="0"/><net_sink comp="274" pin=1"/></net>

<net id="284"><net_src comp="222" pin="0"/><net_sink comp="280" pin=0"/></net>

<net id="285"><net_src comp="6" pin="0"/><net_sink comp="280" pin=1"/></net>

<net id="290"><net_src comp="222" pin="0"/><net_sink comp="286" pin=0"/></net>

<net id="291"><net_src comp="2" pin="0"/><net_sink comp="286" pin=1"/></net>

<net id="295"><net_src comp="224" pin="0"/><net_sink comp="292" pin=0"/></net>

<net id="302"><net_src comp="292" pin="1"/><net_sink comp="296" pin=2"/></net>

<net id="303"><net_src comp="296" pin="4"/><net_sink comp="292" pin=0"/></net>

<net id="404"><net_src comp="234" pin="0"/><net_sink comp="304" pin=0"/></net>

<net id="405"><net_src comp="0" pin="0"/><net_sink comp="304" pin=1"/></net>

<net id="406"><net_src comp="4" pin="0"/><net_sink comp="304" pin=3"/></net>

<net id="407"><net_src comp="8" pin="0"/><net_sink comp="304" pin=5"/></net>

<net id="408"><net_src comp="292" pin="1"/><net_sink comp="304" pin=6"/></net>

<net id="409"><net_src comp="12" pin="0"/><net_sink comp="304" pin=8"/></net>

<net id="410"><net_src comp="14" pin="0"/><net_sink comp="304" pin=9"/></net>

<net id="411"><net_src comp="16" pin="0"/><net_sink comp="304" pin=10"/></net>

<net id="412"><net_src comp="18" pin="0"/><net_sink comp="304" pin=11"/></net>

<net id="413"><net_src comp="20" pin="0"/><net_sink comp="304" pin=12"/></net>

<net id="414"><net_src comp="22" pin="0"/><net_sink comp="304" pin=13"/></net>

<net id="415"><net_src comp="24" pin="0"/><net_sink comp="304" pin=14"/></net>

<net id="416"><net_src comp="26" pin="0"/><net_sink comp="304" pin=15"/></net>

<net id="417"><net_src comp="28" pin="0"/><net_sink comp="304" pin=16"/></net>

<net id="418"><net_src comp="30" pin="0"/><net_sink comp="304" pin=17"/></net>

<net id="419"><net_src comp="32" pin="0"/><net_sink comp="304" pin=18"/></net>

<net id="420"><net_src comp="34" pin="0"/><net_sink comp="304" pin=19"/></net>

<net id="421"><net_src comp="36" pin="0"/><net_sink comp="304" pin=20"/></net>

<net id="422"><net_src comp="38" pin="0"/><net_sink comp="304" pin=21"/></net>

<net id="423"><net_src comp="40" pin="0"/><net_sink comp="304" pin=22"/></net>

<net id="424"><net_src comp="42" pin="0"/><net_sink comp="304" pin=23"/></net>

<net id="425"><net_src comp="44" pin="0"/><net_sink comp="304" pin=24"/></net>

<net id="426"><net_src comp="48" pin="0"/><net_sink comp="304" pin=26"/></net>

<net id="427"><net_src comp="50" pin="0"/><net_sink comp="304" pin=27"/></net>

<net id="428"><net_src comp="52" pin="0"/><net_sink comp="304" pin=28"/></net>

<net id="429"><net_src comp="54" pin="0"/><net_sink comp="304" pin=29"/></net>

<net id="430"><net_src comp="56" pin="0"/><net_sink comp="304" pin=30"/></net>

<net id="431"><net_src comp="58" pin="0"/><net_sink comp="304" pin=31"/></net>

<net id="432"><net_src comp="60" pin="0"/><net_sink comp="304" pin=32"/></net>

<net id="433"><net_src comp="62" pin="0"/><net_sink comp="304" pin=33"/></net>

<net id="434"><net_src comp="64" pin="0"/><net_sink comp="304" pin=34"/></net>

<net id="435"><net_src comp="66" pin="0"/><net_sink comp="304" pin=35"/></net>

<net id="436"><net_src comp="68" pin="0"/><net_sink comp="304" pin=36"/></net>

<net id="437"><net_src comp="70" pin="0"/><net_sink comp="304" pin=37"/></net>

<net id="438"><net_src comp="72" pin="0"/><net_sink comp="304" pin=38"/></net>

<net id="439"><net_src comp="74" pin="0"/><net_sink comp="304" pin=39"/></net>

<net id="440"><net_src comp="76" pin="0"/><net_sink comp="304" pin=40"/></net>

<net id="441"><net_src comp="78" pin="0"/><net_sink comp="304" pin=41"/></net>

<net id="442"><net_src comp="80" pin="0"/><net_sink comp="304" pin=42"/></net>

<net id="443"><net_src comp="84" pin="0"/><net_sink comp="304" pin=44"/></net>

<net id="444"><net_src comp="86" pin="0"/><net_sink comp="304" pin=45"/></net>

<net id="445"><net_src comp="88" pin="0"/><net_sink comp="304" pin=46"/></net>

<net id="446"><net_src comp="90" pin="0"/><net_sink comp="304" pin=47"/></net>

<net id="447"><net_src comp="92" pin="0"/><net_sink comp="304" pin=48"/></net>

<net id="448"><net_src comp="94" pin="0"/><net_sink comp="304" pin=49"/></net>

<net id="449"><net_src comp="96" pin="0"/><net_sink comp="304" pin=50"/></net>

<net id="450"><net_src comp="98" pin="0"/><net_sink comp="304" pin=51"/></net>

<net id="451"><net_src comp="100" pin="0"/><net_sink comp="304" pin=52"/></net>

<net id="452"><net_src comp="102" pin="0"/><net_sink comp="304" pin=53"/></net>

<net id="453"><net_src comp="104" pin="0"/><net_sink comp="304" pin=54"/></net>

<net id="454"><net_src comp="106" pin="0"/><net_sink comp="304" pin=55"/></net>

<net id="455"><net_src comp="108" pin="0"/><net_sink comp="304" pin=56"/></net>

<net id="456"><net_src comp="110" pin="0"/><net_sink comp="304" pin=57"/></net>

<net id="457"><net_src comp="112" pin="0"/><net_sink comp="304" pin=58"/></net>

<net id="458"><net_src comp="114" pin="0"/><net_sink comp="304" pin=59"/></net>

<net id="459"><net_src comp="116" pin="0"/><net_sink comp="304" pin=60"/></net>

<net id="460"><net_src comp="120" pin="0"/><net_sink comp="304" pin=62"/></net>

<net id="461"><net_src comp="122" pin="0"/><net_sink comp="304" pin=63"/></net>

<net id="462"><net_src comp="124" pin="0"/><net_sink comp="304" pin=64"/></net>

<net id="463"><net_src comp="126" pin="0"/><net_sink comp="304" pin=65"/></net>

<net id="464"><net_src comp="128" pin="0"/><net_sink comp="304" pin=66"/></net>

<net id="465"><net_src comp="130" pin="0"/><net_sink comp="304" pin=67"/></net>

<net id="466"><net_src comp="132" pin="0"/><net_sink comp="304" pin=68"/></net>

<net id="467"><net_src comp="134" pin="0"/><net_sink comp="304" pin=69"/></net>

<net id="468"><net_src comp="136" pin="0"/><net_sink comp="304" pin=70"/></net>

<net id="469"><net_src comp="138" pin="0"/><net_sink comp="304" pin=71"/></net>

<net id="470"><net_src comp="140" pin="0"/><net_sink comp="304" pin=72"/></net>

<net id="471"><net_src comp="142" pin="0"/><net_sink comp="304" pin=73"/></net>

<net id="472"><net_src comp="144" pin="0"/><net_sink comp="304" pin=74"/></net>

<net id="473"><net_src comp="146" pin="0"/><net_sink comp="304" pin=75"/></net>

<net id="474"><net_src comp="148" pin="0"/><net_sink comp="304" pin=76"/></net>

<net id="475"><net_src comp="150" pin="0"/><net_sink comp="304" pin=77"/></net>

<net id="476"><net_src comp="152" pin="0"/><net_sink comp="304" pin=78"/></net>

<net id="477"><net_src comp="156" pin="0"/><net_sink comp="304" pin=80"/></net>

<net id="478"><net_src comp="160" pin="0"/><net_sink comp="304" pin=82"/></net>

<net id="479"><net_src comp="162" pin="0"/><net_sink comp="304" pin=83"/></net>

<net id="480"><net_src comp="164" pin="0"/><net_sink comp="304" pin=84"/></net>

<net id="481"><net_src comp="166" pin="0"/><net_sink comp="304" pin=85"/></net>

<net id="482"><net_src comp="168" pin="0"/><net_sink comp="304" pin=86"/></net>

<net id="483"><net_src comp="170" pin="0"/><net_sink comp="304" pin=87"/></net>

<net id="484"><net_src comp="172" pin="0"/><net_sink comp="304" pin=88"/></net>

<net id="485"><net_src comp="174" pin="0"/><net_sink comp="304" pin=89"/></net>

<net id="486"><net_src comp="176" pin="0"/><net_sink comp="304" pin=90"/></net>

<net id="487"><net_src comp="178" pin="0"/><net_sink comp="304" pin=91"/></net>

<net id="488"><net_src comp="180" pin="0"/><net_sink comp="304" pin=92"/></net>

<net id="489"><net_src comp="182" pin="0"/><net_sink comp="304" pin=93"/></net>

<net id="490"><net_src comp="184" pin="0"/><net_sink comp="304" pin=94"/></net>

<net id="491"><net_src comp="186" pin="0"/><net_sink comp="304" pin=95"/></net>

<net id="492"><net_src comp="188" pin="0"/><net_sink comp="304" pin=96"/></net>

<net id="493"><net_src comp="190" pin="0"/><net_sink comp="304" pin=97"/></net>

<net id="498"><net_src comp="296" pin="4"/><net_sink comp="494" pin=0"/></net>

<net id="499"><net_src comp="226" pin="0"/><net_sink comp="494" pin=1"/></net>

<net id="504"><net_src comp="296" pin="4"/><net_sink comp="500" pin=0"/></net>

<net id="505"><net_src comp="228" pin="0"/><net_sink comp="500" pin=1"/></net>

<net id="509"><net_src comp="244" pin="2"/><net_sink comp="506" pin=0"/></net>

<net id="510"><net_src comp="506" pin="1"/><net_sink comp="304" pin=81"/></net>

<net id="514"><net_src comp="250" pin="2"/><net_sink comp="511" pin=0"/></net>

<net id="515"><net_src comp="511" pin="1"/><net_sink comp="304" pin=79"/></net>

<net id="519"><net_src comp="256" pin="2"/><net_sink comp="516" pin=0"/></net>

<net id="520"><net_src comp="516" pin="1"/><net_sink comp="304" pin=61"/></net>

<net id="524"><net_src comp="262" pin="2"/><net_sink comp="521" pin=0"/></net>

<net id="525"><net_src comp="521" pin="1"/><net_sink comp="304" pin=43"/></net>

<net id="529"><net_src comp="268" pin="2"/><net_sink comp="526" pin=0"/></net>

<net id="530"><net_src comp="526" pin="1"/><net_sink comp="304" pin=25"/></net>

<net id="534"><net_src comp="274" pin="2"/><net_sink comp="531" pin=0"/></net>

<net id="535"><net_src comp="531" pin="1"/><net_sink comp="304" pin=7"/></net>

<net id="539"><net_src comp="280" pin="2"/><net_sink comp="536" pin=0"/></net>

<net id="540"><net_src comp="536" pin="1"/><net_sink comp="304" pin=4"/></net>

<net id="544"><net_src comp="286" pin="2"/><net_sink comp="541" pin=0"/></net>

<net id="545"><net_src comp="541" pin="1"/><net_sink comp="304" pin=2"/></net>

<net id="549"><net_src comp="494" pin="2"/><net_sink comp="546" pin=0"/></net>

<net id="553"><net_src comp="500" pin="2"/><net_sink comp="550" pin=0"/></net>

<net id="554"><net_src comp="550" pin="1"/><net_sink comp="296" pin=0"/></net>

</net_list>

</model> 
---------------- Datapath Model END ------------------

* FSMD analyzer results:
  - Output states:
	Port: gmem11 | {3 4 }
	Port: gmem12 | {3 4 }
 - Input state : 
	Port: dataflow_parent_loop_proc : gmem1 | {3 4 }
	Port: dataflow_parent_loop_proc : w_gate | {1 }
	Port: dataflow_parent_loop_proc : gmem2 | {3 4 }
	Port: dataflow_parent_loop_proc : b_gate | {1 }
	Port: dataflow_parent_loop_proc : gates_out | {1 }
	Port: dataflow_parent_loop_proc : w0_local | {3 4 }
	Port: dataflow_parent_loop_proc : w0_local_1 | {3 4 }
	Port: dataflow_parent_loop_proc : w0_local_2 | {3 4 }
	Port: dataflow_parent_loop_proc : w0_local_3 | {3 4 }
	Port: dataflow_parent_loop_proc : w0_local_4 | {3 4 }
	Port: dataflow_parent_loop_proc : w0_local_5 | {3 4 }
	Port: dataflow_parent_loop_proc : w0_local_6 | {3 4 }
	Port: dataflow_parent_loop_proc : w0_local_7 | {3 4 }
	Port: dataflow_parent_loop_proc : w0_local_8 | {3 4 }
	Port: dataflow_parent_loop_proc : w0_local_9 | {3 4 }
	Port: dataflow_parent_loop_proc : w0_local_10 | {3 4 }
	Port: dataflow_parent_loop_proc : w0_local_11 | {3 4 }
	Port: dataflow_parent_loop_proc : w0_local_12 | {3 4 }
	Port: dataflow_parent_loop_proc : w0_local_13 | {3 4 }
	Port: dataflow_parent_loop_proc : w0_local_14 | {3 4 }
	Port: dataflow_parent_loop_proc : w0_local_15 | {3 4 }
	Port: dataflow_parent_loop_proc : gmem4 | {3 4 }
	Port: dataflow_parent_loop_proc : b0 | {1 }
	Port: dataflow_parent_loop_proc : w1_local | {3 4 }
	Port: dataflow_parent_loop_proc : w1_local_1 | {3 4 }
	Port: dataflow_parent_loop_proc : w1_local_2 | {3 4 }
	Port: dataflow_parent_loop_proc : w1_local_3 | {3 4 }
	Port: dataflow_parent_loop_proc : w1_local_4 | {3 4 }
	Port: dataflow_parent_loop_proc : w1_local_5 | {3 4 }
	Port: dataflow_parent_loop_proc : w1_local_6 | {3 4 }
	Port: dataflow_parent_loop_proc : w1_local_7 | {3 4 }
	Port: dataflow_parent_loop_proc : w1_local_8 | {3 4 }
	Port: dataflow_parent_loop_proc : w1_local_9 | {3 4 }
	Port: dataflow_parent_loop_proc : w1_local_10 | {3 4 }
	Port: dataflow_parent_loop_proc : w1_local_11 | {3 4 }
	Port: dataflow_parent_loop_proc : w1_local_12 | {3 4 }
	Port: dataflow_parent_loop_proc : w1_local_13 | {3 4 }
	Port: dataflow_parent_loop_proc : w1_local_14 | {3 4 }
	Port: dataflow_parent_loop_proc : w1_local_15 | {3 4 }
	Port: dataflow_parent_loop_proc : gmem6 | {3 4 }
	Port: dataflow_parent_loop_proc : b1 | {1 }
	Port: dataflow_parent_loop_proc : w2_local | {3 4 }
	Port: dataflow_parent_loop_proc : w2_local_1 | {3 4 }
	Port: dataflow_parent_loop_proc : w2_local_2 | {3 4 }
	Port: dataflow_parent_loop_proc : w2_local_3 | {3 4 }
	Port: dataflow_parent_loop_proc : w2_local_4 | {3 4 }
	Port: dataflow_parent_loop_proc : w2_local_5 | {3 4 }
	Port: dataflow_parent_loop_proc : w2_local_6 | {3 4 }
	Port: dataflow_parent_loop_proc : w2_local_7 | {3 4 }
	Port: dataflow_parent_loop_proc : w2_local_8 | {3 4 }
	Port: dataflow_parent_loop_proc : w2_local_9 | {3 4 }
	Port: dataflow_parent_loop_proc : w2_local_10 | {3 4 }
	Port: dataflow_parent_loop_proc : w2_local_11 | {3 4 }
	Port: dataflow_parent_loop_proc : w2_local_12 | {3 4 }
	Port: dataflow_parent_loop_proc : w2_local_13 | {3 4 }
	Port: dataflow_parent_loop_proc : w2_local_14 | {3 4 }
	Port: dataflow_parent_loop_proc : w2_local_15 | {3 4 }
	Port: dataflow_parent_loop_proc : gmem8 | {3 4 }
	Port: dataflow_parent_loop_proc : b2 | {1 }
	Port: dataflow_parent_loop_proc : w3_local | {3 4 }
	Port: dataflow_parent_loop_proc : w3_local_1 | {3 4 }
	Port: dataflow_parent_loop_proc : w3_local_2 | {3 4 }
	Port: dataflow_parent_loop_proc : w3_local_3 | {3 4 }
	Port: dataflow_parent_loop_proc : w3_local_4 | {3 4 }
	Port: dataflow_parent_loop_proc : w3_local_5 | {3 4 }
	Port: dataflow_parent_loop_proc : w3_local_6 | {3 4 }
	Port: dataflow_parent_loop_proc : w3_local_7 | {3 4 }
	Port: dataflow_parent_loop_proc : w3_local_8 | {3 4 }
	Port: dataflow_parent_loop_proc : w3_local_9 | {3 4 }
	Port: dataflow_parent_loop_proc : w3_local_10 | {3 4 }
	Port: dataflow_parent_loop_proc : w3_local_11 | {3 4 }
	Port: dataflow_parent_loop_proc : w3_local_12 | {3 4 }
	Port: dataflow_parent_loop_proc : w3_local_13 | {3 4 }
	Port: dataflow_parent_loop_proc : w3_local_14 | {3 4 }
	Port: dataflow_parent_loop_proc : w3_local_15 | {3 4 }
	Port: dataflow_parent_loop_proc : gmem10 | {3 4 }
	Port: dataflow_parent_loop_proc : b3 | {1 }
	Port: dataflow_parent_loop_proc : output_r | {1 }
	Port: dataflow_parent_loop_proc : input_local | {3 4 }
	Port: dataflow_parent_loop_proc : input_local_1 | {3 4 }
	Port: dataflow_parent_loop_proc : input_local_2 | {3 4 }
	Port: dataflow_parent_loop_proc : input_local_3 | {3 4 }
	Port: dataflow_parent_loop_proc : input_local_4 | {3 4 }
	Port: dataflow_parent_loop_proc : input_local_5 | {3 4 }
	Port: dataflow_parent_loop_proc : input_local_6 | {3 4 }
	Port: dataflow_parent_loop_proc : input_local_7 | {3 4 }
	Port: dataflow_parent_loop_proc : input_local_8 | {3 4 }
	Port: dataflow_parent_loop_proc : input_local_9 | {3 4 }
	Port: dataflow_parent_loop_proc : input_local_10 | {3 4 }
	Port: dataflow_parent_loop_proc : input_local_11 | {3 4 }
	Port: dataflow_parent_loop_proc : input_local_12 | {3 4 }
	Port: dataflow_parent_loop_proc : input_local_13 | {3 4 }
	Port: dataflow_parent_loop_proc : input_local_14 | {3 4 }
	Port: dataflow_parent_loop_proc : input_local_15 | {3 4 }
  - Chain level:
	State 1
	State 2
		icmp_ln149 : 1
		add_ln149 : 1
		specdataflowpipeline_ln149 : 1
		br_ln149 : 2
	State 3
	State 4


============================================================
+ Verbose Summary: Datapath Resource usage 
============================================================

* Functional unit list:
|----------|------------------------------------------------|---------|---------|---------|---------|---------|---------|
| Operation|                 Functional Unit                |   BRAM  |   DSP   |  Delay  |    FF   |   LUT   |   URAM  |
|----------|------------------------------------------------|---------|---------|---------|---------|---------|---------|
|   call   | grp_dataflow_in_loop_VITIS_LOOP_149_4_1_fu_304 |    5    |   482   |  146.17 |  59820  |  45790  |    0    |
|----------|------------------------------------------------|---------|---------|---------|---------|---------|---------|
|   icmp   |                icmp_ln149_fu_494               |    0    |    0    |    0    |    0    |    12   |    0    |
|----------|------------------------------------------------|---------|---------|---------|---------|---------|---------|
|    add   |                add_ln149_fu_500                |    0    |    0    |    0    |    0    |    12   |    0    |
|----------|------------------------------------------------|---------|---------|---------|---------|---------|---------|
|          |            output_r_read_read_fu_244           |    0    |    0    |    0    |    0    |    0    |    0    |
|          |               b3_read_read_fu_250              |    0    |    0    |    0    |    0    |    0    |    0    |
|          |               b2_read_read_fu_256              |    0    |    0    |    0    |    0    |    0    |    0    |
|   read   |               b1_read_read_fu_262              |    0    |    0    |    0    |    0    |    0    |    0    |
|          |               b0_read_read_fu_268              |    0    |    0    |    0    |    0    |    0    |    0    |
|          |           gates_out_read_read_fu_274           |    0    |    0    |    0    |    0    |    0    |    0    |
|          |             b_gate_read_read_fu_280            |    0    |    0    |    0    |    0    |    0    |    0    |
|          |             w_gate_read_read_fu_286            |    0    |    0    |    0    |    0    |    0    |    0    |
|----------|------------------------------------------------|---------|---------|---------|---------|---------|---------|
|   Total  |                                                |    5    |   482   |  146.17 |  59820  |  45814  |    0    |
|----------|------------------------------------------------|---------|---------|---------|---------|---------|---------|

Memories:
N/A

* Register list:
+----------------------+--------+
|                      |   FF   |
+----------------------+--------+
|   add_ln149_reg_550  |    4   |
|    b0_read_reg_526   |   64   |
|    b1_read_reg_521   |   64   |
|    b2_read_reg_516   |   64   |
|    b3_read_reg_511   |   64   |
|  b_gate_read_reg_536 |   64   |
|gates_out_read_reg_531|   64   |
|  icmp_ln149_reg_546  |    1   |
|       n_reg_292      |    4   |
| output_r_read_reg_506|   64   |
|  w_gate_read_reg_541 |   64   |
+----------------------+--------+
|         Total        |   521  |
+----------------------+--------+

* Multiplexer (MUX) list: 
|-----------|------|------|------|--------||---------||---------|
|    Comp   |  Pin | Size |  BW  | S x BW ||  Delay  ||   LUT   |
|-----------|------|------|------|--------||---------||---------|
| n_reg_292 |  p0  |   2  |   4  |    8   ||    9    |
|-----------|------|------|------|--------||---------||---------|
|   Total   |      |      |      |    8   ||  0.362  ||    9    |
|-----------|------|------|------|--------||---------||---------|



* Summary:
+-----------+--------+--------+--------+--------+--------+--------+
|           |  BRAM  |   DSP  |  Delay |   FF   |   LUT  |  URAM  |
+-----------+--------+--------+--------+--------+--------+--------+
|  Function |    5   |   482  |   146  |  59820 |  45814 |    0   |
|   Memory  |    -   |    -   |    -   |    -   |    -   |    -   |
|Multiplexer|    -   |    -   |    0   |    -   |    9   |    -   |
|  Register |    -   |    -   |    -   |   521  |    -   |    -   |
+-----------+--------+--------+--------+--------+--------+--------+
|   Total   |    5   |   482  |   146  |  60341 |  45823 |    0   |
+-----------+--------+--------+--------+--------+--------+--------+
