

================================================================
== Vitis HLS Report for 'dataflow_in_loop_VITIS_LOOP_149_4_1_Loop_VITIS_LOOP_175_7_proc5'
================================================================
* Date:           Sun Sep 20 21:17:02 2026

* Version:        2023.2 (Build 4023990 on Oct 11 2023)
* Project:        project
* Solution:       solution1 (Vivado IP Flow Target)
* Product family: virtexuplus
* Target device:  xcvu13p_CIV-figd2104-3-e


================================================================
== Performance Estimates
================================================================
+ Timing: 
    * Summary: 
    +--------+----------+----------+------------+
    |  Clock |  Target  | Estimated| Uncertainty|
    +--------+----------+----------+------------+
    |ap_clk  |  10.00 ns|  6.409 ns|     2.70 ns|
    +--------+----------+----------+------------+

+ Latency: 
    * Summary: 
    +---------+---------+----------+----------+-----+-----+---------+
    |  Latency (cycles) |  Latency (absolute) |  Interval | Pipeline|
    |   min   |   max   |    min   |    max   | min | max |   Type  |
    +---------+---------+----------+----------+-----+-----+---------+
    |       14|       14|  0.140 us|  0.140 us|   14|   14|       no|
    +---------+---------+----------+----------+-----+-----+---------+

    + Detail: 
        * Instance: 
        N/A

        * Loop: 
        +--------------------+---------+---------+----------+-----------+-----------+------+----------+
        |                    |  Latency (cycles) | Iteration|  Initiation Interval  | Trip |          |
        |      Loop Name     |   min   |   max   |  Latency |  achieved |   target  | Count| Pipelined|
        +--------------------+---------+---------+----------+-----------+-----------+------+----------+
        |- VITIS_LOOP_175_7  |       12|       12|        10|          1|          1|     4|       yes|
        +--------------------+---------+---------+----------+-----------+-----------+------+----------+



================================================================
== Utilization Estimates
================================================================
* Summary: 
+---------------------+---------+-------+---------+---------+------+
|         Name        | BRAM_18K|  DSP  |    FF   |   LUT   | URAM |
+---------------------+---------+-------+---------+---------+------+
|DSP                  |        -|      -|        -|        -|     -|
|Expression           |        -|      -|        0|       28|     -|
|FIFO                 |        -|      -|        -|        -|     -|
|Instance             |        -|     11|      494|     1203|     -|
|Memory               |        -|      -|        -|        -|     -|
|Multiplexer          |        -|      -|        -|      100|     -|
|Register             |        -|      -|      351|       64|     -|
+---------------------+---------+-------+---------+---------+------+
|Total                |        0|     11|      845|     1395|     0|
+---------------------+---------+-------+---------+---------+------+
|Available SLR        |     1344|   3072|   864000|   432000|   320|
+---------------------+---------+-------+---------+---------+------+
|Utilization SLR (%)  |        0|     ~0|       ~0|       ~0|     0|
+---------------------+---------+-------+---------+---------+------+
|Available            |     5376|  12288|  3456000|  1728000|  1280|
+---------------------+---------+-------+---------+---------+------+
|Utilization (%)      |        0|     ~0|       ~0|       ~0|     0|
+---------------------+---------+-------+---------+---------+------+

+ Detail: 
    * Instance: 
    +-------------------------------------+--------------------------------+---------+----+-----+-----+-----+
    |               Instance              |             Module             | BRAM_18K| DSP|  FF | LUT | URAM|
    +-------------------------------------+--------------------------------+---------+----+-----+-----+-----+
    |fadd_32ns_32ns_32_2_full_dsp_1_U151  |fadd_32ns_32ns_32_2_full_dsp_1  |        0|   2|  177|  233|    0|
    |fexp_32ns_32ns_32_4_full_dsp_1_U152  |fexp_32ns_32ns_32_4_full_dsp_1  |        0|   7|  140|  737|    0|
    |fsub_32ns_32ns_32_2_full_dsp_1_U150  |fsub_32ns_32ns_32_2_full_dsp_1  |        0|   2|  177|  233|    0|
    +-------------------------------------+--------------------------------+---------+----+-----+-----+-----+
    |Total                                |                                |        0|  11|  494| 1203|    0|
    +-------------------------------------+--------------------------------+---------+----+-----+-----+-----+

    * DSP: 
    N/A

    * Memory: 
    N/A

    * FIFO: 
    N/A

    * Expression: 
    +---------------------------+----------+----+---+----+------------+------------+
    |       Variable Name       | Operation| DSP| FF| LUT| Bitwidth P0| Bitwidth P1|
    +---------------------------+----------+----+---+----+------------+------------+
    |add_ln175_fu_109_p2        |         +|   0|  0|  10|           3|           1|
    |ap_condition_185           |       and|   0|  0|   2|           1|           1|
    |icmp_ln175_fu_103_p2       |      icmp|   0|  0|  12|           3|           4|
    |ap_block_pp0_stage0_01001  |        or|   0|  0|   2|           1|           1|
    |ap_enable_pp0              |       xor|   0|  0|   2|           1|           2|
    +---------------------------+----------+----+---+----+------------+------------+
    |Total                      |          |   0|  0|  28|           9|           9|
    +---------------------------+----------+----+---+----+------------+------------+

    * Multiplexer: 
    +---------------------------------+----+-----------+-----+-----------+
    |               Name              | LUT| Input Size| Bits| Total Bits|
    +---------------------------------+----+-----------+-----+-----------+
    |ap_done_int                      |   9|          2|    1|          2|
    |ap_enable_reg_pp0_iter1          |   9|          2|    1|          2|
    |ap_return                        |   9|          2|   32|         64|
    |ap_sig_allocacmp_e_2             |   9|          2|    3|          6|
    |ap_sig_allocacmp_exp_sum_load    |  14|          3|   32|         96|
    |ap_sig_allocacmp_exp_sum_load_1  |  14|          3|   32|         96|
    |e_fu_54                          |   9|          2|    3|          6|
    |exp_sum_fu_50                    |   9|          2|   32|         64|
    |exp_values_blk_n                 |   9|          2|    1|          2|
    |logits_blk_n                     |   9|          2|    1|          2|
    +---------------------------------+----+-----------+-----+-----------+
    |Total                            | 100|         22|  138|        340|
    +---------------------------------+----+-----------+-----+-----------+

    * Register: 
    +----------------------------------+----+----+-----+-----------+
    |               Name               | FF | LUT| Bits| Const Bits|
    +----------------------------------+----+----+-----+-----------+
    |ap_CS_fsm                         |   1|   0|    1|          0|
    |ap_done_reg                       |   1|   0|    1|          0|
    |ap_enable_reg_pp0_iter1           |   1|   0|    1|          0|
    |ap_enable_reg_pp0_iter2           |   1|   0|    1|          0|
    |ap_enable_reg_pp0_iter3           |   1|   0|    1|          0|
    |ap_enable_reg_pp0_iter4           |   1|   0|    1|          0|
    |ap_enable_reg_pp0_iter5           |   1|   0|    1|          0|
    |ap_enable_reg_pp0_iter6           |   1|   0|    1|          0|
    |ap_enable_reg_pp0_iter7           |   1|   0|    1|          0|
    |ap_enable_reg_pp0_iter8           |   1|   0|    1|          0|
    |ap_enable_reg_pp0_iter9           |   1|   0|    1|          0|
    |ap_loop_exit_ready_pp0_iter1_reg  |   1|   0|    1|          0|
    |ap_loop_exit_ready_pp0_iter2_reg  |   1|   0|    1|          0|
    |ap_loop_exit_ready_pp0_iter3_reg  |   1|   0|    1|          0|
    |ap_loop_exit_ready_pp0_iter4_reg  |   1|   0|    1|          0|
    |ap_loop_exit_ready_pp0_iter5_reg  |   1|   0|    1|          0|
    |ap_loop_exit_ready_pp0_iter6_reg  |   1|   0|    1|          0|
    |ap_loop_exit_ready_pp0_iter7_reg  |   1|   0|    1|          0|
    |ap_loop_exit_ready_pp0_iter8_reg  |   1|   0|    1|          0|
    |ap_loop_init_pp0_iter1_reg        |   1|   0|    1|          0|
    |ap_loop_init_pp0_iter2_reg        |   1|   0|    1|          0|
    |ap_loop_init_pp0_iter3_reg        |   1|   0|    1|          0|
    |ap_loop_init_pp0_iter4_reg        |   1|   0|    1|          0|
    |ap_loop_init_pp0_iter5_reg        |   1|   0|    1|          0|
    |ap_loop_init_pp0_iter6_reg        |   1|   0|    1|          0|
    |ap_loop_init_pp0_iter7_reg        |   1|   0|    1|          0|
    |ap_loop_init_pp0_iter8_reg        |   1|   0|    1|          0|
    |ap_return_preg                    |  32|   0|   32|          0|
    |e_fu_54                           |   3|   0|    3|          0|
    |exp_sum_fu_50                     |  32|   0|   32|          0|
    |icmp_ln175_reg_152                |   1|   0|    1|          0|
    |logits_read_reg_156               |  32|   0|   32|          0|
    |p_read_3_reg_147                  |  32|   0|   32|          0|
    |sub_i_reg_161                     |  32|   0|   32|          0|
    |tmp_i_reg_166                     |  32|   0|   32|          0|
    |icmp_ln175_reg_152                |  64|  32|    1|          0|
    |p_read_3_reg_147                  |  64|  32|   32|          0|
    +----------------------------------+----+----+-----+-----------+
    |Total                             | 351|  64|  256|          0|
    +----------------------------------+----+----+-----+-----------+



================================================================
== Interface
================================================================
* Summary: 
+---------------------------+-----+-----+------------+-----------------------------------------------------------------+--------------+
|         RTL Ports         | Dir | Bits|  Protocol  |                          Source Object                          |    C Type    |
+---------------------------+-----+-----+------------+-----------------------------------------------------------------+--------------+
|ap_clk                     |   in|    1|  ap_ctrl_hs|  dataflow_in_loop_VITIS_LOOP_149_4.1_Loop_VITIS_LOOP_175_7_proc5|  return value|
|ap_rst                     |   in|    1|  ap_ctrl_hs|  dataflow_in_loop_VITIS_LOOP_149_4.1_Loop_VITIS_LOOP_175_7_proc5|  return value|
|ap_start                   |   in|    1|  ap_ctrl_hs|  dataflow_in_loop_VITIS_LOOP_149_4.1_Loop_VITIS_LOOP_175_7_proc5|  return value|
|ap_done                    |  out|    1|  ap_ctrl_hs|  dataflow_in_loop_VITIS_LOOP_149_4.1_Loop_VITIS_LOOP_175_7_proc5|  return value|
|ap_continue                |   in|    1|  ap_ctrl_hs|  dataflow_in_loop_VITIS_LOOP_149_4.1_Loop_VITIS_LOOP_175_7_proc5|  return value|
|ap_idle                    |  out|    1|  ap_ctrl_hs|  dataflow_in_loop_VITIS_LOOP_149_4.1_Loop_VITIS_LOOP_175_7_proc5|  return value|
|ap_ready                   |  out|    1|  ap_ctrl_hs|  dataflow_in_loop_VITIS_LOOP_149_4.1_Loop_VITIS_LOOP_175_7_proc5|  return value|
|ap_return                  |  out|   32|  ap_ctrl_hs|  dataflow_in_loop_VITIS_LOOP_149_4.1_Loop_VITIS_LOOP_175_7_proc5|  return value|
|logits_dout                |   in|   32|     ap_fifo|                                                           logits|       pointer|
|logits_num_data_valid      |   in|    3|     ap_fifo|                                                           logits|       pointer|
|logits_fifo_cap            |   in|    3|     ap_fifo|                                                           logits|       pointer|
|logits_empty_n             |   in|    1|     ap_fifo|                                                           logits|       pointer|
|logits_read                |  out|    1|     ap_fifo|                                                           logits|       pointer|
|exp_values_din             |  out|   32|     ap_fifo|                                                       exp_values|       pointer|
|exp_values_num_data_valid  |   in|    3|     ap_fifo|                                                       exp_values|       pointer|
|exp_values_fifo_cap        |   in|    3|     ap_fifo|                                                       exp_values|       pointer|
|exp_values_full_n          |   in|    1|     ap_fifo|                                                       exp_values|       pointer|
|exp_values_write           |  out|    1|     ap_fifo|                                                       exp_values|       pointer|
|p_read                     |   in|   32|     ap_none|                                                           p_read|        scalar|
+---------------------------+-----+-----+------------+-----------------------------------------------------------------+--------------+

============================================================
+ Verbose Summary: Synthesis Manager
============================================================
InlineROM: 1
ExposeGlobal: 0
============================================================
+ Verbose Summary: CDFG Model
============================================================
IsTopModel: 0
ResetActiveHigh: 1
IsCombinational: 2
IsDatapathOnly: 0
HasWiredReturn: 1
HasMFsm: 2
HasVarLatency: 1
IsPipeline: 0
IsRtlPipelined: 0
IsInstanceOverlapped: 0
IsDontTouch: 0
HasImplIP: 0
IsGatedGlobalClock: 0

+ Individual pipeline summary: 
  * Pipeline-0: initiation interval (II) = 1, depth = 10


============================================================
+ Verbose Summary: Schedule
============================================================
* Number of FSM states : 10
* Pipeline : 1
  Pipeline-0 : II = 1, D = 10, States = { 1 2 3 4 5 6 7 8 9 10 }
* Dataflow Pipeline: 0

* FSM state transitions: 
1 --> 2 
2 --> 3 
3 --> 4 
4 --> 5 
5 --> 6 
6 --> 7 
7 --> 8 
8 --> 9 
9 --> 10 
10 --> 

* FSM state operations: 

State 1 <SV = 0> <Delay = 1.52>
ST_1 : Operation 13 [1/1] (0.00ns)   --->   "%exp_sum = alloca i32 1" [/home/simics/HMoE/HLS_HMoE/pseudo_block/run_11/src/pseudo_moe.cpp:173]   --->   Operation 13 'alloca' 'exp_sum' <Predicate = true> <Delay = 0.00>
ST_1 : Operation 14 [1/1] (0.00ns)   --->   "%e = alloca i32 1" [/home/simics/HMoE/HLS_HMoE/pseudo_block/run_11/src/pseudo_moe.cpp:175]   --->   Operation 14 'alloca' 'e' <Predicate = true> <Delay = 0.00>
ST_1 : Operation 15 [1/1] (0.00ns)   --->   "%specinterface_ln0 = specinterface void @_ssdm_op_SpecInterface, i32 %exp_values, void @ap_fifo_str, i32 0, i32 0, void @p_str, i32 0, i32 0, void @p_str, void @p_str, void @p_str, i32 2, i32 2, i32 16, i32 16, void @p_str, void @p_str, i32 4294967295, i32 0"   --->   Operation 15 'specinterface' 'specinterface_ln0' <Predicate = true> <Delay = 0.00>
ST_1 : Operation 16 [1/1] (0.00ns)   --->   "%specinterface_ln0 = specinterface void @_ssdm_op_SpecInterface, i32 %logits, void @ap_fifo_str, i32 0, i32 0, void @p_str, i32 0, i32 0, void @p_str, void @p_str, void @p_str, i32 2, i32 2, i32 16, i32 16, void @p_str, void @p_str, i32 4294967295, i32 0"   --->   Operation 16 'specinterface' 'specinterface_ln0' <Predicate = true> <Delay = 0.00>
ST_1 : Operation 17 [1/1] (1.52ns)   --->   "%p_read_3 = read i32 @_ssdm_op_Read.ap_auto.float, i32 %p_read"   --->   Operation 17 'read' 'p_read_3' <Predicate = true> <Delay = 1.52> <CoreInst = "FIFO_SRL">   --->   Core 81 'FIFO_SRL' <Latency = 0> <II = 1> <Delay = 1.52> <Storage> <Opcode : 'read' 'write' 'nbread' 'nbwrite'> <Ports = 0> <Width = -1> <Depth = -1> <FIFO>
ST_1 : Operation 18 [1/1] (0.36ns)   --->   "%store_ln175 = store i3 0, i3 %e" [/home/simics/HMoE/HLS_HMoE/pseudo_block/run_11/src/pseudo_moe.cpp:175]   --->   Operation 18 'store' 'store_ln175' <Predicate = true> <Delay = 0.36>
ST_1 : Operation 20 [1/1] (0.00ns)   --->   "%br_ln0 = br void %for.cond71.i"   --->   Operation 20 'br' 'br_ln0' <Predicate = true> <Delay = 0.00>
ST_1 : Operation 21 [1/1] (0.00ns)   --->   "%e_2 = load i3 %e" [/home/simics/HMoE/HLS_HMoE/pseudo_block/run_11/src/pseudo_moe.cpp:175]   --->   Operation 21 'load' 'e_2' <Predicate = true> <Delay = 0.00>
ST_1 : Operation 22 [1/1] (0.52ns)   --->   "%icmp_ln175 = icmp_eq  i3 %e_2, i3 4" [/home/simics/HMoE/HLS_HMoE/pseudo_block/run_11/src/pseudo_moe.cpp:175]   --->   Operation 22 'icmp' 'icmp_ln175' <Predicate = true> <Delay = 0.52> <CoreInst = "Cmp">   --->   Core 9 'Cmp' <Latency = 0> <II = 1> <Delay = 0.64> <FuncUnit> <Opcode : 'icmp'> <InPorts = 2> <OutPorts = 1>
ST_1 : Operation 23 [1/1] (0.52ns)   --->   "%add_ln175 = add i3 %e_2, i3 1" [/home/simics/HMoE/HLS_HMoE/pseudo_block/run_11/src/pseudo_moe.cpp:175]   --->   Operation 23 'add' 'add_ln175' <Predicate = true> <Delay = 0.52> <CoreInst = "Adder">   --->   Core 1 'Adder' <Latency = 0> <II = 1> <Delay = 0.52> <FuncUnit> <Opcode : 'add' 'sub'> <InPorts = 2> <OutPorts = 1>
ST_1 : Operation 24 [1/1] (0.00ns)   --->   "%br_ln175 = br i1 %icmp_ln175, void %for.inc82.i, void %dataflow_in_loop_VITIS_LOOP_149_4.1_Loop_VITIS_LOOP_175_7_proc.exit" [/home/simics/HMoE/HLS_HMoE/pseudo_block/run_11/src/pseudo_moe.cpp:175]   --->   Operation 24 'br' 'br_ln175' <Predicate = true> <Delay = 0.00>
ST_1 : Operation 25 [1/1] (0.36ns)   --->   "%store_ln175 = store i3 %add_ln175, i3 %e" [/home/simics/HMoE/HLS_HMoE/pseudo_block/run_11/src/pseudo_moe.cpp:175]   --->   Operation 25 'store' 'store_ln175' <Predicate = (!icmp_ln175)> <Delay = 0.36>

State 2 <SV = 1> <Delay = 1.52>
ST_2 : Operation 26 [1/1] (1.52ns)   --->   "%logits_read = read i32 @_ssdm_op_Read.ap_fifo.volatile.floatP0A, i32 %logits" [/home/simics/HMoE/HLS_HMoE/pseudo_block/run_11/src/pseudo_moe.cpp:177]   --->   Operation 26 'read' 'logits_read' <Predicate = true> <Delay = 1.52> <CoreInst = "FIFO_SRL">   --->   Core 81 'FIFO_SRL' <Latency = 0> <II = 1> <Delay = 1.52> <Storage> <Opcode : 'read' 'write' 'nbread' 'nbwrite'> <Ports = 0> <Width = 32> <Depth = 4> <FIFO>

State 3 <SV = 2> <Delay = 6.04>
ST_3 : Operation 27 [2/2] (6.04ns)   --->   "%sub_i = fsub i32 %logits_read, i32 %p_read_3" [/home/simics/HMoE/HLS_HMoE/pseudo_block/run_11/src/pseudo_moe.cpp:177]   --->   Operation 27 'fsub' 'sub_i' <Predicate = true> <Delay = 6.04> <CoreInst = "FAddSub_fulldsp">   --->   Core 18 'FAddSub_fulldsp' <Latency = 1> <II = 1> <Delay = 6.04> <FuncUnit> <Opcode : 'fadd' 'fsub'> <InPorts = 2> <OutPorts = 1>

State 4 <SV = 3> <Delay = 6.04>
ST_4 : Operation 28 [1/2] (6.04ns)   --->   "%sub_i = fsub i32 %logits_read, i32 %p_read_3" [/home/simics/HMoE/HLS_HMoE/pseudo_block/run_11/src/pseudo_moe.cpp:177]   --->   Operation 28 'fsub' 'sub_i' <Predicate = true> <Delay = 6.04> <CoreInst = "FAddSub_fulldsp">   --->   Core 18 'FAddSub_fulldsp' <Latency = 1> <II = 1> <Delay = 6.04> <FuncUnit> <Opcode : 'fadd' 'fsub'> <InPorts = 2> <OutPorts = 1>

State 5 <SV = 4> <Delay = 6.28>
ST_5 : Operation 29 [4/4] (6.28ns)   --->   "%tmp_i = fexp i32 @llvm.exp.f32, i32 %sub_i" [/home/simics/HMoE/HLS_HMoE/pseudo_block/run_11/src/pseudo_moe.cpp:177]   --->   Operation 29 'fexp' 'tmp_i' <Predicate = true> <Delay = 6.28> <CoreInst = "FExp_fulldsp">   --->   Core 23 'FExp_fulldsp' <Latency = 3> <II = 1> <Delay = 6.28> <FuncUnit> <Opcode : 'fexp'> <InPorts = 1> <OutPorts = 1>

State 6 <SV = 5> <Delay = 6.28>
ST_6 : Operation 30 [3/4] (6.28ns)   --->   "%tmp_i = fexp i32 @llvm.exp.f32, i32 %sub_i" [/home/simics/HMoE/HLS_HMoE/pseudo_block/run_11/src/pseudo_moe.cpp:177]   --->   Operation 30 'fexp' 'tmp_i' <Predicate = true> <Delay = 6.28> <CoreInst = "FExp_fulldsp">   --->   Core 23 'FExp_fulldsp' <Latency = 3> <II = 1> <Delay = 6.28> <FuncUnit> <Opcode : 'fexp'> <InPorts = 1> <OutPorts = 1>

State 7 <SV = 6> <Delay = 6.28>
ST_7 : Operation 31 [2/4] (6.28ns)   --->   "%tmp_i = fexp i32 @llvm.exp.f32, i32 %sub_i" [/home/simics/HMoE/HLS_HMoE/pseudo_block/run_11/src/pseudo_moe.cpp:177]   --->   Operation 31 'fexp' 'tmp_i' <Predicate = true> <Delay = 6.28> <CoreInst = "FExp_fulldsp">   --->   Core 23 'FExp_fulldsp' <Latency = 3> <II = 1> <Delay = 6.28> <FuncUnit> <Opcode : 'fexp'> <InPorts = 1> <OutPorts = 1>

State 8 <SV = 7> <Delay = 6.28>
ST_8 : Operation 32 [1/4] (6.28ns)   --->   "%tmp_i = fexp i32 @llvm.exp.f32, i32 %sub_i" [/home/simics/HMoE/HLS_HMoE/pseudo_block/run_11/src/pseudo_moe.cpp:177]   --->   Operation 32 'fexp' 'tmp_i' <Predicate = true> <Delay = 6.28> <CoreInst = "FExp_fulldsp">   --->   Core 23 'FExp_fulldsp' <Latency = 3> <II = 1> <Delay = 6.28> <FuncUnit> <Opcode : 'fexp'> <InPorts = 1> <OutPorts = 1>

State 9 <SV = 8> <Delay = 6.40>
ST_9 : Operation 19 [1/1] (0.36ns)   --->   "%store_ln173 = store i32 0, i32 %exp_sum" [/home/simics/HMoE/HLS_HMoE/pseudo_block/run_11/src/pseudo_moe.cpp:173]   --->   Operation 19 'store' 'store_ln173' <Predicate = true> <Delay = 0.36>
ST_9 : Operation 33 [1/1] (0.00ns)   --->   "%exp_sum_load = load i32 %exp_sum" [/home/simics/HMoE/HLS_HMoE/pseudo_block/run_11/src/pseudo_moe.cpp:178]   --->   Operation 33 'load' 'exp_sum_load' <Predicate = true> <Delay = 0.00>
ST_9 : Operation 34 [1/1] (1.52ns)   --->   "%write_ln177 = write void @_ssdm_op_Write.ap_fifo.volatile.floatP0A, i32 %exp_values, i32 %tmp_i" [/home/simics/HMoE/HLS_HMoE/pseudo_block/run_11/src/pseudo_moe.cpp:177]   --->   Operation 34 'write' 'write_ln177' <Predicate = true> <Delay = 1.52> <CoreInst = "FIFO_SRL">   --->   Core 81 'FIFO_SRL' <Latency = 0> <II = 1> <Delay = 1.52> <Storage> <Opcode : 'read' 'write' 'nbread' 'nbwrite'> <Ports = 0> <Width = 32> <Depth = 4> <FIFO>
ST_9 : Operation 35 [2/2] (6.04ns)   --->   "%exp_sum_1 = fadd i32 %exp_sum_load, i32 %tmp_i" [/home/simics/HMoE/HLS_HMoE/pseudo_block/run_11/src/pseudo_moe.cpp:178]   --->   Operation 35 'fadd' 'exp_sum_1' <Predicate = true> <Delay = 6.04> <CoreInst = "FAddSub_fulldsp">   --->   Core 18 'FAddSub_fulldsp' <Latency = 1> <II = 1> <Delay = 6.04> <FuncUnit> <Opcode : 'fadd' 'fsub'> <InPorts = 2> <OutPorts = 1>
ST_9 : Operation 42 [1/1] (0.00ns)   --->   "%exp_sum_load_1 = load i32 %exp_sum"   --->   Operation 42 'load' 'exp_sum_load_1' <Predicate = (icmp_ln175)> <Delay = 0.00>
ST_9 : Operation 43 [1/1] (0.00ns)   --->   "%ret_ln0 = ret i32 %exp_sum_load_1"   --->   Operation 43 'ret' 'ret_ln0' <Predicate = (icmp_ln175)> <Delay = 0.00>

State 10 <SV = 9> <Delay = 6.40>
ST_10 : Operation 36 [1/1] (0.00ns)   --->   "%specpipeline_ln176 = specpipeline void @_ssdm_op_SpecPipeline, i32 1, i32 0, i32 0, i32 0, void @empty_30" [/home/simics/HMoE/HLS_HMoE/pseudo_block/run_11/src/pseudo_moe.cpp:176]   --->   Operation 36 'specpipeline' 'specpipeline_ln176' <Predicate = true> <Delay = 0.00>
ST_10 : Operation 37 [1/1] (0.00ns)   --->   "%speclooptripcount_ln177 = speclooptripcount void @_ssdm_op_SpecLoopTripCount, i64 4, i64 4, i64 4" [/home/simics/HMoE/HLS_HMoE/pseudo_block/run_11/src/pseudo_moe.cpp:177]   --->   Operation 37 'speclooptripcount' 'speclooptripcount_ln177' <Predicate = true> <Delay = 0.00>
ST_10 : Operation 38 [1/1] (0.00ns)   --->   "%specloopname_ln175 = specloopname void @_ssdm_op_SpecLoopName, void @empty_36" [/home/simics/HMoE/HLS_HMoE/pseudo_block/run_11/src/pseudo_moe.cpp:175]   --->   Operation 38 'specloopname' 'specloopname_ln175' <Predicate = true> <Delay = 0.00>
ST_10 : Operation 39 [1/2] (6.04ns)   --->   "%exp_sum_1 = fadd i32 %exp_sum_load, i32 %tmp_i" [/home/simics/HMoE/HLS_HMoE/pseudo_block/run_11/src/pseudo_moe.cpp:178]   --->   Operation 39 'fadd' 'exp_sum_1' <Predicate = true> <Delay = 6.04> <CoreInst = "FAddSub_fulldsp">   --->   Core 18 'FAddSub_fulldsp' <Latency = 1> <II = 1> <Delay = 6.04> <FuncUnit> <Opcode : 'fadd' 'fsub'> <InPorts = 2> <OutPorts = 1>
ST_10 : Operation 40 [1/1] (0.36ns)   --->   "%store_ln173 = store i32 %exp_sum_1, i32 %exp_sum" [/home/simics/HMoE/HLS_HMoE/pseudo_block/run_11/src/pseudo_moe.cpp:173]   --->   Operation 40 'store' 'store_ln173' <Predicate = true> <Delay = 0.36>
ST_10 : Operation 41 [1/1] (0.00ns)   --->   "%br_ln175 = br void %for.cond71.i" [/home/simics/HMoE/HLS_HMoE/pseudo_block/run_11/src/pseudo_moe.cpp:175]   --->   Operation 41 'br' 'br_ln175' <Predicate = true> <Delay = 0.00>


============================================================
+ Verbose Summary: Binding
============================================================
STG Binding: 
---------------- STG Properties BEGIN ----------------
- Is combinational: 0
- Is one-state seq: 0
- Is datapath-only: 0
- Is pipelined: 0
- Is top level: 0
Port [ Return ] is wired: 1; IO mode=ap_ctrl_hs:ce=0
Port [ logits]:  wired=1; compound=1; hidden=0; nouse=0; global=0; static=0; extern=0; dir=0; type=3; pingpong=0; private_global=0; IO mode=ap_fifo:ce=0
Port [ p_read]:  wired=1; compound=0; hidden=0; nouse=0; global=0; static=0; extern=0; dir=0; type=0; pingpong=0; private_global=0; IO mode=ap_none:ce=0
Port [ exp_values]:  wired=1; compound=1; hidden=0; nouse=0; global=0; static=0; extern=0; dir=1; type=3; pingpong=0; private_global=0; IO mode=ap_fifo:ce=0
---------------- STG Properties END ------------------

---------------- Datapath Model BEGIN ----------------

<LifeTime>
<method=bitvector/>
exp_sum                 (alloca           ) [ 01111111111]
e                       (alloca           ) [ 01000000000]
specinterface_ln0       (specinterface    ) [ 00000000000]
specinterface_ln0       (specinterface    ) [ 00000000000]
p_read_3                (read             ) [ 01111000000]
store_ln175             (store            ) [ 00000000000]
store_ln173             (store            ) [ 00000000000]
br_ln0                  (br               ) [ 00000000000]
e_2                     (load             ) [ 00000000000]
icmp_ln175              (icmp             ) [ 01111111110]
add_ln175               (add              ) [ 00000000000]
br_ln175                (br               ) [ 00000000000]
store_ln175             (store            ) [ 00000000000]
logits_read             (read             ) [ 01011000000]
sub_i                   (fsub             ) [ 01000111100]
tmp_i                   (fexp             ) [ 01000000011]
exp_sum_load            (load             ) [ 01000000001]
write_ln177             (write            ) [ 00000000000]
specpipeline_ln176      (specpipeline     ) [ 00000000000]
speclooptripcount_ln177 (speclooptripcount) [ 00000000000]
specloopname_ln175      (specloopname     ) [ 00000000000]
exp_sum_1               (fadd             ) [ 00000000000]
store_ln173             (store            ) [ 00000000000]
br_ln175                (br               ) [ 00000000000]
exp_sum_load_1          (load             ) [ 00000000000]
ret_ln0                 (ret              ) [ 00000000000]
</LifeTime>

<model>

<comp_list>
<comp id="0" class="1000" name="logits">
<pin_list>
<pin id="1" dir="1" index="0" bw="1" slack="0"/>
</pin_list>
<bind>
<StgValue><ssdm name="logits"/></StgValue>
</bind>
</comp>

<comp id="2" class="1000" name="p_read">
<pin_list>
<pin id="3" dir="1" index="0" bw="1" slack="0"/>
</pin_list>
<bind>
<StgValue><ssdm name="p_read"/></StgValue>
</bind>
</comp>

<comp id="4" class="1000" name="exp_values">
<pin_list>
<pin id="5" dir="1" index="0" bw="1" slack="0"/>
</pin_list>
<bind>
<StgValue><ssdm name="exp_values"/></StgValue>
</bind>
</comp>

<comp id="6" class="1001" name="const_6">
<pin_list>
<pin id="7" dir="1" index="0" bw="1" slack="0"/>
</pin_list>
<bind>
<StgValue><ssdm name=""/></StgValue>
</bind>
</comp>

<comp id="8" class="1001" name="const_8">
<pin_list>
<pin id="9" dir="1" index="0" bw="1" slack="2147483647"/>
</pin_list>
<bind>
<StgValue><ssdm name="_ssdm_op_SpecInterface"/></StgValue>
</bind>
</comp>

<comp id="10" class="1001" name="const_10">
<pin_list>
<pin id="11" dir="1" index="0" bw="1" slack="2147483647"/>
</pin_list>
<bind>
<StgValue><ssdm name="ap_fifo_str"/></StgValue>
</bind>
</comp>

<comp id="12" class="1001" name="const_12">
<pin_list>
<pin id="13" dir="1" index="0" bw="1" slack="2147483647"/>
</pin_list>
<bind>
<StgValue><ssdm name=""/></StgValue>
</bind>
</comp>

<comp id="14" class="1001" name="const_14">
<pin_list>
<pin id="15" dir="1" index="0" bw="1" slack="2147483647"/>
</pin_list>
<bind>
<StgValue><ssdm name="p_str"/></StgValue>
</bind>
</comp>

<comp id="16" class="1001" name="const_16">
<pin_list>
<pin id="17" dir="1" index="0" bw="1" slack="2147483647"/>
</pin_list>
<bind>
<StgValue><ssdm name=""/></StgValue>
</bind>
</comp>

<comp id="18" class="1001" name="const_18">
<pin_list>
<pin id="19" dir="1" index="0" bw="1" slack="2147483647"/>
</pin_list>
<bind>
<StgValue><ssdm name=""/></StgValue>
</bind>
</comp>

<comp id="20" class="1001" name="const_20">
<pin_list>
<pin id="21" dir="1" index="0" bw="1" slack="2147483647"/>
</pin_list>
<bind>
<StgValue><ssdm name=""/></StgValue>
</bind>
</comp>

<comp id="22" class="1001" name="const_22">
<pin_list>
<pin id="23" dir="1" index="0" bw="1" slack="0"/>
</pin_list>
<bind>
<StgValue><ssdm name="_ssdm_op_Read.ap_auto.float"/></StgValue>
</bind>
</comp>

<comp id="24" class="1001" name="const_24">
<pin_list>
<pin id="25" dir="1" index="0" bw="1" slack="0"/>
</pin_list>
<bind>
<StgValue><ssdm name=""/></StgValue>
</bind>
</comp>

<comp id="26" class="1001" name="const_26">
<pin_list>
<pin id="27" dir="1" index="0" bw="1" slack="0"/>
</pin_list>
<bind>
<StgValue><ssdm name=""/></StgValue>
</bind>
</comp>

<comp id="28" class="1001" name="const_28">
<pin_list>
<pin id="29" dir="1" index="0" bw="1" slack="0"/>
</pin_list>
<bind>
<StgValue><ssdm name=""/></StgValue>
</bind>
</comp>

<comp id="30" class="1001" name="const_30">
<pin_list>
<pin id="31" dir="1" index="0" bw="1" slack="0"/>
</pin_list>
<bind>
<StgValue><ssdm name=""/></StgValue>
</bind>
</comp>

<comp id="32" class="1001" name="const_32">
<pin_list>
<pin id="33" dir="1" index="0" bw="1" slack="0"/>
</pin_list>
<bind>
<StgValue><ssdm name="_ssdm_op_Read.ap_fifo.volatile.floatP0A"/></StgValue>
</bind>
</comp>

<comp id="34" class="1001" name="const_34">
<pin_list>
<pin id="35" dir="1" index="0" bw="1" slack="0"/>
</pin_list>
<bind>
<StgValue><ssdm name="llvm.exp.f32"/></StgValue>
</bind>
</comp>

<comp id="36" class="1001" name="const_36">
<pin_list>
<pin id="37" dir="1" index="0" bw="1" slack="0"/>
</pin_list>
<bind>
<StgValue><ssdm name="_ssdm_op_Write.ap_fifo.volatile.floatP0A"/></StgValue>
</bind>
</comp>

<comp id="38" class="1001" name="const_38">
<pin_list>
<pin id="39" dir="1" index="0" bw="1" slack="2147483647"/>
</pin_list>
<bind>
<StgValue><ssdm name="_ssdm_op_SpecPipeline"/></StgValue>
</bind>
</comp>

<comp id="40" class="1001" name="const_40">
<pin_list>
<pin id="41" dir="1" index="0" bw="1" slack="2147483647"/>
</pin_list>
<bind>
<StgValue><ssdm name="empty_30"/></StgValue>
</bind>
</comp>

<comp id="42" class="1001" name="const_42">
<pin_list>
<pin id="43" dir="1" index="0" bw="1" slack="2147483647"/>
</pin_list>
<bind>
<StgValue><ssdm name="_ssdm_op_SpecLoopTripCount"/></StgValue>
</bind>
</comp>

<comp id="44" class="1001" name="const_44">
<pin_list>
<pin id="45" dir="1" index="0" bw="1" slack="2147483647"/>
</pin_list>
<bind>
<StgValue><ssdm name=""/></StgValue>
</bind>
</comp>

<comp id="46" class="1001" name="const_46">
<pin_list>
<pin id="47" dir="1" index="0" bw="1" slack="2147483647"/>
</pin_list>
<bind>
<StgValue><ssdm name="_ssdm_op_SpecLoopName"/></StgValue>
</bind>
</comp>

<comp id="48" class="1001" name="const_48">
<pin_list>
<pin id="49" dir="1" index="0" bw="1" slack="2147483647"/>
</pin_list>
<bind>
<StgValue><ssdm name="empty_36"/></StgValue>
</bind>
</comp>

<comp id="50" class="1004" name="exp_sum_fu_50">
<pin_list>
<pin id="51" dir="0" index="0" bw="1" slack="0"/>
<pin id="52" dir="1" index="1" bw="32" slack="8"/>
</pin_list>
<bind>
<opcode="alloca(26) " fcode="alloca"/>
<opset="exp_sum/1 "/>
</bind>
</comp>

<comp id="54" class="1004" name="e_fu_54">
<pin_list>
<pin id="55" dir="0" index="0" bw="1" slack="0"/>
<pin id="56" dir="1" index="1" bw="3" slack="0"/>
</pin_list>
<bind>
<opcode="alloca(26) " fcode="alloca"/>
<opset="e/1 "/>
</bind>
</comp>

<comp id="58" class="1004" name="p_read_3_read_fu_58">
<pin_list>
<pin id="59" dir="0" index="0" bw="32" slack="0"/>
<pin id="60" dir="0" index="1" bw="32" slack="0"/>
<pin id="61" dir="1" index="2" bw="32" slack="2"/>
</pin_list>
<bind>
<opcode="read(1150) " fcode="read"/>
<opset="p_read_3/1 "/>
</bind>
</comp>

<comp id="64" class="1004" name="logits_read_read_fu_64">
<pin_list>
<pin id="65" dir="0" index="0" bw="32" slack="0"/>
<pin id="66" dir="0" index="1" bw="32" slack="0"/>
<pin id="67" dir="1" index="2" bw="32" slack="1"/>
</pin_list>
<bind>
<opcode="read(1150) " fcode="read"/>
<opset="logits_read/2 "/>
</bind>
</comp>

<comp id="70" class="1004" name="write_ln177_write_fu_70">
<pin_list>
<pin id="71" dir="0" index="0" bw="0" slack="0"/>
<pin id="72" dir="0" index="1" bw="32" slack="0"/>
<pin id="73" dir="0" index="2" bw="32" slack="1"/>
<pin id="74" dir="1" index="3" bw="0" slack="2147483647"/>
</pin_list>
<bind>
<opcode="write(1151) " fcode="write"/>
<opset="write_ln177/9 "/>
</bind>
</comp>

<comp id="77" class="1004" name="grp_fu_77">
<pin_list>
<pin id="78" dir="0" index="0" bw="32" slack="1"/>
<pin id="79" dir="0" index="1" bw="32" slack="2"/>
<pin id="80" dir="1" index="2" bw="32" slack="1"/>
</pin_list>
<bind>
<opcode="fsub(11) " fcode="fadd"/>
<opset="sub_i/3 "/>
</bind>
</comp>

<comp id="81" class="1004" name="grp_fu_81">
<pin_list>
<pin id="82" dir="0" index="0" bw="32" slack="0"/>
<pin id="83" dir="0" index="1" bw="32" slack="1"/>
<pin id="84" dir="1" index="2" bw="32" slack="0"/>
</pin_list>
<bind>
<opcode="fadd(9) " fcode="fadd"/>
<opset="exp_sum_1/9 "/>
</bind>
</comp>

<comp id="85" class="1004" name="grp_fu_85">
<pin_list>
<pin id="86" dir="0" index="0" bw="32" slack="0"/>
<pin id="87" dir="0" index="1" bw="32" slack="1"/>
<pin id="88" dir="1" index="2" bw="32" slack="1"/>
</pin_list>
<bind>
<opcode="fexp(507) " fcode="fexp"/>
<opset="tmp_i/5 "/>
</bind>
</comp>

<comp id="90" class="1004" name="store_ln175_store_fu_90">
<pin_list>
<pin id="91" dir="0" index="0" bw="1" slack="0"/>
<pin id="92" dir="0" index="1" bw="3" slack="0"/>
<pin id="93" dir="1" index="2" bw="0" slack="2147483647"/>
</pin_list>
<bind>
<opcode="store(28) " fcode="store"/>
<opset="store_ln175/1 "/>
</bind>
</comp>

<comp id="95" class="1004" name="store_ln173_store_fu_95">
<pin_list>
<pin id="96" dir="0" index="0" bw="32" slack="0"/>
<pin id="97" dir="0" index="1" bw="32" slack="8"/>
<pin id="98" dir="1" index="2" bw="0" slack="2147483647"/>
</pin_list>
<bind>
<opcode="store(28) " fcode="store"/>
<opset="store_ln173/9 "/>
</bind>
</comp>

<comp id="100" class="1004" name="e_2_load_fu_100">
<pin_list>
<pin id="101" dir="0" index="0" bw="3" slack="0"/>
<pin id="102" dir="1" index="1" bw="3" slack="0"/>
</pin_list>
<bind>
<opcode="load(27) " fcode="load"/>
<opset="e_2/1 "/>
</bind>
</comp>

<comp id="103" class="1004" name="icmp_ln175_fu_103">
<pin_list>
<pin id="104" dir="0" index="0" bw="3" slack="0"/>
<pin id="105" dir="0" index="1" bw="3" slack="0"/>
<pin id="106" dir="1" index="2" bw="1" slack="8"/>
</pin_list>
<bind>
<opcode="icmp(45) " fcode="icmp"/>
<opset="icmp_ln175/1 "/>
</bind>
</comp>

<comp id="109" class="1004" name="add_ln175_fu_109">
<pin_list>
<pin id="110" dir="0" index="0" bw="3" slack="0"/>
<pin id="111" dir="0" index="1" bw="1" slack="0"/>
<pin id="112" dir="1" index="2" bw="3" slack="0"/>
</pin_list>
<bind>
<opcode="add(8) " fcode="add"/>
<opset="add_ln175/1 "/>
</bind>
</comp>

<comp id="115" class="1004" name="store_ln175_store_fu_115">
<pin_list>
<pin id="116" dir="0" index="0" bw="3" slack="0"/>
<pin id="117" dir="0" index="1" bw="3" slack="0"/>
<pin id="118" dir="1" index="2" bw="0" slack="2147483647"/>
</pin_list>
<bind>
<opcode="store(28) " fcode="store"/>
<opset="store_ln175/1 "/>
</bind>
</comp>

<comp id="120" class="1004" name="exp_sum_load_load_fu_120">
<pin_list>
<pin id="121" dir="0" index="0" bw="32" slack="8"/>
<pin id="122" dir="1" index="1" bw="32" slack="0"/>
</pin_list>
<bind>
<opcode="load(27) " fcode="load"/>
<opset="exp_sum_load/9 "/>
</bind>
</comp>

<comp id="124" class="1004" name="store_ln173_store_fu_124">
<pin_list>
<pin id="125" dir="0" index="0" bw="32" slack="0"/>
<pin id="126" dir="0" index="1" bw="32" slack="9"/>
<pin id="127" dir="1" index="2" bw="0" slack="2147483647"/>
</pin_list>
<bind>
<opcode="store(28) " fcode="store"/>
<opset="store_ln173/10 "/>
</bind>
</comp>

<comp id="129" class="1004" name="exp_sum_load_1_load_fu_129">
<pin_list>
<pin id="130" dir="0" index="0" bw="32" slack="8"/>
<pin id="131" dir="1" index="1" bw="32" slack="2147483647"/>
</pin_list>
<bind>
<opcode="load(27) " fcode="load"/>
<opset="exp_sum_load_1/9 "/>
</bind>
</comp>

<comp id="132" class="1005" name="exp_sum_reg_132">
<pin_list>
<pin id="133" dir="0" index="0" bw="32" slack="8"/>
<pin id="134" dir="1" index="1" bw="32" slack="8"/>
</pin_list>
<bind>
<opset="exp_sum "/>
</bind>
</comp>

<comp id="140" class="1005" name="e_reg_140">
<pin_list>
<pin id="141" dir="0" index="0" bw="3" slack="0"/>
<pin id="142" dir="1" index="1" bw="3" slack="0"/>
</pin_list>
<bind>
<opset="e "/>
</bind>
</comp>

<comp id="147" class="1005" name="p_read_3_reg_147">
<pin_list>
<pin id="148" dir="0" index="0" bw="32" slack="2"/>
<pin id="149" dir="1" index="1" bw="32" slack="2"/>
</pin_list>
<bind>
<opset="p_read_3 "/>
</bind>
</comp>

<comp id="152" class="1005" name="icmp_ln175_reg_152">
<pin_list>
<pin id="153" dir="0" index="0" bw="1" slack="8"/>
<pin id="154" dir="1" index="1" bw="1" slack="2147483647"/>
</pin_list>
<bind>
<opset="icmp_ln175 "/>
</bind>
</comp>

<comp id="156" class="1005" name="logits_read_reg_156">
<pin_list>
<pin id="157" dir="0" index="0" bw="32" slack="1"/>
<pin id="158" dir="1" index="1" bw="32" slack="1"/>
</pin_list>
<bind>
<opset="logits_read "/>
</bind>
</comp>

<comp id="161" class="1005" name="sub_i_reg_161">
<pin_list>
<pin id="162" dir="0" index="0" bw="32" slack="1"/>
<pin id="163" dir="1" index="1" bw="32" slack="1"/>
</pin_list>
<bind>
<opset="sub_i "/>
</bind>
</comp>

<comp id="166" class="1005" name="tmp_i_reg_166">
<pin_list>
<pin id="167" dir="0" index="0" bw="32" slack="1"/>
<pin id="168" dir="1" index="1" bw="32" slack="1"/>
</pin_list>
<bind>
<opset="tmp_i "/>
</bind>
</comp>

<comp id="172" class="1005" name="exp_sum_load_reg_172">
<pin_list>
<pin id="173" dir="0" index="0" bw="32" slack="1"/>
<pin id="174" dir="1" index="1" bw="32" slack="1"/>
</pin_list>
<bind>
<opset="exp_sum_load "/>
</bind>
</comp>

</comp_list>

<net_list>
<net id="53"><net_src comp="6" pin="0"/><net_sink comp="50" pin=0"/></net>

<net id="57"><net_src comp="6" pin="0"/><net_sink comp="54" pin=0"/></net>

<net id="62"><net_src comp="22" pin="0"/><net_sink comp="58" pin=0"/></net>

<net id="63"><net_src comp="2" pin="0"/><net_sink comp="58" pin=1"/></net>

<net id="68"><net_src comp="32" pin="0"/><net_sink comp="64" pin=0"/></net>

<net id="69"><net_src comp="0" pin="0"/><net_sink comp="64" pin=1"/></net>

<net id="75"><net_src comp="36" pin="0"/><net_sink comp="70" pin=0"/></net>

<net id="76"><net_src comp="4" pin="0"/><net_sink comp="70" pin=1"/></net>

<net id="89"><net_src comp="34" pin="0"/><net_sink comp="85" pin=0"/></net>

<net id="94"><net_src comp="24" pin="0"/><net_sink comp="90" pin=0"/></net>

<net id="99"><net_src comp="26" pin="0"/><net_sink comp="95" pin=0"/></net>

<net id="107"><net_src comp="100" pin="1"/><net_sink comp="103" pin=0"/></net>

<net id="108"><net_src comp="28" pin="0"/><net_sink comp="103" pin=1"/></net>

<net id="113"><net_src comp="100" pin="1"/><net_sink comp="109" pin=0"/></net>

<net id="114"><net_src comp="30" pin="0"/><net_sink comp="109" pin=1"/></net>

<net id="119"><net_src comp="109" pin="2"/><net_sink comp="115" pin=0"/></net>

<net id="123"><net_src comp="120" pin="1"/><net_sink comp="81" pin=0"/></net>

<net id="128"><net_src comp="81" pin="2"/><net_sink comp="124" pin=0"/></net>

<net id="135"><net_src comp="50" pin="1"/><net_sink comp="132" pin=0"/></net>

<net id="136"><net_src comp="132" pin="1"/><net_sink comp="95" pin=1"/></net>

<net id="137"><net_src comp="132" pin="1"/><net_sink comp="120" pin=0"/></net>

<net id="138"><net_src comp="132" pin="1"/><net_sink comp="124" pin=1"/></net>

<net id="139"><net_src comp="132" pin="1"/><net_sink comp="129" pin=0"/></net>

<net id="143"><net_src comp="54" pin="1"/><net_sink comp="140" pin=0"/></net>

<net id="144"><net_src comp="140" pin="1"/><net_sink comp="90" pin=1"/></net>

<net id="145"><net_src comp="140" pin="1"/><net_sink comp="100" pin=0"/></net>

<net id="146"><net_src comp="140" pin="1"/><net_sink comp="115" pin=1"/></net>

<net id="150"><net_src comp="58" pin="2"/><net_sink comp="147" pin=0"/></net>

<net id="151"><net_src comp="147" pin="1"/><net_sink comp="77" pin=1"/></net>

<net id="155"><net_src comp="103" pin="2"/><net_sink comp="152" pin=0"/></net>

<net id="159"><net_src comp="64" pin="2"/><net_sink comp="156" pin=0"/></net>

<net id="160"><net_src comp="156" pin="1"/><net_sink comp="77" pin=0"/></net>

<net id="164"><net_src comp="77" pin="2"/><net_sink comp="161" pin=0"/></net>

<net id="165"><net_src comp="161" pin="1"/><net_sink comp="85" pin=1"/></net>

<net id="169"><net_src comp="85" pin="2"/><net_sink comp="166" pin=0"/></net>

<net id="170"><net_src comp="166" pin="1"/><net_sink comp="70" pin=2"/></net>

<net id="171"><net_src comp="166" pin="1"/><net_sink comp="81" pin=1"/></net>

<net id="175"><net_src comp="120" pin="1"/><net_sink comp="172" pin=0"/></net>

<net id="176"><net_src comp="172" pin="1"/><net_sink comp="81" pin=0"/></net>

</net_list>

</model> 
---------------- Datapath Model END ------------------

* FSMD analyzer results:
  - Output states:
	Port: exp_values | {9 }
 - Input state : 
	Port: dataflow_in_loop_VITIS_LOOP_149_4.1_Loop_VITIS_LOOP_175_7_proc5 : logits | {2 }
	Port: dataflow_in_loop_VITIS_LOOP_149_4.1_Loop_VITIS_LOOP_175_7_proc5 : p_read | {1 }
  - Chain level:
	State 1
		store_ln175 : 1
		e_2 : 1
		icmp_ln175 : 2
		add_ln175 : 2
		br_ln175 : 3
		store_ln175 : 3
	State 2
	State 3
	State 4
	State 5
	State 6
	State 7
	State 8
	State 9
		exp_sum_1 : 1
		ret_ln0 : 1
	State 10
		store_ln173 : 1


============================================================
+ Verbose Summary: Datapath Resource usage 
============================================================

* Functional unit list:
|----------|-------------------------|---------|---------|---------|
| Operation|     Functional Unit     |   DSP   |    FF   |   LUT   |
|----------|-------------------------|---------|---------|---------|
|   fexp   |        grp_fu_85        |    7    |   140   |   737   |
|----------|-------------------------|---------|---------|---------|
|   fadd   |        grp_fu_77        |    2    |   177   |   233   |
|          |        grp_fu_81        |    2    |   177   |   233   |
|----------|-------------------------|---------|---------|---------|
|   icmp   |    icmp_ln175_fu_103    |    0    |    0    |    10   |
|----------|-------------------------|---------|---------|---------|
|    add   |     add_ln175_fu_109    |    0    |    0    |    10   |
|----------|-------------------------|---------|---------|---------|
|   read   |   p_read_3_read_fu_58   |    0    |    0    |    0    |
|          |  logits_read_read_fu_64 |    0    |    0    |    0    |
|----------|-------------------------|---------|---------|---------|
|   write  | write_ln177_write_fu_70 |    0    |    0    |    0    |
|----------|-------------------------|---------|---------|---------|
|   Total  |                         |    11   |   494   |   1223  |
|----------|-------------------------|---------|---------|---------|

Memories:
N/A

* Register list:
+--------------------+--------+
|                    |   FF   |
+--------------------+--------+
|      e_reg_140     |    3   |
|exp_sum_load_reg_172|   32   |
|   exp_sum_reg_132  |   32   |
| icmp_ln175_reg_152 |    1   |
| logits_read_reg_156|   32   |
|  p_read_3_reg_147  |   32   |
|    sub_i_reg_161   |   32   |
|    tmp_i_reg_166   |   32   |
+--------------------+--------+
|        Total       |   196  |
+--------------------+--------+

* Multiplexer (MUX) list: 
|-----------|------|------|------|--------||---------||---------|
|    Comp   |  Pin | Size |  BW  | S x BW ||  Delay  ||   LUT   |
|-----------|------|------|------|--------||---------||---------|
| grp_fu_81 |  p0  |   2  |  32  |   64   ||    9    |
|-----------|------|------|------|--------||---------||---------|
|   Total   |      |      |      |   64   ||  0.362  ||    9    |
|-----------|------|------|------|--------||---------||---------|



* Summary:
+-----------+--------+--------+--------+--------+
|           |   DSP  |  Delay |   FF   |   LUT  |
+-----------+--------+--------+--------+--------+
|  Function |   11   |    -   |   494  |  1223  |
|   Memory  |    -   |    -   |    -   |    -   |
|Multiplexer|    -   |    0   |    -   |    9   |
|  Register |    -   |    -   |   196  |    -   |
+-----------+--------+--------+--------+--------+
|   Total   |   11   |    0   |   690  |  1232  |
+-----------+--------+--------+--------+--------+
