

================================================================
== Vitis HLS Report for 'expert_engine_1_Pipeline_VITIS_LOOP_133_11'
================================================================
* Date:           Sat Sep 12 20:19:19 2026

* Version:        2023.2 (Build 4023990 on Oct 11 2023)
* Project:        HLS_GraphMoE_Run6
* Solution:       solution1 (Vivado IP Flow Target)
* Product family: virtexuplus
* Target device:  xcvu13p_CIV-figd2104-3-e


================================================================
== Performance Estimates
================================================================
+ Timing: 
    * Summary: 
    +--------+----------+----------+------------+
    |  Clock |  Target  | Estimated| Uncertainty|
    +--------+----------+----------+------------+
    |ap_clk  |  10.00 ns|  6.409 ns|     2.70 ns|
    +--------+----------+----------+------------+

+ Latency: 
    * Summary: 
    +---------+---------+----------+----------+-----+-----+---------+
    |  Latency (cycles) |  Latency (absolute) |  Interval | Pipeline|
    |   min   |   max   |    min   |    max   | min | max |   Type  |
    +---------+---------+----------+----------+-----+-----+---------+
    |      133|      133|  1.330 us|  1.330 us|  133|  133|       no|
    +---------+---------+----------+----------+-----+-----+---------+

    + Detail: 
        * Instance: 
        N/A

        * Loop: 
        +---------------------+---------+---------+----------+-----------+-----------+------+----------+
        |                     |  Latency (cycles) | Iteration|  Initiation Interval  | Trip |          |
        |      Loop Name      |   min   |   max   |  Latency |  achieved |   target  | Count| Pipelined|
        +---------------------+---------+---------+----------+-----------+-----------+------+----------+
        |- VITIS_LOOP_133_11  |      131|      131|         5|          1|          1|   128|       yes|
        +---------------------+---------+---------+----------+-----------+-----------+------+----------+



================================================================
== Utilization Estimates
================================================================
* Summary: 
+---------------------+---------+-------+---------+---------+------+
|         Name        | BRAM_18K|  DSP  |    FF   |   LUT   | URAM |
+---------------------+---------+-------+---------+---------+------+
|DSP                  |        -|      -|        -|        -|     -|
|Expression           |        -|      -|        0|       55|     -|
|FIFO                 |        -|      -|        -|        -|     -|
|Instance             |        -|      -|        -|        -|     -|
|Memory               |        -|      -|        -|        -|     -|
|Multiplexer          |        -|      -|        -|       54|     -|
|Register             |        -|      -|      146|       32|     -|
+---------------------+---------+-------+---------+---------+------+
|Total                |        0|      0|      146|      141|     0|
+---------------------+---------+-------+---------+---------+------+
|Available SLR        |     1344|   3072|   864000|   432000|   320|
+---------------------+---------+-------+---------+---------+------+
|Utilization SLR (%)  |        0|      0|       ~0|       ~0|     0|
+---------------------+---------+-------+---------+---------+------+
|Available            |     5376|  12288|  3456000|  1728000|  1280|
+---------------------+---------+-------+---------+---------+------+
|Utilization (%)      |        0|      0|       ~0|       ~0|     0|
+---------------------+---------+-------+---------+---------+------+

+ Detail: 
    * Instance: 
    N/A

    * DSP: 
    N/A

    * Memory: 
    N/A

    * FIFO: 
    N/A

    * Expression: 
    +----------------------+----------+----+---+----+------------+------------+
    |     Variable Name    | Operation| DSP| FF| LUT| Bitwidth P0| Bitwidth P1|
    +----------------------+----------+----+---+----+------------+------------+
    |add_ln133_fu_136_p2   |         +|   0|  0|  15|           8|           1|
    |add_ln136_fu_151_p2   |         +|   0|  0|  22|          15|          15|
    |icmp_ln133_fu_130_p2  |      icmp|   0|  0|  16|           8|           9|
    |ap_enable_pp0         |       xor|   0|  0|   2|           1|           2|
    +----------------------+----------+----+---+----+------------+------------+
    |Total                 |          |   0|  0|  55|          32|          27|
    +----------------------+----------+----+---+----+------------+------------+

    * Multiplexer: 
    +------------------------------+----+-----------+-----+-----------+
    |             Name             | LUT| Input Size| Bits| Total Bits|
    +------------------------------+----+-----------+-----+-----------+
    |ap_done_int                   |   9|          2|    1|          2|
    |ap_enable_reg_pp0_iter1       |   9|          2|    1|          2|
    |ap_sig_allocacmp_j            |   9|          2|    8|         16|
    |ap_sig_allocacmp_sum_12_load  |   9|          2|   32|         64|
    |j_1_fu_56                     |   9|          2|    8|         16|
    |sum_12_fu_52                  |   9|          2|   32|         64|
    +------------------------------+----+-----------+-----+-----------+
    |Total                         |  54|         12|   82|        164|
    +------------------------------+----+-----------+-----+-----------+

    * Register: 
    +----------------------------------+----+----+-----+-----------+
    |               Name               | FF | LUT| Bits| Const Bits|
    +----------------------------------+----+----+-----+-----------+
    |ap_CS_fsm                         |   1|   0|    1|          0|
    |ap_done_reg                       |   1|   0|    1|          0|
    |ap_enable_reg_pp0_iter1           |   1|   0|    1|          0|
    |ap_enable_reg_pp0_iter2           |   1|   0|    1|          0|
    |ap_enable_reg_pp0_iter3           |   1|   0|    1|          0|
    |ap_enable_reg_pp0_iter4           |   1|   0|    1|          0|
    |ap_loop_exit_ready_pp0_iter1_reg  |   1|   0|    1|          0|
    |ap_loop_exit_ready_pp0_iter2_reg  |   1|   0|    1|          0|
    |ap_loop_exit_ready_pp0_iter3_reg  |   1|   0|    1|          0|
    |icmp_ln133_reg_205                |   1|   0|    1|          0|
    |j_1_fu_56                         |   8|   0|    8|          0|
    |mul5_reg_229                      |  32|   0|   32|          0|
    |sum_12_fu_52                      |  32|   0|   32|          0|
    |icmp_ln133_reg_205                |  64|  32|    1|          0|
    +----------------------------------+----+----+-----+-----------+
    |Total                             | 146|  32|   83|          0|
    +----------------------------------+----+----+-----+-----------+



================================================================
== Interface
================================================================
* Summary: 
+---------------------+-----+-----+------------+--------------------------------------------+--------------+
|      RTL Ports      | Dir | Bits|  Protocol  |                Source Object               |    C Type    |
+---------------------+-----+-----+------------+--------------------------------------------+--------------+
|ap_clk               |   in|    1|  ap_ctrl_hs|  expert_engine.1_Pipeline_VITIS_LOOP_133_11|  return value|
|ap_rst               |   in|    1|  ap_ctrl_hs|  expert_engine.1_Pipeline_VITIS_LOOP_133_11|  return value|
|ap_start             |   in|    1|  ap_ctrl_hs|  expert_engine.1_Pipeline_VITIS_LOOP_133_11|  return value|
|ap_done              |  out|    1|  ap_ctrl_hs|  expert_engine.1_Pipeline_VITIS_LOOP_133_11|  return value|
|ap_idle              |  out|    1|  ap_ctrl_hs|  expert_engine.1_Pipeline_VITIS_LOOP_133_11|  return value|
|ap_ready             |  out|    1|  ap_ctrl_hs|  expert_engine.1_Pipeline_VITIS_LOOP_133_11|  return value|
|grp_fu_578_p_din0    |  out|   32|  ap_ctrl_hs|  expert_engine.1_Pipeline_VITIS_LOOP_133_11|  return value|
|grp_fu_578_p_din1    |  out|   32|  ap_ctrl_hs|  expert_engine.1_Pipeline_VITIS_LOOP_133_11|  return value|
|grp_fu_578_p_opcode  |  out|    2|  ap_ctrl_hs|  expert_engine.1_Pipeline_VITIS_LOOP_133_11|  return value|
|grp_fu_578_p_dout0   |   in|   32|  ap_ctrl_hs|  expert_engine.1_Pipeline_VITIS_LOOP_133_11|  return value|
|grp_fu_578_p_ce      |  out|    1|  ap_ctrl_hs|  expert_engine.1_Pipeline_VITIS_LOOP_133_11|  return value|
|grp_fu_1654_p_din0   |  out|   32|  ap_ctrl_hs|  expert_engine.1_Pipeline_VITIS_LOOP_133_11|  return value|
|grp_fu_1654_p_din1   |  out|   32|  ap_ctrl_hs|  expert_engine.1_Pipeline_VITIS_LOOP_133_11|  return value|
|grp_fu_1654_p_dout0  |   in|   32|  ap_ctrl_hs|  expert_engine.1_Pipeline_VITIS_LOOP_133_11|  return value|
|grp_fu_1654_p_ce     |  out|    1|  ap_ctrl_hs|  expert_engine.1_Pipeline_VITIS_LOOP_133_11|  return value|
|sum_7                |   in|   32|     ap_none|                                       sum_7|        scalar|
|empty                |   in|   15|     ap_none|                                       empty|        scalar|
|w1_3_address0        |  out|   15|   ap_memory|                                        w1_3|         array|
|w1_3_ce0             |  out|    1|   ap_memory|                                        w1_3|         array|
|w1_3_q0              |   in|   32|   ap_memory|                                        w1_3|         array|
|input_r_address1     |  out|    7|   ap_memory|                                     input_r|         array|
|input_r_ce1          |  out|    1|   ap_memory|                                     input_r|         array|
|input_r_q1           |   in|   32|   ap_memory|                                     input_r|         array|
|sum_12_out           |  out|   32|      ap_vld|                                  sum_12_out|       pointer|
|sum_12_out_ap_vld    |  out|    1|      ap_vld|                                  sum_12_out|       pointer|
+---------------------+-----+-----+------------+--------------------------------------------+--------------+

============================================================
+ Verbose Summary: Synthesis Manager
============================================================
InlineROM: 1
ExposeGlobal: 0
============================================================
+ Verbose Summary: CDFG Model
============================================================
IsTopModel: 0
ResetActiveHigh: 1
IsCombinational: 2
IsDatapathOnly: 2
HasWiredReturn: 1
HasMFsm: 2
HasVarLatency: 1
IsPipeline: 0
IsRtlPipelined: 0
IsInstanceOverlapped: 0
IsDontTouch: 0
HasImplIP: 0
IsGatedGlobalClock: 0

+ Individual pipeline summary: 
  * Pipeline-0: initiation interval (II) = 1, depth = 5


============================================================
+ Verbose Summary: Schedule
============================================================
* Number of FSM states : 5
* Pipeline : 1
  Pipeline-0 : II = 1, D = 5, States = { 1 2 3 4 5 }
* Dataflow Pipeline: 0

* FSM state transitions: 
1 --> 2 
2 --> 3 
3 --> 4 
4 --> 5 
5 --> 

* FSM state operations: 

State 1 <SV = 0> <Delay = 2.09>
ST_1 : Operation 8 [1/1] (0.00ns)   --->   "%sum_12 = alloca i32 1" [src/moe.cpp:131]   --->   Operation 8 'alloca' 'sum_12' <Predicate = true> <Delay = 0.00>
ST_1 : Operation 9 [1/1] (0.00ns)   --->   "%j_1 = alloca i32 1" [src/moe.cpp:133]   --->   Operation 9 'alloca' 'j_1' <Predicate = true> <Delay = 0.00>
ST_1 : Operation 10 [1/1] (0.00ns)   --->   "%specbindport_ln0 = specbindport void @_ssdm_op_SpecBindPort, i32 %input_r, i32 1, void @p_str"   --->   Operation 10 'specbindport' 'specbindport_ln0' <Predicate = true> <Delay = 0.00>
ST_1 : Operation 11 [1/1] (0.00ns)   --->   "%specshared_ln0 = specshared void @_ssdm_op_SpecShared, i32 %input_r, void @p_str"   --->   Operation 11 'specshared' 'specshared_ln0' <Predicate = true> <Delay = 0.00>
ST_1 : Operation 12 [1/1] (0.00ns)   --->   "%specinterface_ln0 = specinterface void @_ssdm_op_SpecInterface, i32 %w1_3, void @empty_2, i32 0, i32 0, void @empty_3, i32 4294967295, i32 0, void @empty_3, void @empty_3, void @empty_3, i32 0, i32 0, i32 0, i32 0, void @empty_3, void @empty_3, i32 4294967295, i32 0"   --->   Operation 12 'specinterface' 'specinterface_ln0' <Predicate = true> <Delay = 0.00>
ST_1 : Operation 13 [1/1] (0.00ns)   --->   "%specinterface_ln0 = specinterface void @_ssdm_op_SpecInterface, i32 %input_r, void @empty_2, i32 0, i32 0, void @empty_3, i32 4294967295, i32 0, void @empty_3, void @empty_3, void @empty_3, i32 0, i32 0, i32 0, i32 0, void @empty_3, void @empty_3, i32 4294967295, i32 0"   --->   Operation 13 'specinterface' 'specinterface_ln0' <Predicate = true> <Delay = 0.00>
ST_1 : Operation 14 [1/1] (0.00ns)   --->   "%tmp = read i15 @_ssdm_op_Read.ap_auto.i15, i15 %empty"   --->   Operation 14 'read' 'tmp' <Predicate = true> <Delay = 0.00>
ST_1 : Operation 15 [1/1] (0.00ns)   --->   "%sum_7_read = read i32 @_ssdm_op_Read.ap_auto.float, i32 %sum_7"   --->   Operation 15 'read' 'sum_7_read' <Predicate = true> <Delay = 0.00>
ST_1 : Operation 16 [1/1] (0.36ns)   --->   "%store_ln133 = store i8 0, i8 %j_1" [src/moe.cpp:133]   --->   Operation 16 'store' 'store_ln133' <Predicate = true> <Delay = 0.36>
ST_1 : Operation 17 [1/1] (0.36ns)   --->   "%store_ln131 = store i32 %sum_7_read, i32 %sum_12" [src/moe.cpp:131]   --->   Operation 17 'store' 'store_ln131' <Predicate = true> <Delay = 0.36>
ST_1 : Operation 18 [1/1] (0.00ns)   --->   "%br_ln0 = br void %for.inc151"   --->   Operation 18 'br' 'br_ln0' <Predicate = true> <Delay = 0.00>
ST_1 : Operation 19 [1/1] (0.00ns)   --->   "%j = load i8 %j_1" [src/moe.cpp:133]   --->   Operation 19 'load' 'j' <Predicate = true> <Delay = 0.00>
ST_1 : Operation 20 [1/1] (0.65ns)   --->   "%icmp_ln133 = icmp_eq  i8 %j, i8 128" [src/moe.cpp:133]   --->   Operation 20 'icmp' 'icmp_ln133' <Predicate = true> <Delay = 0.65> <CoreInst = "Cmp">   --->   Core 9 'Cmp' <Latency = 0> <II = 1> <Delay = 0.65> <FuncUnit> <Opcode : 'icmp'> <InPorts = 2> <OutPorts = 1>
ST_1 : Operation 21 [1/1] (0.65ns)   --->   "%add_ln133 = add i8 %j, i8 1" [src/moe.cpp:133]   --->   Operation 21 'add' 'add_ln133' <Predicate = true> <Delay = 0.65> <CoreInst = "Adder">   --->   Core 1 'Adder' <Latency = 0> <II = 1> <Delay = 0.65> <FuncUnit> <Opcode : 'add' 'sub'> <InPorts = 2> <OutPorts = 1>
ST_1 : Operation 22 [1/1] (0.00ns)   --->   "%br_ln133 = br i1 %icmp_ln133, void %for.inc151.split, void %for.end153.exitStub" [src/moe.cpp:133]   --->   Operation 22 'br' 'br_ln133' <Predicate = true> <Delay = 0.00>
ST_1 : Operation 23 [1/1] (0.00ns)   --->   "%zext_ln133 = zext i8 %j" [src/moe.cpp:133]   --->   Operation 23 'zext' 'zext_ln133' <Predicate = (!icmp_ln133)> <Delay = 0.00>
ST_1 : Operation 24 [1/1] (0.00ns)   --->   "%zext_ln136 = zext i8 %j" [src/moe.cpp:136]   --->   Operation 24 'zext' 'zext_ln136' <Predicate = (!icmp_ln133)> <Delay = 0.00>
ST_1 : Operation 25 [1/1] (0.70ns)   --->   "%add_ln136 = add i15 %tmp, i15 %zext_ln136" [src/moe.cpp:136]   --->   Operation 25 'add' 'add_ln136' <Predicate = (!icmp_ln133)> <Delay = 0.70> <CoreInst = "Adder">   --->   Core 1 'Adder' <Latency = 0> <II = 1> <Delay = 0.70> <FuncUnit> <Opcode : 'add' 'sub'> <InPorts = 2> <OutPorts = 1>
ST_1 : Operation 26 [1/1] (0.00ns)   --->   "%zext_ln136_2 = zext i15 %add_ln136" [src/moe.cpp:136]   --->   Operation 26 'zext' 'zext_ln136_2' <Predicate = (!icmp_ln133)> <Delay = 0.00>
ST_1 : Operation 27 [1/1] (0.00ns)   --->   "%w1_3_addr = getelementptr i32 %w1_3, i64 0, i64 %zext_ln136_2" [src/moe.cpp:136]   --->   Operation 27 'getelementptr' 'w1_3_addr' <Predicate = (!icmp_ln133)> <Delay = 0.00>
ST_1 : Operation 28 [2/2] (1.02ns)   --->   "%w1_3_load = load i15 %w1_3_addr" [src/moe.cpp:136]   --->   Operation 28 'load' 'w1_3_load' <Predicate = (!icmp_ln133)> <Delay = 1.02> <CoreInst = "RAM">   --->   Core 83 'RAM' <Latency = 1> <II = 1> <Delay = 1.02> <Storage> <Opcode : 'load' 'store'> <Ports = 2> <Width = 32> <Depth = 20480> <RAM>
ST_1 : Operation 29 [1/1] (0.00ns)   --->   "%input_r_addr = getelementptr i32 %input_r, i64 0, i64 %zext_ln133" [src/moe.cpp:136]   --->   Operation 29 'getelementptr' 'input_r_addr' <Predicate = (!icmp_ln133)> <Delay = 0.00>
ST_1 : Operation 30 [2/2] (1.02ns)   --->   "%input_r_load = load i7 %input_r_addr" [src/moe.cpp:136]   --->   Operation 30 'load' 'input_r_load' <Predicate = (!icmp_ln133)> <Delay = 1.02> <CoreInst = "RAM">   --->   Core 83 'RAM' <Latency = 1> <II = 1> <Delay = 1.02> <Storage> <Opcode : 'load' 'store'> <Ports = 2> <Width = 32> <Depth = 128> <RAM>
ST_1 : Operation 31 [1/1] (0.36ns)   --->   "%store_ln133 = store i8 %add_ln133, i8 %j_1" [src/moe.cpp:133]   --->   Operation 31 'store' 'store_ln133' <Predicate = (!icmp_ln133)> <Delay = 0.36>

State 2 <SV = 1> <Delay = 4.90>
ST_2 : Operation 32 [1/2] (1.02ns)   --->   "%w1_3_load = load i15 %w1_3_addr" [src/moe.cpp:136]   --->   Operation 32 'load' 'w1_3_load' <Predicate = true> <Delay = 1.02> <CoreInst = "RAM">   --->   Core 83 'RAM' <Latency = 1> <II = 1> <Delay = 1.02> <Storage> <Opcode : 'load' 'store'> <Ports = 2> <Width = 32> <Depth = 20480> <RAM>
ST_2 : Operation 33 [1/1] (0.00ns)   --->   "%bitcast_ln136 = bitcast i32 %w1_3_load" [src/moe.cpp:136]   --->   Operation 33 'bitcast' 'bitcast_ln136' <Predicate = true> <Delay = 0.00>
ST_2 : Operation 34 [1/2] (1.02ns)   --->   "%input_r_load = load i7 %input_r_addr" [src/moe.cpp:136]   --->   Operation 34 'load' 'input_r_load' <Predicate = true> <Delay = 1.02> <CoreInst = "RAM">   --->   Core 83 'RAM' <Latency = 1> <II = 1> <Delay = 1.02> <Storage> <Opcode : 'load' 'store'> <Ports = 2> <Width = 32> <Depth = 128> <RAM>
ST_2 : Operation 35 [1/1] (0.00ns)   --->   "%bitcast_ln136_1 = bitcast i32 %input_r_load" [src/moe.cpp:136]   --->   Operation 35 'bitcast' 'bitcast_ln136_1' <Predicate = true> <Delay = 0.00>
ST_2 : Operation 36 [2/2] (3.88ns)   --->   "%mul5 = fmul i32 %bitcast_ln136, i32 %bitcast_ln136_1" [src/moe.cpp:136]   --->   Operation 36 'fmul' 'mul5' <Predicate = true> <Delay = 3.88> <CoreInst = "FMul_maxdsp">   --->   Core 30 'FMul_maxdsp' <Latency = 1> <II = 1> <Delay = 3.88> <FuncUnit> <Opcode : 'fmul'> <InPorts = 2> <OutPorts = 1>

State 3 <SV = 2> <Delay = 3.88>
ST_3 : Operation 37 [1/2] (3.88ns)   --->   "%mul5 = fmul i32 %bitcast_ln136, i32 %bitcast_ln136_1" [src/moe.cpp:136]   --->   Operation 37 'fmul' 'mul5' <Predicate = true> <Delay = 3.88> <CoreInst = "FMul_maxdsp">   --->   Core 30 'FMul_maxdsp' <Latency = 1> <II = 1> <Delay = 3.88> <FuncUnit> <Opcode : 'fmul'> <InPorts = 2> <OutPorts = 1>

State 4 <SV = 3> <Delay = 6.04>
ST_4 : Operation 38 [1/1] (0.00ns)   --->   "%sum_12_load = load i32 %sum_12" [src/moe.cpp:136]   --->   Operation 38 'load' 'sum_12_load' <Predicate = true> <Delay = 0.00>
ST_4 : Operation 39 [2/2] (6.04ns)   --->   "%sum = fadd i32 %sum_12_load, i32 %mul5" [src/moe.cpp:136]   --->   Operation 39 'fadd' 'sum' <Predicate = true> <Delay = 6.04> <CoreInst = "FAddSub_fulldsp">   --->   Core 18 'FAddSub_fulldsp' <Latency = 1> <II = 1> <Delay = 6.04> <FuncUnit> <Opcode : 'fadd' 'fsub'> <InPorts = 2> <OutPorts = 1>
ST_4 : Operation 46 [1/1] (0.00ns)   --->   "%sum_12_load_1 = load i32 %sum_12"   --->   Operation 46 'load' 'sum_12_load_1' <Predicate = (icmp_ln133)> <Delay = 0.00>
ST_4 : Operation 47 [1/1] (0.00ns)   --->   "%write_ln0 = write void @_ssdm_op_Write.ap_auto.floatP0A, i32 %sum_12_out, i32 %sum_12_load_1"   --->   Operation 47 'write' 'write_ln0' <Predicate = (icmp_ln133)> <Delay = 0.00>
ST_4 : Operation 48 [1/1] (0.00ns)   --->   "%ret_ln0 = ret"   --->   Operation 48 'ret' 'ret_ln0' <Predicate = (icmp_ln133)> <Delay = 0.00>

State 5 <SV = 4> <Delay = 6.40>
ST_5 : Operation 40 [1/1] (0.00ns)   --->   "%specpipeline_ln135 = specpipeline void @_ssdm_op_SpecPipeline, i32 1, i32 0, i32 0, i32 0, void @empty_3" [src/moe.cpp:135]   --->   Operation 40 'specpipeline' 'specpipeline_ln135' <Predicate = true> <Delay = 0.00>
ST_5 : Operation 41 [1/1] (0.00ns)   --->   "%speclooptripcount_ln131 = speclooptripcount void @_ssdm_op_SpecLoopTripCount, i64 128, i64 128, i64 128" [src/moe.cpp:131]   --->   Operation 41 'speclooptripcount' 'speclooptripcount_ln131' <Predicate = true> <Delay = 0.00>
ST_5 : Operation 42 [1/1] (0.00ns)   --->   "%specloopname_ln133 = specloopname void @_ssdm_op_SpecLoopName, void @empty_0" [src/moe.cpp:133]   --->   Operation 42 'specloopname' 'specloopname_ln133' <Predicate = true> <Delay = 0.00>
ST_5 : Operation 43 [1/2] (6.04ns)   --->   "%sum = fadd i32 %sum_12_load, i32 %mul5" [src/moe.cpp:136]   --->   Operation 43 'fadd' 'sum' <Predicate = true> <Delay = 6.04> <CoreInst = "FAddSub_fulldsp">   --->   Core 18 'FAddSub_fulldsp' <Latency = 1> <II = 1> <Delay = 6.04> <FuncUnit> <Opcode : 'fadd' 'fsub'> <InPorts = 2> <OutPorts = 1>
ST_5 : Operation 44 [1/1] (0.36ns)   --->   "%store_ln131 = store i32 %sum, i32 %sum_12" [src/moe.cpp:131]   --->   Operation 44 'store' 'store_ln131' <Predicate = true> <Delay = 0.36>
ST_5 : Operation 45 [1/1] (0.00ns)   --->   "%br_ln133 = br void %for.inc151" [src/moe.cpp:133]   --->   Operation 45 'br' 'br_ln133' <Predicate = true> <Delay = 0.00>


============================================================
+ Verbose Summary: Binding
============================================================
STG Binding: 
---------------- STG Properties BEGIN ----------------
- Is combinational: 0
- Is one-state seq: 0
- Is datapath-only: 0
- Is pipelined: 0
- Is top level: 0
Port [ Return ] is wired: 1; IO mode=ap_ctrl_hs:ce=0
Port [ sum_7]:  wired=1; compound=0; hidden=0; nouse=0; global=0; static=0; extern=0; dir=0; type=0; pingpong=0; private_global=0; IO mode=ap_none:ce=0
Port [ empty]:  wired=1; compound=0; hidden=0; nouse=0; global=0; static=0; extern=0; dir=0; type=0; pingpong=0; private_global=0; IO mode=ap_none:ce=0
Port [ w1_3]:  wired=1; compound=1; hidden=0; nouse=0; global=0; static=0; extern=0; dir=0; type=1; pingpong=0; private_global=0; MemPort=[13]; IO mode=ap_memory:ce=0
Port [ input_r]:  wired=1; compound=1; hidden=0; nouse=0; global=0; static=0; extern=0; dir=0; type=1; pingpong=0; private_global=0; MemPort=[31]; IO mode=ap_memory:ce=0
Port [ sum_12_out]:  wired=1; compound=0; hidden=0; nouse=0; global=0; static=0; extern=0; dir=1; type=0; pingpong=0; private_global=0; IO mode=ap_vld:ce=0
---------------- STG Properties END ------------------

---------------- Datapath Model BEGIN ----------------

<LifeTime>
<method=bitvector/>
sum_12                  (alloca           ) [ 011111]
j_1                     (alloca           ) [ 010000]
specbindport_ln0        (specbindport     ) [ 000000]
specshared_ln0          (specshared       ) [ 000000]
specinterface_ln0       (specinterface    ) [ 000000]
specinterface_ln0       (specinterface    ) [ 000000]
tmp                     (read             ) [ 000000]
sum_7_read              (read             ) [ 000000]
store_ln133             (store            ) [ 000000]
store_ln131             (store            ) [ 000000]
br_ln0                  (br               ) [ 000000]
j                       (load             ) [ 000000]
icmp_ln133              (icmp             ) [ 011110]
add_ln133               (add              ) [ 000000]
br_ln133                (br               ) [ 000000]
zext_ln133              (zext             ) [ 000000]
zext_ln136              (zext             ) [ 000000]
add_ln136               (add              ) [ 000000]
zext_ln136_2            (zext             ) [ 000000]
w1_3_addr               (getelementptr    ) [ 011000]
input_r_addr            (getelementptr    ) [ 011000]
store_ln133             (store            ) [ 000000]
w1_3_load               (load             ) [ 000000]
bitcast_ln136           (bitcast          ) [ 010100]
input_r_load            (load             ) [ 000000]
bitcast_ln136_1         (bitcast          ) [ 010100]
mul5                    (fmul             ) [ 010011]
sum_12_load             (load             ) [ 010001]
specpipeline_ln135      (specpipeline     ) [ 000000]
speclooptripcount_ln131 (speclooptripcount) [ 000000]
specloopname_ln133      (specloopname     ) [ 000000]
sum                     (fadd             ) [ 000000]
store_ln131             (store            ) [ 000000]
br_ln133                (br               ) [ 000000]
sum_12_load_1           (load             ) [ 000000]
write_ln0               (write            ) [ 000000]
ret_ln0                 (ret              ) [ 000000]
</LifeTime>

<model>

<comp_list>
<comp id="0" class="1000" name="sum_7">
<pin_list>
<pin id="1" dir="1" index="0" bw="1" slack="0"/>
</pin_list>
<bind>
<StgValue><ssdm name="sum_7"/></StgValue>
</bind>
</comp>

<comp id="2" class="1000" name="empty">
<pin_list>
<pin id="3" dir="1" index="0" bw="1" slack="0"/>
</pin_list>
<bind>
<StgValue><ssdm name="empty"/></StgValue>
</bind>
</comp>

<comp id="4" class="1000" name="w1_3">
<pin_list>
<pin id="5" dir="1" index="0" bw="1" slack="0"/>
</pin_list>
<bind>
<StgValue><ssdm name="w1_3"/><MemPortTyVec>1 3 </MemPortTyVec>
</StgValue>
</bind>
</comp>

<comp id="6" class="1000" name="input_r">
<pin_list>
<pin id="7" dir="1" index="0" bw="1" slack="0"/>
</pin_list>
<bind>
<StgValue><ssdm name="input_r"/><MemPortTyVec>3 1 </MemPortTyVec>
</StgValue>
</bind>
</comp>

<comp id="8" class="1000" name="sum_12_out">
<pin_list>
<pin id="9" dir="1" index="0" bw="1" slack="0"/>
</pin_list>
<bind>
<StgValue><ssdm name="sum_12_out"/></StgValue>
</bind>
</comp>

<comp id="10" class="1001" name="const_10">
<pin_list>
<pin id="11" dir="1" index="0" bw="1" slack="0"/>
</pin_list>
<bind>
<StgValue><ssdm name=""/></StgValue>
</bind>
</comp>

<comp id="12" class="1001" name="const_12">
<pin_list>
<pin id="13" dir="1" index="0" bw="1" slack="2147483647"/>
</pin_list>
<bind>
<StgValue><ssdm name="_ssdm_op_SpecBindPort"/></StgValue>
</bind>
</comp>

<comp id="14" class="1001" name="const_14">
<pin_list>
<pin id="15" dir="1" index="0" bw="1" slack="2147483647"/>
</pin_list>
<bind>
<StgValue><ssdm name="p_str"/></StgValue>
</bind>
</comp>

<comp id="16" class="1001" name="const_16">
<pin_list>
<pin id="17" dir="1" index="0" bw="1" slack="2147483647"/>
</pin_list>
<bind>
<StgValue><ssdm name="_ssdm_op_SpecShared"/></StgValue>
</bind>
</comp>

<comp id="18" class="1001" name="const_18">
<pin_list>
<pin id="19" dir="1" index="0" bw="1" slack="2147483647"/>
</pin_list>
<bind>
<StgValue><ssdm name="_ssdm_op_SpecInterface"/></StgValue>
</bind>
</comp>

<comp id="20" class="1001" name="const_20">
<pin_list>
<pin id="21" dir="1" index="0" bw="1" slack="2147483647"/>
</pin_list>
<bind>
<StgValue><ssdm name="empty_2"/></StgValue>
</bind>
</comp>

<comp id="22" class="1001" name="const_22">
<pin_list>
<pin id="23" dir="1" index="0" bw="1" slack="2147483647"/>
</pin_list>
<bind>
<StgValue><ssdm name=""/></StgValue>
</bind>
</comp>

<comp id="24" class="1001" name="const_24">
<pin_list>
<pin id="25" dir="1" index="0" bw="1" slack="2147483647"/>
</pin_list>
<bind>
<StgValue><ssdm name="empty_3"/></StgValue>
</bind>
</comp>

<comp id="26" class="1001" name="const_26">
<pin_list>
<pin id="27" dir="1" index="0" bw="1" slack="2147483647"/>
</pin_list>
<bind>
<StgValue><ssdm name=""/></StgValue>
</bind>
</comp>

<comp id="28" class="1001" name="const_28">
<pin_list>
<pin id="29" dir="1" index="0" bw="1" slack="0"/>
</pin_list>
<bind>
<StgValue><ssdm name="_ssdm_op_Read.ap_auto.i15"/></StgValue>
</bind>
</comp>

<comp id="30" class="1001" name="const_30">
<pin_list>
<pin id="31" dir="1" index="0" bw="1" slack="0"/>
</pin_list>
<bind>
<StgValue><ssdm name="_ssdm_op_Read.ap_auto.float"/></StgValue>
</bind>
</comp>

<comp id="32" class="1001" name="const_32">
<pin_list>
<pin id="33" dir="1" index="0" bw="1" slack="0"/>
</pin_list>
<bind>
<StgValue><ssdm name=""/></StgValue>
</bind>
</comp>

<comp id="34" class="1001" name="const_34">
<pin_list>
<pin id="35" dir="1" index="0" bw="1" slack="0"/>
</pin_list>
<bind>
<StgValue><ssdm name=""/></StgValue>
</bind>
</comp>

<comp id="36" class="1001" name="const_36">
<pin_list>
<pin id="37" dir="1" index="0" bw="1" slack="0"/>
</pin_list>
<bind>
<StgValue><ssdm name=""/></StgValue>
</bind>
</comp>

<comp id="38" class="1001" name="const_38">
<pin_list>
<pin id="39" dir="1" index="0" bw="1" slack="0"/>
</pin_list>
<bind>
<StgValue><ssdm name=""/></StgValue>
</bind>
</comp>

<comp id="40" class="1001" name="const_40">
<pin_list>
<pin id="41" dir="1" index="0" bw="1" slack="2147483647"/>
</pin_list>
<bind>
<StgValue><ssdm name="_ssdm_op_SpecPipeline"/></StgValue>
</bind>
</comp>

<comp id="42" class="1001" name="const_42">
<pin_list>
<pin id="43" dir="1" index="0" bw="1" slack="2147483647"/>
</pin_list>
<bind>
<StgValue><ssdm name="_ssdm_op_SpecLoopTripCount"/></StgValue>
</bind>
</comp>

<comp id="44" class="1001" name="const_44">
<pin_list>
<pin id="45" dir="1" index="0" bw="1" slack="2147483647"/>
</pin_list>
<bind>
<StgValue><ssdm name=""/></StgValue>
</bind>
</comp>

<comp id="46" class="1001" name="const_46">
<pin_list>
<pin id="47" dir="1" index="0" bw="1" slack="2147483647"/>
</pin_list>
<bind>
<StgValue><ssdm name="_ssdm_op_SpecLoopName"/></StgValue>
</bind>
</comp>

<comp id="48" class="1001" name="const_48">
<pin_list>
<pin id="49" dir="1" index="0" bw="1" slack="2147483647"/>
</pin_list>
<bind>
<StgValue><ssdm name="empty_0"/></StgValue>
</bind>
</comp>

<comp id="50" class="1001" name="const_50">
<pin_list>
<pin id="51" dir="1" index="0" bw="1" slack="0"/>
</pin_list>
<bind>
<StgValue><ssdm name="_ssdm_op_Write.ap_auto.floatP0A"/></StgValue>
</bind>
</comp>

<comp id="52" class="1004" name="sum_12_fu_52">
<pin_list>
<pin id="53" dir="0" index="0" bw="1" slack="0"/>
<pin id="54" dir="1" index="1" bw="32" slack="0"/>
</pin_list>
<bind>
<opcode="alloca(26) " fcode="alloca"/>
<opset="sum_12/1 "/>
</bind>
</comp>

<comp id="56" class="1004" name="j_1_fu_56">
<pin_list>
<pin id="57" dir="0" index="0" bw="1" slack="0"/>
<pin id="58" dir="1" index="1" bw="8" slack="0"/>
</pin_list>
<bind>
<opcode="alloca(26) " fcode="alloca"/>
<opset="j_1/1 "/>
</bind>
</comp>

<comp id="60" class="1004" name="tmp_read_fu_60">
<pin_list>
<pin id="61" dir="0" index="0" bw="15" slack="0"/>
<pin id="62" dir="0" index="1" bw="15" slack="0"/>
<pin id="63" dir="1" index="2" bw="15" slack="0"/>
</pin_list>
<bind>
<opcode="read(1150) " fcode="read"/>
<opset="tmp/1 "/>
</bind>
</comp>

<comp id="66" class="1004" name="sum_7_read_read_fu_66">
<pin_list>
<pin id="67" dir="0" index="0" bw="32" slack="0"/>
<pin id="68" dir="0" index="1" bw="32" slack="0"/>
<pin id="69" dir="1" index="2" bw="32" slack="0"/>
</pin_list>
<bind>
<opcode="read(1150) " fcode="read"/>
<opset="sum_7_read/1 "/>
</bind>
</comp>

<comp id="72" class="1004" name="write_ln0_write_fu_72">
<pin_list>
<pin id="73" dir="0" index="0" bw="0" slack="0"/>
<pin id="74" dir="0" index="1" bw="32" slack="0"/>
<pin id="75" dir="0" index="2" bw="32" slack="0"/>
<pin id="76" dir="1" index="3" bw="0" slack="2147483647"/>
</pin_list>
<bind>
<opcode="write(1151) " fcode="write"/>
<opset="write_ln0/4 "/>
</bind>
</comp>

<comp id="79" class="1004" name="w1_3_addr_gep_fu_79">
<pin_list>
<pin id="80" dir="0" index="0" bw="32" slack="0"/>
<pin id="81" dir="0" index="1" bw="1" slack="0"/>
<pin id="82" dir="0" index="2" bw="15" slack="0"/>
<pin id="83" dir="1" index="3" bw="15" slack="0"/>
</pin_list>
<bind>
<opcode="getelementptr(29) " fcode="getelementptr"/>
<opset="w1_3_addr/1 "/>
</bind>
</comp>

<comp id="86" class="1004" name="grp_access_fu_86">
<pin_list>
<pin id="87" dir="0" index="0" bw="15" slack="0"/>
<pin id="88" dir="0" index="1" bw="32" slack="2147483647"/>
<pin id="89" dir="0" index="2" bw="0" slack="2147483647"/>
<pin id="90" dir="1" index="3" bw="32" slack="0"/>
</pin_list>
<bind>
<opcode="load(27) " fcode="load"/>
<opset="w1_3_load/1 "/>
</bind>
</comp>

<comp id="92" class="1004" name="input_r_addr_gep_fu_92">
<pin_list>
<pin id="93" dir="0" index="0" bw="32" slack="0"/>
<pin id="94" dir="0" index="1" bw="1" slack="0"/>
<pin id="95" dir="0" index="2" bw="8" slack="0"/>
<pin id="96" dir="1" index="3" bw="7" slack="0"/>
</pin_list>
<bind>
<opcode="getelementptr(29) " fcode="getelementptr"/>
<opset="input_r_addr/1 "/>
</bind>
</comp>

<comp id="99" class="1004" name="grp_access_fu_99">
<pin_list>
<pin id="100" dir="0" index="0" bw="7" slack="2147483647"/>
<pin id="101" dir="0" index="1" bw="32" slack="2147483647"/>
<pin id="102" dir="0" index="2" bw="0" slack="0"/>
<pin id="104" dir="0" index="4" bw="7" slack="2147483647"/>
<pin id="105" dir="0" index="5" bw="32" slack="2147483647"/>
<pin id="106" dir="0" index="6" bw="0" slack="2147483647"/>
<pin id="103" dir="1" index="3" bw="32" slack="2147483647"/>
<pin id="107" dir="1" index="7" bw="32" slack="0"/>
</pin_list>
<bind>
<opcode="load(27) " fcode="load"/>
<opset="input_r_load/1 "/>
</bind>
</comp>

<comp id="109" class="1004" name="grp_fu_109">
<pin_list>
<pin id="110" dir="0" index="0" bw="32" slack="0"/>
<pin id="111" dir="0" index="1" bw="32" slack="1"/>
<pin id="112" dir="1" index="2" bw="32" slack="0"/>
</pin_list>
<bind>
<opcode="fadd(9) " fcode="fadd"/>
<opset="sum/4 "/>
</bind>
</comp>

<comp id="113" class="1004" name="grp_fu_113">
<pin_list>
<pin id="114" dir="0" index="0" bw="32" slack="0"/>
<pin id="115" dir="0" index="1" bw="32" slack="0"/>
<pin id="116" dir="1" index="2" bw="32" slack="1"/>
</pin_list>
<bind>
<opcode="fmul(13) " fcode="fmul"/>
<opset="mul5/2 "/>
</bind>
</comp>

<comp id="117" class="1004" name="store_ln133_store_fu_117">
<pin_list>
<pin id="118" dir="0" index="0" bw="1" slack="0"/>
<pin id="119" dir="0" index="1" bw="8" slack="0"/>
<pin id="120" dir="1" index="2" bw="0" slack="2147483647"/>
</pin_list>
<bind>
<opcode="store(28) " fcode="store"/>
<opset="store_ln133/1 "/>
</bind>
</comp>

<comp id="122" class="1004" name="store_ln131_store_fu_122">
<pin_list>
<pin id="123" dir="0" index="0" bw="32" slack="0"/>
<pin id="124" dir="0" index="1" bw="32" slack="0"/>
<pin id="125" dir="1" index="2" bw="0" slack="2147483647"/>
</pin_list>
<bind>
<opcode="store(28) " fcode="store"/>
<opset="store_ln131/1 "/>
</bind>
</comp>

<comp id="127" class="1004" name="j_load_fu_127">
<pin_list>
<pin id="128" dir="0" index="0" bw="8" slack="0"/>
<pin id="129" dir="1" index="1" bw="8" slack="0"/>
</pin_list>
<bind>
<opcode="load(27) " fcode="load"/>
<opset="j/1 "/>
</bind>
</comp>

<comp id="130" class="1004" name="icmp_ln133_fu_130">
<pin_list>
<pin id="131" dir="0" index="0" bw="8" slack="0"/>
<pin id="132" dir="0" index="1" bw="8" slack="0"/>
<pin id="133" dir="1" index="2" bw="1" slack="3"/>
</pin_list>
<bind>
<opcode="icmp(45) " fcode="icmp"/>
<opset="icmp_ln133/1 "/>
</bind>
</comp>

<comp id="136" class="1004" name="add_ln133_fu_136">
<pin_list>
<pin id="137" dir="0" index="0" bw="8" slack="0"/>
<pin id="138" dir="0" index="1" bw="1" slack="0"/>
<pin id="139" dir="1" index="2" bw="8" slack="0"/>
</pin_list>
<bind>
<opcode="add(8) " fcode="add"/>
<opset="add_ln133/1 "/>
</bind>
</comp>

<comp id="142" class="1004" name="zext_ln133_fu_142">
<pin_list>
<pin id="143" dir="0" index="0" bw="8" slack="0"/>
<pin id="144" dir="1" index="1" bw="64" slack="0"/>
</pin_list>
<bind>
<opcode="zext(34) " fcode="zext"/>
<opset="zext_ln133/1 "/>
</bind>
</comp>

<comp id="147" class="1004" name="zext_ln136_fu_147">
<pin_list>
<pin id="148" dir="0" index="0" bw="8" slack="0"/>
<pin id="149" dir="1" index="1" bw="15" slack="0"/>
</pin_list>
<bind>
<opcode="zext(34) " fcode="zext"/>
<opset="zext_ln136/1 "/>
</bind>
</comp>

<comp id="151" class="1004" name="add_ln136_fu_151">
<pin_list>
<pin id="152" dir="0" index="0" bw="15" slack="0"/>
<pin id="153" dir="0" index="1" bw="8" slack="0"/>
<pin id="154" dir="1" index="2" bw="15" slack="0"/>
</pin_list>
<bind>
<opcode="add(8) " fcode="add"/>
<opset="add_ln136/1 "/>
</bind>
</comp>

<comp id="157" class="1004" name="zext_ln136_2_fu_157">
<pin_list>
<pin id="158" dir="0" index="0" bw="15" slack="0"/>
<pin id="159" dir="1" index="1" bw="64" slack="0"/>
</pin_list>
<bind>
<opcode="zext(34) " fcode="zext"/>
<opset="zext_ln136_2/1 "/>
</bind>
</comp>

<comp id="162" class="1004" name="store_ln133_store_fu_162">
<pin_list>
<pin id="163" dir="0" index="0" bw="8" slack="0"/>
<pin id="164" dir="0" index="1" bw="8" slack="0"/>
<pin id="165" dir="1" index="2" bw="0" slack="2147483647"/>
</pin_list>
<bind>
<opcode="store(28) " fcode="store"/>
<opset="store_ln133/1 "/>
</bind>
</comp>

<comp id="167" class="1004" name="bitcast_ln136_fu_167">
<pin_list>
<pin id="168" dir="0" index="0" bw="32" slack="0"/>
<pin id="169" dir="1" index="1" bw="32" slack="0"/>
</pin_list>
<bind>
<opcode="bitcast(44) " fcode="bitcast"/>
<opset="bitcast_ln136/2 "/>
</bind>
</comp>

<comp id="172" class="1004" name="bitcast_ln136_1_fu_172">
<pin_list>
<pin id="173" dir="0" index="0" bw="32" slack="0"/>
<pin id="174" dir="1" index="1" bw="32" slack="0"/>
</pin_list>
<bind>
<opcode="bitcast(44) " fcode="bitcast"/>
<opset="bitcast_ln136_1/2 "/>
</bind>
</comp>

<comp id="177" class="1004" name="sum_12_load_load_fu_177">
<pin_list>
<pin id="178" dir="0" index="0" bw="32" slack="3"/>
<pin id="179" dir="1" index="1" bw="32" slack="0"/>
</pin_list>
<bind>
<opcode="load(27) " fcode="load"/>
<opset="sum_12_load/4 "/>
</bind>
</comp>

<comp id="181" class="1004" name="store_ln131_store_fu_181">
<pin_list>
<pin id="182" dir="0" index="0" bw="32" slack="0"/>
<pin id="183" dir="0" index="1" bw="32" slack="4"/>
<pin id="184" dir="1" index="2" bw="0" slack="2147483647"/>
</pin_list>
<bind>
<opcode="store(28) " fcode="store"/>
<opset="store_ln131/5 "/>
</bind>
</comp>

<comp id="186" class="1004" name="sum_12_load_1_load_fu_186">
<pin_list>
<pin id="187" dir="0" index="0" bw="32" slack="3"/>
<pin id="188" dir="1" index="1" bw="32" slack="0"/>
</pin_list>
<bind>
<opcode="load(27) " fcode="load"/>
<opset="sum_12_load_1/4 "/>
</bind>
</comp>

<comp id="190" class="1005" name="sum_12_reg_190">
<pin_list>
<pin id="191" dir="0" index="0" bw="32" slack="0"/>
<pin id="192" dir="1" index="1" bw="32" slack="0"/>
</pin_list>
<bind>
<opset="sum_12 "/>
</bind>
</comp>

<comp id="198" class="1005" name="j_1_reg_198">
<pin_list>
<pin id="199" dir="0" index="0" bw="8" slack="0"/>
<pin id="200" dir="1" index="1" bw="8" slack="0"/>
</pin_list>
<bind>
<opset="j_1 "/>
</bind>
</comp>

<comp id="205" class="1005" name="icmp_ln133_reg_205">
<pin_list>
<pin id="206" dir="0" index="0" bw="1" slack="3"/>
<pin id="207" dir="1" index="1" bw="1" slack="2147483647"/>
</pin_list>
<bind>
<opset="icmp_ln133 "/>
</bind>
</comp>

<comp id="209" class="1005" name="w1_3_addr_reg_209">
<pin_list>
<pin id="210" dir="0" index="0" bw="15" slack="1"/>
<pin id="211" dir="1" index="1" bw="15" slack="1"/>
</pin_list>
<bind>
<opset="w1_3_addr "/>
</bind>
</comp>

<comp id="214" class="1005" name="input_r_addr_reg_214">
<pin_list>
<pin id="215" dir="0" index="0" bw="7" slack="1"/>
<pin id="216" dir="1" index="1" bw="7" slack="1"/>
</pin_list>
<bind>
<opset="input_r_addr "/>
</bind>
</comp>

<comp id="219" class="1005" name="bitcast_ln136_reg_219">
<pin_list>
<pin id="220" dir="0" index="0" bw="32" slack="1"/>
<pin id="221" dir="1" index="1" bw="32" slack="1"/>
</pin_list>
<bind>
<opset="bitcast_ln136 "/>
</bind>
</comp>

<comp id="224" class="1005" name="bitcast_ln136_1_reg_224">
<pin_list>
<pin id="225" dir="0" index="0" bw="32" slack="1"/>
<pin id="226" dir="1" index="1" bw="32" slack="1"/>
</pin_list>
<bind>
<opset="bitcast_ln136_1 "/>
</bind>
</comp>

<comp id="229" class="1005" name="mul5_reg_229">
<pin_list>
<pin id="230" dir="0" index="0" bw="32" slack="1"/>
<pin id="231" dir="1" index="1" bw="32" slack="1"/>
</pin_list>
<bind>
<opset="mul5 "/>
</bind>
</comp>

<comp id="234" class="1005" name="sum_12_load_reg_234">
<pin_list>
<pin id="235" dir="0" index="0" bw="32" slack="1"/>
<pin id="236" dir="1" index="1" bw="32" slack="1"/>
</pin_list>
<bind>
<opset="sum_12_load "/>
</bind>
</comp>

</comp_list>

<net_list>
<net id="55"><net_src comp="10" pin="0"/><net_sink comp="52" pin=0"/></net>

<net id="59"><net_src comp="10" pin="0"/><net_sink comp="56" pin=0"/></net>

<net id="64"><net_src comp="28" pin="0"/><net_sink comp="60" pin=0"/></net>

<net id="65"><net_src comp="2" pin="0"/><net_sink comp="60" pin=1"/></net>

<net id="70"><net_src comp="30" pin="0"/><net_sink comp="66" pin=0"/></net>

<net id="71"><net_src comp="0" pin="0"/><net_sink comp="66" pin=1"/></net>

<net id="77"><net_src comp="50" pin="0"/><net_sink comp="72" pin=0"/></net>

<net id="78"><net_src comp="8" pin="0"/><net_sink comp="72" pin=1"/></net>

<net id="84"><net_src comp="4" pin="0"/><net_sink comp="79" pin=0"/></net>

<net id="85"><net_src comp="38" pin="0"/><net_sink comp="79" pin=1"/></net>

<net id="91"><net_src comp="79" pin="3"/><net_sink comp="86" pin=0"/></net>

<net id="97"><net_src comp="6" pin="0"/><net_sink comp="92" pin=0"/></net>

<net id="98"><net_src comp="38" pin="0"/><net_sink comp="92" pin=1"/></net>

<net id="108"><net_src comp="92" pin="3"/><net_sink comp="99" pin=2"/></net>

<net id="121"><net_src comp="32" pin="0"/><net_sink comp="117" pin=0"/></net>

<net id="126"><net_src comp="66" pin="2"/><net_sink comp="122" pin=0"/></net>

<net id="134"><net_src comp="127" pin="1"/><net_sink comp="130" pin=0"/></net>

<net id="135"><net_src comp="34" pin="0"/><net_sink comp="130" pin=1"/></net>

<net id="140"><net_src comp="127" pin="1"/><net_sink comp="136" pin=0"/></net>

<net id="141"><net_src comp="36" pin="0"/><net_sink comp="136" pin=1"/></net>

<net id="145"><net_src comp="127" pin="1"/><net_sink comp="142" pin=0"/></net>

<net id="146"><net_src comp="142" pin="1"/><net_sink comp="92" pin=2"/></net>

<net id="150"><net_src comp="127" pin="1"/><net_sink comp="147" pin=0"/></net>

<net id="155"><net_src comp="60" pin="2"/><net_sink comp="151" pin=0"/></net>

<net id="156"><net_src comp="147" pin="1"/><net_sink comp="151" pin=1"/></net>

<net id="160"><net_src comp="151" pin="2"/><net_sink comp="157" pin=0"/></net>

<net id="161"><net_src comp="157" pin="1"/><net_sink comp="79" pin=2"/></net>

<net id="166"><net_src comp="136" pin="2"/><net_sink comp="162" pin=0"/></net>

<net id="170"><net_src comp="86" pin="3"/><net_sink comp="167" pin=0"/></net>

<net id="171"><net_src comp="167" pin="1"/><net_sink comp="113" pin=0"/></net>

<net id="175"><net_src comp="99" pin="7"/><net_sink comp="172" pin=0"/></net>

<net id="176"><net_src comp="172" pin="1"/><net_sink comp="113" pin=1"/></net>

<net id="180"><net_src comp="177" pin="1"/><net_sink comp="109" pin=0"/></net>

<net id="185"><net_src comp="109" pin="2"/><net_sink comp="181" pin=0"/></net>

<net id="189"><net_src comp="186" pin="1"/><net_sink comp="72" pin=2"/></net>

<net id="193"><net_src comp="52" pin="1"/><net_sink comp="190" pin=0"/></net>

<net id="194"><net_src comp="190" pin="1"/><net_sink comp="122" pin=1"/></net>

<net id="195"><net_src comp="190" pin="1"/><net_sink comp="177" pin=0"/></net>

<net id="196"><net_src comp="190" pin="1"/><net_sink comp="181" pin=1"/></net>

<net id="197"><net_src comp="190" pin="1"/><net_sink comp="186" pin=0"/></net>

<net id="201"><net_src comp="56" pin="1"/><net_sink comp="198" pin=0"/></net>

<net id="202"><net_src comp="198" pin="1"/><net_sink comp="117" pin=1"/></net>

<net id="203"><net_src comp="198" pin="1"/><net_sink comp="127" pin=0"/></net>

<net id="204"><net_src comp="198" pin="1"/><net_sink comp="162" pin=1"/></net>

<net id="208"><net_src comp="130" pin="2"/><net_sink comp="205" pin=0"/></net>

<net id="212"><net_src comp="79" pin="3"/><net_sink comp="209" pin=0"/></net>

<net id="213"><net_src comp="209" pin="1"/><net_sink comp="86" pin=0"/></net>

<net id="217"><net_src comp="92" pin="3"/><net_sink comp="214" pin=0"/></net>

<net id="218"><net_src comp="214" pin="1"/><net_sink comp="99" pin=2"/></net>

<net id="222"><net_src comp="167" pin="1"/><net_sink comp="219" pin=0"/></net>

<net id="223"><net_src comp="219" pin="1"/><net_sink comp="113" pin=0"/></net>

<net id="227"><net_src comp="172" pin="1"/><net_sink comp="224" pin=0"/></net>

<net id="228"><net_src comp="224" pin="1"/><net_sink comp="113" pin=1"/></net>

<net id="232"><net_src comp="113" pin="2"/><net_sink comp="229" pin=0"/></net>

<net id="233"><net_src comp="229" pin="1"/><net_sink comp="109" pin=1"/></net>

<net id="237"><net_src comp="177" pin="1"/><net_sink comp="234" pin=0"/></net>

<net id="238"><net_src comp="234" pin="1"/><net_sink comp="109" pin=0"/></net>

</net_list>

</model> 
---------------- Datapath Model END ------------------

* FSMD analyzer results:
  - Output states:
	Port: w1_3 | {}
	Port: input_r | {}
	Port: sum_12_out | {4 }
 - Input state : 
	Port: expert_engine.1_Pipeline_VITIS_LOOP_133_11 : sum_7 | {1 }
	Port: expert_engine.1_Pipeline_VITIS_LOOP_133_11 : empty | {1 }
	Port: expert_engine.1_Pipeline_VITIS_LOOP_133_11 : w1_3 | {1 2 }
	Port: expert_engine.1_Pipeline_VITIS_LOOP_133_11 : input_r | {1 2 }
  - Chain level:
	State 1
		store_ln133 : 1
		j : 1
		icmp_ln133 : 2
		add_ln133 : 2
		br_ln133 : 3
		zext_ln133 : 2
		zext_ln136 : 2
		add_ln136 : 3
		zext_ln136_2 : 4
		w1_3_addr : 5
		w1_3_load : 6
		input_r_addr : 3
		input_r_load : 4
		store_ln133 : 3
	State 2
		bitcast_ln136 : 1
		bitcast_ln136_1 : 1
		mul5 : 2
	State 3
	State 4
		sum : 1
		write_ln0 : 1
	State 5
		store_ln131 : 1


============================================================
+ Verbose Summary: Datapath Resource usage 
============================================================

* Functional unit list:
|----------|-----------------------|---------|---------|---------|
| Operation|    Functional Unit    |   DSP   |    FF   |   LUT   |
|----------|-----------------------|---------|---------|---------|
|   fadd   |       grp_fu_109      |    2    |   177   |   233   |
|----------|-----------------------|---------|---------|---------|
|   fmul   |       grp_fu_113      |    3    |   128   |    78   |
|----------|-----------------------|---------|---------|---------|
|    add   |    add_ln133_fu_136   |    0    |    0    |    15   |
|          |    add_ln136_fu_151   |    0    |    0    |    22   |
|----------|-----------------------|---------|---------|---------|
|   icmp   |   icmp_ln133_fu_130   |    0    |    0    |    15   |
|----------|-----------------------|---------|---------|---------|
|   read   |     tmp_read_fu_60    |    0    |    0    |    0    |
|          | sum_7_read_read_fu_66 |    0    |    0    |    0    |
|----------|-----------------------|---------|---------|---------|
|   write  | write_ln0_write_fu_72 |    0    |    0    |    0    |
|----------|-----------------------|---------|---------|---------|
|          |   zext_ln133_fu_142   |    0    |    0    |    0    |
|   zext   |   zext_ln136_fu_147   |    0    |    0    |    0    |
|          |  zext_ln136_2_fu_157  |    0    |    0    |    0    |
|----------|-----------------------|---------|---------|---------|
|   Total  |                       |    5    |   305   |   363   |
|----------|-----------------------|---------|---------|---------|

Memories:
N/A

* Register list:
+-----------------------+--------+
|                       |   FF   |
+-----------------------+--------+
|bitcast_ln136_1_reg_224|   32   |
| bitcast_ln136_reg_219 |   32   |
|   icmp_ln133_reg_205  |    1   |
|  input_r_addr_reg_214 |    7   |
|      j_1_reg_198      |    8   |
|      mul5_reg_229     |   32   |
|  sum_12_load_reg_234  |   32   |
|     sum_12_reg_190    |   32   |
|   w1_3_addr_reg_209   |   15   |
+-----------------------+--------+
|         Total         |   191  |
+-----------------------+--------+

* Multiplexer (MUX) list: 
|------------------|------|------|------|--------||---------||---------|
|       Comp       |  Pin | Size |  BW  | S x BW ||  Delay  ||   LUT   |
|------------------|------|------|------|--------||---------||---------|
| grp_access_fu_86 |  p0  |   2  |  15  |   30   ||    9    |
| grp_access_fu_99 |  p2  |   2  |   0  |    0   ||    9    |
|    grp_fu_109    |  p0  |   2  |  32  |   64   ||    9    |
|    grp_fu_113    |  p0  |   2  |  32  |   64   ||    9    |
|    grp_fu_113    |  p1  |   2  |  32  |   64   ||    9    |
|------------------|------|------|------|--------||---------||---------|
|       Total      |      |      |      |   222  ||   1.81  ||    45   |
|------------------|------|------|------|--------||---------||---------|



* Summary:
+-----------+--------+--------+--------+--------+
|           |   DSP  |  Delay |   FF   |   LUT  |
+-----------+--------+--------+--------+--------+
|  Function |    5   |    -   |   305  |   363  |
|   Memory  |    -   |    -   |    -   |    -   |
|Multiplexer|    -   |    1   |    -   |   45   |
|  Register |    -   |    -   |   191  |    -   |
+-----------+--------+--------+--------+--------+
|   Total   |    5   |    1   |   496  |   408  |
+-----------+--------+--------+--------+--------+
