

================================================================
== Vitis HLS Report for 'graph_moe'
================================================================
* Date:           Sat Sep 12 20:19:18 2026

* Version:        2023.2 (Build 4023990 on Oct 11 2023)
* Project:        HLS_GraphMoE_Run6
* Solution:       solution1 (Vivado IP Flow Target)
* Product family: virtexuplus
* Target device:  xcvu13p_CIV-figd2104-3-e


================================================================
== Performance Estimates
================================================================
+ Timing: 
    * Summary: 
    +--------+----------+----------+------------+
    |  Clock |  Target  | Estimated| Uncertainty|
    +--------+----------+----------+------------+
    |ap_clk  |  10.00 ns|  7.285 ns|     2.70 ns|
    +--------+----------+----------+------------+

+ Latency: 
    * Summary: 
    +---------+---------+----------+----------+-------+-------+---------+
    |  Latency (cycles) |  Latency (absolute) |    Interval   | Pipeline|
    |   min   |   max   |    min   |    max   |  min  |  max  |   Type  |
    +---------+---------+----------+----------+-------+-------+---------+
    |    55972|    55972|  0.560 ms|  0.560 ms|  55973|  55973|       no|
    +---------+---------+----------+----------+-------+-------+---------+

    + Detail: 
        * Instance: 
        +-----------------------------------------------------------------+------------------------------------------------------+---------+---------+-----------+-----------+-------+-------+----------+
        |                                                                 |                                                      |  Latency (cycles) |   Latency (absolute)  |    Interval   | Pipeline |
        |                             Instance                            |                        Module                        |   min   |   max   |    min    |    max    |  min  |  max  |   Type   |
        +-----------------------------------------------------------------+------------------------------------------------------+---------+---------+-----------+-----------+-------+-------+----------+
        |grp_graph_moe_Pipeline_VITIS_LOOP_408_1_VITIS_LOOP_412_2_fu_204  |graph_moe_Pipeline_VITIS_LOOP_408_1_VITIS_LOOP_412_2  |      517|      517|   5.170 us|   5.170 us|    517|    517|        no|
        |grp_graph_moe_Pipeline_VITIS_LOOP_428_3_fu_216                   |graph_moe_Pipeline_VITIS_LOOP_428_3                   |        7|        7|  70.000 ns|  70.000 ns|      7|      7|        no|
        |grp_run_parallel_engines_fu_223                                  |run_parallel_engines                                  |    55402|    55402|   0.554 ms|   0.554 ms|  55403|  55403|  dataflow|
        |grp_graph_moe_Pipeline_VITIS_LOOP_437_4_fu_297                   |graph_moe_Pipeline_VITIS_LOOP_437_4                   |       13|       13|   0.130 us|   0.130 us|     13|     13|        no|
        |grp_graph_moe_Pipeline_VITIS_LOOP_443_5_fu_305                   |graph_moe_Pipeline_VITIS_LOOP_443_5                   |       11|       11|   0.110 us|   0.110 us|     11|     11|        no|
        |grp_graph_moe_Pipeline_VITIS_LOOP_515_6_fu_313                   |graph_moe_Pipeline_VITIS_LOOP_515_6                   |       16|       16|   0.160 us|   0.160 us|     16|     16|        no|
        +-----------------------------------------------------------------+------------------------------------------------------+---------+---------+-----------+-----------+-------+-------+----------+

        * Loop: 
        N/A

============================================================
+ Verbose Summary: Synthesis Manager
============================================================
InlineROM: 1
ExposeGlobal: 0
============================================================
+ Verbose Summary: CDFG Model
============================================================
IsTopModel: 1
ResetActiveHigh: 1
IsCombinational: 0
IsDatapathOnly: 0
HasWiredReturn: 1
HasMFsm: 0
HasVarLatency: 1
IsPipeline: 0
IsRtlPipelined: 0
IsInstanceOverlapped: 0
IsDontTouch: 0
HasImplIP: 0
IsGatedGlobalClock: 0


============================================================
+ Verbose Summary: Schedule
============================================================
* Number of FSM states : 14
* Pipeline : 0
* Dataflow Pipeline: 0

* FSM state transitions: 
1 --> 2 
2 --> 3 
3 --> 4 
4 --> 5 
5 --> 6 
6 --> 7 
7 --> 8 
8 --> 9 
9 --> 10 
10 --> 11 
11 --> 12 
12 --> 13 
13 --> 14 
14 --> 

* FSM state operations: 

State 1 <SV = 0> <Delay = 0.54>
ST_1 : Operation 15 [1/1] (0.00ns)   --->   "%exp_sum_loc = alloca i64 1"   --->   Operation 15 'alloca' 'exp_sum_loc' <Predicate = true> <Delay = 0.00>
ST_1 : Operation 16 [1/1] (0.00ns)   --->   "%max_logit_1_loc = alloca i64 1"   --->   Operation 16 'alloca' 'max_logit_1_loc' <Predicate = true> <Delay = 0.00>
ST_1 : Operation 17 [1/1] (0.54ns)   --->   "%logits = alloca i64 1" [src/moe.cpp:406]   --->   Operation 17 'alloca' 'logits' <Predicate = true> <Delay = 0.54> <CoreInst = "RAM">   --->   Core 83 'RAM' <Latency = 1> <II = 1> <Delay = 0.54> <Storage> <Opcode : 'load' 'store'> <Ports = 2> <Width = 32> <Depth = 4> <RAM>
ST_1 : Operation 18 [1/1] (0.54ns)   --->   "%exp_logits = alloca i64 1" [src/moe.cpp:434]   --->   Operation 18 'alloca' 'exp_logits' <Predicate = true> <Delay = 0.54>
ST_1 : Operation 19 [1/1] (0.54ns)   --->   "%outA_0 = alloca i64 1" [src/moe.cpp:453]   --->   Operation 19 'alloca' 'outA_0' <Predicate = true> <Delay = 0.54>
ST_1 : Operation 20 [1/1] (0.54ns)   --->   "%outA_1 = alloca i64 1" [src/moe.cpp:453]   --->   Operation 20 'alloca' 'outA_1' <Predicate = true> <Delay = 0.54>
ST_1 : Operation 21 [1/1] (0.54ns)   --->   "%outB_0 = alloca i64 1" [src/moe.cpp:454]   --->   Operation 21 'alloca' 'outB_0' <Predicate = true> <Delay = 0.54>
ST_1 : Operation 22 [1/1] (0.54ns)   --->   "%outB_1 = alloca i64 1" [src/moe.cpp:454]   --->   Operation 22 'alloca' 'outB_1' <Predicate = true> <Delay = 0.54>
ST_1 : Operation 23 [2/2] (0.00ns)   --->   "%call_ln0 = call void @graph_moe_Pipeline_VITIS_LOOP_408_1_VITIS_LOOP_412_2, i32 %gate_weight, i32 %input_r, i32 %logits, i32 %gate_bias"   --->   Operation 23 'call' 'call_ln0' <Predicate = true> <Delay = 0.00> <CoreType = "Generic">   --->   Core 0 '' <Latency = 0> <II = 1> <Delay = 1.00> <Generic> <Opcode : >

State 2 <SV = 1> <Delay = 0.00>
ST_2 : Operation 24 [1/2] (0.00ns)   --->   "%call_ln0 = call void @graph_moe_Pipeline_VITIS_LOOP_408_1_VITIS_LOOP_412_2, i32 %gate_weight, i32 %input_r, i32 %logits, i32 %gate_bias"   --->   Operation 24 'call' 'call_ln0' <Predicate = true> <Delay = 0.00> <CoreType = "Generic">   --->   Core 0 '' <Latency = 0> <II = 1> <Delay = 1.00> <Generic> <Opcode : >

State 3 <SV = 2> <Delay = 0.54>
ST_3 : Operation 25 [1/1] (0.00ns)   --->   "%logits_addr = getelementptr i32 %logits, i64 0, i64 0" [src/moe.cpp:426]   --->   Operation 25 'getelementptr' 'logits_addr' <Predicate = true> <Delay = 0.00>
ST_3 : Operation 26 [2/2] (0.54ns)   --->   "%max_logit = load i2 %logits_addr" [src/moe.cpp:426]   --->   Operation 26 'load' 'max_logit' <Predicate = true> <Delay = 0.54> <CoreInst = "RAM">   --->   Core 83 'RAM' <Latency = 1> <II = 1> <Delay = 0.54> <Storage> <Opcode : 'load' 'store'> <Ports = 2> <Width = 32> <Depth = 4> <RAM>

State 4 <SV = 3> <Delay = 0.54>
ST_4 : Operation 27 [1/2] (0.54ns)   --->   "%max_logit = load i2 %logits_addr" [src/moe.cpp:426]   --->   Operation 27 'load' 'max_logit' <Predicate = true> <Delay = 0.54> <CoreInst = "RAM">   --->   Core 83 'RAM' <Latency = 1> <II = 1> <Delay = 0.54> <Storage> <Opcode : 'load' 'store'> <Ports = 2> <Width = 32> <Depth = 4> <RAM>

State 5 <SV = 4> <Delay = 0.36>
ST_5 : Operation 28 [2/2] (0.36ns)   --->   "%call_ln426 = call void @graph_moe_Pipeline_VITIS_LOOP_428_3, i32 %max_logit, i32 %logits, i32 %max_logit_1_loc" [src/moe.cpp:426]   --->   Operation 28 'call' 'call_ln426' <Predicate = true> <Delay = 0.36> <CoreType = "Generic">   --->   Core 0 '' <Latency = 0> <II = 1> <Delay = 1.00> <Generic> <Opcode : >
ST_5 : Operation 29 [2/2] (0.00ns)   --->   "%call_ln463 = call void @run_parallel_engines, i32 %input_r, i32 %w1_0, i32 %b1_0, i32 %w2_0, i32 %b2_0, i32 %w3_0, i32 %b3_0, i32 %w4_0, i32 %b4_0, i32 %w1_2, i32 %b1_2, i32 %w2_2, i32 %b2_2, i32 %w3_2, i32 %b3_2, i32 %w4_2, i32 %b4_2, i32 %w1_1, i32 %b1_1, i32 %w2_1, i32 %b2_1, i32 %w3_1, i32 %b3_1, i32 %w4_1, i32 %b4_1, i32 %w1_3, i32 %b1_3, i32 %w2_3, i32 %b2_3, i32 %w3_3, i32 %b3_3, i32 %w4_3, i32 %b4_3, i32 %outA_0, i32 %outA_1, i32 %outB_0, i32 %outB_1" [src/moe.cpp:463]   --->   Operation 29 'call' 'call_ln463' <Predicate = true> <Delay = 0.00> <CoreType = "Generic">   --->   Core 0 '' <Latency = 0> <II = 1> <Delay = 1.00> <Generic> <Opcode : >

State 6 <SV = 5> <Delay = 0.00>
ST_6 : Operation 30 [1/2] (0.00ns)   --->   "%call_ln426 = call void @graph_moe_Pipeline_VITIS_LOOP_428_3, i32 %max_logit, i32 %logits, i32 %max_logit_1_loc" [src/moe.cpp:426]   --->   Operation 30 'call' 'call_ln426' <Predicate = true> <Delay = 0.00> <CoreType = "Generic">   --->   Core 0 '' <Latency = 0> <II = 1> <Delay = 1.00> <Generic> <Opcode : >
ST_6 : Operation 31 [1/2] (0.00ns)   --->   "%call_ln463 = call void @run_parallel_engines, i32 %input_r, i32 %w1_0, i32 %b1_0, i32 %w2_0, i32 %b2_0, i32 %w3_0, i32 %b3_0, i32 %w4_0, i32 %b4_0, i32 %w1_2, i32 %b1_2, i32 %w2_2, i32 %b2_2, i32 %w3_2, i32 %b3_2, i32 %w4_2, i32 %b4_2, i32 %w1_1, i32 %b1_1, i32 %w2_1, i32 %b2_1, i32 %w3_1, i32 %b3_1, i32 %w4_1, i32 %b4_1, i32 %w1_3, i32 %b1_3, i32 %w2_3, i32 %b2_3, i32 %w3_3, i32 %b3_3, i32 %w4_3, i32 %b4_3, i32 %outA_0, i32 %outA_1, i32 %outB_0, i32 %outB_1" [src/moe.cpp:463]   --->   Operation 31 'call' 'call_ln463' <Predicate = true> <Delay = 0.00> <CoreType = "Generic">   --->   Core 0 '' <Latency = 0> <II = 1> <Delay = 1.00> <Generic> <Opcode : >

State 7 <SV = 6> <Delay = 0.00>
ST_7 : Operation 32 [1/1] (0.00ns)   --->   "%max_logit_1_loc_load = load i32 %max_logit_1_loc"   --->   Operation 32 'load' 'max_logit_1_loc_load' <Predicate = true> <Delay = 0.00>
ST_7 : Operation 33 [2/2] (0.00ns)   --->   "%call_ln0 = call void @graph_moe_Pipeline_VITIS_LOOP_437_4, i32 %logits, i32 %max_logit_1_loc_load, i32 %exp_logits, i32 %exp_sum_loc"   --->   Operation 33 'call' 'call_ln0' <Predicate = true> <Delay = 0.00> <CoreType = "Generic">   --->   Core 0 '' <Latency = 0> <II = 1> <Delay = 1.00> <Generic> <Opcode : >

State 8 <SV = 7> <Delay = 0.00>
ST_8 : Operation 34 [1/2] (0.00ns)   --->   "%call_ln0 = call void @graph_moe_Pipeline_VITIS_LOOP_437_4, i32 %logits, i32 %max_logit_1_loc_load, i32 %exp_logits, i32 %exp_sum_loc"   --->   Operation 34 'call' 'call_ln0' <Predicate = true> <Delay = 0.00> <CoreType = "Generic">   --->   Core 0 '' <Latency = 0> <II = 1> <Delay = 1.00> <Generic> <Opcode : >

State 9 <SV = 8> <Delay = 0.00>
ST_9 : Operation 35 [1/1] (0.00ns)   --->   "%exp_sum_loc_load = load i32 %exp_sum_loc"   --->   Operation 35 'load' 'exp_sum_loc_load' <Predicate = true> <Delay = 0.00>
ST_9 : Operation 36 [2/2] (0.00ns)   --->   "%call_ln0 = call void @graph_moe_Pipeline_VITIS_LOOP_443_5, i32 %exp_logits, i32 %exp_sum_loc_load, i32 %gates"   --->   Operation 36 'call' 'call_ln0' <Predicate = true> <Delay = 0.00> <CoreType = "Generic">   --->   Core 0 '' <Latency = 0> <II = 1> <Delay = 1.00> <Generic> <Opcode : >

State 10 <SV = 9> <Delay = 0.00>
ST_10 : Operation 37 [1/2] (0.00ns)   --->   "%call_ln0 = call void @graph_moe_Pipeline_VITIS_LOOP_443_5, i32 %exp_logits, i32 %exp_sum_loc_load, i32 %gates"   --->   Operation 37 'call' 'call_ln0' <Predicate = true> <Delay = 0.00> <CoreType = "Generic">   --->   Core 0 '' <Latency = 0> <II = 1> <Delay = 1.00> <Generic> <Opcode : >

State 11 <SV = 10> <Delay = 0.54>
ST_11 : Operation 38 [1/1] (0.00ns)   --->   "%gates_addr = getelementptr i32 %gates, i64 0, i64 0"   --->   Operation 38 'getelementptr' 'gates_addr' <Predicate = true> <Delay = 0.00>
ST_11 : Operation 39 [2/2] (0.54ns)   --->   "%gates_load = load i2 %gates_addr"   --->   Operation 39 'load' 'gates_load' <Predicate = true> <Delay = 0.54> <CoreInst = "RAM">   --->   Core 83 'RAM' <Latency = 1> <II = 1> <Delay = 0.54> <Storage> <Opcode : 'load' 'store'> <Ports = 2> <Width = 32> <Depth = 4> <RAM>
ST_11 : Operation 40 [1/1] (0.00ns)   --->   "%gates_addr_1 = getelementptr i32 %gates, i64 0, i64 1"   --->   Operation 40 'getelementptr' 'gates_addr_1' <Predicate = true> <Delay = 0.00>
ST_11 : Operation 41 [2/2] (0.54ns)   --->   "%gates_load_1 = load i2 %gates_addr_1"   --->   Operation 41 'load' 'gates_load_1' <Predicate = true> <Delay = 0.54> <CoreInst = "RAM">   --->   Core 83 'RAM' <Latency = 1> <II = 1> <Delay = 0.54> <Storage> <Opcode : 'load' 'store'> <Ports = 2> <Width = 32> <Depth = 4> <RAM>

State 12 <SV = 11> <Delay = 0.54>
ST_12 : Operation 42 [1/2] (0.54ns)   --->   "%gates_load = load i2 %gates_addr"   --->   Operation 42 'load' 'gates_load' <Predicate = true> <Delay = 0.54> <CoreInst = "RAM">   --->   Core 83 'RAM' <Latency = 1> <II = 1> <Delay = 0.54> <Storage> <Opcode : 'load' 'store'> <Ports = 2> <Width = 32> <Depth = 4> <RAM>
ST_12 : Operation 43 [1/2] (0.54ns)   --->   "%gates_load_1 = load i2 %gates_addr_1"   --->   Operation 43 'load' 'gates_load_1' <Predicate = true> <Delay = 0.54> <CoreInst = "RAM">   --->   Core 83 'RAM' <Latency = 1> <II = 1> <Delay = 0.54> <Storage> <Opcode : 'load' 'store'> <Ports = 2> <Width = 32> <Depth = 4> <RAM>
ST_12 : Operation 44 [1/1] (0.00ns)   --->   "%gates_addr_2 = getelementptr i32 %gates, i64 0, i64 2"   --->   Operation 44 'getelementptr' 'gates_addr_2' <Predicate = true> <Delay = 0.00>
ST_12 : Operation 45 [2/2] (0.54ns)   --->   "%gates_load_2 = load i2 %gates_addr_2"   --->   Operation 45 'load' 'gates_load_2' <Predicate = true> <Delay = 0.54> <CoreInst = "RAM">   --->   Core 83 'RAM' <Latency = 1> <II = 1> <Delay = 0.54> <Storage> <Opcode : 'load' 'store'> <Ports = 2> <Width = 32> <Depth = 4> <RAM>
ST_12 : Operation 46 [1/1] (0.00ns)   --->   "%gates_addr_3 = getelementptr i32 %gates, i64 0, i64 3"   --->   Operation 46 'getelementptr' 'gates_addr_3' <Predicate = true> <Delay = 0.00>
ST_12 : Operation 47 [2/2] (0.54ns)   --->   "%gates_load_3 = load i2 %gates_addr_3"   --->   Operation 47 'load' 'gates_load_3' <Predicate = true> <Delay = 0.54> <CoreInst = "RAM">   --->   Core 83 'RAM' <Latency = 1> <II = 1> <Delay = 0.54> <Storage> <Opcode : 'load' 'store'> <Ports = 2> <Width = 32> <Depth = 4> <RAM>

State 13 <SV = 12> <Delay = 0.54>
ST_13 : Operation 48 [1/1] (0.00ns)   --->   "%empty = bitcast i32 %gates_load"   --->   Operation 48 'bitcast' 'empty' <Predicate = true> <Delay = 0.00>
ST_13 : Operation 49 [1/1] (0.00ns)   --->   "%empty_32 = bitcast i32 %gates_load_1"   --->   Operation 49 'bitcast' 'empty_32' <Predicate = true> <Delay = 0.00>
ST_13 : Operation 50 [1/2] (0.54ns)   --->   "%gates_load_2 = load i2 %gates_addr_2"   --->   Operation 50 'load' 'gates_load_2' <Predicate = true> <Delay = 0.54> <CoreInst = "RAM">   --->   Core 83 'RAM' <Latency = 1> <II = 1> <Delay = 0.54> <Storage> <Opcode : 'load' 'store'> <Ports = 2> <Width = 32> <Depth = 4> <RAM>
ST_13 : Operation 51 [1/1] (0.00ns)   --->   "%empty_33 = bitcast i32 %gates_load_2"   --->   Operation 51 'bitcast' 'empty_33' <Predicate = true> <Delay = 0.00>
ST_13 : Operation 52 [1/2] (0.54ns)   --->   "%gates_load_3 = load i2 %gates_addr_3"   --->   Operation 52 'load' 'gates_load_3' <Predicate = true> <Delay = 0.54> <CoreInst = "RAM">   --->   Core 83 'RAM' <Latency = 1> <II = 1> <Delay = 0.54> <Storage> <Opcode : 'load' 'store'> <Ports = 2> <Width = 32> <Depth = 4> <RAM>
ST_13 : Operation 53 [1/1] (0.00ns)   --->   "%empty_34 = bitcast i32 %gates_load_3"   --->   Operation 53 'bitcast' 'empty_34' <Predicate = true> <Delay = 0.00>
ST_13 : Operation 54 [2/2] (0.00ns)   --->   "%call_ln0 = call void @graph_moe_Pipeline_VITIS_LOOP_515_6, i32 %outA_0, i32 %empty, i32 %outB_0, i32 %empty_32, i32 %outA_1, i32 %empty_33, i32 %outB_1, i32 %empty_34, i32 %output_r"   --->   Operation 54 'call' 'call_ln0' <Predicate = true> <Delay = 0.00> <CoreType = "Generic">   --->   Core 0 '' <Latency = 0> <II = 1> <Delay = 1.00> <Generic> <Opcode : >

State 14 <SV = 13> <Delay = 0.00>
ST_14 : Operation 55 [1/1] (0.00ns)   --->   "%spectopmodule_ln307 = spectopmodule void @_ssdm_op_SpecTopModule, void @empty_6" [src/moe.cpp:307]   --->   Operation 55 'spectopmodule' 'spectopmodule_ln307' <Predicate = true> <Delay = 0.00>
ST_14 : Operation 56 [1/1] (0.00ns)   --->   "%specinterface_ln0 = specinterface void @_ssdm_op_SpecInterface, i32 %input_r, void @empty_2, i32 0, i32 0, void @empty_3, i32 4294967295, i32 0, void @empty_3, void @empty_3, void @empty_3, i32 0, i32 0, i32 0, i32 0, void @empty_3, void @empty_3, i32 4294967295, i32 0"   --->   Operation 56 'specinterface' 'specinterface_ln0' <Predicate = true> <Delay = 0.00>
ST_14 : Operation 57 [1/1] (0.00ns)   --->   "%specbitsmap_ln0 = specbitsmap void @_ssdm_op_SpecBitsMap, i32 %input_r"   --->   Operation 57 'specbitsmap' 'specbitsmap_ln0' <Predicate = true> <Delay = 0.00>
ST_14 : Operation 58 [1/1] (0.00ns)   --->   "%specinterface_ln0 = specinterface void @_ssdm_op_SpecInterface, i32 %gate_weight, void @empty_2, i32 0, i32 0, void @empty_3, i32 4294967295, i32 0, void @empty_3, void @empty_3, void @empty_3, i32 0, i32 0, i32 0, i32 0, void @empty_3, void @empty_3, i32 4294967295, i32 0"   --->   Operation 58 'specinterface' 'specinterface_ln0' <Predicate = true> <Delay = 0.00>
ST_14 : Operation 59 [1/1] (0.00ns)   --->   "%specbitsmap_ln0 = specbitsmap void @_ssdm_op_SpecBitsMap, i32 %gate_weight"   --->   Operation 59 'specbitsmap' 'specbitsmap_ln0' <Predicate = true> <Delay = 0.00>
ST_14 : Operation 60 [1/1] (0.00ns)   --->   "%specinterface_ln0 = specinterface void @_ssdm_op_SpecInterface, i32 %gate_bias, void @empty_2, i32 0, i32 0, void @empty_3, i32 4294967295, i32 0, void @empty_3, void @empty_3, void @empty_3, i32 0, i32 0, i32 0, i32 0, void @empty_3, void @empty_3, i32 4294967295, i32 0"   --->   Operation 60 'specinterface' 'specinterface_ln0' <Predicate = true> <Delay = 0.00>
ST_14 : Operation 61 [1/1] (0.00ns)   --->   "%specbitsmap_ln0 = specbitsmap void @_ssdm_op_SpecBitsMap, i32 %gate_bias"   --->   Operation 61 'specbitsmap' 'specbitsmap_ln0' <Predicate = true> <Delay = 0.00>
ST_14 : Operation 62 [1/1] (0.00ns)   --->   "%specinterface_ln0 = specinterface void @_ssdm_op_SpecInterface, i32 %w1_0, void @empty_2, i32 0, i32 0, void @empty_3, i32 4294967295, i32 0, void @empty_3, void @empty_3, void @empty_3, i32 0, i32 0, i32 0, i32 0, void @empty_3, void @empty_3, i32 4294967295, i32 0"   --->   Operation 62 'specinterface' 'specinterface_ln0' <Predicate = true> <Delay = 0.00>
ST_14 : Operation 63 [1/1] (0.00ns)   --->   "%specbitsmap_ln0 = specbitsmap void @_ssdm_op_SpecBitsMap, i32 %w1_0"   --->   Operation 63 'specbitsmap' 'specbitsmap_ln0' <Predicate = true> <Delay = 0.00>
ST_14 : Operation 64 [1/1] (0.00ns)   --->   "%specinterface_ln0 = specinterface void @_ssdm_op_SpecInterface, i32 %b1_0, void @empty_2, i32 0, i32 0, void @empty_3, i32 4294967295, i32 0, void @empty_3, void @empty_3, void @empty_3, i32 0, i32 0, i32 0, i32 0, void @empty_3, void @empty_3, i32 4294967295, i32 0"   --->   Operation 64 'specinterface' 'specinterface_ln0' <Predicate = true> <Delay = 0.00>
ST_14 : Operation 65 [1/1] (0.00ns)   --->   "%specbitsmap_ln0 = specbitsmap void @_ssdm_op_SpecBitsMap, i32 %b1_0"   --->   Operation 65 'specbitsmap' 'specbitsmap_ln0' <Predicate = true> <Delay = 0.00>
ST_14 : Operation 66 [1/1] (0.00ns)   --->   "%specinterface_ln0 = specinterface void @_ssdm_op_SpecInterface, i32 %w2_0, void @empty_2, i32 0, i32 0, void @empty_3, i32 4294967295, i32 0, void @empty_3, void @empty_3, void @empty_3, i32 0, i32 0, i32 0, i32 0, void @empty_3, void @empty_3, i32 4294967295, i32 0"   --->   Operation 66 'specinterface' 'specinterface_ln0' <Predicate = true> <Delay = 0.00>
ST_14 : Operation 67 [1/1] (0.00ns)   --->   "%specbitsmap_ln0 = specbitsmap void @_ssdm_op_SpecBitsMap, i32 %w2_0"   --->   Operation 67 'specbitsmap' 'specbitsmap_ln0' <Predicate = true> <Delay = 0.00>
ST_14 : Operation 68 [1/1] (0.00ns)   --->   "%specinterface_ln0 = specinterface void @_ssdm_op_SpecInterface, i32 %b2_0, void @empty_2, i32 0, i32 0, void @empty_3, i32 4294967295, i32 0, void @empty_3, void @empty_3, void @empty_3, i32 0, i32 0, i32 0, i32 0, void @empty_3, void @empty_3, i32 4294967295, i32 0"   --->   Operation 68 'specinterface' 'specinterface_ln0' <Predicate = true> <Delay = 0.00>
ST_14 : Operation 69 [1/1] (0.00ns)   --->   "%specbitsmap_ln0 = specbitsmap void @_ssdm_op_SpecBitsMap, i32 %b2_0"   --->   Operation 69 'specbitsmap' 'specbitsmap_ln0' <Predicate = true> <Delay = 0.00>
ST_14 : Operation 70 [1/1] (0.00ns)   --->   "%specinterface_ln0 = specinterface void @_ssdm_op_SpecInterface, i32 %w3_0, void @empty_2, i32 0, i32 0, void @empty_3, i32 4294967295, i32 0, void @empty_3, void @empty_3, void @empty_3, i32 0, i32 0, i32 0, i32 0, void @empty_3, void @empty_3, i32 4294967295, i32 0"   --->   Operation 70 'specinterface' 'specinterface_ln0' <Predicate = true> <Delay = 0.00>
ST_14 : Operation 71 [1/1] (0.00ns)   --->   "%specbitsmap_ln0 = specbitsmap void @_ssdm_op_SpecBitsMap, i32 %w3_0"   --->   Operation 71 'specbitsmap' 'specbitsmap_ln0' <Predicate = true> <Delay = 0.00>
ST_14 : Operation 72 [1/1] (0.00ns)   --->   "%specinterface_ln0 = specinterface void @_ssdm_op_SpecInterface, i32 %b3_0, void @empty_2, i32 0, i32 0, void @empty_3, i32 4294967295, i32 0, void @empty_3, void @empty_3, void @empty_3, i32 0, i32 0, i32 0, i32 0, void @empty_3, void @empty_3, i32 4294967295, i32 0"   --->   Operation 72 'specinterface' 'specinterface_ln0' <Predicate = true> <Delay = 0.00>
ST_14 : Operation 73 [1/1] (0.00ns)   --->   "%specbitsmap_ln0 = specbitsmap void @_ssdm_op_SpecBitsMap, i32 %b3_0"   --->   Operation 73 'specbitsmap' 'specbitsmap_ln0' <Predicate = true> <Delay = 0.00>
ST_14 : Operation 74 [1/1] (0.00ns)   --->   "%specinterface_ln0 = specinterface void @_ssdm_op_SpecInterface, i32 %w4_0, void @empty_2, i32 0, i32 0, void @empty_3, i32 4294967295, i32 0, void @empty_3, void @empty_3, void @empty_3, i32 0, i32 0, i32 0, i32 0, void @empty_3, void @empty_3, i32 4294967295, i32 0"   --->   Operation 74 'specinterface' 'specinterface_ln0' <Predicate = true> <Delay = 0.00>
ST_14 : Operation 75 [1/1] (0.00ns)   --->   "%specbitsmap_ln0 = specbitsmap void @_ssdm_op_SpecBitsMap, i32 %w4_0"   --->   Operation 75 'specbitsmap' 'specbitsmap_ln0' <Predicate = true> <Delay = 0.00>
ST_14 : Operation 76 [1/1] (0.00ns)   --->   "%specinterface_ln0 = specinterface void @_ssdm_op_SpecInterface, i32 %b4_0, void @empty_2, i32 0, i32 0, void @empty_3, i32 4294967295, i32 0, void @empty_3, void @empty_3, void @empty_3, i32 0, i32 0, i32 0, i32 0, void @empty_3, void @empty_3, i32 4294967295, i32 0"   --->   Operation 76 'specinterface' 'specinterface_ln0' <Predicate = true> <Delay = 0.00>
ST_14 : Operation 77 [1/1] (0.00ns)   --->   "%specbitsmap_ln0 = specbitsmap void @_ssdm_op_SpecBitsMap, i32 %b4_0"   --->   Operation 77 'specbitsmap' 'specbitsmap_ln0' <Predicate = true> <Delay = 0.00>
ST_14 : Operation 78 [1/1] (0.00ns)   --->   "%specinterface_ln0 = specinterface void @_ssdm_op_SpecInterface, i32 %w1_2, void @empty_2, i32 0, i32 0, void @empty_3, i32 4294967295, i32 0, void @empty_3, void @empty_3, void @empty_3, i32 0, i32 0, i32 0, i32 0, void @empty_3, void @empty_3, i32 4294967295, i32 0"   --->   Operation 78 'specinterface' 'specinterface_ln0' <Predicate = true> <Delay = 0.00>
ST_14 : Operation 79 [1/1] (0.00ns)   --->   "%specbitsmap_ln0 = specbitsmap void @_ssdm_op_SpecBitsMap, i32 %w1_2"   --->   Operation 79 'specbitsmap' 'specbitsmap_ln0' <Predicate = true> <Delay = 0.00>
ST_14 : Operation 80 [1/1] (0.00ns)   --->   "%specinterface_ln0 = specinterface void @_ssdm_op_SpecInterface, i32 %b1_2, void @empty_2, i32 0, i32 0, void @empty_3, i32 4294967295, i32 0, void @empty_3, void @empty_3, void @empty_3, i32 0, i32 0, i32 0, i32 0, void @empty_3, void @empty_3, i32 4294967295, i32 0"   --->   Operation 80 'specinterface' 'specinterface_ln0' <Predicate = true> <Delay = 0.00>
ST_14 : Operation 81 [1/1] (0.00ns)   --->   "%specbitsmap_ln0 = specbitsmap void @_ssdm_op_SpecBitsMap, i32 %b1_2"   --->   Operation 81 'specbitsmap' 'specbitsmap_ln0' <Predicate = true> <Delay = 0.00>
ST_14 : Operation 82 [1/1] (0.00ns)   --->   "%specinterface_ln0 = specinterface void @_ssdm_op_SpecInterface, i32 %w2_2, void @empty_2, i32 0, i32 0, void @empty_3, i32 4294967295, i32 0, void @empty_3, void @empty_3, void @empty_3, i32 0, i32 0, i32 0, i32 0, void @empty_3, void @empty_3, i32 4294967295, i32 0"   --->   Operation 82 'specinterface' 'specinterface_ln0' <Predicate = true> <Delay = 0.00>
ST_14 : Operation 83 [1/1] (0.00ns)   --->   "%specbitsmap_ln0 = specbitsmap void @_ssdm_op_SpecBitsMap, i32 %w2_2"   --->   Operation 83 'specbitsmap' 'specbitsmap_ln0' <Predicate = true> <Delay = 0.00>
ST_14 : Operation 84 [1/1] (0.00ns)   --->   "%specinterface_ln0 = specinterface void @_ssdm_op_SpecInterface, i32 %b2_2, void @empty_2, i32 0, i32 0, void @empty_3, i32 4294967295, i32 0, void @empty_3, void @empty_3, void @empty_3, i32 0, i32 0, i32 0, i32 0, void @empty_3, void @empty_3, i32 4294967295, i32 0"   --->   Operation 84 'specinterface' 'specinterface_ln0' <Predicate = true> <Delay = 0.00>
ST_14 : Operation 85 [1/1] (0.00ns)   --->   "%specbitsmap_ln0 = specbitsmap void @_ssdm_op_SpecBitsMap, i32 %b2_2"   --->   Operation 85 'specbitsmap' 'specbitsmap_ln0' <Predicate = true> <Delay = 0.00>
ST_14 : Operation 86 [1/1] (0.00ns)   --->   "%specinterface_ln0 = specinterface void @_ssdm_op_SpecInterface, i32 %w3_2, void @empty_2, i32 0, i32 0, void @empty_3, i32 4294967295, i32 0, void @empty_3, void @empty_3, void @empty_3, i32 0, i32 0, i32 0, i32 0, void @empty_3, void @empty_3, i32 4294967295, i32 0"   --->   Operation 86 'specinterface' 'specinterface_ln0' <Predicate = true> <Delay = 0.00>
ST_14 : Operation 87 [1/1] (0.00ns)   --->   "%specbitsmap_ln0 = specbitsmap void @_ssdm_op_SpecBitsMap, i32 %w3_2"   --->   Operation 87 'specbitsmap' 'specbitsmap_ln0' <Predicate = true> <Delay = 0.00>
ST_14 : Operation 88 [1/1] (0.00ns)   --->   "%specinterface_ln0 = specinterface void @_ssdm_op_SpecInterface, i32 %b3_2, void @empty_2, i32 0, i32 0, void @empty_3, i32 4294967295, i32 0, void @empty_3, void @empty_3, void @empty_3, i32 0, i32 0, i32 0, i32 0, void @empty_3, void @empty_3, i32 4294967295, i32 0"   --->   Operation 88 'specinterface' 'specinterface_ln0' <Predicate = true> <Delay = 0.00>
ST_14 : Operation 89 [1/1] (0.00ns)   --->   "%specbitsmap_ln0 = specbitsmap void @_ssdm_op_SpecBitsMap, i32 %b3_2"   --->   Operation 89 'specbitsmap' 'specbitsmap_ln0' <Predicate = true> <Delay = 0.00>
ST_14 : Operation 90 [1/1] (0.00ns)   --->   "%specinterface_ln0 = specinterface void @_ssdm_op_SpecInterface, i32 %w4_2, void @empty_2, i32 0, i32 0, void @empty_3, i32 4294967295, i32 0, void @empty_3, void @empty_3, void @empty_3, i32 0, i32 0, i32 0, i32 0, void @empty_3, void @empty_3, i32 4294967295, i32 0"   --->   Operation 90 'specinterface' 'specinterface_ln0' <Predicate = true> <Delay = 0.00>
ST_14 : Operation 91 [1/1] (0.00ns)   --->   "%specbitsmap_ln0 = specbitsmap void @_ssdm_op_SpecBitsMap, i32 %w4_2"   --->   Operation 91 'specbitsmap' 'specbitsmap_ln0' <Predicate = true> <Delay = 0.00>
ST_14 : Operation 92 [1/1] (0.00ns)   --->   "%specinterface_ln0 = specinterface void @_ssdm_op_SpecInterface, i32 %b4_2, void @empty_2, i32 0, i32 0, void @empty_3, i32 4294967295, i32 0, void @empty_3, void @empty_3, void @empty_3, i32 0, i32 0, i32 0, i32 0, void @empty_3, void @empty_3, i32 4294967295, i32 0"   --->   Operation 92 'specinterface' 'specinterface_ln0' <Predicate = true> <Delay = 0.00>
ST_14 : Operation 93 [1/1] (0.00ns)   --->   "%specbitsmap_ln0 = specbitsmap void @_ssdm_op_SpecBitsMap, i32 %b4_2"   --->   Operation 93 'specbitsmap' 'specbitsmap_ln0' <Predicate = true> <Delay = 0.00>
ST_14 : Operation 94 [1/1] (0.00ns)   --->   "%specinterface_ln0 = specinterface void @_ssdm_op_SpecInterface, i32 %w1_1, void @empty_2, i32 0, i32 0, void @empty_3, i32 4294967295, i32 0, void @empty_3, void @empty_3, void @empty_3, i32 0, i32 0, i32 0, i32 0, void @empty_3, void @empty_3, i32 4294967295, i32 0"   --->   Operation 94 'specinterface' 'specinterface_ln0' <Predicate = true> <Delay = 0.00>
ST_14 : Operation 95 [1/1] (0.00ns)   --->   "%specbitsmap_ln0 = specbitsmap void @_ssdm_op_SpecBitsMap, i32 %w1_1"   --->   Operation 95 'specbitsmap' 'specbitsmap_ln0' <Predicate = true> <Delay = 0.00>
ST_14 : Operation 96 [1/1] (0.00ns)   --->   "%specinterface_ln0 = specinterface void @_ssdm_op_SpecInterface, i32 %b1_1, void @empty_2, i32 0, i32 0, void @empty_3, i32 4294967295, i32 0, void @empty_3, void @empty_3, void @empty_3, i32 0, i32 0, i32 0, i32 0, void @empty_3, void @empty_3, i32 4294967295, i32 0"   --->   Operation 96 'specinterface' 'specinterface_ln0' <Predicate = true> <Delay = 0.00>
ST_14 : Operation 97 [1/1] (0.00ns)   --->   "%specbitsmap_ln0 = specbitsmap void @_ssdm_op_SpecBitsMap, i32 %b1_1"   --->   Operation 97 'specbitsmap' 'specbitsmap_ln0' <Predicate = true> <Delay = 0.00>
ST_14 : Operation 98 [1/1] (0.00ns)   --->   "%specinterface_ln0 = specinterface void @_ssdm_op_SpecInterface, i32 %w2_1, void @empty_2, i32 0, i32 0, void @empty_3, i32 4294967295, i32 0, void @empty_3, void @empty_3, void @empty_3, i32 0, i32 0, i32 0, i32 0, void @empty_3, void @empty_3, i32 4294967295, i32 0"   --->   Operation 98 'specinterface' 'specinterface_ln0' <Predicate = true> <Delay = 0.00>
ST_14 : Operation 99 [1/1] (0.00ns)   --->   "%specbitsmap_ln0 = specbitsmap void @_ssdm_op_SpecBitsMap, i32 %w2_1"   --->   Operation 99 'specbitsmap' 'specbitsmap_ln0' <Predicate = true> <Delay = 0.00>
ST_14 : Operation 100 [1/1] (0.00ns)   --->   "%specinterface_ln0 = specinterface void @_ssdm_op_SpecInterface, i32 %b2_1, void @empty_2, i32 0, i32 0, void @empty_3, i32 4294967295, i32 0, void @empty_3, void @empty_3, void @empty_3, i32 0, i32 0, i32 0, i32 0, void @empty_3, void @empty_3, i32 4294967295, i32 0"   --->   Operation 100 'specinterface' 'specinterface_ln0' <Predicate = true> <Delay = 0.00>
ST_14 : Operation 101 [1/1] (0.00ns)   --->   "%specbitsmap_ln0 = specbitsmap void @_ssdm_op_SpecBitsMap, i32 %b2_1"   --->   Operation 101 'specbitsmap' 'specbitsmap_ln0' <Predicate = true> <Delay = 0.00>
ST_14 : Operation 102 [1/1] (0.00ns)   --->   "%specinterface_ln0 = specinterface void @_ssdm_op_SpecInterface, i32 %w3_1, void @empty_2, i32 0, i32 0, void @empty_3, i32 4294967295, i32 0, void @empty_3, void @empty_3, void @empty_3, i32 0, i32 0, i32 0, i32 0, void @empty_3, void @empty_3, i32 4294967295, i32 0"   --->   Operation 102 'specinterface' 'specinterface_ln0' <Predicate = true> <Delay = 0.00>
ST_14 : Operation 103 [1/1] (0.00ns)   --->   "%specbitsmap_ln0 = specbitsmap void @_ssdm_op_SpecBitsMap, i32 %w3_1"   --->   Operation 103 'specbitsmap' 'specbitsmap_ln0' <Predicate = true> <Delay = 0.00>
ST_14 : Operation 104 [1/1] (0.00ns)   --->   "%specinterface_ln0 = specinterface void @_ssdm_op_SpecInterface, i32 %b3_1, void @empty_2, i32 0, i32 0, void @empty_3, i32 4294967295, i32 0, void @empty_3, void @empty_3, void @empty_3, i32 0, i32 0, i32 0, i32 0, void @empty_3, void @empty_3, i32 4294967295, i32 0"   --->   Operation 104 'specinterface' 'specinterface_ln0' <Predicate = true> <Delay = 0.00>
ST_14 : Operation 105 [1/1] (0.00ns)   --->   "%specbitsmap_ln0 = specbitsmap void @_ssdm_op_SpecBitsMap, i32 %b3_1"   --->   Operation 105 'specbitsmap' 'specbitsmap_ln0' <Predicate = true> <Delay = 0.00>
ST_14 : Operation 106 [1/1] (0.00ns)   --->   "%specinterface_ln0 = specinterface void @_ssdm_op_SpecInterface, i32 %w4_1, void @empty_2, i32 0, i32 0, void @empty_3, i32 4294967295, i32 0, void @empty_3, void @empty_3, void @empty_3, i32 0, i32 0, i32 0, i32 0, void @empty_3, void @empty_3, i32 4294967295, i32 0"   --->   Operation 106 'specinterface' 'specinterface_ln0' <Predicate = true> <Delay = 0.00>
ST_14 : Operation 107 [1/1] (0.00ns)   --->   "%specbitsmap_ln0 = specbitsmap void @_ssdm_op_SpecBitsMap, i32 %w4_1"   --->   Operation 107 'specbitsmap' 'specbitsmap_ln0' <Predicate = true> <Delay = 0.00>
ST_14 : Operation 108 [1/1] (0.00ns)   --->   "%specinterface_ln0 = specinterface void @_ssdm_op_SpecInterface, i32 %b4_1, void @empty_2, i32 0, i32 0, void @empty_3, i32 4294967295, i32 0, void @empty_3, void @empty_3, void @empty_3, i32 0, i32 0, i32 0, i32 0, void @empty_3, void @empty_3, i32 4294967295, i32 0"   --->   Operation 108 'specinterface' 'specinterface_ln0' <Predicate = true> <Delay = 0.00>
ST_14 : Operation 109 [1/1] (0.00ns)   --->   "%specbitsmap_ln0 = specbitsmap void @_ssdm_op_SpecBitsMap, i32 %b4_1"   --->   Operation 109 'specbitsmap' 'specbitsmap_ln0' <Predicate = true> <Delay = 0.00>
ST_14 : Operation 110 [1/1] (0.00ns)   --->   "%specinterface_ln0 = specinterface void @_ssdm_op_SpecInterface, i32 %w1_3, void @empty_2, i32 0, i32 0, void @empty_3, i32 4294967295, i32 0, void @empty_3, void @empty_3, void @empty_3, i32 0, i32 0, i32 0, i32 0, void @empty_3, void @empty_3, i32 4294967295, i32 0"   --->   Operation 110 'specinterface' 'specinterface_ln0' <Predicate = true> <Delay = 0.00>
ST_14 : Operation 111 [1/1] (0.00ns)   --->   "%specbitsmap_ln0 = specbitsmap void @_ssdm_op_SpecBitsMap, i32 %w1_3"   --->   Operation 111 'specbitsmap' 'specbitsmap_ln0' <Predicate = true> <Delay = 0.00>
ST_14 : Operation 112 [1/1] (0.00ns)   --->   "%specinterface_ln0 = specinterface void @_ssdm_op_SpecInterface, i32 %b1_3, void @empty_2, i32 0, i32 0, void @empty_3, i32 4294967295, i32 0, void @empty_3, void @empty_3, void @empty_3, i32 0, i32 0, i32 0, i32 0, void @empty_3, void @empty_3, i32 4294967295, i32 0"   --->   Operation 112 'specinterface' 'specinterface_ln0' <Predicate = true> <Delay = 0.00>
ST_14 : Operation 113 [1/1] (0.00ns)   --->   "%specbitsmap_ln0 = specbitsmap void @_ssdm_op_SpecBitsMap, i32 %b1_3"   --->   Operation 113 'specbitsmap' 'specbitsmap_ln0' <Predicate = true> <Delay = 0.00>
ST_14 : Operation 114 [1/1] (0.00ns)   --->   "%specinterface_ln0 = specinterface void @_ssdm_op_SpecInterface, i32 %w2_3, void @empty_2, i32 0, i32 0, void @empty_3, i32 4294967295, i32 0, void @empty_3, void @empty_3, void @empty_3, i32 0, i32 0, i32 0, i32 0, void @empty_3, void @empty_3, i32 4294967295, i32 0"   --->   Operation 114 'specinterface' 'specinterface_ln0' <Predicate = true> <Delay = 0.00>
ST_14 : Operation 115 [1/1] (0.00ns)   --->   "%specbitsmap_ln0 = specbitsmap void @_ssdm_op_SpecBitsMap, i32 %w2_3"   --->   Operation 115 'specbitsmap' 'specbitsmap_ln0' <Predicate = true> <Delay = 0.00>
ST_14 : Operation 116 [1/1] (0.00ns)   --->   "%specinterface_ln0 = specinterface void @_ssdm_op_SpecInterface, i32 %b2_3, void @empty_2, i32 0, i32 0, void @empty_3, i32 4294967295, i32 0, void @empty_3, void @empty_3, void @empty_3, i32 0, i32 0, i32 0, i32 0, void @empty_3, void @empty_3, i32 4294967295, i32 0"   --->   Operation 116 'specinterface' 'specinterface_ln0' <Predicate = true> <Delay = 0.00>
ST_14 : Operation 117 [1/1] (0.00ns)   --->   "%specbitsmap_ln0 = specbitsmap void @_ssdm_op_SpecBitsMap, i32 %b2_3"   --->   Operation 117 'specbitsmap' 'specbitsmap_ln0' <Predicate = true> <Delay = 0.00>
ST_14 : Operation 118 [1/1] (0.00ns)   --->   "%specinterface_ln0 = specinterface void @_ssdm_op_SpecInterface, i32 %w3_3, void @empty_2, i32 0, i32 0, void @empty_3, i32 4294967295, i32 0, void @empty_3, void @empty_3, void @empty_3, i32 0, i32 0, i32 0, i32 0, void @empty_3, void @empty_3, i32 4294967295, i32 0"   --->   Operation 118 'specinterface' 'specinterface_ln0' <Predicate = true> <Delay = 0.00>
ST_14 : Operation 119 [1/1] (0.00ns)   --->   "%specbitsmap_ln0 = specbitsmap void @_ssdm_op_SpecBitsMap, i32 %w3_3"   --->   Operation 119 'specbitsmap' 'specbitsmap_ln0' <Predicate = true> <Delay = 0.00>
ST_14 : Operation 120 [1/1] (0.00ns)   --->   "%specinterface_ln0 = specinterface void @_ssdm_op_SpecInterface, i32 %b3_3, void @empty_2, i32 0, i32 0, void @empty_3, i32 4294967295, i32 0, void @empty_3, void @empty_3, void @empty_3, i32 0, i32 0, i32 0, i32 0, void @empty_3, void @empty_3, i32 4294967295, i32 0"   --->   Operation 120 'specinterface' 'specinterface_ln0' <Predicate = true> <Delay = 0.00>
ST_14 : Operation 121 [1/1] (0.00ns)   --->   "%specbitsmap_ln0 = specbitsmap void @_ssdm_op_SpecBitsMap, i32 %b3_3"   --->   Operation 121 'specbitsmap' 'specbitsmap_ln0' <Predicate = true> <Delay = 0.00>
ST_14 : Operation 122 [1/1] (0.00ns)   --->   "%specinterface_ln0 = specinterface void @_ssdm_op_SpecInterface, i32 %w4_3, void @empty_2, i32 0, i32 0, void @empty_3, i32 4294967295, i32 0, void @empty_3, void @empty_3, void @empty_3, i32 0, i32 0, i32 0, i32 0, void @empty_3, void @empty_3, i32 4294967295, i32 0"   --->   Operation 122 'specinterface' 'specinterface_ln0' <Predicate = true> <Delay = 0.00>
ST_14 : Operation 123 [1/1] (0.00ns)   --->   "%specbitsmap_ln0 = specbitsmap void @_ssdm_op_SpecBitsMap, i32 %w4_3"   --->   Operation 123 'specbitsmap' 'specbitsmap_ln0' <Predicate = true> <Delay = 0.00>
ST_14 : Operation 124 [1/1] (0.00ns)   --->   "%specinterface_ln0 = specinterface void @_ssdm_op_SpecInterface, i32 %b4_3, void @empty_2, i32 0, i32 0, void @empty_3, i32 4294967295, i32 0, void @empty_3, void @empty_3, void @empty_3, i32 0, i32 0, i32 0, i32 0, void @empty_3, void @empty_3, i32 4294967295, i32 0"   --->   Operation 124 'specinterface' 'specinterface_ln0' <Predicate = true> <Delay = 0.00>
ST_14 : Operation 125 [1/1] (0.00ns)   --->   "%specbitsmap_ln0 = specbitsmap void @_ssdm_op_SpecBitsMap, i32 %b4_3"   --->   Operation 125 'specbitsmap' 'specbitsmap_ln0' <Predicate = true> <Delay = 0.00>
ST_14 : Operation 126 [1/1] (0.00ns)   --->   "%specinterface_ln0 = specinterface void @_ssdm_op_SpecInterface, i32 %output_r, void @empty_2, i32 0, i32 0, void @empty_3, i32 4294967295, i32 0, void @empty_3, void @empty_3, void @empty_3, i32 0, i32 0, i32 0, i32 0, void @empty_3, void @empty_3, i32 4294967295, i32 0"   --->   Operation 126 'specinterface' 'specinterface_ln0' <Predicate = true> <Delay = 0.00>
ST_14 : Operation 127 [1/1] (0.00ns)   --->   "%specbitsmap_ln0 = specbitsmap void @_ssdm_op_SpecBitsMap, i32 %output_r"   --->   Operation 127 'specbitsmap' 'specbitsmap_ln0' <Predicate = true> <Delay = 0.00>
ST_14 : Operation 128 [1/1] (0.00ns)   --->   "%specinterface_ln0 = specinterface void @_ssdm_op_SpecInterface, i32 %gates, void @empty_2, i32 0, i32 0, void @empty_3, i32 4294967295, i32 0, void @empty_3, void @empty_3, void @empty_3, i32 0, i32 0, i32 0, i32 0, void @empty_3, void @empty_3, i32 4294967295, i32 0"   --->   Operation 128 'specinterface' 'specinterface_ln0' <Predicate = true> <Delay = 0.00>
ST_14 : Operation 129 [1/1] (0.00ns)   --->   "%specbitsmap_ln0 = specbitsmap void @_ssdm_op_SpecBitsMap, i32 %gates"   --->   Operation 129 'specbitsmap' 'specbitsmap_ln0' <Predicate = true> <Delay = 0.00>
ST_14 : Operation 130 [1/1] (0.00ns)   --->   "%specinterface_ln0 = specinterface void @_ssdm_op_SpecInterface, i32 0, void @empty_4, i32 0, i32 0, void @empty_3, i32 0, i32 0, void @empty_5, void @empty_3, void @empty_3, i32 0, i32 0, i32 0, i32 0, void @empty_3, void @empty_3, i32 4294967295, i32 0"   --->   Operation 130 'specinterface' 'specinterface_ln0' <Predicate = true> <Delay = 0.00>
ST_14 : Operation 131 [1/2] (0.00ns)   --->   "%call_ln0 = call void @graph_moe_Pipeline_VITIS_LOOP_515_6, i32 %outA_0, i32 %empty, i32 %outB_0, i32 %empty_32, i32 %outA_1, i32 %empty_33, i32 %outB_1, i32 %empty_34, i32 %output_r"   --->   Operation 131 'call' 'call_ln0' <Predicate = true> <Delay = 0.00> <CoreType = "Generic">   --->   Core 0 '' <Latency = 0> <II = 1> <Delay = 1.00> <Generic> <Opcode : >
ST_14 : Operation 132 [1/1] (0.00ns)   --->   "%ret_ln528 = ret" [src/moe.cpp:528]   --->   Operation 132 'ret' 'ret_ln528' <Predicate = true> <Delay = 0.00>


============================================================
+ Verbose Summary: Binding
============================================================
STG Binding: 
---------------- STG Properties BEGIN ----------------
- Is combinational: 0
- Is one-state seq: 0
- Is datapath-only: 0
- Is pipelined: 0
- Is top level: 1
Port [ Return ] is wired: 1; IO mode=ap_ctrl_hs:ce=0
Port [ input_r]:  wired=1; compound=1; hidden=0; nouse=0; global=0; static=0; extern=0; dir=0; type=1; pingpong=0; private_global=0; MemPort=[11]; IO mode=ap_memory:ce=0
Port [ gate_weight]:  wired=1; compound=1; hidden=0; nouse=0; global=0; static=0; extern=0; dir=0; type=1; pingpong=0; private_global=0; MemPort=[13]; IO mode=ap_memory:ce=0
Port [ gate_bias]:  wired=1; compound=1; hidden=0; nouse=0; global=0; static=0; extern=0; dir=0; type=1; pingpong=0; private_global=0; MemPort=[13]; IO mode=ap_memory:ce=0
Port [ w1_0]:  wired=1; compound=1; hidden=0; nouse=0; global=0; static=0; extern=0; dir=0; type=1; pingpong=0; private_global=0; MemPort=[13]; IO mode=ap_memory:ce=0
Port [ b1_0]:  wired=1; compound=1; hidden=0; nouse=0; global=0; static=0; extern=0; dir=0; type=1; pingpong=0; private_global=0; MemPort=[13]; IO mode=ap_memory:ce=0
Port [ w2_0]:  wired=1; compound=1; hidden=0; nouse=0; global=0; static=0; extern=0; dir=0; type=1; pingpong=0; private_global=0; MemPort=[13]; IO mode=ap_memory:ce=0
Port [ b2_0]:  wired=1; compound=1; hidden=0; nouse=0; global=0; static=0; extern=0; dir=0; type=1; pingpong=0; private_global=0; MemPort=[13]; IO mode=ap_memory:ce=0
Port [ w3_0]:  wired=1; compound=1; hidden=0; nouse=0; global=0; static=0; extern=0; dir=0; type=1; pingpong=0; private_global=0; MemPort=[13]; IO mode=ap_memory:ce=0
Port [ b3_0]:  wired=1; compound=1; hidden=0; nouse=0; global=0; static=0; extern=0; dir=0; type=1; pingpong=0; private_global=0; MemPort=[13]; IO mode=ap_memory:ce=0
Port [ w4_0]:  wired=1; compound=1; hidden=0; nouse=0; global=0; static=0; extern=0; dir=0; type=1; pingpong=0; private_global=0; MemPort=[13]; IO mode=ap_memory:ce=0
Port [ b4_0]:  wired=1; compound=1; hidden=0; nouse=0; global=0; static=0; extern=0; dir=0; type=1; pingpong=0; private_global=0; MemPort=[13]; IO mode=ap_memory:ce=0
Port [ w1_2]:  wired=1; compound=1; hidden=0; nouse=0; global=0; static=0; extern=0; dir=0; type=1; pingpong=0; private_global=0; MemPort=[13]; IO mode=ap_memory:ce=0
Port [ b1_2]:  wired=1; compound=1; hidden=0; nouse=0; global=0; static=0; extern=0; dir=0; type=1; pingpong=0; private_global=0; MemPort=[13]; IO mode=ap_memory:ce=0
Port [ w2_2]:  wired=1; compound=1; hidden=0; nouse=0; global=0; static=0; extern=0; dir=0; type=1; pingpong=0; private_global=0; MemPort=[13]; IO mode=ap_memory:ce=0
Port [ b2_2]:  wired=1; compound=1; hidden=0; nouse=0; global=0; static=0; extern=0; dir=0; type=1; pingpong=0; private_global=0; MemPort=[13]; IO mode=ap_memory:ce=0
Port [ w3_2]:  wired=1; compound=1; hidden=0; nouse=0; global=0; static=0; extern=0; dir=0; type=1; pingpong=0; private_global=0; MemPort=[13]; IO mode=ap_memory:ce=0
Port [ b3_2]:  wired=1; compound=1; hidden=0; nouse=0; global=0; static=0; extern=0; dir=0; type=1; pingpong=0; private_global=0; MemPort=[13]; IO mode=ap_memory:ce=0
Port [ w4_2]:  wired=1; compound=1; hidden=0; nouse=0; global=0; static=0; extern=0; dir=0; type=1; pingpong=0; private_global=0; MemPort=[13]; IO mode=ap_memory:ce=0
Port [ b4_2]:  wired=1; compound=1; hidden=0; nouse=0; global=0; static=0; extern=0; dir=0; type=1; pingpong=0; private_global=0; MemPort=[13]; IO mode=ap_memory:ce=0
Port [ w1_1]:  wired=1; compound=1; hidden=0; nouse=0; global=0; static=0; extern=0; dir=0; type=1; pingpong=0; private_global=0; MemPort=[13]; IO mode=ap_memory:ce=0
Port [ b1_1]:  wired=1; compound=1; hidden=0; nouse=0; global=0; static=0; extern=0; dir=0; type=1; pingpong=0; private_global=0; MemPort=[13]; IO mode=ap_memory:ce=0
Port [ w2_1]:  wired=1; compound=1; hidden=0; nouse=0; global=0; static=0; extern=0; dir=0; type=1; pingpong=0; private_global=0; MemPort=[13]; IO mode=ap_memory:ce=0
Port [ b2_1]:  wired=1; compound=1; hidden=0; nouse=0; global=0; static=0; extern=0; dir=0; type=1; pingpong=0; private_global=0; MemPort=[13]; IO mode=ap_memory:ce=0
Port [ w3_1]:  wired=1; compound=1; hidden=0; nouse=0; global=0; static=0; extern=0; dir=0; type=1; pingpong=0; private_global=0; MemPort=[13]; IO mode=ap_memory:ce=0
Port [ b3_1]:  wired=1; compound=1; hidden=0; nouse=0; global=0; static=0; extern=0; dir=0; type=1; pingpong=0; private_global=0; MemPort=[13]; IO mode=ap_memory:ce=0
Port [ w4_1]:  wired=1; compound=1; hidden=0; nouse=0; global=0; static=0; extern=0; dir=0; type=1; pingpong=0; private_global=0; MemPort=[13]; IO mode=ap_memory:ce=0
Port [ b4_1]:  wired=1; compound=1; hidden=0; nouse=0; global=0; static=0; extern=0; dir=0; type=1; pingpong=0; private_global=0; MemPort=[13]; IO mode=ap_memory:ce=0
Port [ w1_3]:  wired=1; compound=1; hidden=0; nouse=0; global=0; static=0; extern=0; dir=0; type=1; pingpong=0; private_global=0; MemPort=[13]; IO mode=ap_memory:ce=0
Port [ b1_3]:  wired=1; compound=1; hidden=0; nouse=0; global=0; static=0; extern=0; dir=0; type=1; pingpong=0; private_global=0; MemPort=[13]; IO mode=ap_memory:ce=0
Port [ w2_3]:  wired=1; compound=1; hidden=0; nouse=0; global=0; static=0; extern=0; dir=0; type=1; pingpong=0; private_global=0; MemPort=[13]; IO mode=ap_memory:ce=0
Port [ b2_3]:  wired=1; compound=1; hidden=0; nouse=0; global=0; static=0; extern=0; dir=0; type=1; pingpong=0; private_global=0; MemPort=[13]; IO mode=ap_memory:ce=0
Port [ w3_3]:  wired=1; compound=1; hidden=0; nouse=0; global=0; static=0; extern=0; dir=0; type=1; pingpong=0; private_global=0; MemPort=[13]; IO mode=ap_memory:ce=0
Port [ b3_3]:  wired=1; compound=1; hidden=0; nouse=0; global=0; static=0; extern=0; dir=0; type=1; pingpong=0; private_global=0; MemPort=[13]; IO mode=ap_memory:ce=0
Port [ w4_3]:  wired=1; compound=1; hidden=0; nouse=0; global=0; static=0; extern=0; dir=0; type=1; pingpong=0; private_global=0; MemPort=[13]; IO mode=ap_memory:ce=0
Port [ b4_3]:  wired=1; compound=1; hidden=0; nouse=0; global=0; static=0; extern=0; dir=0; type=1; pingpong=0; private_global=0; MemPort=[13]; IO mode=ap_memory:ce=0
Port [ output_r]:  wired=1; compound=1; hidden=0; nouse=0; global=0; static=0; extern=0; dir=1; type=1; pingpong=0; private_global=0; MemPort=[03]; IO mode=ap_memory:ce=0
Port [ gates]:  wired=1; compound=1; hidden=0; nouse=0; global=0; static=0; extern=0; dir=2; type=1; pingpong=0; private_global=0; MemPort=[21]; IO mode=ap_memory:ce=0
---------------- STG Properties END ------------------

---------------- Datapath Model BEGIN ----------------

<LifeTime>
<method=bitvector/>
exp_sum_loc          (alloca       ) [ 001111111100000]
max_logit_1_loc      (alloca       ) [ 001111110000000]
logits               (alloca       ) [ 001111111000000]
exp_logits           (alloca       ) [ 001111111110000]
outA_0               (alloca       ) [ 001111111111111]
outA_1               (alloca       ) [ 001111111111111]
outB_0               (alloca       ) [ 001111111111111]
outB_1               (alloca       ) [ 001111111111111]
call_ln0             (call         ) [ 000000000000000]
logits_addr          (getelementptr) [ 000010000000000]
max_logit            (load         ) [ 000001100000000]
call_ln426           (call         ) [ 000000000000000]
call_ln463           (call         ) [ 000000000000000]
max_logit_1_loc_load (load         ) [ 000000001000000]
call_ln0             (call         ) [ 000000000000000]
exp_sum_loc_load     (load         ) [ 000000000010000]
call_ln0             (call         ) [ 000000000000000]
gates_addr           (getelementptr) [ 000000000000100]
gates_addr_1         (getelementptr) [ 000000000000100]
gates_load           (load         ) [ 000000000000010]
gates_load_1         (load         ) [ 000000000000010]
gates_addr_2         (getelementptr) [ 000000000000010]
gates_addr_3         (getelementptr) [ 000000000000010]
empty                (bitcast      ) [ 000000000000001]
empty_32             (bitcast      ) [ 000000000000001]
gates_load_2         (load         ) [ 000000000000000]
empty_33             (bitcast      ) [ 000000000000001]
gates_load_3         (load         ) [ 000000000000000]
empty_34             (bitcast      ) [ 000000000000001]
spectopmodule_ln307  (spectopmodule) [ 000000000000000]
specinterface_ln0    (specinterface) [ 000000000000000]
specbitsmap_ln0      (specbitsmap  ) [ 000000000000000]
specinterface_ln0    (specinterface) [ 000000000000000]
specbitsmap_ln0      (specbitsmap  ) [ 000000000000000]
specinterface_ln0    (specinterface) [ 000000000000000]
specbitsmap_ln0      (specbitsmap  ) [ 000000000000000]
specinterface_ln0    (specinterface) [ 000000000000000]
specbitsmap_ln0      (specbitsmap  ) [ 000000000000000]
specinterface_ln0    (specinterface) [ 000000000000000]
specbitsmap_ln0      (specbitsmap  ) [ 000000000000000]
specinterface_ln0    (specinterface) [ 000000000000000]
specbitsmap_ln0      (specbitsmap  ) [ 000000000000000]
specinterface_ln0    (specinterface) [ 000000000000000]
specbitsmap_ln0      (specbitsmap  ) [ 000000000000000]
specinterface_ln0    (specinterface) [ 000000000000000]
specbitsmap_ln0      (specbitsmap  ) [ 000000000000000]
specinterface_ln0    (specinterface) [ 000000000000000]
specbitsmap_ln0      (specbitsmap  ) [ 000000000000000]
specinterface_ln0    (specinterface) [ 000000000000000]
specbitsmap_ln0      (specbitsmap  ) [ 000000000000000]
specinterface_ln0    (specinterface) [ 000000000000000]
specbitsmap_ln0      (specbitsmap  ) [ 000000000000000]
specinterface_ln0    (specinterface) [ 000000000000000]
specbitsmap_ln0      (specbitsmap  ) [ 000000000000000]
specinterface_ln0    (specinterface) [ 000000000000000]
specbitsmap_ln0      (specbitsmap  ) [ 000000000000000]
specinterface_ln0    (specinterface) [ 000000000000000]
specbitsmap_ln0      (specbitsmap  ) [ 000000000000000]
specinterface_ln0    (specinterface) [ 000000000000000]
specbitsmap_ln0      (specbitsmap  ) [ 000000000000000]
specinterface_ln0    (specinterface) [ 000000000000000]
specbitsmap_ln0      (specbitsmap  ) [ 000000000000000]
specinterface_ln0    (specinterface) [ 000000000000000]
specbitsmap_ln0      (specbitsmap  ) [ 000000000000000]
specinterface_ln0    (specinterface) [ 000000000000000]
specbitsmap_ln0      (specbitsmap  ) [ 000000000000000]
specinterface_ln0    (specinterface) [ 000000000000000]
specbitsmap_ln0      (specbitsmap  ) [ 000000000000000]
specinterface_ln0    (specinterface) [ 000000000000000]
specbitsmap_ln0      (specbitsmap  ) [ 000000000000000]
specinterface_ln0    (specinterface) [ 000000000000000]
specbitsmap_ln0      (specbitsmap  ) [ 000000000000000]
specinterface_ln0    (specinterface) [ 000000000000000]
specbitsmap_ln0      (specbitsmap  ) [ 000000000000000]
specinterface_ln0    (specinterface) [ 000000000000000]
specbitsmap_ln0      (specbitsmap  ) [ 000000000000000]
specinterface_ln0    (specinterface) [ 000000000000000]
specbitsmap_ln0      (specbitsmap  ) [ 000000000000000]
specinterface_ln0    (specinterface) [ 000000000000000]
specbitsmap_ln0      (specbitsmap  ) [ 000000000000000]
specinterface_ln0    (specinterface) [ 000000000000000]
specbitsmap_ln0      (specbitsmap  ) [ 000000000000000]
specinterface_ln0    (specinterface) [ 000000000000000]
specbitsmap_ln0      (specbitsmap  ) [ 000000000000000]
specinterface_ln0    (specinterface) [ 000000000000000]
specbitsmap_ln0      (specbitsmap  ) [ 000000000000000]
specinterface_ln0    (specinterface) [ 000000000000000]
specbitsmap_ln0      (specbitsmap  ) [ 000000000000000]
specinterface_ln0    (specinterface) [ 000000000000000]
specbitsmap_ln0      (specbitsmap  ) [ 000000000000000]
specinterface_ln0    (specinterface) [ 000000000000000]
specbitsmap_ln0      (specbitsmap  ) [ 000000000000000]
specinterface_ln0    (specinterface) [ 000000000000000]
specbitsmap_ln0      (specbitsmap  ) [ 000000000000000]
specinterface_ln0    (specinterface) [ 000000000000000]
specbitsmap_ln0      (specbitsmap  ) [ 000000000000000]
specinterface_ln0    (specinterface) [ 000000000000000]
specbitsmap_ln0      (specbitsmap  ) [ 000000000000000]
specinterface_ln0    (specinterface) [ 000000000000000]
specbitsmap_ln0      (specbitsmap  ) [ 000000000000000]
specinterface_ln0    (specinterface) [ 000000000000000]
specbitsmap_ln0      (specbitsmap  ) [ 000000000000000]
specinterface_ln0    (specinterface) [ 000000000000000]
specbitsmap_ln0      (specbitsmap  ) [ 000000000000000]
specinterface_ln0    (specinterface) [ 000000000000000]
call_ln0             (call         ) [ 000000000000000]
ret_ln528            (ret          ) [ 000000000000000]
</LifeTime>

<model>

<comp_list>
<comp id="0" class="1000" name="input_r">
<pin_list>
<pin id="1" dir="1" index="0" bw="1" slack="0"/>
</pin_list>
<bind>
<StgValue><ssdm name="input_r"/><MemPortTyVec>1 1 </MemPortTyVec>
</StgValue>
</bind>
</comp>

<comp id="2" class="1000" name="gate_weight">
<pin_list>
<pin id="3" dir="1" index="0" bw="1" slack="0"/>
</pin_list>
<bind>
<StgValue><ssdm name="gate_weight"/><MemPortTyVec>1 3 </MemPortTyVec>
</StgValue>
</bind>
</comp>

<comp id="4" class="1000" name="gate_bias">
<pin_list>
<pin id="5" dir="1" index="0" bw="1" slack="0"/>
</pin_list>
<bind>
<StgValue><ssdm name="gate_bias"/><MemPortTyVec>1 3 </MemPortTyVec>
</StgValue>
</bind>
</comp>

<comp id="6" class="1000" name="w1_0">
<pin_list>
<pin id="7" dir="1" index="0" bw="1" slack="0"/>
</pin_list>
<bind>
<StgValue><ssdm name="w1_0"/><MemPortTyVec>1 3 </MemPortTyVec>
</StgValue>
</bind>
</comp>

<comp id="8" class="1000" name="b1_0">
<pin_list>
<pin id="9" dir="1" index="0" bw="1" slack="0"/>
</pin_list>
<bind>
<StgValue><ssdm name="b1_0"/><MemPortTyVec>1 3 </MemPortTyVec>
</StgValue>
</bind>
</comp>

<comp id="10" class="1000" name="w2_0">
<pin_list>
<pin id="11" dir="1" index="0" bw="1" slack="0"/>
</pin_list>
<bind>
<StgValue><ssdm name="w2_0"/><MemPortTyVec>1 3 </MemPortTyVec>
</StgValue>
</bind>
</comp>

<comp id="12" class="1000" name="b2_0">
<pin_list>
<pin id="13" dir="1" index="0" bw="1" slack="0"/>
</pin_list>
<bind>
<StgValue><ssdm name="b2_0"/><MemPortTyVec>1 3 </MemPortTyVec>
</StgValue>
</bind>
</comp>

<comp id="14" class="1000" name="w3_0">
<pin_list>
<pin id="15" dir="1" index="0" bw="1" slack="0"/>
</pin_list>
<bind>
<StgValue><ssdm name="w3_0"/><MemPortTyVec>1 3 </MemPortTyVec>
</StgValue>
</bind>
</comp>

<comp id="16" class="1000" name="b3_0">
<pin_list>
<pin id="17" dir="1" index="0" bw="1" slack="0"/>
</pin_list>
<bind>
<StgValue><ssdm name="b3_0"/><MemPortTyVec>1 3 </MemPortTyVec>
</StgValue>
</bind>
</comp>

<comp id="18" class="1000" name="w4_0">
<pin_list>
<pin id="19" dir="1" index="0" bw="1" slack="0"/>
</pin_list>
<bind>
<StgValue><ssdm name="w4_0"/><MemPortTyVec>1 3 </MemPortTyVec>
</StgValue>
</bind>
</comp>

<comp id="20" class="1000" name="b4_0">
<pin_list>
<pin id="21" dir="1" index="0" bw="1" slack="0"/>
</pin_list>
<bind>
<StgValue><ssdm name="b4_0"/><MemPortTyVec>1 3 </MemPortTyVec>
</StgValue>
</bind>
</comp>

<comp id="22" class="1000" name="w1_2">
<pin_list>
<pin id="23" dir="1" index="0" bw="1" slack="0"/>
</pin_list>
<bind>
<StgValue><ssdm name="w1_2"/><MemPortTyVec>1 3 </MemPortTyVec>
</StgValue>
</bind>
</comp>

<comp id="24" class="1000" name="b1_2">
<pin_list>
<pin id="25" dir="1" index="0" bw="1" slack="0"/>
</pin_list>
<bind>
<StgValue><ssdm name="b1_2"/><MemPortTyVec>1 3 </MemPortTyVec>
</StgValue>
</bind>
</comp>

<comp id="26" class="1000" name="w2_2">
<pin_list>
<pin id="27" dir="1" index="0" bw="1" slack="0"/>
</pin_list>
<bind>
<StgValue><ssdm name="w2_2"/><MemPortTyVec>1 3 </MemPortTyVec>
</StgValue>
</bind>
</comp>

<comp id="28" class="1000" name="b2_2">
<pin_list>
<pin id="29" dir="1" index="0" bw="1" slack="0"/>
</pin_list>
<bind>
<StgValue><ssdm name="b2_2"/><MemPortTyVec>1 3 </MemPortTyVec>
</StgValue>
</bind>
</comp>

<comp id="30" class="1000" name="w3_2">
<pin_list>
<pin id="31" dir="1" index="0" bw="1" slack="0"/>
</pin_list>
<bind>
<StgValue><ssdm name="w3_2"/><MemPortTyVec>1 3 </MemPortTyVec>
</StgValue>
</bind>
</comp>

<comp id="32" class="1000" name="b3_2">
<pin_list>
<pin id="33" dir="1" index="0" bw="1" slack="0"/>
</pin_list>
<bind>
<StgValue><ssdm name="b3_2"/><MemPortTyVec>1 3 </MemPortTyVec>
</StgValue>
</bind>
</comp>

<comp id="34" class="1000" name="w4_2">
<pin_list>
<pin id="35" dir="1" index="0" bw="1" slack="0"/>
</pin_list>
<bind>
<StgValue><ssdm name="w4_2"/><MemPortTyVec>1 3 </MemPortTyVec>
</StgValue>
</bind>
</comp>

<comp id="36" class="1000" name="b4_2">
<pin_list>
<pin id="37" dir="1" index="0" bw="1" slack="0"/>
</pin_list>
<bind>
<StgValue><ssdm name="b4_2"/><MemPortTyVec>1 3 </MemPortTyVec>
</StgValue>
</bind>
</comp>

<comp id="38" class="1000" name="w1_1">
<pin_list>
<pin id="39" dir="1" index="0" bw="1" slack="0"/>
</pin_list>
<bind>
<StgValue><ssdm name="w1_1"/><MemPortTyVec>1 3 </MemPortTyVec>
</StgValue>
</bind>
</comp>

<comp id="40" class="1000" name="b1_1">
<pin_list>
<pin id="41" dir="1" index="0" bw="1" slack="0"/>
</pin_list>
<bind>
<StgValue><ssdm name="b1_1"/><MemPortTyVec>1 3 </MemPortTyVec>
</StgValue>
</bind>
</comp>

<comp id="42" class="1000" name="w2_1">
<pin_list>
<pin id="43" dir="1" index="0" bw="1" slack="0"/>
</pin_list>
<bind>
<StgValue><ssdm name="w2_1"/><MemPortTyVec>1 3 </MemPortTyVec>
</StgValue>
</bind>
</comp>

<comp id="44" class="1000" name="b2_1">
<pin_list>
<pin id="45" dir="1" index="0" bw="1" slack="0"/>
</pin_list>
<bind>
<StgValue><ssdm name="b2_1"/><MemPortTyVec>1 3 </MemPortTyVec>
</StgValue>
</bind>
</comp>

<comp id="46" class="1000" name="w3_1">
<pin_list>
<pin id="47" dir="1" index="0" bw="1" slack="0"/>
</pin_list>
<bind>
<StgValue><ssdm name="w3_1"/><MemPortTyVec>1 3 </MemPortTyVec>
</StgValue>
</bind>
</comp>

<comp id="48" class="1000" name="b3_1">
<pin_list>
<pin id="49" dir="1" index="0" bw="1" slack="0"/>
</pin_list>
<bind>
<StgValue><ssdm name="b3_1"/><MemPortTyVec>1 3 </MemPortTyVec>
</StgValue>
</bind>
</comp>

<comp id="50" class="1000" name="w4_1">
<pin_list>
<pin id="51" dir="1" index="0" bw="1" slack="0"/>
</pin_list>
<bind>
<StgValue><ssdm name="w4_1"/><MemPortTyVec>1 3 </MemPortTyVec>
</StgValue>
</bind>
</comp>

<comp id="52" class="1000" name="b4_1">
<pin_list>
<pin id="53" dir="1" index="0" bw="1" slack="0"/>
</pin_list>
<bind>
<StgValue><ssdm name="b4_1"/><MemPortTyVec>1 3 </MemPortTyVec>
</StgValue>
</bind>
</comp>

<comp id="54" class="1000" name="w1_3">
<pin_list>
<pin id="55" dir="1" index="0" bw="1" slack="0"/>
</pin_list>
<bind>
<StgValue><ssdm name="w1_3"/><MemPortTyVec>1 3 </MemPortTyVec>
</StgValue>
</bind>
</comp>

<comp id="56" class="1000" name="b1_3">
<pin_list>
<pin id="57" dir="1" index="0" bw="1" slack="0"/>
</pin_list>
<bind>
<StgValue><ssdm name="b1_3"/><MemPortTyVec>1 3 </MemPortTyVec>
</StgValue>
</bind>
</comp>

<comp id="58" class="1000" name="w2_3">
<pin_list>
<pin id="59" dir="1" index="0" bw="1" slack="0"/>
</pin_list>
<bind>
<StgValue><ssdm name="w2_3"/><MemPortTyVec>1 3 </MemPortTyVec>
</StgValue>
</bind>
</comp>

<comp id="60" class="1000" name="b2_3">
<pin_list>
<pin id="61" dir="1" index="0" bw="1" slack="0"/>
</pin_list>
<bind>
<StgValue><ssdm name="b2_3"/><MemPortTyVec>1 3 </MemPortTyVec>
</StgValue>
</bind>
</comp>

<comp id="62" class="1000" name="w3_3">
<pin_list>
<pin id="63" dir="1" index="0" bw="1" slack="0"/>
</pin_list>
<bind>
<StgValue><ssdm name="w3_3"/><MemPortTyVec>1 3 </MemPortTyVec>
</StgValue>
</bind>
</comp>

<comp id="64" class="1000" name="b3_3">
<pin_list>
<pin id="65" dir="1" index="0" bw="1" slack="0"/>
</pin_list>
<bind>
<StgValue><ssdm name="b3_3"/><MemPortTyVec>1 3 </MemPortTyVec>
</StgValue>
</bind>
</comp>

<comp id="66" class="1000" name="w4_3">
<pin_list>
<pin id="67" dir="1" index="0" bw="1" slack="0"/>
</pin_list>
<bind>
<StgValue><ssdm name="w4_3"/><MemPortTyVec>1 3 </MemPortTyVec>
</StgValue>
</bind>
</comp>

<comp id="68" class="1000" name="b4_3">
<pin_list>
<pin id="69" dir="1" index="0" bw="1" slack="0"/>
</pin_list>
<bind>
<StgValue><ssdm name="b4_3"/><MemPortTyVec>1 3 </MemPortTyVec>
</StgValue>
</bind>
</comp>

<comp id="70" class="1000" name="output_r">
<pin_list>
<pin id="71" dir="1" index="0" bw="1" slack="0"/>
</pin_list>
<bind>
<StgValue><ssdm name="output_r"/><MemPortTyVec>0 3 </MemPortTyVec>
</StgValue>
</bind>
</comp>

<comp id="72" class="1000" name="gates">
<pin_list>
<pin id="73" dir="1" index="0" bw="1" slack="0"/>
</pin_list>
<bind>
<StgValue><ssdm name="gates"/><MemPortTyVec>2 1 </MemPortTyVec>
</StgValue>
</bind>
</comp>

<comp id="74" class="1001" name="const_74">
<pin_list>
<pin id="75" dir="1" index="0" bw="1" slack="0"/>
</pin_list>
<bind>
<StgValue><ssdm name=""/></StgValue>
</bind>
</comp>

<comp id="76" class="1001" name="const_76">
<pin_list>
<pin id="77" dir="1" index="0" bw="1" slack="0"/>
</pin_list>
<bind>
<StgValue><ssdm name="graph_moe_Pipeline_VITIS_LOOP_408_1_VITIS_LOOP_412_2"/></StgValue>
</bind>
</comp>

<comp id="78" class="1001" name="const_78">
<pin_list>
<pin id="79" dir="1" index="0" bw="1" slack="0"/>
</pin_list>
<bind>
<StgValue><ssdm name=""/></StgValue>
</bind>
</comp>

<comp id="80" class="1001" name="const_80">
<pin_list>
<pin id="81" dir="1" index="0" bw="1" slack="0"/>
</pin_list>
<bind>
<StgValue><ssdm name="graph_moe_Pipeline_VITIS_LOOP_428_3"/></StgValue>
</bind>
</comp>

<comp id="82" class="1001" name="const_82">
<pin_list>
<pin id="83" dir="1" index="0" bw="1" slack="0"/>
</pin_list>
<bind>
<StgValue><ssdm name="run_parallel_engines"/></StgValue>
</bind>
</comp>

<comp id="84" class="1001" name="const_84">
<pin_list>
<pin id="85" dir="1" index="0" bw="1" slack="0"/>
</pin_list>
<bind>
<StgValue><ssdm name="graph_moe_Pipeline_VITIS_LOOP_437_4"/></StgValue>
</bind>
</comp>

<comp id="86" class="1001" name="const_86">
<pin_list>
<pin id="87" dir="1" index="0" bw="1" slack="0"/>
</pin_list>
<bind>
<StgValue><ssdm name="graph_moe_Pipeline_VITIS_LOOP_443_5"/></StgValue>
</bind>
</comp>

<comp id="88" class="1001" name="const_88">
<pin_list>
<pin id="89" dir="1" index="0" bw="1" slack="0"/>
</pin_list>
<bind>
<StgValue><ssdm name=""/></StgValue>
</bind>
</comp>

<comp id="90" class="1001" name="const_90">
<pin_list>
<pin id="91" dir="1" index="0" bw="1" slack="0"/>
</pin_list>
<bind>
<StgValue><ssdm name=""/></StgValue>
</bind>
</comp>

<comp id="92" class="1001" name="const_92">
<pin_list>
<pin id="93" dir="1" index="0" bw="1" slack="0"/>
</pin_list>
<bind>
<StgValue><ssdm name="graph_moe_Pipeline_VITIS_LOOP_515_6"/></StgValue>
</bind>
</comp>

<comp id="94" class="1001" name="const_94">
<pin_list>
<pin id="95" dir="1" index="0" bw="1" slack="2147483647"/>
</pin_list>
<bind>
<StgValue><ssdm name="_ssdm_op_SpecTopModule"/></StgValue>
</bind>
</comp>

<comp id="96" class="1001" name="const_96">
<pin_list>
<pin id="97" dir="1" index="0" bw="1" slack="2147483647"/>
</pin_list>
<bind>
<StgValue><ssdm name="empty_6"/></StgValue>
</bind>
</comp>

<comp id="98" class="1001" name="const_98">
<pin_list>
<pin id="99" dir="1" index="0" bw="1" slack="2147483647"/>
</pin_list>
<bind>
<StgValue><ssdm name="_ssdm_op_SpecInterface"/></StgValue>
</bind>
</comp>

<comp id="100" class="1001" name="const_100">
<pin_list>
<pin id="101" dir="1" index="0" bw="1" slack="2147483647"/>
</pin_list>
<bind>
<StgValue><ssdm name="empty_2"/></StgValue>
</bind>
</comp>

<comp id="102" class="1001" name="const_102">
<pin_list>
<pin id="103" dir="1" index="0" bw="1" slack="2147483647"/>
</pin_list>
<bind>
<StgValue><ssdm name=""/></StgValue>
</bind>
</comp>

<comp id="104" class="1001" name="const_104">
<pin_list>
<pin id="105" dir="1" index="0" bw="1" slack="2147483647"/>
</pin_list>
<bind>
<StgValue><ssdm name="empty_3"/></StgValue>
</bind>
</comp>

<comp id="106" class="1001" name="const_106">
<pin_list>
<pin id="107" dir="1" index="0" bw="1" slack="2147483647"/>
</pin_list>
<bind>
<StgValue><ssdm name=""/></StgValue>
</bind>
</comp>

<comp id="108" class="1001" name="const_108">
<pin_list>
<pin id="109" dir="1" index="0" bw="1" slack="2147483647"/>
</pin_list>
<bind>
<StgValue><ssdm name="_ssdm_op_SpecBitsMap"/></StgValue>
</bind>
</comp>

<comp id="110" class="1001" name="const_110">
<pin_list>
<pin id="111" dir="1" index="0" bw="1" slack="2147483647"/>
</pin_list>
<bind>
<StgValue><ssdm name="empty_4"/></StgValue>
</bind>
</comp>

<comp id="112" class="1001" name="const_112">
<pin_list>
<pin id="113" dir="1" index="0" bw="1" slack="2147483647"/>
</pin_list>
<bind>
<StgValue><ssdm name="empty_5"/></StgValue>
</bind>
</comp>

<comp id="114" class="1004" name="exp_sum_loc_fu_114">
<pin_list>
<pin id="115" dir="0" index="0" bw="1" slack="0"/>
<pin id="116" dir="1" index="1" bw="32" slack="6"/>
</pin_list>
<bind>
<opcode="alloca(26) " fcode="alloca"/>
<opset="exp_sum_loc/1 "/>
</bind>
</comp>

<comp id="118" class="1004" name="max_logit_1_loc_fu_118">
<pin_list>
<pin id="119" dir="0" index="0" bw="1" slack="0"/>
<pin id="120" dir="1" index="1" bw="32" slack="4"/>
</pin_list>
<bind>
<opcode="alloca(26) " fcode="alloca"/>
<opset="max_logit_1_loc/1 "/>
</bind>
</comp>

<comp id="122" class="1004" name="logits_alloca_fu_122">
<pin_list>
<pin id="123" dir="0" index="0" bw="1" slack="0"/>
<pin id="124" dir="1" index="1" bw="32" slack="0"/>
</pin_list>
<bind>
<opcode="alloca(26) " fcode="alloca"/>
<opset="logits/1 "/>
</bind>
</comp>

<comp id="126" class="1004" name="exp_logits_alloca_fu_126">
<pin_list>
<pin id="127" dir="0" index="0" bw="1" slack="0"/>
<pin id="128" dir="1" index="1" bw="32" slack="2147483647"/>
</pin_list>
<bind>
<opcode="alloca(26) " fcode="alloca"/>
<opset="exp_logits/1 "/>
</bind>
</comp>

<comp id="130" class="1004" name="outA_0_alloca_fu_130">
<pin_list>
<pin id="131" dir="0" index="0" bw="1" slack="0"/>
<pin id="132" dir="1" index="1" bw="32" slack="2147483647"/>
</pin_list>
<bind>
<opcode="alloca(26) " fcode="alloca"/>
<opset="outA_0/1 "/>
</bind>
</comp>

<comp id="134" class="1004" name="outA_1_alloca_fu_134">
<pin_list>
<pin id="135" dir="0" index="0" bw="1" slack="0"/>
<pin id="136" dir="1" index="1" bw="32" slack="2147483647"/>
</pin_list>
<bind>
<opcode="alloca(26) " fcode="alloca"/>
<opset="outA_1/1 "/>
</bind>
</comp>

<comp id="138" class="1004" name="outB_0_alloca_fu_138">
<pin_list>
<pin id="139" dir="0" index="0" bw="1" slack="0"/>
<pin id="140" dir="1" index="1" bw="32" slack="2147483647"/>
</pin_list>
<bind>
<opcode="alloca(26) " fcode="alloca"/>
<opset="outB_0/1 "/>
</bind>
</comp>

<comp id="142" class="1004" name="outB_1_alloca_fu_142">
<pin_list>
<pin id="143" dir="0" index="0" bw="1" slack="0"/>
<pin id="144" dir="1" index="1" bw="32" slack="2147483647"/>
</pin_list>
<bind>
<opcode="alloca(26) " fcode="alloca"/>
<opset="outB_1/1 "/>
</bind>
</comp>

<comp id="146" class="1004" name="logits_addr_gep_fu_146">
<pin_list>
<pin id="147" dir="0" index="0" bw="32" slack="2147483647"/>
<pin id="148" dir="0" index="1" bw="1" slack="0"/>
<pin id="149" dir="0" index="2" bw="1" slack="0"/>
<pin id="150" dir="1" index="3" bw="2" slack="0"/>
</pin_list>
<bind>
<opcode="getelementptr(29) " fcode="getelementptr"/>
<opset="logits_addr/3 "/>
</bind>
</comp>

<comp id="153" class="1004" name="grp_access_fu_153">
<pin_list>
<pin id="154" dir="0" index="0" bw="2" slack="0"/>
<pin id="155" dir="0" index="1" bw="32" slack="2147483647"/>
<pin id="156" dir="0" index="2" bw="0" slack="2147483647"/>
<pin id="157" dir="1" index="3" bw="32" slack="1"/>
</pin_list>
<bind>
<opcode="load(27) " fcode="load"/>
<opset="max_logit/3 "/>
</bind>
</comp>

<comp id="159" class="1004" name="gates_addr_gep_fu_159">
<pin_list>
<pin id="160" dir="0" index="0" bw="32" slack="0"/>
<pin id="161" dir="0" index="1" bw="1" slack="0"/>
<pin id="162" dir="0" index="2" bw="1" slack="0"/>
<pin id="163" dir="1" index="3" bw="2" slack="0"/>
</pin_list>
<bind>
<opcode="getelementptr(29) " fcode="getelementptr"/>
<opset="gates_addr/11 "/>
</bind>
</comp>

<comp id="167" class="1004" name="grp_access_fu_167">
<pin_list>
<pin id="168" dir="0" index="0" bw="2" slack="0"/>
<pin id="169" dir="0" index="1" bw="32" slack="2147483647"/>
<pin id="170" dir="0" index="2" bw="0" slack="0"/>
<pin id="172" dir="0" index="4" bw="2" slack="2147483647"/>
<pin id="173" dir="0" index="5" bw="32" slack="2147483647"/>
<pin id="174" dir="0" index="6" bw="0" slack="2147483647"/>
<pin id="171" dir="1" index="3" bw="32" slack="0"/>
<pin id="175" dir="1" index="7" bw="32" slack="0"/>
</pin_list>
<bind>
<opcode="load(27) " fcode="load"/>
<opset="gates_load/11 gates_load_1/11 gates_load_2/12 gates_load_3/12 "/>
</bind>
</comp>

<comp id="177" class="1004" name="gates_addr_1_gep_fu_177">
<pin_list>
<pin id="178" dir="0" index="0" bw="32" slack="0"/>
<pin id="179" dir="0" index="1" bw="1" slack="0"/>
<pin id="180" dir="0" index="2" bw="1" slack="0"/>
<pin id="181" dir="1" index="3" bw="2" slack="0"/>
</pin_list>
<bind>
<opcode="getelementptr(29) " fcode="getelementptr"/>
<opset="gates_addr_1/11 "/>
</bind>
</comp>

<comp id="186" class="1004" name="gates_addr_2_gep_fu_186">
<pin_list>
<pin id="187" dir="0" index="0" bw="32" slack="0"/>
<pin id="188" dir="0" index="1" bw="1" slack="0"/>
<pin id="189" dir="0" index="2" bw="3" slack="0"/>
<pin id="190" dir="1" index="3" bw="2" slack="0"/>
</pin_list>
<bind>
<opcode="getelementptr(29) " fcode="getelementptr"/>
<opset="gates_addr_2/12 "/>
</bind>
</comp>

<comp id="195" class="1004" name="gates_addr_3_gep_fu_195">
<pin_list>
<pin id="196" dir="0" index="0" bw="32" slack="0"/>
<pin id="197" dir="0" index="1" bw="1" slack="0"/>
<pin id="198" dir="0" index="2" bw="3" slack="0"/>
<pin id="199" dir="1" index="3" bw="2" slack="0"/>
</pin_list>
<bind>
<opcode="getelementptr(29) " fcode="getelementptr"/>
<opset="gates_addr_3/12 "/>
</bind>
</comp>

<comp id="204" class="1004" name="grp_graph_moe_Pipeline_VITIS_LOOP_408_1_VITIS_LOOP_412_2_fu_204">
<pin_list>
<pin id="205" dir="0" index="0" bw="0" slack="0"/>
<pin id="206" dir="0" index="1" bw="32" slack="0"/>
<pin id="207" dir="0" index="2" bw="32" slack="0"/>
<pin id="208" dir="0" index="3" bw="32" slack="0"/>
<pin id="209" dir="0" index="4" bw="32" slack="0"/>
<pin id="210" dir="1" index="5" bw="0" slack="2147483647"/>
</pin_list>
<bind>
<opcode="call(48) " fcode="call"/>
<opset="call_ln0/1 "/>
</bind>
</comp>

<comp id="216" class="1004" name="grp_graph_moe_Pipeline_VITIS_LOOP_428_3_fu_216">
<pin_list>
<pin id="217" dir="0" index="0" bw="0" slack="0"/>
<pin id="218" dir="0" index="1" bw="32" slack="1"/>
<pin id="219" dir="0" index="2" bw="32" slack="2147483647"/>
<pin id="220" dir="0" index="3" bw="32" slack="4"/>
<pin id="221" dir="1" index="4" bw="0" slack="2147483647"/>
</pin_list>
<bind>
<opcode="call(48) " fcode="call"/>
<opset="call_ln426/5 "/>
</bind>
</comp>

<comp id="223" class="1004" name="grp_run_parallel_engines_fu_223">
<pin_list>
<pin id="224" dir="0" index="0" bw="0" slack="0"/>
<pin id="225" dir="0" index="1" bw="32" slack="0"/>
<pin id="226" dir="0" index="2" bw="32" slack="0"/>
<pin id="227" dir="0" index="3" bw="32" slack="0"/>
<pin id="228" dir="0" index="4" bw="32" slack="0"/>
<pin id="229" dir="0" index="5" bw="32" slack="0"/>
<pin id="230" dir="0" index="6" bw="32" slack="0"/>
<pin id="231" dir="0" index="7" bw="32" slack="0"/>
<pin id="232" dir="0" index="8" bw="32" slack="0"/>
<pin id="233" dir="0" index="9" bw="32" slack="0"/>
<pin id="234" dir="0" index="10" bw="32" slack="0"/>
<pin id="235" dir="0" index="11" bw="32" slack="0"/>
<pin id="236" dir="0" index="12" bw="32" slack="0"/>
<pin id="237" dir="0" index="13" bw="32" slack="0"/>
<pin id="238" dir="0" index="14" bw="32" slack="0"/>
<pin id="239" dir="0" index="15" bw="32" slack="0"/>
<pin id="240" dir="0" index="16" bw="32" slack="0"/>
<pin id="241" dir="0" index="17" bw="32" slack="0"/>
<pin id="242" dir="0" index="18" bw="32" slack="0"/>
<pin id="243" dir="0" index="19" bw="32" slack="0"/>
<pin id="244" dir="0" index="20" bw="32" slack="0"/>
<pin id="245" dir="0" index="21" bw="32" slack="0"/>
<pin id="246" dir="0" index="22" bw="32" slack="0"/>
<pin id="247" dir="0" index="23" bw="32" slack="0"/>
<pin id="248" dir="0" index="24" bw="32" slack="0"/>
<pin id="249" dir="0" index="25" bw="32" slack="0"/>
<pin id="250" dir="0" index="26" bw="32" slack="0"/>
<pin id="251" dir="0" index="27" bw="32" slack="0"/>
<pin id="252" dir="0" index="28" bw="32" slack="0"/>
<pin id="253" dir="0" index="29" bw="32" slack="0"/>
<pin id="254" dir="0" index="30" bw="32" slack="0"/>
<pin id="255" dir="0" index="31" bw="32" slack="0"/>
<pin id="256" dir="0" index="32" bw="32" slack="0"/>
<pin id="257" dir="0" index="33" bw="32" slack="0"/>
<pin id="258" dir="0" index="34" bw="32" slack="2147483647"/>
<pin id="259" dir="0" index="35" bw="32" slack="2147483647"/>
<pin id="260" dir="0" index="36" bw="32" slack="2147483647"/>
<pin id="261" dir="0" index="37" bw="32" slack="2147483647"/>
<pin id="262" dir="1" index="38" bw="0" slack="2147483647"/>
</pin_list>
<bind>
<opcode="call(48) " fcode="call"/>
<opset="call_ln463/5 "/>
</bind>
</comp>

<comp id="297" class="1004" name="grp_graph_moe_Pipeline_VITIS_LOOP_437_4_fu_297">
<pin_list>
<pin id="298" dir="0" index="0" bw="0" slack="0"/>
<pin id="299" dir="0" index="1" bw="32" slack="2147483647"/>
<pin id="300" dir="0" index="2" bw="32" slack="0"/>
<pin id="301" dir="0" index="3" bw="32" slack="2147483647"/>
<pin id="302" dir="0" index="4" bw="32" slack="6"/>
<pin id="303" dir="1" index="5" bw="0" slack="2147483647"/>
</pin_list>
<bind>
<opcode="call(48) " fcode="call"/>
<opset="call_ln0/7 "/>
</bind>
</comp>

<comp id="305" class="1004" name="grp_graph_moe_Pipeline_VITIS_LOOP_443_5_fu_305">
<pin_list>
<pin id="306" dir="0" index="0" bw="0" slack="0"/>
<pin id="307" dir="0" index="1" bw="32" slack="2147483647"/>
<pin id="308" dir="0" index="2" bw="32" slack="0"/>
<pin id="309" dir="0" index="3" bw="32" slack="0"/>
<pin id="310" dir="1" index="4" bw="0" slack="2147483647"/>
</pin_list>
<bind>
<opcode="call(48) " fcode="call"/>
<opset="call_ln0/9 "/>
</bind>
</comp>

<comp id="313" class="1004" name="grp_graph_moe_Pipeline_VITIS_LOOP_515_6_fu_313">
<pin_list>
<pin id="314" dir="0" index="0" bw="0" slack="0"/>
<pin id="315" dir="0" index="1" bw="32" slack="2147483647"/>
<pin id="316" dir="0" index="2" bw="32" slack="0"/>
<pin id="317" dir="0" index="3" bw="32" slack="2147483647"/>
<pin id="318" dir="0" index="4" bw="32" slack="0"/>
<pin id="319" dir="0" index="5" bw="32" slack="2147483647"/>
<pin id="320" dir="0" index="6" bw="32" slack="0"/>
<pin id="321" dir="0" index="7" bw="32" slack="2147483647"/>
<pin id="322" dir="0" index="8" bw="32" slack="0"/>
<pin id="323" dir="0" index="9" bw="32" slack="0"/>
<pin id="324" dir="1" index="10" bw="0" slack="2147483647"/>
</pin_list>
<bind>
<opcode="call(48) " fcode="call"/>
<opset="call_ln0/13 "/>
</bind>
</comp>

<comp id="327" class="1004" name="max_logit_1_loc_load_load_fu_327">
<pin_list>
<pin id="328" dir="0" index="0" bw="32" slack="6"/>
<pin id="329" dir="1" index="1" bw="32" slack="0"/>
</pin_list>
<bind>
<opcode="load(27) " fcode="load"/>
<opset="max_logit_1_loc_load/7 "/>
</bind>
</comp>

<comp id="331" class="1004" name="exp_sum_loc_load_load_fu_331">
<pin_list>
<pin id="332" dir="0" index="0" bw="32" slack="8"/>
<pin id="333" dir="1" index="1" bw="32" slack="0"/>
</pin_list>
<bind>
<opcode="load(27) " fcode="load"/>
<opset="exp_sum_loc_load/9 "/>
</bind>
</comp>

<comp id="335" class="1004" name="empty_fu_335">
<pin_list>
<pin id="336" dir="0" index="0" bw="32" slack="1"/>
<pin id="337" dir="1" index="1" bw="32" slack="0"/>
</pin_list>
<bind>
<opcode="bitcast(44) " fcode="bitcast"/>
<opset="empty/13 "/>
</bind>
</comp>

<comp id="339" class="1004" name="empty_32_fu_339">
<pin_list>
<pin id="340" dir="0" index="0" bw="32" slack="1"/>
<pin id="341" dir="1" index="1" bw="32" slack="0"/>
</pin_list>
<bind>
<opcode="bitcast(44) " fcode="bitcast"/>
<opset="empty_32/13 "/>
</bind>
</comp>

<comp id="343" class="1004" name="empty_33_fu_343">
<pin_list>
<pin id="344" dir="0" index="0" bw="32" slack="0"/>
<pin id="345" dir="1" index="1" bw="32" slack="0"/>
</pin_list>
<bind>
<opcode="bitcast(44) " fcode="bitcast"/>
<opset="empty_33/13 "/>
</bind>
</comp>

<comp id="348" class="1004" name="empty_34_fu_348">
<pin_list>
<pin id="349" dir="0" index="0" bw="32" slack="0"/>
<pin id="350" dir="1" index="1" bw="32" slack="0"/>
</pin_list>
<bind>
<opcode="bitcast(44) " fcode="bitcast"/>
<opset="empty_34/13 "/>
</bind>
</comp>

<comp id="353" class="1005" name="exp_sum_loc_reg_353">
<pin_list>
<pin id="354" dir="0" index="0" bw="32" slack="6"/>
<pin id="355" dir="1" index="1" bw="32" slack="6"/>
</pin_list>
<bind>
<opset="exp_sum_loc "/>
</bind>
</comp>

<comp id="359" class="1005" name="max_logit_1_loc_reg_359">
<pin_list>
<pin id="360" dir="0" index="0" bw="32" slack="4"/>
<pin id="361" dir="1" index="1" bw="32" slack="4"/>
</pin_list>
<bind>
<opset="max_logit_1_loc "/>
</bind>
</comp>

<comp id="365" class="1005" name="logits_addr_reg_365">
<pin_list>
<pin id="366" dir="0" index="0" bw="2" slack="1"/>
<pin id="367" dir="1" index="1" bw="2" slack="1"/>
</pin_list>
<bind>
<opset="logits_addr "/>
</bind>
</comp>

<comp id="370" class="1005" name="max_logit_reg_370">
<pin_list>
<pin id="371" dir="0" index="0" bw="32" slack="1"/>
<pin id="372" dir="1" index="1" bw="32" slack="1"/>
</pin_list>
<bind>
<opset="max_logit "/>
</bind>
</comp>

<comp id="381" class="1005" name="gates_addr_reg_381">
<pin_list>
<pin id="382" dir="0" index="0" bw="2" slack="1"/>
<pin id="383" dir="1" index="1" bw="2" slack="1"/>
</pin_list>
<bind>
<opset="gates_addr "/>
</bind>
</comp>

<comp id="386" class="1005" name="gates_addr_1_reg_386">
<pin_list>
<pin id="387" dir="0" index="0" bw="2" slack="1"/>
<pin id="388" dir="1" index="1" bw="2" slack="1"/>
</pin_list>
<bind>
<opset="gates_addr_1 "/>
</bind>
</comp>

<comp id="391" class="1005" name="gates_load_reg_391">
<pin_list>
<pin id="392" dir="0" index="0" bw="32" slack="1"/>
<pin id="393" dir="1" index="1" bw="32" slack="1"/>
</pin_list>
<bind>
<opset="gates_load "/>
</bind>
</comp>

<comp id="396" class="1005" name="gates_load_1_reg_396">
<pin_list>
<pin id="397" dir="0" index="0" bw="32" slack="1"/>
<pin id="398" dir="1" index="1" bw="32" slack="1"/>
</pin_list>
<bind>
<opset="gates_load_1 "/>
</bind>
</comp>

<comp id="401" class="1005" name="gates_addr_2_reg_401">
<pin_list>
<pin id="402" dir="0" index="0" bw="2" slack="1"/>
<pin id="403" dir="1" index="1" bw="2" slack="1"/>
</pin_list>
<bind>
<opset="gates_addr_2 "/>
</bind>
</comp>

<comp id="406" class="1005" name="gates_addr_3_reg_406">
<pin_list>
<pin id="407" dir="0" index="0" bw="2" slack="1"/>
<pin id="408" dir="1" index="1" bw="2" slack="1"/>
</pin_list>
<bind>
<opset="gates_addr_3 "/>
</bind>
</comp>

<comp id="411" class="1005" name="empty_reg_411">
<pin_list>
<pin id="412" dir="0" index="0" bw="32" slack="1"/>
<pin id="413" dir="1" index="1" bw="32" slack="1"/>
</pin_list>
<bind>
<opset="empty "/>
</bind>
</comp>

<comp id="416" class="1005" name="empty_32_reg_416">
<pin_list>
<pin id="417" dir="0" index="0" bw="32" slack="1"/>
<pin id="418" dir="1" index="1" bw="32" slack="1"/>
</pin_list>
<bind>
<opset="empty_32 "/>
</bind>
</comp>

<comp id="421" class="1005" name="empty_33_reg_421">
<pin_list>
<pin id="422" dir="0" index="0" bw="32" slack="1"/>
<pin id="423" dir="1" index="1" bw="32" slack="1"/>
</pin_list>
<bind>
<opset="empty_33 "/>
</bind>
</comp>

<comp id="426" class="1005" name="empty_34_reg_426">
<pin_list>
<pin id="427" dir="0" index="0" bw="32" slack="1"/>
<pin id="428" dir="1" index="1" bw="32" slack="1"/>
</pin_list>
<bind>
<opset="empty_34 "/>
</bind>
</comp>

</comp_list>

<net_list>
<net id="117"><net_src comp="74" pin="0"/><net_sink comp="114" pin=0"/></net>

<net id="121"><net_src comp="74" pin="0"/><net_sink comp="118" pin=0"/></net>

<net id="125"><net_src comp="74" pin="0"/><net_sink comp="122" pin=0"/></net>

<net id="129"><net_src comp="74" pin="0"/><net_sink comp="126" pin=0"/></net>

<net id="133"><net_src comp="74" pin="0"/><net_sink comp="130" pin=0"/></net>

<net id="137"><net_src comp="74" pin="0"/><net_sink comp="134" pin=0"/></net>

<net id="141"><net_src comp="74" pin="0"/><net_sink comp="138" pin=0"/></net>

<net id="145"><net_src comp="74" pin="0"/><net_sink comp="142" pin=0"/></net>

<net id="151"><net_src comp="78" pin="0"/><net_sink comp="146" pin=1"/></net>

<net id="152"><net_src comp="78" pin="0"/><net_sink comp="146" pin=2"/></net>

<net id="158"><net_src comp="146" pin="3"/><net_sink comp="153" pin=0"/></net>

<net id="164"><net_src comp="72" pin="0"/><net_sink comp="159" pin=0"/></net>

<net id="165"><net_src comp="78" pin="0"/><net_sink comp="159" pin=1"/></net>

<net id="166"><net_src comp="78" pin="0"/><net_sink comp="159" pin=2"/></net>

<net id="176"><net_src comp="159" pin="3"/><net_sink comp="167" pin=2"/></net>

<net id="182"><net_src comp="72" pin="0"/><net_sink comp="177" pin=0"/></net>

<net id="183"><net_src comp="78" pin="0"/><net_sink comp="177" pin=1"/></net>

<net id="184"><net_src comp="74" pin="0"/><net_sink comp="177" pin=2"/></net>

<net id="185"><net_src comp="177" pin="3"/><net_sink comp="167" pin=0"/></net>

<net id="191"><net_src comp="72" pin="0"/><net_sink comp="186" pin=0"/></net>

<net id="192"><net_src comp="78" pin="0"/><net_sink comp="186" pin=1"/></net>

<net id="193"><net_src comp="88" pin="0"/><net_sink comp="186" pin=2"/></net>

<net id="194"><net_src comp="186" pin="3"/><net_sink comp="167" pin=2"/></net>

<net id="200"><net_src comp="72" pin="0"/><net_sink comp="195" pin=0"/></net>

<net id="201"><net_src comp="78" pin="0"/><net_sink comp="195" pin=1"/></net>

<net id="202"><net_src comp="90" pin="0"/><net_sink comp="195" pin=2"/></net>

<net id="203"><net_src comp="195" pin="3"/><net_sink comp="167" pin=0"/></net>

<net id="211"><net_src comp="76" pin="0"/><net_sink comp="204" pin=0"/></net>

<net id="212"><net_src comp="2" pin="0"/><net_sink comp="204" pin=1"/></net>

<net id="213"><net_src comp="0" pin="0"/><net_sink comp="204" pin=2"/></net>

<net id="214"><net_src comp="122" pin="1"/><net_sink comp="204" pin=3"/></net>

<net id="215"><net_src comp="4" pin="0"/><net_sink comp="204" pin=4"/></net>

<net id="222"><net_src comp="80" pin="0"/><net_sink comp="216" pin=0"/></net>

<net id="263"><net_src comp="82" pin="0"/><net_sink comp="223" pin=0"/></net>

<net id="264"><net_src comp="0" pin="0"/><net_sink comp="223" pin=1"/></net>

<net id="265"><net_src comp="6" pin="0"/><net_sink comp="223" pin=2"/></net>

<net id="266"><net_src comp="8" pin="0"/><net_sink comp="223" pin=3"/></net>

<net id="267"><net_src comp="10" pin="0"/><net_sink comp="223" pin=4"/></net>

<net id="268"><net_src comp="12" pin="0"/><net_sink comp="223" pin=5"/></net>

<net id="269"><net_src comp="14" pin="0"/><net_sink comp="223" pin=6"/></net>

<net id="270"><net_src comp="16" pin="0"/><net_sink comp="223" pin=7"/></net>

<net id="271"><net_src comp="18" pin="0"/><net_sink comp="223" pin=8"/></net>

<net id="272"><net_src comp="20" pin="0"/><net_sink comp="223" pin=9"/></net>

<net id="273"><net_src comp="22" pin="0"/><net_sink comp="223" pin=10"/></net>

<net id="274"><net_src comp="24" pin="0"/><net_sink comp="223" pin=11"/></net>

<net id="275"><net_src comp="26" pin="0"/><net_sink comp="223" pin=12"/></net>

<net id="276"><net_src comp="28" pin="0"/><net_sink comp="223" pin=13"/></net>

<net id="277"><net_src comp="30" pin="0"/><net_sink comp="223" pin=14"/></net>

<net id="278"><net_src comp="32" pin="0"/><net_sink comp="223" pin=15"/></net>

<net id="279"><net_src comp="34" pin="0"/><net_sink comp="223" pin=16"/></net>

<net id="280"><net_src comp="36" pin="0"/><net_sink comp="223" pin=17"/></net>

<net id="281"><net_src comp="38" pin="0"/><net_sink comp="223" pin=18"/></net>

<net id="282"><net_src comp="40" pin="0"/><net_sink comp="223" pin=19"/></net>

<net id="283"><net_src comp="42" pin="0"/><net_sink comp="223" pin=20"/></net>

<net id="284"><net_src comp="44" pin="0"/><net_sink comp="223" pin=21"/></net>

<net id="285"><net_src comp="46" pin="0"/><net_sink comp="223" pin=22"/></net>

<net id="286"><net_src comp="48" pin="0"/><net_sink comp="223" pin=23"/></net>

<net id="287"><net_src comp="50" pin="0"/><net_sink comp="223" pin=24"/></net>

<net id="288"><net_src comp="52" pin="0"/><net_sink comp="223" pin=25"/></net>

<net id="289"><net_src comp="54" pin="0"/><net_sink comp="223" pin=26"/></net>

<net id="290"><net_src comp="56" pin="0"/><net_sink comp="223" pin=27"/></net>

<net id="291"><net_src comp="58" pin="0"/><net_sink comp="223" pin=28"/></net>

<net id="292"><net_src comp="60" pin="0"/><net_sink comp="223" pin=29"/></net>

<net id="293"><net_src comp="62" pin="0"/><net_sink comp="223" pin=30"/></net>

<net id="294"><net_src comp="64" pin="0"/><net_sink comp="223" pin=31"/></net>

<net id="295"><net_src comp="66" pin="0"/><net_sink comp="223" pin=32"/></net>

<net id="296"><net_src comp="68" pin="0"/><net_sink comp="223" pin=33"/></net>

<net id="304"><net_src comp="84" pin="0"/><net_sink comp="297" pin=0"/></net>

<net id="311"><net_src comp="86" pin="0"/><net_sink comp="305" pin=0"/></net>

<net id="312"><net_src comp="72" pin="0"/><net_sink comp="305" pin=3"/></net>

<net id="325"><net_src comp="92" pin="0"/><net_sink comp="313" pin=0"/></net>

<net id="326"><net_src comp="70" pin="0"/><net_sink comp="313" pin=9"/></net>

<net id="330"><net_src comp="327" pin="1"/><net_sink comp="297" pin=2"/></net>

<net id="334"><net_src comp="331" pin="1"/><net_sink comp="305" pin=2"/></net>

<net id="338"><net_src comp="335" pin="1"/><net_sink comp="313" pin=2"/></net>

<net id="342"><net_src comp="339" pin="1"/><net_sink comp="313" pin=4"/></net>

<net id="346"><net_src comp="167" pin="7"/><net_sink comp="343" pin=0"/></net>

<net id="347"><net_src comp="343" pin="1"/><net_sink comp="313" pin=6"/></net>

<net id="351"><net_src comp="167" pin="3"/><net_sink comp="348" pin=0"/></net>

<net id="352"><net_src comp="348" pin="1"/><net_sink comp="313" pin=8"/></net>

<net id="356"><net_src comp="114" pin="1"/><net_sink comp="353" pin=0"/></net>

<net id="357"><net_src comp="353" pin="1"/><net_sink comp="297" pin=4"/></net>

<net id="358"><net_src comp="353" pin="1"/><net_sink comp="331" pin=0"/></net>

<net id="362"><net_src comp="118" pin="1"/><net_sink comp="359" pin=0"/></net>

<net id="363"><net_src comp="359" pin="1"/><net_sink comp="216" pin=3"/></net>

<net id="364"><net_src comp="359" pin="1"/><net_sink comp="327" pin=0"/></net>

<net id="368"><net_src comp="146" pin="3"/><net_sink comp="365" pin=0"/></net>

<net id="369"><net_src comp="365" pin="1"/><net_sink comp="153" pin=0"/></net>

<net id="373"><net_src comp="153" pin="3"/><net_sink comp="370" pin=0"/></net>

<net id="374"><net_src comp="370" pin="1"/><net_sink comp="216" pin=1"/></net>

<net id="384"><net_src comp="159" pin="3"/><net_sink comp="381" pin=0"/></net>

<net id="385"><net_src comp="381" pin="1"/><net_sink comp="167" pin=2"/></net>

<net id="389"><net_src comp="177" pin="3"/><net_sink comp="386" pin=0"/></net>

<net id="390"><net_src comp="386" pin="1"/><net_sink comp="167" pin=0"/></net>

<net id="394"><net_src comp="167" pin="7"/><net_sink comp="391" pin=0"/></net>

<net id="395"><net_src comp="391" pin="1"/><net_sink comp="335" pin=0"/></net>

<net id="399"><net_src comp="167" pin="3"/><net_sink comp="396" pin=0"/></net>

<net id="400"><net_src comp="396" pin="1"/><net_sink comp="339" pin=0"/></net>

<net id="404"><net_src comp="186" pin="3"/><net_sink comp="401" pin=0"/></net>

<net id="405"><net_src comp="401" pin="1"/><net_sink comp="167" pin=2"/></net>

<net id="409"><net_src comp="195" pin="3"/><net_sink comp="406" pin=0"/></net>

<net id="410"><net_src comp="406" pin="1"/><net_sink comp="167" pin=0"/></net>

<net id="414"><net_src comp="335" pin="1"/><net_sink comp="411" pin=0"/></net>

<net id="415"><net_src comp="411" pin="1"/><net_sink comp="313" pin=2"/></net>

<net id="419"><net_src comp="339" pin="1"/><net_sink comp="416" pin=0"/></net>

<net id="420"><net_src comp="416" pin="1"/><net_sink comp="313" pin=4"/></net>

<net id="424"><net_src comp="343" pin="1"/><net_sink comp="421" pin=0"/></net>

<net id="425"><net_src comp="421" pin="1"/><net_sink comp="313" pin=6"/></net>

<net id="429"><net_src comp="348" pin="1"/><net_sink comp="426" pin=0"/></net>

<net id="430"><net_src comp="426" pin="1"/><net_sink comp="313" pin=8"/></net>

</net_list>

</model> 
---------------- Datapath Model END ------------------

* FSMD analyzer results:
  - Output states:
	Port: output_r | {13 14 }
	Port: gates | {9 10 }
 - Input state : 
	Port: graph_moe : input_r | {1 2 5 6 }
	Port: graph_moe : gate_weight | {1 2 }
	Port: graph_moe : gate_bias | {1 2 }
	Port: graph_moe : w1_0 | {5 6 }
	Port: graph_moe : b1_0 | {5 6 }
	Port: graph_moe : w2_0 | {5 6 }
	Port: graph_moe : b2_0 | {5 6 }
	Port: graph_moe : w3_0 | {5 6 }
	Port: graph_moe : b3_0 | {5 6 }
	Port: graph_moe : w4_0 | {5 6 }
	Port: graph_moe : b4_0 | {5 6 }
	Port: graph_moe : w1_2 | {5 6 }
	Port: graph_moe : b1_2 | {5 6 }
	Port: graph_moe : w2_2 | {5 6 }
	Port: graph_moe : b2_2 | {5 6 }
	Port: graph_moe : w3_2 | {5 6 }
	Port: graph_moe : b3_2 | {5 6 }
	Port: graph_moe : w4_2 | {5 6 }
	Port: graph_moe : b4_2 | {5 6 }
	Port: graph_moe : w1_1 | {5 6 }
	Port: graph_moe : b1_1 | {5 6 }
	Port: graph_moe : w2_1 | {5 6 }
	Port: graph_moe : b2_1 | {5 6 }
	Port: graph_moe : w3_1 | {5 6 }
	Port: graph_moe : b3_1 | {5 6 }
	Port: graph_moe : w4_1 | {5 6 }
	Port: graph_moe : b4_1 | {5 6 }
	Port: graph_moe : w1_3 | {5 6 }
	Port: graph_moe : b1_3 | {5 6 }
	Port: graph_moe : w2_3 | {5 6 }
	Port: graph_moe : b2_3 | {5 6 }
	Port: graph_moe : w3_3 | {5 6 }
	Port: graph_moe : b3_3 | {5 6 }
	Port: graph_moe : w4_3 | {5 6 }
	Port: graph_moe : b4_3 | {5 6 }
	Port: graph_moe : gates | {11 12 13 }
  - Chain level:
	State 1
		call_ln0 : 1
	State 2
	State 3
		max_logit : 1
	State 4
	State 5
	State 6
	State 7
		call_ln0 : 1
	State 8
	State 9
		call_ln0 : 1
	State 10
	State 11
		gates_load : 1
		gates_load_1 : 1
	State 12
		gates_load_2 : 1
		gates_load_3 : 1
	State 13
		empty_33 : 1
		empty_34 : 1
		call_ln0 : 2
	State 14


============================================================
+ Verbose Summary: Datapath Resource usage 
============================================================

* Functional unit list:
|----------|-----------------------------------------------------------------|---------|---------|---------|---------|---------|---------|
| Operation|                         Functional Unit                         |   BRAM  |   DSP   |  Delay  |    FF   |   LUT   |   URAM  |
|----------|-----------------------------------------------------------------|---------|---------|---------|---------|---------|---------|
|          | grp_graph_moe_Pipeline_VITIS_LOOP_408_1_VITIS_LOOP_412_2_fu_204 |    0    |    5    |  2.172  |   513   |   483   |    0    |
|          |          grp_graph_moe_Pipeline_VITIS_LOOP_428_3_fu_216         |    0    |    0    |  0.362  |   102   |   159   |    0    |
|   call   |                 grp_run_parallel_engines_fu_223                 |    4    |    98   |  50.188 |  10598  |  10466  |    0    |
|          |          grp_graph_moe_Pipeline_VITIS_LOOP_437_4_fu_297         |    0    |    11   |  1.086  |   756   |   1250  |    0    |
|          |          grp_graph_moe_Pipeline_VITIS_LOOP_443_5_fu_305         |    0    |    0    |  0.724  |   134   |    38   |    0    |
|          |          grp_graph_moe_Pipeline_VITIS_LOOP_515_6_fu_313         |    0    |    20   |  2.896  |   1780  |   1336  |    0    |
|----------|-----------------------------------------------------------------|---------|---------|---------|---------|---------|---------|
|   Total  |                                                                 |    4    |   134   |  57.428 |  13883  |  13732  |    0    |
|----------|-----------------------------------------------------------------|---------|---------|---------|---------|---------|---------|

Memories:
+----------+--------+--------+--------+--------+
|          |  BRAM  |   FF   |   LUT  |  URAM  |
+----------+--------+--------+--------+--------+
|exp_logits|    0   |   32   |    2   |    0   |
|  logits  |    0   |   32   |    2   |    0   |
|  outA_0  |    0   |   32   |    3   |    0   |
|  outA_1  |    0   |   32   |    3   |    0   |
|  outB_0  |    0   |   32   |    3   |    0   |
|  outB_1  |    0   |   32   |    3   |    0   |
+----------+--------+--------+--------+--------+
|   Total  |    0   |   192  |   16   |    0   |
+----------+--------+--------+--------+--------+

* Register list:
+-----------------------+--------+
|                       |   FF   |
+-----------------------+--------+
|    empty_32_reg_416   |   32   |
|    empty_33_reg_421   |   32   |
|    empty_34_reg_426   |   32   |
|     empty_reg_411     |   32   |
|  exp_sum_loc_reg_353  |   32   |
|  gates_addr_1_reg_386 |    2   |
|  gates_addr_2_reg_401 |    2   |
|  gates_addr_3_reg_406 |    2   |
|   gates_addr_reg_381  |    2   |
|  gates_load_1_reg_396 |   32   |
|   gates_load_reg_391  |   32   |
|  logits_addr_reg_365  |    2   |
|max_logit_1_loc_reg_359|   32   |
|   max_logit_reg_370   |   32   |
+-----------------------+--------+
|         Total         |   298  |
+-----------------------+--------+

* Multiplexer (MUX) list: 
|------------------------------------------------|------|------|------|--------||---------||---------|
|                      Comp                      |  Pin | Size |  BW  | S x BW ||  Delay  ||   LUT   |
|------------------------------------------------|------|------|------|--------||---------||---------|
|                grp_access_fu_153               |  p0  |   2  |   2  |    4   ||    9    |
|                grp_access_fu_167               |  p0  |   4  |   2  |    8   ||    20   |
|                grp_access_fu_167               |  p2  |   4  |   0  |    0   ||    20   |
| grp_graph_moe_Pipeline_VITIS_LOOP_515_6_fu_313 |  p2  |   2  |  32  |   64   ||    9    |
| grp_graph_moe_Pipeline_VITIS_LOOP_515_6_fu_313 |  p4  |   2  |  32  |   64   ||    9    |
| grp_graph_moe_Pipeline_VITIS_LOOP_515_6_fu_313 |  p6  |   2  |  32  |   64   ||    9    |
| grp_graph_moe_Pipeline_VITIS_LOOP_515_6_fu_313 |  p8  |   2  |  32  |   64   ||    9    |
|------------------------------------------------|------|------|------|--------||---------||---------|
|                      Total                     |      |      |      |   268  ||   2.65  ||    85   |
|------------------------------------------------|------|------|------|--------||---------||---------|



* Summary:
+-----------+--------+--------+--------+--------+--------+--------+
|           |  BRAM  |   DSP  |  Delay |   FF   |   LUT  |  URAM  |
+-----------+--------+--------+--------+--------+--------+--------+
|  Function |    4   |   134  |   57   |  13883 |  13732 |    0   |
|   Memory  |    0   |    -   |    -   |   192  |   16   |    0   |
|Multiplexer|    -   |    -   |    2   |    -   |   85   |    -   |
|  Register |    -   |    -   |    -   |   298  |    -   |    -   |
+-----------+--------+--------+--------+--------+--------+--------+
|   Total   |    4   |   134  |   60   |  14373 |  13833 |    0   |
+-----------+--------+--------+--------+--------+--------+--------+
