

================================================================
== Vitis HLS Report for 'graph_moe_Pipeline_VITIS_LOOP_408_1_VITIS_LOOP_412_2'
================================================================
* Date:           Sat Sep 12 20:19:18 2026

* Version:        2023.2 (Build 4023990 on Oct 11 2023)
* Project:        HLS_GraphMoE_Run6
* Solution:       solution1 (Vivado IP Flow Target)
* Product family: virtexuplus
* Target device:  xcvu13p_CIV-figd2104-3-e


================================================================
== Performance Estimates
================================================================
+ Timing: 
    * Summary: 
    +--------+----------+----------+------------+
    |  Clock |  Target  | Estimated| Uncertainty|
    +--------+----------+----------+------------+
    |ap_clk  |  10.00 ns|  6.951 ns|     2.70 ns|
    +--------+----------+----------+------------+

+ Latency: 
    * Summary: 
    +---------+---------+----------+----------+-----+-----+---------+
    |  Latency (cycles) |  Latency (absolute) |  Interval | Pipeline|
    |   min   |   max   |    min   |    max   | min | max |   Type  |
    +---------+---------+----------+----------+-----+-----+---------+
    |      517|      517|  5.170 us|  5.170 us|  517|  517|       no|
    +---------+---------+----------+----------+-----+-----+---------+

    + Detail: 
        * Instance: 
        N/A

        * Loop: 
        +-------------------------------------+---------+---------+----------+-----------+-----------+------+----------+
        |                                     |  Latency (cycles) | Iteration|  Initiation Interval  | Trip |          |
        |              Loop Name              |   min   |   max   |  Latency |  achieved |   target  | Count| Pipelined|
        +-------------------------------------+---------+---------+----------+-----------+-----------+------+----------+
        |- VITIS_LOOP_408_1_VITIS_LOOP_412_2  |      515|      515|         5|          1|          1|   512|       yes|
        +-------------------------------------+---------+---------+----------+-----------+-----------+------+----------+



================================================================
== Utilization Estimates
================================================================
* Summary: 
+---------------------+---------+-------+---------+---------+------+
|         Name        | BRAM_18K|  DSP  |    FF   |   LUT   | URAM |
+---------------------+---------+-------+---------+---------+------+
|DSP                  |        -|      -|        -|        -|     -|
|Expression           |        -|      -|        0|      125|     -|
|FIFO                 |        -|      -|        -|        -|     -|
|Instance             |        -|      -|        -|        -|     -|
|Memory               |        -|      -|        -|        -|     -|
|Multiplexer          |        -|      -|        -|       95|     -|
|Register             |        -|      -|      299|       96|     -|
+---------------------+---------+-------+---------+---------+------+
|Total                |        0|      0|      299|      316|     0|
+---------------------+---------+-------+---------+---------+------+
|Available SLR        |     1344|   3072|   864000|   432000|   320|
+---------------------+---------+-------+---------+---------+------+
|Utilization SLR (%)  |        0|      0|       ~0|       ~0|     0|
+---------------------+---------+-------+---------+---------+------+
|Available            |     5376|  12288|  3456000|  1728000|  1280|
+---------------------+---------+-------+---------+---------+------+
|Utilization (%)      |        0|      0|       ~0|       ~0|     0|
+---------------------+---------+-------+---------+---------+------+

+ Detail: 
    * Instance: 
    N/A

    * DSP: 
    N/A

    * Memory: 
    N/A

    * FIFO: 
    N/A

    * Expression: 
    +--------------------------+----------+----+---+----+------------+------------+
    |       Variable Name      | Operation| DSP| FF| LUT| Bitwidth P0| Bitwidth P1|
    +--------------------------+----------+----+---+----+------------+------------+
    |add_ln408_1_fu_167_p2     |         +|   0|  0|  17|          10|           1|
    |add_ln408_fu_179_p2       |         +|   0|  0|  10|           3|           1|
    |add_ln412_fu_245_p2       |         +|   0|  0|  15|           8|           1|
    |add_ln415_fu_234_p2       |         +|   0|  0|  16|           9|           9|
    |ap_condition_322          |       and|   0|  0|   2|           1|           1|
    |icmp_ln408_fu_161_p2      |      icmp|   0|  0|  18|          10|          11|
    |icmp_ln412_1_fu_251_p2    |      icmp|   0|  0|  16|           8|           9|
    |icmp_ln412_fu_185_p2      |      icmp|   0|  0|  16|           8|           9|
    |or_ln408_fu_191_p2        |        or|   0|  0|   2|           1|           1|
    |select_ln408_1_fu_205_p3  |    select|   0|  0|   3|           1|           3|
    |select_ln408_fu_197_p3    |    select|   0|  0|   8|           1|           1|
    |ap_enable_pp0             |       xor|   0|  0|   2|           1|           2|
    +--------------------------+----------+----+---+----+------------+------------+
    |Total                     |          |   0|  0| 125|          61|          49|
    +--------------------------+----------+----+---+----+------------+------------+

    * Multiplexer: 
    +--------------------------------------+----+-----------+-----+-----------+
    |                 Name                 | LUT| Input Size| Bits| Total Bits|
    +--------------------------------------+----+-----------+-----+-----------+
    |ap_done_int                           |   9|          2|    1|          2|
    |ap_enable_reg_pp0_iter1               |   9|          2|    1|          2|
    |ap_sig_allocacmp_e_load               |   9|          2|    3|          6|
    |ap_sig_allocacmp_i_load               |   9|          2|    8|         16|
    |ap_sig_allocacmp_indvar_flatten_load  |   9|          2|   10|         20|
    |ap_sig_allocacmp_sum_1_load           |  14|          3|   32|         96|
    |e_fu_60                               |   9|          2|    3|          6|
    |i_fu_56                               |   9|          2|    8|         16|
    |indvar_flatten_fu_64                  |   9|          2|   10|         20|
    |sum_1_fu_68                           |   9|          2|   32|         64|
    +--------------------------------------+----+-----------+-----+-----------+
    |Total                                 |  95|         21|  108|        248|
    +--------------------------------------+----+-----------+-----+-----------+

    * Register: 
    +--------------------------------------+----+----+-----+-----------+
    |                 Name                 | FF | LUT| Bits| Const Bits|
    +--------------------------------------+----+----+-----+-----------+
    |ap_CS_fsm                             |   1|   0|    1|          0|
    |ap_done_reg                           |   1|   0|    1|          0|
    |ap_enable_reg_pp0_iter1               |   1|   0|    1|          0|
    |ap_enable_reg_pp0_iter2               |   1|   0|    1|          0|
    |ap_enable_reg_pp0_iter3               |   1|   0|    1|          0|
    |ap_enable_reg_pp0_iter4               |   1|   0|    1|          0|
    |ap_loop_exit_ready_pp0_iter1_reg      |   1|   0|    1|          0|
    |ap_loop_exit_ready_pp0_iter2_reg      |   1|   0|    1|          0|
    |ap_loop_exit_ready_pp0_iter3_reg      |   1|   0|    1|          0|
    |e_fu_60                               |   3|   0|    3|          0|
    |i_fu_56                               |   8|   0|    8|          0|
    |icmp_ln408_reg_333                    |   1|   0|    1|          0|
    |icmp_ln412_1_reg_356                  |   1|   0|    1|          0|
    |indvar_flatten_fu_64                  |  10|   0|   10|          0|
    |logits_addr_reg_380                   |   2|   0|    2|          0|
    |logits_addr_reg_380_pp0_iter3_reg     |   2|   0|    2|          0|
    |mul_reg_375                           |  32|   0|   32|          0|
    |or_ln408_reg_337                      |   1|   0|    1|          0|
    |select_ln408_1_reg_341                |   3|   0|    3|          0|
    |select_ln408_1_reg_341_pp0_iter1_reg  |   3|   0|    3|          0|
    |sum_1_fu_68                           |  32|   0|   32|          0|
    |icmp_ln408_reg_333                    |  64|  32|    1|          0|
    |icmp_ln412_1_reg_356                  |  64|  32|    1|          0|
    |or_ln408_reg_337                      |  64|  32|    1|          0|
    +--------------------------------------+----+----+-----+-----------+
    |Total                                 | 299|  96|  110|          0|
    +--------------------------------------+----+----+-----+-----------+



================================================================
== Interface
================================================================
* Summary: 
+----------------------+-----+-----+------------+------------------------------------------------------+--------------+
|       RTL Ports      | Dir | Bits|  Protocol  |                     Source Object                    |    C Type    |
+----------------------+-----+-----+------------+------------------------------------------------------+--------------+
|ap_clk                |   in|    1|  ap_ctrl_hs|  graph_moe_Pipeline_VITIS_LOOP_408_1_VITIS_LOOP_412_2|  return value|
|ap_rst                |   in|    1|  ap_ctrl_hs|  graph_moe_Pipeline_VITIS_LOOP_408_1_VITIS_LOOP_412_2|  return value|
|ap_start              |   in|    1|  ap_ctrl_hs|  graph_moe_Pipeline_VITIS_LOOP_408_1_VITIS_LOOP_412_2|  return value|
|ap_done               |  out|    1|  ap_ctrl_hs|  graph_moe_Pipeline_VITIS_LOOP_408_1_VITIS_LOOP_412_2|  return value|
|ap_idle               |  out|    1|  ap_ctrl_hs|  graph_moe_Pipeline_VITIS_LOOP_408_1_VITIS_LOOP_412_2|  return value|
|ap_ready              |  out|    1|  ap_ctrl_hs|  graph_moe_Pipeline_VITIS_LOOP_408_1_VITIS_LOOP_412_2|  return value|
|grp_fu_431_p_din0     |  out|   32|  ap_ctrl_hs|  graph_moe_Pipeline_VITIS_LOOP_408_1_VITIS_LOOP_412_2|  return value|
|grp_fu_431_p_din1     |  out|   32|  ap_ctrl_hs|  graph_moe_Pipeline_VITIS_LOOP_408_1_VITIS_LOOP_412_2|  return value|
|grp_fu_431_p_opcode   |  out|    1|  ap_ctrl_hs|  graph_moe_Pipeline_VITIS_LOOP_408_1_VITIS_LOOP_412_2|  return value|
|grp_fu_431_p_dout0    |   in|   32|  ap_ctrl_hs|  graph_moe_Pipeline_VITIS_LOOP_408_1_VITIS_LOOP_412_2|  return value|
|grp_fu_431_p_ce       |  out|    1|  ap_ctrl_hs|  graph_moe_Pipeline_VITIS_LOOP_408_1_VITIS_LOOP_412_2|  return value|
|grp_fu_435_p_din0     |  out|   32|  ap_ctrl_hs|  graph_moe_Pipeline_VITIS_LOOP_408_1_VITIS_LOOP_412_2|  return value|
|grp_fu_435_p_din1     |  out|   32|  ap_ctrl_hs|  graph_moe_Pipeline_VITIS_LOOP_408_1_VITIS_LOOP_412_2|  return value|
|grp_fu_435_p_dout0    |   in|   32|  ap_ctrl_hs|  graph_moe_Pipeline_VITIS_LOOP_408_1_VITIS_LOOP_412_2|  return value|
|grp_fu_435_p_ce       |  out|    1|  ap_ctrl_hs|  graph_moe_Pipeline_VITIS_LOOP_408_1_VITIS_LOOP_412_2|  return value|
|gate_weight_address0  |  out|    9|   ap_memory|                                           gate_weight|         array|
|gate_weight_ce0       |  out|    1|   ap_memory|                                           gate_weight|         array|
|gate_weight_q0        |   in|   32|   ap_memory|                                           gate_weight|         array|
|input_r_address0      |  out|    7|   ap_memory|                                               input_r|         array|
|input_r_ce0           |  out|    1|   ap_memory|                                               input_r|         array|
|input_r_q0            |   in|   32|   ap_memory|                                               input_r|         array|
|logits_address0       |  out|    2|   ap_memory|                                                logits|         array|
|logits_ce0            |  out|    1|   ap_memory|                                                logits|         array|
|logits_we0            |  out|    1|   ap_memory|                                                logits|         array|
|logits_d0             |  out|   32|   ap_memory|                                                logits|         array|
|gate_bias_address0    |  out|    2|   ap_memory|                                             gate_bias|         array|
|gate_bias_ce0         |  out|    1|   ap_memory|                                             gate_bias|         array|
|gate_bias_q0          |   in|   32|   ap_memory|                                             gate_bias|         array|
+----------------------+-----+-----+------------+------------------------------------------------------+--------------+

============================================================
+ Verbose Summary: Synthesis Manager
============================================================
InlineROM: 1
ExposeGlobal: 0
============================================================
+ Verbose Summary: CDFG Model
============================================================
IsTopModel: 0
ResetActiveHigh: 1
IsCombinational: 2
IsDatapathOnly: 2
HasWiredReturn: 1
HasMFsm: 2
HasVarLatency: 1
IsPipeline: 0
IsRtlPipelined: 0
IsInstanceOverlapped: 0
IsDontTouch: 0
HasImplIP: 0
IsGatedGlobalClock: 0

+ Individual pipeline summary: 
  * Pipeline-0: initiation interval (II) = 1, depth = 5


============================================================
+ Verbose Summary: Schedule
============================================================
* Number of FSM states : 5
* Pipeline : 1
  Pipeline-0 : II = 1, D = 5, States = { 1 2 3 4 5 }
* Dataflow Pipeline: 0

* FSM state transitions: 
1 --> 2 
2 --> 3 
3 --> 4 
4 --> 5 
5 --> 

* FSM state operations: 

State 1 <SV = 0> <Delay = 2.97>
ST_1 : Operation 8 [1/1] (0.00ns)   --->   "%i = alloca i32 1" [src/moe.cpp:412]   --->   Operation 8 'alloca' 'i' <Predicate = true> <Delay = 0.00>
ST_1 : Operation 9 [1/1] (0.00ns)   --->   "%e = alloca i32 1" [src/moe.cpp:408]   --->   Operation 9 'alloca' 'e' <Predicate = true> <Delay = 0.00>
ST_1 : Operation 10 [1/1] (0.00ns)   --->   "%indvar_flatten = alloca i32 1"   --->   Operation 10 'alloca' 'indvar_flatten' <Predicate = true> <Delay = 0.00>
ST_1 : Operation 11 [1/1] (0.00ns)   --->   "%sum_1 = alloca i32 1" [src/moe.cpp:410]   --->   Operation 11 'alloca' 'sum_1' <Predicate = true> <Delay = 0.00>
ST_1 : Operation 12 [1/1] (0.00ns)   --->   "%specinterface_ln0 = specinterface void @_ssdm_op_SpecInterface, i32 %gate_bias, void @empty_2, i32 0, i32 0, void @empty_3, i32 4294967295, i32 0, void @empty_3, void @empty_3, void @empty_3, i32 0, i32 0, i32 0, i32 0, void @empty_3, void @empty_3, i32 4294967295, i32 0"   --->   Operation 12 'specinterface' 'specinterface_ln0' <Predicate = true> <Delay = 0.00>
ST_1 : Operation 13 [1/1] (0.00ns)   --->   "%specinterface_ln0 = specinterface void @_ssdm_op_SpecInterface, i32 %gate_weight, void @empty_2, i32 0, i32 0, void @empty_3, i32 4294967295, i32 0, void @empty_3, void @empty_3, void @empty_3, i32 0, i32 0, i32 0, i32 0, void @empty_3, void @empty_3, i32 4294967295, i32 0"   --->   Operation 13 'specinterface' 'specinterface_ln0' <Predicate = true> <Delay = 0.00>
ST_1 : Operation 14 [1/1] (0.00ns)   --->   "%specinterface_ln0 = specinterface void @_ssdm_op_SpecInterface, i32 %input_r, void @empty_2, i32 0, i32 0, void @empty_3, i32 4294967295, i32 0, void @empty_3, void @empty_3, void @empty_3, i32 0, i32 0, i32 0, i32 0, void @empty_3, void @empty_3, i32 4294967295, i32 0"   --->   Operation 14 'specinterface' 'specinterface_ln0' <Predicate = true> <Delay = 0.00>
ST_1 : Operation 15 [1/1] (0.36ns)   --->   "%store_ln0 = store i10 0, i10 %indvar_flatten"   --->   Operation 15 'store' 'store_ln0' <Predicate = true> <Delay = 0.36>
ST_1 : Operation 16 [1/1] (0.36ns)   --->   "%store_ln408 = store i3 0, i3 %e" [src/moe.cpp:408]   --->   Operation 16 'store' 'store_ln408' <Predicate = true> <Delay = 0.36>
ST_1 : Operation 17 [1/1] (0.36ns)   --->   "%store_ln412 = store i8 0, i8 %i" [src/moe.cpp:412]   --->   Operation 17 'store' 'store_ln412' <Predicate = true> <Delay = 0.36>
ST_1 : Operation 18 [1/1] (0.36ns)   --->   "%br_ln0 = br void %for.inc"   --->   Operation 18 'br' 'br_ln0' <Predicate = true> <Delay = 0.36>
ST_1 : Operation 19 [1/1] (0.00ns)   --->   "%first_iter_0 = phi i1 1, void %newFuncRoot, i1 0, void %new.latch.for.inc.split"   --->   Operation 19 'phi' 'first_iter_0' <Predicate = true> <Delay = 0.00>
ST_1 : Operation 20 [1/1] (0.00ns)   --->   "%indvar_flatten_load = load i10 %indvar_flatten" [src/moe.cpp:408]   --->   Operation 20 'load' 'indvar_flatten_load' <Predicate = true> <Delay = 0.00>
ST_1 : Operation 21 [1/1] (0.66ns)   --->   "%icmp_ln408 = icmp_eq  i10 %indvar_flatten_load, i10 512" [src/moe.cpp:408]   --->   Operation 21 'icmp' 'icmp_ln408' <Predicate = true> <Delay = 0.66> <CoreInst = "Cmp">   --->   Core 9 'Cmp' <Latency = 0> <II = 1> <Delay = 0.67> <FuncUnit> <Opcode : 'icmp'> <InPorts = 2> <OutPorts = 1>
ST_1 : Operation 22 [1/1] (0.66ns)   --->   "%add_ln408_1 = add i10 %indvar_flatten_load, i10 1" [src/moe.cpp:408]   --->   Operation 22 'add' 'add_ln408_1' <Predicate = true> <Delay = 0.66> <CoreInst = "Adder">   --->   Core 1 'Adder' <Latency = 0> <II = 1> <Delay = 0.66> <FuncUnit> <Opcode : 'add' 'sub'> <InPorts = 2> <OutPorts = 1>
ST_1 : Operation 23 [1/1] (0.00ns)   --->   "%br_ln408 = br i1 %icmp_ln408, void %for.inc13, void %for.end15.exitStub" [src/moe.cpp:408]   --->   Operation 23 'br' 'br_ln408' <Predicate = true> <Delay = 0.00>
ST_1 : Operation 24 [1/1] (0.00ns)   --->   "%i_load = load i8 %i" [src/moe.cpp:412]   --->   Operation 24 'load' 'i_load' <Predicate = (!icmp_ln408)> <Delay = 0.00>
ST_1 : Operation 25 [1/1] (0.00ns)   --->   "%e_load = load i3 %e" [src/moe.cpp:408]   --->   Operation 25 'load' 'e_load' <Predicate = (!icmp_ln408)> <Delay = 0.00>
ST_1 : Operation 26 [1/1] (0.52ns)   --->   "%add_ln408 = add i3 %e_load, i3 1" [src/moe.cpp:408]   --->   Operation 26 'add' 'add_ln408' <Predicate = (!icmp_ln408)> <Delay = 0.52> <CoreInst = "Adder">   --->   Core 1 'Adder' <Latency = 0> <II = 1> <Delay = 0.52> <FuncUnit> <Opcode : 'add' 'sub'> <InPorts = 2> <OutPorts = 1>
ST_1 : Operation 27 [1/1] (0.65ns)   --->   "%icmp_ln412 = icmp_eq  i8 %i_load, i8 128" [src/moe.cpp:412]   --->   Operation 27 'icmp' 'icmp_ln412' <Predicate = (!icmp_ln408)> <Delay = 0.65> <CoreInst = "Cmp">   --->   Core 9 'Cmp' <Latency = 0> <II = 1> <Delay = 0.65> <FuncUnit> <Opcode : 'icmp'> <InPorts = 2> <OutPorts = 1>
ST_1 : Operation 28 [1/1] (0.11ns)   --->   "%or_ln408 = or i1 %icmp_ln412, i1 %first_iter_0" [src/moe.cpp:408]   --->   Operation 28 'or' 'or_ln408' <Predicate = (!icmp_ln408)> <Delay = 0.11> <CoreInst = "LogicGate">   --->   Core 74 'LogicGate' <Latency = 0> <II = 1> <Delay = 0.11> <FuncUnit> <Opcode : 'and' 'or' 'xor'> <InPorts = 2> <OutPorts = 1>
ST_1 : Operation 29 [1/1] (0.27ns)   --->   "%select_ln408 = select i1 %icmp_ln412, i8 0, i8 %i_load" [src/moe.cpp:408]   --->   Operation 29 'select' 'select_ln408' <Predicate = (!icmp_ln408)> <Delay = 0.27> <CoreInst = "Sel">   --->   Core 73 'Sel' <Latency = 0> <II = 1> <Delay = 0.27> <FuncUnit> <Opcode : 'select'> <InPorts = 3> <OutPorts = 1>
ST_1 : Operation 30 [1/1] (0.25ns)   --->   "%select_ln408_1 = select i1 %icmp_ln412, i3 %add_ln408, i3 %e_load" [src/moe.cpp:408]   --->   Operation 30 'select' 'select_ln408_1' <Predicate = (!icmp_ln408)> <Delay = 0.25> <CoreInst = "Sel">   --->   Core 73 'Sel' <Latency = 0> <II = 1> <Delay = 0.25> <FuncUnit> <Opcode : 'select'> <InPorts = 3> <OutPorts = 1>
ST_1 : Operation 31 [1/1] (0.00ns)   --->   "%trunc_ln408 = trunc i3 %select_ln408_1" [src/moe.cpp:408]   --->   Operation 31 'trunc' 'trunc_ln408' <Predicate = (!icmp_ln408)> <Delay = 0.00>
ST_1 : Operation 32 [1/1] (0.00ns)   --->   "%tmp_4 = bitconcatenate i9 @_ssdm_op_BitConcatenate.i9.i2.i7, i2 %trunc_ln408, i7 0" [src/moe.cpp:415]   --->   Operation 32 'bitconcatenate' 'tmp_4' <Predicate = (!icmp_ln408)> <Delay = 0.00>
ST_1 : Operation 33 [1/1] (0.00ns)   --->   "%br_ln412 = br i1 %or_ln408, void %for.inc.split, void %for.first.iter.for.inc" [src/moe.cpp:412]   --->   Operation 33 'br' 'br_ln412' <Predicate = (!icmp_ln408)> <Delay = 0.00>
ST_1 : Operation 34 [1/1] (0.00ns)   --->   "%zext_ln412 = zext i8 %select_ln408" [src/moe.cpp:412]   --->   Operation 34 'zext' 'zext_ln412' <Predicate = (!icmp_ln408)> <Delay = 0.00>
ST_1 : Operation 35 [1/1] (0.00ns)   --->   "%zext_ln415 = zext i8 %select_ln408" [src/moe.cpp:415]   --->   Operation 35 'zext' 'zext_ln415' <Predicate = (!icmp_ln408)> <Delay = 0.00>
ST_1 : Operation 36 [1/1] (0.65ns)   --->   "%add_ln415 = add i9 %tmp_4, i9 %zext_ln415" [src/moe.cpp:415]   --->   Operation 36 'add' 'add_ln415' <Predicate = (!icmp_ln408)> <Delay = 0.65> <CoreInst = "Adder">   --->   Core 1 'Adder' <Latency = 0> <II = 1> <Delay = 0.65> <FuncUnit> <Opcode : 'add' 'sub'> <InPorts = 2> <OutPorts = 1>
ST_1 : Operation 37 [1/1] (0.00ns)   --->   "%zext_ln415_1 = zext i9 %add_ln415" [src/moe.cpp:415]   --->   Operation 37 'zext' 'zext_ln415_1' <Predicate = (!icmp_ln408)> <Delay = 0.00>
ST_1 : Operation 38 [1/1] (0.00ns)   --->   "%gate_weight_addr = getelementptr i32 %gate_weight, i64 0, i64 %zext_ln415_1" [src/moe.cpp:415]   --->   Operation 38 'getelementptr' 'gate_weight_addr' <Predicate = (!icmp_ln408)> <Delay = 0.00>
ST_1 : Operation 39 [2/2] (1.02ns)   --->   "%gate_weight_load = load i9 %gate_weight_addr" [src/moe.cpp:415]   --->   Operation 39 'load' 'gate_weight_load' <Predicate = (!icmp_ln408)> <Delay = 1.02> <CoreInst = "RAM">   --->   Core 83 'RAM' <Latency = 1> <II = 1> <Delay = 1.02> <Storage> <Opcode : 'load' 'store'> <Ports = 2> <Width = 32> <Depth = 512> <RAM>
ST_1 : Operation 40 [1/1] (0.00ns)   --->   "%input_r_addr = getelementptr i32 %input_r, i64 0, i64 %zext_ln412" [src/moe.cpp:415]   --->   Operation 40 'getelementptr' 'input_r_addr' <Predicate = (!icmp_ln408)> <Delay = 0.00>
ST_1 : Operation 41 [2/2] (1.02ns)   --->   "%input_r_load = load i7 %input_r_addr" [src/moe.cpp:415]   --->   Operation 41 'load' 'input_r_load' <Predicate = (!icmp_ln408)> <Delay = 1.02> <CoreInst = "RAM">   --->   Core 83 'RAM' <Latency = 1> <II = 1> <Delay = 1.02> <Storage> <Opcode : 'load' 'store'> <Ports = 2> <Width = 32> <Depth = 128> <RAM>
ST_1 : Operation 42 [1/1] (0.65ns)   --->   "%add_ln412 = add i8 %select_ln408, i8 1" [src/moe.cpp:412]   --->   Operation 42 'add' 'add_ln412' <Predicate = (!icmp_ln408)> <Delay = 0.65> <CoreInst = "Adder">   --->   Core 1 'Adder' <Latency = 0> <II = 1> <Delay = 0.65> <FuncUnit> <Opcode : 'add' 'sub'> <InPorts = 2> <OutPorts = 1>
ST_1 : Operation 43 [1/1] (0.65ns)   --->   "%icmp_ln412_1 = icmp_eq  i8 %add_ln412, i8 128" [src/moe.cpp:412]   --->   Operation 43 'icmp' 'icmp_ln412_1' <Predicate = (!icmp_ln408)> <Delay = 0.65> <CoreInst = "Cmp">   --->   Core 9 'Cmp' <Latency = 0> <II = 1> <Delay = 0.65> <FuncUnit> <Opcode : 'icmp'> <InPorts = 2> <OutPorts = 1>
ST_1 : Operation 44 [1/1] (0.00ns)   --->   "%br_ln412 = br i1 %icmp_ln412_1, void %new.latch.for.inc.split, void %last.iter.for.inc.split" [src/moe.cpp:412]   --->   Operation 44 'br' 'br_ln412' <Predicate = (!icmp_ln408)> <Delay = 0.00>
ST_1 : Operation 45 [1/1] (0.36ns)   --->   "%store_ln408 = store i10 %add_ln408_1, i10 %indvar_flatten" [src/moe.cpp:408]   --->   Operation 45 'store' 'store_ln408' <Predicate = (!icmp_ln408)> <Delay = 0.36>
ST_1 : Operation 46 [1/1] (0.36ns)   --->   "%store_ln408 = store i3 %select_ln408_1, i3 %e" [src/moe.cpp:408]   --->   Operation 46 'store' 'store_ln408' <Predicate = (!icmp_ln408)> <Delay = 0.36>
ST_1 : Operation 47 [1/1] (0.36ns)   --->   "%store_ln412 = store i8 %add_ln412, i8 %i" [src/moe.cpp:412]   --->   Operation 47 'store' 'store_ln412' <Predicate = (!icmp_ln408)> <Delay = 0.36>
ST_1 : Operation 48 [1/1] (0.00ns)   --->   "%br_ln412 = br void %for.inc" [src/moe.cpp:412]   --->   Operation 48 'br' 'br_ln412' <Predicate = (!icmp_ln408)> <Delay = 0.00>

State 2 <SV = 1> <Delay = 4.90>
ST_2 : Operation 49 [1/2] (1.02ns)   --->   "%gate_weight_load = load i9 %gate_weight_addr" [src/moe.cpp:415]   --->   Operation 49 'load' 'gate_weight_load' <Predicate = true> <Delay = 1.02> <CoreInst = "RAM">   --->   Core 83 'RAM' <Latency = 1> <II = 1> <Delay = 1.02> <Storage> <Opcode : 'load' 'store'> <Ports = 2> <Width = 32> <Depth = 512> <RAM>
ST_2 : Operation 50 [1/1] (0.00ns)   --->   "%bitcast_ln415 = bitcast i32 %gate_weight_load" [src/moe.cpp:415]   --->   Operation 50 'bitcast' 'bitcast_ln415' <Predicate = true> <Delay = 0.00>
ST_2 : Operation 51 [1/2] (1.02ns)   --->   "%input_r_load = load i7 %input_r_addr" [src/moe.cpp:415]   --->   Operation 51 'load' 'input_r_load' <Predicate = true> <Delay = 1.02> <CoreInst = "RAM">   --->   Core 83 'RAM' <Latency = 1> <II = 1> <Delay = 1.02> <Storage> <Opcode : 'load' 'store'> <Ports = 2> <Width = 32> <Depth = 128> <RAM>
ST_2 : Operation 52 [1/1] (0.00ns)   --->   "%bitcast_ln415_1 = bitcast i32 %input_r_load" [src/moe.cpp:415]   --->   Operation 52 'bitcast' 'bitcast_ln415_1' <Predicate = true> <Delay = 0.00>
ST_2 : Operation 53 [2/2] (3.88ns)   --->   "%mul = fmul i32 %bitcast_ln415, i32 %bitcast_ln415_1" [src/moe.cpp:415]   --->   Operation 53 'fmul' 'mul' <Predicate = true> <Delay = 3.88> <CoreInst = "FMul_maxdsp">   --->   Core 30 'FMul_maxdsp' <Latency = 1> <II = 1> <Delay = 3.88> <FuncUnit> <Opcode : 'fmul'> <InPorts = 2> <OutPorts = 1>

State 3 <SV = 2> <Delay = 3.88>
ST_3 : Operation 54 [1/1] (0.00ns)   --->   "%zext_ln408 = zext i3 %select_ln408_1" [src/moe.cpp:408]   --->   Operation 54 'zext' 'zext_ln408' <Predicate = true> <Delay = 0.00>
ST_3 : Operation 55 [1/1] (0.00ns)   --->   "%gate_bias_addr = getelementptr i32 %gate_bias, i64 0, i64 %zext_ln408" [src/moe.cpp:410]   --->   Operation 55 'getelementptr' 'gate_bias_addr' <Predicate = true> <Delay = 0.00>
ST_3 : Operation 56 [2/2] (0.54ns)   --->   "%gate_bias_load = load i2 %gate_bias_addr" [src/moe.cpp:410]   --->   Operation 56 'load' 'gate_bias_load' <Predicate = true> <Delay = 0.54> <CoreInst = "RAM">   --->   Core 83 'RAM' <Latency = 1> <II = 1> <Delay = 0.54> <Storage> <Opcode : 'load' 'store'> <Ports = 2> <Width = 32> <Depth = 4> <RAM>
ST_3 : Operation 57 [1/2] (3.88ns)   --->   "%mul = fmul i32 %bitcast_ln415, i32 %bitcast_ln415_1" [src/moe.cpp:415]   --->   Operation 57 'fmul' 'mul' <Predicate = true> <Delay = 3.88> <CoreInst = "FMul_maxdsp">   --->   Core 30 'FMul_maxdsp' <Latency = 1> <II = 1> <Delay = 3.88> <FuncUnit> <Opcode : 'fmul'> <InPorts = 2> <OutPorts = 1>
ST_3 : Operation 58 [1/1] (0.00ns)   --->   "%logits_addr = getelementptr i32 %logits, i64 0, i64 %zext_ln408" [src/moe.cpp:418]   --->   Operation 58 'getelementptr' 'logits_addr' <Predicate = true> <Delay = 0.00>

State 4 <SV = 3> <Delay = 6.95>
ST_4 : Operation 59 [1/1] (0.00ns)   --->   "%specloopname_ln0 = specloopname void @_ssdm_op_SpecLoopName, void @VITIS_LOOP_408_1_VITIS_LOOP_412_2_str"   --->   Operation 59 'specloopname' 'specloopname_ln0' <Predicate = true> <Delay = 0.00>
ST_4 : Operation 60 [1/1] (0.00ns)   --->   "%speclooptripcount_ln0 = speclooptripcount void @_ssdm_op_SpecLoopTripCount, i64 512, i64 512, i64 512"   --->   Operation 60 'speclooptripcount' 'speclooptripcount_ln0' <Predicate = true> <Delay = 0.00>
ST_4 : Operation 61 [1/2] (0.54ns)   --->   "%gate_bias_load = load i2 %gate_bias_addr" [src/moe.cpp:410]   --->   Operation 61 'load' 'gate_bias_load' <Predicate = true> <Delay = 0.54> <CoreInst = "RAM">   --->   Core 83 'RAM' <Latency = 1> <II = 1> <Delay = 0.54> <Storage> <Opcode : 'load' 'store'> <Ports = 2> <Width = 32> <Depth = 4> <RAM>
ST_4 : Operation 62 [1/1] (0.00ns)   --->   "%sum = bitcast i32 %gate_bias_load" [src/moe.cpp:410]   --->   Operation 62 'bitcast' 'sum' <Predicate = (or_ln408)> <Delay = 0.00>
ST_4 : Operation 63 [1/1] (0.36ns)   --->   "%store_ln410 = store i32 %sum, i32 %sum_1" [src/moe.cpp:410]   --->   Operation 63 'store' 'store_ln410' <Predicate = (or_ln408)> <Delay = 0.36>
ST_4 : Operation 64 [1/1] (0.00ns)   --->   "%br_ln412 = br void %for.inc.split" [src/moe.cpp:412]   --->   Operation 64 'br' 'br_ln412' <Predicate = (or_ln408)> <Delay = 0.00>
ST_4 : Operation 65 [1/1] (0.00ns)   --->   "%sum_1_load = load i32 %sum_1" [src/moe.cpp:415]   --->   Operation 65 'load' 'sum_1_load' <Predicate = true> <Delay = 0.00>
ST_4 : Operation 66 [2/2] (6.04ns)   --->   "%sum_2 = fadd i32 %sum_1_load, i32 %mul" [src/moe.cpp:415]   --->   Operation 66 'fadd' 'sum_2' <Predicate = true> <Delay = 6.04> <CoreInst = "FAddSub_fulldsp">   --->   Core 18 'FAddSub_fulldsp' <Latency = 1> <II = 1> <Delay = 6.04> <FuncUnit> <Opcode : 'fadd' 'fsub'> <InPorts = 2> <OutPorts = 1>
ST_4 : Operation 72 [1/1] (0.00ns)   --->   "%ret_ln0 = ret"   --->   Operation 72 'ret' 'ret_ln0' <Predicate = (icmp_ln408)> <Delay = 0.00>

State 5 <SV = 4> <Delay = 6.58>
ST_5 : Operation 67 [1/1] (0.00ns)   --->   "%specpipeline_ln414 = specpipeline void @_ssdm_op_SpecPipeline, i32 1, i32 0, i32 0, i32 0, void @empty_3" [src/moe.cpp:414]   --->   Operation 67 'specpipeline' 'specpipeline_ln414' <Predicate = true> <Delay = 0.00>
ST_5 : Operation 68 [1/2] (6.04ns)   --->   "%sum_2 = fadd i32 %sum_1_load, i32 %mul" [src/moe.cpp:415]   --->   Operation 68 'fadd' 'sum_2' <Predicate = true> <Delay = 6.04> <CoreInst = "FAddSub_fulldsp">   --->   Core 18 'FAddSub_fulldsp' <Latency = 1> <II = 1> <Delay = 6.04> <FuncUnit> <Opcode : 'fadd' 'fsub'> <InPorts = 2> <OutPorts = 1>
ST_5 : Operation 69 [1/1] (0.54ns)   --->   "%store_ln418 = store i32 %sum_2, i2 %logits_addr" [src/moe.cpp:418]   --->   Operation 69 'store' 'store_ln418' <Predicate = (icmp_ln412_1)> <Delay = 0.54> <CoreInst = "RAM">   --->   Core 83 'RAM' <Latency = 1> <II = 1> <Delay = 0.54> <Storage> <Opcode : 'load' 'store'> <Ports = 2> <Width = 32> <Depth = 4> <RAM>
ST_5 : Operation 70 [1/1] (0.00ns)   --->   "%br_ln412 = br void %new.latch.for.inc.split" [src/moe.cpp:412]   --->   Operation 70 'br' 'br_ln412' <Predicate = (icmp_ln412_1)> <Delay = 0.00>
ST_5 : Operation 71 [1/1] (0.36ns)   --->   "%store_ln410 = store i32 %sum_2, i32 %sum_1" [src/moe.cpp:410]   --->   Operation 71 'store' 'store_ln410' <Predicate = (!icmp_ln408)> <Delay = 0.36>


============================================================
+ Verbose Summary: Binding
============================================================
STG Binding: 
---------------- STG Properties BEGIN ----------------
- Is combinational: 0
- Is one-state seq: 0
- Is datapath-only: 0
- Is pipelined: 0
- Is top level: 0
Port [ Return ] is wired: 1; IO mode=ap_ctrl_hs:ce=0
Port [ gate_weight]:  wired=1; compound=1; hidden=0; nouse=0; global=0; static=0; extern=0; dir=0; type=1; pingpong=0; private_global=0; MemPort=[13]; IO mode=ap_memory:ce=0
Port [ input_r]:  wired=1; compound=1; hidden=0; nouse=0; global=0; static=0; extern=0; dir=0; type=1; pingpong=0; private_global=0; MemPort=[13]; IO mode=ap_memory:ce=0
Port [ logits]:  wired=1; compound=1; hidden=0; nouse=0; global=0; static=0; extern=0; dir=1; type=1; pingpong=0; private_global=0; MemPort=[03]; IO mode=ap_memory:ce=0
Port [ gate_bias]:  wired=1; compound=1; hidden=0; nouse=0; global=0; static=0; extern=0; dir=0; type=1; pingpong=0; private_global=0; MemPort=[13]; IO mode=ap_memory:ce=0
---------------- STG Properties END ------------------

---------------- Datapath Model BEGIN ----------------

<LifeTime>
<method=bitvector/>
i                     (alloca           ) [ 010000]
e                     (alloca           ) [ 010000]
indvar_flatten        (alloca           ) [ 010000]
sum_1                 (alloca           ) [ 011111]
specinterface_ln0     (specinterface    ) [ 000000]
specinterface_ln0     (specinterface    ) [ 000000]
specinterface_ln0     (specinterface    ) [ 000000]
store_ln0             (store            ) [ 000000]
store_ln408           (store            ) [ 000000]
store_ln412           (store            ) [ 000000]
br_ln0                (br               ) [ 000000]
first_iter_0          (phi              ) [ 010000]
indvar_flatten_load   (load             ) [ 000000]
icmp_ln408            (icmp             ) [ 011111]
add_ln408_1           (add              ) [ 000000]
br_ln408              (br               ) [ 000000]
i_load                (load             ) [ 000000]
e_load                (load             ) [ 000000]
add_ln408             (add              ) [ 000000]
icmp_ln412            (icmp             ) [ 000000]
or_ln408              (or               ) [ 011110]
select_ln408          (select           ) [ 000000]
select_ln408_1        (select           ) [ 011100]
trunc_ln408           (trunc            ) [ 000000]
tmp_4                 (bitconcatenate   ) [ 000000]
br_ln412              (br               ) [ 000000]
zext_ln412            (zext             ) [ 000000]
zext_ln415            (zext             ) [ 000000]
add_ln415             (add              ) [ 000000]
zext_ln415_1          (zext             ) [ 000000]
gate_weight_addr      (getelementptr    ) [ 011000]
input_r_addr          (getelementptr    ) [ 011000]
add_ln412             (add              ) [ 000000]
icmp_ln412_1          (icmp             ) [ 011111]
br_ln412              (br               ) [ 000000]
store_ln408           (store            ) [ 000000]
store_ln408           (store            ) [ 000000]
store_ln412           (store            ) [ 000000]
br_ln412              (br               ) [ 010000]
gate_weight_load      (load             ) [ 000000]
bitcast_ln415         (bitcast          ) [ 010100]
input_r_load          (load             ) [ 000000]
bitcast_ln415_1       (bitcast          ) [ 010100]
zext_ln408            (zext             ) [ 000000]
gate_bias_addr        (getelementptr    ) [ 010010]
mul                   (fmul             ) [ 010011]
logits_addr           (getelementptr    ) [ 010011]
specloopname_ln0      (specloopname     ) [ 000000]
speclooptripcount_ln0 (speclooptripcount) [ 000000]
gate_bias_load        (load             ) [ 000000]
sum                   (bitcast          ) [ 000000]
store_ln410           (store            ) [ 000000]
br_ln412              (br               ) [ 000000]
sum_1_load            (load             ) [ 010001]
specpipeline_ln414    (specpipeline     ) [ 000000]
sum_2                 (fadd             ) [ 000000]
store_ln418           (store            ) [ 000000]
br_ln412              (br               ) [ 000000]
store_ln410           (store            ) [ 000000]
ret_ln0               (ret              ) [ 000000]
</LifeTime>

<model>

<comp_list>
<comp id="0" class="1000" name="gate_weight">
<pin_list>
<pin id="1" dir="1" index="0" bw="1" slack="0"/>
</pin_list>
<bind>
<StgValue><ssdm name="gate_weight"/><MemPortTyVec>1 3 </MemPortTyVec>
</StgValue>
</bind>
</comp>

<comp id="2" class="1000" name="input_r">
<pin_list>
<pin id="3" dir="1" index="0" bw="1" slack="0"/>
</pin_list>
<bind>
<StgValue><ssdm name="input_r"/><MemPortTyVec>1 3 </MemPortTyVec>
</StgValue>
</bind>
</comp>

<comp id="4" class="1000" name="logits">
<pin_list>
<pin id="5" dir="1" index="0" bw="1" slack="0"/>
</pin_list>
<bind>
<StgValue><ssdm name="logits"/><MemPortTyVec>0 3 </MemPortTyVec>
</StgValue>
</bind>
</comp>

<comp id="6" class="1000" name="gate_bias">
<pin_list>
<pin id="7" dir="1" index="0" bw="1" slack="0"/>
</pin_list>
<bind>
<StgValue><ssdm name="gate_bias"/><MemPortTyVec>1 3 </MemPortTyVec>
</StgValue>
</bind>
</comp>

<comp id="8" class="1001" name="const_8">
<pin_list>
<pin id="9" dir="1" index="0" bw="1" slack="0"/>
</pin_list>
<bind>
<StgValue><ssdm name=""/></StgValue>
</bind>
</comp>

<comp id="10" class="1001" name="const_10">
<pin_list>
<pin id="11" dir="1" index="0" bw="1" slack="2147483647"/>
</pin_list>
<bind>
<StgValue><ssdm name="_ssdm_op_SpecInterface"/></StgValue>
</bind>
</comp>

<comp id="12" class="1001" name="const_12">
<pin_list>
<pin id="13" dir="1" index="0" bw="1" slack="2147483647"/>
</pin_list>
<bind>
<StgValue><ssdm name="empty_2"/></StgValue>
</bind>
</comp>

<comp id="14" class="1001" name="const_14">
<pin_list>
<pin id="15" dir="1" index="0" bw="1" slack="2147483647"/>
</pin_list>
<bind>
<StgValue><ssdm name=""/></StgValue>
</bind>
</comp>

<comp id="16" class="1001" name="const_16">
<pin_list>
<pin id="17" dir="1" index="0" bw="1" slack="2147483647"/>
</pin_list>
<bind>
<StgValue><ssdm name="empty_3"/></StgValue>
</bind>
</comp>

<comp id="18" class="1001" name="const_18">
<pin_list>
<pin id="19" dir="1" index="0" bw="1" slack="2147483647"/>
</pin_list>
<bind>
<StgValue><ssdm name=""/></StgValue>
</bind>
</comp>

<comp id="20" class="1001" name="const_20">
<pin_list>
<pin id="21" dir="1" index="0" bw="1" slack="0"/>
</pin_list>
<bind>
<StgValue><ssdm name=""/></StgValue>
</bind>
</comp>

<comp id="22" class="1001" name="const_22">
<pin_list>
<pin id="23" dir="1" index="0" bw="1" slack="0"/>
</pin_list>
<bind>
<StgValue><ssdm name=""/></StgValue>
</bind>
</comp>

<comp id="24" class="1001" name="const_24">
<pin_list>
<pin id="25" dir="1" index="0" bw="1" slack="0"/>
</pin_list>
<bind>
<StgValue><ssdm name=""/></StgValue>
</bind>
</comp>

<comp id="26" class="1001" name="const_26">
<pin_list>
<pin id="27" dir="1" index="0" bw="1" slack="0"/>
</pin_list>
<bind>
<StgValue><ssdm name=""/></StgValue>
</bind>
</comp>

<comp id="28" class="1001" name="const_28">
<pin_list>
<pin id="29" dir="1" index="0" bw="1" slack="0"/>
</pin_list>
<bind>
<StgValue><ssdm name=""/></StgValue>
</bind>
</comp>

<comp id="30" class="1001" name="const_30">
<pin_list>
<pin id="31" dir="1" index="0" bw="1" slack="0"/>
</pin_list>
<bind>
<StgValue><ssdm name=""/></StgValue>
</bind>
</comp>

<comp id="32" class="1001" name="const_32">
<pin_list>
<pin id="33" dir="1" index="0" bw="1" slack="0"/>
</pin_list>
<bind>
<StgValue><ssdm name=""/></StgValue>
</bind>
</comp>

<comp id="34" class="1001" name="const_34">
<pin_list>
<pin id="35" dir="1" index="0" bw="1" slack="0"/>
</pin_list>
<bind>
<StgValue><ssdm name=""/></StgValue>
</bind>
</comp>

<comp id="36" class="1001" name="const_36">
<pin_list>
<pin id="37" dir="1" index="0" bw="1" slack="0"/>
</pin_list>
<bind>
<StgValue><ssdm name=""/></StgValue>
</bind>
</comp>

<comp id="38" class="1001" name="const_38">
<pin_list>
<pin id="39" dir="1" index="0" bw="1" slack="0"/>
</pin_list>
<bind>
<StgValue><ssdm name="_ssdm_op_BitConcatenate.i9.i2.i7"/></StgValue>
</bind>
</comp>

<comp id="40" class="1001" name="const_40">
<pin_list>
<pin id="41" dir="1" index="0" bw="1" slack="0"/>
</pin_list>
<bind>
<StgValue><ssdm name=""/></StgValue>
</bind>
</comp>

<comp id="42" class="1001" name="const_42">
<pin_list>
<pin id="43" dir="1" index="0" bw="1" slack="0"/>
</pin_list>
<bind>
<StgValue><ssdm name=""/></StgValue>
</bind>
</comp>

<comp id="44" class="1001" name="const_44">
<pin_list>
<pin id="45" dir="1" index="0" bw="1" slack="0"/>
</pin_list>
<bind>
<StgValue><ssdm name=""/></StgValue>
</bind>
</comp>

<comp id="46" class="1001" name="const_46">
<pin_list>
<pin id="47" dir="1" index="0" bw="1" slack="2147483647"/>
</pin_list>
<bind>
<StgValue><ssdm name="_ssdm_op_SpecLoopName"/></StgValue>
</bind>
</comp>

<comp id="48" class="1001" name="const_48">
<pin_list>
<pin id="49" dir="1" index="0" bw="1" slack="2147483647"/>
</pin_list>
<bind>
<StgValue><ssdm name="VITIS_LOOP_408_1_VITIS_LOOP_412_2_str"/></StgValue>
</bind>
</comp>

<comp id="50" class="1001" name="const_50">
<pin_list>
<pin id="51" dir="1" index="0" bw="1" slack="2147483647"/>
</pin_list>
<bind>
<StgValue><ssdm name="_ssdm_op_SpecLoopTripCount"/></StgValue>
</bind>
</comp>

<comp id="52" class="1001" name="const_52">
<pin_list>
<pin id="53" dir="1" index="0" bw="1" slack="2147483647"/>
</pin_list>
<bind>
<StgValue><ssdm name=""/></StgValue>
</bind>
</comp>

<comp id="54" class="1001" name="const_54">
<pin_list>
<pin id="55" dir="1" index="0" bw="1" slack="2147483647"/>
</pin_list>
<bind>
<StgValue><ssdm name="_ssdm_op_SpecPipeline"/></StgValue>
</bind>
</comp>

<comp id="56" class="1004" name="i_fu_56">
<pin_list>
<pin id="57" dir="0" index="0" bw="1" slack="0"/>
<pin id="58" dir="1" index="1" bw="8" slack="0"/>
</pin_list>
<bind>
<opcode="alloca(26) " fcode="alloca"/>
<opset="i/1 "/>
</bind>
</comp>

<comp id="60" class="1004" name="e_fu_60">
<pin_list>
<pin id="61" dir="0" index="0" bw="1" slack="0"/>
<pin id="62" dir="1" index="1" bw="3" slack="0"/>
</pin_list>
<bind>
<opcode="alloca(26) " fcode="alloca"/>
<opset="e/1 "/>
</bind>
</comp>

<comp id="64" class="1004" name="indvar_flatten_fu_64">
<pin_list>
<pin id="65" dir="0" index="0" bw="1" slack="0"/>
<pin id="66" dir="1" index="1" bw="10" slack="0"/>
</pin_list>
<bind>
<opcode="alloca(26) " fcode="alloca"/>
<opset="indvar_flatten/1 "/>
</bind>
</comp>

<comp id="68" class="1004" name="sum_1_fu_68">
<pin_list>
<pin id="69" dir="0" index="0" bw="1" slack="0"/>
<pin id="70" dir="1" index="1" bw="32" slack="3"/>
</pin_list>
<bind>
<opcode="alloca(26) " fcode="alloca"/>
<opset="sum_1/1 "/>
</bind>
</comp>

<comp id="72" class="1004" name="gate_weight_addr_gep_fu_72">
<pin_list>
<pin id="73" dir="0" index="0" bw="32" slack="0"/>
<pin id="74" dir="0" index="1" bw="1" slack="0"/>
<pin id="75" dir="0" index="2" bw="9" slack="0"/>
<pin id="76" dir="1" index="3" bw="9" slack="0"/>
</pin_list>
<bind>
<opcode="getelementptr(29) " fcode="getelementptr"/>
<opset="gate_weight_addr/1 "/>
</bind>
</comp>

<comp id="79" class="1004" name="grp_access_fu_79">
<pin_list>
<pin id="80" dir="0" index="0" bw="9" slack="0"/>
<pin id="81" dir="0" index="1" bw="32" slack="2147483647"/>
<pin id="82" dir="0" index="2" bw="0" slack="2147483647"/>
<pin id="83" dir="1" index="3" bw="32" slack="0"/>
</pin_list>
<bind>
<opcode="load(27) " fcode="load"/>
<opset="gate_weight_load/1 "/>
</bind>
</comp>

<comp id="85" class="1004" name="input_r_addr_gep_fu_85">
<pin_list>
<pin id="86" dir="0" index="0" bw="32" slack="0"/>
<pin id="87" dir="0" index="1" bw="1" slack="0"/>
<pin id="88" dir="0" index="2" bw="8" slack="0"/>
<pin id="89" dir="1" index="3" bw="7" slack="0"/>
</pin_list>
<bind>
<opcode="getelementptr(29) " fcode="getelementptr"/>
<opset="input_r_addr/1 "/>
</bind>
</comp>

<comp id="92" class="1004" name="grp_access_fu_92">
<pin_list>
<pin id="93" dir="0" index="0" bw="7" slack="0"/>
<pin id="94" dir="0" index="1" bw="32" slack="2147483647"/>
<pin id="95" dir="0" index="2" bw="0" slack="2147483647"/>
<pin id="96" dir="1" index="3" bw="32" slack="0"/>
</pin_list>
<bind>
<opcode="load(27) " fcode="load"/>
<opset="input_r_load/1 "/>
</bind>
</comp>

<comp id="98" class="1004" name="gate_bias_addr_gep_fu_98">
<pin_list>
<pin id="99" dir="0" index="0" bw="32" slack="0"/>
<pin id="100" dir="0" index="1" bw="1" slack="0"/>
<pin id="101" dir="0" index="2" bw="3" slack="0"/>
<pin id="102" dir="1" index="3" bw="2" slack="0"/>
</pin_list>
<bind>
<opcode="getelementptr(29) " fcode="getelementptr"/>
<opset="gate_bias_addr/3 "/>
</bind>
</comp>

<comp id="105" class="1004" name="grp_access_fu_105">
<pin_list>
<pin id="106" dir="0" index="0" bw="2" slack="0"/>
<pin id="107" dir="0" index="1" bw="32" slack="2147483647"/>
<pin id="108" dir="0" index="2" bw="0" slack="2147483647"/>
<pin id="109" dir="1" index="3" bw="32" slack="0"/>
</pin_list>
<bind>
<opcode="load(27) " fcode="load"/>
<opset="gate_bias_load/3 "/>
</bind>
</comp>

<comp id="111" class="1004" name="logits_addr_gep_fu_111">
<pin_list>
<pin id="112" dir="0" index="0" bw="32" slack="0"/>
<pin id="113" dir="0" index="1" bw="1" slack="0"/>
<pin id="114" dir="0" index="2" bw="3" slack="0"/>
<pin id="115" dir="1" index="3" bw="2" slack="2"/>
</pin_list>
<bind>
<opcode="getelementptr(29) " fcode="getelementptr"/>
<opset="logits_addr/3 "/>
</bind>
</comp>

<comp id="118" class="1004" name="store_ln418_access_fu_118">
<pin_list>
<pin id="119" dir="0" index="0" bw="2" slack="2"/>
<pin id="120" dir="0" index="1" bw="32" slack="0"/>
<pin id="121" dir="0" index="2" bw="0" slack="2147483647"/>
<pin id="122" dir="1" index="3" bw="32" slack="2147483647"/>
</pin_list>
<bind>
<opcode="store(28) " fcode="store"/>
<opset="store_ln418/5 "/>
</bind>
</comp>

<comp id="123" class="1005" name="first_iter_0_reg_123">
<pin_list>
<pin id="124" dir="0" index="0" bw="1" slack="2147483647"/>
<pin id="125" dir="1" index="1" bw="1" slack="2147483647"/>
</pin_list>
<bind>
<opset="first_iter_0 (phireg) "/>
</bind>
</comp>

<comp id="126" class="1004" name="first_iter_0_phi_fu_126">
<pin_list>
<pin id="127" dir="0" index="0" bw="1" slack="0"/>
<pin id="128" dir="0" index="1" bw="0" slack="2147483647"/>
<pin id="129" dir="0" index="2" bw="1" slack="0"/>
<pin id="130" dir="0" index="3" bw="0" slack="2147483647"/>
<pin id="131" dir="1" index="4" bw="1" slack="0"/>
</pin_list>
<bind>
<opcode="phi(47) " fcode="phi"/>
<opset="first_iter_0/1 "/>
</bind>
</comp>

<comp id="134" class="1004" name="grp_fu_134">
<pin_list>
<pin id="135" dir="0" index="0" bw="32" slack="0"/>
<pin id="136" dir="0" index="1" bw="32" slack="1"/>
<pin id="137" dir="1" index="2" bw="32" slack="0"/>
</pin_list>
<bind>
<opcode="fadd(9) " fcode="fadd"/>
<opset="sum_2/4 "/>
</bind>
</comp>

<comp id="139" class="1004" name="grp_fu_139">
<pin_list>
<pin id="140" dir="0" index="0" bw="32" slack="0"/>
<pin id="141" dir="0" index="1" bw="32" slack="0"/>
<pin id="142" dir="1" index="2" bw="32" slack="1"/>
</pin_list>
<bind>
<opcode="fmul(13) " fcode="fmul"/>
<opset="mul/2 "/>
</bind>
</comp>

<comp id="143" class="1004" name="store_ln0_store_fu_143">
<pin_list>
<pin id="144" dir="0" index="0" bw="1" slack="0"/>
<pin id="145" dir="0" index="1" bw="10" slack="0"/>
<pin id="146" dir="1" index="2" bw="0" slack="2147483647"/>
</pin_list>
<bind>
<opcode="store(28) " fcode="store"/>
<opset="store_ln0/1 "/>
</bind>
</comp>

<comp id="148" class="1004" name="store_ln408_store_fu_148">
<pin_list>
<pin id="149" dir="0" index="0" bw="1" slack="0"/>
<pin id="150" dir="0" index="1" bw="3" slack="0"/>
<pin id="151" dir="1" index="2" bw="0" slack="2147483647"/>
</pin_list>
<bind>
<opcode="store(28) " fcode="store"/>
<opset="store_ln408/1 "/>
</bind>
</comp>

<comp id="153" class="1004" name="store_ln412_store_fu_153">
<pin_list>
<pin id="154" dir="0" index="0" bw="1" slack="0"/>
<pin id="155" dir="0" index="1" bw="8" slack="0"/>
<pin id="156" dir="1" index="2" bw="0" slack="2147483647"/>
</pin_list>
<bind>
<opcode="store(28) " fcode="store"/>
<opset="store_ln412/1 "/>
</bind>
</comp>

<comp id="158" class="1004" name="indvar_flatten_load_load_fu_158">
<pin_list>
<pin id="159" dir="0" index="0" bw="10" slack="0"/>
<pin id="160" dir="1" index="1" bw="10" slack="0"/>
</pin_list>
<bind>
<opcode="load(27) " fcode="load"/>
<opset="indvar_flatten_load/1 "/>
</bind>
</comp>

<comp id="161" class="1004" name="icmp_ln408_fu_161">
<pin_list>
<pin id="162" dir="0" index="0" bw="10" slack="0"/>
<pin id="163" dir="0" index="1" bw="10" slack="0"/>
<pin id="164" dir="1" index="2" bw="1" slack="1"/>
</pin_list>
<bind>
<opcode="icmp(45) " fcode="icmp"/>
<opset="icmp_ln408/1 "/>
</bind>
</comp>

<comp id="167" class="1004" name="add_ln408_1_fu_167">
<pin_list>
<pin id="168" dir="0" index="0" bw="10" slack="0"/>
<pin id="169" dir="0" index="1" bw="1" slack="0"/>
<pin id="170" dir="1" index="2" bw="10" slack="0"/>
</pin_list>
<bind>
<opcode="add(8) " fcode="add"/>
<opset="add_ln408_1/1 "/>
</bind>
</comp>

<comp id="173" class="1004" name="i_load_load_fu_173">
<pin_list>
<pin id="174" dir="0" index="0" bw="8" slack="0"/>
<pin id="175" dir="1" index="1" bw="8" slack="0"/>
</pin_list>
<bind>
<opcode="load(27) " fcode="load"/>
<opset="i_load/1 "/>
</bind>
</comp>

<comp id="176" class="1004" name="e_load_load_fu_176">
<pin_list>
<pin id="177" dir="0" index="0" bw="3" slack="0"/>
<pin id="178" dir="1" index="1" bw="3" slack="0"/>
</pin_list>
<bind>
<opcode="load(27) " fcode="load"/>
<opset="e_load/1 "/>
</bind>
</comp>

<comp id="179" class="1004" name="add_ln408_fu_179">
<pin_list>
<pin id="180" dir="0" index="0" bw="3" slack="0"/>
<pin id="181" dir="0" index="1" bw="1" slack="0"/>
<pin id="182" dir="1" index="2" bw="3" slack="0"/>
</pin_list>
<bind>
<opcode="add(8) " fcode="add"/>
<opset="add_ln408/1 "/>
</bind>
</comp>

<comp id="185" class="1004" name="icmp_ln412_fu_185">
<pin_list>
<pin id="186" dir="0" index="0" bw="8" slack="0"/>
<pin id="187" dir="0" index="1" bw="8" slack="0"/>
<pin id="188" dir="1" index="2" bw="1" slack="0"/>
</pin_list>
<bind>
<opcode="icmp(45) " fcode="icmp"/>
<opset="icmp_ln412/1 "/>
</bind>
</comp>

<comp id="191" class="1004" name="or_ln408_fu_191">
<pin_list>
<pin id="192" dir="0" index="0" bw="1" slack="0"/>
<pin id="193" dir="0" index="1" bw="1" slack="0"/>
<pin id="194" dir="1" index="2" bw="1" slack="3"/>
</pin_list>
<bind>
<opcode="or(24) " fcode="or"/>
<opset="or_ln408/1 "/>
</bind>
</comp>

<comp id="197" class="1004" name="select_ln408_fu_197">
<pin_list>
<pin id="198" dir="0" index="0" bw="1" slack="0"/>
<pin id="199" dir="0" index="1" bw="8" slack="0"/>
<pin id="200" dir="0" index="2" bw="8" slack="0"/>
<pin id="201" dir="1" index="3" bw="8" slack="0"/>
</pin_list>
<bind>
<opcode="select(49) " fcode="select"/>
<opset="select_ln408/1 "/>
</bind>
</comp>

<comp id="205" class="1004" name="select_ln408_1_fu_205">
<pin_list>
<pin id="206" dir="0" index="0" bw="1" slack="0"/>
<pin id="207" dir="0" index="1" bw="3" slack="0"/>
<pin id="208" dir="0" index="2" bw="3" slack="0"/>
<pin id="209" dir="1" index="3" bw="3" slack="0"/>
</pin_list>
<bind>
<opcode="select(49) " fcode="select"/>
<opset="select_ln408_1/1 "/>
</bind>
</comp>

<comp id="213" class="1004" name="trunc_ln408_fu_213">
<pin_list>
<pin id="214" dir="0" index="0" bw="3" slack="0"/>
<pin id="215" dir="1" index="1" bw="2" slack="0"/>
</pin_list>
<bind>
<opcode="trunc(33) " fcode="trunc"/>
<opset="trunc_ln408/1 "/>
</bind>
</comp>

<comp id="217" class="1004" name="tmp_4_fu_217">
<pin_list>
<pin id="218" dir="0" index="0" bw="9" slack="0"/>
<pin id="219" dir="0" index="1" bw="2" slack="0"/>
<pin id="220" dir="0" index="2" bw="1" slack="0"/>
<pin id="221" dir="1" index="3" bw="9" slack="0"/>
</pin_list>
<bind>
<opcode="bitconcatenate(1004) " fcode="bitconcatenate"/>
<opset="tmp_4/1 "/>
</bind>
</comp>

<comp id="225" class="1004" name="zext_ln412_fu_225">
<pin_list>
<pin id="226" dir="0" index="0" bw="8" slack="0"/>
<pin id="227" dir="1" index="1" bw="64" slack="0"/>
</pin_list>
<bind>
<opcode="zext(34) " fcode="zext"/>
<opset="zext_ln412/1 "/>
</bind>
</comp>

<comp id="230" class="1004" name="zext_ln415_fu_230">
<pin_list>
<pin id="231" dir="0" index="0" bw="8" slack="0"/>
<pin id="232" dir="1" index="1" bw="9" slack="0"/>
</pin_list>
<bind>
<opcode="zext(34) " fcode="zext"/>
<opset="zext_ln415/1 "/>
</bind>
</comp>

<comp id="234" class="1004" name="add_ln415_fu_234">
<pin_list>
<pin id="235" dir="0" index="0" bw="9" slack="0"/>
<pin id="236" dir="0" index="1" bw="8" slack="0"/>
<pin id="237" dir="1" index="2" bw="9" slack="0"/>
</pin_list>
<bind>
<opcode="add(8) " fcode="add"/>
<opset="add_ln415/1 "/>
</bind>
</comp>

<comp id="240" class="1004" name="zext_ln415_1_fu_240">
<pin_list>
<pin id="241" dir="0" index="0" bw="9" slack="0"/>
<pin id="242" dir="1" index="1" bw="64" slack="0"/>
</pin_list>
<bind>
<opcode="zext(34) " fcode="zext"/>
<opset="zext_ln415_1/1 "/>
</bind>
</comp>

<comp id="245" class="1004" name="add_ln412_fu_245">
<pin_list>
<pin id="246" dir="0" index="0" bw="8" slack="0"/>
<pin id="247" dir="0" index="1" bw="1" slack="0"/>
<pin id="248" dir="1" index="2" bw="8" slack="0"/>
</pin_list>
<bind>
<opcode="add(8) " fcode="add"/>
<opset="add_ln412/1 "/>
</bind>
</comp>

<comp id="251" class="1004" name="icmp_ln412_1_fu_251">
<pin_list>
<pin id="252" dir="0" index="0" bw="8" slack="0"/>
<pin id="253" dir="0" index="1" bw="8" slack="0"/>
<pin id="254" dir="1" index="2" bw="1" slack="4"/>
</pin_list>
<bind>
<opcode="icmp(45) " fcode="icmp"/>
<opset="icmp_ln412_1/1 "/>
</bind>
</comp>

<comp id="257" class="1004" name="store_ln408_store_fu_257">
<pin_list>
<pin id="258" dir="0" index="0" bw="10" slack="0"/>
<pin id="259" dir="0" index="1" bw="10" slack="0"/>
<pin id="260" dir="1" index="2" bw="0" slack="2147483647"/>
</pin_list>
<bind>
<opcode="store(28) " fcode="store"/>
<opset="store_ln408/1 "/>
</bind>
</comp>

<comp id="262" class="1004" name="store_ln408_store_fu_262">
<pin_list>
<pin id="263" dir="0" index="0" bw="3" slack="0"/>
<pin id="264" dir="0" index="1" bw="3" slack="0"/>
<pin id="265" dir="1" index="2" bw="0" slack="2147483647"/>
</pin_list>
<bind>
<opcode="store(28) " fcode="store"/>
<opset="store_ln408/1 "/>
</bind>
</comp>

<comp id="267" class="1004" name="store_ln412_store_fu_267">
<pin_list>
<pin id="268" dir="0" index="0" bw="8" slack="0"/>
<pin id="269" dir="0" index="1" bw="8" slack="0"/>
<pin id="270" dir="1" index="2" bw="0" slack="2147483647"/>
</pin_list>
<bind>
<opcode="store(28) " fcode="store"/>
<opset="store_ln412/1 "/>
</bind>
</comp>

<comp id="272" class="1004" name="bitcast_ln415_fu_272">
<pin_list>
<pin id="273" dir="0" index="0" bw="32" slack="0"/>
<pin id="274" dir="1" index="1" bw="32" slack="0"/>
</pin_list>
<bind>
<opcode="bitcast(44) " fcode="bitcast"/>
<opset="bitcast_ln415/2 "/>
</bind>
</comp>

<comp id="277" class="1004" name="bitcast_ln415_1_fu_277">
<pin_list>
<pin id="278" dir="0" index="0" bw="32" slack="0"/>
<pin id="279" dir="1" index="1" bw="32" slack="0"/>
</pin_list>
<bind>
<opcode="bitcast(44) " fcode="bitcast"/>
<opset="bitcast_ln415_1/2 "/>
</bind>
</comp>

<comp id="282" class="1004" name="zext_ln408_fu_282">
<pin_list>
<pin id="283" dir="0" index="0" bw="3" slack="2"/>
<pin id="284" dir="1" index="1" bw="64" slack="0"/>
</pin_list>
<bind>
<opcode="zext(34) " fcode="zext"/>
<opset="zext_ln408/3 "/>
</bind>
</comp>

<comp id="287" class="1004" name="sum_fu_287">
<pin_list>
<pin id="288" dir="0" index="0" bw="32" slack="0"/>
<pin id="289" dir="1" index="1" bw="32" slack="0"/>
</pin_list>
<bind>
<opcode="bitcast(44) " fcode="bitcast"/>
<opset="sum/4 "/>
</bind>
</comp>

<comp id="291" class="1004" name="store_ln410_store_fu_291">
<pin_list>
<pin id="292" dir="0" index="0" bw="32" slack="0"/>
<pin id="293" dir="0" index="1" bw="32" slack="3"/>
<pin id="294" dir="1" index="2" bw="0" slack="2147483647"/>
</pin_list>
<bind>
<opcode="store(28) " fcode="store"/>
<opset="store_ln410/4 "/>
</bind>
</comp>

<comp id="296" class="1004" name="sum_1_load_load_fu_296">
<pin_list>
<pin id="297" dir="0" index="0" bw="32" slack="3"/>
<pin id="298" dir="1" index="1" bw="32" slack="0"/>
</pin_list>
<bind>
<opcode="load(27) " fcode="load"/>
<opset="sum_1_load/4 "/>
</bind>
</comp>

<comp id="300" class="1004" name="store_ln410_store_fu_300">
<pin_list>
<pin id="301" dir="0" index="0" bw="32" slack="0"/>
<pin id="302" dir="0" index="1" bw="32" slack="4"/>
<pin id="303" dir="1" index="2" bw="0" slack="2147483647"/>
</pin_list>
<bind>
<opcode="store(28) " fcode="store"/>
<opset="store_ln410/5 "/>
</bind>
</comp>

<comp id="305" class="1005" name="i_reg_305">
<pin_list>
<pin id="306" dir="0" index="0" bw="8" slack="0"/>
<pin id="307" dir="1" index="1" bw="8" slack="0"/>
</pin_list>
<bind>
<opset="i "/>
</bind>
</comp>

<comp id="312" class="1005" name="e_reg_312">
<pin_list>
<pin id="313" dir="0" index="0" bw="3" slack="0"/>
<pin id="314" dir="1" index="1" bw="3" slack="0"/>
</pin_list>
<bind>
<opset="e "/>
</bind>
</comp>

<comp id="319" class="1005" name="indvar_flatten_reg_319">
<pin_list>
<pin id="320" dir="0" index="0" bw="10" slack="0"/>
<pin id="321" dir="1" index="1" bw="10" slack="0"/>
</pin_list>
<bind>
<opset="indvar_flatten "/>
</bind>
</comp>

<comp id="326" class="1005" name="sum_1_reg_326">
<pin_list>
<pin id="327" dir="0" index="0" bw="32" slack="3"/>
<pin id="328" dir="1" index="1" bw="32" slack="3"/>
</pin_list>
<bind>
<opset="sum_1 "/>
</bind>
</comp>

<comp id="333" class="1005" name="icmp_ln408_reg_333">
<pin_list>
<pin id="334" dir="0" index="0" bw="1" slack="1"/>
<pin id="335" dir="1" index="1" bw="1" slack="2147483647"/>
</pin_list>
<bind>
<opset="icmp_ln408 "/>
</bind>
</comp>

<comp id="337" class="1005" name="or_ln408_reg_337">
<pin_list>
<pin id="338" dir="0" index="0" bw="1" slack="3"/>
<pin id="339" dir="1" index="1" bw="1" slack="2147483647"/>
</pin_list>
<bind>
<opset="or_ln408 "/>
</bind>
</comp>

<comp id="341" class="1005" name="select_ln408_1_reg_341">
<pin_list>
<pin id="342" dir="0" index="0" bw="3" slack="2"/>
<pin id="343" dir="1" index="1" bw="3" slack="2"/>
</pin_list>
<bind>
<opset="select_ln408_1 "/>
</bind>
</comp>

<comp id="346" class="1005" name="gate_weight_addr_reg_346">
<pin_list>
<pin id="347" dir="0" index="0" bw="9" slack="1"/>
<pin id="348" dir="1" index="1" bw="9" slack="1"/>
</pin_list>
<bind>
<opset="gate_weight_addr "/>
</bind>
</comp>

<comp id="351" class="1005" name="input_r_addr_reg_351">
<pin_list>
<pin id="352" dir="0" index="0" bw="7" slack="1"/>
<pin id="353" dir="1" index="1" bw="7" slack="1"/>
</pin_list>
<bind>
<opset="input_r_addr "/>
</bind>
</comp>

<comp id="356" class="1005" name="icmp_ln412_1_reg_356">
<pin_list>
<pin id="357" dir="0" index="0" bw="1" slack="4"/>
<pin id="358" dir="1" index="1" bw="1" slack="2147483647"/>
</pin_list>
<bind>
<opset="icmp_ln412_1 "/>
</bind>
</comp>

<comp id="360" class="1005" name="bitcast_ln415_reg_360">
<pin_list>
<pin id="361" dir="0" index="0" bw="32" slack="1"/>
<pin id="362" dir="1" index="1" bw="32" slack="1"/>
</pin_list>
<bind>
<opset="bitcast_ln415 "/>
</bind>
</comp>

<comp id="365" class="1005" name="bitcast_ln415_1_reg_365">
<pin_list>
<pin id="366" dir="0" index="0" bw="32" slack="1"/>
<pin id="367" dir="1" index="1" bw="32" slack="1"/>
</pin_list>
<bind>
<opset="bitcast_ln415_1 "/>
</bind>
</comp>

<comp id="370" class="1005" name="gate_bias_addr_reg_370">
<pin_list>
<pin id="371" dir="0" index="0" bw="2" slack="1"/>
<pin id="372" dir="1" index="1" bw="2" slack="1"/>
</pin_list>
<bind>
<opset="gate_bias_addr "/>
</bind>
</comp>

<comp id="375" class="1005" name="mul_reg_375">
<pin_list>
<pin id="376" dir="0" index="0" bw="32" slack="1"/>
<pin id="377" dir="1" index="1" bw="32" slack="1"/>
</pin_list>
<bind>
<opset="mul "/>
</bind>
</comp>

<comp id="380" class="1005" name="logits_addr_reg_380">
<pin_list>
<pin id="381" dir="0" index="0" bw="2" slack="2"/>
<pin id="382" dir="1" index="1" bw="2" slack="2"/>
</pin_list>
<bind>
<opset="logits_addr "/>
</bind>
</comp>

<comp id="385" class="1005" name="sum_1_load_reg_385">
<pin_list>
<pin id="386" dir="0" index="0" bw="32" slack="1"/>
<pin id="387" dir="1" index="1" bw="32" slack="1"/>
</pin_list>
<bind>
<opset="sum_1_load "/>
</bind>
</comp>

</comp_list>

<net_list>
<net id="59"><net_src comp="8" pin="0"/><net_sink comp="56" pin=0"/></net>

<net id="63"><net_src comp="8" pin="0"/><net_sink comp="60" pin=0"/></net>

<net id="67"><net_src comp="8" pin="0"/><net_sink comp="64" pin=0"/></net>

<net id="71"><net_src comp="8" pin="0"/><net_sink comp="68" pin=0"/></net>

<net id="77"><net_src comp="0" pin="0"/><net_sink comp="72" pin=0"/></net>

<net id="78"><net_src comp="42" pin="0"/><net_sink comp="72" pin=1"/></net>

<net id="84"><net_src comp="72" pin="3"/><net_sink comp="79" pin=0"/></net>

<net id="90"><net_src comp="2" pin="0"/><net_sink comp="85" pin=0"/></net>

<net id="91"><net_src comp="42" pin="0"/><net_sink comp="85" pin=1"/></net>

<net id="97"><net_src comp="85" pin="3"/><net_sink comp="92" pin=0"/></net>

<net id="103"><net_src comp="6" pin="0"/><net_sink comp="98" pin=0"/></net>

<net id="104"><net_src comp="42" pin="0"/><net_sink comp="98" pin=1"/></net>

<net id="110"><net_src comp="98" pin="3"/><net_sink comp="105" pin=0"/></net>

<net id="116"><net_src comp="4" pin="0"/><net_sink comp="111" pin=0"/></net>

<net id="117"><net_src comp="42" pin="0"/><net_sink comp="111" pin=1"/></net>

<net id="132"><net_src comp="26" pin="0"/><net_sink comp="126" pin=0"/></net>

<net id="133"><net_src comp="28" pin="0"/><net_sink comp="126" pin=2"/></net>

<net id="138"><net_src comp="134" pin="2"/><net_sink comp="118" pin=1"/></net>

<net id="147"><net_src comp="20" pin="0"/><net_sink comp="143" pin=0"/></net>

<net id="152"><net_src comp="22" pin="0"/><net_sink comp="148" pin=0"/></net>

<net id="157"><net_src comp="24" pin="0"/><net_sink comp="153" pin=0"/></net>

<net id="165"><net_src comp="158" pin="1"/><net_sink comp="161" pin=0"/></net>

<net id="166"><net_src comp="30" pin="0"/><net_sink comp="161" pin=1"/></net>

<net id="171"><net_src comp="158" pin="1"/><net_sink comp="167" pin=0"/></net>

<net id="172"><net_src comp="32" pin="0"/><net_sink comp="167" pin=1"/></net>

<net id="183"><net_src comp="176" pin="1"/><net_sink comp="179" pin=0"/></net>

<net id="184"><net_src comp="34" pin="0"/><net_sink comp="179" pin=1"/></net>

<net id="189"><net_src comp="173" pin="1"/><net_sink comp="185" pin=0"/></net>

<net id="190"><net_src comp="36" pin="0"/><net_sink comp="185" pin=1"/></net>

<net id="195"><net_src comp="185" pin="2"/><net_sink comp="191" pin=0"/></net>

<net id="196"><net_src comp="126" pin="4"/><net_sink comp="191" pin=1"/></net>

<net id="202"><net_src comp="185" pin="2"/><net_sink comp="197" pin=0"/></net>

<net id="203"><net_src comp="24" pin="0"/><net_sink comp="197" pin=1"/></net>

<net id="204"><net_src comp="173" pin="1"/><net_sink comp="197" pin=2"/></net>

<net id="210"><net_src comp="185" pin="2"/><net_sink comp="205" pin=0"/></net>

<net id="211"><net_src comp="179" pin="2"/><net_sink comp="205" pin=1"/></net>

<net id="212"><net_src comp="176" pin="1"/><net_sink comp="205" pin=2"/></net>

<net id="216"><net_src comp="205" pin="3"/><net_sink comp="213" pin=0"/></net>

<net id="222"><net_src comp="38" pin="0"/><net_sink comp="217" pin=0"/></net>

<net id="223"><net_src comp="213" pin="1"/><net_sink comp="217" pin=1"/></net>

<net id="224"><net_src comp="40" pin="0"/><net_sink comp="217" pin=2"/></net>

<net id="228"><net_src comp="197" pin="3"/><net_sink comp="225" pin=0"/></net>

<net id="229"><net_src comp="225" pin="1"/><net_sink comp="85" pin=2"/></net>

<net id="233"><net_src comp="197" pin="3"/><net_sink comp="230" pin=0"/></net>

<net id="238"><net_src comp="217" pin="3"/><net_sink comp="234" pin=0"/></net>

<net id="239"><net_src comp="230" pin="1"/><net_sink comp="234" pin=1"/></net>

<net id="243"><net_src comp="234" pin="2"/><net_sink comp="240" pin=0"/></net>

<net id="244"><net_src comp="240" pin="1"/><net_sink comp="72" pin=2"/></net>

<net id="249"><net_src comp="197" pin="3"/><net_sink comp="245" pin=0"/></net>

<net id="250"><net_src comp="44" pin="0"/><net_sink comp="245" pin=1"/></net>

<net id="255"><net_src comp="245" pin="2"/><net_sink comp="251" pin=0"/></net>

<net id="256"><net_src comp="36" pin="0"/><net_sink comp="251" pin=1"/></net>

<net id="261"><net_src comp="167" pin="2"/><net_sink comp="257" pin=0"/></net>

<net id="266"><net_src comp="205" pin="3"/><net_sink comp="262" pin=0"/></net>

<net id="271"><net_src comp="245" pin="2"/><net_sink comp="267" pin=0"/></net>

<net id="275"><net_src comp="79" pin="3"/><net_sink comp="272" pin=0"/></net>

<net id="276"><net_src comp="272" pin="1"/><net_sink comp="139" pin=0"/></net>

<net id="280"><net_src comp="92" pin="3"/><net_sink comp="277" pin=0"/></net>

<net id="281"><net_src comp="277" pin="1"/><net_sink comp="139" pin=1"/></net>

<net id="285"><net_src comp="282" pin="1"/><net_sink comp="98" pin=2"/></net>

<net id="286"><net_src comp="282" pin="1"/><net_sink comp="111" pin=2"/></net>

<net id="290"><net_src comp="105" pin="3"/><net_sink comp="287" pin=0"/></net>

<net id="295"><net_src comp="287" pin="1"/><net_sink comp="291" pin=0"/></net>

<net id="299"><net_src comp="296" pin="1"/><net_sink comp="134" pin=0"/></net>

<net id="304"><net_src comp="134" pin="2"/><net_sink comp="300" pin=0"/></net>

<net id="308"><net_src comp="56" pin="1"/><net_sink comp="305" pin=0"/></net>

<net id="309"><net_src comp="305" pin="1"/><net_sink comp="153" pin=1"/></net>

<net id="310"><net_src comp="305" pin="1"/><net_sink comp="173" pin=0"/></net>

<net id="311"><net_src comp="305" pin="1"/><net_sink comp="267" pin=1"/></net>

<net id="315"><net_src comp="60" pin="1"/><net_sink comp="312" pin=0"/></net>

<net id="316"><net_src comp="312" pin="1"/><net_sink comp="148" pin=1"/></net>

<net id="317"><net_src comp="312" pin="1"/><net_sink comp="176" pin=0"/></net>

<net id="318"><net_src comp="312" pin="1"/><net_sink comp="262" pin=1"/></net>

<net id="322"><net_src comp="64" pin="1"/><net_sink comp="319" pin=0"/></net>

<net id="323"><net_src comp="319" pin="1"/><net_sink comp="143" pin=1"/></net>

<net id="324"><net_src comp="319" pin="1"/><net_sink comp="158" pin=0"/></net>

<net id="325"><net_src comp="319" pin="1"/><net_sink comp="257" pin=1"/></net>

<net id="329"><net_src comp="68" pin="1"/><net_sink comp="326" pin=0"/></net>

<net id="330"><net_src comp="326" pin="1"/><net_sink comp="291" pin=1"/></net>

<net id="331"><net_src comp="326" pin="1"/><net_sink comp="296" pin=0"/></net>

<net id="332"><net_src comp="326" pin="1"/><net_sink comp="300" pin=1"/></net>

<net id="336"><net_src comp="161" pin="2"/><net_sink comp="333" pin=0"/></net>

<net id="340"><net_src comp="191" pin="2"/><net_sink comp="337" pin=0"/></net>

<net id="344"><net_src comp="205" pin="3"/><net_sink comp="341" pin=0"/></net>

<net id="345"><net_src comp="341" pin="1"/><net_sink comp="282" pin=0"/></net>

<net id="349"><net_src comp="72" pin="3"/><net_sink comp="346" pin=0"/></net>

<net id="350"><net_src comp="346" pin="1"/><net_sink comp="79" pin=0"/></net>

<net id="354"><net_src comp="85" pin="3"/><net_sink comp="351" pin=0"/></net>

<net id="355"><net_src comp="351" pin="1"/><net_sink comp="92" pin=0"/></net>

<net id="359"><net_src comp="251" pin="2"/><net_sink comp="356" pin=0"/></net>

<net id="363"><net_src comp="272" pin="1"/><net_sink comp="360" pin=0"/></net>

<net id="364"><net_src comp="360" pin="1"/><net_sink comp="139" pin=0"/></net>

<net id="368"><net_src comp="277" pin="1"/><net_sink comp="365" pin=0"/></net>

<net id="369"><net_src comp="365" pin="1"/><net_sink comp="139" pin=1"/></net>

<net id="373"><net_src comp="98" pin="3"/><net_sink comp="370" pin=0"/></net>

<net id="374"><net_src comp="370" pin="1"/><net_sink comp="105" pin=0"/></net>

<net id="378"><net_src comp="139" pin="2"/><net_sink comp="375" pin=0"/></net>

<net id="379"><net_src comp="375" pin="1"/><net_sink comp="134" pin=1"/></net>

<net id="383"><net_src comp="111" pin="3"/><net_sink comp="380" pin=0"/></net>

<net id="384"><net_src comp="380" pin="1"/><net_sink comp="118" pin=0"/></net>

<net id="388"><net_src comp="296" pin="1"/><net_sink comp="385" pin=0"/></net>

<net id="389"><net_src comp="385" pin="1"/><net_sink comp="134" pin=0"/></net>

</net_list>

</model> 
---------------- Datapath Model END ------------------

* FSMD analyzer results:
  - Output states:
	Port: gate_weight | {}
	Port: input_r | {}
	Port: logits | {5 }
	Port: gate_bias | {}
 - Input state : 
	Port: graph_moe_Pipeline_VITIS_LOOP_408_1_VITIS_LOOP_412_2 : gate_weight | {1 2 }
	Port: graph_moe_Pipeline_VITIS_LOOP_408_1_VITIS_LOOP_412_2 : input_r | {1 2 }
	Port: graph_moe_Pipeline_VITIS_LOOP_408_1_VITIS_LOOP_412_2 : gate_bias | {3 4 }
  - Chain level:
	State 1
		store_ln0 : 1
		store_ln408 : 1
		store_ln412 : 1
		first_iter_0 : 1
		indvar_flatten_load : 1
		icmp_ln408 : 2
		add_ln408_1 : 2
		br_ln408 : 3
		i_load : 1
		e_load : 1
		add_ln408 : 2
		icmp_ln412 : 2
		or_ln408 : 3
		select_ln408 : 3
		select_ln408_1 : 3
		trunc_ln408 : 4
		tmp_4 : 5
		br_ln412 : 3
		zext_ln412 : 4
		zext_ln415 : 4
		add_ln415 : 6
		zext_ln415_1 : 7
		gate_weight_addr : 8
		gate_weight_load : 9
		input_r_addr : 5
		input_r_load : 6
		add_ln412 : 4
		icmp_ln412_1 : 5
		br_ln412 : 6
		store_ln408 : 3
		store_ln408 : 4
		store_ln412 : 5
	State 2
		bitcast_ln415 : 1
		bitcast_ln415_1 : 1
		mul : 2
	State 3
		gate_bias_addr : 1
		gate_bias_load : 2
		logits_addr : 1
	State 4
		sum : 1
		store_ln410 : 2
		sum_2 : 1
	State 5
		store_ln418 : 1
		store_ln410 : 1


============================================================
+ Verbose Summary: Datapath Resource usage 
============================================================

* Functional unit list:
|----------|-----------------------|---------|---------|---------|
| Operation|    Functional Unit    |   DSP   |    FF   |   LUT   |
|----------|-----------------------|---------|---------|---------|
|   fadd   |       grp_fu_134      |    2    |   177   |   233   |
|----------|-----------------------|---------|---------|---------|
|   fmul   |       grp_fu_139      |    3    |   128   |    78   |
|----------|-----------------------|---------|---------|---------|
|          |   add_ln408_1_fu_167  |    0    |    0    |    17   |
|    add   |    add_ln408_fu_179   |    0    |    0    |    10   |
|          |    add_ln415_fu_234   |    0    |    0    |    16   |
|          |    add_ln412_fu_245   |    0    |    0    |    15   |
|----------|-----------------------|---------|---------|---------|
|          |   icmp_ln408_fu_161   |    0    |    0    |    17   |
|   icmp   |   icmp_ln412_fu_185   |    0    |    0    |    15   |
|          |  icmp_ln412_1_fu_251  |    0    |    0    |    15   |
|----------|-----------------------|---------|---------|---------|
|  select  |  select_ln408_fu_197  |    0    |    0    |    8    |
|          | select_ln408_1_fu_205 |    0    |    0    |    3    |
|----------|-----------------------|---------|---------|---------|
|    or    |    or_ln408_fu_191    |    0    |    0    |    2    |
|----------|-----------------------|---------|---------|---------|
|   trunc  |   trunc_ln408_fu_213  |    0    |    0    |    0    |
|----------|-----------------------|---------|---------|---------|
|bitconcatenate|      tmp_4_fu_217     |    0    |    0    |    0    |
|----------|-----------------------|---------|---------|---------|
|          |   zext_ln412_fu_225   |    0    |    0    |    0    |
|   zext   |   zext_ln415_fu_230   |    0    |    0    |    0    |
|          |  zext_ln415_1_fu_240  |    0    |    0    |    0    |
|          |   zext_ln408_fu_282   |    0    |    0    |    0    |
|----------|-----------------------|---------|---------|---------|
|   Total  |                       |    5    |   305   |   429   |
|----------|-----------------------|---------|---------|---------|

Memories:
N/A

* Register list:
+------------------------+--------+
|                        |   FF   |
+------------------------+--------+
| bitcast_ln415_1_reg_365|   32   |
|  bitcast_ln415_reg_360 |   32   |
|        e_reg_312       |    3   |
|  first_iter_0_reg_123  |    1   |
| gate_bias_addr_reg_370 |    2   |
|gate_weight_addr_reg_346|    9   |
|        i_reg_305       |    8   |
|   icmp_ln408_reg_333   |    1   |
|  icmp_ln412_1_reg_356  |    1   |
| indvar_flatten_reg_319 |   10   |
|  input_r_addr_reg_351  |    7   |
|   logits_addr_reg_380  |    2   |
|       mul_reg_375      |   32   |
|    or_ln408_reg_337    |    1   |
| select_ln408_1_reg_341 |    3   |
|   sum_1_load_reg_385   |   32   |
|      sum_1_reg_326     |   32   |
+------------------------+--------+
|          Total         |   208  |
+------------------------+--------+

* Multiplexer (MUX) list: 
|-------------------|------|------|------|--------||---------||---------|
|        Comp       |  Pin | Size |  BW  | S x BW ||  Delay  ||   LUT   |
|-------------------|------|------|------|--------||---------||---------|
|  grp_access_fu_79 |  p0  |   2  |   9  |   18   ||    9    |
|  grp_access_fu_92 |  p0  |   2  |   7  |   14   ||    9    |
| grp_access_fu_105 |  p0  |   2  |   2  |    4   ||    9    |
|     grp_fu_134    |  p0  |   2  |  32  |   64   ||    9    |
|     grp_fu_139    |  p0  |   2  |  32  |   64   ||    9    |
|     grp_fu_139    |  p1  |   2  |  32  |   64   ||    9    |
|-------------------|------|------|------|--------||---------||---------|
|       Total       |      |      |      |   228  ||  2.172  ||    54   |
|-------------------|------|------|------|--------||---------||---------|



* Summary:
+-----------+--------+--------+--------+--------+
|           |   DSP  |  Delay |   FF   |   LUT  |
+-----------+--------+--------+--------+--------+
|  Function |    5   |    -   |   305  |   429  |
|   Memory  |    -   |    -   |    -   |    -   |
|Multiplexer|    -   |    2   |    -   |   54   |
|  Register |    -   |    -   |   208  |    -   |
+-----------+--------+--------+--------+--------+
|   Total   |    5   |    2   |   513  |   483  |
+-----------+--------+--------+--------+--------+
