

================================================================
== Vitis HLS Report for 'graph_moe_Pipeline_VITIS_LOOP_437_4'
================================================================
* Date:           Sat Sep 12 20:19:13 2026

* Version:        2023.2 (Build 4023990 on Oct 11 2023)
* Project:        HLS_GraphMoE_Run6
* Solution:       solution1 (Vivado IP Flow Target)
* Product family: virtexuplus
* Target device:  xcvu13p_CIV-figd2104-3-e


================================================================
== Performance Estimates
================================================================
+ Timing: 
    * Summary: 
    +--------+----------+----------+------------+
    |  Clock |  Target  | Estimated| Uncertainty|
    +--------+----------+----------+------------+
    |ap_clk  |  10.00 ns|  6.824 ns|     2.70 ns|
    +--------+----------+----------+------------+

+ Latency: 
    * Summary: 
    +---------+---------+----------+----------+-----+-----+---------+
    |  Latency (cycles) |  Latency (absolute) |  Interval | Pipeline|
    |   min   |   max   |    min   |    max   | min | max |   Type  |
    +---------+---------+----------+----------+-----+-----+---------+
    |       13|       13|  0.130 us|  0.130 us|   13|   13|       no|
    +---------+---------+----------+----------+-----+-----+---------+

    + Detail: 
        * Instance: 
        N/A

        * Loop: 
        +--------------------+---------+---------+----------+-----------+-----------+------+----------+
        |                    |  Latency (cycles) | Iteration|  Initiation Interval  | Trip |          |
        |      Loop Name     |   min   |   max   |  Latency |  achieved |   target  | Count| Pipelined|
        +--------------------+---------+---------+----------+-----------+-----------+------+----------+
        |- VITIS_LOOP_437_4  |       11|       11|         9|          1|          1|     4|       yes|
        +--------------------+---------+---------+----------+-----------+-----------+------+----------+

============================================================
+ Verbose Summary: Synthesis Manager
============================================================
InlineROM: 1
ExposeGlobal: 0
============================================================
+ Verbose Summary: CDFG Model
============================================================
IsTopModel: 0
ResetActiveHigh: 1
IsCombinational: 0
IsDatapathOnly: 0
HasWiredReturn: 1
HasMFsm: 2
HasVarLatency: 1
IsPipeline: 0
IsRtlPipelined: 0
IsInstanceOverlapped: 0
IsDontTouch: 0
HasImplIP: 0
IsGatedGlobalClock: 0

+ Individual pipeline summary: 
  * Pipeline-0: initiation interval (II) = 1, depth = 9


============================================================
+ Verbose Summary: Schedule
============================================================
* Number of FSM states : 9
* Pipeline : 1
  Pipeline-0 : II = 1, D = 9, States = { 1 2 3 4 5 6 7 8 9 }
* Dataflow Pipeline: 0

* FSM state transitions: 
1 --> 2 
2 --> 3 
3 --> 4 
4 --> 5 
5 --> 6 
6 --> 7 
7 --> 8 
8 --> 9 
9 --> 

* FSM state operations: 

State 1 <SV = 0> <Delay = 1.24>
ST_1 : Operation 12 [1/1] (0.00ns)   --->   "%exp_sum = alloca i32 1" [src/moe.cpp:435]   --->   Operation 12 'alloca' 'exp_sum' <Predicate = true> <Delay = 0.00>
ST_1 : Operation 13 [1/1] (0.00ns)   --->   "%e = alloca i32 1" [src/moe.cpp:437]   --->   Operation 13 'alloca' 'e' <Predicate = true> <Delay = 0.00>
ST_1 : Operation 14 [1/1] (0.00ns)   --->   "%max_logit_1_reload_read = read i32 @_ssdm_op_Read.ap_auto.float, i32 %max_logit_1_reload"   --->   Operation 14 'read' 'max_logit_1_reload_read' <Predicate = true> <Delay = 0.00>
ST_1 : Operation 15 [1/1] (0.36ns)   --->   "%store_ln437 = store i3 0, i3 %e" [src/moe.cpp:437]   --->   Operation 15 'store' 'store_ln437' <Predicate = true> <Delay = 0.36>
ST_1 : Operation 16 [1/1] (0.36ns)   --->   "%store_ln435 = store i32 0, i32 %exp_sum" [src/moe.cpp:435]   --->   Operation 16 'store' 'store_ln435' <Predicate = true> <Delay = 0.36>
ST_1 : Operation 17 [1/1] (0.00ns)   --->   "%br_ln0 = br void %for.inc42"   --->   Operation 17 'br' 'br_ln0' <Predicate = true> <Delay = 0.00>
ST_1 : Operation 18 [1/1] (0.00ns)   --->   "%e_2 = load i3 %e" [src/moe.cpp:437]   --->   Operation 18 'load' 'e_2' <Predicate = true> <Delay = 0.00>
ST_1 : Operation 19 [1/1] (0.52ns)   --->   "%icmp_ln437 = icmp_eq  i3 %e_2, i3 4" [src/moe.cpp:437]   --->   Operation 19 'icmp' 'icmp_ln437' <Predicate = true> <Delay = 0.52> <CoreInst = "Cmp">   --->   Core 9 'Cmp' <Latency = 0> <II = 1> <Delay = 0.52> <FuncUnit> <Opcode : 'icmp'> <InPorts = 2> <OutPorts = 1>
ST_1 : Operation 20 [1/1] (0.52ns)   --->   "%add_ln437 = add i3 %e_2, i3 1" [src/moe.cpp:437]   --->   Operation 20 'add' 'add_ln437' <Predicate = true> <Delay = 0.52> <CoreInst = "Adder">   --->   Core 1 'Adder' <Latency = 0> <II = 1> <Delay = 0.52> <FuncUnit> <Opcode : 'add' 'sub'> <InPorts = 2> <OutPorts = 1>
ST_1 : Operation 21 [1/1] (0.00ns)   --->   "%br_ln437 = br i1 %icmp_ln437, void %for.inc42.split, void %for.inc54.preheader.exitStub" [src/moe.cpp:437]   --->   Operation 21 'br' 'br_ln437' <Predicate = true> <Delay = 0.00>
ST_1 : Operation 22 [1/1] (0.00ns)   --->   "%zext_ln437 = zext i3 %e_2" [src/moe.cpp:437]   --->   Operation 22 'zext' 'zext_ln437' <Predicate = (!icmp_ln437)> <Delay = 0.00>
ST_1 : Operation 23 [1/1] (0.00ns)   --->   "%logits_addr = getelementptr i32 %logits, i64 0, i64 %zext_ln437" [src/moe.cpp:439]   --->   Operation 23 'getelementptr' 'logits_addr' <Predicate = (!icmp_ln437)> <Delay = 0.00>
ST_1 : Operation 24 [2/2] (0.54ns)   --->   "%logits_load = load i2 %logits_addr" [src/moe.cpp:439]   --->   Operation 24 'load' 'logits_load' <Predicate = (!icmp_ln437)> <Delay = 0.54> <CoreInst = "RAM">   --->   Core 83 'RAM' <Latency = 1> <II = 1> <Delay = 0.54> <Storage> <Opcode : 'load' 'store'> <Ports = 2> <Width = 32> <Depth = 4> <RAM>
ST_1 : Operation 25 [1/1] (0.36ns)   --->   "%store_ln437 = store i3 %add_ln437, i3 %e" [src/moe.cpp:437]   --->   Operation 25 'store' 'store_ln437' <Predicate = (!icmp_ln437)> <Delay = 0.36>

State 2 <SV = 1> <Delay = 6.58>
ST_2 : Operation 26 [1/2] (0.54ns)   --->   "%logits_load = load i2 %logits_addr" [src/moe.cpp:439]   --->   Operation 26 'load' 'logits_load' <Predicate = true> <Delay = 0.54> <CoreInst = "RAM">   --->   Core 83 'RAM' <Latency = 1> <II = 1> <Delay = 0.54> <Storage> <Opcode : 'load' 'store'> <Ports = 2> <Width = 32> <Depth = 4> <RAM>
ST_2 : Operation 27 [2/2] (6.04ns)   --->   "%sub = fsub i32 %logits_load, i32 %max_logit_1_reload_read" [src/moe.cpp:439]   --->   Operation 27 'fsub' 'sub' <Predicate = true> <Delay = 6.04> <CoreInst = "FAddSub_fulldsp">   --->   Core 18 'FAddSub_fulldsp' <Latency = 1> <II = 1> <Delay = 6.04> <FuncUnit> <Opcode : 'fadd' 'fsub'> <InPorts = 2> <OutPorts = 1>

State 3 <SV = 2> <Delay = 6.04>
ST_3 : Operation 28 [1/2] (6.04ns)   --->   "%sub = fsub i32 %logits_load, i32 %max_logit_1_reload_read" [src/moe.cpp:439]   --->   Operation 28 'fsub' 'sub' <Predicate = true> <Delay = 6.04> <CoreInst = "FAddSub_fulldsp">   --->   Core 18 'FAddSub_fulldsp' <Latency = 1> <II = 1> <Delay = 6.04> <FuncUnit> <Opcode : 'fadd' 'fsub'> <InPorts = 2> <OutPorts = 1>

State 4 <SV = 3> <Delay = 6.28>
ST_4 : Operation 29 [4/4] (6.28ns)   --->   "%tmp = fexp i32 @llvm.exp.f32, i32 %sub" [src/moe.cpp:439]   --->   Operation 29 'fexp' 'tmp' <Predicate = true> <Delay = 6.28> <CoreInst = "FExp_fulldsp">   --->   Core 23 'FExp_fulldsp' <Latency = 3> <II = 1> <Delay = 6.28> <FuncUnit> <Opcode : 'fexp'> <InPorts = 1> <OutPorts = 1>

State 5 <SV = 4> <Delay = 6.28>
ST_5 : Operation 30 [3/4] (6.28ns)   --->   "%tmp = fexp i32 @llvm.exp.f32, i32 %sub" [src/moe.cpp:439]   --->   Operation 30 'fexp' 'tmp' <Predicate = true> <Delay = 6.28> <CoreInst = "FExp_fulldsp">   --->   Core 23 'FExp_fulldsp' <Latency = 3> <II = 1> <Delay = 6.28> <FuncUnit> <Opcode : 'fexp'> <InPorts = 1> <OutPorts = 1>

State 6 <SV = 5> <Delay = 6.28>
ST_6 : Operation 31 [2/4] (6.28ns)   --->   "%tmp = fexp i32 @llvm.exp.f32, i32 %sub" [src/moe.cpp:439]   --->   Operation 31 'fexp' 'tmp' <Predicate = true> <Delay = 6.28> <CoreInst = "FExp_fulldsp">   --->   Core 23 'FExp_fulldsp' <Latency = 3> <II = 1> <Delay = 6.28> <FuncUnit> <Opcode : 'fexp'> <InPorts = 1> <OutPorts = 1>

State 7 <SV = 6> <Delay = 6.82>
ST_7 : Operation 32 [1/4] (6.28ns)   --->   "%tmp = fexp i32 @llvm.exp.f32, i32 %sub" [src/moe.cpp:439]   --->   Operation 32 'fexp' 'tmp' <Predicate = true> <Delay = 6.28> <CoreInst = "FExp_fulldsp">   --->   Core 23 'FExp_fulldsp' <Latency = 3> <II = 1> <Delay = 6.28> <FuncUnit> <Opcode : 'fexp'> <InPorts = 1> <OutPorts = 1>
ST_7 : Operation 33 [1/1] (0.00ns)   --->   "%exp_logits_addr = getelementptr i32 %exp_logits, i64 0, i64 %zext_ln437" [src/moe.cpp:439]   --->   Operation 33 'getelementptr' 'exp_logits_addr' <Predicate = true> <Delay = 0.00>
ST_7 : Operation 34 [1/1] (0.54ns)   --->   "%store_ln439 = store i32 %tmp, i2 %exp_logits_addr" [src/moe.cpp:439]   --->   Operation 34 'store' 'store_ln439' <Predicate = true> <Delay = 0.54> <CoreInst = "RAM">   --->   Core 83 'RAM' <Latency = 1> <II = 1> <Delay = 0.54> <Storage> <Opcode : 'load' 'store'> <Ports = 2> <Width = 32> <Depth = 4> <RAM>

State 8 <SV = 7> <Delay = 6.04>
ST_8 : Operation 35 [1/1] (0.00ns)   --->   "%exp_sum_load = load i32 %exp_sum" [src/moe.cpp:440]   --->   Operation 35 'load' 'exp_sum_load' <Predicate = true> <Delay = 0.00>
ST_8 : Operation 36 [2/2] (6.04ns)   --->   "%exp_sum_1 = fadd i32 %exp_sum_load, i32 %tmp" [src/moe.cpp:440]   --->   Operation 36 'fadd' 'exp_sum_1' <Predicate = true> <Delay = 6.04> <CoreInst = "FAddSub_fulldsp">   --->   Core 18 'FAddSub_fulldsp' <Latency = 1> <II = 1> <Delay = 6.04> <FuncUnit> <Opcode : 'fadd' 'fsub'> <InPorts = 2> <OutPorts = 1>
ST_8 : Operation 43 [1/1] (0.00ns)   --->   "%exp_sum_load_1 = load i32 %exp_sum"   --->   Operation 43 'load' 'exp_sum_load_1' <Predicate = (icmp_ln437)> <Delay = 0.00>
ST_8 : Operation 44 [1/1] (0.00ns)   --->   "%write_ln0 = write void @_ssdm_op_Write.ap_auto.floatP0A, i32 %exp_sum_out, i32 %exp_sum_load_1"   --->   Operation 44 'write' 'write_ln0' <Predicate = (icmp_ln437)> <Delay = 0.00>
ST_8 : Operation 45 [1/1] (0.00ns)   --->   "%ret_ln0 = ret"   --->   Operation 45 'ret' 'ret_ln0' <Predicate = (icmp_ln437)> <Delay = 0.00>

State 9 <SV = 8> <Delay = 6.40>
ST_9 : Operation 37 [1/1] (0.00ns)   --->   "%specpipeline_ln435 = specpipeline void @_ssdm_op_SpecPipeline, i32 4294967295, i32 0, i32 0, i32 0, void @empty_3" [src/moe.cpp:435]   --->   Operation 37 'specpipeline' 'specpipeline_ln435' <Predicate = true> <Delay = 0.00>
ST_9 : Operation 38 [1/1] (0.00ns)   --->   "%speclooptripcount_ln435 = speclooptripcount void @_ssdm_op_SpecLoopTripCount, i64 4, i64 4, i64 4" [src/moe.cpp:435]   --->   Operation 38 'speclooptripcount' 'speclooptripcount_ln435' <Predicate = true> <Delay = 0.00>
ST_9 : Operation 39 [1/1] (0.00ns)   --->   "%specloopname_ln437 = specloopname void @_ssdm_op_SpecLoopName, void @empty_16" [src/moe.cpp:437]   --->   Operation 39 'specloopname' 'specloopname_ln437' <Predicate = true> <Delay = 0.00>
ST_9 : Operation 40 [1/2] (6.04ns)   --->   "%exp_sum_1 = fadd i32 %exp_sum_load, i32 %tmp" [src/moe.cpp:440]   --->   Operation 40 'fadd' 'exp_sum_1' <Predicate = true> <Delay = 6.04> <CoreInst = "FAddSub_fulldsp">   --->   Core 18 'FAddSub_fulldsp' <Latency = 1> <II = 1> <Delay = 6.04> <FuncUnit> <Opcode : 'fadd' 'fsub'> <InPorts = 2> <OutPorts = 1>
ST_9 : Operation 41 [1/1] (0.36ns)   --->   "%store_ln435 = store i32 %exp_sum_1, i32 %exp_sum" [src/moe.cpp:435]   --->   Operation 41 'store' 'store_ln435' <Predicate = true> <Delay = 0.36>
ST_9 : Operation 42 [1/1] (0.00ns)   --->   "%br_ln437 = br void %for.inc42" [src/moe.cpp:437]   --->   Operation 42 'br' 'br_ln437' <Predicate = true> <Delay = 0.00>


============================================================
+ Verbose Summary: Timing violations
============================================================
Target clock period: 10.000ns, clock uncertainty: 2.700ns.

 <State 1>: 1.248ns
The critical path consists of the following:
	'store' operation 0 bit ('store_ln437', src/moe.cpp:437) of constant 0 on local variable 'e', src/moe.cpp:437 [8]  (0.362 ns)
	'load' operation 3 bit ('e', src/moe.cpp:437) on local variable 'e', src/moe.cpp:437 [12]  (0.000 ns)
	'add' operation 3 bit ('add_ln437', src/moe.cpp:437) [14]  (0.524 ns)
	'store' operation 0 bit ('store_ln437', src/moe.cpp:437) of variable 'add_ln437', src/moe.cpp:437 on local variable 'e', src/moe.cpp:437 [29]  (0.362 ns)

 <State 2>: 6.589ns
The critical path consists of the following:
	'load' operation 32 bit ('logits_load', src/moe.cpp:439) on array 'logits' [23]  (0.542 ns)
	'fsub' operation 32 bit ('sub', src/moe.cpp:439) [24]  (6.047 ns)

 <State 3>: 6.047ns
The critical path consists of the following:
	'fsub' operation 32 bit ('sub', src/moe.cpp:439) [24]  (6.047 ns)

 <State 4>: 6.282ns
The critical path consists of the following:
	'fexp' operation 32 bit ('tmp', src/moe.cpp:439) [25]  (6.282 ns)

 <State 5>: 6.282ns
The critical path consists of the following:
	'fexp' operation 32 bit ('tmp', src/moe.cpp:439) [25]  (6.282 ns)

 <State 6>: 6.282ns
The critical path consists of the following:
	'fexp' operation 32 bit ('tmp', src/moe.cpp:439) [25]  (6.282 ns)

 <State 7>: 6.824ns
The critical path consists of the following:
	'fexp' operation 32 bit ('tmp', src/moe.cpp:439) [25]  (6.282 ns)
	'store' operation 0 bit ('store_ln439', src/moe.cpp:439) of variable 'tmp', src/moe.cpp:439 on array 'exp_logits' [27]  (0.542 ns)

 <State 8>: 6.047ns
The critical path consists of the following:
	'load' operation 32 bit ('exp_sum_load', src/moe.cpp:440) on local variable 'exp_sum', src/moe.cpp:435 [17]  (0.000 ns)
	'fadd' operation 32 bit ('exp_sum', src/moe.cpp:440) [28]  (6.047 ns)

 <State 9>: 6.409ns
The critical path consists of the following:
	'fadd' operation 32 bit ('exp_sum', src/moe.cpp:440) [28]  (6.047 ns)
	'store' operation 0 bit ('store_ln435', src/moe.cpp:435) of variable 'exp_sum', src/moe.cpp:440 on local variable 'exp_sum', src/moe.cpp:435 [30]  (0.362 ns)


============================================================
+ Verbose Summary: Binding
============================================================
N/A
* FSMD analyzer results:
  - Output states:
 - Input state : 
  - Chain level:
	State 1
	State 2
	State 3
	State 4
	State 5
	State 6
	State 7
	State 8
	State 9


============================================================
+ Verbose Summary: Datapath Resource usage 
============================================================
N/A
