

================================================================
== Synthesis Summary Report of 'pseudo_moe'
================================================================
+ General Information: 
    * Date:           Sun Sep 20 18:04:33 2026
    * Version:        2023.2 (Build 4023990 on Oct 11 2023)
    * Project:        project
    * Solution:       solution1 (Vivado IP Flow Target)
    * Product family: virtexuplus
    * Target device:  xcvu13p_CIV-figd2104-3-e
    

+ Performance & Resource Estimates: 
    
    PS: '+' for module; 'o' for loop; '*' for dataflow
    +--------------------------------------------------------------+------+------+---------+-----------+----------+---------+------+----------+---------+----------+-------------+------------+-----+
    |                            Modules                           | Issue|      | Latency |  Latency  | Iteration|         | Trip |          |         |          |             |            |     |
    |                            & Loops                           | Type | Slack| (cycles)|    (ns)   |  Latency | Interval| Count| Pipelined|  BRAM   |    DSP   |      FF     |     LUT    | URAM|
    +--------------------------------------------------------------+------+------+---------+-----------+----------+---------+------+----------+---------+----------+-------------+------------+-----+
    |+ pseudo_moe                                                  |     -|  0.00|   376701|  3.767e+06|         -|   376702|     -|        no|  61 (1%)|  21 (~0%)|  19939 (~0%)|  19813 (1%)|    -|
    | o VITIS_LOOP_98_1                                            |     -|  7.30|   376700|  3.767e+06|     37670|        -|    10|        no|        -|         -|            -|           -|    -|
    |  + pseudo_moe_Pipeline_VITIS_LOOP_104_2                      |     -|  0.00|      336|  3.360e+03|         -|      336|     -|        no|        -|         -|   2284 (~0%)|  1534 (~0%)|    -|
    |   o VITIS_LOOP_104_2                                         |    II|  7.30|      334|  3.340e+03|       143|       64|     4|       yes|        -|         -|            -|           -|    -|
    |  + pseudo_moe_Pipeline_VITIS_LOOP_131_6                      |     -|  0.00|       66|    660.000|         -|       66|     -|        no|        -|         -|     10 (~0%)|    78 (~0%)|    -|
    |   o VITIS_LOOP_131_6                                         |     -|  7.30|       64|    640.000|         2|        1|    64|       yes|        -|         -|            -|           -|    -|
    |  + pseudo_moe_Pipeline_VITIS_LOOP_121_4                      |     -|  0.47|       12|    120.000|         -|       12|     -|        no|        -|   9 (~0%)|    690 (~0%)|  1168 (~0%)|    -|
    |   o VITIS_LOOP_121_4                                         |     -|  7.30|       10|    100.000|         8|        1|     4|       yes|        -|         -|            -|           -|    -|
    |  + compute_expert                                            |     -|  0.00|     8230|  8.230e+04|         -|     8230|     -|        no|  8 (~0%)|   7 (~0%)|   2099 (~0%)|  2369 (~0%)|    -|
    |   + compute_expert_Pipeline_VITIS_LOOP_25_1                  |     -|  0.00|     4099|  4.099e+04|         -|     4099|     -|        no|        -|         -|     74 (~0%)|    90 (~0%)|    -|
    |    o VITIS_LOOP_25_1                                         |     -|  7.30|     4097|  4.097e+04|         3|        1|  4096|       yes|        -|         -|            -|           -|    -|
    |   + compute_expert_Pipeline_VITIS_LOOP_30_2_VITIS_LOOP_41_4  |     -|  0.00|     4120|  4.120e+04|         -|     4120|     -|        no|        -|   7 (~0%)|   1825 (~0%)|  1545 (~0%)|    -|
    |    o VITIS_LOOP_30_2_VITIS_LOOP_41_4                         |    II|  7.30|     4118|  4.118e+04|        31|        8|   512|       yes|        -|         -|            -|           -|    -|
    |  + pseudo_moe_Pipeline_VITIS_LOOP_126_5                      |     -|  0.00|       11|    110.000|         -|       11|     -|        no|        -|         -|     48 (~0%)|    91 (~0%)|    -|
    |   o VITIS_LOOP_126_5                                         |     -|  7.30|        9|     90.000|         7|        1|     4|       yes|        -|         -|            -|           -|    -|
    |  + pseudo_moe_Pipeline_VITIS_LOOP_138_7                      |     -|  0.00|     1090|  1.090e+04|         -|     1090|     -|        no|        -|         -|    188 (~0%)|   304 (~0%)|    -|
    |   o VITIS_LOOP_138_7                                         |    II|  7.30|     1088|  1.088e+04|        18|       17|    64|       yes|        -|         -|            -|           -|    -|
    |  + pseudo_moe_Pipeline_VITIS_LOOP_146_8                      |     -|  0.00|     1090|  1.090e+04|         -|     1090|     -|        no|        -|         -|    188 (~0%)|   304 (~0%)|    -|
    |   o VITIS_LOOP_146_8                                         |    II|  7.30|     1088|  1.088e+04|        18|       17|    64|       yes|        -|         -|            -|           -|    -|
    |  + pseudo_moe_Pipeline_VITIS_LOOP_154_9                      |     -|  0.00|     1090|  1.090e+04|         -|     1090|     -|        no|        -|         -|    188 (~0%)|   304 (~0%)|    -|
    |   o VITIS_LOOP_154_9                                         |    II|  7.30|     1088|  1.088e+04|        18|       17|    64|       yes|        -|         -|            -|           -|    -|
    |  + pseudo_moe_Pipeline_VITIS_LOOP_162_10                     |     -|  0.00|     1090|  1.090e+04|         -|     1090|     -|        no|        -|         -|    188 (~0%)|   304 (~0%)|    -|
    |   o VITIS_LOOP_162_10                                        |    II|  7.30|     1088|  1.088e+04|        18|       17|    64|       yes|        -|         -|            -|           -|    -|
    +--------------------------------------------------------------+------+------+---------+-----------+----------+---------+------+----------+---------+----------+-------------+------------+-----+


================================================================
== HW Interfaces
================================================================
* M_AXI
+--------------+------------+---------------+---------+--------+----------+-----------+--------------+--------------+-------------+-------------+-------------------+
| Interface    | Data Width | Address Width | Latency | Offset | Register | Max Widen | Max Read     | Max Write    | Num Read    | Num Write   | Resource Estimate |
|              | (SW->HW)   |               |         |        |          | Bitwidth  | Burst Length | Burst Length | Outstanding | Outstanding |                   |
+--------------+------------+---------------+---------+--------+----------+-----------+--------------+--------------+-------------+-------------+-------------------+
| m_axi_gmem0  | 32 -> 32   | 64            | 0       | slave  | 0        | 0         | 16           | 16           | 16          | 16          | BRAM=4            |
| m_axi_gmem1  | 32 -> 32   | 64            | 0       | slave  | 0        | 0         | 16           | 16           | 16          | 16          | BRAM=4            |
| m_axi_gmem10 | 32 -> 32   | 64            | 0       | slave  | 0        | 0         | 16           | 16           | 16          | 16          | BRAM=4            |
| m_axi_gmem11 | 32 -> 32   | 64            | 0       | slave  | 0        | 0         | 16           | 16           | 16          | 16          | BRAM=4            |
| m_axi_gmem12 | 32 -> 32   | 64            | 0       | slave  | 0        | 0         | 16           | 16           | 16          | 16          | BRAM=4            |
| m_axi_gmem2  | 32 -> 32   | 64            | 0       | slave  | 0        | 0         | 16           | 16           | 16          | 16          | BRAM=4            |
| m_axi_gmem3  | 32 -> 32   | 64            | 0       | slave  | 0        | 0         | 16           | 16           | 16          | 16          | BRAM=4            |
| m_axi_gmem4  | 32 -> 32   | 64            | 0       | slave  | 0        | 0         | 16           | 16           | 16          | 16          | BRAM=4            |
| m_axi_gmem5  | 32 -> 32   | 64            | 0       | slave  | 0        | 0         | 16           | 16           | 16          | 16          | BRAM=4            |
| m_axi_gmem6  | 32 -> 32   | 64            | 0       | slave  | 0        | 0         | 16           | 16           | 16          | 16          | BRAM=4            |
| m_axi_gmem7  | 32 -> 32   | 64            | 0       | slave  | 0        | 0         | 16           | 16           | 16          | 16          | BRAM=4            |
| m_axi_gmem8  | 32 -> 32   | 64            | 0       | slave  | 0        | 0         | 16           | 16           | 16          | 16          | BRAM=4            |
| m_axi_gmem9  | 32 -> 32   | 64            | 0       | slave  | 0        | 0         | 16           | 16           | 16          | 16          | BRAM=4            |
+--------------+------------+---------------+---------+--------+----------+-----------+--------------+--------------+-------------+-------------+-------------------+

* S_AXILITE Interfaces
+-----------------+------------+---------------+--------+----------+
| Interface       | Data Width | Address Width | Offset | Register |
+-----------------+------------+---------------+--------+----------+
| s_axi_control   | 32         | 4             |        |          |
| s_axi_control_r | 32         | 8             | 16     | 0        |
+-----------------+------------+---------------+--------+----------+

* S_AXILITE Registers
+-----------------+-------------+--------+-------+--------+----------------------------------+----------------------------------------------------------------------+
| Interface       | Register    | Offset | Width | Access | Description                      | Bit Fields                                                           |
+-----------------+-------------+--------+-------+--------+----------------------------------+----------------------------------------------------------------------+
| s_axi_control   | CTRL        | 0x00   | 32    | RW     | Control signals                  | 0=AP_START 1=AP_DONE 2=AP_IDLE 3=AP_READY 7=AUTO_RESTART 9=INTERRUPT |
| s_axi_control   | GIER        | 0x04   | 32    | RW     | Global Interrupt Enable Register | 0=Enable                                                             |
| s_axi_control   | IP_IER      | 0x08   | 32    | RW     | IP Interrupt Enable Register     | 0=CHAN0_INT_EN 1=CHAN1_INT_EN                                        |
| s_axi_control   | IP_ISR      | 0x0c   | 32    | RW     | IP Interrupt Status Register     | 0=CHAN0_INT_ST 1=CHAN1_INT_ST                                        |
| s_axi_control_r | input_r_1   | 0x10   | 32    | W      | Data signal of input_r           |                                                                      |
| s_axi_control_r | input_r_2   | 0x14   | 32    | W      | Data signal of input_r           |                                                                      |
| s_axi_control_r | w_gate_1    | 0x1c   | 32    | W      | Data signal of w_gate            |                                                                      |
| s_axi_control_r | w_gate_2    | 0x20   | 32    | W      | Data signal of w_gate            |                                                                      |
| s_axi_control_r | b_gate_1    | 0x28   | 32    | W      | Data signal of b_gate            |                                                                      |
| s_axi_control_r | b_gate_2    | 0x2c   | 32    | W      | Data signal of b_gate            |                                                                      |
| s_axi_control_r | w0_1        | 0x34   | 32    | W      | Data signal of w0                |                                                                      |
| s_axi_control_r | w0_2        | 0x38   | 32    | W      | Data signal of w0                |                                                                      |
| s_axi_control_r | b0_1        | 0x40   | 32    | W      | Data signal of b0                |                                                                      |
| s_axi_control_r | b0_2        | 0x44   | 32    | W      | Data signal of b0                |                                                                      |
| s_axi_control_r | w1_1        | 0x4c   | 32    | W      | Data signal of w1                |                                                                      |
| s_axi_control_r | w1_2        | 0x50   | 32    | W      | Data signal of w1                |                                                                      |
| s_axi_control_r | b1_1        | 0x58   | 32    | W      | Data signal of b1                |                                                                      |
| s_axi_control_r | b1_2        | 0x5c   | 32    | W      | Data signal of b1                |                                                                      |
| s_axi_control_r | w2_1        | 0x64   | 32    | W      | Data signal of w2                |                                                                      |
| s_axi_control_r | w2_2        | 0x68   | 32    | W      | Data signal of w2                |                                                                      |
| s_axi_control_r | b2_1        | 0x70   | 32    | W      | Data signal of b2                |                                                                      |
| s_axi_control_r | b2_2        | 0x74   | 32    | W      | Data signal of b2                |                                                                      |
| s_axi_control_r | w3_1        | 0x7c   | 32    | W      | Data signal of w3                |                                                                      |
| s_axi_control_r | w3_2        | 0x80   | 32    | W      | Data signal of w3                |                                                                      |
| s_axi_control_r | b3_1        | 0x88   | 32    | W      | Data signal of b3                |                                                                      |
| s_axi_control_r | b3_2        | 0x8c   | 32    | W      | Data signal of b3                |                                                                      |
| s_axi_control_r | gates_out_1 | 0x94   | 32    | W      | Data signal of gates_out         |                                                                      |
| s_axi_control_r | gates_out_2 | 0x98   | 32    | W      | Data signal of gates_out         |                                                                      |
| s_axi_control_r | output_r_1  | 0xa0   | 32    | W      | Data signal of output_r          |                                                                      |
| s_axi_control_r | output_r_2  | 0xa4   | 32    | W      | Data signal of output_r          |                                                                      |
+-----------------+-------------+--------+-------+--------+----------------------------------+----------------------------------------------------------------------+

* TOP LEVEL CONTROL
+-----------+------------+-----------+
| Interface | Type       | Ports     |
+-----------+------------+-----------+
| ap_clk    | clock      | ap_clk    |
| ap_rst_n  | reset      | ap_rst_n  |
| interrupt | interrupt  | interrupt |
| ap_ctrl   | ap_ctrl_hs |           |
+-----------+------------+-----------+


================================================================
== SW I/O Information
================================================================
* Top Function Arguments
+-----------+-----------+---------------+
| Argument  | Direction | Datatype      |
+-----------+-----------+---------------+
| input     | in        | float const * |
| w_gate    | in        | float const * |
| b_gate    | in        | float const * |
| w0        | in        | float const * |
| b0        | in        | float const * |
| w1        | in        | float const * |
| b1        | in        | float const * |
| w2        | in        | float const * |
| b2        | in        | float const * |
| w3        | in        | float const * |
| b3        | in        | float const * |
| gates_out | inout     | float*        |
| output    | inout     | float*        |
+-----------+-----------+---------------+

* SW-to-HW Mapping
+-----------+-----------------+-----------+----------+---------------------------------------+
| Argument  | HW Interface    | HW Type   | HW Usage | HW Info                               |
+-----------+-----------------+-----------+----------+---------------------------------------+
| input     | m_axi_gmem0     | interface |          |                                       |
| input     | s_axi_control_r | interface | offset   |                                       |
| w_gate    | m_axi_gmem1     | interface |          |                                       |
| w_gate    | s_axi_control_r | register  | offset   | name=w_gate_1 offset=0x1c range=32    |
| w_gate    | s_axi_control_r | register  | offset   | name=w_gate_2 offset=0x20 range=32    |
| b_gate    | m_axi_gmem2     | interface |          |                                       |
| b_gate    | s_axi_control_r | register  | offset   | name=b_gate_1 offset=0x28 range=32    |
| b_gate    | s_axi_control_r | register  | offset   | name=b_gate_2 offset=0x2c range=32    |
| w0        | m_axi_gmem3     | interface |          |                                       |
| w0        | s_axi_control_r | register  | offset   | name=w0_1 offset=0x34 range=32        |
| w0        | s_axi_control_r | register  | offset   | name=w0_2 offset=0x38 range=32        |
| b0        | m_axi_gmem4     | interface |          |                                       |
| b0        | s_axi_control_r | register  | offset   | name=b0_1 offset=0x40 range=32        |
| b0        | s_axi_control_r | register  | offset   | name=b0_2 offset=0x44 range=32        |
| w1        | m_axi_gmem5     | interface |          |                                       |
| w1        | s_axi_control_r | register  | offset   | name=w1_1 offset=0x4c range=32        |
| w1        | s_axi_control_r | register  | offset   | name=w1_2 offset=0x50 range=32        |
| b1        | m_axi_gmem6     | interface |          |                                       |
| b1        | s_axi_control_r | register  | offset   | name=b1_1 offset=0x58 range=32        |
| b1        | s_axi_control_r | register  | offset   | name=b1_2 offset=0x5c range=32        |
| w2        | m_axi_gmem7     | interface |          |                                       |
| w2        | s_axi_control_r | register  | offset   | name=w2_1 offset=0x64 range=32        |
| w2        | s_axi_control_r | register  | offset   | name=w2_2 offset=0x68 range=32        |
| b2        | m_axi_gmem8     | interface |          |                                       |
| b2        | s_axi_control_r | register  | offset   | name=b2_1 offset=0x70 range=32        |
| b2        | s_axi_control_r | register  | offset   | name=b2_2 offset=0x74 range=32        |
| w3        | m_axi_gmem9     | interface |          |                                       |
| w3        | s_axi_control_r | register  | offset   | name=w3_1 offset=0x7c range=32        |
| w3        | s_axi_control_r | register  | offset   | name=w3_2 offset=0x80 range=32        |
| b3        | m_axi_gmem10    | interface |          |                                       |
| b3        | s_axi_control_r | register  | offset   | name=b3_1 offset=0x88 range=32        |
| b3        | s_axi_control_r | register  | offset   | name=b3_2 offset=0x8c range=32        |
| gates_out | m_axi_gmem11    | interface |          |                                       |
| gates_out | s_axi_control_r | register  | offset   | name=gates_out_1 offset=0x94 range=32 |
| gates_out | s_axi_control_r | register  | offset   | name=gates_out_2 offset=0x98 range=32 |
| output    | m_axi_gmem12    | interface |          |                                       |
| output    | s_axi_control_r | interface | offset   |                                       |
+-----------+-----------------+-----------+----------+---------------------------------------+


================================================================
== M_AXI Burst Information
================================================================
 Note: All burst requests might be further partitioned into multiple requests during RTL generation based on max_read_burst_length or max_write_burst_length settings.

* Inferred Burst Summary
+--------------+-----------+--------+-------+------------------+-------------------------------------------------------------------------+
| HW Interface | Direction | Length | Width | Loop             | Loop Location                                                           |
+--------------+-----------+--------+-------+------------------+-------------------------------------------------------------------------+
| m_axi_gmem0  | read      | 64     | 32    | VITIS_LOOP_41_4  | /home/simics/HMoE/HLS_HMoE/pseudo_block/run_5/src/pseudo_moe.cpp:41:26  |
| m_axi_gmem0  | read      | 64     | 32    |                  |                                                                         |
| m_axi_gmem1  | read      | 256    | 32    | VITIS_LOOP_104_2 | /home/simics/HMoE/HLS_HMoE/pseudo_block/run_5/src/pseudo_moe.cpp:104:27 |
| m_axi_gmem11 | write     | 4      | 32    | VITIS_LOOP_126_5 | /home/simics/HMoE/HLS_HMoE/pseudo_block/run_5/src/pseudo_moe.cpp:126:27 |
| m_axi_gmem12 | write     | 64     | 32    | VITIS_LOOP_131_6 | /home/simics/HMoE/HLS_HMoE/pseudo_block/run_5/src/pseudo_moe.cpp:131:27 |
| m_axi_gmem2  | read      | 4      | 32    | VITIS_LOOP_104_2 | /home/simics/HMoE/HLS_HMoE/pseudo_block/run_5/src/pseudo_moe.cpp:104:27 |
| m_axi_gmem3  | read      | 4096   | 32    | VITIS_LOOP_25_1  | /home/simics/HMoE/HLS_HMoE/pseudo_block/run_5/src/pseudo_moe.cpp:25:19  |
| m_axi_gmem4  | read      | 64     | 32    | VITIS_LOOP_30_2  | /home/simics/HMoE/HLS_HMoE/pseudo_block/run_5/src/pseudo_moe.cpp:30:22  |
+--------------+-----------+--------+-------+------------------+-------------------------------------------------------------------------+

* All M_AXI Variable Accesses
+--------------------------------+-----------+-------------------------------------------------------------------------+-----------+--------------+--------+------------------+-------------------------------------------------------------------------+------------+---------------------------------------------------------------------------------------------------------+
| HW Interface                   | Variable  | Access Location                                                         | Direction | Burst Status | Length | Loop             | Loop Location                                                           | Resolution | Problem                                                                                                 |
+--------------------------------+-----------+-------------------------------------------------------------------------+-----------+--------------+--------+------------------+-------------------------------------------------------------------------+------------+---------------------------------------------------------------------------------------------------------+
| m_axi_gmem0                    | x         | /home/simics/HMoE/HLS_HMoE/pseudo_block/run_5/src/pseudo_moe.cpp:47:34  | read      | Inferred     | 64     | VITIS_LOOP_41_4  | /home/simics/HMoE/HLS_HMoE/pseudo_block/run_5/src/pseudo_moe.cpp:41:26  |            |                                                                                                         |
| m_axi_gmem0                    | x         | /home/simics/HMoE/HLS_HMoE/pseudo_block/run_5/src/pseudo_moe.cpp:108:24 | read      | Widen Fail   |        | VITIS_LOOP_41_4  | /home/simics/HMoE/HLS_HMoE/pseudo_block/run_5/src/pseudo_moe.cpp:41:26  | 214-353    | Could not widen since type float size is greater than or equal to the max_widen_bitwidth threshold of 0 |
| m_axi_gmem0                    | input     | /home/simics/HMoE/HLS_HMoE/pseudo_block/run_5/src/pseudo_moe.cpp:108:24 | read      | Widen Fail   |        | VITIS_LOOP_107_3 | /home/simics/HMoE/HLS_HMoE/pseudo_block/run_5/src/pseudo_moe.cpp:107:31 | 214-353    | Could not widen since type float size is greater than or equal to the max_widen_bitwidth threshold of 0 |
| m_axi_gmem0                    | x         | /home/simics/HMoE/HLS_HMoE/pseudo_block/run_5/src/pseudo_moe.cpp:108:24 | read      | Fail         |        | VITIS_LOOP_30_2  | /home/simics/HMoE/HLS_HMoE/pseudo_block/run_5/src/pseudo_moe.cpp:30:22  | 214-229    | Could not analyze pattern                                                                               |
| m_axi_gmem0                    | input     | /home/simics/HMoE/HLS_HMoE/pseudo_block/run_5/src/pseudo_moe.cpp:108:24 | read      | Fail         |        | VITIS_LOOP_104_2 | /home/simics/HMoE/HLS_HMoE/pseudo_block/run_5/src/pseudo_moe.cpp:104:27 | 214-230    | Stride is incompatible                                                                                  |
| m_axi_gmem0                    | input     | /home/simics/HMoE/HLS_HMoE/pseudo_block/run_5/src/pseudo_moe.cpp:108:24 | read      | Inferred     | 64     | VITIS_LOOP_107_3 | /home/simics/HMoE/HLS_HMoE/pseudo_block/run_5/src/pseudo_moe.cpp:107:31 |            |                                                                                                         |
| m_axi_gmem1                    | w_gate    | /home/simics/HMoE/HLS_HMoE/pseudo_block/run_5/src/pseudo_moe.cpp:108:43 | read      | Widen Fail   |        | VITIS_LOOP_107_3 | /home/simics/HMoE/HLS_HMoE/pseudo_block/run_5/src/pseudo_moe.cpp:107:31 | 214-353    | Could not widen since type float size is greater than or equal to the max_widen_bitwidth threshold of 0 |
| m_axi_gmem1                    | w_gate    | /home/simics/HMoE/HLS_HMoE/pseudo_block/run_5/src/pseudo_moe.cpp:108:43 | read      | Fail         |        | VITIS_LOOP_98_1  | /home/simics/HMoE/HLS_HMoE/pseudo_block/run_5/src/pseudo_moe.cpp:98:22  | 214-229    | Could not analyze pattern                                                                               |
| m_axi_gmem1                    | w_gate    | /home/simics/HMoE/HLS_HMoE/pseudo_block/run_5/src/pseudo_moe.cpp:108:43 | read      | Inferred     | 256    | VITIS_LOOP_104_2 | /home/simics/HMoE/HLS_HMoE/pseudo_block/run_5/src/pseudo_moe.cpp:104:27 |            |                                                                                                         |
| m_axi_gmem11                   | gates_out | /home/simics/HMoE/HLS_HMoE/pseudo_block/run_5/src/pseudo_moe.cpp:127:34 | write     | Widen Fail   |        | VITIS_LOOP_126_5 | /home/simics/HMoE/HLS_HMoE/pseudo_block/run_5/src/pseudo_moe.cpp:126:27 | 214-353    | Could not widen since type float size is greater than or equal to the max_widen_bitwidth threshold of 0 |
| m_axi_gmem11                   | gates_out | /home/simics/HMoE/HLS_HMoE/pseudo_block/run_5/src/pseudo_moe.cpp:127:34 | write     | Fail         |        |                  |                                                                         | 214-231    | Access is clobbered by load                                                                             |
| m_axi_gmem11                   | gates_out | /home/simics/HMoE/HLS_HMoE/pseudo_block/run_5/src/pseudo_moe.cpp:127:34 | write     | Inferred     | 4      | VITIS_LOOP_126_5 | /home/simics/HMoE/HLS_HMoE/pseudo_block/run_5/src/pseudo_moe.cpp:126:27 |            |                                                                                                         |
| m_axi_gmem12                   | output    | /home/simics/HMoE/HLS_HMoE/pseudo_block/run_5/src/pseudo_moe.cpp:132:31 | write     | Widen Fail   |        | VITIS_LOOP_131_6 | /home/simics/HMoE/HLS_HMoE/pseudo_block/run_5/src/pseudo_moe.cpp:131:27 | 214-353    | Could not widen since type float size is greater than or equal to the max_widen_bitwidth threshold of 0 |
| m_axi_gmem12                   | output    | /home/simics/HMoE/HLS_HMoE/pseudo_block/run_5/src/pseudo_moe.cpp:132:31 | write     | Fail         |        |                  |                                                                         | 214-231    | Access is clobbered by store                                                                            |
| m_axi_gmem12                   | output    | /home/simics/HMoE/HLS_HMoE/pseudo_block/run_5/src/pseudo_moe.cpp:132:31 | write     | Inferred     | 64     | VITIS_LOOP_131_6 | /home/simics/HMoE/HLS_HMoE/pseudo_block/run_5/src/pseudo_moe.cpp:131:27 |            |                                                                                                         |
| m_axi_gmem12                   | output    | /home/simics/HMoE/HLS_HMoE/pseudo_block/run_5/src/pseudo_moe.cpp:139:31 | write     | Fail         |        |                  |                                                                         | 214-231    | Access is clobbered by load                                                                             |
| m_axi_gmem12                   | output    | /home/simics/HMoE/HLS_HMoE/pseudo_block/run_5/src/pseudo_moe.cpp:139:31 | read      | Fail         |        |                  |                                                                         | 214-231    | Access is clobbered by store                                                                            |
| m_axi_gmem12                   | output    | /home/simics/HMoE/HLS_HMoE/pseudo_block/run_5/src/pseudo_moe.cpp:147:31 | write     | Fail         |        |                  |                                                                         | 214-231    | Access is clobbered by load                                                                             |
| m_axi_gmem12                   | output    | /home/simics/HMoE/HLS_HMoE/pseudo_block/run_5/src/pseudo_moe.cpp:147:31 | read      | Fail         |        |                  |                                                                         | 214-231    | Access is clobbered by store                                                                            |
| m_axi_gmem12                   | output    | /home/simics/HMoE/HLS_HMoE/pseudo_block/run_5/src/pseudo_moe.cpp:155:31 | write     | Fail         |        |                  |                                                                         | 214-231    | Access is clobbered by load                                                                             |
| m_axi_gmem12                   | output    | /home/simics/HMoE/HLS_HMoE/pseudo_block/run_5/src/pseudo_moe.cpp:155:31 | read      | Fail         |        |                  |                                                                         | 214-231    | Access is clobbered by store                                                                            |
| m_axi_gmem12                   | output    | /home/simics/HMoE/HLS_HMoE/pseudo_block/run_5/src/pseudo_moe.cpp:163:31 | write     | Fail         |        |                  |                                                                         | 214-231    | Access is clobbered by load                                                                             |
| m_axi_gmem12                   | output    | /home/simics/HMoE/HLS_HMoE/pseudo_block/run_5/src/pseudo_moe.cpp:163:31 | read      | Fail         |        |                  |                                                                         | 214-231    | Access is clobbered by store                                                                            |
| m_axi_gmem2                    | b_gate    | /home/simics/HMoE/HLS_HMoE/pseudo_block/run_5/src/pseudo_moe.cpp:105:25 | read      | Widen Fail   |        | VITIS_LOOP_104_2 | /home/simics/HMoE/HLS_HMoE/pseudo_block/run_5/src/pseudo_moe.cpp:104:27 | 214-353    | Could not widen since type float size is greater than or equal to the max_widen_bitwidth threshold of 0 |
| m_axi_gmem2                    | b_gate    | /home/simics/HMoE/HLS_HMoE/pseudo_block/run_5/src/pseudo_moe.cpp:105:25 | read      | Fail         |        | VITIS_LOOP_98_1  | /home/simics/HMoE/HLS_HMoE/pseudo_block/run_5/src/pseudo_moe.cpp:98:22  | 214-229    | Could not analyze pattern                                                                               |
| m_axi_gmem2                    | b_gate    | /home/simics/HMoE/HLS_HMoE/pseudo_block/run_5/src/pseudo_moe.cpp:105:25 | read      | Inferred     | 4      | VITIS_LOOP_104_2 | /home/simics/HMoE/HLS_HMoE/pseudo_block/run_5/src/pseudo_moe.cpp:104:27 |            |                                                                                                         |
| m_axi_gmem3,gmem5,gmem7,gmem9  | w         | /home/simics/HMoE/HLS_HMoE/pseudo_block/run_5/src/pseudo_moe.cpp:27:15  | read      | Widen Fail   |        | VITIS_LOOP_25_1  | /home/simics/HMoE/HLS_HMoE/pseudo_block/run_5/src/pseudo_moe.cpp:25:19  | 214-353    | Could not widen since type float size is greater than or equal to the max_widen_bitwidth threshold of 0 |
| m_axi_gmem3,gmem5,gmem7,gmem9  | w         | /home/simics/HMoE/HLS_HMoE/pseudo_block/run_5/src/pseudo_moe.cpp:27:15  | read      | Inferred     | 4096   | VITIS_LOOP_25_1  | /home/simics/HMoE/HLS_HMoE/pseudo_block/run_5/src/pseudo_moe.cpp:25:19  |            |                                                                                                         |
| m_axi_gmem4,gmem6,gmem8,gmem10 | b         | /home/simics/HMoE/HLS_HMoE/pseudo_block/run_5/src/pseudo_moe.cpp:52:21  | read      | Widen Fail   |        | VITIS_LOOP_30_2  | /home/simics/HMoE/HLS_HMoE/pseudo_block/run_5/src/pseudo_moe.cpp:30:22  | 214-353    | Could not widen since type float size is greater than or equal to the max_widen_bitwidth threshold of 0 |
| m_axi_gmem4,gmem6,gmem8,gmem10 | b         | /home/simics/HMoE/HLS_HMoE/pseudo_block/run_5/src/pseudo_moe.cpp:52:21  | read      | Inferred     | 64     | VITIS_LOOP_30_2  | /home/simics/HMoE/HLS_HMoE/pseudo_block/run_5/src/pseudo_moe.cpp:30:22  |            |                                                                                                         |
+--------------------------------+-----------+-------------------------------------------------------------------------+-----------+--------------+--------+------------------+-------------------------------------------------------------------------+------------+---------------------------------------------------------------------------------------------------------+

    * Resolution URL: docs.xilinx.com/access/sources/dita/topic?Doc_Version=2023.2%20English&url=ug1448-hls-guidance&resourceid=XXX-YYY.html (replace XXX-YYY with column value)

================================================================
== Bind Op Report
================================================================
+-------------------------------------------------------------+-----+--------+--------------+------+---------+---------+
| Name                                                        | DSP | Pragma | Variable     | Op   | Impl    | Latency |
+-------------------------------------------------------------+-----+--------+--------------+------+---------+---------+
| + pseudo_moe                                                | 21  |        |              |      |         |         |
|   fmul_32ns_32ns_32_2_max_dsp_1_U117                        |     |        | add_ln98     | add  | fabric  | 0       |
|   empty_fu_714_p2                                           |     |        | empty        | add  | fabric  | 0       |
|   empty_56_fu_648_p2                                        |     |        | empty_56     | add  | fabric  | 0       |
|   empty_58_fu_663_p2                                        |     |        | empty_58     | add  | fabric  | 0       |
|   faddfsub_32ns_32ns_32_2_full_dsp_1_U116                   |     |        | empty_64     | add  | fabric  | 0       |
|   fmul_32ns_32ns_32_2_max_dsp_1_U117                        |     |        | empty_67     | add  | fabric  | 0       |
|   empty_70_fu_900_p2                                        |     |        | empty_70     | add  | fabric  | 0       |
|  + pseudo_moe_Pipeline_VITIS_LOOP_104_2                     | 0   |        |              |      |         |         |
|    add_ln104_fu_396_p2                                      |     |        | add_ln104    | add  | fabric  | 0       |
|  + pseudo_moe_Pipeline_VITIS_LOOP_131_6                     | 0   |        |              |      |         |         |
|    add_ln131_fu_83_p2                                       |     |        | add_ln131    | add  | fabric  | 0       |
|  + pseudo_moe_Pipeline_VITIS_LOOP_121_4                     | 9   |        |              |      |         |         |
|    add_ln121_fu_234_p2                                      |     |        | add_ln121    | add  | fabric  | 0       |
|    fexp_32ns_32ns_32_4_full_dsp_1_U22                       | 7   |        | exp_values_1 | fexp | fulldsp | 3       |
|    fadd_32ns_32ns_32_2_full_dsp_1_U21                       | 2   |        | exp_sum_1    | fadd | fulldsp | 1       |
|  + compute_expert                                           | 7   |        |              |      |         |         |
|    add_ln30_fu_221_p2                                       |     |        | add_ln30     | add  | fabric  | 0       |
|   + compute_expert_Pipeline_VITIS_LOOP_25_1                 | 0   |        |              |      |         |         |
|     add_ln25_fu_217_p2                                      |     |        | add_ln25     | add  | fabric  | 0       |
|   + compute_expert_Pipeline_VITIS_LOOP_30_2_VITIS_LOOP_41_4 | 7   |        |              |      |         |         |
|     add_ln30_fu_407_p2                                      |     |        | add_ln30     | add  | fabric  | 0       |
|     add_ln30_1_fu_465_p2                                    |     |        | add_ln30_1   | add  | fabric  | 0       |
|     add_ln47_fu_498_p2                                      |     |        | add_ln47     | add  | fabric  | 0       |
|     fmul_32ns_32ns_32_2_max_dsp_1_U65                       | 3   |        | mul          | fmul | maxdsp  | 1       |
|     fadd_32ns_32ns_32_2_full_dsp_1_U63                      | 2   |        | add          | fadd | fulldsp | 1       |
|     fmul_32ns_32ns_32_2_max_dsp_1_U65                       | 3   |        | mul31_1      | fmul | maxdsp  | 1       |
|     fadd_32ns_32ns_32_2_full_dsp_1_U63                      | 2   |        | add34_1      | fadd | fulldsp | 1       |
|     fmul_32ns_32ns_32_2_max_dsp_1_U65                       | 3   |        | mul31_2      | fmul | maxdsp  | 1       |
|     fadd_32ns_32ns_32_2_full_dsp_1_U63                      | 2   |        | add34_2      | fadd | fulldsp | 1       |
|     fmul_32ns_32ns_32_2_max_dsp_1_U65                       | 3   |        | mul31_3      | fmul | maxdsp  | 1       |
|     fadd_32ns_32ns_32_2_full_dsp_1_U63                      | 2   |        | add34_3      | fadd | fulldsp | 1       |
|     fmul_32ns_32ns_32_2_max_dsp_1_U65                       | 3   |        | mul31_4      | fmul | maxdsp  | 1       |
|     fadd_32ns_32ns_32_2_full_dsp_1_U63                      | 2   |        | add34_4      | fadd | fulldsp | 1       |
|     fmul_32ns_32ns_32_2_max_dsp_1_U65                       | 3   |        | mul31_5      | fmul | maxdsp  | 1       |
|     fadd_32ns_32ns_32_2_full_dsp_1_U63                      | 2   |        | add34_5      | fadd | fulldsp | 1       |
|     fmul_32ns_32ns_32_2_max_dsp_1_U65                       | 3   |        | mul31_6      | fmul | maxdsp  | 1       |
|     fadd_32ns_32ns_32_2_full_dsp_1_U63                      | 2   |        | add34_6      | fadd | fulldsp | 1       |
|     fmul_32ns_32ns_32_2_max_dsp_1_U65                       | 3   |        | mul31_7      | fmul | maxdsp  | 1       |
|     fadd_32ns_32ns_32_2_full_dsp_1_U63                      | 2   |        | add34_7      | fadd | fulldsp | 1       |
|     add_ln41_fu_445_p2                                      |     |        | add_ln41     | add  | fabric  | 0       |
|     fadd_32ns_32ns_32_2_full_dsp_1_U64                      | 2   |        | acc_65       | fadd | fulldsp | 1       |
|     fadd_32ns_32ns_32_2_full_dsp_1_U64                      | 2   |        | acc_66       | fadd | fulldsp | 1       |
|     fadd_32ns_32ns_32_2_full_dsp_1_U64                      | 2   |        | acc_67       | fadd | fulldsp | 1       |
|     fadd_32ns_32ns_32_2_full_dsp_1_U64                      | 2   |        | acc_68       | fadd | fulldsp | 1       |
|     fadd_32ns_32ns_32_2_full_dsp_1_U64                      | 2   |        | acc_69       | fadd | fulldsp | 1       |
|     fadd_32ns_32ns_32_2_full_dsp_1_U64                      | 2   |        | acc_70       | fadd | fulldsp | 1       |
|     fadd_32ns_32ns_32_2_full_dsp_1_U64                      | 2   |        | acc_71       | fadd | fulldsp | 1       |
|     fadd_32ns_32ns_32_2_full_dsp_1_U64                      | 2   |        | acc_72       | fadd | fulldsp | 1       |
|  + pseudo_moe_Pipeline_VITIS_LOOP_126_5                     | 0   |        |              |      |         |         |
|    add_ln126_fu_131_p2                                      |     |        | add_ln126    | add  | fabric  | 0       |
|    fdiv_32ns_32ns_32_6_no_dsp_1_U41                         |     |        | div          | fdiv | fabric  | 5       |
|  + pseudo_moe_Pipeline_VITIS_LOOP_138_7                     | 0   |        |              |      |         |         |
|    add_ln138_fu_156_p2                                      |     |        | add_ln138    | add  | fabric  | 0       |
|    add_ln139_fu_185_p2                                      |     |        | add_ln139    | add  | fabric  | 0       |
|  + pseudo_moe_Pipeline_VITIS_LOOP_146_8                     | 0   |        |              |      |         |         |
|    add_ln146_fu_156_p2                                      |     |        | add_ln146    | add  | fabric  | 0       |
|    add_ln147_fu_185_p2                                      |     |        | add_ln147    | add  | fabric  | 0       |
|  + pseudo_moe_Pipeline_VITIS_LOOP_154_9                     | 0   |        |              |      |         |         |
|    add_ln154_fu_156_p2                                      |     |        | add_ln154    | add  | fabric  | 0       |
|    add_ln155_fu_185_p2                                      |     |        | add_ln155    | add  | fabric  | 0       |
|  + pseudo_moe_Pipeline_VITIS_LOOP_162_10                    | 0   |        |              |      |         |         |
|    add_ln162_fu_156_p2                                      |     |        | add_ln162    | add  | fabric  | 0       |
|    add_ln163_fu_185_p2                                      |     |        | add_ln163    | add  | fabric  | 0       |
+-------------------------------------------------------------+-----+--------+--------------+------+---------+---------+


================================================================
== Storage Report
================================================================
+--------------------------------------+--------------+-----------+------+------+--------+---------------+------+---------+------------------+
| Name                                 | Usage        | Type      | BRAM | URAM | Pragma | Variable      | Impl | Latency | Bitwidth, Depth, |
|                                      |              |           |      |      |        |               |      |         | Banks            |
+--------------------------------------+--------------+-----------+------+------+--------+---------------+------+---------+------------------+
| + pseudo_moe                         |              |           | 61   | 0    |        |               |      |         |                  |
|   control_s_axi_U                    | interface    | s_axilite |      |      |        |               |      |         |                  |
|   control_r_s_axi_U                  | interface    | s_axilite |      |      |        |               |      |         |                  |
|   gmem0_m_axi_U                      | interface    | m_axi     | 4    |      |        |               |      |         |                  |
|   gmem1_m_axi_U                      | interface    | m_axi     | 4    |      |        |               |      |         |                  |
|   gmem10_m_axi_U                     | interface    | m_axi     | 4    |      |        |               |      |         |                  |
|   gmem11_m_axi_U                     | interface    | m_axi     | 4    |      |        |               |      |         |                  |
|   gmem12_m_axi_U                     | interface    | m_axi     | 4    |      |        |               |      |         |                  |
|   gmem2_m_axi_U                      | interface    | m_axi     | 4    |      |        |               |      |         |                  |
|   gmem3_m_axi_U                      | interface    | m_axi     | 4    |      |        |               |      |         |                  |
|   gmem4_m_axi_U                      | interface    | m_axi     | 4    |      |        |               |      |         |                  |
|   gmem5_m_axi_U                      | interface    | m_axi     | 4    |      |        |               |      |         |                  |
|   gmem6_m_axi_U                      | interface    | m_axi     | 4    |      |        |               |      |         |                  |
|   gmem7_m_axi_U                      | interface    | m_axi     | 4    |      |        |               |      |         |                  |
|   gmem8_m_axi_U                      | interface    | m_axi     | 4    |      |        |               |      |         |                  |
|   gmem9_m_axi_U                      | interface    | m_axi     | 4    |      |        |               |      |         |                  |
|   fmul_32ns_32ns_32_2_max_dsp_1_U117 | ram_1p array |           | 2    |      |        | expert_result | auto | 1       | 32, 64, 1        |
|  + compute_expert                    |              |           | 8    | 0    |        |               |      |         |                  |
|    w_local_U                         | ram_1p array |           | 2    |      |        | w_local       | auto | 1       | 32, 512, 1       |
|    w_local_1_U                       | ram_1p array |           | 2    |      |        | w_local_1     | auto | 1       | 32, 512, 1       |
|    w_local_2_U                       | ram_1p array |           | 2    |      |        | w_local_2     | auto | 1       | 32, 512, 1       |
|    w_local_3_U                       | ram_1p array |           | 2    |      |        | w_local_3     | auto | 1       | 32, 512, 1       |
|    w_local_4_U                       | ram_1p array |           | 2    |      |        | w_local_4     | auto | 1       | 32, 512, 1       |
|    w_local_5_U                       | ram_1p array |           | 2    |      |        | w_local_5     | auto | 1       | 32, 512, 1       |
|    w_local_6_U                       | ram_1p array |           | 2    |      |        | w_local_6     | auto | 1       | 32, 512, 1       |
|    w_local_7_U                       | ram_1p array |           | 2    |      |        | w_local_7     | auto | 1       | 32, 512, 1       |
+--------------------------------------+--------------+-----------+------+------+--------+---------------+------+---------+------------------+


================================================================
== Pragma Report
================================================================
* Valid Pragma Syntax
+-----------------+-------------------------------------------------+--------------------------------------------------+
| Type            | Options                                         | Location                                         |
+-----------------+-------------------------------------------------+--------------------------------------------------+
| inline          | off                                             | src/pseudo_moe.cpp:18 in compute_expert          |
| array_partition | variable=w_local cyclic factor=8 dim=1          | src/pseudo_moe.cpp:23 in compute_expert, w_local |
| pipeline        | II=1                                            | src/pseudo_moe.cpp:26 in compute_expert          |
| array_partition | variable=partial complete                       | src/pseudo_moe.cpp:32 in compute_expert, partial |
| unroll          |                                                 | src/pseudo_moe.cpp:36 in compute_expert          |
| pipeline        | II=1                                            | src/pseudo_moe.cpp:42 in compute_expert          |
| unroll          |                                                 | src/pseudo_moe.cpp:45 in compute_expert          |
| unroll          |                                                 | src/pseudo_moe.cpp:54 in compute_expert          |
| interface       | m_axi port=input offset=slave bundle=gmem0      | src/pseudo_moe.cpp:76 in pseudo_moe, input       |
| interface       | m_axi port=w_gate offset=slave bundle=gmem1     | src/pseudo_moe.cpp:77 in pseudo_moe, w_gate      |
| interface       | m_axi port=b_gate offset=slave bundle=gmem2     | src/pseudo_moe.cpp:78 in pseudo_moe, b_gate      |
| interface       | m_axi port=w0 offset=slave bundle=gmem3         | src/pseudo_moe.cpp:80 in pseudo_moe, w0          |
| interface       | m_axi port=b0 offset=slave bundle=gmem4         | src/pseudo_moe.cpp:81 in pseudo_moe, b0          |
| interface       | m_axi port=w1 offset=slave bundle=gmem5         | src/pseudo_moe.cpp:82 in pseudo_moe, w1          |
| interface       | m_axi port=b1 offset=slave bundle=gmem6         | src/pseudo_moe.cpp:83 in pseudo_moe, b1          |
| interface       | m_axi port=w2 offset=slave bundle=gmem7         | src/pseudo_moe.cpp:84 in pseudo_moe, w2          |
| interface       | m_axi port=b2 offset=slave bundle=gmem8         | src/pseudo_moe.cpp:85 in pseudo_moe, b2          |
| interface       | m_axi port=w3 offset=slave bundle=gmem9         | src/pseudo_moe.cpp:86 in pseudo_moe, w3          |
| interface       | m_axi port=b3 offset=slave bundle=gmem10        | src/pseudo_moe.cpp:87 in pseudo_moe, b3          |
| interface       | m_axi port=gates_out offset=slave bundle=gmem11 | src/pseudo_moe.cpp:89 in pseudo_moe, gates_out   |
| interface       | m_axi port=output offset=slave bundle=gmem12    | src/pseudo_moe.cpp:90 in pseudo_moe, output      |
| interface       | s_axilite port=return bundle=control            | src/pseudo_moe.cpp:92 in pseudo_moe, return      |
| pipeline        | off                                             | src/pseudo_moe.cpp:99 in pseudo_moe              |
+-----------------+-------------------------------------------------+--------------------------------------------------+


