

================================================================
== Vitis HLS Report for 'compute_expert_Pipeline_VITIS_LOOP_25_1'
================================================================
* Date:           Sun Sep 20 18:04:31 2026

* Version:        2023.2 (Build 4023990 on Oct 11 2023)
* Project:        project
* Solution:       solution1 (Vivado IP Flow Target)
* Product family: virtexuplus
* Target device:  xcvu13p_CIV-figd2104-3-e


================================================================
== Performance Estimates
================================================================
+ Timing: 
    * Summary: 
    +--------+----------+----------+------------+
    |  Clock |  Target  | Estimated| Uncertainty|
    +--------+----------+----------+------------+
    |ap_clk  |  10.00 ns|  7.300 ns|     2.70 ns|
    +--------+----------+----------+------------+

+ Latency: 
    * Summary: 
    +---------+---------+-----------+-----------+------+------+---------+
    |  Latency (cycles) |   Latency (absolute)  |   Interval  | Pipeline|
    |   min   |   max   |    min    |    max    |  min |  max |   Type  |
    +---------+---------+-----------+-----------+------+------+---------+
    |     4099|     4099|  40.990 us|  40.990 us|  4099|  4099|       no|
    +---------+---------+-----------+-----------+------+------+---------+

    + Detail: 
        * Instance: 
        N/A

        * Loop: 
        +-------------------+---------+---------+----------+-----------+-----------+------+----------+
        |                   |  Latency (cycles) | Iteration|  Initiation Interval  | Trip |          |
        |     Loop Name     |   min   |   max   |  Latency |  achieved |   target  | Count| Pipelined|
        +-------------------+---------+---------+----------+-----------+-----------+------+----------+
        |- VITIS_LOOP_25_1  |     4097|     4097|         3|          1|          1|  4096|       yes|
        +-------------------+---------+---------+----------+-----------+-----------+------+----------+

============================================================
+ Verbose Summary: Synthesis Manager
============================================================
InlineROM: 1
ExposeGlobal: 0
============================================================
+ Verbose Summary: CDFG Model
============================================================
IsTopModel: 0
ResetActiveHigh: 1
IsCombinational: 0
IsDatapathOnly: 0
HasWiredReturn: 1
HasMFsm: 2
HasVarLatency: 1
IsPipeline: 0
IsRtlPipelined: 0
IsInstanceOverlapped: 0
IsDontTouch: 0
HasImplIP: 0
IsGatedGlobalClock: 0

+ Individual pipeline summary: 
  * Pipeline-0: initiation interval (II) = 1, depth = 3


============================================================
+ Verbose Summary: Schedule
============================================================
* Number of FSM states : 3
* Pipeline : 1
  Pipeline-0 : II = 1, D = 3, States = { 1 2 3 }
* Dataflow Pipeline: 0

* FSM state transitions: 
1 --> 2 
2 --> 3 
3 --> 

* FSM state operations: 

State 1 <SV = 0> <Delay = 1.41>
ST_1 : Operation 6 [1/1] (0.00ns)   --->   "%k = alloca i32 1" [/home/simics/HMoE/HLS_HMoE/pseudo_block/run_5/src/pseudo_moe.cpp:25]   --->   Operation 6 'alloca' 'k' <Predicate = true> <Delay = 0.00>
ST_1 : Operation 7 [1/1] (0.00ns)   --->   "%sext_ln25_read = read i62 @_ssdm_op_Read.ap_auto.i62, i62 %sext_ln25"   --->   Operation 7 'read' 'sext_ln25_read' <Predicate = true> <Delay = 0.00>
ST_1 : Operation 8 [1/1] (0.00ns)   --->   "%sext_ln25_cast = sext i62 %sext_ln25_read"   --->   Operation 8 'sext' 'sext_ln25_cast' <Predicate = true> <Delay = 0.00>
ST_1 : Operation 9 [1/1] (0.00ns)   --->   "%specinterface_ln0 = specinterface void @_ssdm_op_SpecInterface, i32 %gmem3, void @empty_18, i32 0, i32 0, void @empty_43, i32 0, i32 0, void @empty_4, void @empty_21, void @empty_43, i32 16, i32 16, i32 16, i32 16, void @empty_43, void @empty_43, i32 4294967295, i32 0"   --->   Operation 9 'specinterface' 'specinterface_ln0' <Predicate = true> <Delay = 0.00>
ST_1 : Operation 10 [1/1] (0.36ns)   --->   "%store_ln25 = store i13 0, i13 %k" [/home/simics/HMoE/HLS_HMoE/pseudo_block/run_5/src/pseudo_moe.cpp:25]   --->   Operation 10 'store' 'store_ln25' <Predicate = true> <Delay = 0.36>
ST_1 : Operation 11 [1/1] (0.00ns)   --->   "%br_ln0 = br void %for.inc"   --->   Operation 11 'br' 'br_ln0' <Predicate = true> <Delay = 0.00>
ST_1 : Operation 12 [1/1] (0.00ns)   --->   "%k_1 = load i13 %k" [/home/simics/HMoE/HLS_HMoE/pseudo_block/run_5/src/pseudo_moe.cpp:25]   --->   Operation 12 'load' 'k_1' <Predicate = true> <Delay = 0.00>
ST_1 : Operation 13 [1/1] (0.69ns)   --->   "%icmp_ln25 = icmp_eq  i13 %k_1, i13 4096" [/home/simics/HMoE/HLS_HMoE/pseudo_block/run_5/src/pseudo_moe.cpp:25]   --->   Operation 13 'icmp' 'icmp_ln25' <Predicate = true> <Delay = 0.69> <CoreInst = "Cmp">   --->   Core 9 'Cmp' <Latency = 0> <II = 1> <Delay = 0.69> <FuncUnit> <Opcode : 'icmp'> <InPorts = 2> <OutPorts = 1>
ST_1 : Operation 14 [1/1] (0.69ns)   --->   "%add_ln25 = add i13 %k_1, i13 1" [/home/simics/HMoE/HLS_HMoE/pseudo_block/run_5/src/pseudo_moe.cpp:25]   --->   Operation 14 'add' 'add_ln25' <Predicate = true> <Delay = 0.69> <CoreInst = "Adder">   --->   Core 1 'Adder' <Latency = 0> <II = 1> <Delay = 0.69> <FuncUnit> <Opcode : 'add' 'sub'> <InPorts = 2> <OutPorts = 1>
ST_1 : Operation 15 [1/1] (0.00ns)   --->   "%br_ln25 = br i1 %icmp_ln25, void %for.inc.split, void %VITIS_LOOP_30_2.exitStub" [/home/simics/HMoE/HLS_HMoE/pseudo_block/run_5/src/pseudo_moe.cpp:25]   --->   Operation 15 'br' 'br_ln25' <Predicate = true> <Delay = 0.00>
ST_1 : Operation 16 [1/1] (0.00ns)   --->   "%trunc_ln25 = trunc i13 %k_1" [/home/simics/HMoE/HLS_HMoE/pseudo_block/run_5/src/pseudo_moe.cpp:25]   --->   Operation 16 'trunc' 'trunc_ln25' <Predicate = (!icmp_ln25)> <Delay = 0.00>
ST_1 : Operation 17 [1/1] (0.00ns)   --->   "%lshr_ln = partselect i9 @_ssdm_op_PartSelect.i9.i13.i32.i32, i13 %k_1, i32 3, i32 11" [/home/simics/HMoE/HLS_HMoE/pseudo_block/run_5/src/pseudo_moe.cpp:25]   --->   Operation 17 'partselect' 'lshr_ln' <Predicate = (!icmp_ln25)> <Delay = 0.00>
ST_1 : Operation 18 [1/1] (0.66ns)   --->   "%switch_ln27 = switch i3 %trunc_ln25, void %arrayidx2.case.7, i3 0, void %arrayidx2.case.0, i3 1, void %arrayidx2.case.1, i3 2, void %arrayidx2.case.2, i3 3, void %arrayidx2.case.3, i3 4, void %arrayidx2.case.4, i3 5, void %arrayidx2.case.5, i3 6, void %arrayidx2.case.6" [/home/simics/HMoE/HLS_HMoE/pseudo_block/run_5/src/pseudo_moe.cpp:27]   --->   Operation 18 'switch' 'switch_ln27' <Predicate = (!icmp_ln25)> <Delay = 0.66>
ST_1 : Operation 19 [1/1] (0.36ns)   --->   "%store_ln25 = store i13 %add_ln25, i13 %k" [/home/simics/HMoE/HLS_HMoE/pseudo_block/run_5/src/pseudo_moe.cpp:25]   --->   Operation 19 'store' 'store_ln25' <Predicate = (!icmp_ln25)> <Delay = 0.36>
ST_1 : Operation 20 [1/1] (0.00ns)   --->   "%br_ln25 = br void %for.inc" [/home/simics/HMoE/HLS_HMoE/pseudo_block/run_5/src/pseudo_moe.cpp:25]   --->   Operation 20 'br' 'br_ln25' <Predicate = (!icmp_ln25)> <Delay = 0.00>

State 2 <SV = 1> <Delay = 7.30>
ST_2 : Operation 21 [1/1] (0.00ns)   --->   "%gmem3_addr = getelementptr i32 %gmem3, i64 %sext_ln25_cast" [/home/simics/HMoE/HLS_HMoE/pseudo_block/run_5/src/pseudo_moe.cpp:25]   --->   Operation 21 'getelementptr' 'gmem3_addr' <Predicate = true> <Delay = 0.00>
ST_2 : Operation 22 [1/1] (7.30ns)   --->   "%gmem3_addr_read = read i32 @_ssdm_op_Read.m_axi.p1i32, i32 %gmem3_addr" [/home/simics/HMoE/HLS_HMoE/pseudo_block/run_5/src/pseudo_moe.cpp:27]   --->   Operation 22 'read' 'gmem3_addr_read' <Predicate = true> <Delay = 7.30> <CoreInst = "m_axi">   --->   Core 121 'm_axi' <Latency = 0> <II = 1> <Delay = 1.00> <Adapter> <Opcode : 'read' 'write' 'readreq' 'writereq' 'writeresp'>
ST_2 : Operation 23 [1/1] (0.00ns)   --->   "%bitcast_ln27 = bitcast i32 %gmem3_addr_read" [/home/simics/HMoE/HLS_HMoE/pseudo_block/run_5/src/pseudo_moe.cpp:27]   --->   Operation 23 'bitcast' 'bitcast_ln27' <Predicate = true> <Delay = 0.00>
ST_2 : Operation 52 [1/1] (0.00ns)   --->   "%ret_ln0 = ret"   --->   Operation 52 'ret' 'ret_ln0' <Predicate = (icmp_ln25)> <Delay = 0.00>

State 3 <SV = 2> <Delay = 1.02>
ST_3 : Operation 24 [1/1] (0.00ns)   --->   "%specpipeline_ln26 = specpipeline void @_ssdm_op_SpecPipeline, i32 1, i32 0, i32 0, i32 0, void @empty_43" [/home/simics/HMoE/HLS_HMoE/pseudo_block/run_5/src/pseudo_moe.cpp:26]   --->   Operation 24 'specpipeline' 'specpipeline_ln26' <Predicate = true> <Delay = 0.00>
ST_3 : Operation 25 [1/1] (0.00ns)   --->   "%speclooptripcount_ln25 = speclooptripcount void @_ssdm_op_SpecLoopTripCount, i64 4096, i64 4096, i64 4096" [/home/simics/HMoE/HLS_HMoE/pseudo_block/run_5/src/pseudo_moe.cpp:25]   --->   Operation 25 'speclooptripcount' 'speclooptripcount_ln25' <Predicate = true> <Delay = 0.00>
ST_3 : Operation 26 [1/1] (0.00ns)   --->   "%specloopname_ln25 = specloopname void @_ssdm_op_SpecLoopName, void @empty_33" [/home/simics/HMoE/HLS_HMoE/pseudo_block/run_5/src/pseudo_moe.cpp:25]   --->   Operation 26 'specloopname' 'specloopname_ln25' <Predicate = true> <Delay = 0.00>
ST_3 : Operation 27 [1/1] (0.00ns)   --->   "%zext_ln25 = zext i9 %lshr_ln" [/home/simics/HMoE/HLS_HMoE/pseudo_block/run_5/src/pseudo_moe.cpp:25]   --->   Operation 27 'zext' 'zext_ln25' <Predicate = true> <Delay = 0.00>
ST_3 : Operation 28 [1/1] (0.00ns)   --->   "%w_local_addr = getelementptr i32 %w_local, i64 0, i64 %zext_ln25" [/home/simics/HMoE/HLS_HMoE/pseudo_block/run_5/src/pseudo_moe.cpp:27]   --->   Operation 28 'getelementptr' 'w_local_addr' <Predicate = true> <Delay = 0.00>
ST_3 : Operation 29 [1/1] (0.00ns)   --->   "%w_local_1_addr = getelementptr i32 %w_local_1, i64 0, i64 %zext_ln25" [/home/simics/HMoE/HLS_HMoE/pseudo_block/run_5/src/pseudo_moe.cpp:27]   --->   Operation 29 'getelementptr' 'w_local_1_addr' <Predicate = true> <Delay = 0.00>
ST_3 : Operation 30 [1/1] (0.00ns)   --->   "%w_local_2_addr = getelementptr i32 %w_local_2, i64 0, i64 %zext_ln25" [/home/simics/HMoE/HLS_HMoE/pseudo_block/run_5/src/pseudo_moe.cpp:27]   --->   Operation 30 'getelementptr' 'w_local_2_addr' <Predicate = true> <Delay = 0.00>
ST_3 : Operation 31 [1/1] (0.00ns)   --->   "%w_local_3_addr = getelementptr i32 %w_local_3, i64 0, i64 %zext_ln25" [/home/simics/HMoE/HLS_HMoE/pseudo_block/run_5/src/pseudo_moe.cpp:27]   --->   Operation 31 'getelementptr' 'w_local_3_addr' <Predicate = true> <Delay = 0.00>
ST_3 : Operation 32 [1/1] (0.00ns)   --->   "%w_local_4_addr = getelementptr i32 %w_local_4, i64 0, i64 %zext_ln25" [/home/simics/HMoE/HLS_HMoE/pseudo_block/run_5/src/pseudo_moe.cpp:27]   --->   Operation 32 'getelementptr' 'w_local_4_addr' <Predicate = true> <Delay = 0.00>
ST_3 : Operation 33 [1/1] (0.00ns)   --->   "%w_local_5_addr = getelementptr i32 %w_local_5, i64 0, i64 %zext_ln25" [/home/simics/HMoE/HLS_HMoE/pseudo_block/run_5/src/pseudo_moe.cpp:27]   --->   Operation 33 'getelementptr' 'w_local_5_addr' <Predicate = true> <Delay = 0.00>
ST_3 : Operation 34 [1/1] (0.00ns)   --->   "%w_local_6_addr = getelementptr i32 %w_local_6, i64 0, i64 %zext_ln25" [/home/simics/HMoE/HLS_HMoE/pseudo_block/run_5/src/pseudo_moe.cpp:27]   --->   Operation 34 'getelementptr' 'w_local_6_addr' <Predicate = true> <Delay = 0.00>
ST_3 : Operation 35 [1/1] (0.00ns)   --->   "%w_local_7_addr = getelementptr i32 %w_local_7, i64 0, i64 %zext_ln25" [/home/simics/HMoE/HLS_HMoE/pseudo_block/run_5/src/pseudo_moe.cpp:27]   --->   Operation 35 'getelementptr' 'w_local_7_addr' <Predicate = true> <Delay = 0.00>
ST_3 : Operation 36 [1/1] (1.02ns)   --->   "%store_ln27 = store i32 %bitcast_ln27, i9 %w_local_6_addr" [/home/simics/HMoE/HLS_HMoE/pseudo_block/run_5/src/pseudo_moe.cpp:27]   --->   Operation 36 'store' 'store_ln27' <Predicate = (trunc_ln25 == 6)> <Delay = 1.02> <CoreInst = "RAM">   --->   Core 83 'RAM' <Latency = 1> <II = 1> <Delay = 1.02> <Storage> <Opcode : 'load' 'store'> <Ports = 2> <Width = 32> <Depth = 512> <RAM>
ST_3 : Operation 37 [1/1] (0.00ns)   --->   "%br_ln27 = br void %arrayidx2.exit" [/home/simics/HMoE/HLS_HMoE/pseudo_block/run_5/src/pseudo_moe.cpp:27]   --->   Operation 37 'br' 'br_ln27' <Predicate = (trunc_ln25 == 6)> <Delay = 0.00>
ST_3 : Operation 38 [1/1] (1.02ns)   --->   "%store_ln27 = store i32 %bitcast_ln27, i9 %w_local_5_addr" [/home/simics/HMoE/HLS_HMoE/pseudo_block/run_5/src/pseudo_moe.cpp:27]   --->   Operation 38 'store' 'store_ln27' <Predicate = (trunc_ln25 == 5)> <Delay = 1.02> <CoreInst = "RAM">   --->   Core 83 'RAM' <Latency = 1> <II = 1> <Delay = 1.02> <Storage> <Opcode : 'load' 'store'> <Ports = 2> <Width = 32> <Depth = 512> <RAM>
ST_3 : Operation 39 [1/1] (0.00ns)   --->   "%br_ln27 = br void %arrayidx2.exit" [/home/simics/HMoE/HLS_HMoE/pseudo_block/run_5/src/pseudo_moe.cpp:27]   --->   Operation 39 'br' 'br_ln27' <Predicate = (trunc_ln25 == 5)> <Delay = 0.00>
ST_3 : Operation 40 [1/1] (1.02ns)   --->   "%store_ln27 = store i32 %bitcast_ln27, i9 %w_local_4_addr" [/home/simics/HMoE/HLS_HMoE/pseudo_block/run_5/src/pseudo_moe.cpp:27]   --->   Operation 40 'store' 'store_ln27' <Predicate = (trunc_ln25 == 4)> <Delay = 1.02> <CoreInst = "RAM">   --->   Core 83 'RAM' <Latency = 1> <II = 1> <Delay = 1.02> <Storage> <Opcode : 'load' 'store'> <Ports = 2> <Width = 32> <Depth = 512> <RAM>
ST_3 : Operation 41 [1/1] (0.00ns)   --->   "%br_ln27 = br void %arrayidx2.exit" [/home/simics/HMoE/HLS_HMoE/pseudo_block/run_5/src/pseudo_moe.cpp:27]   --->   Operation 41 'br' 'br_ln27' <Predicate = (trunc_ln25 == 4)> <Delay = 0.00>
ST_3 : Operation 42 [1/1] (1.02ns)   --->   "%store_ln27 = store i32 %bitcast_ln27, i9 %w_local_3_addr" [/home/simics/HMoE/HLS_HMoE/pseudo_block/run_5/src/pseudo_moe.cpp:27]   --->   Operation 42 'store' 'store_ln27' <Predicate = (trunc_ln25 == 3)> <Delay = 1.02> <CoreInst = "RAM">   --->   Core 83 'RAM' <Latency = 1> <II = 1> <Delay = 1.02> <Storage> <Opcode : 'load' 'store'> <Ports = 2> <Width = 32> <Depth = 512> <RAM>
ST_3 : Operation 43 [1/1] (0.00ns)   --->   "%br_ln27 = br void %arrayidx2.exit" [/home/simics/HMoE/HLS_HMoE/pseudo_block/run_5/src/pseudo_moe.cpp:27]   --->   Operation 43 'br' 'br_ln27' <Predicate = (trunc_ln25 == 3)> <Delay = 0.00>
ST_3 : Operation 44 [1/1] (1.02ns)   --->   "%store_ln27 = store i32 %bitcast_ln27, i9 %w_local_2_addr" [/home/simics/HMoE/HLS_HMoE/pseudo_block/run_5/src/pseudo_moe.cpp:27]   --->   Operation 44 'store' 'store_ln27' <Predicate = (trunc_ln25 == 2)> <Delay = 1.02> <CoreInst = "RAM">   --->   Core 83 'RAM' <Latency = 1> <II = 1> <Delay = 1.02> <Storage> <Opcode : 'load' 'store'> <Ports = 2> <Width = 32> <Depth = 512> <RAM>
ST_3 : Operation 45 [1/1] (0.00ns)   --->   "%br_ln27 = br void %arrayidx2.exit" [/home/simics/HMoE/HLS_HMoE/pseudo_block/run_5/src/pseudo_moe.cpp:27]   --->   Operation 45 'br' 'br_ln27' <Predicate = (trunc_ln25 == 2)> <Delay = 0.00>
ST_3 : Operation 46 [1/1] (1.02ns)   --->   "%store_ln27 = store i32 %bitcast_ln27, i9 %w_local_1_addr" [/home/simics/HMoE/HLS_HMoE/pseudo_block/run_5/src/pseudo_moe.cpp:27]   --->   Operation 46 'store' 'store_ln27' <Predicate = (trunc_ln25 == 1)> <Delay = 1.02> <CoreInst = "RAM">   --->   Core 83 'RAM' <Latency = 1> <II = 1> <Delay = 1.02> <Storage> <Opcode : 'load' 'store'> <Ports = 2> <Width = 32> <Depth = 512> <RAM>
ST_3 : Operation 47 [1/1] (0.00ns)   --->   "%br_ln27 = br void %arrayidx2.exit" [/home/simics/HMoE/HLS_HMoE/pseudo_block/run_5/src/pseudo_moe.cpp:27]   --->   Operation 47 'br' 'br_ln27' <Predicate = (trunc_ln25 == 1)> <Delay = 0.00>
ST_3 : Operation 48 [1/1] (1.02ns)   --->   "%store_ln27 = store i32 %bitcast_ln27, i9 %w_local_addr" [/home/simics/HMoE/HLS_HMoE/pseudo_block/run_5/src/pseudo_moe.cpp:27]   --->   Operation 48 'store' 'store_ln27' <Predicate = (trunc_ln25 == 0)> <Delay = 1.02> <CoreInst = "RAM">   --->   Core 83 'RAM' <Latency = 1> <II = 1> <Delay = 1.02> <Storage> <Opcode : 'load' 'store'> <Ports = 2> <Width = 32> <Depth = 512> <RAM>
ST_3 : Operation 49 [1/1] (0.00ns)   --->   "%br_ln27 = br void %arrayidx2.exit" [/home/simics/HMoE/HLS_HMoE/pseudo_block/run_5/src/pseudo_moe.cpp:27]   --->   Operation 49 'br' 'br_ln27' <Predicate = (trunc_ln25 == 0)> <Delay = 0.00>
ST_3 : Operation 50 [1/1] (1.02ns)   --->   "%store_ln27 = store i32 %bitcast_ln27, i9 %w_local_7_addr" [/home/simics/HMoE/HLS_HMoE/pseudo_block/run_5/src/pseudo_moe.cpp:27]   --->   Operation 50 'store' 'store_ln27' <Predicate = (trunc_ln25 == 7)> <Delay = 1.02> <CoreInst = "RAM">   --->   Core 83 'RAM' <Latency = 1> <II = 1> <Delay = 1.02> <Storage> <Opcode : 'load' 'store'> <Ports = 2> <Width = 32> <Depth = 512> <RAM>
ST_3 : Operation 51 [1/1] (0.00ns)   --->   "%br_ln27 = br void %arrayidx2.exit" [/home/simics/HMoE/HLS_HMoE/pseudo_block/run_5/src/pseudo_moe.cpp:27]   --->   Operation 51 'br' 'br_ln27' <Predicate = (trunc_ln25 == 7)> <Delay = 0.00>


============================================================
+ Verbose Summary: Binding
============================================================
STG Binding: 
---------------- STG Properties BEGIN ----------------
- Is combinational: 0
- Is one-state seq: 0
- Is datapath-only: 0
- Is pipelined: 0
- Is top level: 0
Port [ Return ] is wired: 1; IO mode=ap_ctrl_hs:ce=0
Port [ gmem3]:  wired=1; compound=1; hidden=0; nouse=0; global=0; static=0; extern=0; dir=0; type=4; pingpong=0; private_global=0; IO mode=m_axi:ce=0
Port [ sext_ln25]:  wired=1; compound=0; hidden=0; nouse=0; global=0; static=0; extern=0; dir=0; type=0; pingpong=0; private_global=0; IO mode=ap_none:ce=0
Port [ w_local_7]:  wired=1; compound=1; hidden=0; nouse=0; global=0; static=0; extern=0; dir=1; type=1; pingpong=0; private_global=0; MemPort=[03]; IO mode=ap_memory:ce=0
Port [ w_local_6]:  wired=1; compound=1; hidden=0; nouse=0; global=0; static=0; extern=0; dir=1; type=1; pingpong=0; private_global=0; MemPort=[03]; IO mode=ap_memory:ce=0
Port [ w_local_5]:  wired=1; compound=1; hidden=0; nouse=0; global=0; static=0; extern=0; dir=1; type=1; pingpong=0; private_global=0; MemPort=[03]; IO mode=ap_memory:ce=0
Port [ w_local_4]:  wired=1; compound=1; hidden=0; nouse=0; global=0; static=0; extern=0; dir=1; type=1; pingpong=0; private_global=0; MemPort=[03]; IO mode=ap_memory:ce=0
Port [ w_local_3]:  wired=1; compound=1; hidden=0; nouse=0; global=0; static=0; extern=0; dir=1; type=1; pingpong=0; private_global=0; MemPort=[03]; IO mode=ap_memory:ce=0
Port [ w_local_2]:  wired=1; compound=1; hidden=0; nouse=0; global=0; static=0; extern=0; dir=1; type=1; pingpong=0; private_global=0; MemPort=[03]; IO mode=ap_memory:ce=0
Port [ w_local_1]:  wired=1; compound=1; hidden=0; nouse=0; global=0; static=0; extern=0; dir=1; type=1; pingpong=0; private_global=0; MemPort=[03]; IO mode=ap_memory:ce=0
Port [ w_local]:  wired=1; compound=1; hidden=0; nouse=0; global=0; static=0; extern=0; dir=1; type=1; pingpong=0; private_global=0; MemPort=[03]; IO mode=ap_memory:ce=0
---------------- STG Properties END ------------------

---------------- Datapath Model BEGIN ----------------

<LifeTime>
<method=bitvector/>
k                      (alloca           ) [ 0100]
sext_ln25_read         (read             ) [ 0000]
sext_ln25_cast         (sext             ) [ 0110]
specinterface_ln0      (specinterface    ) [ 0000]
store_ln25             (store            ) [ 0000]
br_ln0                 (br               ) [ 0000]
k_1                    (load             ) [ 0000]
icmp_ln25              (icmp             ) [ 0110]
add_ln25               (add              ) [ 0000]
br_ln25                (br               ) [ 0000]
trunc_ln25             (trunc            ) [ 0111]
lshr_ln                (partselect       ) [ 0111]
switch_ln27            (switch           ) [ 0000]
store_ln25             (store            ) [ 0000]
br_ln25                (br               ) [ 0000]
gmem3_addr             (getelementptr    ) [ 0000]
gmem3_addr_read        (read             ) [ 0000]
bitcast_ln27           (bitcast          ) [ 0101]
specpipeline_ln26      (specpipeline     ) [ 0000]
speclooptripcount_ln25 (speclooptripcount) [ 0000]
specloopname_ln25      (specloopname     ) [ 0000]
zext_ln25              (zext             ) [ 0000]
w_local_addr           (getelementptr    ) [ 0000]
w_local_1_addr         (getelementptr    ) [ 0000]
w_local_2_addr         (getelementptr    ) [ 0000]
w_local_3_addr         (getelementptr    ) [ 0000]
w_local_4_addr         (getelementptr    ) [ 0000]
w_local_5_addr         (getelementptr    ) [ 0000]
w_local_6_addr         (getelementptr    ) [ 0000]
w_local_7_addr         (getelementptr    ) [ 0000]
store_ln27             (store            ) [ 0000]
br_ln27                (br               ) [ 0000]
store_ln27             (store            ) [ 0000]
br_ln27                (br               ) [ 0000]
store_ln27             (store            ) [ 0000]
br_ln27                (br               ) [ 0000]
store_ln27             (store            ) [ 0000]
br_ln27                (br               ) [ 0000]
store_ln27             (store            ) [ 0000]
br_ln27                (br               ) [ 0000]
store_ln27             (store            ) [ 0000]
br_ln27                (br               ) [ 0000]
store_ln27             (store            ) [ 0000]
br_ln27                (br               ) [ 0000]
store_ln27             (store            ) [ 0000]
br_ln27                (br               ) [ 0000]
ret_ln0                (ret              ) [ 0000]
</LifeTime>

<model>

<comp_list>
<comp id="0" class="1000" name="gmem3">
<pin_list>
<pin id="1" dir="1" index="0" bw="1" slack="0"/>
</pin_list>
<bind>
<StgValue><ssdm name="gmem3"/></StgValue>
</bind>
</comp>

<comp id="2" class="1000" name="sext_ln25">
<pin_list>
<pin id="3" dir="1" index="0" bw="1" slack="0"/>
</pin_list>
<bind>
<StgValue><ssdm name="sext_ln25"/></StgValue>
</bind>
</comp>

<comp id="4" class="1000" name="w_local_7">
<pin_list>
<pin id="5" dir="1" index="0" bw="1" slack="0"/>
</pin_list>
<bind>
<StgValue><ssdm name="w_local_7"/><MemPortTyVec>0 3 </MemPortTyVec>
</StgValue>
</bind>
</comp>

<comp id="6" class="1000" name="w_local_6">
<pin_list>
<pin id="7" dir="1" index="0" bw="1" slack="0"/>
</pin_list>
<bind>
<StgValue><ssdm name="w_local_6"/><MemPortTyVec>0 3 </MemPortTyVec>
</StgValue>
</bind>
</comp>

<comp id="8" class="1000" name="w_local_5">
<pin_list>
<pin id="9" dir="1" index="0" bw="1" slack="0"/>
</pin_list>
<bind>
<StgValue><ssdm name="w_local_5"/><MemPortTyVec>0 3 </MemPortTyVec>
</StgValue>
</bind>
</comp>

<comp id="10" class="1000" name="w_local_4">
<pin_list>
<pin id="11" dir="1" index="0" bw="1" slack="0"/>
</pin_list>
<bind>
<StgValue><ssdm name="w_local_4"/><MemPortTyVec>0 3 </MemPortTyVec>
</StgValue>
</bind>
</comp>

<comp id="12" class="1000" name="w_local_3">
<pin_list>
<pin id="13" dir="1" index="0" bw="1" slack="0"/>
</pin_list>
<bind>
<StgValue><ssdm name="w_local_3"/><MemPortTyVec>0 3 </MemPortTyVec>
</StgValue>
</bind>
</comp>

<comp id="14" class="1000" name="w_local_2">
<pin_list>
<pin id="15" dir="1" index="0" bw="1" slack="0"/>
</pin_list>
<bind>
<StgValue><ssdm name="w_local_2"/><MemPortTyVec>0 3 </MemPortTyVec>
</StgValue>
</bind>
</comp>

<comp id="16" class="1000" name="w_local_1">
<pin_list>
<pin id="17" dir="1" index="0" bw="1" slack="0"/>
</pin_list>
<bind>
<StgValue><ssdm name="w_local_1"/><MemPortTyVec>0 3 </MemPortTyVec>
</StgValue>
</bind>
</comp>

<comp id="18" class="1000" name="w_local">
<pin_list>
<pin id="19" dir="1" index="0" bw="1" slack="0"/>
</pin_list>
<bind>
<StgValue><ssdm name="w_local"/><MemPortTyVec>0 3 </MemPortTyVec>
</StgValue>
</bind>
</comp>

<comp id="20" class="1001" name="const_20">
<pin_list>
<pin id="21" dir="1" index="0" bw="1" slack="0"/>
</pin_list>
<bind>
<StgValue><ssdm name=""/></StgValue>
</bind>
</comp>

<comp id="22" class="1001" name="const_22">
<pin_list>
<pin id="23" dir="1" index="0" bw="1" slack="0"/>
</pin_list>
<bind>
<StgValue><ssdm name="_ssdm_op_Read.ap_auto.i62"/></StgValue>
</bind>
</comp>

<comp id="24" class="1001" name="const_24">
<pin_list>
<pin id="25" dir="1" index="0" bw="1" slack="2147483647"/>
</pin_list>
<bind>
<StgValue><ssdm name="_ssdm_op_SpecInterface"/></StgValue>
</bind>
</comp>

<comp id="26" class="1001" name="const_26">
<pin_list>
<pin id="27" dir="1" index="0" bw="1" slack="2147483647"/>
</pin_list>
<bind>
<StgValue><ssdm name="empty_18"/></StgValue>
</bind>
</comp>

<comp id="28" class="1001" name="const_28">
<pin_list>
<pin id="29" dir="1" index="0" bw="1" slack="2147483647"/>
</pin_list>
<bind>
<StgValue><ssdm name=""/></StgValue>
</bind>
</comp>

<comp id="30" class="1001" name="const_30">
<pin_list>
<pin id="31" dir="1" index="0" bw="1" slack="2147483647"/>
</pin_list>
<bind>
<StgValue><ssdm name="empty_43"/></StgValue>
</bind>
</comp>

<comp id="32" class="1001" name="const_32">
<pin_list>
<pin id="33" dir="1" index="0" bw="1" slack="2147483647"/>
</pin_list>
<bind>
<StgValue><ssdm name="empty_4"/></StgValue>
</bind>
</comp>

<comp id="34" class="1001" name="const_34">
<pin_list>
<pin id="35" dir="1" index="0" bw="1" slack="2147483647"/>
</pin_list>
<bind>
<StgValue><ssdm name="empty_21"/></StgValue>
</bind>
</comp>

<comp id="36" class="1001" name="const_36">
<pin_list>
<pin id="37" dir="1" index="0" bw="1" slack="2147483647"/>
</pin_list>
<bind>
<StgValue><ssdm name=""/></StgValue>
</bind>
</comp>

<comp id="38" class="1001" name="const_38">
<pin_list>
<pin id="39" dir="1" index="0" bw="1" slack="2147483647"/>
</pin_list>
<bind>
<StgValue><ssdm name=""/></StgValue>
</bind>
</comp>

<comp id="40" class="1001" name="const_40">
<pin_list>
<pin id="41" dir="1" index="0" bw="1" slack="0"/>
</pin_list>
<bind>
<StgValue><ssdm name=""/></StgValue>
</bind>
</comp>

<comp id="42" class="1001" name="const_42">
<pin_list>
<pin id="43" dir="1" index="0" bw="1" slack="0"/>
</pin_list>
<bind>
<StgValue><ssdm name=""/></StgValue>
</bind>
</comp>

<comp id="44" class="1001" name="const_44">
<pin_list>
<pin id="45" dir="1" index="0" bw="1" slack="0"/>
</pin_list>
<bind>
<StgValue><ssdm name=""/></StgValue>
</bind>
</comp>

<comp id="46" class="1001" name="const_46">
<pin_list>
<pin id="47" dir="1" index="0" bw="1" slack="0"/>
</pin_list>
<bind>
<StgValue><ssdm name="_ssdm_op_PartSelect.i9.i13.i32.i32"/></StgValue>
</bind>
</comp>

<comp id="48" class="1001" name="const_48">
<pin_list>
<pin id="49" dir="1" index="0" bw="1" slack="0"/>
</pin_list>
<bind>
<StgValue><ssdm name=""/></StgValue>
</bind>
</comp>

<comp id="50" class="1001" name="const_50">
<pin_list>
<pin id="51" dir="1" index="0" bw="1" slack="0"/>
</pin_list>
<bind>
<StgValue><ssdm name=""/></StgValue>
</bind>
</comp>

<comp id="52" class="1001" name="const_52">
<pin_list>
<pin id="53" dir="1" index="0" bw="1" slack="2147483647"/>
</pin_list>
<bind>
<StgValue><ssdm name=""/></StgValue>
</bind>
</comp>

<comp id="54" class="1001" name="const_54">
<pin_list>
<pin id="55" dir="1" index="0" bw="1" slack="2147483647"/>
</pin_list>
<bind>
<StgValue><ssdm name=""/></StgValue>
</bind>
</comp>

<comp id="56" class="1001" name="const_56">
<pin_list>
<pin id="57" dir="1" index="0" bw="1" slack="2147483647"/>
</pin_list>
<bind>
<StgValue><ssdm name=""/></StgValue>
</bind>
</comp>

<comp id="58" class="1001" name="const_58">
<pin_list>
<pin id="59" dir="1" index="0" bw="1" slack="2147483647"/>
</pin_list>
<bind>
<StgValue><ssdm name=""/></StgValue>
</bind>
</comp>

<comp id="60" class="1001" name="const_60">
<pin_list>
<pin id="61" dir="1" index="0" bw="1" slack="2147483647"/>
</pin_list>
<bind>
<StgValue><ssdm name=""/></StgValue>
</bind>
</comp>

<comp id="62" class="1001" name="const_62">
<pin_list>
<pin id="63" dir="1" index="0" bw="1" slack="2147483647"/>
</pin_list>
<bind>
<StgValue><ssdm name=""/></StgValue>
</bind>
</comp>

<comp id="64" class="1001" name="const_64">
<pin_list>
<pin id="65" dir="1" index="0" bw="1" slack="2147483647"/>
</pin_list>
<bind>
<StgValue><ssdm name=""/></StgValue>
</bind>
</comp>

<comp id="66" class="1001" name="const_66">
<pin_list>
<pin id="67" dir="1" index="0" bw="1" slack="0"/>
</pin_list>
<bind>
<StgValue><ssdm name="_ssdm_op_Read.m_axi.p1i32"/></StgValue>
</bind>
</comp>

<comp id="68" class="1001" name="const_68">
<pin_list>
<pin id="69" dir="1" index="0" bw="1" slack="2147483647"/>
</pin_list>
<bind>
<StgValue><ssdm name="_ssdm_op_SpecPipeline"/></StgValue>
</bind>
</comp>

<comp id="70" class="1001" name="const_70">
<pin_list>
<pin id="71" dir="1" index="0" bw="1" slack="2147483647"/>
</pin_list>
<bind>
<StgValue><ssdm name="_ssdm_op_SpecLoopTripCount"/></StgValue>
</bind>
</comp>

<comp id="72" class="1001" name="const_72">
<pin_list>
<pin id="73" dir="1" index="0" bw="1" slack="2147483647"/>
</pin_list>
<bind>
<StgValue><ssdm name=""/></StgValue>
</bind>
</comp>

<comp id="74" class="1001" name="const_74">
<pin_list>
<pin id="75" dir="1" index="0" bw="1" slack="2147483647"/>
</pin_list>
<bind>
<StgValue><ssdm name="_ssdm_op_SpecLoopName"/></StgValue>
</bind>
</comp>

<comp id="76" class="1001" name="const_76">
<pin_list>
<pin id="77" dir="1" index="0" bw="1" slack="2147483647"/>
</pin_list>
<bind>
<StgValue><ssdm name="empty_33"/></StgValue>
</bind>
</comp>

<comp id="78" class="1001" name="const_78">
<pin_list>
<pin id="79" dir="1" index="0" bw="1" slack="0"/>
</pin_list>
<bind>
<StgValue><ssdm name=""/></StgValue>
</bind>
</comp>

<comp id="80" class="1004" name="k_fu_80">
<pin_list>
<pin id="81" dir="0" index="0" bw="1" slack="0"/>
<pin id="82" dir="1" index="1" bw="13" slack="0"/>
</pin_list>
<bind>
<opcode="alloca(26) " fcode="alloca"/>
<opset="k/1 "/>
</bind>
</comp>

<comp id="84" class="1004" name="sext_ln25_read_read_fu_84">
<pin_list>
<pin id="85" dir="0" index="0" bw="62" slack="0"/>
<pin id="86" dir="0" index="1" bw="62" slack="0"/>
<pin id="87" dir="1" index="2" bw="62" slack="0"/>
</pin_list>
<bind>
<opcode="read(1150) " fcode="read"/>
<opset="sext_ln25_read/1 "/>
</bind>
</comp>

<comp id="90" class="1004" name="gmem3_addr_read_read_fu_90">
<pin_list>
<pin id="91" dir="0" index="0" bw="32" slack="0"/>
<pin id="92" dir="0" index="1" bw="32" slack="0"/>
<pin id="93" dir="1" index="2" bw="32" slack="0"/>
</pin_list>
<bind>
<opcode="read(1150) " fcode="read"/>
<opset="gmem3_addr_read/2 "/>
</bind>
</comp>

<comp id="95" class="1004" name="w_local_addr_gep_fu_95">
<pin_list>
<pin id="96" dir="0" index="0" bw="32" slack="0"/>
<pin id="97" dir="0" index="1" bw="1" slack="0"/>
<pin id="98" dir="0" index="2" bw="9" slack="0"/>
<pin id="99" dir="1" index="3" bw="9" slack="0"/>
</pin_list>
<bind>
<opcode="getelementptr(29) " fcode="getelementptr"/>
<opset="w_local_addr/3 "/>
</bind>
</comp>

<comp id="102" class="1004" name="w_local_1_addr_gep_fu_102">
<pin_list>
<pin id="103" dir="0" index="0" bw="32" slack="0"/>
<pin id="104" dir="0" index="1" bw="1" slack="0"/>
<pin id="105" dir="0" index="2" bw="9" slack="0"/>
<pin id="106" dir="1" index="3" bw="9" slack="0"/>
</pin_list>
<bind>
<opcode="getelementptr(29) " fcode="getelementptr"/>
<opset="w_local_1_addr/3 "/>
</bind>
</comp>

<comp id="109" class="1004" name="w_local_2_addr_gep_fu_109">
<pin_list>
<pin id="110" dir="0" index="0" bw="32" slack="0"/>
<pin id="111" dir="0" index="1" bw="1" slack="0"/>
<pin id="112" dir="0" index="2" bw="9" slack="0"/>
<pin id="113" dir="1" index="3" bw="9" slack="0"/>
</pin_list>
<bind>
<opcode="getelementptr(29) " fcode="getelementptr"/>
<opset="w_local_2_addr/3 "/>
</bind>
</comp>

<comp id="116" class="1004" name="w_local_3_addr_gep_fu_116">
<pin_list>
<pin id="117" dir="0" index="0" bw="32" slack="0"/>
<pin id="118" dir="0" index="1" bw="1" slack="0"/>
<pin id="119" dir="0" index="2" bw="9" slack="0"/>
<pin id="120" dir="1" index="3" bw="9" slack="0"/>
</pin_list>
<bind>
<opcode="getelementptr(29) " fcode="getelementptr"/>
<opset="w_local_3_addr/3 "/>
</bind>
</comp>

<comp id="123" class="1004" name="w_local_4_addr_gep_fu_123">
<pin_list>
<pin id="124" dir="0" index="0" bw="32" slack="0"/>
<pin id="125" dir="0" index="1" bw="1" slack="0"/>
<pin id="126" dir="0" index="2" bw="9" slack="0"/>
<pin id="127" dir="1" index="3" bw="9" slack="0"/>
</pin_list>
<bind>
<opcode="getelementptr(29) " fcode="getelementptr"/>
<opset="w_local_4_addr/3 "/>
</bind>
</comp>

<comp id="130" class="1004" name="w_local_5_addr_gep_fu_130">
<pin_list>
<pin id="131" dir="0" index="0" bw="32" slack="0"/>
<pin id="132" dir="0" index="1" bw="1" slack="0"/>
<pin id="133" dir="0" index="2" bw="9" slack="0"/>
<pin id="134" dir="1" index="3" bw="9" slack="0"/>
</pin_list>
<bind>
<opcode="getelementptr(29) " fcode="getelementptr"/>
<opset="w_local_5_addr/3 "/>
</bind>
</comp>

<comp id="137" class="1004" name="w_local_6_addr_gep_fu_137">
<pin_list>
<pin id="138" dir="0" index="0" bw="32" slack="0"/>
<pin id="139" dir="0" index="1" bw="1" slack="0"/>
<pin id="140" dir="0" index="2" bw="9" slack="0"/>
<pin id="141" dir="1" index="3" bw="9" slack="0"/>
</pin_list>
<bind>
<opcode="getelementptr(29) " fcode="getelementptr"/>
<opset="w_local_6_addr/3 "/>
</bind>
</comp>

<comp id="144" class="1004" name="w_local_7_addr_gep_fu_144">
<pin_list>
<pin id="145" dir="0" index="0" bw="32" slack="0"/>
<pin id="146" dir="0" index="1" bw="1" slack="0"/>
<pin id="147" dir="0" index="2" bw="9" slack="0"/>
<pin id="148" dir="1" index="3" bw="9" slack="0"/>
</pin_list>
<bind>
<opcode="getelementptr(29) " fcode="getelementptr"/>
<opset="w_local_7_addr/3 "/>
</bind>
</comp>

<comp id="151" class="1004" name="store_ln27_access_fu_151">
<pin_list>
<pin id="152" dir="0" index="0" bw="9" slack="0"/>
<pin id="153" dir="0" index="1" bw="32" slack="1"/>
<pin id="154" dir="0" index="2" bw="0" slack="2147483647"/>
<pin id="155" dir="1" index="3" bw="32" slack="2147483647"/>
</pin_list>
<bind>
<opcode="store(28) " fcode="store"/>
<opset="store_ln27/3 "/>
</bind>
</comp>

<comp id="157" class="1004" name="store_ln27_access_fu_157">
<pin_list>
<pin id="158" dir="0" index="0" bw="9" slack="0"/>
<pin id="159" dir="0" index="1" bw="32" slack="1"/>
<pin id="160" dir="0" index="2" bw="0" slack="2147483647"/>
<pin id="161" dir="1" index="3" bw="32" slack="2147483647"/>
</pin_list>
<bind>
<opcode="store(28) " fcode="store"/>
<opset="store_ln27/3 "/>
</bind>
</comp>

<comp id="163" class="1004" name="store_ln27_access_fu_163">
<pin_list>
<pin id="164" dir="0" index="0" bw="9" slack="0"/>
<pin id="165" dir="0" index="1" bw="32" slack="1"/>
<pin id="166" dir="0" index="2" bw="0" slack="2147483647"/>
<pin id="167" dir="1" index="3" bw="32" slack="2147483647"/>
</pin_list>
<bind>
<opcode="store(28) " fcode="store"/>
<opset="store_ln27/3 "/>
</bind>
</comp>

<comp id="169" class="1004" name="store_ln27_access_fu_169">
<pin_list>
<pin id="170" dir="0" index="0" bw="9" slack="0"/>
<pin id="171" dir="0" index="1" bw="32" slack="1"/>
<pin id="172" dir="0" index="2" bw="0" slack="2147483647"/>
<pin id="173" dir="1" index="3" bw="32" slack="2147483647"/>
</pin_list>
<bind>
<opcode="store(28) " fcode="store"/>
<opset="store_ln27/3 "/>
</bind>
</comp>

<comp id="175" class="1004" name="store_ln27_access_fu_175">
<pin_list>
<pin id="176" dir="0" index="0" bw="9" slack="0"/>
<pin id="177" dir="0" index="1" bw="32" slack="1"/>
<pin id="178" dir="0" index="2" bw="0" slack="2147483647"/>
<pin id="179" dir="1" index="3" bw="32" slack="2147483647"/>
</pin_list>
<bind>
<opcode="store(28) " fcode="store"/>
<opset="store_ln27/3 "/>
</bind>
</comp>

<comp id="181" class="1004" name="store_ln27_access_fu_181">
<pin_list>
<pin id="182" dir="0" index="0" bw="9" slack="0"/>
<pin id="183" dir="0" index="1" bw="32" slack="1"/>
<pin id="184" dir="0" index="2" bw="0" slack="2147483647"/>
<pin id="185" dir="1" index="3" bw="32" slack="2147483647"/>
</pin_list>
<bind>
<opcode="store(28) " fcode="store"/>
<opset="store_ln27/3 "/>
</bind>
</comp>

<comp id="187" class="1004" name="store_ln27_access_fu_187">
<pin_list>
<pin id="188" dir="0" index="0" bw="9" slack="0"/>
<pin id="189" dir="0" index="1" bw="32" slack="1"/>
<pin id="190" dir="0" index="2" bw="0" slack="2147483647"/>
<pin id="191" dir="1" index="3" bw="32" slack="2147483647"/>
</pin_list>
<bind>
<opcode="store(28) " fcode="store"/>
<opset="store_ln27/3 "/>
</bind>
</comp>

<comp id="193" class="1004" name="store_ln27_access_fu_193">
<pin_list>
<pin id="194" dir="0" index="0" bw="9" slack="0"/>
<pin id="195" dir="0" index="1" bw="32" slack="1"/>
<pin id="196" dir="0" index="2" bw="0" slack="2147483647"/>
<pin id="197" dir="1" index="3" bw="32" slack="2147483647"/>
</pin_list>
<bind>
<opcode="store(28) " fcode="store"/>
<opset="store_ln27/3 "/>
</bind>
</comp>

<comp id="199" class="1004" name="sext_ln25_cast_fu_199">
<pin_list>
<pin id="200" dir="0" index="0" bw="62" slack="0"/>
<pin id="201" dir="1" index="1" bw="64" slack="1"/>
</pin_list>
<bind>
<opcode="sext(35) " fcode="sext"/>
<opset="sext_ln25_cast/1 "/>
</bind>
</comp>

<comp id="203" class="1004" name="store_ln25_store_fu_203">
<pin_list>
<pin id="204" dir="0" index="0" bw="1" slack="0"/>
<pin id="205" dir="0" index="1" bw="13" slack="0"/>
<pin id="206" dir="1" index="2" bw="0" slack="2147483647"/>
</pin_list>
<bind>
<opcode="store(28) " fcode="store"/>
<opset="store_ln25/1 "/>
</bind>
</comp>

<comp id="208" class="1004" name="k_1_load_fu_208">
<pin_list>
<pin id="209" dir="0" index="0" bw="13" slack="0"/>
<pin id="210" dir="1" index="1" bw="13" slack="0"/>
</pin_list>
<bind>
<opcode="load(27) " fcode="load"/>
<opset="k_1/1 "/>
</bind>
</comp>

<comp id="211" class="1004" name="icmp_ln25_fu_211">
<pin_list>
<pin id="212" dir="0" index="0" bw="13" slack="0"/>
<pin id="213" dir="0" index="1" bw="13" slack="0"/>
<pin id="214" dir="1" index="2" bw="1" slack="1"/>
</pin_list>
<bind>
<opcode="icmp(45) " fcode="icmp"/>
<opset="icmp_ln25/1 "/>
</bind>
</comp>

<comp id="217" class="1004" name="add_ln25_fu_217">
<pin_list>
<pin id="218" dir="0" index="0" bw="13" slack="0"/>
<pin id="219" dir="0" index="1" bw="1" slack="0"/>
<pin id="220" dir="1" index="2" bw="13" slack="0"/>
</pin_list>
<bind>
<opcode="add(8) " fcode="add"/>
<opset="add_ln25/1 "/>
</bind>
</comp>

<comp id="223" class="1004" name="trunc_ln25_fu_223">
<pin_list>
<pin id="224" dir="0" index="0" bw="13" slack="0"/>
<pin id="225" dir="1" index="1" bw="3" slack="2"/>
</pin_list>
<bind>
<opcode="trunc(33) " fcode="trunc"/>
<opset="trunc_ln25/1 "/>
</bind>
</comp>

<comp id="227" class="1004" name="lshr_ln_fu_227">
<pin_list>
<pin id="228" dir="0" index="0" bw="9" slack="0"/>
<pin id="229" dir="0" index="1" bw="13" slack="0"/>
<pin id="230" dir="0" index="2" bw="3" slack="0"/>
<pin id="231" dir="0" index="3" bw="5" slack="0"/>
<pin id="232" dir="1" index="4" bw="9" slack="2"/>
</pin_list>
<bind>
<opcode="partselect(1002) " fcode="partselect"/>
<opset="lshr_ln/1 "/>
</bind>
</comp>

<comp id="237" class="1004" name="store_ln25_store_fu_237">
<pin_list>
<pin id="238" dir="0" index="0" bw="13" slack="0"/>
<pin id="239" dir="0" index="1" bw="13" slack="0"/>
<pin id="240" dir="1" index="2" bw="0" slack="2147483647"/>
</pin_list>
<bind>
<opcode="store(28) " fcode="store"/>
<opset="store_ln25/1 "/>
</bind>
</comp>

<comp id="242" class="1004" name="gmem3_addr_fu_242">
<pin_list>
<pin id="243" dir="0" index="0" bw="32" slack="0"/>
<pin id="244" dir="0" index="1" bw="62" slack="1"/>
<pin id="245" dir="1" index="2" bw="32" slack="0"/>
</pin_list>
<bind>
<opcode="getelementptr(29) " fcode="getelementptr"/>
<opset="gmem3_addr/2 "/>
</bind>
</comp>

<comp id="248" class="1004" name="bitcast_ln27_fu_248">
<pin_list>
<pin id="249" dir="0" index="0" bw="32" slack="0"/>
<pin id="250" dir="1" index="1" bw="32" slack="1"/>
</pin_list>
<bind>
<opcode="bitcast(44) " fcode="bitcast"/>
<opset="bitcast_ln27/2 "/>
</bind>
</comp>

<comp id="252" class="1004" name="zext_ln25_fu_252">
<pin_list>
<pin id="253" dir="0" index="0" bw="9" slack="2"/>
<pin id="254" dir="1" index="1" bw="64" slack="0"/>
</pin_list>
<bind>
<opcode="zext(34) " fcode="zext"/>
<opset="zext_ln25/3 "/>
</bind>
</comp>

<comp id="263" class="1005" name="k_reg_263">
<pin_list>
<pin id="264" dir="0" index="0" bw="13" slack="0"/>
<pin id="265" dir="1" index="1" bw="13" slack="0"/>
</pin_list>
<bind>
<opset="k "/>
</bind>
</comp>

<comp id="270" class="1005" name="sext_ln25_cast_reg_270">
<pin_list>
<pin id="271" dir="0" index="0" bw="64" slack="1"/>
<pin id="272" dir="1" index="1" bw="64" slack="1"/>
</pin_list>
<bind>
<opset="sext_ln25_cast "/>
</bind>
</comp>

<comp id="275" class="1005" name="icmp_ln25_reg_275">
<pin_list>
<pin id="276" dir="0" index="0" bw="1" slack="1"/>
<pin id="277" dir="1" index="1" bw="1" slack="2147483647"/>
</pin_list>
<bind>
<opset="icmp_ln25 "/>
</bind>
</comp>

<comp id="279" class="1005" name="trunc_ln25_reg_279">
<pin_list>
<pin id="280" dir="0" index="0" bw="3" slack="2"/>
<pin id="281" dir="1" index="1" bw="3" slack="2147483647"/>
</pin_list>
<bind>
<opset="trunc_ln25 "/>
</bind>
</comp>

<comp id="283" class="1005" name="lshr_ln_reg_283">
<pin_list>
<pin id="284" dir="0" index="0" bw="9" slack="2"/>
<pin id="285" dir="1" index="1" bw="9" slack="2"/>
</pin_list>
<bind>
<opset="lshr_ln "/>
</bind>
</comp>

<comp id="288" class="1005" name="bitcast_ln27_reg_288">
<pin_list>
<pin id="289" dir="0" index="0" bw="32" slack="1"/>
<pin id="290" dir="1" index="1" bw="32" slack="1"/>
</pin_list>
<bind>
<opset="bitcast_ln27 "/>
</bind>
</comp>

</comp_list>

<net_list>
<net id="83"><net_src comp="20" pin="0"/><net_sink comp="80" pin=0"/></net>

<net id="88"><net_src comp="22" pin="0"/><net_sink comp="84" pin=0"/></net>

<net id="89"><net_src comp="2" pin="0"/><net_sink comp="84" pin=1"/></net>

<net id="94"><net_src comp="66" pin="0"/><net_sink comp="90" pin=0"/></net>

<net id="100"><net_src comp="18" pin="0"/><net_sink comp="95" pin=0"/></net>

<net id="101"><net_src comp="78" pin="0"/><net_sink comp="95" pin=1"/></net>

<net id="107"><net_src comp="16" pin="0"/><net_sink comp="102" pin=0"/></net>

<net id="108"><net_src comp="78" pin="0"/><net_sink comp="102" pin=1"/></net>

<net id="114"><net_src comp="14" pin="0"/><net_sink comp="109" pin=0"/></net>

<net id="115"><net_src comp="78" pin="0"/><net_sink comp="109" pin=1"/></net>

<net id="121"><net_src comp="12" pin="0"/><net_sink comp="116" pin=0"/></net>

<net id="122"><net_src comp="78" pin="0"/><net_sink comp="116" pin=1"/></net>

<net id="128"><net_src comp="10" pin="0"/><net_sink comp="123" pin=0"/></net>

<net id="129"><net_src comp="78" pin="0"/><net_sink comp="123" pin=1"/></net>

<net id="135"><net_src comp="8" pin="0"/><net_sink comp="130" pin=0"/></net>

<net id="136"><net_src comp="78" pin="0"/><net_sink comp="130" pin=1"/></net>

<net id="142"><net_src comp="6" pin="0"/><net_sink comp="137" pin=0"/></net>

<net id="143"><net_src comp="78" pin="0"/><net_sink comp="137" pin=1"/></net>

<net id="149"><net_src comp="4" pin="0"/><net_sink comp="144" pin=0"/></net>

<net id="150"><net_src comp="78" pin="0"/><net_sink comp="144" pin=1"/></net>

<net id="156"><net_src comp="137" pin="3"/><net_sink comp="151" pin=0"/></net>

<net id="162"><net_src comp="130" pin="3"/><net_sink comp="157" pin=0"/></net>

<net id="168"><net_src comp="123" pin="3"/><net_sink comp="163" pin=0"/></net>

<net id="174"><net_src comp="116" pin="3"/><net_sink comp="169" pin=0"/></net>

<net id="180"><net_src comp="109" pin="3"/><net_sink comp="175" pin=0"/></net>

<net id="186"><net_src comp="102" pin="3"/><net_sink comp="181" pin=0"/></net>

<net id="192"><net_src comp="95" pin="3"/><net_sink comp="187" pin=0"/></net>

<net id="198"><net_src comp="144" pin="3"/><net_sink comp="193" pin=0"/></net>

<net id="202"><net_src comp="84" pin="2"/><net_sink comp="199" pin=0"/></net>

<net id="207"><net_src comp="40" pin="0"/><net_sink comp="203" pin=0"/></net>

<net id="215"><net_src comp="208" pin="1"/><net_sink comp="211" pin=0"/></net>

<net id="216"><net_src comp="42" pin="0"/><net_sink comp="211" pin=1"/></net>

<net id="221"><net_src comp="208" pin="1"/><net_sink comp="217" pin=0"/></net>

<net id="222"><net_src comp="44" pin="0"/><net_sink comp="217" pin=1"/></net>

<net id="226"><net_src comp="208" pin="1"/><net_sink comp="223" pin=0"/></net>

<net id="233"><net_src comp="46" pin="0"/><net_sink comp="227" pin=0"/></net>

<net id="234"><net_src comp="208" pin="1"/><net_sink comp="227" pin=1"/></net>

<net id="235"><net_src comp="48" pin="0"/><net_sink comp="227" pin=2"/></net>

<net id="236"><net_src comp="50" pin="0"/><net_sink comp="227" pin=3"/></net>

<net id="241"><net_src comp="217" pin="2"/><net_sink comp="237" pin=0"/></net>

<net id="246"><net_src comp="0" pin="0"/><net_sink comp="242" pin=0"/></net>

<net id="247"><net_src comp="242" pin="2"/><net_sink comp="90" pin=1"/></net>

<net id="251"><net_src comp="90" pin="2"/><net_sink comp="248" pin=0"/></net>

<net id="255"><net_src comp="252" pin="1"/><net_sink comp="95" pin=2"/></net>

<net id="256"><net_src comp="252" pin="1"/><net_sink comp="102" pin=2"/></net>

<net id="257"><net_src comp="252" pin="1"/><net_sink comp="109" pin=2"/></net>

<net id="258"><net_src comp="252" pin="1"/><net_sink comp="116" pin=2"/></net>

<net id="259"><net_src comp="252" pin="1"/><net_sink comp="123" pin=2"/></net>

<net id="260"><net_src comp="252" pin="1"/><net_sink comp="130" pin=2"/></net>

<net id="261"><net_src comp="252" pin="1"/><net_sink comp="137" pin=2"/></net>

<net id="262"><net_src comp="252" pin="1"/><net_sink comp="144" pin=2"/></net>

<net id="266"><net_src comp="80" pin="1"/><net_sink comp="263" pin=0"/></net>

<net id="267"><net_src comp="263" pin="1"/><net_sink comp="203" pin=1"/></net>

<net id="268"><net_src comp="263" pin="1"/><net_sink comp="208" pin=0"/></net>

<net id="269"><net_src comp="263" pin="1"/><net_sink comp="237" pin=1"/></net>

<net id="273"><net_src comp="199" pin="1"/><net_sink comp="270" pin=0"/></net>

<net id="274"><net_src comp="270" pin="1"/><net_sink comp="242" pin=1"/></net>

<net id="278"><net_src comp="211" pin="2"/><net_sink comp="275" pin=0"/></net>

<net id="282"><net_src comp="223" pin="1"/><net_sink comp="279" pin=0"/></net>

<net id="286"><net_src comp="227" pin="4"/><net_sink comp="283" pin=0"/></net>

<net id="287"><net_src comp="283" pin="1"/><net_sink comp="252" pin=0"/></net>

<net id="291"><net_src comp="248" pin="1"/><net_sink comp="288" pin=0"/></net>

<net id="292"><net_src comp="288" pin="1"/><net_sink comp="151" pin=1"/></net>

<net id="293"><net_src comp="288" pin="1"/><net_sink comp="157" pin=1"/></net>

<net id="294"><net_src comp="288" pin="1"/><net_sink comp="163" pin=1"/></net>

<net id="295"><net_src comp="288" pin="1"/><net_sink comp="169" pin=1"/></net>

<net id="296"><net_src comp="288" pin="1"/><net_sink comp="175" pin=1"/></net>

<net id="297"><net_src comp="288" pin="1"/><net_sink comp="181" pin=1"/></net>

<net id="298"><net_src comp="288" pin="1"/><net_sink comp="187" pin=1"/></net>

<net id="299"><net_src comp="288" pin="1"/><net_sink comp="193" pin=1"/></net>

</net_list>

</model> 
---------------- Datapath Model END ------------------

* FSMD analyzer results:
  - Output states:
	Port: w_local_7 | {3 }
	Port: w_local_6 | {3 }
	Port: w_local_5 | {3 }
	Port: w_local_4 | {3 }
	Port: w_local_3 | {3 }
	Port: w_local_2 | {3 }
	Port: w_local_1 | {3 }
	Port: w_local | {3 }
 - Input state : 
	Port: compute_expert_Pipeline_VITIS_LOOP_25_1 : gmem3 | {2 }
	Port: compute_expert_Pipeline_VITIS_LOOP_25_1 : sext_ln25 | {1 }
  - Chain level:
	State 1
		store_ln25 : 1
		k_1 : 1
		icmp_ln25 : 2
		add_ln25 : 2
		br_ln25 : 3
		trunc_ln25 : 2
		lshr_ln : 2
		switch_ln27 : 3
		store_ln25 : 3
	State 2
		gmem3_addr_read : 1
		bitcast_ln27 : 1
	State 3
		w_local_addr : 1
		w_local_1_addr : 1
		w_local_2_addr : 1
		w_local_3_addr : 1
		w_local_4_addr : 1
		w_local_5_addr : 1
		w_local_6_addr : 1
		w_local_7_addr : 1
		store_ln27 : 2
		store_ln27 : 2
		store_ln27 : 2
		store_ln27 : 2
		store_ln27 : 2
		store_ln27 : 2
		store_ln27 : 2
		store_ln27 : 2


============================================================
+ Verbose Summary: Datapath Resource usage 
============================================================

* Functional unit list:
|----------|----------------------------|---------|---------|
| Operation|       Functional Unit      |    FF   |   LUT   |
|----------|----------------------------|---------|---------|
|   icmp   |      icmp_ln25_fu_211      |    0    |    20   |
|----------|----------------------------|---------|---------|
|    add   |       add_ln25_fu_217      |    0    |    20   |
|----------|----------------------------|---------|---------|
|   read   |  sext_ln25_read_read_fu_84 |    0    |    0    |
|          | gmem3_addr_read_read_fu_90 |    0    |    0    |
|----------|----------------------------|---------|---------|
|   sext   |    sext_ln25_cast_fu_199   |    0    |    0    |
|----------|----------------------------|---------|---------|
|   trunc  |      trunc_ln25_fu_223     |    0    |    0    |
|----------|----------------------------|---------|---------|
|partselect|       lshr_ln_fu_227       |    0    |    0    |
|----------|----------------------------|---------|---------|
|   zext   |      zext_ln25_fu_252      |    0    |    0    |
|----------|----------------------------|---------|---------|
|   Total  |                            |    0    |    40   |
|----------|----------------------------|---------|---------|

Memories:
N/A

* Register list:
+----------------------+--------+
|                      |   FF   |
+----------------------+--------+
| bitcast_ln27_reg_288 |   32   |
|   icmp_ln25_reg_275  |    1   |
|       k_reg_263      |   13   |
|    lshr_ln_reg_283   |    9   |
|sext_ln25_cast_reg_270|   64   |
|  trunc_ln25_reg_279  |    3   |
+----------------------+--------+
|         Total        |   122  |
+----------------------+--------+

* Multiplexer (MUX) list: 
|--------|------|------|------|--------|
|  Comp  |  Pin | Size |  BW  | S x BW |
|--------|------|------|------|--------|
|  Total |      |      |      |    0   |
|--------|------|------|------|--------|



* Summary:
+-----------+--------+--------+
|           |   FF   |   LUT  |
+-----------+--------+--------+
|  Function |    0   |   40   |
|   Memory  |    -   |    -   |
|Multiplexer|    -   |    -   |
|  Register |   122  |    -   |
+-----------+--------+--------+
|   Total   |   122  |   40   |
+-----------+--------+--------+
