

================================================================
== Vitis HLS Report for 'pseudo_moe_Pipeline_VITIS_LOOP_146_8'
================================================================
* Date:           Sun Sep 20 18:04:31 2026

* Version:        2023.2 (Build 4023990 on Oct 11 2023)
* Project:        project
* Solution:       solution1 (Vivado IP Flow Target)
* Product family: virtexuplus
* Target device:  xcvu13p_CIV-figd2104-3-e


================================================================
== Performance Estimates
================================================================
+ Timing: 
    * Summary: 
    +--------+----------+----------+------------+
    |  Clock |  Target  | Estimated| Uncertainty|
    +--------+----------+----------+------------+
    |ap_clk  |  10.00 ns|  7.300 ns|     2.70 ns|
    +--------+----------+----------+------------+

+ Latency: 
    * Summary: 
    +---------+---------+-----------+-----------+------+------+---------+
    |  Latency (cycles) |   Latency (absolute)  |   Interval  | Pipeline|
    |   min   |   max   |    min    |    max    |  min |  max |   Type  |
    +---------+---------+-----------+-----------+------+------+---------+
    |     1090|     1090|  10.900 us|  10.900 us|  1090|  1090|       no|
    +---------+---------+-----------+-----------+------+------+---------+

    + Detail: 
        * Instance: 
        N/A

        * Loop: 
        +--------------------+---------+---------+----------+-----------+-----------+------+----------+
        |                    |  Latency (cycles) | Iteration|  Initiation Interval  | Trip |          |
        |      Loop Name     |   min   |   max   |  Latency |  achieved |   target  | Count| Pipelined|
        +--------------------+---------+---------+----------+-----------+-----------+------+----------+
        |- VITIS_LOOP_146_8  |     1088|     1088|        18|         17|          1|    64|       yes|
        +--------------------+---------+---------+----------+-----------+-----------+------+----------+

============================================================
+ Verbose Summary: Synthesis Manager
============================================================
InlineROM: 1
ExposeGlobal: 0
============================================================
+ Verbose Summary: CDFG Model
============================================================
IsTopModel: 0
ResetActiveHigh: 1
IsCombinational: 0
IsDatapathOnly: 0
HasWiredReturn: 1
HasMFsm: 2
HasVarLatency: 1
IsPipeline: 0
IsRtlPipelined: 0
IsInstanceOverlapped: 0
IsDontTouch: 0
HasImplIP: 0
IsGatedGlobalClock: 0

+ Individual pipeline summary: 
  * Pipeline-0: initiation interval (II) = 17, depth = 18


============================================================
+ Verbose Summary: Schedule
============================================================
* Number of FSM states : 18
* Pipeline : 1
  Pipeline-0 : II = 17, D = 18, States = { 1 2 3 4 5 6 7 8 9 10 11 12 13 14 15 16 17 18 }
* Dataflow Pipeline: 0

* FSM state transitions: 
1 --> 2 
2 --> 3 
3 --> 4 
4 --> 5 
5 --> 6 
6 --> 7 
7 --> 8 
8 --> 9 
9 --> 10 
10 --> 11 
11 --> 12 
12 --> 13 
13 --> 14 
14 --> 15 
15 --> 16 
16 --> 17 
17 --> 18 
18 --> 

* FSM state operations: 

State 1 <SV = 0> <Delay = 1.38>
ST_1 : Operation 21 [1/1] (0.00ns)   --->   "%o_1 = alloca i32 1" [/home/simics/HMoE/HLS_HMoE/pseudo_block/run_5/src/pseudo_moe.cpp:146]   --->   Operation 21 'alloca' 'o_1' <Predicate = true> <Delay = 0.00>
ST_1 : Operation 22 [1/1] (0.00ns)   --->   "%specinterface_ln0 = specinterface void @_ssdm_op_SpecInterface, i32 %gmem12, void @empty_18, i32 0, i32 0, void @empty_43, i32 0, i32 0, void @empty_10, void @empty_21, void @empty_43, i32 16, i32 16, i32 16, i32 16, void @empty_43, void @empty_43, i32 4294967295, i32 0"   --->   Operation 22 'specinterface' 'specinterface_ln0' <Predicate = true> <Delay = 0.00>
ST_1 : Operation 23 [1/1] (0.00ns)   --->   "%output_r_read = read i64 @_ssdm_op_Read.ap_auto.i64, i64 %output_r"   --->   Operation 23 'read' 'output_r_read' <Predicate = true> <Delay = 0.00>
ST_1 : Operation 24 [1/1] (0.00ns)   --->   "%n_read = read i4 @_ssdm_op_Read.ap_auto.i4, i4 %n"   --->   Operation 24 'read' 'n_read' <Predicate = true> <Delay = 0.00>
ST_1 : Operation 25 [1/1] (0.00ns)   --->   "%tmp = read i32 @_ssdm_op_Read.ap_auto.float, i32 %empty"   --->   Operation 25 'read' 'tmp' <Predicate = true> <Delay = 0.00>
ST_1 : Operation 26 [1/1] (0.36ns)   --->   "%store_ln146 = store i7 0, i7 %o_1" [/home/simics/HMoE/HLS_HMoE/pseudo_block/run_5/src/pseudo_moe.cpp:146]   --->   Operation 26 'store' 'store_ln146' <Predicate = true> <Delay = 0.36>
ST_1 : Operation 27 [1/1] (0.00ns)   --->   "%br_ln0 = br void %for.inc107"   --->   Operation 27 'br' 'br_ln0' <Predicate = true> <Delay = 0.00>
ST_1 : Operation 28 [1/1] (0.00ns)   --->   "%o = load i7 %o_1" [/home/simics/HMoE/HLS_HMoE/pseudo_block/run_5/src/pseudo_moe.cpp:147]   --->   Operation 28 'load' 'o' <Predicate = true> <Delay = 0.00>
ST_1 : Operation 29 [1/1] (0.00ns)   --->   "%specbitsmap_ln0 = specbitsmap void @_ssdm_op_SpecBitsMap, i32 %gmem12"   --->   Operation 29 'specbitsmap' 'specbitsmap_ln0' <Predicate = true> <Delay = 0.00>
ST_1 : Operation 30 [1/1] (0.65ns)   --->   "%icmp_ln146 = icmp_eq  i7 %o, i7 64" [/home/simics/HMoE/HLS_HMoE/pseudo_block/run_5/src/pseudo_moe.cpp:146]   --->   Operation 30 'icmp' 'icmp_ln146' <Predicate = true> <Delay = 0.65> <CoreInst = "Cmp">   --->   Core 9 'Cmp' <Latency = 0> <II = 1> <Delay = 0.65> <FuncUnit> <Opcode : 'icmp'> <InPorts = 2> <OutPorts = 1>
ST_1 : Operation 31 [1/1] (0.65ns)   --->   "%add_ln146 = add i7 %o, i7 1" [/home/simics/HMoE/HLS_HMoE/pseudo_block/run_5/src/pseudo_moe.cpp:146]   --->   Operation 31 'add' 'add_ln146' <Predicate = true> <Delay = 0.65> <CoreInst = "Adder">   --->   Core 1 'Adder' <Latency = 0> <II = 1> <Delay = 0.65> <FuncUnit> <Opcode : 'add' 'sub'> <InPorts = 2> <OutPorts = 1>
ST_1 : Operation 32 [1/1] (0.00ns)   --->   "%br_ln146 = br i1 %icmp_ln146, void %for.inc107.split, void %VITIS_LOOP_154_9.exitStub" [/home/simics/HMoE/HLS_HMoE/pseudo_block/run_5/src/pseudo_moe.cpp:146]   --->   Operation 32 'br' 'br_ln146' <Predicate = true> <Delay = 0.00>
ST_1 : Operation 33 [1/1] (0.00ns)   --->   "%zext_ln146 = zext i7 %o" [/home/simics/HMoE/HLS_HMoE/pseudo_block/run_5/src/pseudo_moe.cpp:146]   --->   Operation 33 'zext' 'zext_ln146' <Predicate = (!icmp_ln146)> <Delay = 0.00>
ST_1 : Operation 34 [1/1] (0.00ns)   --->   "%expert_result_addr = getelementptr i32 %expert_result, i64 0, i64 %zext_ln146" [/home/simics/HMoE/HLS_HMoE/pseudo_block/run_5/src/pseudo_moe.cpp:148]   --->   Operation 34 'getelementptr' 'expert_result_addr' <Predicate = (!icmp_ln146)> <Delay = 0.00>
ST_1 : Operation 35 [2/2] (1.02ns)   --->   "%expert_result_load = load i6 %expert_result_addr" [/home/simics/HMoE/HLS_HMoE/pseudo_block/run_5/src/pseudo_moe.cpp:148]   --->   Operation 35 'load' 'expert_result_load' <Predicate = (!icmp_ln146)> <Delay = 1.02> <CoreInst = "RAM">   --->   Core 83 'RAM' <Latency = 1> <II = 1> <Delay = 1.02> <Storage> <Opcode : 'load' 'store'> <Ports = 2> <Width = 32> <Depth = 64> <RAM>
ST_1 : Operation 36 [1/1] (0.00ns)   --->   "%trunc_ln147 = trunc i7 %o" [/home/simics/HMoE/HLS_HMoE/pseudo_block/run_5/src/pseudo_moe.cpp:147]   --->   Operation 36 'trunc' 'trunc_ln147' <Predicate = (!icmp_ln146)> <Delay = 0.00>
ST_1 : Operation 37 [1/1] (0.00ns)   --->   "%shl_ln1 = bitconcatenate i12 @_ssdm_op_BitConcatenate.i12.i4.i6.i2, i4 %n_read, i6 %trunc_ln147, i2 0" [/home/simics/HMoE/HLS_HMoE/pseudo_block/run_5/src/pseudo_moe.cpp:147]   --->   Operation 37 'bitconcatenate' 'shl_ln1' <Predicate = (!icmp_ln146)> <Delay = 0.00>
ST_1 : Operation 38 [1/1] (0.00ns)   --->   "%zext_ln147 = zext i12 %shl_ln1" [/home/simics/HMoE/HLS_HMoE/pseudo_block/run_5/src/pseudo_moe.cpp:147]   --->   Operation 38 'zext' 'zext_ln147' <Predicate = (!icmp_ln146)> <Delay = 0.00>
ST_1 : Operation 39 [1/1] (0.96ns)   --->   "%add_ln147 = add i64 %zext_ln147, i64 %output_r_read" [/home/simics/HMoE/HLS_HMoE/pseudo_block/run_5/src/pseudo_moe.cpp:147]   --->   Operation 39 'add' 'add_ln147' <Predicate = (!icmp_ln146)> <Delay = 0.96> <CoreInst = "Adder">   --->   Core 1 'Adder' <Latency = 0> <II = 1> <Delay = 0.96> <FuncUnit> <Opcode : 'add' 'sub'> <InPorts = 2> <OutPorts = 1>
ST_1 : Operation 40 [1/1] (0.00ns)   --->   "%trunc_ln147_1 = partselect i62 @_ssdm_op_PartSelect.i62.i64.i32.i32, i64 %add_ln147, i32 2, i32 63" [/home/simics/HMoE/HLS_HMoE/pseudo_block/run_5/src/pseudo_moe.cpp:147]   --->   Operation 40 'partselect' 'trunc_ln147_1' <Predicate = (!icmp_ln146)> <Delay = 0.00>
ST_1 : Operation 41 [1/1] (0.00ns)   --->   "%sext_ln147 = sext i62 %trunc_ln147_1" [/home/simics/HMoE/HLS_HMoE/pseudo_block/run_5/src/pseudo_moe.cpp:147]   --->   Operation 41 'sext' 'sext_ln147' <Predicate = (!icmp_ln146)> <Delay = 0.00>
ST_1 : Operation 42 [1/1] (0.00ns)   --->   "%gmem12_addr = getelementptr i32 %gmem12, i64 %sext_ln147" [/home/simics/HMoE/HLS_HMoE/pseudo_block/run_5/src/pseudo_moe.cpp:147]   --->   Operation 42 'getelementptr' 'gmem12_addr' <Predicate = (!icmp_ln146)> <Delay = 0.00>
ST_1 : Operation 43 [1/1] (0.36ns)   --->   "%store_ln146 = store i7 %add_ln146, i7 %o_1" [/home/simics/HMoE/HLS_HMoE/pseudo_block/run_5/src/pseudo_moe.cpp:146]   --->   Operation 43 'store' 'store_ln146' <Predicate = (!icmp_ln146)> <Delay = 0.36>
ST_1 : Operation 71 [1/1] (0.00ns)   --->   "%ret_ln0 = ret"   --->   Operation 71 'ret' 'ret_ln0' <Predicate = (icmp_ln146)> <Delay = 0.00>

State 2 <SV = 1> <Delay = 7.30>
ST_2 : Operation 44 [1/2] (1.02ns)   --->   "%expert_result_load = load i6 %expert_result_addr" [/home/simics/HMoE/HLS_HMoE/pseudo_block/run_5/src/pseudo_moe.cpp:148]   --->   Operation 44 'load' 'expert_result_load' <Predicate = (!icmp_ln146)> <Delay = 1.02> <CoreInst = "RAM">   --->   Core 83 'RAM' <Latency = 1> <II = 1> <Delay = 1.02> <Storage> <Opcode : 'load' 'store'> <Ports = 2> <Width = 32> <Depth = 64> <RAM>
ST_2 : Operation 45 [2/2] (3.88ns)   --->   "%mul2 = fmul i32 %tmp, i32 %expert_result_load" [/home/simics/HMoE/HLS_HMoE/pseudo_block/run_5/src/pseudo_moe.cpp:148]   --->   Operation 45 'fmul' 'mul2' <Predicate = (!icmp_ln146)> <Delay = 3.88> <CoreInst = "FMul_maxdsp">   --->   Core 30 'FMul_maxdsp' <Latency = 1> <II = 1> <Delay = 3.88> <FuncUnit> <Opcode : 'fmul'> <InPorts = 2> <OutPorts = 1>
ST_2 : Operation 46 [8/8] (7.30ns)   --->   "%gmem12_load_1_req = readreq i1 @_ssdm_op_ReadReq.m_axi.i32P1A, i32 %gmem12_addr, i32 1" [/home/simics/HMoE/HLS_HMoE/pseudo_block/run_5/src/pseudo_moe.cpp:147]   --->   Operation 46 'readreq' 'gmem12_load_1_req' <Predicate = (!icmp_ln146)> <Delay = 7.30> <CoreInst = "m_axi">   --->   Core 121 'm_axi' <Latency = 0> <II = 1> <Delay = 1.00> <Adapter> <Opcode : 'read' 'write' 'readreq' 'writereq' 'writeresp'>

State 3 <SV = 2> <Delay = 7.30>
ST_3 : Operation 47 [1/2] (3.88ns)   --->   "%mul2 = fmul i32 %tmp, i32 %expert_result_load" [/home/simics/HMoE/HLS_HMoE/pseudo_block/run_5/src/pseudo_moe.cpp:148]   --->   Operation 47 'fmul' 'mul2' <Predicate = (!icmp_ln146)> <Delay = 3.88> <CoreInst = "FMul_maxdsp">   --->   Core 30 'FMul_maxdsp' <Latency = 1> <II = 1> <Delay = 3.88> <FuncUnit> <Opcode : 'fmul'> <InPorts = 2> <OutPorts = 1>
ST_3 : Operation 48 [7/8] (7.30ns)   --->   "%gmem12_load_1_req = readreq i1 @_ssdm_op_ReadReq.m_axi.i32P1A, i32 %gmem12_addr, i32 1" [/home/simics/HMoE/HLS_HMoE/pseudo_block/run_5/src/pseudo_moe.cpp:147]   --->   Operation 48 'readreq' 'gmem12_load_1_req' <Predicate = (!icmp_ln146)> <Delay = 7.30> <CoreInst = "m_axi">   --->   Core 121 'm_axi' <Latency = 0> <II = 1> <Delay = 1.00> <Adapter> <Opcode : 'read' 'write' 'readreq' 'writereq' 'writeresp'>

State 4 <SV = 3> <Delay = 7.30>
ST_4 : Operation 49 [6/8] (7.30ns)   --->   "%gmem12_load_1_req = readreq i1 @_ssdm_op_ReadReq.m_axi.i32P1A, i32 %gmem12_addr, i32 1" [/home/simics/HMoE/HLS_HMoE/pseudo_block/run_5/src/pseudo_moe.cpp:147]   --->   Operation 49 'readreq' 'gmem12_load_1_req' <Predicate = (!icmp_ln146)> <Delay = 7.30> <CoreInst = "m_axi">   --->   Core 121 'm_axi' <Latency = 0> <II = 1> <Delay = 1.00> <Adapter> <Opcode : 'read' 'write' 'readreq' 'writereq' 'writeresp'>

State 5 <SV = 4> <Delay = 7.30>
ST_5 : Operation 50 [5/8] (7.30ns)   --->   "%gmem12_load_1_req = readreq i1 @_ssdm_op_ReadReq.m_axi.i32P1A, i32 %gmem12_addr, i32 1" [/home/simics/HMoE/HLS_HMoE/pseudo_block/run_5/src/pseudo_moe.cpp:147]   --->   Operation 50 'readreq' 'gmem12_load_1_req' <Predicate = (!icmp_ln146)> <Delay = 7.30> <CoreInst = "m_axi">   --->   Core 121 'm_axi' <Latency = 0> <II = 1> <Delay = 1.00> <Adapter> <Opcode : 'read' 'write' 'readreq' 'writereq' 'writeresp'>

State 6 <SV = 5> <Delay = 7.30>
ST_6 : Operation 51 [4/8] (7.30ns)   --->   "%gmem12_load_1_req = readreq i1 @_ssdm_op_ReadReq.m_axi.i32P1A, i32 %gmem12_addr, i32 1" [/home/simics/HMoE/HLS_HMoE/pseudo_block/run_5/src/pseudo_moe.cpp:147]   --->   Operation 51 'readreq' 'gmem12_load_1_req' <Predicate = (!icmp_ln146)> <Delay = 7.30> <CoreInst = "m_axi">   --->   Core 121 'm_axi' <Latency = 0> <II = 1> <Delay = 1.00> <Adapter> <Opcode : 'read' 'write' 'readreq' 'writereq' 'writeresp'>

State 7 <SV = 6> <Delay = 7.30>
ST_7 : Operation 52 [3/8] (7.30ns)   --->   "%gmem12_load_1_req = readreq i1 @_ssdm_op_ReadReq.m_axi.i32P1A, i32 %gmem12_addr, i32 1" [/home/simics/HMoE/HLS_HMoE/pseudo_block/run_5/src/pseudo_moe.cpp:147]   --->   Operation 52 'readreq' 'gmem12_load_1_req' <Predicate = (!icmp_ln146)> <Delay = 7.30> <CoreInst = "m_axi">   --->   Core 121 'm_axi' <Latency = 0> <II = 1> <Delay = 1.00> <Adapter> <Opcode : 'read' 'write' 'readreq' 'writereq' 'writeresp'>

State 8 <SV = 7> <Delay = 7.30>
ST_8 : Operation 53 [2/8] (7.30ns)   --->   "%gmem12_load_1_req = readreq i1 @_ssdm_op_ReadReq.m_axi.i32P1A, i32 %gmem12_addr, i32 1" [/home/simics/HMoE/HLS_HMoE/pseudo_block/run_5/src/pseudo_moe.cpp:147]   --->   Operation 53 'readreq' 'gmem12_load_1_req' <Predicate = (!icmp_ln146)> <Delay = 7.30> <CoreInst = "m_axi">   --->   Core 121 'm_axi' <Latency = 0> <II = 1> <Delay = 1.00> <Adapter> <Opcode : 'read' 'write' 'readreq' 'writereq' 'writeresp'>

State 9 <SV = 8> <Delay = 7.30>
ST_9 : Operation 54 [1/8] (7.30ns)   --->   "%gmem12_load_1_req = readreq i1 @_ssdm_op_ReadReq.m_axi.i32P1A, i32 %gmem12_addr, i32 1" [/home/simics/HMoE/HLS_HMoE/pseudo_block/run_5/src/pseudo_moe.cpp:147]   --->   Operation 54 'readreq' 'gmem12_load_1_req' <Predicate = (!icmp_ln146)> <Delay = 7.30> <CoreInst = "m_axi">   --->   Core 121 'm_axi' <Latency = 0> <II = 1> <Delay = 1.00> <Adapter> <Opcode : 'read' 'write' 'readreq' 'writereq' 'writeresp'>

State 10 <SV = 9> <Delay = 7.30>
ST_10 : Operation 55 [1/1] (7.30ns)   --->   "%gmem12_addr_read = read i32 @_ssdm_op_Read.m_axi.i32P1A, i32 %gmem12_addr" [/home/simics/HMoE/HLS_HMoE/pseudo_block/run_5/src/pseudo_moe.cpp:147]   --->   Operation 55 'read' 'gmem12_addr_read' <Predicate = (!icmp_ln146)> <Delay = 7.30> <CoreInst = "m_axi">   --->   Core 121 'm_axi' <Latency = 0> <II = 1> <Delay = 1.00> <Adapter> <Opcode : 'read' 'write' 'readreq' 'writereq' 'writeresp'>

State 11 <SV = 10> <Delay = 6.04>
ST_11 : Operation 56 [1/1] (0.00ns)   --->   "%bitcast_ln147 = bitcast i32 %gmem12_addr_read" [/home/simics/HMoE/HLS_HMoE/pseudo_block/run_5/src/pseudo_moe.cpp:147]   --->   Operation 56 'bitcast' 'bitcast_ln147' <Predicate = (!icmp_ln146)> <Delay = 0.00>
ST_11 : Operation 57 [2/2] (6.04ns)   --->   "%add1 = fadd i32 %bitcast_ln147, i32 %mul2" [/home/simics/HMoE/HLS_HMoE/pseudo_block/run_5/src/pseudo_moe.cpp:147]   --->   Operation 57 'fadd' 'add1' <Predicate = (!icmp_ln146)> <Delay = 6.04> <CoreInst = "FAddSub_fulldsp">   --->   Core 18 'FAddSub_fulldsp' <Latency = 1> <II = 1> <Delay = 6.04> <FuncUnit> <Opcode : 'fadd' 'fsub'> <InPorts = 2> <OutPorts = 1>

State 12 <SV = 11> <Delay = 7.30>
ST_12 : Operation 58 [1/2] (6.04ns)   --->   "%add1 = fadd i32 %bitcast_ln147, i32 %mul2" [/home/simics/HMoE/HLS_HMoE/pseudo_block/run_5/src/pseudo_moe.cpp:147]   --->   Operation 58 'fadd' 'add1' <Predicate = (!icmp_ln146)> <Delay = 6.04> <CoreInst = "FAddSub_fulldsp">   --->   Core 18 'FAddSub_fulldsp' <Latency = 1> <II = 1> <Delay = 6.04> <FuncUnit> <Opcode : 'fadd' 'fsub'> <InPorts = 2> <OutPorts = 1>
ST_12 : Operation 59 [1/1] (7.30ns)   --->   "%gmem12_addr_2_req = writereq i1 @_ssdm_op_WriteReq.m_axi.i32P1A, i32 %gmem12_addr, i32 1" [/home/simics/HMoE/HLS_HMoE/pseudo_block/run_5/src/pseudo_moe.cpp:147]   --->   Operation 59 'writereq' 'gmem12_addr_2_req' <Predicate = (!icmp_ln146)> <Delay = 7.30> <CoreInst = "m_axi">   --->   Core 121 'm_axi' <Latency = 0> <II = 1> <Delay = 1.00> <Adapter> <Opcode : 'read' 'write' 'readreq' 'writereq' 'writeresp'>

State 13 <SV = 12> <Delay = 7.30>
ST_13 : Operation 60 [1/1] (0.00ns)   --->   "%bitcast_ln147_1 = bitcast i32 %add1" [/home/simics/HMoE/HLS_HMoE/pseudo_block/run_5/src/pseudo_moe.cpp:147]   --->   Operation 60 'bitcast' 'bitcast_ln147_1' <Predicate = (!icmp_ln146)> <Delay = 0.00>
ST_13 : Operation 61 [1/1] (7.30ns)   --->   "%write_ln147 = write void @_ssdm_op_Write.m_axi.i32P1A, i32 %gmem12_addr, i32 %bitcast_ln147_1, i4 15" [/home/simics/HMoE/HLS_HMoE/pseudo_block/run_5/src/pseudo_moe.cpp:147]   --->   Operation 61 'write' 'write_ln147' <Predicate = (!icmp_ln146)> <Delay = 7.30> <CoreInst = "m_axi">   --->   Core 121 'm_axi' <Latency = 0> <II = 1> <Delay = 1.00> <Adapter> <Opcode : 'read' 'write' 'readreq' 'writereq' 'writeresp'>

State 14 <SV = 13> <Delay = 7.30>
ST_14 : Operation 62 [5/5] (7.30ns)   --->   "%gmem12_addr_2_resp = writeresp i1 @_ssdm_op_WriteResp.m_axi.i32P1A, i32 %gmem12_addr" [/home/simics/HMoE/HLS_HMoE/pseudo_block/run_5/src/pseudo_moe.cpp:147]   --->   Operation 62 'writeresp' 'gmem12_addr_2_resp' <Predicate = (!icmp_ln146)> <Delay = 7.30> <CoreInst = "m_axi">   --->   Core 121 'm_axi' <Latency = 0> <II = 1> <Delay = 1.00> <Adapter> <Opcode : 'read' 'write' 'readreq' 'writereq' 'writeresp'>

State 15 <SV = 14> <Delay = 7.30>
ST_15 : Operation 63 [4/5] (7.30ns)   --->   "%gmem12_addr_2_resp = writeresp i1 @_ssdm_op_WriteResp.m_axi.i32P1A, i32 %gmem12_addr" [/home/simics/HMoE/HLS_HMoE/pseudo_block/run_5/src/pseudo_moe.cpp:147]   --->   Operation 63 'writeresp' 'gmem12_addr_2_resp' <Predicate = (!icmp_ln146)> <Delay = 7.30> <CoreInst = "m_axi">   --->   Core 121 'm_axi' <Latency = 0> <II = 1> <Delay = 1.00> <Adapter> <Opcode : 'read' 'write' 'readreq' 'writereq' 'writeresp'>

State 16 <SV = 15> <Delay = 7.30>
ST_16 : Operation 64 [3/5] (7.30ns)   --->   "%gmem12_addr_2_resp = writeresp i1 @_ssdm_op_WriteResp.m_axi.i32P1A, i32 %gmem12_addr" [/home/simics/HMoE/HLS_HMoE/pseudo_block/run_5/src/pseudo_moe.cpp:147]   --->   Operation 64 'writeresp' 'gmem12_addr_2_resp' <Predicate = (!icmp_ln146)> <Delay = 7.30> <CoreInst = "m_axi">   --->   Core 121 'm_axi' <Latency = 0> <II = 1> <Delay = 1.00> <Adapter> <Opcode : 'read' 'write' 'readreq' 'writereq' 'writeresp'>

State 17 <SV = 16> <Delay = 7.30>
ST_17 : Operation 65 [2/5] (7.30ns)   --->   "%gmem12_addr_2_resp = writeresp i1 @_ssdm_op_WriteResp.m_axi.i32P1A, i32 %gmem12_addr" [/home/simics/HMoE/HLS_HMoE/pseudo_block/run_5/src/pseudo_moe.cpp:147]   --->   Operation 65 'writeresp' 'gmem12_addr_2_resp' <Predicate = (!icmp_ln146)> <Delay = 7.30> <CoreInst = "m_axi">   --->   Core 121 'm_axi' <Latency = 0> <II = 1> <Delay = 1.00> <Adapter> <Opcode : 'read' 'write' 'readreq' 'writereq' 'writeresp'>

State 18 <SV = 17> <Delay = 7.30>
ST_18 : Operation 66 [1/1] (0.00ns)   --->   "%specpipeline_ln146 = specpipeline void @_ssdm_op_SpecPipeline, i32 4294967295, i32 0, i32 0, i32 0, void @empty_43" [/home/simics/HMoE/HLS_HMoE/pseudo_block/run_5/src/pseudo_moe.cpp:146]   --->   Operation 66 'specpipeline' 'specpipeline_ln146' <Predicate = true> <Delay = 0.00>
ST_18 : Operation 67 [1/1] (0.00ns)   --->   "%speclooptripcount_ln146 = speclooptripcount void @_ssdm_op_SpecLoopTripCount, i64 64, i64 64, i64 64" [/home/simics/HMoE/HLS_HMoE/pseudo_block/run_5/src/pseudo_moe.cpp:146]   --->   Operation 67 'speclooptripcount' 'speclooptripcount_ln146' <Predicate = true> <Delay = 0.00>
ST_18 : Operation 68 [1/1] (0.00ns)   --->   "%specloopname_ln146 = specloopname void @_ssdm_op_SpecLoopName, void @empty_38" [/home/simics/HMoE/HLS_HMoE/pseudo_block/run_5/src/pseudo_moe.cpp:146]   --->   Operation 68 'specloopname' 'specloopname_ln146' <Predicate = true> <Delay = 0.00>
ST_18 : Operation 69 [1/5] (7.30ns)   --->   "%gmem12_addr_2_resp = writeresp i1 @_ssdm_op_WriteResp.m_axi.i32P1A, i32 %gmem12_addr" [/home/simics/HMoE/HLS_HMoE/pseudo_block/run_5/src/pseudo_moe.cpp:147]   --->   Operation 69 'writeresp' 'gmem12_addr_2_resp' <Predicate = true> <Delay = 7.30> <CoreInst = "m_axi">   --->   Core 121 'm_axi' <Latency = 0> <II = 1> <Delay = 1.00> <Adapter> <Opcode : 'read' 'write' 'readreq' 'writereq' 'writeresp'>
ST_18 : Operation 70 [1/1] (0.00ns)   --->   "%br_ln146 = br void %for.inc107" [/home/simics/HMoE/HLS_HMoE/pseudo_block/run_5/src/pseudo_moe.cpp:146]   --->   Operation 70 'br' 'br_ln146' <Predicate = true> <Delay = 0.00>


============================================================
+ Verbose Summary: Timing violations
============================================================
Target clock period: 10.000ns, clock uncertainty: 2.700ns.

 <State 1>: 1.387ns
The critical path consists of the following:
	'store' operation 0 bit ('store_ln146', /home/simics/HMoE/HLS_HMoE/pseudo_block/run_5/src/pseudo_moe.cpp:146) of constant 0 on local variable 'o', /home/simics/HMoE/HLS_HMoE/pseudo_block/run_5/src/pseudo_moe.cpp:146 [11]  (0.362 ns)
	'load' operation 7 bit ('o', /home/simics/HMoE/HLS_HMoE/pseudo_block/run_5/src/pseudo_moe.cpp:147) on local variable 'o', /home/simics/HMoE/HLS_HMoE/pseudo_block/run_5/src/pseudo_moe.cpp:146 [14]  (0.000 ns)
	'getelementptr' operation 6 bit ('expert_result_addr', /home/simics/HMoE/HLS_HMoE/pseudo_block/run_5/src/pseudo_moe.cpp:148) [24]  (0.000 ns)
	'load' operation 32 bit ('expert_result_load', /home/simics/HMoE/HLS_HMoE/pseudo_block/run_5/src/pseudo_moe.cpp:148) on array 'expert_result' [25]  (1.025 ns)

 <State 2>: 7.300ns
The critical path consists of the following:
	bus request operation ('gmem12_load_1_req', /home/simics/HMoE/HLS_HMoE/pseudo_block/run_5/src/pseudo_moe.cpp:147) on port 'gmem12' (/home/simics/HMoE/HLS_HMoE/pseudo_block/run_5/src/pseudo_moe.cpp:147) [34]  (7.300 ns)

 <State 3>: 7.300ns
The critical path consists of the following:
	bus request operation ('gmem12_load_1_req', /home/simics/HMoE/HLS_HMoE/pseudo_block/run_5/src/pseudo_moe.cpp:147) on port 'gmem12' (/home/simics/HMoE/HLS_HMoE/pseudo_block/run_5/src/pseudo_moe.cpp:147) [34]  (7.300 ns)

 <State 4>: 7.300ns
The critical path consists of the following:
	bus request operation ('gmem12_load_1_req', /home/simics/HMoE/HLS_HMoE/pseudo_block/run_5/src/pseudo_moe.cpp:147) on port 'gmem12' (/home/simics/HMoE/HLS_HMoE/pseudo_block/run_5/src/pseudo_moe.cpp:147) [34]  (7.300 ns)

 <State 5>: 7.300ns
The critical path consists of the following:
	bus request operation ('gmem12_load_1_req', /home/simics/HMoE/HLS_HMoE/pseudo_block/run_5/src/pseudo_moe.cpp:147) on port 'gmem12' (/home/simics/HMoE/HLS_HMoE/pseudo_block/run_5/src/pseudo_moe.cpp:147) [34]  (7.300 ns)

 <State 6>: 7.300ns
The critical path consists of the following:
	bus request operation ('gmem12_load_1_req', /home/simics/HMoE/HLS_HMoE/pseudo_block/run_5/src/pseudo_moe.cpp:147) on port 'gmem12' (/home/simics/HMoE/HLS_HMoE/pseudo_block/run_5/src/pseudo_moe.cpp:147) [34]  (7.300 ns)

 <State 7>: 7.300ns
The critical path consists of the following:
	bus request operation ('gmem12_load_1_req', /home/simics/HMoE/HLS_HMoE/pseudo_block/run_5/src/pseudo_moe.cpp:147) on port 'gmem12' (/home/simics/HMoE/HLS_HMoE/pseudo_block/run_5/src/pseudo_moe.cpp:147) [34]  (7.300 ns)

 <State 8>: 7.300ns
The critical path consists of the following:
	bus request operation ('gmem12_load_1_req', /home/simics/HMoE/HLS_HMoE/pseudo_block/run_5/src/pseudo_moe.cpp:147) on port 'gmem12' (/home/simics/HMoE/HLS_HMoE/pseudo_block/run_5/src/pseudo_moe.cpp:147) [34]  (7.300 ns)

 <State 9>: 7.300ns
The critical path consists of the following:
	bus request operation ('gmem12_load_1_req', /home/simics/HMoE/HLS_HMoE/pseudo_block/run_5/src/pseudo_moe.cpp:147) on port 'gmem12' (/home/simics/HMoE/HLS_HMoE/pseudo_block/run_5/src/pseudo_moe.cpp:147) [34]  (7.300 ns)

 <State 10>: 7.300ns
The critical path consists of the following:
	bus read operation ('gmem12_addr_read', /home/simics/HMoE/HLS_HMoE/pseudo_block/run_5/src/pseudo_moe.cpp:147) on port 'gmem12' (/home/simics/HMoE/HLS_HMoE/pseudo_block/run_5/src/pseudo_moe.cpp:147) [35]  (7.300 ns)

 <State 11>: 6.047ns
The critical path consists of the following:
	'fadd' operation 32 bit ('add1', /home/simics/HMoE/HLS_HMoE/pseudo_block/run_5/src/pseudo_moe.cpp:147) [37]  (6.047 ns)

 <State 12>: 7.300ns
The critical path consists of the following:
	bus request operation ('gmem12_addr_2_req', /home/simics/HMoE/HLS_HMoE/pseudo_block/run_5/src/pseudo_moe.cpp:147) on port 'gmem12' (/home/simics/HMoE/HLS_HMoE/pseudo_block/run_5/src/pseudo_moe.cpp:147) [39]  (7.300 ns)

 <State 13>: 7.300ns
The critical path consists of the following:
	bus write operation ('write_ln147', /home/simics/HMoE/HLS_HMoE/pseudo_block/run_5/src/pseudo_moe.cpp:147) on port 'gmem12' (/home/simics/HMoE/HLS_HMoE/pseudo_block/run_5/src/pseudo_moe.cpp:147) [40]  (7.300 ns)

 <State 14>: 7.300ns
The critical path consists of the following:
	bus response operation ('gmem12_addr_2_resp', /home/simics/HMoE/HLS_HMoE/pseudo_block/run_5/src/pseudo_moe.cpp:147) on port 'gmem12' (/home/simics/HMoE/HLS_HMoE/pseudo_block/run_5/src/pseudo_moe.cpp:147) [41]  (7.300 ns)

 <State 15>: 7.300ns
The critical path consists of the following:
	bus response operation ('gmem12_addr_2_resp', /home/simics/HMoE/HLS_HMoE/pseudo_block/run_5/src/pseudo_moe.cpp:147) on port 'gmem12' (/home/simics/HMoE/HLS_HMoE/pseudo_block/run_5/src/pseudo_moe.cpp:147) [41]  (7.300 ns)

 <State 16>: 7.300ns
The critical path consists of the following:
	bus response operation ('gmem12_addr_2_resp', /home/simics/HMoE/HLS_HMoE/pseudo_block/run_5/src/pseudo_moe.cpp:147) on port 'gmem12' (/home/simics/HMoE/HLS_HMoE/pseudo_block/run_5/src/pseudo_moe.cpp:147) [41]  (7.300 ns)

 <State 17>: 7.300ns
The critical path consists of the following:
	bus response operation ('gmem12_addr_2_resp', /home/simics/HMoE/HLS_HMoE/pseudo_block/run_5/src/pseudo_moe.cpp:147) on port 'gmem12' (/home/simics/HMoE/HLS_HMoE/pseudo_block/run_5/src/pseudo_moe.cpp:147) [41]  (7.300 ns)

 <State 18>: 7.300ns
The critical path consists of the following:
	bus response operation ('gmem12_addr_2_resp', /home/simics/HMoE/HLS_HMoE/pseudo_block/run_5/src/pseudo_moe.cpp:147) on port 'gmem12' (/home/simics/HMoE/HLS_HMoE/pseudo_block/run_5/src/pseudo_moe.cpp:147) [41]  (7.300 ns)


============================================================
+ Verbose Summary: Binding
============================================================
N/A
* FSMD analyzer results:
  - Output states:
 - Input state : 
  - Chain level:
	State 1
	State 2
	State 3
	State 4
	State 5
	State 6
	State 7
	State 8
	State 9
	State 10
	State 11
	State 12
	State 13
	State 14
	State 15
	State 16
	State 17
	State 18


============================================================
+ Verbose Summary: Datapath Resource usage 
============================================================
N/A
