==============================================================
Vitis HLS - High-Level Synthesis from C, C++ and OpenCL v2023.2 (64-bit)
Tool Version Limit: 2023.10
Copyright 1986-2022 Xilinx, Inc. All Rights Reserved.
Copyright 2022-2023 Advanced Micro Devices, Inc. All Rights Reserved.

==============================================================
INFO: [HLS 200-1505] Using flow_target 'vivado'
INFO: [HLS 200-1510] Running: set_part xcvu13p_CIV-figd2104-3-e 
INFO: [HLS 200-1611] Setting target device to 'xcvu13p_CIV-figd2104-3-e'
INFO: [HLS 200-1510] Running: create_clock -period 10 
INFO: [SYN 201-201] Setting up clock 'default' with a period of 10ns.
INFO: [HLS 200-1510] Running: csim_design 
INFO: [SIM 211-2] *************** CSIM start ***************
INFO: [SIM 211-4] CSIM will launch GCC as the compiler.
INFO: [HLS 200-2036] Building debug C Simulation binaries
INFO: [SIM 211-1] CSim done with 0 errors.
INFO: [SIM 211-3] *************** CSIM finish ***************
INFO: [HLS 200-111] Finished Command csim_design CPU user time: 1.1 seconds. CPU system time: 0.33 seconds. Elapsed time: 1.4 seconds; current allocated memory: 0.000 MB.
INFO: [HLS 200-1510] Running: csynth_design 
INFO: [HLS 200-111] Finished File checks and directory preparation: CPU user time: 0.17 seconds. CPU system time: 0.02 seconds. Elapsed time: 0.19 seconds; current allocated memory: 282.402 MB.
INFO: [HLS 200-10] Analyzing design file '/home/simics/HMoE/HLS_HMoE/pseudo_block/run_4/src/pseudo_moe.cpp' ... 
INFO: [HLS 200-111] Finished Source Code Analysis and Preprocessing: CPU user time: 1.2 seconds. CPU system time: 0.67 seconds. Elapsed time: 1.87 seconds; current allocated memory: 284.992 MB.
INFO: [HLS 200-777] Using interface defaults for 'Vivado' flow target.
INFO: [HLS 200-1995] There were 583 instructions in the design after the 'Compile/Link' phase of compilation. See the Design Size Report for more details: /home/simics/HMoE/HLS_HMoE/pseudo_block/run_4/project/solution1/syn/report/csynth_design_size.rpt
INFO: [HLS 200-1995] There were 896 instructions in the design after the 'Unroll/Inline (step 1)' phase of compilation. See the Design Size Report for more details: /home/simics/HMoE/HLS_HMoE/pseudo_block/run_4/project/solution1/syn/report/csynth_design_size.rpt
INFO: [HLS 200-1995] There were 741 instructions in the design after the 'Unroll/Inline (step 2)' phase of compilation. See the Design Size Report for more details: /home/simics/HMoE/HLS_HMoE/pseudo_block/run_4/project/solution1/syn/report/csynth_design_size.rpt
INFO: [HLS 200-1995] There were 634 instructions in the design after the 'Unroll/Inline (step 3)' phase of compilation. See the Design Size Report for more details: /home/simics/HMoE/HLS_HMoE/pseudo_block/run_4/project/solution1/syn/report/csynth_design_size.rpt
INFO: [HLS 200-1995] There were 634 instructions in the design after the 'Unroll/Inline (step 4)' phase of compilation. See the Design Size Report for more details: /home/simics/HMoE/HLS_HMoE/pseudo_block/run_4/project/solution1/syn/report/csynth_design_size.rpt
INFO: [HLS 200-1995] There were 593 instructions in the design after the 'Array/Struct (step 1)' phase of compilation. See the Design Size Report for more details: /home/simics/HMoE/HLS_HMoE/pseudo_block/run_4/project/solution1/syn/report/csynth_design_size.rpt
INFO: [HLS 200-1995] There were 593 instructions in the design after the 'Array/Struct (step 2)' phase of compilation. See the Design Size Report for more details: /home/simics/HMoE/HLS_HMoE/pseudo_block/run_4/project/solution1/syn/report/csynth_design_size.rpt
INFO: [HLS 200-1995] There were 593 instructions in the design after the 'Array/Struct (step 3)' phase of compilation. See the Design Size Report for more details: /home/simics/HMoE/HLS_HMoE/pseudo_block/run_4/project/solution1/syn/report/csynth_design_size.rpt
INFO: [HLS 200-1995] There were 593 instructions in the design after the 'Array/Struct (step 4)' phase of compilation. See the Design Size Report for more details: /home/simics/HMoE/HLS_HMoE/pseudo_block/run_4/project/solution1/syn/report/csynth_design_size.rpt
INFO: [HLS 200-1995] There were 601 instructions in the design after the 'Array/Struct (step 5)' phase of compilation. See the Design Size Report for more details: /home/simics/HMoE/HLS_HMoE/pseudo_block/run_4/project/solution1/syn/report/csynth_design_size.rpt
INFO: [HLS 200-1995] There were 564 instructions in the design after the 'Performance (step 1)' phase of compilation. See the Design Size Report for more details: /home/simics/HMoE/HLS_HMoE/pseudo_block/run_4/project/solution1/syn/report/csynth_design_size.rpt
INFO: [HLS 200-1995] There were 872 instructions in the design after the 'Performance (step 2)' phase of compilation. See the Design Size Report for more details: /home/simics/HMoE/HLS_HMoE/pseudo_block/run_4/project/solution1/syn/report/csynth_design_size.rpt
INFO: [HLS 200-1995] There were 872 instructions in the design after the 'Performance (step 3)' phase of compilation. See the Design Size Report for more details: /home/simics/HMoE/HLS_HMoE/pseudo_block/run_4/project/solution1/syn/report/csynth_design_size.rpt
INFO: [HLS 200-1995] There were 872 instructions in the design after the 'Performance (step 4)' phase of compilation. See the Design Size Report for more details: /home/simics/HMoE/HLS_HMoE/pseudo_block/run_4/project/solution1/syn/report/csynth_design_size.rpt
INFO: [HLS 200-1995] There were 1,149 instructions in the design after the 'HW Transforms (step 1)' phase of compilation. See the Design Size Report for more details: /home/simics/HMoE/HLS_HMoE/pseudo_block/run_4/project/solution1/syn/report/csynth_design_size.rpt
INFO: [HLS 200-1995] There were 1,042 instructions in the design after the 'HW Transforms (step 2)' phase of compilation. See the Design Size Report for more details: /home/simics/HMoE/HLS_HMoE/pseudo_block/run_4/project/solution1/syn/report/csynth_design_size.rpt
INFO: [HLS 214-291] Loop 'VITIS_LOOP_34_4' is marked as complete unroll implied by the pipeline pragma (/home/simics/HMoE/HLS_HMoE/pseudo_block/run_4/src/pseudo_moe.cpp:34:19)
INFO: [HLS 214-186] Unrolling loop 'VITIS_LOOP_25_2' (/home/simics/HMoE/HLS_HMoE/pseudo_block/run_4/src/pseudo_moe.cpp:25:19) in function 'compute_expert' completely with a factor of 8 (/home/simics/HMoE/HLS_HMoE/pseudo_block/run_4/src/pseudo_moe.cpp:17:0)
INFO: [HLS 214-186] Unrolling loop 'VITIS_LOOP_34_4' (/home/simics/HMoE/HLS_HMoE/pseudo_block/run_4/src/pseudo_moe.cpp:34:19) in function 'compute_expert' completely with a factor of 8 (/home/simics/HMoE/HLS_HMoE/pseudo_block/run_4/src/pseudo_moe.cpp:17:0)
INFO: [HLS 214-186] Unrolling loop 'VITIS_LOOP_43_5' (/home/simics/HMoE/HLS_HMoE/pseudo_block/run_4/src/pseudo_moe.cpp:43:26) in function 'compute_expert' completely with a factor of 8 (/home/simics/HMoE/HLS_HMoE/pseudo_block/run_4/src/pseudo_moe.cpp:17:0)
INFO: [HLS 214-376] automatically set the pipeline for Loop< VITIS_LOOP_152_10> at /home/simics/HMoE/HLS_HMoE/pseudo_block/run_4/src/pseudo_moe.cpp:152:28 
INFO: [HLS 214-376] automatically set the pipeline for Loop< VITIS_LOOP_144_9> at /home/simics/HMoE/HLS_HMoE/pseudo_block/run_4/src/pseudo_moe.cpp:144:27 
INFO: [HLS 214-376] automatically set the pipeline for Loop< VITIS_LOOP_136_8> at /home/simics/HMoE/HLS_HMoE/pseudo_block/run_4/src/pseudo_moe.cpp:136:27 
INFO: [HLS 214-376] automatically set the pipeline for Loop< VITIS_LOOP_128_7> at /home/simics/HMoE/HLS_HMoE/pseudo_block/run_4/src/pseudo_moe.cpp:128:27 
INFO: [HLS 214-376] automatically set the pipeline for Loop< VITIS_LOOP_121_6> at /home/simics/HMoE/HLS_HMoE/pseudo_block/run_4/src/pseudo_moe.cpp:121:27 
INFO: [HLS 214-376] automatically set the pipeline for Loop< VITIS_LOOP_116_5> at /home/simics/HMoE/HLS_HMoE/pseudo_block/run_4/src/pseudo_moe.cpp:116:27 
INFO: [HLS 214-376] automatically set the pipeline for Loop< VITIS_LOOP_111_4> at /home/simics/HMoE/HLS_HMoE/pseudo_block/run_4/src/pseudo_moe.cpp:111:27 
INFO: [HLS 214-376] automatically set the pipeline for Loop< VITIS_LOOP_94_2> at /home/simics/HMoE/HLS_HMoE/pseudo_block/run_4/src/pseudo_moe.cpp:94:26 
INFO: [HLS 214-291] Loop 'VITIS_LOOP_97_3' is marked as complete unroll implied by the pipeline pragma (/home/simics/HMoE/HLS_HMoE/pseudo_block/run_4/src/pseudo_moe.cpp:97:30)
INFO: [HLS 214-186] Unrolling loop 'VITIS_LOOP_97_3' (/home/simics/HMoE/HLS_HMoE/pseudo_block/run_4/src/pseudo_moe.cpp:97:30) in function 'pseudo_moe' completely with a factor of 64 (/home/simics/HMoE/HLS_HMoE/pseudo_block/run_4/src/pseudo_moe.cpp:65:0)
INFO: [HLS 214-115] Multiple burst reads of length 4096 and bit width 32 in loop 'VITIS_LOOP_20_1'(/home/simics/HMoE/HLS_HMoE/pseudo_block/run_4/src/pseudo_moe.cpp:20:19) has been inferred on bundle 'gmem3'. These burst requests might be further partitioned into multiple requests during RTL generation, based on max_read_burst_length or max_write_burst_length settings. (/home/simics/HMoE/HLS_HMoE/pseudo_block/run_4/src/pseudo_moe.cpp:20:19)
INFO: [HLS 214-115] Multiple burst reads of length 64 and bit width 32 in loop 'VITIS_LOOP_20_1'(/home/simics/HMoE/HLS_HMoE/pseudo_block/run_4/src/pseudo_moe.cpp:20:19) has been inferred on bundle 'gmem4'. These burst requests might be further partitioned into multiple requests during RTL generation, based on max_read_burst_length or max_write_burst_length settings. (/home/simics/HMoE/HLS_HMoE/pseudo_block/run_4/src/pseudo_moe.cpp:20:19)
INFO: [HLS 214-115] Multiple burst reads of length 64 and bit width 32 in loop 'VITIS_LOOP_31_3'(/home/simics/HMoE/HLS_HMoE/pseudo_block/run_4/src/pseudo_moe.cpp:31:26) has been inferred on bundle 'gmem0'. These burst requests might be further partitioned into multiple requests during RTL generation, based on max_read_burst_length or max_write_burst_length settings. (/home/simics/HMoE/HLS_HMoE/pseudo_block/run_4/src/pseudo_moe.cpp:31:26)
INFO: [HLS 214-115] Multiple burst reads of length 256 and bit width 32 in loop 'VITIS_LOOP_94_2'(/home/simics/HMoE/HLS_HMoE/pseudo_block/run_4/src/pseudo_moe.cpp:94:26) has been inferred on bundle 'gmem1'. These burst requests might be further partitioned into multiple requests during RTL generation, based on max_read_burst_length or max_write_burst_length settings. (/home/simics/HMoE/HLS_HMoE/pseudo_block/run_4/src/pseudo_moe.cpp:94:26)
INFO: [HLS 214-115] Multiple burst reads of length 4 and bit width 32 in loop 'VITIS_LOOP_94_2'(/home/simics/HMoE/HLS_HMoE/pseudo_block/run_4/src/pseudo_moe.cpp:94:26) has been inferred on bundle 'gmem2'. These burst requests might be further partitioned into multiple requests during RTL generation, based on max_read_burst_length or max_write_burst_length settings. (/home/simics/HMoE/HLS_HMoE/pseudo_block/run_4/src/pseudo_moe.cpp:94:26)
INFO: [HLS 214-115] Multiple burst reads of length 64 and bit width 32 has been inferred on bundle 'gmem0'. These burst requests might be further partitioned into multiple requests during RTL generation, based on max_read_burst_length or max_write_burst_length settings. (/home/simics/HMoE/HLS_HMoE/pseudo_block/run_4/src/pseudo_moe.cpp:97:30)
INFO: [HLS 214-115] Multiple burst writes of length 4 and bit width 32 in loop 'VITIS_LOOP_116_5'(/home/simics/HMoE/HLS_HMoE/pseudo_block/run_4/src/pseudo_moe.cpp:116:27) has been inferred on bundle 'gmem11'. These burst requests might be further partitioned into multiple requests during RTL generation, based on max_read_burst_length or max_write_burst_length settings. (/home/simics/HMoE/HLS_HMoE/pseudo_block/run_4/src/pseudo_moe.cpp:116:27)
INFO: [HLS 214-115] Multiple burst writes of length 64 and bit width 32 in loop 'VITIS_LOOP_121_6'(/home/simics/HMoE/HLS_HMoE/pseudo_block/run_4/src/pseudo_moe.cpp:121:27) has been inferred on bundle 'gmem12'. These burst requests might be further partitioned into multiple requests during RTL generation, based on max_read_burst_length or max_write_burst_length settings. (/home/simics/HMoE/HLS_HMoE/pseudo_block/run_4/src/pseudo_moe.cpp:121:27)
INFO: [HLS 200-111] Finished Compiling Optimization and Transform: CPU user time: 3.01 seconds. CPU system time: 0.49 seconds. Elapsed time: 7.82 seconds; current allocated memory: 287.809 MB.
INFO: [HLS 200-111] Finished Checking Pragmas: CPU user time: 0 seconds. CPU system time: 0 seconds. Elapsed time: 0 seconds; current allocated memory: 287.809 MB.
INFO: [HLS 200-10] Starting code transformations ...
INFO: [HLS 200-111] Finished Standard Transforms: CPU user time: 0.03 seconds. CPU system time: 0 seconds. Elapsed time: 0.03 seconds; current allocated memory: 288.465 MB.
INFO: [HLS 200-10] Checking synthesizability ...
INFO: [HLS 200-111] Finished Checking Synthesizability: CPU user time: 0.02 seconds. CPU system time: 0 seconds. Elapsed time: 0.02 seconds; current allocated memory: 288.895 MB.
INFO: [XFORM 203-102] Automatically partitioning small array 'logits' (/home/simics/HMoE/HLS_HMoE/pseudo_block/run_4/src/pseudo_moe.cpp:84) completely based on array size.
INFO: [XFORM 203-102] Automatically partitioning small array 'exp_values' (/home/simics/HMoE/HLS_HMoE/pseudo_block/run_4/src/pseudo_moe.cpp:85) completely based on array size.
INFO: [XFORM 203-101] Partitioning array 'logits' (/home/simics/HMoE/HLS_HMoE/pseudo_block/run_4/src/pseudo_moe.cpp:84) in dimension 1 completely.
INFO: [XFORM 203-101] Partitioning array 'exp_values' (/home/simics/HMoE/HLS_HMoE/pseudo_block/run_4/src/pseudo_moe.cpp:85) in dimension 1 completely.
INFO: [HLS 200-111] Finished Loop, function and other optimizations: CPU user time: 0.13 seconds. CPU system time: 0.01 seconds. Elapsed time: 0.14 seconds; current allocated memory: 312.098 MB.
INFO: [HLS 200-2061] Successfully converted nested loops 'VITIS_LOOP_20_1'(/home/simics/HMoE/HLS_HMoE/pseudo_block/run_4/src/pseudo_moe.cpp:20:19) and 'VITIS_LOOP_31_3'(/home/simics/HMoE/HLS_HMoE/pseudo_block/run_4/src/pseudo_moe.cpp:31:26) in function 'compute_expert' into perfectly nested loops.
INFO: [XFORM 203-541] Flattening a loop nest 'VITIS_LOOP_20_1' (/home/simics/HMoE/HLS_HMoE/pseudo_block/run_4/src/pseudo_moe.cpp:20:19) in function 'compute_expert'.
INFO: [HLS 200-111] Finished Architecture Synthesis: CPU user time: 0.15 seconds. CPU system time: 0.03 seconds. Elapsed time: 0.17 seconds; current allocated memory: 402.781 MB.
INFO: [HLS 200-10] Starting hardware synthesis ...
INFO: [HLS 200-10] Synthesizing 'pseudo_moe' ...
INFO: [HLS 200-10] ----------------------------------------------------------------
INFO: [HLS 200-42] -- Implementing module 'pseudo_moe_Pipeline_VITIS_LOOP_94_2' 
INFO: [HLS 200-10] ----------------------------------------------------------------
INFO: [SCHED 204-11] Starting scheduling ...
INFO: [SCHED 204-61] Pipelining loop 'VITIS_LOOP_94_2'.
WARNING: [HLS 200-880] The II Violation in module 'pseudo_moe_Pipeline_VITIS_LOOP_94_2' (loop 'VITIS_LOOP_94_2'): Unable to enforce a carried dependence constraint (II = 1, distance = 1, offset = 1) between bus read operation ('gmem1_addr_read_63', /home/simics/HMoE/HLS_HMoE/pseudo_block/run_4/src/pseudo_moe.cpp:98) on port 'gmem1' (/home/simics/HMoE/HLS_HMoE/pseudo_block/run_4/src/pseudo_moe.cpp:98) and bus read operation ('gmem1_addr_read', /home/simics/HMoE/HLS_HMoE/pseudo_block/run_4/src/pseudo_moe.cpp:98) on port 'gmem1' (/home/simics/HMoE/HLS_HMoE/pseudo_block/run_4/src/pseudo_moe.cpp:98).
WARNING: [HLS 200-880] The II Violation in module 'pseudo_moe_Pipeline_VITIS_LOOP_94_2' (loop 'VITIS_LOOP_94_2'): Unable to enforce a carried dependence constraint (II = 2, distance = 1, offset = 1) between bus read operation ('gmem1_addr_read_63', /home/simics/HMoE/HLS_HMoE/pseudo_block/run_4/src/pseudo_moe.cpp:98) on port 'gmem1' (/home/simics/HMoE/HLS_HMoE/pseudo_block/run_4/src/pseudo_moe.cpp:98) and bus read operation ('gmem1_addr_read', /home/simics/HMoE/HLS_HMoE/pseudo_block/run_4/src/pseudo_moe.cpp:98) on port 'gmem1' (/home/simics/HMoE/HLS_HMoE/pseudo_block/run_4/src/pseudo_moe.cpp:98).
WARNING: [HLS 200-880] The II Violation in module 'pseudo_moe_Pipeline_VITIS_LOOP_94_2' (loop 'VITIS_LOOP_94_2'): Unable to enforce a carried dependence constraint (II = 3, distance = 1, offset = 1) between bus read operation ('gmem1_addr_read_63', /home/simics/HMoE/HLS_HMoE/pseudo_block/run_4/src/pseudo_moe.cpp:98) on port 'gmem1' (/home/simics/HMoE/HLS_HMoE/pseudo_block/run_4/src/pseudo_moe.cpp:98) and bus read operation ('gmem1_addr_read', /home/simics/HMoE/HLS_HMoE/pseudo_block/run_4/src/pseudo_moe.cpp:98) on port 'gmem1' (/home/simics/HMoE/HLS_HMoE/pseudo_block/run_4/src/pseudo_moe.cpp:98).
WARNING: [HLS 200-880] The II Violation in module 'pseudo_moe_Pipeline_VITIS_LOOP_94_2' (loop 'VITIS_LOOP_94_2'): Unable to enforce a carried dependence constraint (II = 4, distance = 1, offset = 1) between bus read operation ('gmem1_addr_read_63', /home/simics/HMoE/HLS_HMoE/pseudo_block/run_4/src/pseudo_moe.cpp:98) on port 'gmem1' (/home/simics/HMoE/HLS_HMoE/pseudo_block/run_4/src/pseudo_moe.cpp:98) and bus read operation ('gmem1_addr_read', /home/simics/HMoE/HLS_HMoE/pseudo_block/run_4/src/pseudo_moe.cpp:98) on port 'gmem1' (/home/simics/HMoE/HLS_HMoE/pseudo_block/run_4/src/pseudo_moe.cpp:98).
WARNING: [HLS 200-880] The II Violation in module 'pseudo_moe_Pipeline_VITIS_LOOP_94_2' (loop 'VITIS_LOOP_94_2'): Unable to enforce a carried dependence constraint (II = 35, distance = 1, offset = 1) between bus read operation ('gmem1_addr_read_63', /home/simics/HMoE/HLS_HMoE/pseudo_block/run_4/src/pseudo_moe.cpp:98) on port 'gmem1' (/home/simics/HMoE/HLS_HMoE/pseudo_block/run_4/src/pseudo_moe.cpp:98) and bus read operation ('gmem1_addr_read', /home/simics/HMoE/HLS_HMoE/pseudo_block/run_4/src/pseudo_moe.cpp:98) on port 'gmem1' (/home/simics/HMoE/HLS_HMoE/pseudo_block/run_4/src/pseudo_moe.cpp:98).
WARNING: [HLS 200-880] The II Violation in module 'pseudo_moe_Pipeline_VITIS_LOOP_94_2' (loop 'VITIS_LOOP_94_2'): Unable to enforce a carried dependence constraint (II = 51, distance = 1, offset = 1) between bus read operation ('gmem1_addr_read_63', /home/simics/HMoE/HLS_HMoE/pseudo_block/run_4/src/pseudo_moe.cpp:98) on port 'gmem1' (/home/simics/HMoE/HLS_HMoE/pseudo_block/run_4/src/pseudo_moe.cpp:98) and bus read operation ('gmem1_addr_read', /home/simics/HMoE/HLS_HMoE/pseudo_block/run_4/src/pseudo_moe.cpp:98) on port 'gmem1' (/home/simics/HMoE/HLS_HMoE/pseudo_block/run_4/src/pseudo_moe.cpp:98).
WARNING: [HLS 200-880] The II Violation in module 'pseudo_moe_Pipeline_VITIS_LOOP_94_2' (loop 'VITIS_LOOP_94_2'): Unable to enforce a carried dependence constraint (II = 59, distance = 1, offset = 1) between bus read operation ('gmem1_addr_read_63', /home/simics/HMoE/HLS_HMoE/pseudo_block/run_4/src/pseudo_moe.cpp:98) on port 'gmem1' (/home/simics/HMoE/HLS_HMoE/pseudo_block/run_4/src/pseudo_moe.cpp:98) and bus read operation ('gmem1_addr_read', /home/simics/HMoE/HLS_HMoE/pseudo_block/run_4/src/pseudo_moe.cpp:98) on port 'gmem1' (/home/simics/HMoE/HLS_HMoE/pseudo_block/run_4/src/pseudo_moe.cpp:98).
WARNING: [HLS 200-880] The II Violation in module 'pseudo_moe_Pipeline_VITIS_LOOP_94_2' (loop 'VITIS_LOOP_94_2'): Unable to enforce a carried dependence constraint (II = 63, distance = 1, offset = 1) between bus read operation ('gmem1_addr_read_63', /home/simics/HMoE/HLS_HMoE/pseudo_block/run_4/src/pseudo_moe.cpp:98) on port 'gmem1' (/home/simics/HMoE/HLS_HMoE/pseudo_block/run_4/src/pseudo_moe.cpp:98) and bus read operation ('gmem1_addr_read', /home/simics/HMoE/HLS_HMoE/pseudo_block/run_4/src/pseudo_moe.cpp:98) on port 'gmem1' (/home/simics/HMoE/HLS_HMoE/pseudo_block/run_4/src/pseudo_moe.cpp:98).
INFO: [HLS 200-1470] Pipelining result : Target II = NA, Final II = 64, Depth = 143, loop 'VITIS_LOOP_94_2'
INFO: [SCHED 204-11] Finished scheduling.
INFO: [HLS 200-111] Finished Scheduling: CPU user time: 0.69 seconds. CPU system time: 0.01 seconds. Elapsed time: 0.71 seconds; current allocated memory: 408.398 MB.
INFO: [BIND 205-100] Starting micro-architecture generation ...
INFO: [BIND 205-101] Performing variable lifetime analysis.
INFO: [BIND 205-101] Exploring resource sharing.
INFO: [BIND 205-101] Binding ...
INFO: [BIND 205-100] Finished micro-architecture generation.
INFO: [HLS 200-111] Finished Binding: CPU user time: 0.09 seconds. CPU system time: 0 seconds. Elapsed time: 0.09 seconds; current allocated memory: 408.398 MB.
INFO: [HLS 200-10] ----------------------------------------------------------------
INFO: [HLS 200-42] -- Implementing module 'pseudo_moe_Pipeline_VITIS_LOOP_111_4' 
INFO: [HLS 200-10] ----------------------------------------------------------------
INFO: [SCHED 204-11] Starting scheduling ...
INFO: [SCHED 204-61] Pipelining loop 'VITIS_LOOP_111_4'.
INFO: [HLS 200-1470] Pipelining result : Target II = NA, Final II = 1, Depth = 8, loop 'VITIS_LOOP_111_4'
INFO: [SCHED 204-11] Finished scheduling.
INFO: [HLS 200-111] Finished Scheduling: CPU user time: 0.08 seconds. CPU system time: 0.01 seconds. Elapsed time: 0.08 seconds; current allocated memory: 408.398 MB.
INFO: [BIND 205-100] Starting micro-architecture generation ...
INFO: [BIND 205-101] Performing variable lifetime analysis.
INFO: [BIND 205-101] Exploring resource sharing.
INFO: [BIND 205-101] Binding ...
INFO: [BIND 205-100] Finished micro-architecture generation.
INFO: [HLS 200-111] Finished Binding: CPU user time: 0.01 seconds. CPU system time: 0 seconds. Elapsed time: 0.02 seconds; current allocated memory: 408.398 MB.
INFO: [HLS 200-10] ----------------------------------------------------------------
INFO: [HLS 200-42] -- Implementing module 'pseudo_moe_Pipeline_VITIS_LOOP_116_5' 
INFO: [HLS 200-10] ----------------------------------------------------------------
INFO: [SCHED 204-11] Starting scheduling ...
INFO: [SCHED 204-61] Pipelining loop 'VITIS_LOOP_116_5'.
INFO: [HLS 200-1470] Pipelining result : Target II = NA, Final II = 1, Depth = 7, loop 'VITIS_LOOP_116_5'
INFO: [SCHED 204-11] Finished scheduling.
INFO: [HLS 200-111] Finished Scheduling: CPU user time: 0.02 seconds. CPU system time: 0 seconds. Elapsed time: 0.03 seconds; current allocated memory: 408.398 MB.
INFO: [BIND 205-100] Starting micro-architecture generation ...
INFO: [BIND 205-101] Performing variable lifetime analysis.
INFO: [BIND 205-101] Exploring resource sharing.
INFO: [BIND 205-101] Binding ...
INFO: [BIND 205-100] Finished micro-architecture generation.
INFO: [HLS 200-111] Finished Binding: CPU user time: 0.02 seconds. CPU system time: 0 seconds. Elapsed time: 0.01 seconds; current allocated memory: 408.398 MB.
INFO: [HLS 200-10] ----------------------------------------------------------------
INFO: [HLS 200-42] -- Implementing module 'pseudo_moe_Pipeline_VITIS_LOOP_121_6' 
INFO: [HLS 200-10] ----------------------------------------------------------------
INFO: [SCHED 204-11] Starting scheduling ...
INFO: [SCHED 204-61] Pipelining loop 'VITIS_LOOP_121_6'.
INFO: [HLS 200-1470] Pipelining result : Target II = NA, Final II = 1, Depth = 2, loop 'VITIS_LOOP_121_6'
INFO: [SCHED 204-11] Finished scheduling.
INFO: [HLS 200-111] Finished Scheduling: CPU user time: 0.02 seconds. CPU system time: 0 seconds. Elapsed time: 0.03 seconds; current allocated memory: 408.398 MB.
INFO: [BIND 205-100] Starting micro-architecture generation ...
INFO: [BIND 205-101] Performing variable lifetime analysis.
INFO: [BIND 205-101] Exploring resource sharing.
INFO: [BIND 205-101] Binding ...
INFO: [BIND 205-100] Finished micro-architecture generation.
INFO: [HLS 200-111] Finished Binding: CPU user time: 0.02 seconds. CPU system time: 0 seconds. Elapsed time: 0.02 seconds; current allocated memory: 408.398 MB.
INFO: [HLS 200-10] ----------------------------------------------------------------
INFO: [HLS 200-42] -- Implementing module 'compute_expert_Pipeline_VITIS_LOOP_20_1_VITIS_LOOP_31_3' 
INFO: [HLS 200-10] ----------------------------------------------------------------
INFO: [SCHED 204-11] Starting scheduling ...
INFO: [SCHED 204-61] Pipelining loop 'VITIS_LOOP_20_1_VITIS_LOOP_31_3'.
WARNING: [HLS 200-880] The II Violation in module 'compute_expert_Pipeline_VITIS_LOOP_20_1_VITIS_LOOP_31_3' (loop 'VITIS_LOOP_20_1_VITIS_LOOP_31_3'): Unable to enforce a carried dependence constraint (II = 1, distance = 1, offset = 1) between bus read operation ('gmem3_addr_read_7', /home/simics/HMoE/HLS_HMoE/pseudo_block/run_4/src/pseudo_moe.cpp:37) on port 'gmem3' (/home/simics/HMoE/HLS_HMoE/pseudo_block/run_4/src/pseudo_moe.cpp:37) and bus read operation ('gmem3_addr_read', /home/simics/HMoE/HLS_HMoE/pseudo_block/run_4/src/pseudo_moe.cpp:37) on port 'gmem3' (/home/simics/HMoE/HLS_HMoE/pseudo_block/run_4/src/pseudo_moe.cpp:37).
WARNING: [HLS 200-880] The II Violation in module 'compute_expert_Pipeline_VITIS_LOOP_20_1_VITIS_LOOP_31_3' (loop 'VITIS_LOOP_20_1_VITIS_LOOP_31_3'): Unable to enforce a carried dependence constraint (II = 2, distance = 1, offset = 1) between bus read operation ('gmem3_addr_read_7', /home/simics/HMoE/HLS_HMoE/pseudo_block/run_4/src/pseudo_moe.cpp:37) on port 'gmem3' (/home/simics/HMoE/HLS_HMoE/pseudo_block/run_4/src/pseudo_moe.cpp:37) and bus read operation ('gmem3_addr_read', /home/simics/HMoE/HLS_HMoE/pseudo_block/run_4/src/pseudo_moe.cpp:37) on port 'gmem3' (/home/simics/HMoE/HLS_HMoE/pseudo_block/run_4/src/pseudo_moe.cpp:37).
WARNING: [HLS 200-880] The II Violation in module 'compute_expert_Pipeline_VITIS_LOOP_20_1_VITIS_LOOP_31_3' (loop 'VITIS_LOOP_20_1_VITIS_LOOP_31_3'): Unable to enforce a carried dependence constraint (II = 3, distance = 1, offset = 1) between bus read operation ('gmem3_addr_read_7', /home/simics/HMoE/HLS_HMoE/pseudo_block/run_4/src/pseudo_moe.cpp:37) on port 'gmem3' (/home/simics/HMoE/HLS_HMoE/pseudo_block/run_4/src/pseudo_moe.cpp:37) and bus read operation ('gmem3_addr_read', /home/simics/HMoE/HLS_HMoE/pseudo_block/run_4/src/pseudo_moe.cpp:37) on port 'gmem3' (/home/simics/HMoE/HLS_HMoE/pseudo_block/run_4/src/pseudo_moe.cpp:37).
WARNING: [HLS 200-880] The II Violation in module 'compute_expert_Pipeline_VITIS_LOOP_20_1_VITIS_LOOP_31_3' (loop 'VITIS_LOOP_20_1_VITIS_LOOP_31_3'): Unable to enforce a carried dependence constraint (II = 4, distance = 1, offset = 1) between bus read operation ('gmem3_addr_read_7', /home/simics/HMoE/HLS_HMoE/pseudo_block/run_4/src/pseudo_moe.cpp:37) on port 'gmem3' (/home/simics/HMoE/HLS_HMoE/pseudo_block/run_4/src/pseudo_moe.cpp:37) and bus read operation ('gmem3_addr_read', /home/simics/HMoE/HLS_HMoE/pseudo_block/run_4/src/pseudo_moe.cpp:37) on port 'gmem3' (/home/simics/HMoE/HLS_HMoE/pseudo_block/run_4/src/pseudo_moe.cpp:37).
WARNING: [HLS 200-880] The II Violation in module 'compute_expert_Pipeline_VITIS_LOOP_20_1_VITIS_LOOP_31_3' (loop 'VITIS_LOOP_20_1_VITIS_LOOP_31_3'): Unable to enforce a carried dependence constraint (II = 7, distance = 1, offset = 1) between bus read operation ('gmem3_addr_read_7', /home/simics/HMoE/HLS_HMoE/pseudo_block/run_4/src/pseudo_moe.cpp:37) on port 'gmem3' (/home/simics/HMoE/HLS_HMoE/pseudo_block/run_4/src/pseudo_moe.cpp:37) and bus read operation ('gmem3_addr_read', /home/simics/HMoE/HLS_HMoE/pseudo_block/run_4/src/pseudo_moe.cpp:37) on port 'gmem3' (/home/simics/HMoE/HLS_HMoE/pseudo_block/run_4/src/pseudo_moe.cpp:37).
INFO: [HLS 200-1470] Pipelining result : Target II = 1, Final II = 8, Depth = 31, loop 'VITIS_LOOP_20_1_VITIS_LOOP_31_3'
INFO: [SCHED 204-11] Finished scheduling.
INFO: [HLS 200-111] Finished Scheduling: CPU user time: 0.13 seconds. CPU system time: 0 seconds. Elapsed time: 0.14 seconds; current allocated memory: 410.344 MB.
INFO: [BIND 205-100] Starting micro-architecture generation ...
INFO: [BIND 205-101] Performing variable lifetime analysis.
INFO: [BIND 205-101] Exploring resource sharing.
INFO: [BIND 205-101] Binding ...
INFO: [BIND 205-100] Finished micro-architecture generation.
INFO: [HLS 200-111] Finished Binding: CPU user time: 0.02 seconds. CPU system time: 0 seconds. Elapsed time: 0.03 seconds; current allocated memory: 410.344 MB.
INFO: [HLS 200-10] ----------------------------------------------------------------
INFO: [HLS 200-42] -- Implementing module 'compute_expert' 
INFO: [HLS 200-10] ----------------------------------------------------------------
INFO: [SCHED 204-11] Starting scheduling ...
INFO: [SCHED 204-11] Finished scheduling.
INFO: [HLS 200-111] Finished Scheduling: CPU user time: 0.03 seconds. CPU system time: 0 seconds. Elapsed time: 0.03 seconds; current allocated memory: 410.484 MB.
INFO: [BIND 205-100] Starting micro-architecture generation ...
INFO: [BIND 205-101] Performing variable lifetime analysis.
INFO: [BIND 205-101] Exploring resource sharing.
INFO: [BIND 205-101] Binding ...
INFO: [BIND 205-100] Finished micro-architecture generation.
INFO: [HLS 200-111] Finished Binding: CPU user time: 0.02 seconds. CPU system time: 0 seconds. Elapsed time: 0.02 seconds; current allocated memory: 410.484 MB.
INFO: [HLS 200-10] ----------------------------------------------------------------
INFO: [HLS 200-42] -- Implementing module 'pseudo_moe_Pipeline_VITIS_LOOP_128_7' 
INFO: [HLS 200-10] ----------------------------------------------------------------
INFO: [SCHED 204-11] Starting scheduling ...
INFO: [SCHED 204-61] Pipelining loop 'VITIS_LOOP_128_7'.
WARNING: [HLS 200-880] The II Violation in module 'pseudo_moe_Pipeline_VITIS_LOOP_128_7' (loop 'VITIS_LOOP_128_7'): Unable to enforce a carried dependence constraint (II = 1, distance = 1, offset = 1) between bus response operation ('gmem12_addr_1_resp', /home/simics/HMoE/HLS_HMoE/pseudo_block/run_4/src/pseudo_moe.cpp:129) on port 'gmem12' (/home/simics/HMoE/HLS_HMoE/pseudo_block/run_4/src/pseudo_moe.cpp:129) and bus request operation ('gmem12_load_req', /home/simics/HMoE/HLS_HMoE/pseudo_block/run_4/src/pseudo_moe.cpp:129) on port 'gmem12' (/home/simics/HMoE/HLS_HMoE/pseudo_block/run_4/src/pseudo_moe.cpp:129).
WARNING: [HLS 200-880] The II Violation in module 'pseudo_moe_Pipeline_VITIS_LOOP_128_7' (loop 'VITIS_LOOP_128_7'): Unable to enforce a carried dependence constraint (II = 2, distance = 1, offset = 1) between bus response operation ('gmem12_addr_1_resp', /home/simics/HMoE/HLS_HMoE/pseudo_block/run_4/src/pseudo_moe.cpp:129) on port 'gmem12' (/home/simics/HMoE/HLS_HMoE/pseudo_block/run_4/src/pseudo_moe.cpp:129) and bus request operation ('gmem12_load_req', /home/simics/HMoE/HLS_HMoE/pseudo_block/run_4/src/pseudo_moe.cpp:129) on port 'gmem12' (/home/simics/HMoE/HLS_HMoE/pseudo_block/run_4/src/pseudo_moe.cpp:129).
WARNING: [HLS 200-880] The II Violation in module 'pseudo_moe_Pipeline_VITIS_LOOP_128_7' (loop 'VITIS_LOOP_128_7'): Unable to enforce a carried dependence constraint (II = 3, distance = 1, offset = 1) between bus response operation ('gmem12_addr_1_resp', /home/simics/HMoE/HLS_HMoE/pseudo_block/run_4/src/pseudo_moe.cpp:129) on port 'gmem12' (/home/simics/HMoE/HLS_HMoE/pseudo_block/run_4/src/pseudo_moe.cpp:129) and bus request operation ('gmem12_load_req', /home/simics/HMoE/HLS_HMoE/pseudo_block/run_4/src/pseudo_moe.cpp:129) on port 'gmem12' (/home/simics/HMoE/HLS_HMoE/pseudo_block/run_4/src/pseudo_moe.cpp:129).
WARNING: [HLS 200-880] The II Violation in module 'pseudo_moe_Pipeline_VITIS_LOOP_128_7' (loop 'VITIS_LOOP_128_7'): Unable to enforce a carried dependence constraint (II = 4, distance = 1, offset = 1) between bus response operation ('gmem12_addr_1_resp', /home/simics/HMoE/HLS_HMoE/pseudo_block/run_4/src/pseudo_moe.cpp:129) on port 'gmem12' (/home/simics/HMoE/HLS_HMoE/pseudo_block/run_4/src/pseudo_moe.cpp:129) and bus request operation ('gmem12_load_req', /home/simics/HMoE/HLS_HMoE/pseudo_block/run_4/src/pseudo_moe.cpp:129) on port 'gmem12' (/home/simics/HMoE/HLS_HMoE/pseudo_block/run_4/src/pseudo_moe.cpp:129).
WARNING: [HLS 200-880] The II Violation in module 'pseudo_moe_Pipeline_VITIS_LOOP_128_7' (loop 'VITIS_LOOP_128_7'): Unable to enforce a carried dependence constraint (II = 11, distance = 1, offset = 1) between bus response operation ('gmem12_addr_1_resp', /home/simics/HMoE/HLS_HMoE/pseudo_block/run_4/src/pseudo_moe.cpp:129) on port 'gmem12' (/home/simics/HMoE/HLS_HMoE/pseudo_block/run_4/src/pseudo_moe.cpp:129) and bus request operation ('gmem12_load_req', /home/simics/HMoE/HLS_HMoE/pseudo_block/run_4/src/pseudo_moe.cpp:129) on port 'gmem12' (/home/simics/HMoE/HLS_HMoE/pseudo_block/run_4/src/pseudo_moe.cpp:129).
WARNING: [HLS 200-880] The II Violation in module 'pseudo_moe_Pipeline_VITIS_LOOP_128_7' (loop 'VITIS_LOOP_128_7'): Unable to enforce a carried dependence constraint (II = 15, distance = 1, offset = 1) between bus response operation ('gmem12_addr_1_resp', /home/simics/HMoE/HLS_HMoE/pseudo_block/run_4/src/pseudo_moe.cpp:129) on port 'gmem12' (/home/simics/HMoE/HLS_HMoE/pseudo_block/run_4/src/pseudo_moe.cpp:129) and bus request operation ('gmem12_load_req', /home/simics/HMoE/HLS_HMoE/pseudo_block/run_4/src/pseudo_moe.cpp:129) on port 'gmem12' (/home/simics/HMoE/HLS_HMoE/pseudo_block/run_4/src/pseudo_moe.cpp:129).
WARNING: [HLS 200-880] The II Violation in module 'pseudo_moe_Pipeline_VITIS_LOOP_128_7' (loop 'VITIS_LOOP_128_7'): Unable to enforce a carried dependence constraint (II = 16, distance = 1, offset = 1) between bus response operation ('gmem12_addr_1_resp', /home/simics/HMoE/HLS_HMoE/pseudo_block/run_4/src/pseudo_moe.cpp:129) on port 'gmem12' (/home/simics/HMoE/HLS_HMoE/pseudo_block/run_4/src/pseudo_moe.cpp:129) and bus request operation ('gmem12_load_req', /home/simics/HMoE/HLS_HMoE/pseudo_block/run_4/src/pseudo_moe.cpp:129) on port 'gmem12' (/home/simics/HMoE/HLS_HMoE/pseudo_block/run_4/src/pseudo_moe.cpp:129).
INFO: [HLS 200-1470] Pipelining result : Target II = NA, Final II = 17, Depth = 18, loop 'VITIS_LOOP_128_7'
INFO: [SCHED 204-11] Finished scheduling.
INFO: [HLS 200-111] Finished Scheduling: CPU user time: 0.04 seconds. CPU system time: 0 seconds. Elapsed time: 0.05 seconds; current allocated memory: 411.121 MB.
INFO: [BIND 205-100] Starting micro-architecture generation ...
INFO: [BIND 205-101] Performing variable lifetime analysis.
INFO: [BIND 205-101] Exploring resource sharing.
INFO: [BIND 205-101] Binding ...
INFO: [BIND 205-100] Finished micro-architecture generation.
INFO: [HLS 200-111] Finished Binding: CPU user time: 0.02 seconds. CPU system time: 0 seconds. Elapsed time: 0.02 seconds; current allocated memory: 411.121 MB.
INFO: [HLS 200-10] ----------------------------------------------------------------
INFO: [HLS 200-42] -- Implementing module 'pseudo_moe_Pipeline_VITIS_LOOP_136_8' 
INFO: [HLS 200-10] ----------------------------------------------------------------
INFO: [SCHED 204-11] Starting scheduling ...
INFO: [SCHED 204-61] Pipelining loop 'VITIS_LOOP_136_8'.
WARNING: [HLS 200-880] The II Violation in module 'pseudo_moe_Pipeline_VITIS_LOOP_136_8' (loop 'VITIS_LOOP_136_8'): Unable to enforce a carried dependence constraint (II = 1, distance = 1, offset = 1) between bus response operation ('gmem12_addr_2_resp', /home/simics/HMoE/HLS_HMoE/pseudo_block/run_4/src/pseudo_moe.cpp:137) on port 'gmem12' (/home/simics/HMoE/HLS_HMoE/pseudo_block/run_4/src/pseudo_moe.cpp:137) and bus request operation ('gmem12_load_1_req', /home/simics/HMoE/HLS_HMoE/pseudo_block/run_4/src/pseudo_moe.cpp:137) on port 'gmem12' (/home/simics/HMoE/HLS_HMoE/pseudo_block/run_4/src/pseudo_moe.cpp:137).
WARNING: [HLS 200-880] The II Violation in module 'pseudo_moe_Pipeline_VITIS_LOOP_136_8' (loop 'VITIS_LOOP_136_8'): Unable to enforce a carried dependence constraint (II = 2, distance = 1, offset = 1) between bus response operation ('gmem12_addr_2_resp', /home/simics/HMoE/HLS_HMoE/pseudo_block/run_4/src/pseudo_moe.cpp:137) on port 'gmem12' (/home/simics/HMoE/HLS_HMoE/pseudo_block/run_4/src/pseudo_moe.cpp:137) and bus request operation ('gmem12_load_1_req', /home/simics/HMoE/HLS_HMoE/pseudo_block/run_4/src/pseudo_moe.cpp:137) on port 'gmem12' (/home/simics/HMoE/HLS_HMoE/pseudo_block/run_4/src/pseudo_moe.cpp:137).
WARNING: [HLS 200-880] The II Violation in module 'pseudo_moe_Pipeline_VITIS_LOOP_136_8' (loop 'VITIS_LOOP_136_8'): Unable to enforce a carried dependence constraint (II = 3, distance = 1, offset = 1) between bus response operation ('gmem12_addr_2_resp', /home/simics/HMoE/HLS_HMoE/pseudo_block/run_4/src/pseudo_moe.cpp:137) on port 'gmem12' (/home/simics/HMoE/HLS_HMoE/pseudo_block/run_4/src/pseudo_moe.cpp:137) and bus request operation ('gmem12_load_1_req', /home/simics/HMoE/HLS_HMoE/pseudo_block/run_4/src/pseudo_moe.cpp:137) on port 'gmem12' (/home/simics/HMoE/HLS_HMoE/pseudo_block/run_4/src/pseudo_moe.cpp:137).
WARNING: [HLS 200-880] The II Violation in module 'pseudo_moe_Pipeline_VITIS_LOOP_136_8' (loop 'VITIS_LOOP_136_8'): Unable to enforce a carried dependence constraint (II = 4, distance = 1, offset = 1) between bus response operation ('gmem12_addr_2_resp', /home/simics/HMoE/HLS_HMoE/pseudo_block/run_4/src/pseudo_moe.cpp:137) on port 'gmem12' (/home/simics/HMoE/HLS_HMoE/pseudo_block/run_4/src/pseudo_moe.cpp:137) and bus request operation ('gmem12_load_1_req', /home/simics/HMoE/HLS_HMoE/pseudo_block/run_4/src/pseudo_moe.cpp:137) on port 'gmem12' (/home/simics/HMoE/HLS_HMoE/pseudo_block/run_4/src/pseudo_moe.cpp:137).
WARNING: [HLS 200-880] The II Violation in module 'pseudo_moe_Pipeline_VITIS_LOOP_136_8' (loop 'VITIS_LOOP_136_8'): Unable to enforce a carried dependence constraint (II = 11, distance = 1, offset = 1) between bus response operation ('gmem12_addr_2_resp', /home/simics/HMoE/HLS_HMoE/pseudo_block/run_4/src/pseudo_moe.cpp:137) on port 'gmem12' (/home/simics/HMoE/HLS_HMoE/pseudo_block/run_4/src/pseudo_moe.cpp:137) and bus request operation ('gmem12_load_1_req', /home/simics/HMoE/HLS_HMoE/pseudo_block/run_4/src/pseudo_moe.cpp:137) on port 'gmem12' (/home/simics/HMoE/HLS_HMoE/pseudo_block/run_4/src/pseudo_moe.cpp:137).
WARNING: [HLS 200-880] The II Violation in module 'pseudo_moe_Pipeline_VITIS_LOOP_136_8' (loop 'VITIS_LOOP_136_8'): Unable to enforce a carried dependence constraint (II = 15, distance = 1, offset = 1) between bus response operation ('gmem12_addr_2_resp', /home/simics/HMoE/HLS_HMoE/pseudo_block/run_4/src/pseudo_moe.cpp:137) on port 'gmem12' (/home/simics/HMoE/HLS_HMoE/pseudo_block/run_4/src/pseudo_moe.cpp:137) and bus request operation ('gmem12_load_1_req', /home/simics/HMoE/HLS_HMoE/pseudo_block/run_4/src/pseudo_moe.cpp:137) on port 'gmem12' (/home/simics/HMoE/HLS_HMoE/pseudo_block/run_4/src/pseudo_moe.cpp:137).
WARNING: [HLS 200-880] The II Violation in module 'pseudo_moe_Pipeline_VITIS_LOOP_136_8' (loop 'VITIS_LOOP_136_8'): Unable to enforce a carried dependence constraint (II = 16, distance = 1, offset = 1) between bus response operation ('gmem12_addr_2_resp', /home/simics/HMoE/HLS_HMoE/pseudo_block/run_4/src/pseudo_moe.cpp:137) on port 'gmem12' (/home/simics/HMoE/HLS_HMoE/pseudo_block/run_4/src/pseudo_moe.cpp:137) and bus request operation ('gmem12_load_1_req', /home/simics/HMoE/HLS_HMoE/pseudo_block/run_4/src/pseudo_moe.cpp:137) on port 'gmem12' (/home/simics/HMoE/HLS_HMoE/pseudo_block/run_4/src/pseudo_moe.cpp:137).
INFO: [HLS 200-1470] Pipelining result : Target II = NA, Final II = 17, Depth = 18, loop 'VITIS_LOOP_136_8'
INFO: [SCHED 204-11] Finished scheduling.
INFO: [HLS 200-111] Finished Scheduling: CPU user time: 0.05 seconds. CPU system time: 0 seconds. Elapsed time: 0.05 seconds; current allocated memory: 411.570 MB.
INFO: [BIND 205-100] Starting micro-architecture generation ...
INFO: [BIND 205-101] Performing variable lifetime analysis.
INFO: [BIND 205-101] Exploring resource sharing.
INFO: [BIND 205-101] Binding ...
INFO: [BIND 205-100] Finished micro-architecture generation.
INFO: [HLS 200-111] Finished Binding: CPU user time: 0.02 seconds. CPU system time: 0 seconds. Elapsed time: 0.02 seconds; current allocated memory: 411.570 MB.
INFO: [HLS 200-10] ----------------------------------------------------------------
INFO: [HLS 200-42] -- Implementing module 'pseudo_moe_Pipeline_VITIS_LOOP_144_9' 
INFO: [HLS 200-10] ----------------------------------------------------------------
INFO: [SCHED 204-11] Starting scheduling ...
INFO: [SCHED 204-61] Pipelining loop 'VITIS_LOOP_144_9'.
WARNING: [HLS 200-880] The II Violation in module 'pseudo_moe_Pipeline_VITIS_LOOP_144_9' (loop 'VITIS_LOOP_144_9'): Unable to enforce a carried dependence constraint (II = 1, distance = 1, offset = 1) between bus response operation ('gmem12_addr_3_resp', /home/simics/HMoE/HLS_HMoE/pseudo_block/run_4/src/pseudo_moe.cpp:145) on port 'gmem12' (/home/simics/HMoE/HLS_HMoE/pseudo_block/run_4/src/pseudo_moe.cpp:145) and bus request operation ('gmem12_load_2_req', /home/simics/HMoE/HLS_HMoE/pseudo_block/run_4/src/pseudo_moe.cpp:145) on port 'gmem12' (/home/simics/HMoE/HLS_HMoE/pseudo_block/run_4/src/pseudo_moe.cpp:145).
WARNING: [HLS 200-880] The II Violation in module 'pseudo_moe_Pipeline_VITIS_LOOP_144_9' (loop 'VITIS_LOOP_144_9'): Unable to enforce a carried dependence constraint (II = 2, distance = 1, offset = 1) between bus response operation ('gmem12_addr_3_resp', /home/simics/HMoE/HLS_HMoE/pseudo_block/run_4/src/pseudo_moe.cpp:145) on port 'gmem12' (/home/simics/HMoE/HLS_HMoE/pseudo_block/run_4/src/pseudo_moe.cpp:145) and bus request operation ('gmem12_load_2_req', /home/simics/HMoE/HLS_HMoE/pseudo_block/run_4/src/pseudo_moe.cpp:145) on port 'gmem12' (/home/simics/HMoE/HLS_HMoE/pseudo_block/run_4/src/pseudo_moe.cpp:145).
WARNING: [HLS 200-880] The II Violation in module 'pseudo_moe_Pipeline_VITIS_LOOP_144_9' (loop 'VITIS_LOOP_144_9'): Unable to enforce a carried dependence constraint (II = 3, distance = 1, offset = 1) between bus response operation ('gmem12_addr_3_resp', /home/simics/HMoE/HLS_HMoE/pseudo_block/run_4/src/pseudo_moe.cpp:145) on port 'gmem12' (/home/simics/HMoE/HLS_HMoE/pseudo_block/run_4/src/pseudo_moe.cpp:145) and bus request operation ('gmem12_load_2_req', /home/simics/HMoE/HLS_HMoE/pseudo_block/run_4/src/pseudo_moe.cpp:145) on port 'gmem12' (/home/simics/HMoE/HLS_HMoE/pseudo_block/run_4/src/pseudo_moe.cpp:145).
WARNING: [HLS 200-880] The II Violation in module 'pseudo_moe_Pipeline_VITIS_LOOP_144_9' (loop 'VITIS_LOOP_144_9'): Unable to enforce a carried dependence constraint (II = 4, distance = 1, offset = 1) between bus response operation ('gmem12_addr_3_resp', /home/simics/HMoE/HLS_HMoE/pseudo_block/run_4/src/pseudo_moe.cpp:145) on port 'gmem12' (/home/simics/HMoE/HLS_HMoE/pseudo_block/run_4/src/pseudo_moe.cpp:145) and bus request operation ('gmem12_load_2_req', /home/simics/HMoE/HLS_HMoE/pseudo_block/run_4/src/pseudo_moe.cpp:145) on port 'gmem12' (/home/simics/HMoE/HLS_HMoE/pseudo_block/run_4/src/pseudo_moe.cpp:145).
WARNING: [HLS 200-880] The II Violation in module 'pseudo_moe_Pipeline_VITIS_LOOP_144_9' (loop 'VITIS_LOOP_144_9'): Unable to enforce a carried dependence constraint (II = 11, distance = 1, offset = 1) between bus response operation ('gmem12_addr_3_resp', /home/simics/HMoE/HLS_HMoE/pseudo_block/run_4/src/pseudo_moe.cpp:145) on port 'gmem12' (/home/simics/HMoE/HLS_HMoE/pseudo_block/run_4/src/pseudo_moe.cpp:145) and bus request operation ('gmem12_load_2_req', /home/simics/HMoE/HLS_HMoE/pseudo_block/run_4/src/pseudo_moe.cpp:145) on port 'gmem12' (/home/simics/HMoE/HLS_HMoE/pseudo_block/run_4/src/pseudo_moe.cpp:145).
WARNING: [HLS 200-880] The II Violation in module 'pseudo_moe_Pipeline_VITIS_LOOP_144_9' (loop 'VITIS_LOOP_144_9'): Unable to enforce a carried dependence constraint (II = 15, distance = 1, offset = 1) between bus response operation ('gmem12_addr_3_resp', /home/simics/HMoE/HLS_HMoE/pseudo_block/run_4/src/pseudo_moe.cpp:145) on port 'gmem12' (/home/simics/HMoE/HLS_HMoE/pseudo_block/run_4/src/pseudo_moe.cpp:145) and bus request operation ('gmem12_load_2_req', /home/simics/HMoE/HLS_HMoE/pseudo_block/run_4/src/pseudo_moe.cpp:145) on port 'gmem12' (/home/simics/HMoE/HLS_HMoE/pseudo_block/run_4/src/pseudo_moe.cpp:145).
WARNING: [HLS 200-880] The II Violation in module 'pseudo_moe_Pipeline_VITIS_LOOP_144_9' (loop 'VITIS_LOOP_144_9'): Unable to enforce a carried dependence constraint (II = 16, distance = 1, offset = 1) between bus response operation ('gmem12_addr_3_resp', /home/simics/HMoE/HLS_HMoE/pseudo_block/run_4/src/pseudo_moe.cpp:145) on port 'gmem12' (/home/simics/HMoE/HLS_HMoE/pseudo_block/run_4/src/pseudo_moe.cpp:145) and bus request operation ('gmem12_load_2_req', /home/simics/HMoE/HLS_HMoE/pseudo_block/run_4/src/pseudo_moe.cpp:145) on port 'gmem12' (/home/simics/HMoE/HLS_HMoE/pseudo_block/run_4/src/pseudo_moe.cpp:145).
INFO: [HLS 200-1470] Pipelining result : Target II = NA, Final II = 17, Depth = 18, loop 'VITIS_LOOP_144_9'
INFO: [SCHED 204-11] Finished scheduling.
INFO: [HLS 200-111] Finished Scheduling: CPU user time: 0.05 seconds. CPU system time: 0 seconds. Elapsed time: 0.05 seconds; current allocated memory: 412.168 MB.
INFO: [BIND 205-100] Starting micro-architecture generation ...
INFO: [BIND 205-101] Performing variable lifetime analysis.
INFO: [BIND 205-101] Exploring resource sharing.
INFO: [BIND 205-101] Binding ...
INFO: [BIND 205-100] Finished micro-architecture generation.
INFO: [HLS 200-111] Finished Binding: CPU user time: 0.02 seconds. CPU system time: 0 seconds. Elapsed time: 0.02 seconds; current allocated memory: 412.168 MB.
INFO: [HLS 200-10] ----------------------------------------------------------------
INFO: [HLS 200-42] -- Implementing module 'pseudo_moe_Pipeline_VITIS_LOOP_152_10' 
INFO: [HLS 200-10] ----------------------------------------------------------------
INFO: [SCHED 204-11] Starting scheduling ...
INFO: [SCHED 204-61] Pipelining loop 'VITIS_LOOP_152_10'.
WARNING: [HLS 200-880] The II Violation in module 'pseudo_moe_Pipeline_VITIS_LOOP_152_10' (loop 'VITIS_LOOP_152_10'): Unable to enforce a carried dependence constraint (II = 1, distance = 1, offset = 1) between bus response operation ('gmem12_addr_4_resp', /home/simics/HMoE/HLS_HMoE/pseudo_block/run_4/src/pseudo_moe.cpp:153) on port 'gmem12' (/home/simics/HMoE/HLS_HMoE/pseudo_block/run_4/src/pseudo_moe.cpp:153) and bus request operation ('gmem12_load_3_req', /home/simics/HMoE/HLS_HMoE/pseudo_block/run_4/src/pseudo_moe.cpp:153) on port 'gmem12' (/home/simics/HMoE/HLS_HMoE/pseudo_block/run_4/src/pseudo_moe.cpp:153).
WARNING: [HLS 200-880] The II Violation in module 'pseudo_moe_Pipeline_VITIS_LOOP_152_10' (loop 'VITIS_LOOP_152_10'): Unable to enforce a carried dependence constraint (II = 2, distance = 1, offset = 1) between bus response operation ('gmem12_addr_4_resp', /home/simics/HMoE/HLS_HMoE/pseudo_block/run_4/src/pseudo_moe.cpp:153) on port 'gmem12' (/home/simics/HMoE/HLS_HMoE/pseudo_block/run_4/src/pseudo_moe.cpp:153) and bus request operation ('gmem12_load_3_req', /home/simics/HMoE/HLS_HMoE/pseudo_block/run_4/src/pseudo_moe.cpp:153) on port 'gmem12' (/home/simics/HMoE/HLS_HMoE/pseudo_block/run_4/src/pseudo_moe.cpp:153).
WARNING: [HLS 200-880] The II Violation in module 'pseudo_moe_Pipeline_VITIS_LOOP_152_10' (loop 'VITIS_LOOP_152_10'): Unable to enforce a carried dependence constraint (II = 3, distance = 1, offset = 1) between bus response operation ('gmem12_addr_4_resp', /home/simics/HMoE/HLS_HMoE/pseudo_block/run_4/src/pseudo_moe.cpp:153) on port 'gmem12' (/home/simics/HMoE/HLS_HMoE/pseudo_block/run_4/src/pseudo_moe.cpp:153) and bus request operation ('gmem12_load_3_req', /home/simics/HMoE/HLS_HMoE/pseudo_block/run_4/src/pseudo_moe.cpp:153) on port 'gmem12' (/home/simics/HMoE/HLS_HMoE/pseudo_block/run_4/src/pseudo_moe.cpp:153).
WARNING: [HLS 200-880] The II Violation in module 'pseudo_moe_Pipeline_VITIS_LOOP_152_10' (loop 'VITIS_LOOP_152_10'): Unable to enforce a carried dependence constraint (II = 4, distance = 1, offset = 1) between bus response operation ('gmem12_addr_4_resp', /home/simics/HMoE/HLS_HMoE/pseudo_block/run_4/src/pseudo_moe.cpp:153) on port 'gmem12' (/home/simics/HMoE/HLS_HMoE/pseudo_block/run_4/src/pseudo_moe.cpp:153) and bus request operation ('gmem12_load_3_req', /home/simics/HMoE/HLS_HMoE/pseudo_block/run_4/src/pseudo_moe.cpp:153) on port 'gmem12' (/home/simics/HMoE/HLS_HMoE/pseudo_block/run_4/src/pseudo_moe.cpp:153).
WARNING: [HLS 200-880] The II Violation in module 'pseudo_moe_Pipeline_VITIS_LOOP_152_10' (loop 'VITIS_LOOP_152_10'): Unable to enforce a carried dependence constraint (II = 11, distance = 1, offset = 1) between bus response operation ('gmem12_addr_4_resp', /home/simics/HMoE/HLS_HMoE/pseudo_block/run_4/src/pseudo_moe.cpp:153) on port 'gmem12' (/home/simics/HMoE/HLS_HMoE/pseudo_block/run_4/src/pseudo_moe.cpp:153) and bus request operation ('gmem12_load_3_req', /home/simics/HMoE/HLS_HMoE/pseudo_block/run_4/src/pseudo_moe.cpp:153) on port 'gmem12' (/home/simics/HMoE/HLS_HMoE/pseudo_block/run_4/src/pseudo_moe.cpp:153).
WARNING: [HLS 200-880] The II Violation in module 'pseudo_moe_Pipeline_VITIS_LOOP_152_10' (loop 'VITIS_LOOP_152_10'): Unable to enforce a carried dependence constraint (II = 15, distance = 1, offset = 1) between bus response operation ('gmem12_addr_4_resp', /home/simics/HMoE/HLS_HMoE/pseudo_block/run_4/src/pseudo_moe.cpp:153) on port 'gmem12' (/home/simics/HMoE/HLS_HMoE/pseudo_block/run_4/src/pseudo_moe.cpp:153) and bus request operation ('gmem12_load_3_req', /home/simics/HMoE/HLS_HMoE/pseudo_block/run_4/src/pseudo_moe.cpp:153) on port 'gmem12' (/home/simics/HMoE/HLS_HMoE/pseudo_block/run_4/src/pseudo_moe.cpp:153).
WARNING: [HLS 200-880] The II Violation in module 'pseudo_moe_Pipeline_VITIS_LOOP_152_10' (loop 'VITIS_LOOP_152_10'): Unable to enforce a carried dependence constraint (II = 16, distance = 1, offset = 1) between bus response operation ('gmem12_addr_4_resp', /home/simics/HMoE/HLS_HMoE/pseudo_block/run_4/src/pseudo_moe.cpp:153) on port 'gmem12' (/home/simics/HMoE/HLS_HMoE/pseudo_block/run_4/src/pseudo_moe.cpp:153) and bus request operation ('gmem12_load_3_req', /home/simics/HMoE/HLS_HMoE/pseudo_block/run_4/src/pseudo_moe.cpp:153) on port 'gmem12' (/home/simics/HMoE/HLS_HMoE/pseudo_block/run_4/src/pseudo_moe.cpp:153).
INFO: [HLS 200-1470] Pipelining result : Target II = NA, Final II = 17, Depth = 18, loop 'VITIS_LOOP_152_10'
INFO: [SCHED 204-11] Finished scheduling.
INFO: [HLS 200-111] Finished Scheduling: CPU user time: 0.05 seconds. CPU system time: 0 seconds. Elapsed time: 0.05 seconds; current allocated memory: 412.668 MB.
INFO: [BIND 205-100] Starting micro-architecture generation ...
INFO: [BIND 205-101] Performing variable lifetime analysis.
INFO: [BIND 205-101] Exploring resource sharing.
INFO: [BIND 205-101] Binding ...
INFO: [BIND 205-100] Finished micro-architecture generation.
INFO: [HLS 200-111] Finished Binding: CPU user time: 0.03 seconds. CPU system time: 0 seconds. Elapsed time: 0.02 seconds; current allocated memory: 412.668 MB.
INFO: [HLS 200-10] ----------------------------------------------------------------
INFO: [HLS 200-42] -- Implementing module 'pseudo_moe' 
INFO: [HLS 200-10] ----------------------------------------------------------------
INFO: [SCHED 204-11] Starting scheduling ...
INFO: [SCHED 204-11] Finished scheduling.
INFO: [HLS 200-111] Finished Scheduling: CPU user time: 0.07 seconds. CPU system time: 0.01 seconds. Elapsed time: 0.08 seconds; current allocated memory: 414.031 MB.
INFO: [BIND 205-100] Starting micro-architecture generation ...
INFO: [BIND 205-101] Performing variable lifetime analysis.
INFO: [BIND 205-101] Exploring resource sharing.
INFO: [BIND 205-101] Binding ...
INFO: [BIND 205-100] Finished micro-architecture generation.
INFO: [HLS 200-111] Finished Binding: CPU user time: 0.04 seconds. CPU system time: 0 seconds. Elapsed time: 0.04 seconds; current allocated memory: 414.031 MB.
INFO: [HLS 200-10] ----------------------------------------------------------------
INFO: [HLS 200-10] -- Generating RTL for module 'pseudo_moe_Pipeline_VITIS_LOOP_94_2' 
INFO: [HLS 200-10] ----------------------------------------------------------------
INFO: [HLS 200-1030] Apply Unified Pipeline Control on module 'pseudo_moe_Pipeline_VITIS_LOOP_94_2' pipeline 'VITIS_LOOP_94_2' pipeline type 'loop pipeline'
WARNING: [RTGEN 206-101] Setting dangling out port 'pseudo_moe_Pipeline_VITIS_LOOP_94_2/m_axi_gmem1_ARVALID' to 0.
WARNING: [RTGEN 206-101] Setting dangling out port 'pseudo_moe_Pipeline_VITIS_LOOP_94_2/m_axi_gmem1_ARADDR' to 0.
WARNING: [RTGEN 206-101] Setting dangling out port 'pseudo_moe_Pipeline_VITIS_LOOP_94_2/m_axi_gmem1_ARID' to 0.
WARNING: [RTGEN 206-101] Setting dangling out port 'pseudo_moe_Pipeline_VITIS_LOOP_94_2/m_axi_gmem1_ARLEN' to 0.
WARNING: [RTGEN 206-101] Setting dangling out port 'pseudo_moe_Pipeline_VITIS_LOOP_94_2/m_axi_gmem1_ARSIZE' to 0.
WARNING: [RTGEN 206-101] Setting dangling out port 'pseudo_moe_Pipeline_VITIS_LOOP_94_2/m_axi_gmem1_ARBURST' to 0.
WARNING: [RTGEN 206-101] Setting dangling out port 'pseudo_moe_Pipeline_VITIS_LOOP_94_2/m_axi_gmem1_ARLOCK' to 0.
WARNING: [RTGEN 206-101] Setting dangling out port 'pseudo_moe_Pipeline_VITIS_LOOP_94_2/m_axi_gmem1_ARCACHE' to 0.
WARNING: [RTGEN 206-101] Setting dangling out port 'pseudo_moe_Pipeline_VITIS_LOOP_94_2/m_axi_gmem1_ARPROT' to 0.
WARNING: [RTGEN 206-101] Setting dangling out port 'pseudo_moe_Pipeline_VITIS_LOOP_94_2/m_axi_gmem1_ARQOS' to 0.
WARNING: [RTGEN 206-101] Setting dangling out port 'pseudo_moe_Pipeline_VITIS_LOOP_94_2/m_axi_gmem1_ARREGION' to 0.
WARNING: [RTGEN 206-101] Setting dangling out port 'pseudo_moe_Pipeline_VITIS_LOOP_94_2/m_axi_gmem1_ARUSER' to 0.
WARNING: [RTGEN 206-101] Setting dangling out port 'pseudo_moe_Pipeline_VITIS_LOOP_94_2/m_axi_gmem2_ARVALID' to 0.
WARNING: [RTGEN 206-101] Setting dangling out port 'pseudo_moe_Pipeline_VITIS_LOOP_94_2/m_axi_gmem2_ARADDR' to 0.
WARNING: [RTGEN 206-101] Setting dangling out port 'pseudo_moe_Pipeline_VITIS_LOOP_94_2/m_axi_gmem2_ARID' to 0.
WARNING: [RTGEN 206-101] Setting dangling out port 'pseudo_moe_Pipeline_VITIS_LOOP_94_2/m_axi_gmem2_ARLEN' to 0.
WARNING: [RTGEN 206-101] Setting dangling out port 'pseudo_moe_Pipeline_VITIS_LOOP_94_2/m_axi_gmem2_ARSIZE' to 0.
WARNING: [RTGEN 206-101] Setting dangling out port 'pseudo_moe_Pipeline_VITIS_LOOP_94_2/m_axi_gmem2_ARBURST' to 0.
WARNING: [RTGEN 206-101] Setting dangling out port 'pseudo_moe_Pipeline_VITIS_LOOP_94_2/m_axi_gmem2_ARLOCK' to 0.
WARNING: [RTGEN 206-101] Setting dangling out port 'pseudo_moe_Pipeline_VITIS_LOOP_94_2/m_axi_gmem2_ARCACHE' to 0.
WARNING: [RTGEN 206-101] Setting dangling out port 'pseudo_moe_Pipeline_VITIS_LOOP_94_2/m_axi_gmem2_ARPROT' to 0.
WARNING: [RTGEN 206-101] Setting dangling out port 'pseudo_moe_Pipeline_VITIS_LOOP_94_2/m_axi_gmem2_ARQOS' to 0.
WARNING: [RTGEN 206-101] Setting dangling out port 'pseudo_moe_Pipeline_VITIS_LOOP_94_2/m_axi_gmem2_ARREGION' to 0.
WARNING: [RTGEN 206-101] Setting dangling out port 'pseudo_moe_Pipeline_VITIS_LOOP_94_2/m_axi_gmem2_ARUSER' to 0.
INFO: [RTGEN 206-100] Generating core module 'faddfsub_32ns_32ns_32_2_full_dsp_1': 1 instance(s).
INFO: [RTGEN 206-100] Generating core module 'fcmp_32ns_32ns_1_1_no_dsp_1': 1 instance(s).
INFO: [RTGEN 206-100] Generating core module 'fmul_32ns_32ns_32_2_max_dsp_1': 1 instance(s).
INFO: [RTGEN 206-100] Finished creating RTL model for 'pseudo_moe_Pipeline_VITIS_LOOP_94_2'.
INFO: [HLS 200-111] Finished Creating RTL model: CPU user time: 0.28 seconds. CPU system time: 0.01 seconds. Elapsed time: 0.34 seconds; current allocated memory: 420.141 MB.
INFO: [HLS 200-10] ----------------------------------------------------------------
INFO: [HLS 200-10] -- Generating RTL for module 'pseudo_moe_Pipeline_VITIS_LOOP_111_4' 
INFO: [HLS 200-10] ----------------------------------------------------------------
INFO: [HLS 200-1030] Apply Unified Pipeline Control on module 'pseudo_moe_Pipeline_VITIS_LOOP_111_4' pipeline 'VITIS_LOOP_111_4' pipeline type 'loop pipeline'
INFO: [RTGEN 206-100] Generating core module 'fadd_32ns_32ns_32_2_full_dsp_1': 1 instance(s).
INFO: [RTGEN 206-100] Generating core module 'faddfsub_32ns_32ns_32_2_full_dsp_1': 1 instance(s).
INFO: [RTGEN 206-100] Generating core module 'fexp_32ns_32ns_32_4_full_dsp_1': 1 instance(s).
INFO: [RTGEN 206-100] Generating core module 'mux_4_2_32_1_1': 1 instance(s).
INFO: [RTGEN 206-100] Finished creating RTL model for 'pseudo_moe_Pipeline_VITIS_LOOP_111_4'.
INFO: [HLS 200-111] Finished Creating RTL model: CPU user time: 0.28 seconds. CPU system time: 0.02 seconds. Elapsed time: 0.3 seconds; current allocated memory: 427.996 MB.
INFO: [HLS 200-10] ----------------------------------------------------------------
INFO: [HLS 200-10] -- Generating RTL for module 'pseudo_moe_Pipeline_VITIS_LOOP_116_5' 
INFO: [HLS 200-10] ----------------------------------------------------------------
INFO: [HLS 200-1030] Apply Unified Pipeline Control on module 'pseudo_moe_Pipeline_VITIS_LOOP_116_5' pipeline 'VITIS_LOOP_116_5' pipeline type 'loop pipeline'
WARNING: [RTGEN 206-101] Setting dangling out port 'pseudo_moe_Pipeline_VITIS_LOOP_116_5/m_axi_gmem11_AWVALID' to 0.
WARNING: [RTGEN 206-101] Setting dangling out port 'pseudo_moe_Pipeline_VITIS_LOOP_116_5/m_axi_gmem11_AWADDR' to 0.
WARNING: [RTGEN 206-101] Setting dangling out port 'pseudo_moe_Pipeline_VITIS_LOOP_116_5/m_axi_gmem11_AWID' to 0.
WARNING: [RTGEN 206-101] Setting dangling out port 'pseudo_moe_Pipeline_VITIS_LOOP_116_5/m_axi_gmem11_AWLEN' to 0.
WARNING: [RTGEN 206-101] Setting dangling out port 'pseudo_moe_Pipeline_VITIS_LOOP_116_5/m_axi_gmem11_AWSIZE' to 0.
WARNING: [RTGEN 206-101] Setting dangling out port 'pseudo_moe_Pipeline_VITIS_LOOP_116_5/m_axi_gmem11_AWBURST' to 0.
WARNING: [RTGEN 206-101] Setting dangling out port 'pseudo_moe_Pipeline_VITIS_LOOP_116_5/m_axi_gmem11_AWLOCK' to 0.
WARNING: [RTGEN 206-101] Setting dangling out port 'pseudo_moe_Pipeline_VITIS_LOOP_116_5/m_axi_gmem11_AWCACHE' to 0.
WARNING: [RTGEN 206-101] Setting dangling out port 'pseudo_moe_Pipeline_VITIS_LOOP_116_5/m_axi_gmem11_AWPROT' to 0.
WARNING: [RTGEN 206-101] Setting dangling out port 'pseudo_moe_Pipeline_VITIS_LOOP_116_5/m_axi_gmem11_AWQOS' to 0.
WARNING: [RTGEN 206-101] Setting dangling out port 'pseudo_moe_Pipeline_VITIS_LOOP_116_5/m_axi_gmem11_AWREGION' to 0.
WARNING: [RTGEN 206-101] Setting dangling out port 'pseudo_moe_Pipeline_VITIS_LOOP_116_5/m_axi_gmem11_AWUSER' to 0.
WARNING: [RTGEN 206-101] Setting dangling out port 'pseudo_moe_Pipeline_VITIS_LOOP_116_5/m_axi_gmem11_BREADY' to 0.
INFO: [RTGEN 206-100] Generating core module 'fdiv_32ns_32ns_32_6_no_dsp_1': 1 instance(s).
INFO: [RTGEN 206-100] Generating core module 'mux_4_2_32_1_1': 1 instance(s).
INFO: [RTGEN 206-100] Finished creating RTL model for 'pseudo_moe_Pipeline_VITIS_LOOP_116_5'.
INFO: [HLS 200-111] Finished Creating RTL model: CPU user time: 0.08 seconds. CPU system time: 0 seconds. Elapsed time: 0.08 seconds; current allocated memory: 428.656 MB.
INFO: [HLS 200-10] ----------------------------------------------------------------
INFO: [HLS 200-10] -- Generating RTL for module 'pseudo_moe_Pipeline_VITIS_LOOP_121_6' 
INFO: [HLS 200-10] ----------------------------------------------------------------
INFO: [HLS 200-1030] Apply Unified Pipeline Control on module 'pseudo_moe_Pipeline_VITIS_LOOP_121_6' pipeline 'VITIS_LOOP_121_6' pipeline type 'loop pipeline'
WARNING: [RTGEN 206-101] Setting dangling out port 'pseudo_moe_Pipeline_VITIS_LOOP_121_6/m_axi_gmem12_AWVALID' to 0.
WARNING: [RTGEN 206-101] Setting dangling out port 'pseudo_moe_Pipeline_VITIS_LOOP_121_6/m_axi_gmem12_AWADDR' to 0.
WARNING: [RTGEN 206-101] Setting dangling out port 'pseudo_moe_Pipeline_VITIS_LOOP_121_6/m_axi_gmem12_AWID' to 0.
WARNING: [RTGEN 206-101] Setting dangling out port 'pseudo_moe_Pipeline_VITIS_LOOP_121_6/m_axi_gmem12_AWLEN' to 0.
WARNING: [RTGEN 206-101] Setting dangling out port 'pseudo_moe_Pipeline_VITIS_LOOP_121_6/m_axi_gmem12_AWSIZE' to 0.
WARNING: [RTGEN 206-101] Setting dangling out port 'pseudo_moe_Pipeline_VITIS_LOOP_121_6/m_axi_gmem12_AWBURST' to 0.
WARNING: [RTGEN 206-101] Setting dangling out port 'pseudo_moe_Pipeline_VITIS_LOOP_121_6/m_axi_gmem12_AWLOCK' to 0.
WARNING: [RTGEN 206-101] Setting dangling out port 'pseudo_moe_Pipeline_VITIS_LOOP_121_6/m_axi_gmem12_AWCACHE' to 0.
WARNING: [RTGEN 206-101] Setting dangling out port 'pseudo_moe_Pipeline_VITIS_LOOP_121_6/m_axi_gmem12_AWPROT' to 0.
WARNING: [RTGEN 206-101] Setting dangling out port 'pseudo_moe_Pipeline_VITIS_LOOP_121_6/m_axi_gmem12_AWQOS' to 0.
WARNING: [RTGEN 206-101] Setting dangling out port 'pseudo_moe_Pipeline_VITIS_LOOP_121_6/m_axi_gmem12_AWREGION' to 0.
WARNING: [RTGEN 206-101] Setting dangling out port 'pseudo_moe_Pipeline_VITIS_LOOP_121_6/m_axi_gmem12_AWUSER' to 0.
WARNING: [RTGEN 206-101] Setting dangling out port 'pseudo_moe_Pipeline_VITIS_LOOP_121_6/m_axi_gmem12_BREADY' to 0.
INFO: [RTGEN 206-100] Finished creating RTL model for 'pseudo_moe_Pipeline_VITIS_LOOP_121_6'.
INFO: [HLS 200-111] Finished Creating RTL model: CPU user time: 0.06 seconds. CPU system time: 0.01 seconds. Elapsed time: 0.07 seconds; current allocated memory: 429.613 MB.
INFO: [HLS 200-10] ----------------------------------------------------------------
INFO: [HLS 200-10] -- Generating RTL for module 'compute_expert_Pipeline_VITIS_LOOP_20_1_VITIS_LOOP_31_3' 
INFO: [HLS 200-10] ----------------------------------------------------------------
INFO: [HLS 200-1030] Apply Unified Pipeline Control on module 'compute_expert_Pipeline_VITIS_LOOP_20_1_VITIS_LOOP_31_3' pipeline 'VITIS_LOOP_20_1_VITIS_LOOP_31_3' pipeline type 'loop pipeline'
WARNING: [RTGEN 206-101] Setting dangling out port 'compute_expert_Pipeline_VITIS_LOOP_20_1_VITIS_LOOP_31_3/m_axi_gmem3_ARVALID' to 0.
WARNING: [RTGEN 206-101] Setting dangling out port 'compute_expert_Pipeline_VITIS_LOOP_20_1_VITIS_LOOP_31_3/m_axi_gmem3_ARADDR' to 0.
WARNING: [RTGEN 206-101] Setting dangling out port 'compute_expert_Pipeline_VITIS_LOOP_20_1_VITIS_LOOP_31_3/m_axi_gmem3_ARID' to 0.
WARNING: [RTGEN 206-101] Setting dangling out port 'compute_expert_Pipeline_VITIS_LOOP_20_1_VITIS_LOOP_31_3/m_axi_gmem3_ARLEN' to 0.
WARNING: [RTGEN 206-101] Setting dangling out port 'compute_expert_Pipeline_VITIS_LOOP_20_1_VITIS_LOOP_31_3/m_axi_gmem3_ARSIZE' to 0.
WARNING: [RTGEN 206-101] Setting dangling out port 'compute_expert_Pipeline_VITIS_LOOP_20_1_VITIS_LOOP_31_3/m_axi_gmem3_ARBURST' to 0.
WARNING: [RTGEN 206-101] Setting dangling out port 'compute_expert_Pipeline_VITIS_LOOP_20_1_VITIS_LOOP_31_3/m_axi_gmem3_ARLOCK' to 0.
WARNING: [RTGEN 206-101] Setting dangling out port 'compute_expert_Pipeline_VITIS_LOOP_20_1_VITIS_LOOP_31_3/m_axi_gmem3_ARCACHE' to 0.
WARNING: [RTGEN 206-101] Setting dangling out port 'compute_expert_Pipeline_VITIS_LOOP_20_1_VITIS_LOOP_31_3/m_axi_gmem3_ARPROT' to 0.
WARNING: [RTGEN 206-101] Setting dangling out port 'compute_expert_Pipeline_VITIS_LOOP_20_1_VITIS_LOOP_31_3/m_axi_gmem3_ARQOS' to 0.
WARNING: [RTGEN 206-101] Setting dangling out port 'compute_expert_Pipeline_VITIS_LOOP_20_1_VITIS_LOOP_31_3/m_axi_gmem3_ARREGION' to 0.
WARNING: [RTGEN 206-101] Setting dangling out port 'compute_expert_Pipeline_VITIS_LOOP_20_1_VITIS_LOOP_31_3/m_axi_gmem3_ARUSER' to 0.
WARNING: [RTGEN 206-101] Setting dangling out port 'compute_expert_Pipeline_VITIS_LOOP_20_1_VITIS_LOOP_31_3/m_axi_gmem4_ARVALID' to 0.
WARNING: [RTGEN 206-101] Setting dangling out port 'compute_expert_Pipeline_VITIS_LOOP_20_1_VITIS_LOOP_31_3/m_axi_gmem4_ARADDR' to 0.
WARNING: [RTGEN 206-101] Setting dangling out port 'compute_expert_Pipeline_VITIS_LOOP_20_1_VITIS_LOOP_31_3/m_axi_gmem4_ARID' to 0.
WARNING: [RTGEN 206-101] Setting dangling out port 'compute_expert_Pipeline_VITIS_LOOP_20_1_VITIS_LOOP_31_3/m_axi_gmem4_ARLEN' to 0.
WARNING: [RTGEN 206-101] Setting dangling out port 'compute_expert_Pipeline_VITIS_LOOP_20_1_VITIS_LOOP_31_3/m_axi_gmem4_ARSIZE' to 0.
WARNING: [RTGEN 206-101] Setting dangling out port 'compute_expert_Pipeline_VITIS_LOOP_20_1_VITIS_LOOP_31_3/m_axi_gmem4_ARBURST' to 0.
WARNING: [RTGEN 206-101] Setting dangling out port 'compute_expert_Pipeline_VITIS_LOOP_20_1_VITIS_LOOP_31_3/m_axi_gmem4_ARLOCK' to 0.
WARNING: [RTGEN 206-101] Setting dangling out port 'compute_expert_Pipeline_VITIS_LOOP_20_1_VITIS_LOOP_31_3/m_axi_gmem4_ARCACHE' to 0.
WARNING: [RTGEN 206-101] Setting dangling out port 'compute_expert_Pipeline_VITIS_LOOP_20_1_VITIS_LOOP_31_3/m_axi_gmem4_ARPROT' to 0.
WARNING: [RTGEN 206-101] Setting dangling out port 'compute_expert_Pipeline_VITIS_LOOP_20_1_VITIS_LOOP_31_3/m_axi_gmem4_ARQOS' to 0.
WARNING: [RTGEN 206-101] Setting dangling out port 'compute_expert_Pipeline_VITIS_LOOP_20_1_VITIS_LOOP_31_3/m_axi_gmem4_ARREGION' to 0.
WARNING: [RTGEN 206-101] Setting dangling out port 'compute_expert_Pipeline_VITIS_LOOP_20_1_VITIS_LOOP_31_3/m_axi_gmem4_ARUSER' to 0.
INFO: [RTGEN 206-100] Generating core module 'fadd_32ns_32ns_32_2_full_dsp_1': 2 instance(s).
INFO: [RTGEN 206-100] Generating core module 'fmul_32ns_32ns_32_2_max_dsp_1': 1 instance(s).
INFO: [RTGEN 206-100] Finished creating RTL model for 'compute_expert_Pipeline_VITIS_LOOP_20_1_VITIS_LOOP_31_3'.
INFO: [HLS 200-111] Finished Creating RTL model: CPU user time: 0.11 seconds. CPU system time: 0.01 seconds. Elapsed time: 0.12 seconds; current allocated memory: 431.613 MB.
INFO: [HLS 200-10] ----------------------------------------------------------------
INFO: [HLS 200-10] -- Generating RTL for module 'compute_expert' 
INFO: [HLS 200-10] ----------------------------------------------------------------
INFO: [RTGEN 206-100] Finished creating RTL model for 'compute_expert'.
INFO: [HLS 200-111] Finished Creating RTL model: CPU user time: 0.09 seconds. CPU system time: 0 seconds. Elapsed time: 0.1 seconds; current allocated memory: 435.289 MB.
INFO: [HLS 200-10] ----------------------------------------------------------------
INFO: [HLS 200-10] -- Generating RTL for module 'pseudo_moe_Pipeline_VITIS_LOOP_128_7' 
INFO: [HLS 200-10] ----------------------------------------------------------------
INFO: [HLS 200-1030] Apply Unified Pipeline Control on module 'pseudo_moe_Pipeline_VITIS_LOOP_128_7' pipeline 'VITIS_LOOP_128_7' pipeline type 'loop pipeline'
INFO: [RTGEN 206-100] Generating core module 'faddfsub_32ns_32ns_32_2_full_dsp_1': 1 instance(s).
INFO: [RTGEN 206-100] Generating core module 'fmul_32ns_32ns_32_2_max_dsp_1': 1 instance(s).
INFO: [RTGEN 206-100] Finished creating RTL model for 'pseudo_moe_Pipeline_VITIS_LOOP_128_7'.
INFO: [HLS 200-111] Finished Creating RTL model: CPU user time: 0.06 seconds. CPU system time: 0.01 seconds. Elapsed time: 0.07 seconds; current allocated memory: 436.637 MB.
INFO: [HLS 200-10] ----------------------------------------------------------------
INFO: [HLS 200-10] -- Generating RTL for module 'pseudo_moe_Pipeline_VITIS_LOOP_136_8' 
INFO: [HLS 200-10] ----------------------------------------------------------------
INFO: [HLS 200-1030] Apply Unified Pipeline Control on module 'pseudo_moe_Pipeline_VITIS_LOOP_136_8' pipeline 'VITIS_LOOP_136_8' pipeline type 'loop pipeline'
INFO: [RTGEN 206-100] Generating core module 'faddfsub_32ns_32ns_32_2_full_dsp_1': 1 instance(s).
INFO: [RTGEN 206-100] Generating core module 'fmul_32ns_32ns_32_2_max_dsp_1': 1 instance(s).
INFO: [RTGEN 206-100] Finished creating RTL model for 'pseudo_moe_Pipeline_VITIS_LOOP_136_8'.
INFO: [HLS 200-111] Finished Creating RTL model: CPU user time: 0.06 seconds. CPU system time: 0 seconds. Elapsed time: 0.06 seconds; current allocated memory: 438.180 MB.
INFO: [HLS 200-10] ----------------------------------------------------------------
INFO: [HLS 200-10] -- Generating RTL for module 'pseudo_moe_Pipeline_VITIS_LOOP_144_9' 
INFO: [HLS 200-10] ----------------------------------------------------------------
INFO: [HLS 200-1030] Apply Unified Pipeline Control on module 'pseudo_moe_Pipeline_VITIS_LOOP_144_9' pipeline 'VITIS_LOOP_144_9' pipeline type 'loop pipeline'
INFO: [RTGEN 206-100] Generating core module 'faddfsub_32ns_32ns_32_2_full_dsp_1': 1 instance(s).
INFO: [RTGEN 206-100] Generating core module 'fmul_32ns_32ns_32_2_max_dsp_1': 1 instance(s).
INFO: [RTGEN 206-100] Finished creating RTL model for 'pseudo_moe_Pipeline_VITIS_LOOP_144_9'.
INFO: [HLS 200-111] Finished Creating RTL model: CPU user time: 0.07 seconds. CPU system time: 0.01 seconds. Elapsed time: 0.06 seconds; current allocated memory: 439.676 MB.
INFO: [HLS 200-10] ----------------------------------------------------------------
INFO: [HLS 200-10] -- Generating RTL for module 'pseudo_moe_Pipeline_VITIS_LOOP_152_10' 
INFO: [HLS 200-10] ----------------------------------------------------------------
INFO: [HLS 200-1030] Apply Unified Pipeline Control on module 'pseudo_moe_Pipeline_VITIS_LOOP_152_10' pipeline 'VITIS_LOOP_152_10' pipeline type 'loop pipeline'
INFO: [RTGEN 206-100] Generating core module 'faddfsub_32ns_32ns_32_2_full_dsp_1': 1 instance(s).
INFO: [RTGEN 206-100] Generating core module 'fmul_32ns_32ns_32_2_max_dsp_1': 1 instance(s).
INFO: [RTGEN 206-100] Finished creating RTL model for 'pseudo_moe_Pipeline_VITIS_LOOP_152_10'.
INFO: [HLS 200-111] Finished Creating RTL model: CPU user time: 0.06 seconds. CPU system time: 0 seconds. Elapsed time: 0.07 seconds; current allocated memory: 441.176 MB.
INFO: [HLS 200-10] ----------------------------------------------------------------
INFO: [HLS 200-10] -- Generating RTL for module 'pseudo_moe' 
INFO: [HLS 200-10] ----------------------------------------------------------------
WARNING: [RTGEN 206-101] Design contains AXI ports. Reset is fixed to synchronous and active low.
INFO: [RTGEN 206-500] Setting interface mode on port 'pseudo_moe/gmem0' to 'm_axi'.
INFO: [RTGEN 206-500] Setting interface mode on port 'pseudo_moe/gmem1' to 'm_axi'.
INFO: [RTGEN 206-500] Setting interface mode on port 'pseudo_moe/gmem2' to 'm_axi'.
INFO: [RTGEN 206-500] Setting interface mode on port 'pseudo_moe/gmem3' to 'm_axi'.
INFO: [RTGEN 206-500] Setting interface mode on port 'pseudo_moe/gmem4' to 'm_axi'.
INFO: [RTGEN 206-500] Setting interface mode on port 'pseudo_moe/gmem5' to 'm_axi'.
INFO: [RTGEN 206-500] Setting interface mode on port 'pseudo_moe/gmem6' to 'm_axi'.
INFO: [RTGEN 206-500] Setting interface mode on port 'pseudo_moe/gmem7' to 'm_axi'.
INFO: [RTGEN 206-500] Setting interface mode on port 'pseudo_moe/gmem8' to 'm_axi'.
INFO: [RTGEN 206-500] Setting interface mode on port 'pseudo_moe/gmem9' to 'm_axi'.
INFO: [RTGEN 206-500] Setting interface mode on port 'pseudo_moe/gmem10' to 'm_axi'.
INFO: [RTGEN 206-500] Setting interface mode on port 'pseudo_moe/gmem11' to 'm_axi'.
INFO: [RTGEN 206-500] Setting interface mode on port 'pseudo_moe/gmem12' to 'm_axi'.
INFO: [RTGEN 206-500] Setting interface mode on port 'pseudo_moe/input_r' to 's_axilite & ap_none'.
INFO: [RTGEN 206-500] Setting interface mode on port 'pseudo_moe/w_gate' to 's_axilite & ap_none'.
INFO: [RTGEN 206-500] Setting interface mode on port 'pseudo_moe/b_gate' to 's_axilite & ap_none'.
INFO: [RTGEN 206-500] Setting interface mode on port 'pseudo_moe/w0' to 's_axilite & ap_none'.
INFO: [RTGEN 206-500] Setting interface mode on port 'pseudo_moe/b0' to 's_axilite & ap_none'.
INFO: [RTGEN 206-500] Setting interface mode on port 'pseudo_moe/w1' to 's_axilite & ap_none'.
INFO: [RTGEN 206-500] Setting interface mode on port 'pseudo_moe/b1' to 's_axilite & ap_none'.
INFO: [RTGEN 206-500] Setting interface mode on port 'pseudo_moe/w2' to 's_axilite & ap_none'.
INFO: [RTGEN 206-500] Setting interface mode on port 'pseudo_moe/b2' to 's_axilite & ap_none'.
INFO: [RTGEN 206-500] Setting interface mode on port 'pseudo_moe/w3' to 's_axilite & ap_none'.
INFO: [RTGEN 206-500] Setting interface mode on port 'pseudo_moe/b3' to 's_axilite & ap_none'.
INFO: [RTGEN 206-500] Setting interface mode on port 'pseudo_moe/gates_out' to 's_axilite & ap_none'.
INFO: [RTGEN 206-500] Setting interface mode on port 'pseudo_moe/output_r' to 's_axilite & ap_none'.
INFO: [RTGEN 206-500] Setting interface mode on function 'pseudo_moe' to 's_axilite & ap_ctrl_hs'.
INFO: [RTGEN 206-100] Bundling port 'return' to AXI-Lite port control.
INFO: [RTGEN 206-100] Bundling port 'input_r', 'w_gate', 'b_gate', 'w0', 'b0', 'w1', 'b1', 'w2', 'b2', 'w3', 'b3', 'gates_out' and 'output_r' to AXI-Lite port control_r.
INFO: [RTGEN 206-100] Generating core module 'faddfsub_32ns_32ns_32_2_full_dsp_1': 1 instance(s).
INFO: [RTGEN 206-100] Generating core module 'fmul_32ns_32ns_32_2_max_dsp_1': 1 instance(s).
INFO: [RTGEN 206-100] Finished creating RTL model for 'pseudo_moe'.
INFO: [RTMG 210-278] Implementing memory 'pseudo_moe_expert_result_RAM_AUTO_1R1W' using auto RAMs.
INFO: [HLS 200-111] Finished Creating RTL model: CPU user time: 0.21 seconds. CPU system time: 0.02 seconds. Elapsed time: 0.24 seconds; current allocated memory: 449.609 MB.
INFO: [HLS 200-111] Finished Generating all RTL models: CPU user time: 0.36 seconds. CPU system time: 0.04 seconds. Elapsed time: 0.39 seconds; current allocated memory: 454.746 MB.
INFO: [HLS 200-1603] Design has inferred MAXI bursts and missed bursts, see Vitis HLS GUI synthesis summary report for detailed information.
INFO: [HLS 200-111] Finished Updating report files: CPU user time: 4.22 seconds. CPU system time: 0.02 seconds. Elapsed time: 4.25 seconds; current allocated memory: 473.684 MB.
INFO: [VHDL 208-304] Generating VHDL RTL for pseudo_moe.
INFO: [VLOG 209-307] Generating Verilog RTL for pseudo_moe.
INFO: [HLS 200-790] **** Loop Constraint Status: All loop constraints were NOT satisfied.
INFO: [HLS 200-789] **** Estimated Fmax: 136.99 MHz
INFO: [HLS 200-111] Finished Command csynth_design CPU user time: 12.26 seconds. CPU system time: 1.42 seconds. Elapsed time: 18.07 seconds; current allocated memory: 191.488 MB.
