

================================================================
== Vitis HLS Report for 'generic_mlp_head35_Pipeline_VITIS_LOOP_767_7'
================================================================
* Date:           Sun Sep 13 20:13:25 2026

* Version:        2023.2 (Build 4023990 on Oct 11 2023)
* Project:        HLS_OutputMoE_Run11
* Solution:       solution1 (Vivado IP Flow Target)
* Product family: virtexuplus
* Target device:  xcvu13p_CIV-figd2104-3-e


================================================================
== Performance Estimates
================================================================
+ Timing: 
    * Summary: 
    +--------+----------+----------+------------+
    |  Clock |  Target  | Estimated| Uncertainty|
    +--------+----------+----------+------------+
    |ap_clk  |  10.00 ns|  6.409 ns|     2.70 ns|
    +--------+----------+----------+------------+

+ Latency: 
    * Summary: 
    +---------+---------+----------+----------+-----+-----+---------+
    |  Latency (cycles) |  Latency (absolute) |  Interval | Pipeline|
    |   min   |   max   |    min   |    max   | min | max |   Type  |
    +---------+---------+----------+----------+-----+-----+---------+
    |       13|       13|  0.130 us|  0.130 us|   13|   13|       no|
    +---------+---------+----------+----------+-----+-----+---------+

    + Detail: 
        * Instance: 
        N/A

        * Loop: 
        +--------------------+---------+---------+----------+-----------+-----------+------+----------+
        |                    |  Latency (cycles) | Iteration|  Initiation Interval  | Trip |          |
        |      Loop Name     |   min   |   max   |  Latency |  achieved |   target  | Count| Pipelined|
        +--------------------+---------+---------+----------+-----------+-----------+------+----------+
        |- VITIS_LOOP_767_7  |       11|       11|         5|          1|          1|     8|       yes|
        +--------------------+---------+---------+----------+-----------+-----------+------+----------+

============================================================
+ Verbose Summary: Synthesis Manager
============================================================
InlineROM: 1
ExposeGlobal: 0
============================================================
+ Verbose Summary: CDFG Model
============================================================
IsTopModel: 0
ResetActiveHigh: 1
IsCombinational: 0
IsDatapathOnly: 0
HasWiredReturn: 1
HasMFsm: 2
HasVarLatency: 1
IsPipeline: 0
IsRtlPipelined: 0
IsInstanceOverlapped: 0
IsDontTouch: 0
HasImplIP: 0
IsGatedGlobalClock: 0

+ Individual pipeline summary: 
  * Pipeline-0: initiation interval (II) = 1, depth = 5


============================================================
+ Verbose Summary: Schedule
============================================================
* Number of FSM states : 5
* Pipeline : 1
  Pipeline-0 : II = 1, D = 5, States = { 1 2 3 4 5 }
* Dataflow Pipeline: 0

* FSM state transitions: 
1 --> 2 
2 --> 3 
3 --> 4 
4 --> 5 
5 --> 

* FSM state operations: 

State 1 <SV = 0> <Delay = 1.37>
ST_1 : Operation 8 [1/1] (0.00ns)   --->   "%acc_61 = alloca i32 1" [src/moe.cpp:765]   --->   Operation 8 'alloca' 'acc_61' <Predicate = true> <Delay = 0.00>
ST_1 : Operation 9 [1/1] (0.00ns)   --->   "%j_1 = alloca i32 1" [src/moe.cpp:767]   --->   Operation 9 'alloca' 'j_1' <Predicate = true> <Delay = 0.00>
ST_1 : Operation 10 [1/1] (0.00ns)   --->   "%mux_case_732246_reload_read = read i32 @_ssdm_op_Read.ap_auto.float, i32 %mux_case_732246_reload"   --->   Operation 10 'read' 'mux_case_732246_reload_read' <Predicate = true> <Delay = 0.00>
ST_1 : Operation 11 [1/1] (0.00ns)   --->   "%mux_case_631243_reload_read = read i32 @_ssdm_op_Read.ap_auto.float, i32 %mux_case_631243_reload"   --->   Operation 11 'read' 'mux_case_631243_reload_read' <Predicate = true> <Delay = 0.00>
ST_1 : Operation 12 [1/1] (0.00ns)   --->   "%mux_case_530240_reload_read = read i32 @_ssdm_op_Read.ap_auto.float, i32 %mux_case_530240_reload"   --->   Operation 12 'read' 'mux_case_530240_reload_read' <Predicate = true> <Delay = 0.00>
ST_1 : Operation 13 [1/1] (0.00ns)   --->   "%mux_case_429237_reload_read = read i32 @_ssdm_op_Read.ap_auto.float, i32 %mux_case_429237_reload"   --->   Operation 13 'read' 'mux_case_429237_reload_read' <Predicate = true> <Delay = 0.00>
ST_1 : Operation 14 [1/1] (0.00ns)   --->   "%mux_case_328234_reload_read = read i32 @_ssdm_op_Read.ap_auto.float, i32 %mux_case_328234_reload"   --->   Operation 14 'read' 'mux_case_328234_reload_read' <Predicate = true> <Delay = 0.00>
ST_1 : Operation 15 [1/1] (0.00ns)   --->   "%mux_case_227231_reload_read = read i32 @_ssdm_op_Read.ap_auto.float, i32 %mux_case_227231_reload"   --->   Operation 15 'read' 'mux_case_227231_reload_read' <Predicate = true> <Delay = 0.00>
ST_1 : Operation 16 [1/1] (0.00ns)   --->   "%mux_case_126228_reload_read = read i32 @_ssdm_op_Read.ap_auto.float, i32 %mux_case_126228_reload"   --->   Operation 16 'read' 'mux_case_126228_reload_read' <Predicate = true> <Delay = 0.00>
ST_1 : Operation 17 [1/1] (0.00ns)   --->   "%mux_case_025225_reload_read = read i32 @_ssdm_op_Read.ap_auto.float, i32 %mux_case_025225_reload"   --->   Operation 17 'read' 'mux_case_025225_reload_read' <Predicate = true> <Delay = 0.00>
ST_1 : Operation 18 [1/1] (0.36ns)   --->   "%store_ln767 = store i4 0, i4 %j_1" [src/moe.cpp:767]   --->   Operation 18 'store' 'store_ln767' <Predicate = true> <Delay = 0.36>
ST_1 : Operation 19 [1/1] (0.36ns)   --->   "%store_ln765 = store i32 0.277877, i32 %acc_61" [src/moe.cpp:765]   --->   Operation 19 'store' 'store_ln765' <Predicate = true> <Delay = 0.36>
ST_1 : Operation 20 [1/1] (0.00ns)   --->   "%br_ln0 = br void %for.inc90"   --->   Operation 20 'br' 'br_ln0' <Predicate = true> <Delay = 0.00>
ST_1 : Operation 21 [1/1] (0.00ns)   --->   "%j = load i4 %j_1" [src/moe.cpp:765]   --->   Operation 21 'load' 'j' <Predicate = true> <Delay = 0.00>
ST_1 : Operation 22 [1/1] (0.64ns)   --->   "%icmp_ln767 = icmp_eq  i4 %j, i4 8" [src/moe.cpp:767]   --->   Operation 22 'icmp' 'icmp_ln767' <Predicate = true> <Delay = 0.64> <CoreInst = "Cmp">   --->   Core 9 'Cmp' <Latency = 0> <II = 1> <Delay = 0.64> <FuncUnit> <Opcode : 'icmp'> <InPorts = 2> <OutPorts = 1>
ST_1 : Operation 23 [1/1] (0.64ns)   --->   "%add_ln767 = add i4 %j, i4 1" [src/moe.cpp:767]   --->   Operation 23 'add' 'add_ln767' <Predicate = true> <Delay = 0.64> <CoreInst = "Adder">   --->   Core 1 'Adder' <Latency = 0> <II = 1> <Delay = 0.64> <FuncUnit> <Opcode : 'add' 'sub'> <InPorts = 2> <OutPorts = 1>
ST_1 : Operation 24 [1/1] (0.00ns)   --->   "%br_ln767 = br i1 %icmp_ln767, void %for.inc90.split, void %for.end92.exitStub" [src/moe.cpp:767]   --->   Operation 24 'br' 'br_ln767' <Predicate = true> <Delay = 0.00>
ST_1 : Operation 25 [1/1] (0.00ns)   --->   "%zext_ln767 = zext i4 %j" [src/moe.cpp:767]   --->   Operation 25 'zext' 'zext_ln767' <Predicate = (!icmp_ln767)> <Delay = 0.00>
ST_1 : Operation 26 [1/1] (0.00ns)   --->   "%trunc_ln765 = trunc i4 %j" [src/moe.cpp:765]   --->   Operation 26 'trunc' 'trunc_ln765' <Predicate = (!icmp_ln767)> <Delay = 0.00>
ST_1 : Operation 27 [1/1] (0.00ns)   --->   "%e2_lut_w3_0_addr = getelementptr i32 %e2_lut_w3_0, i64 0, i64 %zext_ln767" [src/moe.cpp:768]   --->   Operation 27 'getelementptr' 'e2_lut_w3_0_addr' <Predicate = (!icmp_ln767)> <Delay = 0.00>
ST_1 : Operation 28 [2/2] (0.54ns)   --->   "%e2_lut_w3_0_load = load i3 %e2_lut_w3_0_addr" [src/moe.cpp:768]   --->   Operation 28 'load' 'e2_lut_w3_0_load' <Predicate = (!icmp_ln767)> <Delay = 0.54> <CoreInst = "ROM">   --->   Core 101 'ROM' <Latency = 1> <II = 1> <Delay = 0.54> <Storage> <Opcode : 'load'> <Ports = 0> <Width = 32> <Depth = 8> <ROM>
ST_1 : Operation 29 [1/1] (0.53ns)   --->   "%tmp_5 = sparsemux i32 @_ssdm_op_SparseMux.ap_auto.8f32.f32.i3, i3 0, i32 %mux_case_025225_reload_read, i3 1, i32 %mux_case_126228_reload_read, i3 2, i32 %mux_case_227231_reload_read, i3 3, i32 %mux_case_328234_reload_read, i3 4, i32 %mux_case_429237_reload_read, i3 5, i32 %mux_case_530240_reload_read, i3 6, i32 %mux_case_631243_reload_read, i3 7, i32 %mux_case_732246_reload_read, i32 <undef>, i3 %trunc_ln765" [src/moe.cpp:768]   --->   Operation 29 'sparsemux' 'tmp_5' <Predicate = (!icmp_ln767)> <Delay = 0.53> <CoreInst = "SparseMux">   --->   Core 147 'SparseMux' <Latency = 0> <II = 1> <Delay = 0.53> <FuncUnit> <Opcode : 'sparsemux'> <InPorts = 2> <OutPorts = 1>
ST_1 : Operation 30 [1/1] (0.36ns)   --->   "%store_ln767 = store i4 %add_ln767, i4 %j_1" [src/moe.cpp:767]   --->   Operation 30 'store' 'store_ln767' <Predicate = (!icmp_ln767)> <Delay = 0.36>

State 2 <SV = 1> <Delay = 4.42>
ST_2 : Operation 31 [1/2] (0.54ns)   --->   "%e2_lut_w3_0_load = load i3 %e2_lut_w3_0_addr" [src/moe.cpp:768]   --->   Operation 31 'load' 'e2_lut_w3_0_load' <Predicate = true> <Delay = 0.54> <CoreInst = "ROM">   --->   Core 101 'ROM' <Latency = 1> <II = 1> <Delay = 0.54> <Storage> <Opcode : 'load'> <Ports = 0> <Width = 32> <Depth = 8> <ROM>
ST_2 : Operation 32 [2/2] (3.88ns)   --->   "%mul5 = fmul i32 %e2_lut_w3_0_load, i32 %tmp_5" [src/moe.cpp:768]   --->   Operation 32 'fmul' 'mul5' <Predicate = true> <Delay = 3.88> <CoreInst = "FMul_maxdsp">   --->   Core 30 'FMul_maxdsp' <Latency = 1> <II = 1> <Delay = 3.88> <FuncUnit> <Opcode : 'fmul'> <InPorts = 2> <OutPorts = 1>

State 3 <SV = 2> <Delay = 3.88>
ST_3 : Operation 33 [1/2] (3.88ns)   --->   "%mul5 = fmul i32 %e2_lut_w3_0_load, i32 %tmp_5" [src/moe.cpp:768]   --->   Operation 33 'fmul' 'mul5' <Predicate = true> <Delay = 3.88> <CoreInst = "FMul_maxdsp">   --->   Core 30 'FMul_maxdsp' <Latency = 1> <II = 1> <Delay = 3.88> <FuncUnit> <Opcode : 'fmul'> <InPorts = 2> <OutPorts = 1>

State 4 <SV = 3> <Delay = 6.04>
ST_4 : Operation 34 [1/1] (0.00ns)   --->   "%acc_61_load = load i32 %acc_61" [src/moe.cpp:768]   --->   Operation 34 'load' 'acc_61_load' <Predicate = true> <Delay = 0.00>
ST_4 : Operation 35 [2/2] (6.04ns)   --->   "%acc = fadd i32 %acc_61_load, i32 %mul5" [src/moe.cpp:768]   --->   Operation 35 'fadd' 'acc' <Predicate = true> <Delay = 6.04> <CoreInst = "FAddSub_fulldsp">   --->   Core 18 'FAddSub_fulldsp' <Latency = 1> <II = 1> <Delay = 6.04> <FuncUnit> <Opcode : 'fadd' 'fsub'> <InPorts = 2> <OutPorts = 1>
ST_4 : Operation 42 [1/1] (0.00ns)   --->   "%acc_61_load12 = load i32 %acc_61"   --->   Operation 42 'load' 'acc_61_load12' <Predicate = (icmp_ln767)> <Delay = 0.00>
ST_4 : Operation 43 [1/1] (0.00ns)   --->   "%write_ln0 = write void @_ssdm_op_Write.ap_auto.floatP0A, i32 %acc_61_out, i32 %acc_61_load12"   --->   Operation 43 'write' 'write_ln0' <Predicate = (icmp_ln767)> <Delay = 0.00>
ST_4 : Operation 44 [1/1] (0.00ns)   --->   "%ret_ln0 = ret"   --->   Operation 44 'ret' 'ret_ln0' <Predicate = (icmp_ln767)> <Delay = 0.00>

State 5 <SV = 4> <Delay = 6.40>
ST_5 : Operation 36 [1/1] (0.00ns)   --->   "%specpipeline_ln765 = specpipeline void @_ssdm_op_SpecPipeline, i32 4294967295, i32 0, i32 0, i32 0, void @empty" [src/moe.cpp:765]   --->   Operation 36 'specpipeline' 'specpipeline_ln765' <Predicate = true> <Delay = 0.00>
ST_5 : Operation 37 [1/1] (0.00ns)   --->   "%speclooptripcount_ln765 = speclooptripcount void @_ssdm_op_SpecLoopTripCount, i64 8, i64 8, i64 8" [src/moe.cpp:765]   --->   Operation 37 'speclooptripcount' 'speclooptripcount_ln765' <Predicate = true> <Delay = 0.00>
ST_5 : Operation 38 [1/1] (0.00ns)   --->   "%specloopname_ln767 = specloopname void @_ssdm_op_SpecLoopName, void @empty_6" [src/moe.cpp:767]   --->   Operation 38 'specloopname' 'specloopname_ln767' <Predicate = true> <Delay = 0.00>
ST_5 : Operation 39 [1/2] (6.04ns)   --->   "%acc = fadd i32 %acc_61_load, i32 %mul5" [src/moe.cpp:768]   --->   Operation 39 'fadd' 'acc' <Predicate = true> <Delay = 6.04> <CoreInst = "FAddSub_fulldsp">   --->   Core 18 'FAddSub_fulldsp' <Latency = 1> <II = 1> <Delay = 6.04> <FuncUnit> <Opcode : 'fadd' 'fsub'> <InPorts = 2> <OutPorts = 1>
ST_5 : Operation 40 [1/1] (0.36ns)   --->   "%store_ln765 = store i32 %acc, i32 %acc_61" [src/moe.cpp:765]   --->   Operation 40 'store' 'store_ln765' <Predicate = true> <Delay = 0.36>
ST_5 : Operation 41 [1/1] (0.00ns)   --->   "%br_ln767 = br void %for.inc90" [src/moe.cpp:767]   --->   Operation 41 'br' 'br_ln767' <Predicate = true> <Delay = 0.00>


============================================================
+ Verbose Summary: Timing violations
============================================================
Target clock period: 10.000ns, clock uncertainty: 2.700ns.

 <State 1>: 1.371ns
The critical path consists of the following:
	'store' operation 0 bit ('store_ln767', src/moe.cpp:767) of constant 0 on local variable 'j', src/moe.cpp:767 [21]  (0.362 ns)
	'load' operation 4 bit ('j', src/moe.cpp:765) on local variable 'j', src/moe.cpp:767 [25]  (0.000 ns)
	'icmp' operation 1 bit ('icmp_ln767', src/moe.cpp:767) [26]  (0.647 ns)
	'store' operation 0 bit ('store_ln767', src/moe.cpp:767) of variable 'add_ln767', src/moe.cpp:767 on local variable 'j', src/moe.cpp:767 [41]  (0.362 ns)

 <State 2>: 4.423ns
The critical path consists of the following:
	'load' operation 32 bit ('e2_lut_w3_0_load', src/moe.cpp:768) on array 'e2_lut_w3_0' [37]  (0.542 ns)
	'fmul' operation 32 bit ('mul5', src/moe.cpp:768) [39]  (3.881 ns)

 <State 3>: 3.881ns
The critical path consists of the following:
	'fmul' operation 32 bit ('mul5', src/moe.cpp:768) [39]  (3.881 ns)

 <State 4>: 6.047ns
The critical path consists of the following:
	'load' operation 32 bit ('acc_61_load', src/moe.cpp:768) on local variable 'acc', src/moe.cpp:765 [30]  (0.000 ns)
	'fadd' operation 32 bit ('acc', src/moe.cpp:768) [40]  (6.047 ns)

 <State 5>: 6.409ns
The critical path consists of the following:
	'fadd' operation 32 bit ('acc', src/moe.cpp:768) [40]  (6.047 ns)
	'store' operation 0 bit ('store_ln765', src/moe.cpp:765) of variable 'acc', src/moe.cpp:768 on local variable 'acc', src/moe.cpp:765 [42]  (0.362 ns)


============================================================
+ Verbose Summary: Binding
============================================================
N/A
* FSMD analyzer results:
  - Output states:
 - Input state : 
  - Chain level:
	State 1
	State 2
	State 3
	State 4
	State 5


============================================================
+ Verbose Summary: Datapath Resource usage 
============================================================
N/A
