

================================================================
== Vitis HLS Report for 'generic_mlp_head31_Pipeline_VITIS_LOOP_750_5'
================================================================
* Date:           Sun Sep 13 20:13:20 2026

* Version:        2023.2 (Build 4023990 on Oct 11 2023)
* Project:        HLS_OutputMoE_Run11
* Solution:       solution1 (Vivado IP Flow Target)
* Product family: virtexuplus
* Target device:  xcvu13p_CIV-figd2104-3-e


================================================================
== Performance Estimates
================================================================
+ Timing: 
    * Summary: 
    +--------+----------+----------+------------+
    |  Clock |  Target  | Estimated| Uncertainty|
    +--------+----------+----------+------------+
    |ap_clk  |  10.00 ns|  7.028 ns|     2.70 ns|
    +--------+----------+----------+------------+

+ Latency: 
    * Summary: 
    +---------+---------+----------+----------+-----+-----+---------+
    |  Latency (cycles) |  Latency (absolute) |  Interval | Pipeline|
    |   min   |   max   |    min   |    max   | min | max |   Type  |
    +---------+---------+----------+----------+-----+-----+---------+
    |       49|       49|  0.490 us|  0.490 us|   49|   49|       no|
    +---------+---------+----------+----------+-----+-----+---------+

    + Detail: 
        * Instance: 
        N/A

        * Loop: 
        +--------------------+---------+---------+----------+-----------+-----------+------+----------+
        |                    |  Latency (cycles) | Iteration|  Initiation Interval  | Trip |          |
        |      Loop Name     |   min   |   max   |  Latency |  achieved |   target  | Count| Pipelined|
        +--------------------+---------+---------+----------+-----------+-----------+------+----------+
        |- VITIS_LOOP_750_5  |       47|       47|        41|          1|          1|     8|       yes|
        +--------------------+---------+---------+----------+-----------+-----------+------+----------+

============================================================
+ Verbose Summary: Synthesis Manager
============================================================
InlineROM: 1
ExposeGlobal: 0
============================================================
+ Verbose Summary: CDFG Model
============================================================
IsTopModel: 0
ResetActiveHigh: 1
IsCombinational: 0
IsDatapathOnly: 0
HasWiredReturn: 1
HasMFsm: 2
HasVarLatency: 1
IsPipeline: 0
IsRtlPipelined: 0
IsInstanceOverlapped: 0
IsDontTouch: 0
HasImplIP: 0
IsGatedGlobalClock: 0

+ Individual pipeline summary: 
  * Pipeline-0: initiation interval (II) = 1, depth = 41


============================================================
+ Verbose Summary: Schedule
============================================================
* Number of FSM states : 41
* Pipeline : 1
  Pipeline-0 : II = 1, D = 41, States = { 1 2 3 4 5 6 7 8 9 10 11 12 13 14 15 16 17 18 19 20 21 22 23 24 25 26 27 28 29 30 31 32 33 34 35 36 37 38 39 40 41 }
* Dataflow Pipeline: 0

* FSM state transitions: 
1 --> 2 
2 --> 3 
3 --> 4 
4 --> 5 
5 --> 6 
6 --> 7 
7 --> 8 
8 --> 9 
9 --> 10 
10 --> 11 
11 --> 12 
12 --> 13 
13 --> 14 
14 --> 15 
15 --> 16 
16 --> 17 
17 --> 18 
18 --> 19 
19 --> 20 
20 --> 21 
21 --> 22 
22 --> 23 
23 --> 24 
24 --> 25 
25 --> 26 
26 --> 27 
27 --> 28 
28 --> 29 
29 --> 30 
30 --> 31 
31 --> 32 
32 --> 33 
33 --> 34 
34 --> 35 
35 --> 36 
36 --> 37 
37 --> 38 
38 --> 39 
39 --> 40 
40 --> 41 
41 --> 

* FSM state operations: 

State 1 <SV = 0> <Delay = 1.37>
ST_1 : Operation 44 [1/1] (0.00ns)   --->   "%i_2 = alloca i32 1" [src/moe.cpp:750]   --->   Operation 44 'alloca' 'i_2' <Predicate = true> <Delay = 0.00>
ST_1 : Operation 45 [1/1] (0.00ns)   --->   "%mux_case_025225 = alloca i32 1"   --->   Operation 45 'alloca' 'mux_case_025225' <Predicate = true> <Delay = 0.00>
ST_1 : Operation 46 [1/1] (0.00ns)   --->   "%mux_case_126228 = alloca i32 1"   --->   Operation 46 'alloca' 'mux_case_126228' <Predicate = true> <Delay = 0.00>
ST_1 : Operation 47 [1/1] (0.00ns)   --->   "%mux_case_227231 = alloca i32 1"   --->   Operation 47 'alloca' 'mux_case_227231' <Predicate = true> <Delay = 0.00>
ST_1 : Operation 48 [1/1] (0.00ns)   --->   "%mux_case_328234 = alloca i32 1"   --->   Operation 48 'alloca' 'mux_case_328234' <Predicate = true> <Delay = 0.00>
ST_1 : Operation 49 [1/1] (0.00ns)   --->   "%mux_case_429237 = alloca i32 1"   --->   Operation 49 'alloca' 'mux_case_429237' <Predicate = true> <Delay = 0.00>
ST_1 : Operation 50 [1/1] (0.00ns)   --->   "%mux_case_530240 = alloca i32 1"   --->   Operation 50 'alloca' 'mux_case_530240' <Predicate = true> <Delay = 0.00>
ST_1 : Operation 51 [1/1] (0.00ns)   --->   "%mux_case_631243 = alloca i32 1"   --->   Operation 51 'alloca' 'mux_case_631243' <Predicate = true> <Delay = 0.00>
ST_1 : Operation 52 [1/1] (0.00ns)   --->   "%mux_case_732246 = alloca i32 1"   --->   Operation 52 'alloca' 'mux_case_732246' <Predicate = true> <Delay = 0.00>
ST_1 : Operation 53 [1/1] (0.00ns)   --->   "%mux_case_1524222_reload_read = read i32 @_ssdm_op_Read.ap_auto.float, i32 %mux_case_1524222_reload"   --->   Operation 53 'read' 'mux_case_1524222_reload_read' <Predicate = true> <Delay = 0.00>
ST_1 : Operation 54 [1/1] (0.00ns)   --->   "%mux_case_1423218_reload_read = read i32 @_ssdm_op_Read.ap_auto.float, i32 %mux_case_1423218_reload"   --->   Operation 54 'read' 'mux_case_1423218_reload_read' <Predicate = true> <Delay = 0.00>
ST_1 : Operation 55 [1/1] (0.00ns)   --->   "%mux_case_1322214_reload_read = read i32 @_ssdm_op_Read.ap_auto.float, i32 %mux_case_1322214_reload"   --->   Operation 55 'read' 'mux_case_1322214_reload_read' <Predicate = true> <Delay = 0.00>
ST_1 : Operation 56 [1/1] (0.00ns)   --->   "%mux_case_1221210_reload_read = read i32 @_ssdm_op_Read.ap_auto.float, i32 %mux_case_1221210_reload"   --->   Operation 56 'read' 'mux_case_1221210_reload_read' <Predicate = true> <Delay = 0.00>
ST_1 : Operation 57 [1/1] (0.00ns)   --->   "%mux_case_1120206_reload_read = read i32 @_ssdm_op_Read.ap_auto.float, i32 %mux_case_1120206_reload"   --->   Operation 57 'read' 'mux_case_1120206_reload_read' <Predicate = true> <Delay = 0.00>
ST_1 : Operation 58 [1/1] (0.00ns)   --->   "%mux_case_1019202_reload_read = read i32 @_ssdm_op_Read.ap_auto.float, i32 %mux_case_1019202_reload"   --->   Operation 58 'read' 'mux_case_1019202_reload_read' <Predicate = true> <Delay = 0.00>
ST_1 : Operation 59 [1/1] (0.00ns)   --->   "%mux_case_918198_reload_read = read i32 @_ssdm_op_Read.ap_auto.float, i32 %mux_case_918198_reload"   --->   Operation 59 'read' 'mux_case_918198_reload_read' <Predicate = true> <Delay = 0.00>
ST_1 : Operation 60 [1/1] (0.00ns)   --->   "%mux_case_817194_reload_read = read i32 @_ssdm_op_Read.ap_auto.float, i32 %mux_case_817194_reload"   --->   Operation 60 'read' 'mux_case_817194_reload_read' <Predicate = true> <Delay = 0.00>
ST_1 : Operation 61 [1/1] (0.00ns)   --->   "%mux_case_716190_reload_read = read i32 @_ssdm_op_Read.ap_auto.float, i32 %mux_case_716190_reload"   --->   Operation 61 'read' 'mux_case_716190_reload_read' <Predicate = true> <Delay = 0.00>
ST_1 : Operation 62 [1/1] (0.00ns)   --->   "%mux_case_615186_reload_read = read i32 @_ssdm_op_Read.ap_auto.float, i32 %mux_case_615186_reload"   --->   Operation 62 'read' 'mux_case_615186_reload_read' <Predicate = true> <Delay = 0.00>
ST_1 : Operation 63 [1/1] (0.00ns)   --->   "%mux_case_514182_reload_read = read i32 @_ssdm_op_Read.ap_auto.float, i32 %mux_case_514182_reload"   --->   Operation 63 'read' 'mux_case_514182_reload_read' <Predicate = true> <Delay = 0.00>
ST_1 : Operation 64 [1/1] (0.00ns)   --->   "%mux_case_413178_reload_read = read i32 @_ssdm_op_Read.ap_auto.float, i32 %mux_case_413178_reload"   --->   Operation 64 'read' 'mux_case_413178_reload_read' <Predicate = true> <Delay = 0.00>
ST_1 : Operation 65 [1/1] (0.00ns)   --->   "%mux_case_312174_reload_read = read i32 @_ssdm_op_Read.ap_auto.float, i32 %mux_case_312174_reload"   --->   Operation 65 'read' 'mux_case_312174_reload_read' <Predicate = true> <Delay = 0.00>
ST_1 : Operation 66 [1/1] (0.00ns)   --->   "%mux_case_211170_reload_read = read i32 @_ssdm_op_Read.ap_auto.float, i32 %mux_case_211170_reload"   --->   Operation 66 'read' 'mux_case_211170_reload_read' <Predicate = true> <Delay = 0.00>
ST_1 : Operation 67 [1/1] (0.00ns)   --->   "%mux_case_110166_reload_read = read i32 @_ssdm_op_Read.ap_auto.float, i32 %mux_case_110166_reload"   --->   Operation 67 'read' 'mux_case_110166_reload_read' <Predicate = true> <Delay = 0.00>
ST_1 : Operation 68 [1/1] (0.00ns)   --->   "%mux_case_01162_reload_read = read i32 @_ssdm_op_Read.ap_auto.float, i32 %mux_case_01162_reload"   --->   Operation 68 'read' 'mux_case_01162_reload_read' <Predicate = true> <Delay = 0.00>
ST_1 : Operation 69 [1/1] (0.36ns)   --->   "%store_ln750 = store i4 0, i4 %i_2" [src/moe.cpp:750]   --->   Operation 69 'store' 'store_ln750' <Predicate = true> <Delay = 0.36>
ST_1 : Operation 70 [1/1] (0.00ns)   --->   "%br_ln0 = br void %VITIS_LOOP_753_6"   --->   Operation 70 'br' 'br_ln0' <Predicate = true> <Delay = 0.00>
ST_1 : Operation 71 [1/1] (0.00ns)   --->   "%i = load i4 %i_2" [src/moe.cpp:750]   --->   Operation 71 'load' 'i' <Predicate = true> <Delay = 0.00>
ST_1 : Operation 72 [1/1] (0.64ns)   --->   "%icmp_ln750 = icmp_eq  i4 %i, i4 8" [src/moe.cpp:750]   --->   Operation 72 'icmp' 'icmp_ln750' <Predicate = true> <Delay = 0.64> <CoreInst = "Cmp">   --->   Core 9 'Cmp' <Latency = 0> <II = 1> <Delay = 0.64> <FuncUnit> <Opcode : 'icmp'> <InPorts = 2> <OutPorts = 1>
ST_1 : Operation 73 [1/1] (0.64ns)   --->   "%add_ln750 = add i4 %i, i4 1" [src/moe.cpp:750]   --->   Operation 73 'add' 'add_ln750' <Predicate = true> <Delay = 0.64> <CoreInst = "Adder">   --->   Core 1 'Adder' <Latency = 0> <II = 1> <Delay = 0.64> <FuncUnit> <Opcode : 'add' 'sub'> <InPorts = 2> <OutPorts = 1>
ST_1 : Operation 74 [1/1] (0.00ns)   --->   "%br_ln750 = br i1 %icmp_ln750, void %VITIS_LOOP_753_6.split, void %for.inc90.preheader.exitStub" [src/moe.cpp:750]   --->   Operation 74 'br' 'br_ln750' <Predicate = true> <Delay = 0.00>
ST_1 : Operation 75 [1/1] (0.00ns)   --->   "%zext_ln750 = zext i4 %i" [src/moe.cpp:750]   --->   Operation 75 'zext' 'zext_ln750' <Predicate = (!icmp_ln750)> <Delay = 0.00>
ST_1 : Operation 76 [1/1] (0.00ns)   --->   "%p_ZL8e0_ff_w2_0_addr = getelementptr i32 %p_ZL8e0_ff_w2_0, i64 0, i64 %zext_ln750" [src/moe.cpp:754]   --->   Operation 76 'getelementptr' 'p_ZL8e0_ff_w2_0_addr' <Predicate = (!icmp_ln750)> <Delay = 0.00>
ST_1 : Operation 77 [2/2] (0.54ns)   --->   "%p_ZL8e0_ff_w2_0_load = load i3 %p_ZL8e0_ff_w2_0_addr" [src/moe.cpp:754]   --->   Operation 77 'load' 'p_ZL8e0_ff_w2_0_load' <Predicate = (!icmp_ln750)> <Delay = 0.54> <CoreInst = "ROM">   --->   Core 101 'ROM' <Latency = 1> <II = 1> <Delay = 0.54> <Storage> <Opcode : 'load'> <Ports = 0> <Width = 32> <Depth = 8> <ROM>
ST_1 : Operation 78 [1/1] (0.00ns)   --->   "%trunc_ln750 = trunc i4 %i" [src/moe.cpp:750]   --->   Operation 78 'trunc' 'trunc_ln750' <Predicate = (!icmp_ln750)> <Delay = 0.00>
ST_1 : Operation 79 [1/1] (0.66ns)   --->   "%switch_ln757 = switch i3 %trunc_ln750, void %arrayidx72.case.7, i3 0, void %VITIS_LOOP_753_6.split.arrayidx72.exit_crit_edge, i3 1, void %VITIS_LOOP_753_6.split.arrayidx72.exit_crit_edge21, i3 2, void %arrayidx72.case.2, i3 3, void %arrayidx72.case.3, i3 4, void %arrayidx72.case.4, i3 5, void %arrayidx72.case.5, i3 6, void %arrayidx72.case.6" [src/moe.cpp:757]   --->   Operation 79 'switch' 'switch_ln757' <Predicate = (!icmp_ln750)> <Delay = 0.66>
ST_1 : Operation 80 [1/1] (0.36ns)   --->   "%store_ln750 = store i4 %add_ln750, i4 %i_2" [src/moe.cpp:750]   --->   Operation 80 'store' 'store_ln750' <Predicate = (!icmp_ln750)> <Delay = 0.36>
ST_1 : Operation 81 [1/1] (0.00ns)   --->   "%br_ln750 = br void %VITIS_LOOP_753_6" [src/moe.cpp:750]   --->   Operation 81 'br' 'br_ln750' <Predicate = (!icmp_ln750)> <Delay = 0.00>

State 2 <SV = 1> <Delay = 4.42>
ST_2 : Operation 82 [1/2] (0.54ns)   --->   "%p_ZL8e0_ff_w2_0_load = load i3 %p_ZL8e0_ff_w2_0_addr" [src/moe.cpp:754]   --->   Operation 82 'load' 'p_ZL8e0_ff_w2_0_load' <Predicate = true> <Delay = 0.54> <CoreInst = "ROM">   --->   Core 101 'ROM' <Latency = 1> <II = 1> <Delay = 0.54> <Storage> <Opcode : 'load'> <Ports = 0> <Width = 32> <Depth = 8> <ROM>
ST_2 : Operation 83 [2/2] (3.88ns)   --->   "%mul4 = fmul i32 %p_ZL8e0_ff_w2_0_load, i32 %mux_case_01162_reload_read" [src/moe.cpp:754]   --->   Operation 83 'fmul' 'mul4' <Predicate = true> <Delay = 3.88> <CoreInst = "FMul_maxdsp">   --->   Core 30 'FMul_maxdsp' <Latency = 1> <II = 1> <Delay = 3.88> <FuncUnit> <Opcode : 'fmul'> <InPorts = 2> <OutPorts = 1>

State 3 <SV = 2> <Delay = 3.88>
ST_3 : Operation 84 [1/1] (0.00ns)   --->   "%e0_ff_b2_addr = getelementptr i32 %e0_ff_b2, i64 0, i64 %zext_ln750" [src/moe.cpp:751]   --->   Operation 84 'getelementptr' 'e0_ff_b2_addr' <Predicate = true> <Delay = 0.00>
ST_3 : Operation 85 [2/2] (0.54ns)   --->   "%acc = load i3 %e0_ff_b2_addr" [src/moe.cpp:751]   --->   Operation 85 'load' 'acc' <Predicate = true> <Delay = 0.54> <CoreInst = "ROM">   --->   Core 101 'ROM' <Latency = 1> <II = 1> <Delay = 0.54> <Storage> <Opcode : 'load'> <Ports = 0> <Width = 32> <Depth = 8> <ROM>
ST_3 : Operation 86 [1/1] (0.00ns)   --->   "%p_ZL8e0_ff_w2_1_addr = getelementptr i32 %p_ZL8e0_ff_w2_1, i64 0, i64 %zext_ln750" [src/moe.cpp:754]   --->   Operation 86 'getelementptr' 'p_ZL8e0_ff_w2_1_addr' <Predicate = true> <Delay = 0.00>
ST_3 : Operation 87 [1/2] (3.88ns)   --->   "%mul4 = fmul i32 %p_ZL8e0_ff_w2_0_load, i32 %mux_case_01162_reload_read" [src/moe.cpp:754]   --->   Operation 87 'fmul' 'mul4' <Predicate = true> <Delay = 3.88> <CoreInst = "FMul_maxdsp">   --->   Core 30 'FMul_maxdsp' <Latency = 1> <II = 1> <Delay = 3.88> <FuncUnit> <Opcode : 'fmul'> <InPorts = 2> <OutPorts = 1>
ST_3 : Operation 88 [2/2] (0.54ns)   --->   "%p_ZL8e0_ff_w2_1_load = load i3 %p_ZL8e0_ff_w2_1_addr" [src/moe.cpp:754]   --->   Operation 88 'load' 'p_ZL8e0_ff_w2_1_load' <Predicate = true> <Delay = 0.54> <CoreInst = "ROM">   --->   Core 101 'ROM' <Latency = 1> <II = 1> <Delay = 0.54> <Storage> <Opcode : 'load'> <Ports = 0> <Width = 32> <Depth = 8> <ROM>

State 4 <SV = 3> <Delay = 6.58>
ST_4 : Operation 89 [1/2] (0.54ns)   --->   "%acc = load i3 %e0_ff_b2_addr" [src/moe.cpp:751]   --->   Operation 89 'load' 'acc' <Predicate = true> <Delay = 0.54> <CoreInst = "ROM">   --->   Core 101 'ROM' <Latency = 1> <II = 1> <Delay = 0.54> <Storage> <Opcode : 'load'> <Ports = 0> <Width = 32> <Depth = 8> <ROM>
ST_4 : Operation 90 [2/2] (6.04ns)   --->   "%acc_893 = fadd i32 %acc, i32 %mul4" [src/moe.cpp:754]   --->   Operation 90 'fadd' 'acc_893' <Predicate = true> <Delay = 6.04> <CoreInst = "FAddSub_fulldsp">   --->   Core 18 'FAddSub_fulldsp' <Latency = 1> <II = 1> <Delay = 6.04> <FuncUnit> <Opcode : 'fadd' 'fsub'> <InPorts = 2> <OutPorts = 1>
ST_4 : Operation 91 [1/2] (0.54ns)   --->   "%p_ZL8e0_ff_w2_1_load = load i3 %p_ZL8e0_ff_w2_1_addr" [src/moe.cpp:754]   --->   Operation 91 'load' 'p_ZL8e0_ff_w2_1_load' <Predicate = true> <Delay = 0.54> <CoreInst = "ROM">   --->   Core 101 'ROM' <Latency = 1> <II = 1> <Delay = 0.54> <Storage> <Opcode : 'load'> <Ports = 0> <Width = 32> <Depth = 8> <ROM>
ST_4 : Operation 92 [2/2] (3.88ns)   --->   "%mul65_1 = fmul i32 %p_ZL8e0_ff_w2_1_load, i32 %mux_case_110166_reload_read" [src/moe.cpp:754]   --->   Operation 92 'fmul' 'mul65_1' <Predicate = true> <Delay = 3.88> <CoreInst = "FMul_maxdsp">   --->   Core 30 'FMul_maxdsp' <Latency = 1> <II = 1> <Delay = 3.88> <FuncUnit> <Opcode : 'fmul'> <InPorts = 2> <OutPorts = 1>

State 5 <SV = 4> <Delay = 6.04>
ST_5 : Operation 93 [1/1] (0.00ns)   --->   "%p_ZL8e0_ff_w2_2_addr = getelementptr i32 %p_ZL8e0_ff_w2_2, i64 0, i64 %zext_ln750" [src/moe.cpp:754]   --->   Operation 93 'getelementptr' 'p_ZL8e0_ff_w2_2_addr' <Predicate = true> <Delay = 0.00>
ST_5 : Operation 94 [1/2] (6.04ns)   --->   "%acc_893 = fadd i32 %acc, i32 %mul4" [src/moe.cpp:754]   --->   Operation 94 'fadd' 'acc_893' <Predicate = true> <Delay = 6.04> <CoreInst = "FAddSub_fulldsp">   --->   Core 18 'FAddSub_fulldsp' <Latency = 1> <II = 1> <Delay = 6.04> <FuncUnit> <Opcode : 'fadd' 'fsub'> <InPorts = 2> <OutPorts = 1>
ST_5 : Operation 95 [1/2] (3.88ns)   --->   "%mul65_1 = fmul i32 %p_ZL8e0_ff_w2_1_load, i32 %mux_case_110166_reload_read" [src/moe.cpp:754]   --->   Operation 95 'fmul' 'mul65_1' <Predicate = true> <Delay = 3.88> <CoreInst = "FMul_maxdsp">   --->   Core 30 'FMul_maxdsp' <Latency = 1> <II = 1> <Delay = 3.88> <FuncUnit> <Opcode : 'fmul'> <InPorts = 2> <OutPorts = 1>
ST_5 : Operation 96 [2/2] (0.54ns)   --->   "%p_ZL8e0_ff_w2_2_load = load i3 %p_ZL8e0_ff_w2_2_addr" [src/moe.cpp:754]   --->   Operation 96 'load' 'p_ZL8e0_ff_w2_2_load' <Predicate = true> <Delay = 0.54> <CoreInst = "ROM">   --->   Core 101 'ROM' <Latency = 1> <II = 1> <Delay = 0.54> <Storage> <Opcode : 'load'> <Ports = 0> <Width = 32> <Depth = 8> <ROM>

State 6 <SV = 5> <Delay = 6.04>
ST_6 : Operation 97 [2/2] (6.04ns)   --->   "%acc_894 = fadd i32 %acc_893, i32 %mul65_1" [src/moe.cpp:754]   --->   Operation 97 'fadd' 'acc_894' <Predicate = true> <Delay = 6.04> <CoreInst = "FAddSub_fulldsp">   --->   Core 18 'FAddSub_fulldsp' <Latency = 1> <II = 1> <Delay = 6.04> <FuncUnit> <Opcode : 'fadd' 'fsub'> <InPorts = 2> <OutPorts = 1>
ST_6 : Operation 98 [1/2] (0.54ns)   --->   "%p_ZL8e0_ff_w2_2_load = load i3 %p_ZL8e0_ff_w2_2_addr" [src/moe.cpp:754]   --->   Operation 98 'load' 'p_ZL8e0_ff_w2_2_load' <Predicate = true> <Delay = 0.54> <CoreInst = "ROM">   --->   Core 101 'ROM' <Latency = 1> <II = 1> <Delay = 0.54> <Storage> <Opcode : 'load'> <Ports = 0> <Width = 32> <Depth = 8> <ROM>
ST_6 : Operation 99 [2/2] (3.88ns)   --->   "%mul65_2 = fmul i32 %p_ZL8e0_ff_w2_2_load, i32 %mux_case_211170_reload_read" [src/moe.cpp:754]   --->   Operation 99 'fmul' 'mul65_2' <Predicate = true> <Delay = 3.88> <CoreInst = "FMul_maxdsp">   --->   Core 30 'FMul_maxdsp' <Latency = 1> <II = 1> <Delay = 3.88> <FuncUnit> <Opcode : 'fmul'> <InPorts = 2> <OutPorts = 1>

State 7 <SV = 6> <Delay = 6.04>
ST_7 : Operation 100 [1/1] (0.00ns)   --->   "%p_ZL8e0_ff_w2_3_addr = getelementptr i32 %p_ZL8e0_ff_w2_3, i64 0, i64 %zext_ln750" [src/moe.cpp:754]   --->   Operation 100 'getelementptr' 'p_ZL8e0_ff_w2_3_addr' <Predicate = true> <Delay = 0.00>
ST_7 : Operation 101 [1/2] (6.04ns)   --->   "%acc_894 = fadd i32 %acc_893, i32 %mul65_1" [src/moe.cpp:754]   --->   Operation 101 'fadd' 'acc_894' <Predicate = true> <Delay = 6.04> <CoreInst = "FAddSub_fulldsp">   --->   Core 18 'FAddSub_fulldsp' <Latency = 1> <II = 1> <Delay = 6.04> <FuncUnit> <Opcode : 'fadd' 'fsub'> <InPorts = 2> <OutPorts = 1>
ST_7 : Operation 102 [1/2] (3.88ns)   --->   "%mul65_2 = fmul i32 %p_ZL8e0_ff_w2_2_load, i32 %mux_case_211170_reload_read" [src/moe.cpp:754]   --->   Operation 102 'fmul' 'mul65_2' <Predicate = true> <Delay = 3.88> <CoreInst = "FMul_maxdsp">   --->   Core 30 'FMul_maxdsp' <Latency = 1> <II = 1> <Delay = 3.88> <FuncUnit> <Opcode : 'fmul'> <InPorts = 2> <OutPorts = 1>
ST_7 : Operation 103 [2/2] (0.54ns)   --->   "%p_ZL8e0_ff_w2_3_load = load i3 %p_ZL8e0_ff_w2_3_addr" [src/moe.cpp:754]   --->   Operation 103 'load' 'p_ZL8e0_ff_w2_3_load' <Predicate = true> <Delay = 0.54> <CoreInst = "ROM">   --->   Core 101 'ROM' <Latency = 1> <II = 1> <Delay = 0.54> <Storage> <Opcode : 'load'> <Ports = 0> <Width = 32> <Depth = 8> <ROM>

State 8 <SV = 7> <Delay = 6.04>
ST_8 : Operation 104 [2/2] (6.04ns)   --->   "%acc_895 = fadd i32 %acc_894, i32 %mul65_2" [src/moe.cpp:754]   --->   Operation 104 'fadd' 'acc_895' <Predicate = true> <Delay = 6.04> <CoreInst = "FAddSub_fulldsp">   --->   Core 18 'FAddSub_fulldsp' <Latency = 1> <II = 1> <Delay = 6.04> <FuncUnit> <Opcode : 'fadd' 'fsub'> <InPorts = 2> <OutPorts = 1>
ST_8 : Operation 105 [1/2] (0.54ns)   --->   "%p_ZL8e0_ff_w2_3_load = load i3 %p_ZL8e0_ff_w2_3_addr" [src/moe.cpp:754]   --->   Operation 105 'load' 'p_ZL8e0_ff_w2_3_load' <Predicate = true> <Delay = 0.54> <CoreInst = "ROM">   --->   Core 101 'ROM' <Latency = 1> <II = 1> <Delay = 0.54> <Storage> <Opcode : 'load'> <Ports = 0> <Width = 32> <Depth = 8> <ROM>
ST_8 : Operation 106 [2/2] (3.88ns)   --->   "%mul65_3 = fmul i32 %p_ZL8e0_ff_w2_3_load, i32 %mux_case_312174_reload_read" [src/moe.cpp:754]   --->   Operation 106 'fmul' 'mul65_3' <Predicate = true> <Delay = 3.88> <CoreInst = "FMul_maxdsp">   --->   Core 30 'FMul_maxdsp' <Latency = 1> <II = 1> <Delay = 3.88> <FuncUnit> <Opcode : 'fmul'> <InPorts = 2> <OutPorts = 1>

State 9 <SV = 8> <Delay = 6.04>
ST_9 : Operation 107 [1/1] (0.00ns)   --->   "%p_ZL8e0_ff_w2_4_addr = getelementptr i32 %p_ZL8e0_ff_w2_4, i64 0, i64 %zext_ln750" [src/moe.cpp:754]   --->   Operation 107 'getelementptr' 'p_ZL8e0_ff_w2_4_addr' <Predicate = true> <Delay = 0.00>
ST_9 : Operation 108 [1/2] (6.04ns)   --->   "%acc_895 = fadd i32 %acc_894, i32 %mul65_2" [src/moe.cpp:754]   --->   Operation 108 'fadd' 'acc_895' <Predicate = true> <Delay = 6.04> <CoreInst = "FAddSub_fulldsp">   --->   Core 18 'FAddSub_fulldsp' <Latency = 1> <II = 1> <Delay = 6.04> <FuncUnit> <Opcode : 'fadd' 'fsub'> <InPorts = 2> <OutPorts = 1>
ST_9 : Operation 109 [1/2] (3.88ns)   --->   "%mul65_3 = fmul i32 %p_ZL8e0_ff_w2_3_load, i32 %mux_case_312174_reload_read" [src/moe.cpp:754]   --->   Operation 109 'fmul' 'mul65_3' <Predicate = true> <Delay = 3.88> <CoreInst = "FMul_maxdsp">   --->   Core 30 'FMul_maxdsp' <Latency = 1> <II = 1> <Delay = 3.88> <FuncUnit> <Opcode : 'fmul'> <InPorts = 2> <OutPorts = 1>
ST_9 : Operation 110 [2/2] (0.54ns)   --->   "%p_ZL8e0_ff_w2_4_load = load i3 %p_ZL8e0_ff_w2_4_addr" [src/moe.cpp:754]   --->   Operation 110 'load' 'p_ZL8e0_ff_w2_4_load' <Predicate = true> <Delay = 0.54> <CoreInst = "ROM">   --->   Core 101 'ROM' <Latency = 1> <II = 1> <Delay = 0.54> <Storage> <Opcode : 'load'> <Ports = 0> <Width = 32> <Depth = 8> <ROM>

State 10 <SV = 9> <Delay = 6.04>
ST_10 : Operation 111 [2/2] (6.04ns)   --->   "%acc_896 = fadd i32 %acc_895, i32 %mul65_3" [src/moe.cpp:754]   --->   Operation 111 'fadd' 'acc_896' <Predicate = true> <Delay = 6.04> <CoreInst = "FAddSub_fulldsp">   --->   Core 18 'FAddSub_fulldsp' <Latency = 1> <II = 1> <Delay = 6.04> <FuncUnit> <Opcode : 'fadd' 'fsub'> <InPorts = 2> <OutPorts = 1>
ST_10 : Operation 112 [1/2] (0.54ns)   --->   "%p_ZL8e0_ff_w2_4_load = load i3 %p_ZL8e0_ff_w2_4_addr" [src/moe.cpp:754]   --->   Operation 112 'load' 'p_ZL8e0_ff_w2_4_load' <Predicate = true> <Delay = 0.54> <CoreInst = "ROM">   --->   Core 101 'ROM' <Latency = 1> <II = 1> <Delay = 0.54> <Storage> <Opcode : 'load'> <Ports = 0> <Width = 32> <Depth = 8> <ROM>
ST_10 : Operation 113 [2/2] (3.88ns)   --->   "%mul65_4 = fmul i32 %p_ZL8e0_ff_w2_4_load, i32 %mux_case_413178_reload_read" [src/moe.cpp:754]   --->   Operation 113 'fmul' 'mul65_4' <Predicate = true> <Delay = 3.88> <CoreInst = "FMul_maxdsp">   --->   Core 30 'FMul_maxdsp' <Latency = 1> <II = 1> <Delay = 3.88> <FuncUnit> <Opcode : 'fmul'> <InPorts = 2> <OutPorts = 1>

State 11 <SV = 10> <Delay = 6.04>
ST_11 : Operation 114 [1/1] (0.00ns)   --->   "%p_ZL8e0_ff_w2_5_addr = getelementptr i32 %p_ZL8e0_ff_w2_5, i64 0, i64 %zext_ln750" [src/moe.cpp:754]   --->   Operation 114 'getelementptr' 'p_ZL8e0_ff_w2_5_addr' <Predicate = true> <Delay = 0.00>
ST_11 : Operation 115 [1/2] (6.04ns)   --->   "%acc_896 = fadd i32 %acc_895, i32 %mul65_3" [src/moe.cpp:754]   --->   Operation 115 'fadd' 'acc_896' <Predicate = true> <Delay = 6.04> <CoreInst = "FAddSub_fulldsp">   --->   Core 18 'FAddSub_fulldsp' <Latency = 1> <II = 1> <Delay = 6.04> <FuncUnit> <Opcode : 'fadd' 'fsub'> <InPorts = 2> <OutPorts = 1>
ST_11 : Operation 116 [1/2] (3.88ns)   --->   "%mul65_4 = fmul i32 %p_ZL8e0_ff_w2_4_load, i32 %mux_case_413178_reload_read" [src/moe.cpp:754]   --->   Operation 116 'fmul' 'mul65_4' <Predicate = true> <Delay = 3.88> <CoreInst = "FMul_maxdsp">   --->   Core 30 'FMul_maxdsp' <Latency = 1> <II = 1> <Delay = 3.88> <FuncUnit> <Opcode : 'fmul'> <InPorts = 2> <OutPorts = 1>
ST_11 : Operation 117 [2/2] (0.54ns)   --->   "%p_ZL8e0_ff_w2_5_load = load i3 %p_ZL8e0_ff_w2_5_addr" [src/moe.cpp:754]   --->   Operation 117 'load' 'p_ZL8e0_ff_w2_5_load' <Predicate = true> <Delay = 0.54> <CoreInst = "ROM">   --->   Core 101 'ROM' <Latency = 1> <II = 1> <Delay = 0.54> <Storage> <Opcode : 'load'> <Ports = 0> <Width = 32> <Depth = 8> <ROM>

State 12 <SV = 11> <Delay = 6.04>
ST_12 : Operation 118 [2/2] (6.04ns)   --->   "%acc_897 = fadd i32 %acc_896, i32 %mul65_4" [src/moe.cpp:754]   --->   Operation 118 'fadd' 'acc_897' <Predicate = true> <Delay = 6.04> <CoreInst = "FAddSub_fulldsp">   --->   Core 18 'FAddSub_fulldsp' <Latency = 1> <II = 1> <Delay = 6.04> <FuncUnit> <Opcode : 'fadd' 'fsub'> <InPorts = 2> <OutPorts = 1>
ST_12 : Operation 119 [1/2] (0.54ns)   --->   "%p_ZL8e0_ff_w2_5_load = load i3 %p_ZL8e0_ff_w2_5_addr" [src/moe.cpp:754]   --->   Operation 119 'load' 'p_ZL8e0_ff_w2_5_load' <Predicate = true> <Delay = 0.54> <CoreInst = "ROM">   --->   Core 101 'ROM' <Latency = 1> <II = 1> <Delay = 0.54> <Storage> <Opcode : 'load'> <Ports = 0> <Width = 32> <Depth = 8> <ROM>
ST_12 : Operation 120 [2/2] (3.88ns)   --->   "%mul65_5 = fmul i32 %p_ZL8e0_ff_w2_5_load, i32 %mux_case_514182_reload_read" [src/moe.cpp:754]   --->   Operation 120 'fmul' 'mul65_5' <Predicate = true> <Delay = 3.88> <CoreInst = "FMul_maxdsp">   --->   Core 30 'FMul_maxdsp' <Latency = 1> <II = 1> <Delay = 3.88> <FuncUnit> <Opcode : 'fmul'> <InPorts = 2> <OutPorts = 1>

State 13 <SV = 12> <Delay = 6.04>
ST_13 : Operation 121 [1/1] (0.00ns)   --->   "%p_ZL8e0_ff_w2_6_addr = getelementptr i32 %p_ZL8e0_ff_w2_6, i64 0, i64 %zext_ln750" [src/moe.cpp:754]   --->   Operation 121 'getelementptr' 'p_ZL8e0_ff_w2_6_addr' <Predicate = true> <Delay = 0.00>
ST_13 : Operation 122 [1/2] (6.04ns)   --->   "%acc_897 = fadd i32 %acc_896, i32 %mul65_4" [src/moe.cpp:754]   --->   Operation 122 'fadd' 'acc_897' <Predicate = true> <Delay = 6.04> <CoreInst = "FAddSub_fulldsp">   --->   Core 18 'FAddSub_fulldsp' <Latency = 1> <II = 1> <Delay = 6.04> <FuncUnit> <Opcode : 'fadd' 'fsub'> <InPorts = 2> <OutPorts = 1>
ST_13 : Operation 123 [1/2] (3.88ns)   --->   "%mul65_5 = fmul i32 %p_ZL8e0_ff_w2_5_load, i32 %mux_case_514182_reload_read" [src/moe.cpp:754]   --->   Operation 123 'fmul' 'mul65_5' <Predicate = true> <Delay = 3.88> <CoreInst = "FMul_maxdsp">   --->   Core 30 'FMul_maxdsp' <Latency = 1> <II = 1> <Delay = 3.88> <FuncUnit> <Opcode : 'fmul'> <InPorts = 2> <OutPorts = 1>
ST_13 : Operation 124 [2/2] (0.54ns)   --->   "%p_ZL8e0_ff_w2_6_load = load i3 %p_ZL8e0_ff_w2_6_addr" [src/moe.cpp:754]   --->   Operation 124 'load' 'p_ZL8e0_ff_w2_6_load' <Predicate = true> <Delay = 0.54> <CoreInst = "ROM">   --->   Core 101 'ROM' <Latency = 1> <II = 1> <Delay = 0.54> <Storage> <Opcode : 'load'> <Ports = 0> <Width = 32> <Depth = 8> <ROM>

State 14 <SV = 13> <Delay = 6.04>
ST_14 : Operation 125 [2/2] (6.04ns)   --->   "%acc_898 = fadd i32 %acc_897, i32 %mul65_5" [src/moe.cpp:754]   --->   Operation 125 'fadd' 'acc_898' <Predicate = true> <Delay = 6.04> <CoreInst = "FAddSub_fulldsp">   --->   Core 18 'FAddSub_fulldsp' <Latency = 1> <II = 1> <Delay = 6.04> <FuncUnit> <Opcode : 'fadd' 'fsub'> <InPorts = 2> <OutPorts = 1>
ST_14 : Operation 126 [1/2] (0.54ns)   --->   "%p_ZL8e0_ff_w2_6_load = load i3 %p_ZL8e0_ff_w2_6_addr" [src/moe.cpp:754]   --->   Operation 126 'load' 'p_ZL8e0_ff_w2_6_load' <Predicate = true> <Delay = 0.54> <CoreInst = "ROM">   --->   Core 101 'ROM' <Latency = 1> <II = 1> <Delay = 0.54> <Storage> <Opcode : 'load'> <Ports = 0> <Width = 32> <Depth = 8> <ROM>
ST_14 : Operation 127 [2/2] (3.88ns)   --->   "%mul65_6 = fmul i32 %p_ZL8e0_ff_w2_6_load, i32 %mux_case_615186_reload_read" [src/moe.cpp:754]   --->   Operation 127 'fmul' 'mul65_6' <Predicate = true> <Delay = 3.88> <CoreInst = "FMul_maxdsp">   --->   Core 30 'FMul_maxdsp' <Latency = 1> <II = 1> <Delay = 3.88> <FuncUnit> <Opcode : 'fmul'> <InPorts = 2> <OutPorts = 1>

State 15 <SV = 14> <Delay = 6.04>
ST_15 : Operation 128 [1/1] (0.00ns)   --->   "%p_ZL8e0_ff_w2_7_addr = getelementptr i32 %p_ZL8e0_ff_w2_7, i64 0, i64 %zext_ln750" [src/moe.cpp:754]   --->   Operation 128 'getelementptr' 'p_ZL8e0_ff_w2_7_addr' <Predicate = true> <Delay = 0.00>
ST_15 : Operation 129 [1/2] (6.04ns)   --->   "%acc_898 = fadd i32 %acc_897, i32 %mul65_5" [src/moe.cpp:754]   --->   Operation 129 'fadd' 'acc_898' <Predicate = true> <Delay = 6.04> <CoreInst = "FAddSub_fulldsp">   --->   Core 18 'FAddSub_fulldsp' <Latency = 1> <II = 1> <Delay = 6.04> <FuncUnit> <Opcode : 'fadd' 'fsub'> <InPorts = 2> <OutPorts = 1>
ST_15 : Operation 130 [1/2] (3.88ns)   --->   "%mul65_6 = fmul i32 %p_ZL8e0_ff_w2_6_load, i32 %mux_case_615186_reload_read" [src/moe.cpp:754]   --->   Operation 130 'fmul' 'mul65_6' <Predicate = true> <Delay = 3.88> <CoreInst = "FMul_maxdsp">   --->   Core 30 'FMul_maxdsp' <Latency = 1> <II = 1> <Delay = 3.88> <FuncUnit> <Opcode : 'fmul'> <InPorts = 2> <OutPorts = 1>
ST_15 : Operation 131 [2/2] (0.54ns)   --->   "%p_ZL8e0_ff_w2_7_load = load i3 %p_ZL8e0_ff_w2_7_addr" [src/moe.cpp:754]   --->   Operation 131 'load' 'p_ZL8e0_ff_w2_7_load' <Predicate = true> <Delay = 0.54> <CoreInst = "ROM">   --->   Core 101 'ROM' <Latency = 1> <II = 1> <Delay = 0.54> <Storage> <Opcode : 'load'> <Ports = 0> <Width = 32> <Depth = 8> <ROM>

State 16 <SV = 15> <Delay = 6.04>
ST_16 : Operation 132 [2/2] (6.04ns)   --->   "%acc_899 = fadd i32 %acc_898, i32 %mul65_6" [src/moe.cpp:754]   --->   Operation 132 'fadd' 'acc_899' <Predicate = true> <Delay = 6.04> <CoreInst = "FAddSub_fulldsp">   --->   Core 18 'FAddSub_fulldsp' <Latency = 1> <II = 1> <Delay = 6.04> <FuncUnit> <Opcode : 'fadd' 'fsub'> <InPorts = 2> <OutPorts = 1>
ST_16 : Operation 133 [1/2] (0.54ns)   --->   "%p_ZL8e0_ff_w2_7_load = load i3 %p_ZL8e0_ff_w2_7_addr" [src/moe.cpp:754]   --->   Operation 133 'load' 'p_ZL8e0_ff_w2_7_load' <Predicate = true> <Delay = 0.54> <CoreInst = "ROM">   --->   Core 101 'ROM' <Latency = 1> <II = 1> <Delay = 0.54> <Storage> <Opcode : 'load'> <Ports = 0> <Width = 32> <Depth = 8> <ROM>
ST_16 : Operation 134 [2/2] (3.88ns)   --->   "%mul65_7 = fmul i32 %p_ZL8e0_ff_w2_7_load, i32 %mux_case_716190_reload_read" [src/moe.cpp:754]   --->   Operation 134 'fmul' 'mul65_7' <Predicate = true> <Delay = 3.88> <CoreInst = "FMul_maxdsp">   --->   Core 30 'FMul_maxdsp' <Latency = 1> <II = 1> <Delay = 3.88> <FuncUnit> <Opcode : 'fmul'> <InPorts = 2> <OutPorts = 1>

State 17 <SV = 16> <Delay = 6.04>
ST_17 : Operation 135 [1/1] (0.00ns)   --->   "%p_ZL8e0_ff_w2_8_addr = getelementptr i32 %p_ZL8e0_ff_w2_8, i64 0, i64 %zext_ln750" [src/moe.cpp:754]   --->   Operation 135 'getelementptr' 'p_ZL8e0_ff_w2_8_addr' <Predicate = true> <Delay = 0.00>
ST_17 : Operation 136 [1/2] (6.04ns)   --->   "%acc_899 = fadd i32 %acc_898, i32 %mul65_6" [src/moe.cpp:754]   --->   Operation 136 'fadd' 'acc_899' <Predicate = true> <Delay = 6.04> <CoreInst = "FAddSub_fulldsp">   --->   Core 18 'FAddSub_fulldsp' <Latency = 1> <II = 1> <Delay = 6.04> <FuncUnit> <Opcode : 'fadd' 'fsub'> <InPorts = 2> <OutPorts = 1>
ST_17 : Operation 137 [1/2] (3.88ns)   --->   "%mul65_7 = fmul i32 %p_ZL8e0_ff_w2_7_load, i32 %mux_case_716190_reload_read" [src/moe.cpp:754]   --->   Operation 137 'fmul' 'mul65_7' <Predicate = true> <Delay = 3.88> <CoreInst = "FMul_maxdsp">   --->   Core 30 'FMul_maxdsp' <Latency = 1> <II = 1> <Delay = 3.88> <FuncUnit> <Opcode : 'fmul'> <InPorts = 2> <OutPorts = 1>
ST_17 : Operation 138 [2/2] (0.54ns)   --->   "%p_ZL8e0_ff_w2_8_load = load i3 %p_ZL8e0_ff_w2_8_addr" [src/moe.cpp:754]   --->   Operation 138 'load' 'p_ZL8e0_ff_w2_8_load' <Predicate = true> <Delay = 0.54> <CoreInst = "ROM">   --->   Core 101 'ROM' <Latency = 1> <II = 1> <Delay = 0.54> <Storage> <Opcode : 'load'> <Ports = 0> <Width = 32> <Depth = 8> <ROM>

State 18 <SV = 17> <Delay = 6.04>
ST_18 : Operation 139 [2/2] (6.04ns)   --->   "%acc_900 = fadd i32 %acc_899, i32 %mul65_7" [src/moe.cpp:754]   --->   Operation 139 'fadd' 'acc_900' <Predicate = true> <Delay = 6.04> <CoreInst = "FAddSub_fulldsp">   --->   Core 18 'FAddSub_fulldsp' <Latency = 1> <II = 1> <Delay = 6.04> <FuncUnit> <Opcode : 'fadd' 'fsub'> <InPorts = 2> <OutPorts = 1>
ST_18 : Operation 140 [1/2] (0.54ns)   --->   "%p_ZL8e0_ff_w2_8_load = load i3 %p_ZL8e0_ff_w2_8_addr" [src/moe.cpp:754]   --->   Operation 140 'load' 'p_ZL8e0_ff_w2_8_load' <Predicate = true> <Delay = 0.54> <CoreInst = "ROM">   --->   Core 101 'ROM' <Latency = 1> <II = 1> <Delay = 0.54> <Storage> <Opcode : 'load'> <Ports = 0> <Width = 32> <Depth = 8> <ROM>
ST_18 : Operation 141 [2/2] (3.88ns)   --->   "%mul65_8 = fmul i32 %p_ZL8e0_ff_w2_8_load, i32 %mux_case_817194_reload_read" [src/moe.cpp:754]   --->   Operation 141 'fmul' 'mul65_8' <Predicate = true> <Delay = 3.88> <CoreInst = "FMul_maxdsp">   --->   Core 30 'FMul_maxdsp' <Latency = 1> <II = 1> <Delay = 3.88> <FuncUnit> <Opcode : 'fmul'> <InPorts = 2> <OutPorts = 1>

State 19 <SV = 18> <Delay = 6.04>
ST_19 : Operation 142 [1/1] (0.00ns)   --->   "%p_ZL8e0_ff_w2_9_addr = getelementptr i32 %p_ZL8e0_ff_w2_9, i64 0, i64 %zext_ln750" [src/moe.cpp:754]   --->   Operation 142 'getelementptr' 'p_ZL8e0_ff_w2_9_addr' <Predicate = true> <Delay = 0.00>
ST_19 : Operation 143 [1/2] (6.04ns)   --->   "%acc_900 = fadd i32 %acc_899, i32 %mul65_7" [src/moe.cpp:754]   --->   Operation 143 'fadd' 'acc_900' <Predicate = true> <Delay = 6.04> <CoreInst = "FAddSub_fulldsp">   --->   Core 18 'FAddSub_fulldsp' <Latency = 1> <II = 1> <Delay = 6.04> <FuncUnit> <Opcode : 'fadd' 'fsub'> <InPorts = 2> <OutPorts = 1>
ST_19 : Operation 144 [1/2] (3.88ns)   --->   "%mul65_8 = fmul i32 %p_ZL8e0_ff_w2_8_load, i32 %mux_case_817194_reload_read" [src/moe.cpp:754]   --->   Operation 144 'fmul' 'mul65_8' <Predicate = true> <Delay = 3.88> <CoreInst = "FMul_maxdsp">   --->   Core 30 'FMul_maxdsp' <Latency = 1> <II = 1> <Delay = 3.88> <FuncUnit> <Opcode : 'fmul'> <InPorts = 2> <OutPorts = 1>
ST_19 : Operation 145 [2/2] (0.54ns)   --->   "%p_ZL8e0_ff_w2_9_load = load i3 %p_ZL8e0_ff_w2_9_addr" [src/moe.cpp:754]   --->   Operation 145 'load' 'p_ZL8e0_ff_w2_9_load' <Predicate = true> <Delay = 0.54> <CoreInst = "ROM">   --->   Core 101 'ROM' <Latency = 1> <II = 1> <Delay = 0.54> <Storage> <Opcode : 'load'> <Ports = 0> <Width = 32> <Depth = 8> <ROM>

State 20 <SV = 19> <Delay = 6.04>
ST_20 : Operation 146 [2/2] (6.04ns)   --->   "%acc_901 = fadd i32 %acc_900, i32 %mul65_8" [src/moe.cpp:754]   --->   Operation 146 'fadd' 'acc_901' <Predicate = true> <Delay = 6.04> <CoreInst = "FAddSub_fulldsp">   --->   Core 18 'FAddSub_fulldsp' <Latency = 1> <II = 1> <Delay = 6.04> <FuncUnit> <Opcode : 'fadd' 'fsub'> <InPorts = 2> <OutPorts = 1>
ST_20 : Operation 147 [1/2] (0.54ns)   --->   "%p_ZL8e0_ff_w2_9_load = load i3 %p_ZL8e0_ff_w2_9_addr" [src/moe.cpp:754]   --->   Operation 147 'load' 'p_ZL8e0_ff_w2_9_load' <Predicate = true> <Delay = 0.54> <CoreInst = "ROM">   --->   Core 101 'ROM' <Latency = 1> <II = 1> <Delay = 0.54> <Storage> <Opcode : 'load'> <Ports = 0> <Width = 32> <Depth = 8> <ROM>
ST_20 : Operation 148 [2/2] (3.88ns)   --->   "%mul65_9 = fmul i32 %p_ZL8e0_ff_w2_9_load, i32 %mux_case_918198_reload_read" [src/moe.cpp:754]   --->   Operation 148 'fmul' 'mul65_9' <Predicate = true> <Delay = 3.88> <CoreInst = "FMul_maxdsp">   --->   Core 30 'FMul_maxdsp' <Latency = 1> <II = 1> <Delay = 3.88> <FuncUnit> <Opcode : 'fmul'> <InPorts = 2> <OutPorts = 1>

State 21 <SV = 20> <Delay = 6.04>
ST_21 : Operation 149 [1/1] (0.00ns)   --->   "%p_ZL8e0_ff_w2_10_addr = getelementptr i32 %p_ZL8e0_ff_w2_10, i64 0, i64 %zext_ln750" [src/moe.cpp:754]   --->   Operation 149 'getelementptr' 'p_ZL8e0_ff_w2_10_addr' <Predicate = true> <Delay = 0.00>
ST_21 : Operation 150 [1/2] (6.04ns)   --->   "%acc_901 = fadd i32 %acc_900, i32 %mul65_8" [src/moe.cpp:754]   --->   Operation 150 'fadd' 'acc_901' <Predicate = true> <Delay = 6.04> <CoreInst = "FAddSub_fulldsp">   --->   Core 18 'FAddSub_fulldsp' <Latency = 1> <II = 1> <Delay = 6.04> <FuncUnit> <Opcode : 'fadd' 'fsub'> <InPorts = 2> <OutPorts = 1>
ST_21 : Operation 151 [1/2] (3.88ns)   --->   "%mul65_9 = fmul i32 %p_ZL8e0_ff_w2_9_load, i32 %mux_case_918198_reload_read" [src/moe.cpp:754]   --->   Operation 151 'fmul' 'mul65_9' <Predicate = true> <Delay = 3.88> <CoreInst = "FMul_maxdsp">   --->   Core 30 'FMul_maxdsp' <Latency = 1> <II = 1> <Delay = 3.88> <FuncUnit> <Opcode : 'fmul'> <InPorts = 2> <OutPorts = 1>
ST_21 : Operation 152 [2/2] (0.54ns)   --->   "%p_ZL8e0_ff_w2_10_load = load i3 %p_ZL8e0_ff_w2_10_addr" [src/moe.cpp:754]   --->   Operation 152 'load' 'p_ZL8e0_ff_w2_10_load' <Predicate = true> <Delay = 0.54> <CoreInst = "ROM">   --->   Core 101 'ROM' <Latency = 1> <II = 1> <Delay = 0.54> <Storage> <Opcode : 'load'> <Ports = 0> <Width = 32> <Depth = 8> <ROM>

State 22 <SV = 21> <Delay = 6.04>
ST_22 : Operation 153 [2/2] (6.04ns)   --->   "%acc_902 = fadd i32 %acc_901, i32 %mul65_9" [src/moe.cpp:754]   --->   Operation 153 'fadd' 'acc_902' <Predicate = true> <Delay = 6.04> <CoreInst = "FAddSub_fulldsp">   --->   Core 18 'FAddSub_fulldsp' <Latency = 1> <II = 1> <Delay = 6.04> <FuncUnit> <Opcode : 'fadd' 'fsub'> <InPorts = 2> <OutPorts = 1>
ST_22 : Operation 154 [1/2] (0.54ns)   --->   "%p_ZL8e0_ff_w2_10_load = load i3 %p_ZL8e0_ff_w2_10_addr" [src/moe.cpp:754]   --->   Operation 154 'load' 'p_ZL8e0_ff_w2_10_load' <Predicate = true> <Delay = 0.54> <CoreInst = "ROM">   --->   Core 101 'ROM' <Latency = 1> <II = 1> <Delay = 0.54> <Storage> <Opcode : 'load'> <Ports = 0> <Width = 32> <Depth = 8> <ROM>
ST_22 : Operation 155 [2/2] (3.88ns)   --->   "%mul65_s = fmul i32 %p_ZL8e0_ff_w2_10_load, i32 %mux_case_1019202_reload_read" [src/moe.cpp:754]   --->   Operation 155 'fmul' 'mul65_s' <Predicate = true> <Delay = 3.88> <CoreInst = "FMul_maxdsp">   --->   Core 30 'FMul_maxdsp' <Latency = 1> <II = 1> <Delay = 3.88> <FuncUnit> <Opcode : 'fmul'> <InPorts = 2> <OutPorts = 1>

State 23 <SV = 22> <Delay = 6.04>
ST_23 : Operation 156 [1/1] (0.00ns)   --->   "%p_ZL8e0_ff_w2_11_addr = getelementptr i32 %p_ZL8e0_ff_w2_11, i64 0, i64 %zext_ln750" [src/moe.cpp:754]   --->   Operation 156 'getelementptr' 'p_ZL8e0_ff_w2_11_addr' <Predicate = true> <Delay = 0.00>
ST_23 : Operation 157 [1/2] (6.04ns)   --->   "%acc_902 = fadd i32 %acc_901, i32 %mul65_9" [src/moe.cpp:754]   --->   Operation 157 'fadd' 'acc_902' <Predicate = true> <Delay = 6.04> <CoreInst = "FAddSub_fulldsp">   --->   Core 18 'FAddSub_fulldsp' <Latency = 1> <II = 1> <Delay = 6.04> <FuncUnit> <Opcode : 'fadd' 'fsub'> <InPorts = 2> <OutPorts = 1>
ST_23 : Operation 158 [1/2] (3.88ns)   --->   "%mul65_s = fmul i32 %p_ZL8e0_ff_w2_10_load, i32 %mux_case_1019202_reload_read" [src/moe.cpp:754]   --->   Operation 158 'fmul' 'mul65_s' <Predicate = true> <Delay = 3.88> <CoreInst = "FMul_maxdsp">   --->   Core 30 'FMul_maxdsp' <Latency = 1> <II = 1> <Delay = 3.88> <FuncUnit> <Opcode : 'fmul'> <InPorts = 2> <OutPorts = 1>
ST_23 : Operation 159 [2/2] (0.54ns)   --->   "%p_ZL8e0_ff_w2_11_load = load i3 %p_ZL8e0_ff_w2_11_addr" [src/moe.cpp:754]   --->   Operation 159 'load' 'p_ZL8e0_ff_w2_11_load' <Predicate = true> <Delay = 0.54> <CoreInst = "ROM">   --->   Core 101 'ROM' <Latency = 1> <II = 1> <Delay = 0.54> <Storage> <Opcode : 'load'> <Ports = 0> <Width = 32> <Depth = 8> <ROM>

State 24 <SV = 23> <Delay = 6.04>
ST_24 : Operation 160 [2/2] (6.04ns)   --->   "%acc_903 = fadd i32 %acc_902, i32 %mul65_s" [src/moe.cpp:754]   --->   Operation 160 'fadd' 'acc_903' <Predicate = true> <Delay = 6.04> <CoreInst = "FAddSub_fulldsp">   --->   Core 18 'FAddSub_fulldsp' <Latency = 1> <II = 1> <Delay = 6.04> <FuncUnit> <Opcode : 'fadd' 'fsub'> <InPorts = 2> <OutPorts = 1>
ST_24 : Operation 161 [1/2] (0.54ns)   --->   "%p_ZL8e0_ff_w2_11_load = load i3 %p_ZL8e0_ff_w2_11_addr" [src/moe.cpp:754]   --->   Operation 161 'load' 'p_ZL8e0_ff_w2_11_load' <Predicate = true> <Delay = 0.54> <CoreInst = "ROM">   --->   Core 101 'ROM' <Latency = 1> <II = 1> <Delay = 0.54> <Storage> <Opcode : 'load'> <Ports = 0> <Width = 32> <Depth = 8> <ROM>
ST_24 : Operation 162 [2/2] (3.88ns)   --->   "%mul65_10 = fmul i32 %p_ZL8e0_ff_w2_11_load, i32 %mux_case_1120206_reload_read" [src/moe.cpp:754]   --->   Operation 162 'fmul' 'mul65_10' <Predicate = true> <Delay = 3.88> <CoreInst = "FMul_maxdsp">   --->   Core 30 'FMul_maxdsp' <Latency = 1> <II = 1> <Delay = 3.88> <FuncUnit> <Opcode : 'fmul'> <InPorts = 2> <OutPorts = 1>

State 25 <SV = 24> <Delay = 6.04>
ST_25 : Operation 163 [1/1] (0.00ns)   --->   "%p_ZL8e0_ff_w2_12_addr = getelementptr i32 %p_ZL8e0_ff_w2_12, i64 0, i64 %zext_ln750" [src/moe.cpp:754]   --->   Operation 163 'getelementptr' 'p_ZL8e0_ff_w2_12_addr' <Predicate = true> <Delay = 0.00>
ST_25 : Operation 164 [1/2] (6.04ns)   --->   "%acc_903 = fadd i32 %acc_902, i32 %mul65_s" [src/moe.cpp:754]   --->   Operation 164 'fadd' 'acc_903' <Predicate = true> <Delay = 6.04> <CoreInst = "FAddSub_fulldsp">   --->   Core 18 'FAddSub_fulldsp' <Latency = 1> <II = 1> <Delay = 6.04> <FuncUnit> <Opcode : 'fadd' 'fsub'> <InPorts = 2> <OutPorts = 1>
ST_25 : Operation 165 [1/2] (3.88ns)   --->   "%mul65_10 = fmul i32 %p_ZL8e0_ff_w2_11_load, i32 %mux_case_1120206_reload_read" [src/moe.cpp:754]   --->   Operation 165 'fmul' 'mul65_10' <Predicate = true> <Delay = 3.88> <CoreInst = "FMul_maxdsp">   --->   Core 30 'FMul_maxdsp' <Latency = 1> <II = 1> <Delay = 3.88> <FuncUnit> <Opcode : 'fmul'> <InPorts = 2> <OutPorts = 1>
ST_25 : Operation 166 [2/2] (0.54ns)   --->   "%p_ZL8e0_ff_w2_12_load = load i3 %p_ZL8e0_ff_w2_12_addr" [src/moe.cpp:754]   --->   Operation 166 'load' 'p_ZL8e0_ff_w2_12_load' <Predicate = true> <Delay = 0.54> <CoreInst = "ROM">   --->   Core 101 'ROM' <Latency = 1> <II = 1> <Delay = 0.54> <Storage> <Opcode : 'load'> <Ports = 0> <Width = 32> <Depth = 8> <ROM>

State 26 <SV = 25> <Delay = 6.04>
ST_26 : Operation 167 [2/2] (6.04ns)   --->   "%acc_904 = fadd i32 %acc_903, i32 %mul65_10" [src/moe.cpp:754]   --->   Operation 167 'fadd' 'acc_904' <Predicate = true> <Delay = 6.04> <CoreInst = "FAddSub_fulldsp">   --->   Core 18 'FAddSub_fulldsp' <Latency = 1> <II = 1> <Delay = 6.04> <FuncUnit> <Opcode : 'fadd' 'fsub'> <InPorts = 2> <OutPorts = 1>
ST_26 : Operation 168 [1/2] (0.54ns)   --->   "%p_ZL8e0_ff_w2_12_load = load i3 %p_ZL8e0_ff_w2_12_addr" [src/moe.cpp:754]   --->   Operation 168 'load' 'p_ZL8e0_ff_w2_12_load' <Predicate = true> <Delay = 0.54> <CoreInst = "ROM">   --->   Core 101 'ROM' <Latency = 1> <II = 1> <Delay = 0.54> <Storage> <Opcode : 'load'> <Ports = 0> <Width = 32> <Depth = 8> <ROM>
ST_26 : Operation 169 [2/2] (3.88ns)   --->   "%mul65_11 = fmul i32 %p_ZL8e0_ff_w2_12_load, i32 %mux_case_1221210_reload_read" [src/moe.cpp:754]   --->   Operation 169 'fmul' 'mul65_11' <Predicate = true> <Delay = 3.88> <CoreInst = "FMul_maxdsp">   --->   Core 30 'FMul_maxdsp' <Latency = 1> <II = 1> <Delay = 3.88> <FuncUnit> <Opcode : 'fmul'> <InPorts = 2> <OutPorts = 1>

State 27 <SV = 26> <Delay = 6.04>
ST_27 : Operation 170 [1/1] (0.00ns)   --->   "%p_ZL8e0_ff_w2_13_addr = getelementptr i32 %p_ZL8e0_ff_w2_13, i64 0, i64 %zext_ln750" [src/moe.cpp:754]   --->   Operation 170 'getelementptr' 'p_ZL8e0_ff_w2_13_addr' <Predicate = true> <Delay = 0.00>
ST_27 : Operation 171 [1/1] (0.00ns)   --->   "%p_ZL8e0_ff_w2_14_addr = getelementptr i32 %p_ZL8e0_ff_w2_14, i64 0, i64 %zext_ln750" [src/moe.cpp:754]   --->   Operation 171 'getelementptr' 'p_ZL8e0_ff_w2_14_addr' <Predicate = true> <Delay = 0.00>
ST_27 : Operation 172 [1/1] (0.00ns)   --->   "%p_ZL8e0_ff_w2_15_addr = getelementptr i32 %p_ZL8e0_ff_w2_15, i64 0, i64 %zext_ln750" [src/moe.cpp:754]   --->   Operation 172 'getelementptr' 'p_ZL8e0_ff_w2_15_addr' <Predicate = true> <Delay = 0.00>
ST_27 : Operation 173 [1/2] (6.04ns)   --->   "%acc_904 = fadd i32 %acc_903, i32 %mul65_10" [src/moe.cpp:754]   --->   Operation 173 'fadd' 'acc_904' <Predicate = true> <Delay = 6.04> <CoreInst = "FAddSub_fulldsp">   --->   Core 18 'FAddSub_fulldsp' <Latency = 1> <II = 1> <Delay = 6.04> <FuncUnit> <Opcode : 'fadd' 'fsub'> <InPorts = 2> <OutPorts = 1>
ST_27 : Operation 174 [1/2] (3.88ns)   --->   "%mul65_11 = fmul i32 %p_ZL8e0_ff_w2_12_load, i32 %mux_case_1221210_reload_read" [src/moe.cpp:754]   --->   Operation 174 'fmul' 'mul65_11' <Predicate = true> <Delay = 3.88> <CoreInst = "FMul_maxdsp">   --->   Core 30 'FMul_maxdsp' <Latency = 1> <II = 1> <Delay = 3.88> <FuncUnit> <Opcode : 'fmul'> <InPorts = 2> <OutPorts = 1>
ST_27 : Operation 175 [2/2] (0.54ns)   --->   "%p_ZL8e0_ff_w2_13_load = load i3 %p_ZL8e0_ff_w2_13_addr" [src/moe.cpp:754]   --->   Operation 175 'load' 'p_ZL8e0_ff_w2_13_load' <Predicate = true> <Delay = 0.54> <CoreInst = "ROM">   --->   Core 101 'ROM' <Latency = 1> <II = 1> <Delay = 0.54> <Storage> <Opcode : 'load'> <Ports = 0> <Width = 32> <Depth = 8> <ROM>
ST_27 : Operation 176 [2/2] (0.54ns)   --->   "%p_ZL8e0_ff_w2_14_load = load i3 %p_ZL8e0_ff_w2_14_addr" [src/moe.cpp:754]   --->   Operation 176 'load' 'p_ZL8e0_ff_w2_14_load' <Predicate = true> <Delay = 0.54> <CoreInst = "ROM">   --->   Core 101 'ROM' <Latency = 1> <II = 1> <Delay = 0.54> <Storage> <Opcode : 'load'> <Ports = 0> <Width = 32> <Depth = 8> <ROM>
ST_27 : Operation 177 [2/2] (0.54ns)   --->   "%p_ZL8e0_ff_w2_15_load = load i3 %p_ZL8e0_ff_w2_15_addr" [src/moe.cpp:754]   --->   Operation 177 'load' 'p_ZL8e0_ff_w2_15_load' <Predicate = true> <Delay = 0.54> <CoreInst = "ROM">   --->   Core 101 'ROM' <Latency = 1> <II = 1> <Delay = 0.54> <Storage> <Opcode : 'load'> <Ports = 0> <Width = 32> <Depth = 8> <ROM>

State 28 <SV = 27> <Delay = 6.04>
ST_28 : Operation 178 [2/2] (6.04ns)   --->   "%acc_905 = fadd i32 %acc_904, i32 %mul65_11" [src/moe.cpp:754]   --->   Operation 178 'fadd' 'acc_905' <Predicate = true> <Delay = 6.04> <CoreInst = "FAddSub_fulldsp">   --->   Core 18 'FAddSub_fulldsp' <Latency = 1> <II = 1> <Delay = 6.04> <FuncUnit> <Opcode : 'fadd' 'fsub'> <InPorts = 2> <OutPorts = 1>
ST_28 : Operation 179 [1/2] (0.54ns)   --->   "%p_ZL8e0_ff_w2_13_load = load i3 %p_ZL8e0_ff_w2_13_addr" [src/moe.cpp:754]   --->   Operation 179 'load' 'p_ZL8e0_ff_w2_13_load' <Predicate = true> <Delay = 0.54> <CoreInst = "ROM">   --->   Core 101 'ROM' <Latency = 1> <II = 1> <Delay = 0.54> <Storage> <Opcode : 'load'> <Ports = 0> <Width = 32> <Depth = 8> <ROM>
ST_28 : Operation 180 [2/2] (3.88ns)   --->   "%mul65_12 = fmul i32 %p_ZL8e0_ff_w2_13_load, i32 %mux_case_1322214_reload_read" [src/moe.cpp:754]   --->   Operation 180 'fmul' 'mul65_12' <Predicate = true> <Delay = 3.88> <CoreInst = "FMul_maxdsp">   --->   Core 30 'FMul_maxdsp' <Latency = 1> <II = 1> <Delay = 3.88> <FuncUnit> <Opcode : 'fmul'> <InPorts = 2> <OutPorts = 1>
ST_28 : Operation 181 [1/2] (0.54ns)   --->   "%p_ZL8e0_ff_w2_14_load = load i3 %p_ZL8e0_ff_w2_14_addr" [src/moe.cpp:754]   --->   Operation 181 'load' 'p_ZL8e0_ff_w2_14_load' <Predicate = true> <Delay = 0.54> <CoreInst = "ROM">   --->   Core 101 'ROM' <Latency = 1> <II = 1> <Delay = 0.54> <Storage> <Opcode : 'load'> <Ports = 0> <Width = 32> <Depth = 8> <ROM>
ST_28 : Operation 182 [2/2] (3.88ns)   --->   "%mul65_13 = fmul i32 %p_ZL8e0_ff_w2_14_load, i32 %mux_case_1423218_reload_read" [src/moe.cpp:754]   --->   Operation 182 'fmul' 'mul65_13' <Predicate = true> <Delay = 3.88> <CoreInst = "FMul_maxdsp">   --->   Core 30 'FMul_maxdsp' <Latency = 1> <II = 1> <Delay = 3.88> <FuncUnit> <Opcode : 'fmul'> <InPorts = 2> <OutPorts = 1>
ST_28 : Operation 183 [1/2] (0.54ns)   --->   "%p_ZL8e0_ff_w2_15_load = load i3 %p_ZL8e0_ff_w2_15_addr" [src/moe.cpp:754]   --->   Operation 183 'load' 'p_ZL8e0_ff_w2_15_load' <Predicate = true> <Delay = 0.54> <CoreInst = "ROM">   --->   Core 101 'ROM' <Latency = 1> <II = 1> <Delay = 0.54> <Storage> <Opcode : 'load'> <Ports = 0> <Width = 32> <Depth = 8> <ROM>
ST_28 : Operation 184 [2/2] (3.88ns)   --->   "%mul65_14 = fmul i32 %p_ZL8e0_ff_w2_15_load, i32 %mux_case_1524222_reload_read" [src/moe.cpp:754]   --->   Operation 184 'fmul' 'mul65_14' <Predicate = true> <Delay = 3.88> <CoreInst = "FMul_maxdsp">   --->   Core 30 'FMul_maxdsp' <Latency = 1> <II = 1> <Delay = 3.88> <FuncUnit> <Opcode : 'fmul'> <InPorts = 2> <OutPorts = 1>

State 29 <SV = 28> <Delay = 6.04>
ST_29 : Operation 185 [1/2] (6.04ns)   --->   "%acc_905 = fadd i32 %acc_904, i32 %mul65_11" [src/moe.cpp:754]   --->   Operation 185 'fadd' 'acc_905' <Predicate = true> <Delay = 6.04> <CoreInst = "FAddSub_fulldsp">   --->   Core 18 'FAddSub_fulldsp' <Latency = 1> <II = 1> <Delay = 6.04> <FuncUnit> <Opcode : 'fadd' 'fsub'> <InPorts = 2> <OutPorts = 1>
ST_29 : Operation 186 [1/2] (3.88ns)   --->   "%mul65_12 = fmul i32 %p_ZL8e0_ff_w2_13_load, i32 %mux_case_1322214_reload_read" [src/moe.cpp:754]   --->   Operation 186 'fmul' 'mul65_12' <Predicate = true> <Delay = 3.88> <CoreInst = "FMul_maxdsp">   --->   Core 30 'FMul_maxdsp' <Latency = 1> <II = 1> <Delay = 3.88> <FuncUnit> <Opcode : 'fmul'> <InPorts = 2> <OutPorts = 1>
ST_29 : Operation 187 [1/2] (3.88ns)   --->   "%mul65_13 = fmul i32 %p_ZL8e0_ff_w2_14_load, i32 %mux_case_1423218_reload_read" [src/moe.cpp:754]   --->   Operation 187 'fmul' 'mul65_13' <Predicate = true> <Delay = 3.88> <CoreInst = "FMul_maxdsp">   --->   Core 30 'FMul_maxdsp' <Latency = 1> <II = 1> <Delay = 3.88> <FuncUnit> <Opcode : 'fmul'> <InPorts = 2> <OutPorts = 1>
ST_29 : Operation 188 [1/2] (3.88ns)   --->   "%mul65_14 = fmul i32 %p_ZL8e0_ff_w2_15_load, i32 %mux_case_1524222_reload_read" [src/moe.cpp:754]   --->   Operation 188 'fmul' 'mul65_14' <Predicate = true> <Delay = 3.88> <CoreInst = "FMul_maxdsp">   --->   Core 30 'FMul_maxdsp' <Latency = 1> <II = 1> <Delay = 3.88> <FuncUnit> <Opcode : 'fmul'> <InPorts = 2> <OutPorts = 1>

State 30 <SV = 29> <Delay = 6.04>
ST_30 : Operation 189 [2/2] (6.04ns)   --->   "%acc_906 = fadd i32 %acc_905, i32 %mul65_12" [src/moe.cpp:754]   --->   Operation 189 'fadd' 'acc_906' <Predicate = true> <Delay = 6.04> <CoreInst = "FAddSub_fulldsp">   --->   Core 18 'FAddSub_fulldsp' <Latency = 1> <II = 1> <Delay = 6.04> <FuncUnit> <Opcode : 'fadd' 'fsub'> <InPorts = 2> <OutPorts = 1>

State 31 <SV = 30> <Delay = 6.04>
ST_31 : Operation 190 [1/2] (6.04ns)   --->   "%acc_906 = fadd i32 %acc_905, i32 %mul65_12" [src/moe.cpp:754]   --->   Operation 190 'fadd' 'acc_906' <Predicate = true> <Delay = 6.04> <CoreInst = "FAddSub_fulldsp">   --->   Core 18 'FAddSub_fulldsp' <Latency = 1> <II = 1> <Delay = 6.04> <FuncUnit> <Opcode : 'fadd' 'fsub'> <InPorts = 2> <OutPorts = 1>

State 32 <SV = 31> <Delay = 6.04>
ST_32 : Operation 191 [2/2] (6.04ns)   --->   "%acc_907 = fadd i32 %acc_906, i32 %mul65_13" [src/moe.cpp:754]   --->   Operation 191 'fadd' 'acc_907' <Predicate = true> <Delay = 6.04> <CoreInst = "FAddSub_fulldsp">   --->   Core 18 'FAddSub_fulldsp' <Latency = 1> <II = 1> <Delay = 6.04> <FuncUnit> <Opcode : 'fadd' 'fsub'> <InPorts = 2> <OutPorts = 1>

State 33 <SV = 32> <Delay = 6.04>
ST_33 : Operation 192 [1/2] (6.04ns)   --->   "%acc_907 = fadd i32 %acc_906, i32 %mul65_13" [src/moe.cpp:754]   --->   Operation 192 'fadd' 'acc_907' <Predicate = true> <Delay = 6.04> <CoreInst = "FAddSub_fulldsp">   --->   Core 18 'FAddSub_fulldsp' <Latency = 1> <II = 1> <Delay = 6.04> <FuncUnit> <Opcode : 'fadd' 'fsub'> <InPorts = 2> <OutPorts = 1>

State 34 <SV = 33> <Delay = 6.04>
ST_34 : Operation 193 [2/2] (6.04ns)   --->   "%acc_908 = fadd i32 %acc_907, i32 %mul65_14" [src/moe.cpp:754]   --->   Operation 193 'fadd' 'acc_908' <Predicate = true> <Delay = 6.04> <CoreInst = "FAddSub_fulldsp">   --->   Core 18 'FAddSub_fulldsp' <Latency = 1> <II = 1> <Delay = 6.04> <FuncUnit> <Opcode : 'fadd' 'fsub'> <InPorts = 2> <OutPorts = 1>

State 35 <SV = 34> <Delay = 6.04>
ST_35 : Operation 194 [1/2] (6.04ns)   --->   "%acc_908 = fadd i32 %acc_907, i32 %mul65_14" [src/moe.cpp:754]   --->   Operation 194 'fadd' 'acc_908' <Predicate = true> <Delay = 6.04> <CoreInst = "FAddSub_fulldsp">   --->   Core 18 'FAddSub_fulldsp' <Latency = 1> <II = 1> <Delay = 6.04> <FuncUnit> <Opcode : 'fadd' 'fsub'> <InPorts = 2> <OutPorts = 1>

State 36 <SV = 35> <Delay = 6.28>
ST_36 : Operation 195 [4/4] (6.28ns)   --->   "%tmp_4 = fexp i32 @llvm.exp.f32, i32 %acc_908" [src/moe.cpp:548->src/moe.cpp:757]   --->   Operation 195 'fexp' 'tmp_4' <Predicate = true> <Delay = 6.28> <CoreInst = "FExp_fulldsp">   --->   Core 23 'FExp_fulldsp' <Latency = 3> <II = 1> <Delay = 6.28> <FuncUnit> <Opcode : 'fexp'> <InPorts = 1> <OutPorts = 1>

State 37 <SV = 36> <Delay = 6.28>
ST_37 : Operation 196 [3/4] (6.28ns)   --->   "%tmp_4 = fexp i32 @llvm.exp.f32, i32 %acc_908" [src/moe.cpp:548->src/moe.cpp:757]   --->   Operation 196 'fexp' 'tmp_4' <Predicate = true> <Delay = 6.28> <CoreInst = "FExp_fulldsp">   --->   Core 23 'FExp_fulldsp' <Latency = 3> <II = 1> <Delay = 6.28> <FuncUnit> <Opcode : 'fexp'> <InPorts = 1> <OutPorts = 1>

State 38 <SV = 37> <Delay = 6.28>
ST_38 : Operation 197 [2/4] (6.28ns)   --->   "%tmp_4 = fexp i32 @llvm.exp.f32, i32 %acc_908" [src/moe.cpp:548->src/moe.cpp:757]   --->   Operation 197 'fexp' 'tmp_4' <Predicate = true> <Delay = 6.28> <CoreInst = "FExp_fulldsp">   --->   Core 23 'FExp_fulldsp' <Latency = 3> <II = 1> <Delay = 6.28> <FuncUnit> <Opcode : 'fexp'> <InPorts = 1> <OutPorts = 1>

State 39 <SV = 38> <Delay = 6.28>
ST_39 : Operation 198 [1/4] (6.28ns)   --->   "%tmp_4 = fexp i32 @llvm.exp.f32, i32 %acc_908" [src/moe.cpp:548->src/moe.cpp:757]   --->   Operation 198 'fexp' 'tmp_4' <Predicate = true> <Delay = 6.28> <CoreInst = "FExp_fulldsp">   --->   Core 23 'FExp_fulldsp' <Latency = 3> <II = 1> <Delay = 6.28> <FuncUnit> <Opcode : 'fexp'> <InPorts = 1> <OutPorts = 1>

State 40 <SV = 39> <Delay = 6.04>
ST_40 : Operation 199 [2/2] (6.04ns)   --->   "%sub_i2 = fadd i32 %tmp_4, i32 -1" [src/moe.cpp:548->src/moe.cpp:757]   --->   Operation 199 'fadd' 'sub_i2' <Predicate = true> <Delay = 6.04> <CoreInst = "FAddSub_fulldsp">   --->   Core 18 'FAddSub_fulldsp' <Latency = 1> <II = 1> <Delay = 6.04> <FuncUnit> <Opcode : 'fadd' 'fsub'> <InPorts = 2> <OutPorts = 1>
ST_40 : Operation 229 [1/1] (0.00ns)   --->   "%mux_case_025225_load = load i32 %mux_case_025225"   --->   Operation 229 'load' 'mux_case_025225_load' <Predicate = (icmp_ln750)> <Delay = 0.00>
ST_40 : Operation 230 [1/1] (0.00ns)   --->   "%mux_case_126228_load = load i32 %mux_case_126228"   --->   Operation 230 'load' 'mux_case_126228_load' <Predicate = (icmp_ln750)> <Delay = 0.00>
ST_40 : Operation 231 [1/1] (0.00ns)   --->   "%mux_case_227231_load = load i32 %mux_case_227231"   --->   Operation 231 'load' 'mux_case_227231_load' <Predicate = (icmp_ln750)> <Delay = 0.00>
ST_40 : Operation 232 [1/1] (0.00ns)   --->   "%mux_case_328234_load = load i32 %mux_case_328234"   --->   Operation 232 'load' 'mux_case_328234_load' <Predicate = (icmp_ln750)> <Delay = 0.00>
ST_40 : Operation 233 [1/1] (0.00ns)   --->   "%mux_case_429237_load = load i32 %mux_case_429237"   --->   Operation 233 'load' 'mux_case_429237_load' <Predicate = (icmp_ln750)> <Delay = 0.00>
ST_40 : Operation 234 [1/1] (0.00ns)   --->   "%mux_case_530240_load = load i32 %mux_case_530240"   --->   Operation 234 'load' 'mux_case_530240_load' <Predicate = (icmp_ln750)> <Delay = 0.00>
ST_40 : Operation 235 [1/1] (0.00ns)   --->   "%mux_case_631243_load = load i32 %mux_case_631243"   --->   Operation 235 'load' 'mux_case_631243_load' <Predicate = (icmp_ln750)> <Delay = 0.00>
ST_40 : Operation 236 [1/1] (0.00ns)   --->   "%mux_case_732246_load = load i32 %mux_case_732246"   --->   Operation 236 'load' 'mux_case_732246_load' <Predicate = (icmp_ln750)> <Delay = 0.00>
ST_40 : Operation 237 [1/1] (0.00ns)   --->   "%write_ln0 = write void @_ssdm_op_Write.ap_auto.floatP0A, i32 %mux_case_732246_out, i32 %mux_case_732246_load"   --->   Operation 237 'write' 'write_ln0' <Predicate = (icmp_ln750)> <Delay = 0.00>
ST_40 : Operation 238 [1/1] (0.00ns)   --->   "%write_ln0 = write void @_ssdm_op_Write.ap_auto.floatP0A, i32 %mux_case_631243_out, i32 %mux_case_631243_load"   --->   Operation 238 'write' 'write_ln0' <Predicate = (icmp_ln750)> <Delay = 0.00>
ST_40 : Operation 239 [1/1] (0.00ns)   --->   "%write_ln0 = write void @_ssdm_op_Write.ap_auto.floatP0A, i32 %mux_case_530240_out, i32 %mux_case_530240_load"   --->   Operation 239 'write' 'write_ln0' <Predicate = (icmp_ln750)> <Delay = 0.00>
ST_40 : Operation 240 [1/1] (0.00ns)   --->   "%write_ln0 = write void @_ssdm_op_Write.ap_auto.floatP0A, i32 %mux_case_429237_out, i32 %mux_case_429237_load"   --->   Operation 240 'write' 'write_ln0' <Predicate = (icmp_ln750)> <Delay = 0.00>
ST_40 : Operation 241 [1/1] (0.00ns)   --->   "%write_ln0 = write void @_ssdm_op_Write.ap_auto.floatP0A, i32 %mux_case_328234_out, i32 %mux_case_328234_load"   --->   Operation 241 'write' 'write_ln0' <Predicate = (icmp_ln750)> <Delay = 0.00>
ST_40 : Operation 242 [1/1] (0.00ns)   --->   "%write_ln0 = write void @_ssdm_op_Write.ap_auto.floatP0A, i32 %mux_case_227231_out, i32 %mux_case_227231_load"   --->   Operation 242 'write' 'write_ln0' <Predicate = (icmp_ln750)> <Delay = 0.00>
ST_40 : Operation 243 [1/1] (0.00ns)   --->   "%write_ln0 = write void @_ssdm_op_Write.ap_auto.floatP0A, i32 %mux_case_126228_out, i32 %mux_case_126228_load"   --->   Operation 243 'write' 'write_ln0' <Predicate = (icmp_ln750)> <Delay = 0.00>
ST_40 : Operation 244 [1/1] (0.00ns)   --->   "%write_ln0 = write void @_ssdm_op_Write.ap_auto.floatP0A, i32 %mux_case_025225_out, i32 %mux_case_025225_load"   --->   Operation 244 'write' 'write_ln0' <Predicate = (icmp_ln750)> <Delay = 0.00>
ST_40 : Operation 245 [1/1] (0.00ns)   --->   "%ret_ln0 = ret"   --->   Operation 245 'ret' 'ret_ln0' <Predicate = (icmp_ln750)> <Delay = 0.00>

State 41 <SV = 40> <Delay = 7.02>
ST_41 : Operation 200 [1/1] (0.00ns)   --->   "%specpipeline_ln750 = specpipeline void @_ssdm_op_SpecPipeline, i32 4294967295, i32 0, i32 0, i32 0, void @empty" [src/moe.cpp:750]   --->   Operation 200 'specpipeline' 'specpipeline_ln750' <Predicate = true> <Delay = 0.00>
ST_41 : Operation 201 [1/1] (0.00ns)   --->   "%speclooptripcount_ln750 = speclooptripcount void @_ssdm_op_SpecLoopTripCount, i64 8, i64 8, i64 8" [src/moe.cpp:750]   --->   Operation 201 'speclooptripcount' 'speclooptripcount_ln750' <Predicate = true> <Delay = 0.00>
ST_41 : Operation 202 [1/1] (0.00ns)   --->   "%specloopname_ln750 = specloopname void @_ssdm_op_SpecLoopName, void @empty_14" [src/moe.cpp:750]   --->   Operation 202 'specloopname' 'specloopname_ln750' <Predicate = true> <Delay = 0.00>
ST_41 : Operation 203 [1/1] (0.00ns)   --->   "%bitcast_ln545 = bitcast i32 %acc_908" [src/moe.cpp:545->src/moe.cpp:757]   --->   Operation 203 'bitcast' 'bitcast_ln545' <Predicate = true> <Delay = 0.00>
ST_41 : Operation 204 [1/1] (0.00ns)   --->   "%tmp_s = partselect i8 @_ssdm_op_PartSelect.i8.i32.i32.i32, i32 %bitcast_ln545, i32 23, i32 30" [src/moe.cpp:545->src/moe.cpp:757]   --->   Operation 204 'partselect' 'tmp_s' <Predicate = true> <Delay = 0.00>
ST_41 : Operation 205 [1/1] (0.00ns)   --->   "%trunc_ln545 = trunc i32 %bitcast_ln545" [src/moe.cpp:545->src/moe.cpp:757]   --->   Operation 205 'trunc' 'trunc_ln545' <Predicate = true> <Delay = 0.00>
ST_41 : Operation 206 [1/1] (0.65ns)   --->   "%icmp_ln545 = icmp_ne  i8 %tmp_s, i8 255" [src/moe.cpp:545->src/moe.cpp:757]   --->   Operation 206 'icmp' 'icmp_ln545' <Predicate = true> <Delay = 0.65> <CoreInst = "Cmp">   --->   Core 9 'Cmp' <Latency = 0> <II = 1> <Delay = 0.65> <FuncUnit> <Opcode : 'icmp'> <InPorts = 2> <OutPorts = 1>
ST_41 : Operation 207 [1/1] (0.75ns)   --->   "%icmp_ln545_49 = icmp_eq  i23 %trunc_ln545, i23 0" [src/moe.cpp:545->src/moe.cpp:757]   --->   Operation 207 'icmp' 'icmp_ln545_49' <Predicate = true> <Delay = 0.75> <CoreInst = "Cmp">   --->   Core 9 'Cmp' <Latency = 0> <II = 1> <Delay = 0.75> <FuncUnit> <Opcode : 'icmp'> <InPorts = 2> <OutPorts = 1>
ST_41 : Operation 208 [1/1] (0.00ns) (grouped into LUT with out node l3)   --->   "%or_ln545 = or i1 %icmp_ln545_49, i1 %icmp_ln545" [src/moe.cpp:545->src/moe.cpp:757]   --->   Operation 208 'or' 'or_ln545' <Predicate = true> <Delay = 0.00> <CoreInst = "LogicGate">   --->   Core 74 'LogicGate' <Latency = 0> <II = 1> <Delay = 0.11> <FuncUnit> <Opcode : 'and' 'or' 'xor'> <InPorts = 2> <OutPorts = 1>
ST_41 : Operation 209 [1/1] (6.81ns)   --->   "%tmp_59 = fcmp_oge  i32 %acc_908, i32 0" [src/moe.cpp:545->src/moe.cpp:757]   --->   Operation 209 'fcmp' 'tmp_59' <Predicate = true> <Delay = 6.81> <CoreInst = "FCompare">   --->   Core 19 'FCompare' <Latency = 0> <II = 1> <Delay = 6.81> <FuncUnit> <Opcode : 'fcmp'> <InPorts = 2> <OutPorts = 1>
ST_41 : Operation 210 [1/1] (0.00ns) (grouped into LUT with out node l3)   --->   "%and_ln545 = and i1 %or_ln545, i1 %tmp_59" [src/moe.cpp:545->src/moe.cpp:757]   --->   Operation 210 'and' 'and_ln545' <Predicate = true> <Delay = 0.00> <CoreInst = "LogicGate">   --->   Core 74 'LogicGate' <Latency = 0> <II = 1> <Delay = 0.11> <FuncUnit> <Opcode : 'and' 'or' 'xor'> <InPorts = 2> <OutPorts = 1>
ST_41 : Operation 211 [1/2] (6.04ns)   --->   "%sub_i2 = fadd i32 %tmp_4, i32 -1" [src/moe.cpp:548->src/moe.cpp:757]   --->   Operation 211 'fadd' 'sub_i2' <Predicate = true> <Delay = 6.04> <CoreInst = "FAddSub_fulldsp">   --->   Core 18 'FAddSub_fulldsp' <Latency = 1> <II = 1> <Delay = 6.04> <FuncUnit> <Opcode : 'fadd' 'fsub'> <InPorts = 2> <OutPorts = 1>
ST_41 : Operation 212 [1/1] (0.21ns) (out node of the LUT)   --->   "%l3 = select i1 %and_ln545, i32 %acc_908, i32 %sub_i2" [src/moe.cpp:545->src/moe.cpp:757]   --->   Operation 212 'select' 'l3' <Predicate = true> <Delay = 0.21> <CoreInst = "Sel">   --->   Core 73 'Sel' <Latency = 0> <II = 1> <Delay = 0.21> <FuncUnit> <Opcode : 'select'> <InPorts = 3> <OutPorts = 1>
ST_41 : Operation 213 [1/1] (0.00ns)   --->   "%store_ln545 = store i32 %l3, i32 %mux_case_631243" [src/moe.cpp:545->src/moe.cpp:757]   --->   Operation 213 'store' 'store_ln545' <Predicate = (trunc_ln750 == 6)> <Delay = 0.00>
ST_41 : Operation 214 [1/1] (0.00ns)   --->   "%br_ln757 = br void %arrayidx72.exit" [src/moe.cpp:757]   --->   Operation 214 'br' 'br_ln757' <Predicate = (trunc_ln750 == 6)> <Delay = 0.00>
ST_41 : Operation 215 [1/1] (0.00ns)   --->   "%store_ln545 = store i32 %l3, i32 %mux_case_530240" [src/moe.cpp:545->src/moe.cpp:757]   --->   Operation 215 'store' 'store_ln545' <Predicate = (trunc_ln750 == 5)> <Delay = 0.00>
ST_41 : Operation 216 [1/1] (0.00ns)   --->   "%br_ln757 = br void %arrayidx72.exit" [src/moe.cpp:757]   --->   Operation 216 'br' 'br_ln757' <Predicate = (trunc_ln750 == 5)> <Delay = 0.00>
ST_41 : Operation 217 [1/1] (0.00ns)   --->   "%store_ln545 = store i32 %l3, i32 %mux_case_429237" [src/moe.cpp:545->src/moe.cpp:757]   --->   Operation 217 'store' 'store_ln545' <Predicate = (trunc_ln750 == 4)> <Delay = 0.00>
ST_41 : Operation 218 [1/1] (0.00ns)   --->   "%br_ln757 = br void %arrayidx72.exit" [src/moe.cpp:757]   --->   Operation 218 'br' 'br_ln757' <Predicate = (trunc_ln750 == 4)> <Delay = 0.00>
ST_41 : Operation 219 [1/1] (0.00ns)   --->   "%store_ln545 = store i32 %l3, i32 %mux_case_328234" [src/moe.cpp:545->src/moe.cpp:757]   --->   Operation 219 'store' 'store_ln545' <Predicate = (trunc_ln750 == 3)> <Delay = 0.00>
ST_41 : Operation 220 [1/1] (0.00ns)   --->   "%br_ln757 = br void %arrayidx72.exit" [src/moe.cpp:757]   --->   Operation 220 'br' 'br_ln757' <Predicate = (trunc_ln750 == 3)> <Delay = 0.00>
ST_41 : Operation 221 [1/1] (0.00ns)   --->   "%store_ln545 = store i32 %l3, i32 %mux_case_227231" [src/moe.cpp:545->src/moe.cpp:757]   --->   Operation 221 'store' 'store_ln545' <Predicate = (trunc_ln750 == 2)> <Delay = 0.00>
ST_41 : Operation 222 [1/1] (0.00ns)   --->   "%br_ln757 = br void %arrayidx72.exit" [src/moe.cpp:757]   --->   Operation 222 'br' 'br_ln757' <Predicate = (trunc_ln750 == 2)> <Delay = 0.00>
ST_41 : Operation 223 [1/1] (0.00ns)   --->   "%store_ln545 = store i32 %l3, i32 %mux_case_126228" [src/moe.cpp:545->src/moe.cpp:757]   --->   Operation 223 'store' 'store_ln545' <Predicate = (trunc_ln750 == 1)> <Delay = 0.00>
ST_41 : Operation 224 [1/1] (0.00ns)   --->   "%br_ln757 = br void %arrayidx72.exit" [src/moe.cpp:757]   --->   Operation 224 'br' 'br_ln757' <Predicate = (trunc_ln750 == 1)> <Delay = 0.00>
ST_41 : Operation 225 [1/1] (0.00ns)   --->   "%store_ln545 = store i32 %l3, i32 %mux_case_025225" [src/moe.cpp:545->src/moe.cpp:757]   --->   Operation 225 'store' 'store_ln545' <Predicate = (trunc_ln750 == 0)> <Delay = 0.00>
ST_41 : Operation 226 [1/1] (0.00ns)   --->   "%br_ln757 = br void %arrayidx72.exit" [src/moe.cpp:757]   --->   Operation 226 'br' 'br_ln757' <Predicate = (trunc_ln750 == 0)> <Delay = 0.00>
ST_41 : Operation 227 [1/1] (0.00ns)   --->   "%store_ln545 = store i32 %l3, i32 %mux_case_732246" [src/moe.cpp:545->src/moe.cpp:757]   --->   Operation 227 'store' 'store_ln545' <Predicate = (trunc_ln750 == 7)> <Delay = 0.00>
ST_41 : Operation 228 [1/1] (0.00ns)   --->   "%br_ln757 = br void %arrayidx72.exit" [src/moe.cpp:757]   --->   Operation 228 'br' 'br_ln757' <Predicate = (trunc_ln750 == 7)> <Delay = 0.00>


============================================================
+ Verbose Summary: Timing violations
============================================================
Target clock period: 10.000ns, clock uncertainty: 2.700ns.

 <State 1>: 1.371ns
The critical path consists of the following:
	'store' operation 0 bit ('store_ln750', src/moe.cpp:750) of constant 0 on local variable 'i', src/moe.cpp:750 [67]  (0.362 ns)
	'load' operation 4 bit ('i', src/moe.cpp:750) on local variable 'i', src/moe.cpp:750 [70]  (0.000 ns)
	'icmp' operation 1 bit ('icmp_ln750', src/moe.cpp:750) [71]  (0.647 ns)
	'store' operation 0 bit ('store_ln750', src/moe.cpp:750) of variable 'add_ln750', src/moe.cpp:750 on local variable 'i', src/moe.cpp:750 [183]  (0.362 ns)

 <State 2>: 4.423ns
The critical path consists of the following:
	'load' operation 32 bit ('p_ZL8e0_ff_w2_0_load', src/moe.cpp:754) on array 'p_ZL8e0_ff_w2_0' [97]  (0.542 ns)
	'fmul' operation 32 bit ('mul4', src/moe.cpp:754) [98]  (3.881 ns)

 <State 3>: 3.881ns
The critical path consists of the following:
	'fmul' operation 32 bit ('mul4', src/moe.cpp:754) [98]  (3.881 ns)

 <State 4>: 6.589ns
The critical path consists of the following:
	'load' operation 32 bit ('acc', src/moe.cpp:751) on array 'e0_ff_b2' [80]  (0.542 ns)
	'fadd' operation 32 bit ('acc', src/moe.cpp:754) [99]  (6.047 ns)

 <State 5>: 6.047ns
The critical path consists of the following:
	'fadd' operation 32 bit ('acc', src/moe.cpp:754) [99]  (6.047 ns)

 <State 6>: 6.047ns
The critical path consists of the following:
	'fadd' operation 32 bit ('acc', src/moe.cpp:754) [102]  (6.047 ns)

 <State 7>: 6.047ns
The critical path consists of the following:
	'fadd' operation 32 bit ('acc', src/moe.cpp:754) [102]  (6.047 ns)

 <State 8>: 6.047ns
The critical path consists of the following:
	'fadd' operation 32 bit ('acc', src/moe.cpp:754) [105]  (6.047 ns)

 <State 9>: 6.047ns
The critical path consists of the following:
	'fadd' operation 32 bit ('acc', src/moe.cpp:754) [105]  (6.047 ns)

 <State 10>: 6.047ns
The critical path consists of the following:
	'fadd' operation 32 bit ('acc', src/moe.cpp:754) [108]  (6.047 ns)

 <State 11>: 6.047ns
The critical path consists of the following:
	'fadd' operation 32 bit ('acc', src/moe.cpp:754) [108]  (6.047 ns)

 <State 12>: 6.047ns
The critical path consists of the following:
	'fadd' operation 32 bit ('acc', src/moe.cpp:754) [111]  (6.047 ns)

 <State 13>: 6.047ns
The critical path consists of the following:
	'fadd' operation 32 bit ('acc', src/moe.cpp:754) [111]  (6.047 ns)

 <State 14>: 6.047ns
The critical path consists of the following:
	'fadd' operation 32 bit ('acc', src/moe.cpp:754) [114]  (6.047 ns)

 <State 15>: 6.047ns
The critical path consists of the following:
	'fadd' operation 32 bit ('acc', src/moe.cpp:754) [114]  (6.047 ns)

 <State 16>: 6.047ns
The critical path consists of the following:
	'fadd' operation 32 bit ('acc', src/moe.cpp:754) [117]  (6.047 ns)

 <State 17>: 6.047ns
The critical path consists of the following:
	'fadd' operation 32 bit ('acc', src/moe.cpp:754) [117]  (6.047 ns)

 <State 18>: 6.047ns
The critical path consists of the following:
	'fadd' operation 32 bit ('acc', src/moe.cpp:754) [120]  (6.047 ns)

 <State 19>: 6.047ns
The critical path consists of the following:
	'fadd' operation 32 bit ('acc', src/moe.cpp:754) [120]  (6.047 ns)

 <State 20>: 6.047ns
The critical path consists of the following:
	'fadd' operation 32 bit ('acc', src/moe.cpp:754) [123]  (6.047 ns)

 <State 21>: 6.047ns
The critical path consists of the following:
	'fadd' operation 32 bit ('acc', src/moe.cpp:754) [123]  (6.047 ns)

 <State 22>: 6.047ns
The critical path consists of the following:
	'fadd' operation 32 bit ('acc', src/moe.cpp:754) [126]  (6.047 ns)

 <State 23>: 6.047ns
The critical path consists of the following:
	'fadd' operation 32 bit ('acc', src/moe.cpp:754) [126]  (6.047 ns)

 <State 24>: 6.047ns
The critical path consists of the following:
	'fadd' operation 32 bit ('acc', src/moe.cpp:754) [129]  (6.047 ns)

 <State 25>: 6.047ns
The critical path consists of the following:
	'fadd' operation 32 bit ('acc', src/moe.cpp:754) [129]  (6.047 ns)

 <State 26>: 6.047ns
The critical path consists of the following:
	'fadd' operation 32 bit ('acc', src/moe.cpp:754) [132]  (6.047 ns)

 <State 27>: 6.047ns
The critical path consists of the following:
	'fadd' operation 32 bit ('acc', src/moe.cpp:754) [132]  (6.047 ns)

 <State 28>: 6.047ns
The critical path consists of the following:
	'fadd' operation 32 bit ('acc', src/moe.cpp:754) [135]  (6.047 ns)

 <State 29>: 6.047ns
The critical path consists of the following:
	'fadd' operation 32 bit ('acc', src/moe.cpp:754) [135]  (6.047 ns)

 <State 30>: 6.047ns
The critical path consists of the following:
	'fadd' operation 32 bit ('acc', src/moe.cpp:754) [138]  (6.047 ns)

 <State 31>: 6.047ns
The critical path consists of the following:
	'fadd' operation 32 bit ('acc', src/moe.cpp:754) [138]  (6.047 ns)

 <State 32>: 6.047ns
The critical path consists of the following:
	'fadd' operation 32 bit ('acc', src/moe.cpp:754) [141]  (6.047 ns)

 <State 33>: 6.047ns
The critical path consists of the following:
	'fadd' operation 32 bit ('acc', src/moe.cpp:754) [141]  (6.047 ns)

 <State 34>: 6.047ns
The critical path consists of the following:
	'fadd' operation 32 bit ('acc', src/moe.cpp:754) [144]  (6.047 ns)

 <State 35>: 6.047ns
The critical path consists of the following:
	'fadd' operation 32 bit ('acc', src/moe.cpp:754) [144]  (6.047 ns)

 <State 36>: 6.282ns
The critical path consists of the following:
	'fexp' operation 32 bit ('tmp_4', src/moe.cpp:548->src/moe.cpp:757) [154]  (6.282 ns)

 <State 37>: 6.282ns
The critical path consists of the following:
	'fexp' operation 32 bit ('tmp_4', src/moe.cpp:548->src/moe.cpp:757) [154]  (6.282 ns)

 <State 38>: 6.282ns
The critical path consists of the following:
	'fexp' operation 32 bit ('tmp_4', src/moe.cpp:548->src/moe.cpp:757) [154]  (6.282 ns)

 <State 39>: 6.282ns
The critical path consists of the following:
	'fexp' operation 32 bit ('tmp_4', src/moe.cpp:548->src/moe.cpp:757) [154]  (6.282 ns)

 <State 40>: 6.047ns
The critical path consists of the following:
	'fadd' operation 32 bit ('sub_i2', src/moe.cpp:548->src/moe.cpp:757) [155]  (6.047 ns)

 <State 41>: 7.028ns
The critical path consists of the following:
	'fcmp' operation 1 bit ('tmp_59', src/moe.cpp:545->src/moe.cpp:757) [152]  (6.815 ns)
	'and' operation 1 bit ('and_ln545', src/moe.cpp:545->src/moe.cpp:757) [153]  (0.000 ns)
	'select' operation 32 bit ('l3', src/moe.cpp:545->src/moe.cpp:757) [156]  (0.213 ns)
	'store' operation 0 bit ('store_ln545', src/moe.cpp:545->src/moe.cpp:757) of variable 'l3', src/moe.cpp:545->src/moe.cpp:757 on local variable 'mux_case_530240' [162]  (0.000 ns)


============================================================
+ Verbose Summary: Binding
============================================================
N/A
* FSMD analyzer results:
  - Output states:
 - Input state : 
  - Chain level:
	State 1
	State 2
	State 3
	State 4
	State 5
	State 6
	State 7
	State 8
	State 9
	State 10
	State 11
	State 12
	State 13
	State 14
	State 15
	State 16
	State 17
	State 18
	State 19
	State 20
	State 21
	State 22
	State 23
	State 24
	State 25
	State 26
	State 27
	State 28
	State 29
	State 30
	State 31
	State 32
	State 33
	State 34
	State 35
	State 36
	State 37
	State 38
	State 39
	State 40
	State 41


============================================================
+ Verbose Summary: Datapath Resource usage 
============================================================
N/A
