

================================================================
== Vitis HLS Report for 'generic_mlp_head46'
================================================================
* Date:           Sun Sep 13 20:13:36 2026

* Version:        2023.2 (Build 4023990 on Oct 11 2023)
* Project:        HLS_OutputMoE_Run11
* Solution:       solution1 (Vivado IP Flow Target)
* Product family: virtexuplus
* Target device:  xcvu13p_CIV-figd2104-3-e


================================================================
== Performance Estimates
================================================================
+ Timing: 
    * Summary: 
    +--------+----------+----------+------------+
    |  Clock |  Target  | Estimated| Uncertainty|
    +--------+----------+----------+------------+
    |ap_clk  |  10.00 ns|  7.028 ns|     2.70 ns|
    +--------+----------+----------+------------+

+ Latency: 
    * Summary: 
    +---------+---------+-----------+-----------+------+------+---------+
    |  Latency (cycles) |   Latency (absolute)  |   Interval  | Pipeline|
    |   min   |   max   |    min    |    max    |  min |  max |   Type  |
    +---------+---------+-----------+-----------+------+------+---------+
    |     4702|     4702|  47.020 us|  47.020 us|  4702|  4702|       no|
    +---------+---------+-----------+-----------+------+------+---------+

    + Detail: 
        * Instance: 
        N/A

        * Loop: 
        +--------------------+---------+---------+----------+-----------+-----------+------+----------+
        |                    |  Latency (cycles) | Iteration|  Initiation Interval  | Trip |          |
        |      Loop Name     |   min   |   max   |  Latency |  achieved |   target  | Count| Pipelined|
        +--------------------+---------+---------+----------+-----------+-----------+------+----------+
        |- VITIS_LOOP_722_1  |     4544|     4544|       142|          -|          -|    32|        no|
        +--------------------+---------+---------+----------+-----------+-----------+------+----------+

============================================================
+ Verbose Summary: Synthesis Manager
============================================================
InlineROM: 1
ExposeGlobal: 0
============================================================
+ Verbose Summary: CDFG Model
============================================================
IsTopModel: 0
ResetActiveHigh: 1
IsCombinational: 0
IsDatapathOnly: 0
HasWiredReturn: 1
HasMFsm: 0
HasVarLatency: 1
IsPipeline: 0
IsRtlPipelined: 0
IsInstanceOverlapped: 0
IsDontTouch: 0
HasImplIP: 0
IsGatedGlobalClock: 0


============================================================
+ Verbose Summary: Schedule
============================================================
* Number of FSM states : 16
* Pipeline : 0
* Dataflow Pipeline: 0

* FSM state transitions: 
1 --> 2 
2 --> 3 11 
3 --> 4 
4 --> 5 
5 --> 6 
6 --> 7 
7 --> 8 
8 --> 9 
9 --> 10 
10 --> 2 
11 --> 12 
12 --> 13 
13 --> 14 
14 --> 15 
15 --> 16 
16 --> 

* FSM state operations: 

State 1 <SV = 0> <Delay = 0.36>
ST_1 : Operation 17 [1/1] (0.00ns)   --->   "%i = alloca i32 1" [src/moe.cpp:722]   --->   Operation 17 'alloca' 'i' <Predicate = true> <Delay = 0.00>
ST_1 : Operation 18 [1/1] (0.00ns)   --->   "%mux_case_034 = alloca i32 1"   --->   Operation 18 'alloca' 'mux_case_034' <Predicate = true> <Delay = 0.00>
ST_1 : Operation 19 [1/1] (0.00ns)   --->   "%mux_case_138 = alloca i32 1"   --->   Operation 19 'alloca' 'mux_case_138' <Predicate = true> <Delay = 0.00>
ST_1 : Operation 20 [1/1] (0.00ns)   --->   "%mux_case_242 = alloca i32 1"   --->   Operation 20 'alloca' 'mux_case_242' <Predicate = true> <Delay = 0.00>
ST_1 : Operation 21 [1/1] (0.00ns)   --->   "%mux_case_346 = alloca i32 1"   --->   Operation 21 'alloca' 'mux_case_346' <Predicate = true> <Delay = 0.00>
ST_1 : Operation 22 [1/1] (0.00ns)   --->   "%mux_case_450 = alloca i32 1"   --->   Operation 22 'alloca' 'mux_case_450' <Predicate = true> <Delay = 0.00>
ST_1 : Operation 23 [1/1] (0.00ns)   --->   "%mux_case_554 = alloca i32 1"   --->   Operation 23 'alloca' 'mux_case_554' <Predicate = true> <Delay = 0.00>
ST_1 : Operation 24 [1/1] (0.00ns)   --->   "%mux_case_658 = alloca i32 1"   --->   Operation 24 'alloca' 'mux_case_658' <Predicate = true> <Delay = 0.00>
ST_1 : Operation 25 [1/1] (0.00ns)   --->   "%mux_case_762 = alloca i32 1"   --->   Operation 25 'alloca' 'mux_case_762' <Predicate = true> <Delay = 0.00>
ST_1 : Operation 26 [1/1] (0.00ns)   --->   "%mux_case_866 = alloca i32 1"   --->   Operation 26 'alloca' 'mux_case_866' <Predicate = true> <Delay = 0.00>
ST_1 : Operation 27 [1/1] (0.00ns)   --->   "%mux_case_970 = alloca i32 1"   --->   Operation 27 'alloca' 'mux_case_970' <Predicate = true> <Delay = 0.00>
ST_1 : Operation 28 [1/1] (0.00ns)   --->   "%mux_case_1074 = alloca i32 1"   --->   Operation 28 'alloca' 'mux_case_1074' <Predicate = true> <Delay = 0.00>
ST_1 : Operation 29 [1/1] (0.00ns)   --->   "%mux_case_1178 = alloca i32 1"   --->   Operation 29 'alloca' 'mux_case_1178' <Predicate = true> <Delay = 0.00>
ST_1 : Operation 30 [1/1] (0.00ns)   --->   "%mux_case_1282 = alloca i32 1"   --->   Operation 30 'alloca' 'mux_case_1282' <Predicate = true> <Delay = 0.00>
ST_1 : Operation 31 [1/1] (0.00ns)   --->   "%mux_case_1386 = alloca i32 1"   --->   Operation 31 'alloca' 'mux_case_1386' <Predicate = true> <Delay = 0.00>
ST_1 : Operation 32 [1/1] (0.00ns)   --->   "%mux_case_1490 = alloca i32 1"   --->   Operation 32 'alloca' 'mux_case_1490' <Predicate = true> <Delay = 0.00>
ST_1 : Operation 33 [1/1] (0.00ns)   --->   "%mux_case_1594 = alloca i32 1"   --->   Operation 33 'alloca' 'mux_case_1594' <Predicate = true> <Delay = 0.00>
ST_1 : Operation 34 [1/1] (0.00ns)   --->   "%mux_case_1698 = alloca i32 1"   --->   Operation 34 'alloca' 'mux_case_1698' <Predicate = true> <Delay = 0.00>
ST_1 : Operation 35 [1/1] (0.00ns)   --->   "%mux_case_17102 = alloca i32 1"   --->   Operation 35 'alloca' 'mux_case_17102' <Predicate = true> <Delay = 0.00>
ST_1 : Operation 36 [1/1] (0.00ns)   --->   "%mux_case_18106 = alloca i32 1"   --->   Operation 36 'alloca' 'mux_case_18106' <Predicate = true> <Delay = 0.00>
ST_1 : Operation 37 [1/1] (0.00ns)   --->   "%mux_case_19110 = alloca i32 1"   --->   Operation 37 'alloca' 'mux_case_19110' <Predicate = true> <Delay = 0.00>
ST_1 : Operation 38 [1/1] (0.00ns)   --->   "%mux_case_20114 = alloca i32 1"   --->   Operation 38 'alloca' 'mux_case_20114' <Predicate = true> <Delay = 0.00>
ST_1 : Operation 39 [1/1] (0.00ns)   --->   "%mux_case_21118 = alloca i32 1"   --->   Operation 39 'alloca' 'mux_case_21118' <Predicate = true> <Delay = 0.00>
ST_1 : Operation 40 [1/1] (0.00ns)   --->   "%mux_case_22122 = alloca i32 1"   --->   Operation 40 'alloca' 'mux_case_22122' <Predicate = true> <Delay = 0.00>
ST_1 : Operation 41 [1/1] (0.00ns)   --->   "%mux_case_23126 = alloca i32 1"   --->   Operation 41 'alloca' 'mux_case_23126' <Predicate = true> <Delay = 0.00>
ST_1 : Operation 42 [1/1] (0.00ns)   --->   "%mux_case_24130 = alloca i32 1"   --->   Operation 42 'alloca' 'mux_case_24130' <Predicate = true> <Delay = 0.00>
ST_1 : Operation 43 [1/1] (0.00ns)   --->   "%mux_case_25134 = alloca i32 1"   --->   Operation 43 'alloca' 'mux_case_25134' <Predicate = true> <Delay = 0.00>
ST_1 : Operation 44 [1/1] (0.00ns)   --->   "%mux_case_26138 = alloca i32 1"   --->   Operation 44 'alloca' 'mux_case_26138' <Predicate = true> <Delay = 0.00>
ST_1 : Operation 45 [1/1] (0.00ns)   --->   "%mux_case_27142 = alloca i32 1"   --->   Operation 45 'alloca' 'mux_case_27142' <Predicate = true> <Delay = 0.00>
ST_1 : Operation 46 [1/1] (0.00ns)   --->   "%mux_case_28146 = alloca i32 1"   --->   Operation 46 'alloca' 'mux_case_28146' <Predicate = true> <Delay = 0.00>
ST_1 : Operation 47 [1/1] (0.00ns)   --->   "%mux_case_29150 = alloca i32 1"   --->   Operation 47 'alloca' 'mux_case_29150' <Predicate = true> <Delay = 0.00>
ST_1 : Operation 48 [1/1] (0.00ns)   --->   "%mux_case_30154 = alloca i32 1"   --->   Operation 48 'alloca' 'mux_case_30154' <Predicate = true> <Delay = 0.00>
ST_1 : Operation 49 [1/1] (0.00ns)   --->   "%mux_case_31158 = alloca i32 1"   --->   Operation 49 'alloca' 'mux_case_31158' <Predicate = true> <Delay = 0.00>
ST_1 : Operation 50 [1/1] (0.00ns)   --->   "%acc_61_loc = alloca i64 1"   --->   Operation 50 'alloca' 'acc_61_loc' <Predicate = true> <Delay = 0.00>
ST_1 : Operation 51 [1/1] (0.00ns)   --->   "%mux_case_025225_loc = alloca i64 1"   --->   Operation 51 'alloca' 'mux_case_025225_loc' <Predicate = true> <Delay = 0.00>
ST_1 : Operation 52 [1/1] (0.00ns)   --->   "%mux_case_126228_loc = alloca i64 1"   --->   Operation 52 'alloca' 'mux_case_126228_loc' <Predicate = true> <Delay = 0.00>
ST_1 : Operation 53 [1/1] (0.00ns)   --->   "%mux_case_227231_loc = alloca i64 1"   --->   Operation 53 'alloca' 'mux_case_227231_loc' <Predicate = true> <Delay = 0.00>
ST_1 : Operation 54 [1/1] (0.00ns)   --->   "%mux_case_328234_loc = alloca i64 1"   --->   Operation 54 'alloca' 'mux_case_328234_loc' <Predicate = true> <Delay = 0.00>
ST_1 : Operation 55 [1/1] (0.00ns)   --->   "%mux_case_429237_loc = alloca i64 1"   --->   Operation 55 'alloca' 'mux_case_429237_loc' <Predicate = true> <Delay = 0.00>
ST_1 : Operation 56 [1/1] (0.00ns)   --->   "%mux_case_530240_loc = alloca i64 1"   --->   Operation 56 'alloca' 'mux_case_530240_loc' <Predicate = true> <Delay = 0.00>
ST_1 : Operation 57 [1/1] (0.00ns)   --->   "%mux_case_631243_loc = alloca i64 1"   --->   Operation 57 'alloca' 'mux_case_631243_loc' <Predicate = true> <Delay = 0.00>
ST_1 : Operation 58 [1/1] (0.00ns)   --->   "%mux_case_732246_loc = alloca i64 1"   --->   Operation 58 'alloca' 'mux_case_732246_loc' <Predicate = true> <Delay = 0.00>
ST_1 : Operation 59 [1/1] (0.00ns)   --->   "%mux_case_01162_loc = alloca i64 1"   --->   Operation 59 'alloca' 'mux_case_01162_loc' <Predicate = true> <Delay = 0.00>
ST_1 : Operation 60 [1/1] (0.00ns)   --->   "%mux_case_110166_loc = alloca i64 1"   --->   Operation 60 'alloca' 'mux_case_110166_loc' <Predicate = true> <Delay = 0.00>
ST_1 : Operation 61 [1/1] (0.00ns)   --->   "%mux_case_211170_loc = alloca i64 1"   --->   Operation 61 'alloca' 'mux_case_211170_loc' <Predicate = true> <Delay = 0.00>
ST_1 : Operation 62 [1/1] (0.00ns)   --->   "%mux_case_312174_loc = alloca i64 1"   --->   Operation 62 'alloca' 'mux_case_312174_loc' <Predicate = true> <Delay = 0.00>
ST_1 : Operation 63 [1/1] (0.00ns)   --->   "%mux_case_413178_loc = alloca i64 1"   --->   Operation 63 'alloca' 'mux_case_413178_loc' <Predicate = true> <Delay = 0.00>
ST_1 : Operation 64 [1/1] (0.00ns)   --->   "%mux_case_514182_loc = alloca i64 1"   --->   Operation 64 'alloca' 'mux_case_514182_loc' <Predicate = true> <Delay = 0.00>
ST_1 : Operation 65 [1/1] (0.00ns)   --->   "%mux_case_615186_loc = alloca i64 1"   --->   Operation 65 'alloca' 'mux_case_615186_loc' <Predicate = true> <Delay = 0.00>
ST_1 : Operation 66 [1/1] (0.00ns)   --->   "%mux_case_716190_loc = alloca i64 1"   --->   Operation 66 'alloca' 'mux_case_716190_loc' <Predicate = true> <Delay = 0.00>
ST_1 : Operation 67 [1/1] (0.00ns)   --->   "%mux_case_817194_loc = alloca i64 1"   --->   Operation 67 'alloca' 'mux_case_817194_loc' <Predicate = true> <Delay = 0.00>
ST_1 : Operation 68 [1/1] (0.00ns)   --->   "%mux_case_918198_loc = alloca i64 1"   --->   Operation 68 'alloca' 'mux_case_918198_loc' <Predicate = true> <Delay = 0.00>
ST_1 : Operation 69 [1/1] (0.00ns)   --->   "%mux_case_1019202_loc = alloca i64 1"   --->   Operation 69 'alloca' 'mux_case_1019202_loc' <Predicate = true> <Delay = 0.00>
ST_1 : Operation 70 [1/1] (0.00ns)   --->   "%mux_case_1120206_loc = alloca i64 1"   --->   Operation 70 'alloca' 'mux_case_1120206_loc' <Predicate = true> <Delay = 0.00>
ST_1 : Operation 71 [1/1] (0.00ns)   --->   "%mux_case_1221210_loc = alloca i64 1"   --->   Operation 71 'alloca' 'mux_case_1221210_loc' <Predicate = true> <Delay = 0.00>
ST_1 : Operation 72 [1/1] (0.00ns)   --->   "%mux_case_1322214_loc = alloca i64 1"   --->   Operation 72 'alloca' 'mux_case_1322214_loc' <Predicate = true> <Delay = 0.00>
ST_1 : Operation 73 [1/1] (0.00ns)   --->   "%mux_case_1423218_loc = alloca i64 1"   --->   Operation 73 'alloca' 'mux_case_1423218_loc' <Predicate = true> <Delay = 0.00>
ST_1 : Operation 74 [1/1] (0.00ns)   --->   "%mux_case_1524222_loc = alloca i64 1"   --->   Operation 74 'alloca' 'mux_case_1524222_loc' <Predicate = true> <Delay = 0.00>
ST_1 : Operation 75 [1/1] (0.00ns)   --->   "%acc_013_loc = alloca i64 1"   --->   Operation 75 'alloca' 'acc_013_loc' <Predicate = true> <Delay = 0.00>
ST_1 : Operation 76 [1/1] (0.00ns)   --->   "%specbindport_ln0 = specbindport void @_ssdm_op_SpecBindPort, i32 %input_r, i32 1, void @p_str"   --->   Operation 76 'specbindport' 'specbindport_ln0' <Predicate = true> <Delay = 0.00>
ST_1 : Operation 77 [1/1] (0.00ns)   --->   "%specshared_ln0 = specshared void @_ssdm_op_SpecShared, i32 %input_r, void @p_str"   --->   Operation 77 'specshared' 'specshared_ln0' <Predicate = true> <Delay = 0.00>
ST_1 : Operation 78 [1/1] (0.00ns)   --->   "%specinterface_ln0 = specinterface void @_ssdm_op_SpecInterface, i32 %input_r, void @empty_5, i32 0, i32 0, void @empty, i32 4294967295, i32 0, void @empty, void @empty, void @empty, i32 0, i32 0, i32 0, i32 0, void @empty, void @empty, i32 4294967295, i32 0"   --->   Operation 78 'specinterface' 'specinterface_ln0' <Predicate = true> <Delay = 0.00>
ST_1 : Operation 79 [1/1] (0.36ns)   --->   "%store_ln722 = store i6 0, i6 %i" [src/moe.cpp:722]   --->   Operation 79 'store' 'store_ln722' <Predicate = true> <Delay = 0.36>
ST_1 : Operation 80 [1/1] (0.00ns)   --->   "%br_ln722 = br void %VITIS_LOOP_725_2" [src/moe.cpp:722]   --->   Operation 80 'br' 'br_ln722' <Predicate = true> <Delay = 0.00>

State 2 <SV = 1> <Delay = 1.02>
ST_2 : Operation 81 [1/1] (0.00ns)   --->   "%i_4 = load i6 %i" [src/moe.cpp:722]   --->   Operation 81 'load' 'i_4' <Predicate = true> <Delay = 0.00>
ST_2 : Operation 82 [1/1] (0.00ns)   --->   "%trunc_ln722 = trunc i6 %i_4" [src/moe.cpp:722]   --->   Operation 82 'trunc' 'trunc_ln722' <Predicate = true> <Delay = 0.00>
ST_2 : Operation 83 [1/1] (0.64ns)   --->   "%icmp_ln722 = icmp_eq  i6 %i_4, i6 32" [src/moe.cpp:722]   --->   Operation 83 'icmp' 'icmp_ln722' <Predicate = true> <Delay = 0.64> <CoreInst = "Cmp">   --->   Core 9 'Cmp' <Latency = 0> <II = 1> <Delay = 0.64> <FuncUnit> <Opcode : 'icmp'> <InPorts = 2> <OutPorts = 1>
ST_2 : Operation 84 [1/1] (0.64ns)   --->   "%add_ln722 = add i6 %i_4, i6 1" [src/moe.cpp:722]   --->   Operation 84 'add' 'add_ln722' <Predicate = true> <Delay = 0.64> <CoreInst = "Adder">   --->   Core 1 'Adder' <Latency = 0> <II = 1> <Delay = 0.64> <FuncUnit> <Opcode : 'add' 'sub'> <InPorts = 2> <OutPorts = 1>
ST_2 : Operation 85 [1/1] (0.00ns)   --->   "%br_ln722 = br i1 %icmp_ln722, void %VITIS_LOOP_725_2.split, void %VITIS_LOOP_739_4.preheader" [src/moe.cpp:722]   --->   Operation 85 'br' 'br_ln722' <Predicate = true> <Delay = 0.00>
ST_2 : Operation 86 [1/1] (0.00ns)   --->   "%zext_ln722 = zext i6 %i_4" [src/moe.cpp:722]   --->   Operation 86 'zext' 'zext_ln722' <Predicate = (!icmp_ln722)> <Delay = 0.00>
ST_2 : Operation 87 [1/1] (0.00ns)   --->   "%e3_ff_b0_addr = getelementptr i32 %e3_ff_b0, i64 0, i64 %zext_ln722" [src/moe.cpp:723]   --->   Operation 87 'getelementptr' 'e3_ff_b0_addr' <Predicate = (!icmp_ln722)> <Delay = 0.00>
ST_2 : Operation 88 [2/2] (1.02ns)   --->   "%acc = load i5 %e3_ff_b0_addr" [src/moe.cpp:723]   --->   Operation 88 'load' 'acc' <Predicate = (!icmp_ln722)> <Delay = 1.02> <CoreInst = "ROM">   --->   Core 101 'ROM' <Latency = 1> <II = 1> <Delay = 1.02> <Storage> <Opcode : 'load'> <Ports = 0> <Width = 32> <Depth = 32> <ROM>
ST_2 : Operation 89 [1/1] (0.00ns)   --->   "%mux_case_034_load = load i32 %mux_case_034"   --->   Operation 89 'load' 'mux_case_034_load' <Predicate = (icmp_ln722)> <Delay = 0.00>
ST_2 : Operation 90 [1/1] (0.00ns)   --->   "%mux_case_138_load = load i32 %mux_case_138"   --->   Operation 90 'load' 'mux_case_138_load' <Predicate = (icmp_ln722)> <Delay = 0.00>
ST_2 : Operation 91 [1/1] (0.00ns)   --->   "%mux_case_242_load = load i32 %mux_case_242"   --->   Operation 91 'load' 'mux_case_242_load' <Predicate = (icmp_ln722)> <Delay = 0.00>
ST_2 : Operation 92 [1/1] (0.00ns)   --->   "%mux_case_346_load = load i32 %mux_case_346"   --->   Operation 92 'load' 'mux_case_346_load' <Predicate = (icmp_ln722)> <Delay = 0.00>
ST_2 : Operation 93 [1/1] (0.00ns)   --->   "%mux_case_450_load = load i32 %mux_case_450"   --->   Operation 93 'load' 'mux_case_450_load' <Predicate = (icmp_ln722)> <Delay = 0.00>
ST_2 : Operation 94 [1/1] (0.00ns)   --->   "%mux_case_554_load = load i32 %mux_case_554"   --->   Operation 94 'load' 'mux_case_554_load' <Predicate = (icmp_ln722)> <Delay = 0.00>
ST_2 : Operation 95 [1/1] (0.00ns)   --->   "%mux_case_658_load = load i32 %mux_case_658"   --->   Operation 95 'load' 'mux_case_658_load' <Predicate = (icmp_ln722)> <Delay = 0.00>
ST_2 : Operation 96 [1/1] (0.00ns)   --->   "%mux_case_762_load = load i32 %mux_case_762"   --->   Operation 96 'load' 'mux_case_762_load' <Predicate = (icmp_ln722)> <Delay = 0.00>
ST_2 : Operation 97 [1/1] (0.00ns)   --->   "%mux_case_866_load = load i32 %mux_case_866"   --->   Operation 97 'load' 'mux_case_866_load' <Predicate = (icmp_ln722)> <Delay = 0.00>
ST_2 : Operation 98 [1/1] (0.00ns)   --->   "%mux_case_970_load = load i32 %mux_case_970"   --->   Operation 98 'load' 'mux_case_970_load' <Predicate = (icmp_ln722)> <Delay = 0.00>
ST_2 : Operation 99 [1/1] (0.00ns)   --->   "%mux_case_1074_load = load i32 %mux_case_1074"   --->   Operation 99 'load' 'mux_case_1074_load' <Predicate = (icmp_ln722)> <Delay = 0.00>
ST_2 : Operation 100 [1/1] (0.00ns)   --->   "%mux_case_1178_load = load i32 %mux_case_1178"   --->   Operation 100 'load' 'mux_case_1178_load' <Predicate = (icmp_ln722)> <Delay = 0.00>
ST_2 : Operation 101 [1/1] (0.00ns)   --->   "%mux_case_1282_load = load i32 %mux_case_1282"   --->   Operation 101 'load' 'mux_case_1282_load' <Predicate = (icmp_ln722)> <Delay = 0.00>
ST_2 : Operation 102 [1/1] (0.00ns)   --->   "%mux_case_1386_load = load i32 %mux_case_1386"   --->   Operation 102 'load' 'mux_case_1386_load' <Predicate = (icmp_ln722)> <Delay = 0.00>
ST_2 : Operation 103 [1/1] (0.00ns)   --->   "%mux_case_1490_load = load i32 %mux_case_1490"   --->   Operation 103 'load' 'mux_case_1490_load' <Predicate = (icmp_ln722)> <Delay = 0.00>
ST_2 : Operation 104 [1/1] (0.00ns)   --->   "%mux_case_1594_load = load i32 %mux_case_1594"   --->   Operation 104 'load' 'mux_case_1594_load' <Predicate = (icmp_ln722)> <Delay = 0.00>
ST_2 : Operation 105 [1/1] (0.00ns)   --->   "%mux_case_1698_load = load i32 %mux_case_1698"   --->   Operation 105 'load' 'mux_case_1698_load' <Predicate = (icmp_ln722)> <Delay = 0.00>
ST_2 : Operation 106 [1/1] (0.00ns)   --->   "%mux_case_17102_load = load i32 %mux_case_17102"   --->   Operation 106 'load' 'mux_case_17102_load' <Predicate = (icmp_ln722)> <Delay = 0.00>
ST_2 : Operation 107 [1/1] (0.00ns)   --->   "%mux_case_18106_load = load i32 %mux_case_18106"   --->   Operation 107 'load' 'mux_case_18106_load' <Predicate = (icmp_ln722)> <Delay = 0.00>
ST_2 : Operation 108 [1/1] (0.00ns)   --->   "%mux_case_19110_load = load i32 %mux_case_19110"   --->   Operation 108 'load' 'mux_case_19110_load' <Predicate = (icmp_ln722)> <Delay = 0.00>
ST_2 : Operation 109 [1/1] (0.00ns)   --->   "%mux_case_20114_load = load i32 %mux_case_20114"   --->   Operation 109 'load' 'mux_case_20114_load' <Predicate = (icmp_ln722)> <Delay = 0.00>
ST_2 : Operation 110 [1/1] (0.00ns)   --->   "%mux_case_21118_load = load i32 %mux_case_21118"   --->   Operation 110 'load' 'mux_case_21118_load' <Predicate = (icmp_ln722)> <Delay = 0.00>
ST_2 : Operation 111 [1/1] (0.00ns)   --->   "%mux_case_22122_load = load i32 %mux_case_22122"   --->   Operation 111 'load' 'mux_case_22122_load' <Predicate = (icmp_ln722)> <Delay = 0.00>
ST_2 : Operation 112 [1/1] (0.00ns)   --->   "%mux_case_23126_load = load i32 %mux_case_23126"   --->   Operation 112 'load' 'mux_case_23126_load' <Predicate = (icmp_ln722)> <Delay = 0.00>
ST_2 : Operation 113 [1/1] (0.00ns)   --->   "%mux_case_24130_load = load i32 %mux_case_24130"   --->   Operation 113 'load' 'mux_case_24130_load' <Predicate = (icmp_ln722)> <Delay = 0.00>
ST_2 : Operation 114 [1/1] (0.00ns)   --->   "%mux_case_25134_load = load i32 %mux_case_25134"   --->   Operation 114 'load' 'mux_case_25134_load' <Predicate = (icmp_ln722)> <Delay = 0.00>
ST_2 : Operation 115 [1/1] (0.00ns)   --->   "%mux_case_26138_load = load i32 %mux_case_26138"   --->   Operation 115 'load' 'mux_case_26138_load' <Predicate = (icmp_ln722)> <Delay = 0.00>
ST_2 : Operation 116 [1/1] (0.00ns)   --->   "%mux_case_27142_load = load i32 %mux_case_27142"   --->   Operation 116 'load' 'mux_case_27142_load' <Predicate = (icmp_ln722)> <Delay = 0.00>
ST_2 : Operation 117 [1/1] (0.00ns)   --->   "%mux_case_28146_load = load i32 %mux_case_28146"   --->   Operation 117 'load' 'mux_case_28146_load' <Predicate = (icmp_ln722)> <Delay = 0.00>
ST_2 : Operation 118 [1/1] (0.00ns)   --->   "%mux_case_29150_load = load i32 %mux_case_29150"   --->   Operation 118 'load' 'mux_case_29150_load' <Predicate = (icmp_ln722)> <Delay = 0.00>
ST_2 : Operation 119 [1/1] (0.00ns)   --->   "%mux_case_30154_load = load i32 %mux_case_30154"   --->   Operation 119 'load' 'mux_case_30154_load' <Predicate = (icmp_ln722)> <Delay = 0.00>
ST_2 : Operation 120 [1/1] (0.00ns)   --->   "%mux_case_31158_load = load i32 %mux_case_31158"   --->   Operation 120 'load' 'mux_case_31158_load' <Predicate = (icmp_ln722)> <Delay = 0.00>
ST_2 : Operation 121 [2/2] (0.00ns)   --->   "%call_ln0 = call void @generic_mlp_head46_Pipeline_VITIS_LOOP_736_3, i32 %mux_case_034_load, i32 %mux_case_138_load, i32 %mux_case_242_load, i32 %mux_case_346_load, i32 %mux_case_450_load, i32 %mux_case_554_load, i32 %mux_case_658_load, i32 %mux_case_762_load, i32 %mux_case_866_load, i32 %mux_case_970_load, i32 %mux_case_1074_load, i32 %mux_case_1178_load, i32 %mux_case_1282_load, i32 %mux_case_1386_load, i32 %mux_case_1490_load, i32 %mux_case_1594_load, i32 %mux_case_1698_load, i32 %mux_case_17102_load, i32 %mux_case_18106_load, i32 %mux_case_19110_load, i32 %mux_case_20114_load, i32 %mux_case_21118_load, i32 %mux_case_22122_load, i32 %mux_case_23126_load, i32 %mux_case_24130_load, i32 %mux_case_25134_load, i32 %mux_case_26138_load, i32 %mux_case_27142_load, i32 %mux_case_28146_load, i32 %mux_case_29150_load, i32 %mux_case_30154_load, i32 %mux_case_31158_load, i32 %mux_case_1524222_loc, i32 %mux_case_1423218_loc, i32 %mux_case_1322214_loc, i32 %mux_case_1221210_loc, i32 %mux_case_1120206_loc, i32 %mux_case_1019202_loc, i32 %mux_case_918198_loc, i32 %mux_case_817194_loc, i32 %mux_case_716190_loc, i32 %mux_case_615186_loc, i32 %mux_case_514182_loc, i32 %mux_case_413178_loc, i32 %mux_case_312174_loc, i32 %mux_case_211170_loc, i32 %mux_case_110166_loc, i32 %mux_case_01162_loc, i32 %e3_ff_b1, i32 %p_ZL8e3_ff_w1_0, i32 %p_ZL8e3_ff_w1_1, i32 %p_ZL8e3_ff_w1_2, i32 %p_ZL8e3_ff_w1_3, i32 %p_ZL8e3_ff_w1_4, i32 %p_ZL8e3_ff_w1_5, i32 %p_ZL8e3_ff_w1_6, i32 %p_ZL8e3_ff_w1_7, i32 %p_ZL8e3_ff_w1_8, i32 %p_ZL8e3_ff_w1_9, i32 %p_ZL8e3_ff_w1_10, i32 %p_ZL8e3_ff_w1_11, i32 %p_ZL8e3_ff_w1_12, i32 %p_ZL8e3_ff_w1_13, i32 %p_ZL8e3_ff_w1_14, i32 %p_ZL8e3_ff_w1_15, i32 %p_ZL8e3_ff_w1_16, i32 %p_ZL8e3_ff_w1_17, i32 %p_ZL8e3_ff_w1_18, i32 %p_ZL8e3_ff_w1_19, i32 %p_ZL8e3_ff_w1_20, i32 %p_ZL8e3_ff_w1_21, i32 %p_ZL8e3_ff_w1_22, i32 %p_ZL8e3_ff_w1_23, i32 %p_ZL8e3_ff_w1_24, i32 %p_ZL8e3_ff_w1_25, i32 %p_ZL8e3_ff_w1_26, i32 %p_ZL8e3_ff_w1_27, i32 %p_ZL8e3_ff_w1_28, i32 %p_ZL8e3_ff_w1_29, i32 %p_ZL8e3_ff_w1_30, i32 %p_ZL8e3_ff_w1_31"   --->   Operation 121 'call' 'call_ln0' <Predicate = (icmp_ln722)> <Delay = 0.00> <CoreType = "Generic">   --->   Core 0 '' <Latency = 0> <II = 1> <Delay = 1.00> <Generic> <Opcode : >

State 3 <SV = 2> <Delay = 2.73>
ST_3 : Operation 122 [1/1] (0.00ns)   --->   "%tmp_s = bitconcatenate i12 @_ssdm_op_BitConcatenate.i12.i5.i7, i5 %trunc_ln722, i7 0" [src/moe.cpp:726]   --->   Operation 122 'bitconcatenate' 'tmp_s' <Predicate = true> <Delay = 0.00>
ST_3 : Operation 123 [1/2] (1.02ns)   --->   "%acc = load i5 %e3_ff_b0_addr" [src/moe.cpp:723]   --->   Operation 123 'load' 'acc' <Predicate = true> <Delay = 1.02> <CoreInst = "ROM">   --->   Core 101 'ROM' <Latency = 1> <II = 1> <Delay = 1.02> <Storage> <Opcode : 'load'> <Ports = 0> <Width = 32> <Depth = 32> <ROM>
ST_3 : Operation 124 [2/2] (1.70ns)   --->   "%call_ln723 = call void @generic_mlp_head46_Pipeline_VITIS_LOOP_725_2, i32 %acc, i12 %tmp_s, i32 %input_r, i32 %acc_013_loc, i32 %e3_ff_w0" [src/moe.cpp:723]   --->   Operation 124 'call' 'call_ln723' <Predicate = true> <Delay = 1.70> <CoreType = "Generic">   --->   Core 0 '' <Latency = 0> <II = 1> <Delay = 1.00> <Generic> <Opcode : >

State 4 <SV = 3> <Delay = 0.00>
ST_4 : Operation 125 [1/2] (0.00ns)   --->   "%call_ln723 = call void @generic_mlp_head46_Pipeline_VITIS_LOOP_725_2, i32 %acc, i12 %tmp_s, i32 %input_r, i32 %acc_013_loc, i32 %e3_ff_w0" [src/moe.cpp:723]   --->   Operation 125 'call' 'call_ln723' <Predicate = true> <Delay = 0.00> <CoreType = "Generic">   --->   Core 0 '' <Latency = 0> <II = 1> <Delay = 1.00> <Generic> <Opcode : >

State 5 <SV = 4> <Delay = 6.28>
ST_5 : Operation 126 [1/1] (0.00ns)   --->   "%acc_013_loc_load = load i32 %acc_013_loc"   --->   Operation 126 'load' 'acc_013_loc_load' <Predicate = true> <Delay = 0.00>
ST_5 : Operation 127 [4/4] (6.28ns)   --->   "%tmp_3 = fexp i32 @llvm.exp.f32, i32 %acc_013_loc_load" [src/moe.cpp:548->src/moe.cpp:729]   --->   Operation 127 'fexp' 'tmp_3' <Predicate = true> <Delay = 6.28> <CoreInst = "FExp_fulldsp">   --->   Core 23 'FExp_fulldsp' <Latency = 3> <II = 1> <Delay = 6.28> <FuncUnit> <Opcode : 'fexp'> <InPorts = 1> <OutPorts = 1>

State 6 <SV = 5> <Delay = 6.28>
ST_6 : Operation 128 [3/4] (6.28ns)   --->   "%tmp_3 = fexp i32 @llvm.exp.f32, i32 %acc_013_loc_load" [src/moe.cpp:548->src/moe.cpp:729]   --->   Operation 128 'fexp' 'tmp_3' <Predicate = true> <Delay = 6.28> <CoreInst = "FExp_fulldsp">   --->   Core 23 'FExp_fulldsp' <Latency = 3> <II = 1> <Delay = 6.28> <FuncUnit> <Opcode : 'fexp'> <InPorts = 1> <OutPorts = 1>

State 7 <SV = 6> <Delay = 6.28>
ST_7 : Operation 129 [2/4] (6.28ns)   --->   "%tmp_3 = fexp i32 @llvm.exp.f32, i32 %acc_013_loc_load" [src/moe.cpp:548->src/moe.cpp:729]   --->   Operation 129 'fexp' 'tmp_3' <Predicate = true> <Delay = 6.28> <CoreInst = "FExp_fulldsp">   --->   Core 23 'FExp_fulldsp' <Latency = 3> <II = 1> <Delay = 6.28> <FuncUnit> <Opcode : 'fexp'> <InPorts = 1> <OutPorts = 1>

State 8 <SV = 7> <Delay = 6.28>
ST_8 : Operation 130 [1/4] (6.28ns)   --->   "%tmp_3 = fexp i32 @llvm.exp.f32, i32 %acc_013_loc_load" [src/moe.cpp:548->src/moe.cpp:729]   --->   Operation 130 'fexp' 'tmp_3' <Predicate = true> <Delay = 6.28> <CoreInst = "FExp_fulldsp">   --->   Core 23 'FExp_fulldsp' <Latency = 3> <II = 1> <Delay = 6.28> <FuncUnit> <Opcode : 'fexp'> <InPorts = 1> <OutPorts = 1>

State 9 <SV = 8> <Delay = 6.04>
ST_9 : Operation 131 [2/2] (6.04ns)   --->   "%sub_i = fadd i32 %tmp_3, i32 -1" [src/moe.cpp:548->src/moe.cpp:729]   --->   Operation 131 'fadd' 'sub_i' <Predicate = true> <Delay = 6.04> <CoreInst = "FAddSub_fulldsp">   --->   Core 18 'FAddSub_fulldsp' <Latency = 1> <II = 1> <Delay = 6.04> <FuncUnit> <Opcode : 'fadd' 'fsub'> <InPorts = 2> <OutPorts = 1>

State 10 <SV = 9> <Delay = 7.02>
ST_10 : Operation 132 [1/1] (0.00ns)   --->   "%speclooptripcount_ln722 = speclooptripcount void @_ssdm_op_SpecLoopTripCount, i64 32, i64 32, i64 32" [src/moe.cpp:722]   --->   Operation 132 'speclooptripcount' 'speclooptripcount_ln722' <Predicate = true> <Delay = 0.00>
ST_10 : Operation 133 [1/1] (0.00ns)   --->   "%specloopname_ln722 = specloopname void @_ssdm_op_SpecLoopName, void @empty_10" [src/moe.cpp:722]   --->   Operation 133 'specloopname' 'specloopname_ln722' <Predicate = true> <Delay = 0.00>
ST_10 : Operation 134 [1/1] (0.00ns)   --->   "%bitcast_ln545 = bitcast i32 %acc_013_loc_load" [src/moe.cpp:545->src/moe.cpp:729]   --->   Operation 134 'bitcast' 'bitcast_ln545' <Predicate = true> <Delay = 0.00>
ST_10 : Operation 135 [1/1] (0.00ns)   --->   "%tmp_6 = partselect i8 @_ssdm_op_PartSelect.i8.i32.i32.i32, i32 %bitcast_ln545, i32 23, i32 30" [src/moe.cpp:545->src/moe.cpp:729]   --->   Operation 135 'partselect' 'tmp_6' <Predicate = true> <Delay = 0.00>
ST_10 : Operation 136 [1/1] (0.00ns)   --->   "%trunc_ln545 = trunc i32 %bitcast_ln545" [src/moe.cpp:545->src/moe.cpp:729]   --->   Operation 136 'trunc' 'trunc_ln545' <Predicate = true> <Delay = 0.00>
ST_10 : Operation 137 [1/1] (0.65ns)   --->   "%icmp_ln545 = icmp_ne  i8 %tmp_6, i8 255" [src/moe.cpp:545->src/moe.cpp:729]   --->   Operation 137 'icmp' 'icmp_ln545' <Predicate = true> <Delay = 0.65> <CoreInst = "Cmp">   --->   Core 9 'Cmp' <Latency = 0> <II = 1> <Delay = 0.65> <FuncUnit> <Opcode : 'icmp'> <InPorts = 2> <OutPorts = 1>
ST_10 : Operation 138 [1/1] (0.75ns)   --->   "%icmp_ln545_6 = icmp_eq  i23 %trunc_ln545, i23 0" [src/moe.cpp:545->src/moe.cpp:729]   --->   Operation 138 'icmp' 'icmp_ln545_6' <Predicate = true> <Delay = 0.75> <CoreInst = "Cmp">   --->   Core 9 'Cmp' <Latency = 0> <II = 1> <Delay = 0.75> <FuncUnit> <Opcode : 'icmp'> <InPorts = 2> <OutPorts = 1>
ST_10 : Operation 139 [1/1] (0.00ns) (grouped into LUT with out node l1)   --->   "%or_ln545 = or i1 %icmp_ln545_6, i1 %icmp_ln545" [src/moe.cpp:545->src/moe.cpp:729]   --->   Operation 139 'or' 'or_ln545' <Predicate = true> <Delay = 0.00> <CoreInst = "LogicGate">   --->   Core 74 'LogicGate' <Latency = 0> <II = 1> <Delay = 0.11> <FuncUnit> <Opcode : 'and' 'or' 'xor'> <InPorts = 2> <OutPorts = 1>
ST_10 : Operation 140 [1/1] (6.81ns)   --->   "%tmp_7 = fcmp_oge  i32 %acc_013_loc_load, i32 0" [src/moe.cpp:545->src/moe.cpp:729]   --->   Operation 140 'fcmp' 'tmp_7' <Predicate = true> <Delay = 6.81> <CoreInst = "FCompare">   --->   Core 19 'FCompare' <Latency = 0> <II = 1> <Delay = 6.81> <FuncUnit> <Opcode : 'fcmp'> <InPorts = 2> <OutPorts = 1>
ST_10 : Operation 141 [1/1] (0.00ns) (grouped into LUT with out node l1)   --->   "%and_ln545 = and i1 %or_ln545, i1 %tmp_7" [src/moe.cpp:545->src/moe.cpp:729]   --->   Operation 141 'and' 'and_ln545' <Predicate = true> <Delay = 0.00> <CoreInst = "LogicGate">   --->   Core 74 'LogicGate' <Latency = 0> <II = 1> <Delay = 0.11> <FuncUnit> <Opcode : 'and' 'or' 'xor'> <InPorts = 2> <OutPorts = 1>
ST_10 : Operation 142 [1/2] (6.04ns)   --->   "%sub_i = fadd i32 %tmp_3, i32 -1" [src/moe.cpp:548->src/moe.cpp:729]   --->   Operation 142 'fadd' 'sub_i' <Predicate = true> <Delay = 6.04> <CoreInst = "FAddSub_fulldsp">   --->   Core 18 'FAddSub_fulldsp' <Latency = 1> <II = 1> <Delay = 6.04> <FuncUnit> <Opcode : 'fadd' 'fsub'> <InPorts = 2> <OutPorts = 1>
ST_10 : Operation 143 [1/1] (0.21ns) (out node of the LUT)   --->   "%l1 = select i1 %and_ln545, i32 %acc_013_loc_load, i32 %sub_i" [src/moe.cpp:545->src/moe.cpp:729]   --->   Operation 143 'select' 'l1' <Predicate = true> <Delay = 0.21> <CoreInst = "Sel">   --->   Core 73 'Sel' <Latency = 0> <II = 1> <Delay = 0.21> <FuncUnit> <Opcode : 'select'> <InPorts = 3> <OutPorts = 1>
ST_10 : Operation 144 [1/1] (0.67ns)   --->   "%switch_ln729 = switch i5 %trunc_ln722, void %arrayidx12.case.31, i5 0, void %VITIS_LOOP_725_2.split.arrayidx12.exit_crit_edge, i5 1, void %arrayidx12.case.1, i5 2, void %arrayidx12.case.2, i5 3, void %arrayidx12.case.3, i5 4, void %arrayidx12.case.4, i5 5, void %arrayidx12.case.5, i5 6, void %arrayidx12.case.6, i5 7, void %arrayidx12.case.7, i5 8, void %arrayidx12.case.8, i5 9, void %arrayidx12.case.9, i5 10, void %arrayidx12.case.10, i5 11, void %arrayidx12.case.11, i5 12, void %arrayidx12.case.12, i5 13, void %arrayidx12.case.13, i5 14, void %arrayidx12.case.14, i5 15, void %arrayidx12.case.15, i5 16, void %arrayidx12.case.16, i5 17, void %arrayidx12.case.17, i5 18, void %arrayidx12.case.18, i5 19, void %arrayidx12.case.19, i5 20, void %arrayidx12.case.20, i5 21, void %arrayidx12.case.21, i5 22, void %arrayidx12.case.22, i5 23, void %arrayidx12.case.23, i5 24, void %arrayidx12.case.24, i5 25, void %arrayidx12.case.25, i5 26, void %arrayidx12.case.26, i5 27, void %arrayidx12.case.27, i5 28, void %arrayidx12.case.28, i5 29, void %arrayidx12.case.29, i5 30, void %arrayidx12.case.30" [src/moe.cpp:729]   --->   Operation 144 'switch' 'switch_ln729' <Predicate = true> <Delay = 0.67>
ST_10 : Operation 145 [1/1] (0.00ns)   --->   "%store_ln545 = store i32 %l1, i32 %mux_case_30154" [src/moe.cpp:545->src/moe.cpp:729]   --->   Operation 145 'store' 'store_ln545' <Predicate = (trunc_ln722 == 30)> <Delay = 0.00>
ST_10 : Operation 146 [1/1] (0.00ns)   --->   "%br_ln729 = br void %arrayidx12.exit" [src/moe.cpp:729]   --->   Operation 146 'br' 'br_ln729' <Predicate = (trunc_ln722 == 30)> <Delay = 0.00>
ST_10 : Operation 147 [1/1] (0.00ns)   --->   "%store_ln545 = store i32 %l1, i32 %mux_case_29150" [src/moe.cpp:545->src/moe.cpp:729]   --->   Operation 147 'store' 'store_ln545' <Predicate = (trunc_ln722 == 29)> <Delay = 0.00>
ST_10 : Operation 148 [1/1] (0.00ns)   --->   "%br_ln729 = br void %arrayidx12.exit" [src/moe.cpp:729]   --->   Operation 148 'br' 'br_ln729' <Predicate = (trunc_ln722 == 29)> <Delay = 0.00>
ST_10 : Operation 149 [1/1] (0.00ns)   --->   "%store_ln545 = store i32 %l1, i32 %mux_case_28146" [src/moe.cpp:545->src/moe.cpp:729]   --->   Operation 149 'store' 'store_ln545' <Predicate = (trunc_ln722 == 28)> <Delay = 0.00>
ST_10 : Operation 150 [1/1] (0.00ns)   --->   "%br_ln729 = br void %arrayidx12.exit" [src/moe.cpp:729]   --->   Operation 150 'br' 'br_ln729' <Predicate = (trunc_ln722 == 28)> <Delay = 0.00>
ST_10 : Operation 151 [1/1] (0.00ns)   --->   "%store_ln545 = store i32 %l1, i32 %mux_case_27142" [src/moe.cpp:545->src/moe.cpp:729]   --->   Operation 151 'store' 'store_ln545' <Predicate = (trunc_ln722 == 27)> <Delay = 0.00>
ST_10 : Operation 152 [1/1] (0.00ns)   --->   "%br_ln729 = br void %arrayidx12.exit" [src/moe.cpp:729]   --->   Operation 152 'br' 'br_ln729' <Predicate = (trunc_ln722 == 27)> <Delay = 0.00>
ST_10 : Operation 153 [1/1] (0.00ns)   --->   "%store_ln545 = store i32 %l1, i32 %mux_case_26138" [src/moe.cpp:545->src/moe.cpp:729]   --->   Operation 153 'store' 'store_ln545' <Predicate = (trunc_ln722 == 26)> <Delay = 0.00>
ST_10 : Operation 154 [1/1] (0.00ns)   --->   "%br_ln729 = br void %arrayidx12.exit" [src/moe.cpp:729]   --->   Operation 154 'br' 'br_ln729' <Predicate = (trunc_ln722 == 26)> <Delay = 0.00>
ST_10 : Operation 155 [1/1] (0.00ns)   --->   "%store_ln545 = store i32 %l1, i32 %mux_case_25134" [src/moe.cpp:545->src/moe.cpp:729]   --->   Operation 155 'store' 'store_ln545' <Predicate = (trunc_ln722 == 25)> <Delay = 0.00>
ST_10 : Operation 156 [1/1] (0.00ns)   --->   "%br_ln729 = br void %arrayidx12.exit" [src/moe.cpp:729]   --->   Operation 156 'br' 'br_ln729' <Predicate = (trunc_ln722 == 25)> <Delay = 0.00>
ST_10 : Operation 157 [1/1] (0.00ns)   --->   "%store_ln545 = store i32 %l1, i32 %mux_case_24130" [src/moe.cpp:545->src/moe.cpp:729]   --->   Operation 157 'store' 'store_ln545' <Predicate = (trunc_ln722 == 24)> <Delay = 0.00>
ST_10 : Operation 158 [1/1] (0.00ns)   --->   "%br_ln729 = br void %arrayidx12.exit" [src/moe.cpp:729]   --->   Operation 158 'br' 'br_ln729' <Predicate = (trunc_ln722 == 24)> <Delay = 0.00>
ST_10 : Operation 159 [1/1] (0.00ns)   --->   "%store_ln545 = store i32 %l1, i32 %mux_case_23126" [src/moe.cpp:545->src/moe.cpp:729]   --->   Operation 159 'store' 'store_ln545' <Predicate = (trunc_ln722 == 23)> <Delay = 0.00>
ST_10 : Operation 160 [1/1] (0.00ns)   --->   "%br_ln729 = br void %arrayidx12.exit" [src/moe.cpp:729]   --->   Operation 160 'br' 'br_ln729' <Predicate = (trunc_ln722 == 23)> <Delay = 0.00>
ST_10 : Operation 161 [1/1] (0.00ns)   --->   "%store_ln545 = store i32 %l1, i32 %mux_case_22122" [src/moe.cpp:545->src/moe.cpp:729]   --->   Operation 161 'store' 'store_ln545' <Predicate = (trunc_ln722 == 22)> <Delay = 0.00>
ST_10 : Operation 162 [1/1] (0.00ns)   --->   "%br_ln729 = br void %arrayidx12.exit" [src/moe.cpp:729]   --->   Operation 162 'br' 'br_ln729' <Predicate = (trunc_ln722 == 22)> <Delay = 0.00>
ST_10 : Operation 163 [1/1] (0.00ns)   --->   "%store_ln545 = store i32 %l1, i32 %mux_case_21118" [src/moe.cpp:545->src/moe.cpp:729]   --->   Operation 163 'store' 'store_ln545' <Predicate = (trunc_ln722 == 21)> <Delay = 0.00>
ST_10 : Operation 164 [1/1] (0.00ns)   --->   "%br_ln729 = br void %arrayidx12.exit" [src/moe.cpp:729]   --->   Operation 164 'br' 'br_ln729' <Predicate = (trunc_ln722 == 21)> <Delay = 0.00>
ST_10 : Operation 165 [1/1] (0.00ns)   --->   "%store_ln545 = store i32 %l1, i32 %mux_case_20114" [src/moe.cpp:545->src/moe.cpp:729]   --->   Operation 165 'store' 'store_ln545' <Predicate = (trunc_ln722 == 20)> <Delay = 0.00>
ST_10 : Operation 166 [1/1] (0.00ns)   --->   "%br_ln729 = br void %arrayidx12.exit" [src/moe.cpp:729]   --->   Operation 166 'br' 'br_ln729' <Predicate = (trunc_ln722 == 20)> <Delay = 0.00>
ST_10 : Operation 167 [1/1] (0.00ns)   --->   "%store_ln545 = store i32 %l1, i32 %mux_case_19110" [src/moe.cpp:545->src/moe.cpp:729]   --->   Operation 167 'store' 'store_ln545' <Predicate = (trunc_ln722 == 19)> <Delay = 0.00>
ST_10 : Operation 168 [1/1] (0.00ns)   --->   "%br_ln729 = br void %arrayidx12.exit" [src/moe.cpp:729]   --->   Operation 168 'br' 'br_ln729' <Predicate = (trunc_ln722 == 19)> <Delay = 0.00>
ST_10 : Operation 169 [1/1] (0.00ns)   --->   "%store_ln545 = store i32 %l1, i32 %mux_case_18106" [src/moe.cpp:545->src/moe.cpp:729]   --->   Operation 169 'store' 'store_ln545' <Predicate = (trunc_ln722 == 18)> <Delay = 0.00>
ST_10 : Operation 170 [1/1] (0.00ns)   --->   "%br_ln729 = br void %arrayidx12.exit" [src/moe.cpp:729]   --->   Operation 170 'br' 'br_ln729' <Predicate = (trunc_ln722 == 18)> <Delay = 0.00>
ST_10 : Operation 171 [1/1] (0.00ns)   --->   "%store_ln545 = store i32 %l1, i32 %mux_case_17102" [src/moe.cpp:545->src/moe.cpp:729]   --->   Operation 171 'store' 'store_ln545' <Predicate = (trunc_ln722 == 17)> <Delay = 0.00>
ST_10 : Operation 172 [1/1] (0.00ns)   --->   "%br_ln729 = br void %arrayidx12.exit" [src/moe.cpp:729]   --->   Operation 172 'br' 'br_ln729' <Predicate = (trunc_ln722 == 17)> <Delay = 0.00>
ST_10 : Operation 173 [1/1] (0.00ns)   --->   "%store_ln545 = store i32 %l1, i32 %mux_case_1698" [src/moe.cpp:545->src/moe.cpp:729]   --->   Operation 173 'store' 'store_ln545' <Predicate = (trunc_ln722 == 16)> <Delay = 0.00>
ST_10 : Operation 174 [1/1] (0.00ns)   --->   "%br_ln729 = br void %arrayidx12.exit" [src/moe.cpp:729]   --->   Operation 174 'br' 'br_ln729' <Predicate = (trunc_ln722 == 16)> <Delay = 0.00>
ST_10 : Operation 175 [1/1] (0.00ns)   --->   "%store_ln545 = store i32 %l1, i32 %mux_case_1594" [src/moe.cpp:545->src/moe.cpp:729]   --->   Operation 175 'store' 'store_ln545' <Predicate = (trunc_ln722 == 15)> <Delay = 0.00>
ST_10 : Operation 176 [1/1] (0.00ns)   --->   "%br_ln729 = br void %arrayidx12.exit" [src/moe.cpp:729]   --->   Operation 176 'br' 'br_ln729' <Predicate = (trunc_ln722 == 15)> <Delay = 0.00>
ST_10 : Operation 177 [1/1] (0.00ns)   --->   "%store_ln545 = store i32 %l1, i32 %mux_case_1490" [src/moe.cpp:545->src/moe.cpp:729]   --->   Operation 177 'store' 'store_ln545' <Predicate = (trunc_ln722 == 14)> <Delay = 0.00>
ST_10 : Operation 178 [1/1] (0.00ns)   --->   "%br_ln729 = br void %arrayidx12.exit" [src/moe.cpp:729]   --->   Operation 178 'br' 'br_ln729' <Predicate = (trunc_ln722 == 14)> <Delay = 0.00>
ST_10 : Operation 179 [1/1] (0.00ns)   --->   "%store_ln545 = store i32 %l1, i32 %mux_case_1386" [src/moe.cpp:545->src/moe.cpp:729]   --->   Operation 179 'store' 'store_ln545' <Predicate = (trunc_ln722 == 13)> <Delay = 0.00>
ST_10 : Operation 180 [1/1] (0.00ns)   --->   "%br_ln729 = br void %arrayidx12.exit" [src/moe.cpp:729]   --->   Operation 180 'br' 'br_ln729' <Predicate = (trunc_ln722 == 13)> <Delay = 0.00>
ST_10 : Operation 181 [1/1] (0.00ns)   --->   "%store_ln545 = store i32 %l1, i32 %mux_case_1282" [src/moe.cpp:545->src/moe.cpp:729]   --->   Operation 181 'store' 'store_ln545' <Predicate = (trunc_ln722 == 12)> <Delay = 0.00>
ST_10 : Operation 182 [1/1] (0.00ns)   --->   "%br_ln729 = br void %arrayidx12.exit" [src/moe.cpp:729]   --->   Operation 182 'br' 'br_ln729' <Predicate = (trunc_ln722 == 12)> <Delay = 0.00>
ST_10 : Operation 183 [1/1] (0.00ns)   --->   "%store_ln545 = store i32 %l1, i32 %mux_case_1178" [src/moe.cpp:545->src/moe.cpp:729]   --->   Operation 183 'store' 'store_ln545' <Predicate = (trunc_ln722 == 11)> <Delay = 0.00>
ST_10 : Operation 184 [1/1] (0.00ns)   --->   "%br_ln729 = br void %arrayidx12.exit" [src/moe.cpp:729]   --->   Operation 184 'br' 'br_ln729' <Predicate = (trunc_ln722 == 11)> <Delay = 0.00>
ST_10 : Operation 185 [1/1] (0.00ns)   --->   "%store_ln545 = store i32 %l1, i32 %mux_case_1074" [src/moe.cpp:545->src/moe.cpp:729]   --->   Operation 185 'store' 'store_ln545' <Predicate = (trunc_ln722 == 10)> <Delay = 0.00>
ST_10 : Operation 186 [1/1] (0.00ns)   --->   "%br_ln729 = br void %arrayidx12.exit" [src/moe.cpp:729]   --->   Operation 186 'br' 'br_ln729' <Predicate = (trunc_ln722 == 10)> <Delay = 0.00>
ST_10 : Operation 187 [1/1] (0.00ns)   --->   "%store_ln545 = store i32 %l1, i32 %mux_case_970" [src/moe.cpp:545->src/moe.cpp:729]   --->   Operation 187 'store' 'store_ln545' <Predicate = (trunc_ln722 == 9)> <Delay = 0.00>
ST_10 : Operation 188 [1/1] (0.00ns)   --->   "%br_ln729 = br void %arrayidx12.exit" [src/moe.cpp:729]   --->   Operation 188 'br' 'br_ln729' <Predicate = (trunc_ln722 == 9)> <Delay = 0.00>
ST_10 : Operation 189 [1/1] (0.00ns)   --->   "%store_ln545 = store i32 %l1, i32 %mux_case_866" [src/moe.cpp:545->src/moe.cpp:729]   --->   Operation 189 'store' 'store_ln545' <Predicate = (trunc_ln722 == 8)> <Delay = 0.00>
ST_10 : Operation 190 [1/1] (0.00ns)   --->   "%br_ln729 = br void %arrayidx12.exit" [src/moe.cpp:729]   --->   Operation 190 'br' 'br_ln729' <Predicate = (trunc_ln722 == 8)> <Delay = 0.00>
ST_10 : Operation 191 [1/1] (0.00ns)   --->   "%store_ln545 = store i32 %l1, i32 %mux_case_762" [src/moe.cpp:545->src/moe.cpp:729]   --->   Operation 191 'store' 'store_ln545' <Predicate = (trunc_ln722 == 7)> <Delay = 0.00>
ST_10 : Operation 192 [1/1] (0.00ns)   --->   "%br_ln729 = br void %arrayidx12.exit" [src/moe.cpp:729]   --->   Operation 192 'br' 'br_ln729' <Predicate = (trunc_ln722 == 7)> <Delay = 0.00>
ST_10 : Operation 193 [1/1] (0.00ns)   --->   "%store_ln545 = store i32 %l1, i32 %mux_case_658" [src/moe.cpp:545->src/moe.cpp:729]   --->   Operation 193 'store' 'store_ln545' <Predicate = (trunc_ln722 == 6)> <Delay = 0.00>
ST_10 : Operation 194 [1/1] (0.00ns)   --->   "%br_ln729 = br void %arrayidx12.exit" [src/moe.cpp:729]   --->   Operation 194 'br' 'br_ln729' <Predicate = (trunc_ln722 == 6)> <Delay = 0.00>
ST_10 : Operation 195 [1/1] (0.00ns)   --->   "%store_ln545 = store i32 %l1, i32 %mux_case_554" [src/moe.cpp:545->src/moe.cpp:729]   --->   Operation 195 'store' 'store_ln545' <Predicate = (trunc_ln722 == 5)> <Delay = 0.00>
ST_10 : Operation 196 [1/1] (0.00ns)   --->   "%br_ln729 = br void %arrayidx12.exit" [src/moe.cpp:729]   --->   Operation 196 'br' 'br_ln729' <Predicate = (trunc_ln722 == 5)> <Delay = 0.00>
ST_10 : Operation 197 [1/1] (0.00ns)   --->   "%store_ln545 = store i32 %l1, i32 %mux_case_450" [src/moe.cpp:545->src/moe.cpp:729]   --->   Operation 197 'store' 'store_ln545' <Predicate = (trunc_ln722 == 4)> <Delay = 0.00>
ST_10 : Operation 198 [1/1] (0.00ns)   --->   "%br_ln729 = br void %arrayidx12.exit" [src/moe.cpp:729]   --->   Operation 198 'br' 'br_ln729' <Predicate = (trunc_ln722 == 4)> <Delay = 0.00>
ST_10 : Operation 199 [1/1] (0.00ns)   --->   "%store_ln545 = store i32 %l1, i32 %mux_case_346" [src/moe.cpp:545->src/moe.cpp:729]   --->   Operation 199 'store' 'store_ln545' <Predicate = (trunc_ln722 == 3)> <Delay = 0.00>
ST_10 : Operation 200 [1/1] (0.00ns)   --->   "%br_ln729 = br void %arrayidx12.exit" [src/moe.cpp:729]   --->   Operation 200 'br' 'br_ln729' <Predicate = (trunc_ln722 == 3)> <Delay = 0.00>
ST_10 : Operation 201 [1/1] (0.00ns)   --->   "%store_ln545 = store i32 %l1, i32 %mux_case_242" [src/moe.cpp:545->src/moe.cpp:729]   --->   Operation 201 'store' 'store_ln545' <Predicate = (trunc_ln722 == 2)> <Delay = 0.00>
ST_10 : Operation 202 [1/1] (0.00ns)   --->   "%br_ln729 = br void %arrayidx12.exit" [src/moe.cpp:729]   --->   Operation 202 'br' 'br_ln729' <Predicate = (trunc_ln722 == 2)> <Delay = 0.00>
ST_10 : Operation 203 [1/1] (0.00ns)   --->   "%store_ln545 = store i32 %l1, i32 %mux_case_138" [src/moe.cpp:545->src/moe.cpp:729]   --->   Operation 203 'store' 'store_ln545' <Predicate = (trunc_ln722 == 1)> <Delay = 0.00>
ST_10 : Operation 204 [1/1] (0.00ns)   --->   "%br_ln729 = br void %arrayidx12.exit" [src/moe.cpp:729]   --->   Operation 204 'br' 'br_ln729' <Predicate = (trunc_ln722 == 1)> <Delay = 0.00>
ST_10 : Operation 205 [1/1] (0.00ns)   --->   "%store_ln545 = store i32 %l1, i32 %mux_case_034" [src/moe.cpp:545->src/moe.cpp:729]   --->   Operation 205 'store' 'store_ln545' <Predicate = (trunc_ln722 == 0)> <Delay = 0.00>
ST_10 : Operation 206 [1/1] (0.00ns)   --->   "%br_ln729 = br void %arrayidx12.exit" [src/moe.cpp:729]   --->   Operation 206 'br' 'br_ln729' <Predicate = (trunc_ln722 == 0)> <Delay = 0.00>
ST_10 : Operation 207 [1/1] (0.00ns)   --->   "%store_ln545 = store i32 %l1, i32 %mux_case_31158" [src/moe.cpp:545->src/moe.cpp:729]   --->   Operation 207 'store' 'store_ln545' <Predicate = (trunc_ln722 == 31)> <Delay = 0.00>
ST_10 : Operation 208 [1/1] (0.00ns)   --->   "%br_ln729 = br void %arrayidx12.exit" [src/moe.cpp:729]   --->   Operation 208 'br' 'br_ln729' <Predicate = (trunc_ln722 == 31)> <Delay = 0.00>
ST_10 : Operation 209 [1/1] (0.36ns)   --->   "%store_ln722 = store i6 %add_ln722, i6 %i" [src/moe.cpp:722]   --->   Operation 209 'store' 'store_ln722' <Predicate = true> <Delay = 0.36>
ST_10 : Operation 210 [1/1] (0.00ns)   --->   "%br_ln722 = br void %VITIS_LOOP_725_2" [src/moe.cpp:722]   --->   Operation 210 'br' 'br_ln722' <Predicate = true> <Delay = 0.00>

State 11 <SV = 2> <Delay = 0.00>
ST_11 : Operation 211 [1/2] (0.00ns)   --->   "%call_ln0 = call void @generic_mlp_head46_Pipeline_VITIS_LOOP_736_3, i32 %mux_case_034_load, i32 %mux_case_138_load, i32 %mux_case_242_load, i32 %mux_case_346_load, i32 %mux_case_450_load, i32 %mux_case_554_load, i32 %mux_case_658_load, i32 %mux_case_762_load, i32 %mux_case_866_load, i32 %mux_case_970_load, i32 %mux_case_1074_load, i32 %mux_case_1178_load, i32 %mux_case_1282_load, i32 %mux_case_1386_load, i32 %mux_case_1490_load, i32 %mux_case_1594_load, i32 %mux_case_1698_load, i32 %mux_case_17102_load, i32 %mux_case_18106_load, i32 %mux_case_19110_load, i32 %mux_case_20114_load, i32 %mux_case_21118_load, i32 %mux_case_22122_load, i32 %mux_case_23126_load, i32 %mux_case_24130_load, i32 %mux_case_25134_load, i32 %mux_case_26138_load, i32 %mux_case_27142_load, i32 %mux_case_28146_load, i32 %mux_case_29150_load, i32 %mux_case_30154_load, i32 %mux_case_31158_load, i32 %mux_case_1524222_loc, i32 %mux_case_1423218_loc, i32 %mux_case_1322214_loc, i32 %mux_case_1221210_loc, i32 %mux_case_1120206_loc, i32 %mux_case_1019202_loc, i32 %mux_case_918198_loc, i32 %mux_case_817194_loc, i32 %mux_case_716190_loc, i32 %mux_case_615186_loc, i32 %mux_case_514182_loc, i32 %mux_case_413178_loc, i32 %mux_case_312174_loc, i32 %mux_case_211170_loc, i32 %mux_case_110166_loc, i32 %mux_case_01162_loc, i32 %e3_ff_b1, i32 %p_ZL8e3_ff_w1_0, i32 %p_ZL8e3_ff_w1_1, i32 %p_ZL8e3_ff_w1_2, i32 %p_ZL8e3_ff_w1_3, i32 %p_ZL8e3_ff_w1_4, i32 %p_ZL8e3_ff_w1_5, i32 %p_ZL8e3_ff_w1_6, i32 %p_ZL8e3_ff_w1_7, i32 %p_ZL8e3_ff_w1_8, i32 %p_ZL8e3_ff_w1_9, i32 %p_ZL8e3_ff_w1_10, i32 %p_ZL8e3_ff_w1_11, i32 %p_ZL8e3_ff_w1_12, i32 %p_ZL8e3_ff_w1_13, i32 %p_ZL8e3_ff_w1_14, i32 %p_ZL8e3_ff_w1_15, i32 %p_ZL8e3_ff_w1_16, i32 %p_ZL8e3_ff_w1_17, i32 %p_ZL8e3_ff_w1_18, i32 %p_ZL8e3_ff_w1_19, i32 %p_ZL8e3_ff_w1_20, i32 %p_ZL8e3_ff_w1_21, i32 %p_ZL8e3_ff_w1_22, i32 %p_ZL8e3_ff_w1_23, i32 %p_ZL8e3_ff_w1_24, i32 %p_ZL8e3_ff_w1_25, i32 %p_ZL8e3_ff_w1_26, i32 %p_ZL8e3_ff_w1_27, i32 %p_ZL8e3_ff_w1_28, i32 %p_ZL8e3_ff_w1_29, i32 %p_ZL8e3_ff_w1_30, i32 %p_ZL8e3_ff_w1_31"   --->   Operation 211 'call' 'call_ln0' <Predicate = true> <Delay = 0.00> <CoreType = "Generic">   --->   Core 0 '' <Latency = 0> <II = 1> <Delay = 1.00> <Generic> <Opcode : >

State 12 <SV = 3> <Delay = 0.00>
ST_12 : Operation 212 [1/1] (0.00ns)   --->   "%mux_case_1524222_loc_load = load i32 %mux_case_1524222_loc"   --->   Operation 212 'load' 'mux_case_1524222_loc_load' <Predicate = true> <Delay = 0.00>
ST_12 : Operation 213 [1/1] (0.00ns)   --->   "%mux_case_1423218_loc_load = load i32 %mux_case_1423218_loc"   --->   Operation 213 'load' 'mux_case_1423218_loc_load' <Predicate = true> <Delay = 0.00>
ST_12 : Operation 214 [1/1] (0.00ns)   --->   "%mux_case_1322214_loc_load = load i32 %mux_case_1322214_loc"   --->   Operation 214 'load' 'mux_case_1322214_loc_load' <Predicate = true> <Delay = 0.00>
ST_12 : Operation 215 [1/1] (0.00ns)   --->   "%mux_case_1221210_loc_load = load i32 %mux_case_1221210_loc"   --->   Operation 215 'load' 'mux_case_1221210_loc_load' <Predicate = true> <Delay = 0.00>
ST_12 : Operation 216 [1/1] (0.00ns)   --->   "%mux_case_1120206_loc_load = load i32 %mux_case_1120206_loc"   --->   Operation 216 'load' 'mux_case_1120206_loc_load' <Predicate = true> <Delay = 0.00>
ST_12 : Operation 217 [1/1] (0.00ns)   --->   "%mux_case_1019202_loc_load = load i32 %mux_case_1019202_loc"   --->   Operation 217 'load' 'mux_case_1019202_loc_load' <Predicate = true> <Delay = 0.00>
ST_12 : Operation 218 [1/1] (0.00ns)   --->   "%mux_case_918198_loc_load = load i32 %mux_case_918198_loc"   --->   Operation 218 'load' 'mux_case_918198_loc_load' <Predicate = true> <Delay = 0.00>
ST_12 : Operation 219 [1/1] (0.00ns)   --->   "%mux_case_817194_loc_load = load i32 %mux_case_817194_loc"   --->   Operation 219 'load' 'mux_case_817194_loc_load' <Predicate = true> <Delay = 0.00>
ST_12 : Operation 220 [1/1] (0.00ns)   --->   "%mux_case_716190_loc_load = load i32 %mux_case_716190_loc"   --->   Operation 220 'load' 'mux_case_716190_loc_load' <Predicate = true> <Delay = 0.00>
ST_12 : Operation 221 [1/1] (0.00ns)   --->   "%mux_case_615186_loc_load = load i32 %mux_case_615186_loc"   --->   Operation 221 'load' 'mux_case_615186_loc_load' <Predicate = true> <Delay = 0.00>
ST_12 : Operation 222 [1/1] (0.00ns)   --->   "%mux_case_514182_loc_load = load i32 %mux_case_514182_loc"   --->   Operation 222 'load' 'mux_case_514182_loc_load' <Predicate = true> <Delay = 0.00>
ST_12 : Operation 223 [1/1] (0.00ns)   --->   "%mux_case_413178_loc_load = load i32 %mux_case_413178_loc"   --->   Operation 223 'load' 'mux_case_413178_loc_load' <Predicate = true> <Delay = 0.00>
ST_12 : Operation 224 [1/1] (0.00ns)   --->   "%mux_case_312174_loc_load = load i32 %mux_case_312174_loc"   --->   Operation 224 'load' 'mux_case_312174_loc_load' <Predicate = true> <Delay = 0.00>
ST_12 : Operation 225 [1/1] (0.00ns)   --->   "%mux_case_211170_loc_load = load i32 %mux_case_211170_loc"   --->   Operation 225 'load' 'mux_case_211170_loc_load' <Predicate = true> <Delay = 0.00>
ST_12 : Operation 226 [1/1] (0.00ns)   --->   "%mux_case_110166_loc_load = load i32 %mux_case_110166_loc"   --->   Operation 226 'load' 'mux_case_110166_loc_load' <Predicate = true> <Delay = 0.00>
ST_12 : Operation 227 [1/1] (0.00ns)   --->   "%mux_case_01162_loc_load = load i32 %mux_case_01162_loc"   --->   Operation 227 'load' 'mux_case_01162_loc_load' <Predicate = true> <Delay = 0.00>
ST_12 : Operation 228 [2/2] (0.00ns)   --->   "%call_ln0 = call void @generic_mlp_head46_Pipeline_VITIS_LOOP_750_5, i32 %mux_case_01162_loc_load, i32 %mux_case_110166_loc_load, i32 %mux_case_211170_loc_load, i32 %mux_case_312174_loc_load, i32 %mux_case_413178_loc_load, i32 %mux_case_514182_loc_load, i32 %mux_case_615186_loc_load, i32 %mux_case_716190_loc_load, i32 %mux_case_817194_loc_load, i32 %mux_case_918198_loc_load, i32 %mux_case_1019202_loc_load, i32 %mux_case_1120206_loc_load, i32 %mux_case_1221210_loc_load, i32 %mux_case_1322214_loc_load, i32 %mux_case_1423218_loc_load, i32 %mux_case_1524222_loc_load, i32 %mux_case_732246_loc, i32 %mux_case_631243_loc, i32 %mux_case_530240_loc, i32 %mux_case_429237_loc, i32 %mux_case_328234_loc, i32 %mux_case_227231_loc, i32 %mux_case_126228_loc, i32 %mux_case_025225_loc, i32 %e3_ff_b2, i32 %p_ZL8e3_ff_w2_0, i32 %p_ZL8e3_ff_w2_1, i32 %p_ZL8e3_ff_w2_2, i32 %p_ZL8e3_ff_w2_3, i32 %p_ZL8e3_ff_w2_4, i32 %p_ZL8e3_ff_w2_5, i32 %p_ZL8e3_ff_w2_6, i32 %p_ZL8e3_ff_w2_7, i32 %p_ZL8e3_ff_w2_8, i32 %p_ZL8e3_ff_w2_9, i32 %p_ZL8e3_ff_w2_10, i32 %p_ZL8e3_ff_w2_11, i32 %p_ZL8e3_ff_w2_12, i32 %p_ZL8e3_ff_w2_13, i32 %p_ZL8e3_ff_w2_14, i32 %p_ZL8e3_ff_w2_15"   --->   Operation 228 'call' 'call_ln0' <Predicate = true> <Delay = 0.00> <CoreType = "Generic">   --->   Core 0 '' <Latency = 0> <II = 1> <Delay = 1.00> <Generic> <Opcode : >

State 13 <SV = 4> <Delay = 0.00>
ST_13 : Operation 229 [1/2] (0.00ns)   --->   "%call_ln0 = call void @generic_mlp_head46_Pipeline_VITIS_LOOP_750_5, i32 %mux_case_01162_loc_load, i32 %mux_case_110166_loc_load, i32 %mux_case_211170_loc_load, i32 %mux_case_312174_loc_load, i32 %mux_case_413178_loc_load, i32 %mux_case_514182_loc_load, i32 %mux_case_615186_loc_load, i32 %mux_case_716190_loc_load, i32 %mux_case_817194_loc_load, i32 %mux_case_918198_loc_load, i32 %mux_case_1019202_loc_load, i32 %mux_case_1120206_loc_load, i32 %mux_case_1221210_loc_load, i32 %mux_case_1322214_loc_load, i32 %mux_case_1423218_loc_load, i32 %mux_case_1524222_loc_load, i32 %mux_case_732246_loc, i32 %mux_case_631243_loc, i32 %mux_case_530240_loc, i32 %mux_case_429237_loc, i32 %mux_case_328234_loc, i32 %mux_case_227231_loc, i32 %mux_case_126228_loc, i32 %mux_case_025225_loc, i32 %e3_ff_b2, i32 %p_ZL8e3_ff_w2_0, i32 %p_ZL8e3_ff_w2_1, i32 %p_ZL8e3_ff_w2_2, i32 %p_ZL8e3_ff_w2_3, i32 %p_ZL8e3_ff_w2_4, i32 %p_ZL8e3_ff_w2_5, i32 %p_ZL8e3_ff_w2_6, i32 %p_ZL8e3_ff_w2_7, i32 %p_ZL8e3_ff_w2_8, i32 %p_ZL8e3_ff_w2_9, i32 %p_ZL8e3_ff_w2_10, i32 %p_ZL8e3_ff_w2_11, i32 %p_ZL8e3_ff_w2_12, i32 %p_ZL8e3_ff_w2_13, i32 %p_ZL8e3_ff_w2_14, i32 %p_ZL8e3_ff_w2_15"   --->   Operation 229 'call' 'call_ln0' <Predicate = true> <Delay = 0.00> <CoreType = "Generic">   --->   Core 0 '' <Latency = 0> <II = 1> <Delay = 1.00> <Generic> <Opcode : >

State 14 <SV = 5> <Delay = 0.53>
ST_14 : Operation 230 [1/1] (0.00ns)   --->   "%mux_case_732246_loc_load = load i32 %mux_case_732246_loc"   --->   Operation 230 'load' 'mux_case_732246_loc_load' <Predicate = true> <Delay = 0.00>
ST_14 : Operation 231 [1/1] (0.00ns)   --->   "%mux_case_631243_loc_load = load i32 %mux_case_631243_loc"   --->   Operation 231 'load' 'mux_case_631243_loc_load' <Predicate = true> <Delay = 0.00>
ST_14 : Operation 232 [1/1] (0.00ns)   --->   "%mux_case_530240_loc_load = load i32 %mux_case_530240_loc"   --->   Operation 232 'load' 'mux_case_530240_loc_load' <Predicate = true> <Delay = 0.00>
ST_14 : Operation 233 [1/1] (0.00ns)   --->   "%mux_case_429237_loc_load = load i32 %mux_case_429237_loc"   --->   Operation 233 'load' 'mux_case_429237_loc_load' <Predicate = true> <Delay = 0.00>
ST_14 : Operation 234 [1/1] (0.00ns)   --->   "%mux_case_328234_loc_load = load i32 %mux_case_328234_loc"   --->   Operation 234 'load' 'mux_case_328234_loc_load' <Predicate = true> <Delay = 0.00>
ST_14 : Operation 235 [1/1] (0.00ns)   --->   "%mux_case_227231_loc_load = load i32 %mux_case_227231_loc"   --->   Operation 235 'load' 'mux_case_227231_loc_load' <Predicate = true> <Delay = 0.00>
ST_14 : Operation 236 [1/1] (0.00ns)   --->   "%mux_case_126228_loc_load = load i32 %mux_case_126228_loc"   --->   Operation 236 'load' 'mux_case_126228_loc_load' <Predicate = true> <Delay = 0.00>
ST_14 : Operation 237 [1/1] (0.00ns)   --->   "%mux_case_025225_loc_load = load i32 %mux_case_025225_loc"   --->   Operation 237 'load' 'mux_case_025225_loc_load' <Predicate = true> <Delay = 0.00>
ST_14 : Operation 238 [2/2] (0.53ns)   --->   "%call_ln0 = call void @generic_mlp_head46_Pipeline_VITIS_LOOP_767_7, i32 %mux_case_025225_loc_load, i32 %mux_case_126228_loc_load, i32 %mux_case_227231_loc_load, i32 %mux_case_328234_loc_load, i32 %mux_case_429237_loc_load, i32 %mux_case_530240_loc_load, i32 %mux_case_631243_loc_load, i32 %mux_case_732246_loc_load, i32 %acc_61_loc, i32 %e3_ff_w3_0"   --->   Operation 238 'call' 'call_ln0' <Predicate = true> <Delay = 0.53> <CoreType = "Generic">   --->   Core 0 '' <Latency = 0> <II = 1> <Delay = 1.00> <Generic> <Opcode : >

State 15 <SV = 6> <Delay = 0.00>
ST_15 : Operation 239 [1/2] (0.00ns)   --->   "%call_ln0 = call void @generic_mlp_head46_Pipeline_VITIS_LOOP_767_7, i32 %mux_case_025225_loc_load, i32 %mux_case_126228_loc_load, i32 %mux_case_227231_loc_load, i32 %mux_case_328234_loc_load, i32 %mux_case_429237_loc_load, i32 %mux_case_530240_loc_load, i32 %mux_case_631243_loc_load, i32 %mux_case_732246_loc_load, i32 %acc_61_loc, i32 %e3_ff_w3_0"   --->   Operation 239 'call' 'call_ln0' <Predicate = true> <Delay = 0.00> <CoreType = "Generic">   --->   Core 0 '' <Latency = 0> <II = 1> <Delay = 1.00> <Generic> <Opcode : >

State 16 <SV = 7> <Delay = 0.00>
ST_16 : Operation 240 [1/1] (0.00ns)   --->   "%acc_61_loc_load = load i32 %acc_61_loc"   --->   Operation 240 'load' 'acc_61_loc_load' <Predicate = true> <Delay = 0.00>
ST_16 : Operation 241 [1/1] (0.00ns)   --->   "%ret_ln772 = ret i32 %acc_61_loc_load" [src/moe.cpp:772]   --->   Operation 241 'ret' 'ret_ln772' <Predicate = true> <Delay = 0.00>


============================================================
+ Verbose Summary: Timing violations
============================================================
Target clock period: 10.000ns, clock uncertainty: 2.700ns.

 <State 1>: 0.362ns
The critical path consists of the following:
	'alloca' operation 6 bit ('i', src/moe.cpp:722) [55]  (0.000 ns)
	'store' operation 0 bit ('store_ln722', src/moe.cpp:722) of constant 0 on local variable 'i', src/moe.cpp:722 [117]  (0.362 ns)

 <State 2>: 1.025ns
The critical path consists of the following:
	'load' operation 6 bit ('i', src/moe.cpp:722) on local variable 'i', src/moe.cpp:722 [120]  (0.000 ns)
	'getelementptr' operation 5 bit ('e3_ff_b0_addr', src/moe.cpp:723) [130]  (0.000 ns)
	'load' operation 32 bit ('acc', src/moe.cpp:723) on array 'e3_ff_b0' [131]  (1.025 ns)

 <State 3>: 2.734ns
The critical path consists of the following:
	'load' operation 32 bit ('acc', src/moe.cpp:723) on array 'e3_ff_b0' [131]  (1.025 ns)
	'call' operation 0 bit ('call_ln723', src/moe.cpp:723) to 'generic_mlp_head46_Pipeline_VITIS_LOOP_725_2' [132]  (1.709 ns)

 <State 4>: 0.000ns
The critical path consists of the following:

 <State 5>: 6.282ns
The critical path consists of the following:
	'load' operation 32 bit ('acc_013_loc_load') on local variable 'acc_013_loc' [133]  (0.000 ns)
	'fexp' operation 32 bit ('tmp_3', src/moe.cpp:548->src/moe.cpp:729) [142]  (6.282 ns)

 <State 6>: 6.282ns
The critical path consists of the following:
	'fexp' operation 32 bit ('tmp_3', src/moe.cpp:548->src/moe.cpp:729) [142]  (6.282 ns)

 <State 7>: 6.282ns
The critical path consists of the following:
	'fexp' operation 32 bit ('tmp_3', src/moe.cpp:548->src/moe.cpp:729) [142]  (6.282 ns)

 <State 8>: 6.282ns
The critical path consists of the following:
	'fexp' operation 32 bit ('tmp_3', src/moe.cpp:548->src/moe.cpp:729) [142]  (6.282 ns)

 <State 9>: 6.047ns
The critical path consists of the following:
	'fadd' operation 32 bit ('sub_i', src/moe.cpp:548->src/moe.cpp:729) [143]  (6.047 ns)

 <State 10>: 7.028ns
The critical path consists of the following:
	'fcmp' operation 1 bit ('tmp_7', src/moe.cpp:545->src/moe.cpp:729) [140]  (6.815 ns)
	'and' operation 1 bit ('and_ln545', src/moe.cpp:545->src/moe.cpp:729) [141]  (0.000 ns)
	'select' operation 32 bit ('l1', src/moe.cpp:545->src/moe.cpp:729) [144]  (0.213 ns)
	'store' operation 0 bit ('store_ln545', src/moe.cpp:545->src/moe.cpp:729) of variable 'l1', src/moe.cpp:545->src/moe.cpp:729 on local variable 'mux_case_25134' [162]  (0.000 ns)

 <State 11>: 0.000ns
The critical path consists of the following:

 <State 12>: 0.000ns
The critical path consists of the following:

 <State 13>: 0.000ns
The critical path consists of the following:

 <State 14>: 0.536ns
The critical path consists of the following:
	'load' operation 32 bit ('mux_case_732246_loc_load') on local variable 'mux_case_732246_loc' [296]  (0.000 ns)
	'call' operation 0 bit ('call_ln0') to 'generic_mlp_head46_Pipeline_VITIS_LOOP_767_7' [304]  (0.536 ns)

 <State 15>: 0.000ns
The critical path consists of the following:

 <State 16>: 0.000ns
The critical path consists of the following:


============================================================
+ Verbose Summary: Binding
============================================================
N/A
* FSMD analyzer results:
  - Output states:
 - Input state : 
  - Chain level:
	State 1
	State 2
	State 3
	State 4
	State 5
	State 6
	State 7
	State 8
	State 9
	State 10
	State 11
	State 12
	State 13
	State 14
	State 15
	State 16


============================================================
+ Verbose Summary: Datapath Resource usage 
============================================================
N/A
