

================================================================
== Vitis HLS Report for 'output_moe_Pipeline_VITIS_LOOP_1065_2'
================================================================
* Date:           Sun Sep 13 20:13:18 2026

* Version:        2023.2 (Build 4023990 on Oct 11 2023)
* Project:        HLS_OutputMoE_Run11
* Solution:       solution1 (Vivado IP Flow Target)
* Product family: virtexuplus
* Target device:  xcvu13p_CIV-figd2104-3-e


================================================================
== Performance Estimates
================================================================
+ Timing: 
    * Summary: 
    +--------+----------+----------+------------+
    |  Clock |  Target  | Estimated| Uncertainty|
    +--------+----------+----------+------------+
    |ap_clk  |  10.00 ns|  6.409 ns|     2.70 ns|
    +--------+----------+----------+------------+

+ Latency: 
    * Summary: 
    +---------+---------+----------+----------+-----+-----+---------+
    |  Latency (cycles) |  Latency (absolute) |  Interval | Pipeline|
    |   min   |   max   |    min   |    max   | min | max |   Type  |
    +---------+---------+----------+----------+-----+-----+---------+
    |      133|      133|  1.330 us|  1.330 us|  133|  133|       no|
    +---------+---------+----------+----------+-----+-----+---------+

    + Detail: 
        * Instance: 
        N/A

        * Loop: 
        +---------------------+---------+---------+----------+-----------+-----------+------+----------+
        |                     |  Latency (cycles) | Iteration|  Initiation Interval  | Trip |          |
        |      Loop Name      |   min   |   max   |  Latency |  achieved |   target  | Count| Pipelined|
        +---------------------+---------+---------+----------+-----------+-----------+------+----------+
        |- VITIS_LOOP_1065_2  |      131|      131|         5|          1|          1|   128|       yes|
        +---------------------+---------+---------+----------+-----------+-----------+------+----------+

============================================================
+ Verbose Summary: Synthesis Manager
============================================================
InlineROM: 1
ExposeGlobal: 0
============================================================
+ Verbose Summary: CDFG Model
============================================================
IsTopModel: 0
ResetActiveHigh: 1
IsCombinational: 0
IsDatapathOnly: 0
HasWiredReturn: 1
HasMFsm: 2
HasVarLatency: 1
IsPipeline: 0
IsRtlPipelined: 0
IsInstanceOverlapped: 0
IsDontTouch: 0
HasImplIP: 0
IsGatedGlobalClock: 0

+ Individual pipeline summary: 
  * Pipeline-0: initiation interval (II) = 1, depth = 5


============================================================
+ Verbose Summary: Schedule
============================================================
* Number of FSM states : 5
* Pipeline : 1
  Pipeline-0 : II = 1, D = 5, States = { 1 2 3 4 5 }
* Dataflow Pipeline: 0

* FSM state transitions: 
1 --> 2 
2 --> 3 
3 --> 4 
4 --> 5 
5 --> 

* FSM state operations: 

State 1 <SV = 0> <Delay = 2.04>
ST_1 : Operation 8 [1/1] (0.00ns)   --->   "%acc_1 = alloca i32 1" [src/moe.cpp:1063]   --->   Operation 8 'alloca' 'acc_1' <Predicate = true> <Delay = 0.00>
ST_1 : Operation 9 [1/1] (0.00ns)   --->   "%i = alloca i32 1" [src/moe.cpp:1065]   --->   Operation 9 'alloca' 'i' <Predicate = true> <Delay = 0.00>
ST_1 : Operation 10 [1/1] (0.00ns)   --->   "%specinterface_ln0 = specinterface void @_ssdm_op_SpecInterface, i32 %input_r, void @empty_5, i32 0, i32 0, void @empty, i32 4294967295, i32 0, void @empty, void @empty, void @empty, i32 0, i32 0, i32 0, i32 0, void @empty, void @empty, i32 4294967295, i32 0"   --->   Operation 10 'specinterface' 'specinterface_ln0' <Predicate = true> <Delay = 0.00>
ST_1 : Operation 11 [1/1] (0.00ns)   --->   "%zext_ln1066_read = read i9 @_ssdm_op_Read.ap_auto.i9, i9 %zext_ln1066"   --->   Operation 11 'read' 'zext_ln1066_read' <Predicate = true> <Delay = 0.00>
ST_1 : Operation 12 [1/1] (0.00ns)   --->   "%acc_read = read i32 @_ssdm_op_Read.ap_auto.float, i32 %acc"   --->   Operation 12 'read' 'acc_read' <Predicate = true> <Delay = 0.00>
ST_1 : Operation 13 [1/1] (0.36ns)   --->   "%store_ln1065 = store i8 0, i8 %i" [src/moe.cpp:1065]   --->   Operation 13 'store' 'store_ln1065' <Predicate = true> <Delay = 0.36>
ST_1 : Operation 14 [1/1] (0.36ns)   --->   "%store_ln1063 = store i32 %acc_read, i32 %acc_1" [src/moe.cpp:1063]   --->   Operation 14 'store' 'store_ln1063' <Predicate = true> <Delay = 0.36>
ST_1 : Operation 15 [1/1] (0.00ns)   --->   "%br_ln0 = br void %for.inc"   --->   Operation 15 'br' 'br_ln0' <Predicate = true> <Delay = 0.00>
ST_1 : Operation 16 [1/1] (0.00ns)   --->   "%i_1 = load i8 %i" [src/moe.cpp:1065]   --->   Operation 16 'load' 'i_1' <Predicate = true> <Delay = 0.00>
ST_1 : Operation 17 [1/1] (0.65ns)   --->   "%icmp_ln1065 = icmp_eq  i8 %i_1, i8 128" [src/moe.cpp:1065]   --->   Operation 17 'icmp' 'icmp_ln1065' <Predicate = true> <Delay = 0.65> <CoreInst = "Cmp">   --->   Core 9 'Cmp' <Latency = 0> <II = 1> <Delay = 0.65> <FuncUnit> <Opcode : 'icmp'> <InPorts = 2> <OutPorts = 1>
ST_1 : Operation 18 [1/1] (0.65ns)   --->   "%add_ln1065 = add i8 %i_1, i8 1" [src/moe.cpp:1065]   --->   Operation 18 'add' 'add_ln1065' <Predicate = true> <Delay = 0.65> <CoreInst = "Adder">   --->   Core 1 'Adder' <Latency = 0> <II = 1> <Delay = 0.65> <FuncUnit> <Opcode : 'add' 'sub'> <InPorts = 2> <OutPorts = 1>
ST_1 : Operation 19 [1/1] (0.00ns)   --->   "%br_ln1065 = br i1 %icmp_ln1065, void %for.inc.split, void %for.inc13.exitStub" [src/moe.cpp:1065]   --->   Operation 19 'br' 'br_ln1065' <Predicate = true> <Delay = 0.00>
ST_1 : Operation 20 [1/1] (0.00ns)   --->   "%zext_ln1065 = zext i8 %i_1" [src/moe.cpp:1065]   --->   Operation 20 'zext' 'zext_ln1065' <Predicate = (!icmp_ln1065)> <Delay = 0.00>
ST_1 : Operation 21 [1/1] (0.00ns)   --->   "%zext_ln1066_1 = zext i8 %i_1" [src/moe.cpp:1066]   --->   Operation 21 'zext' 'zext_ln1066_1' <Predicate = (!icmp_ln1065)> <Delay = 0.00>
ST_1 : Operation 22 [1/1] (0.65ns)   --->   "%add_ln1066 = add i9 %zext_ln1066_read, i9 %zext_ln1066_1" [src/moe.cpp:1066]   --->   Operation 22 'add' 'add_ln1066' <Predicate = (!icmp_ln1065)> <Delay = 0.65> <CoreInst = "Adder">   --->   Core 1 'Adder' <Latency = 0> <II = 1> <Delay = 0.65> <FuncUnit> <Opcode : 'add' 'sub'> <InPorts = 2> <OutPorts = 1>
ST_1 : Operation 23 [1/1] (0.00ns)   --->   "%zext_ln1066_2 = zext i9 %add_ln1066" [src/moe.cpp:1066]   --->   Operation 23 'zext' 'zext_ln1066_2' <Predicate = (!icmp_ln1065)> <Delay = 0.00>
ST_1 : Operation 24 [1/1] (0.00ns)   --->   "%gate_weight_addr = getelementptr i32 %gate_weight, i64 0, i64 %zext_ln1066_2" [src/moe.cpp:1066]   --->   Operation 24 'getelementptr' 'gate_weight_addr' <Predicate = (!icmp_ln1065)> <Delay = 0.00>
ST_1 : Operation 25 [2/2] (1.02ns)   --->   "%gate_weight_load = load i9 %gate_weight_addr" [src/moe.cpp:1066]   --->   Operation 25 'load' 'gate_weight_load' <Predicate = (!icmp_ln1065)> <Delay = 1.02> <CoreInst = "ROM">   --->   Core 101 'ROM' <Latency = 1> <II = 1> <Delay = 1.02> <Storage> <Opcode : 'load'> <Ports = 0> <Width = 32> <Depth = 512> <ROM>
ST_1 : Operation 26 [1/1] (0.00ns)   --->   "%input_r_addr = getelementptr i32 %input_r, i64 0, i64 %zext_ln1065" [src/moe.cpp:1066]   --->   Operation 26 'getelementptr' 'input_r_addr' <Predicate = (!icmp_ln1065)> <Delay = 0.00>
ST_1 : Operation 27 [2/2] (1.02ns)   --->   "%input_r_load = load i7 %input_r_addr" [src/moe.cpp:1066]   --->   Operation 27 'load' 'input_r_load' <Predicate = (!icmp_ln1065)> <Delay = 1.02> <CoreInst = "RAM">   --->   Core 83 'RAM' <Latency = 1> <II = 1> <Delay = 1.02> <Storage> <Opcode : 'load' 'store'> <Ports = 2> <Width = 32> <Depth = 128> <RAM>
ST_1 : Operation 28 [1/1] (0.36ns)   --->   "%store_ln1065 = store i8 %add_ln1065, i8 %i" [src/moe.cpp:1065]   --->   Operation 28 'store' 'store_ln1065' <Predicate = (!icmp_ln1065)> <Delay = 0.36>

State 2 <SV = 1> <Delay = 4.90>
ST_2 : Operation 29 [1/2] (1.02ns)   --->   "%gate_weight_load = load i9 %gate_weight_addr" [src/moe.cpp:1066]   --->   Operation 29 'load' 'gate_weight_load' <Predicate = true> <Delay = 1.02> <CoreInst = "ROM">   --->   Core 101 'ROM' <Latency = 1> <II = 1> <Delay = 1.02> <Storage> <Opcode : 'load'> <Ports = 0> <Width = 32> <Depth = 512> <ROM>
ST_2 : Operation 30 [1/2] (1.02ns)   --->   "%input_r_load = load i7 %input_r_addr" [src/moe.cpp:1066]   --->   Operation 30 'load' 'input_r_load' <Predicate = true> <Delay = 1.02> <CoreInst = "RAM">   --->   Core 83 'RAM' <Latency = 1> <II = 1> <Delay = 1.02> <Storage> <Opcode : 'load' 'store'> <Ports = 2> <Width = 32> <Depth = 128> <RAM>
ST_2 : Operation 31 [1/1] (0.00ns)   --->   "%bitcast_ln1066 = bitcast i32 %input_r_load" [src/moe.cpp:1066]   --->   Operation 31 'bitcast' 'bitcast_ln1066' <Predicate = true> <Delay = 0.00>
ST_2 : Operation 32 [2/2] (3.88ns)   --->   "%mul = fmul i32 %gate_weight_load, i32 %bitcast_ln1066" [src/moe.cpp:1066]   --->   Operation 32 'fmul' 'mul' <Predicate = true> <Delay = 3.88> <CoreInst = "FMul_maxdsp">   --->   Core 30 'FMul_maxdsp' <Latency = 1> <II = 1> <Delay = 3.88> <FuncUnit> <Opcode : 'fmul'> <InPorts = 2> <OutPorts = 1>

State 3 <SV = 2> <Delay = 3.88>
ST_3 : Operation 33 [1/2] (3.88ns)   --->   "%mul = fmul i32 %gate_weight_load, i32 %bitcast_ln1066" [src/moe.cpp:1066]   --->   Operation 33 'fmul' 'mul' <Predicate = true> <Delay = 3.88> <CoreInst = "FMul_maxdsp">   --->   Core 30 'FMul_maxdsp' <Latency = 1> <II = 1> <Delay = 3.88> <FuncUnit> <Opcode : 'fmul'> <InPorts = 2> <OutPorts = 1>

State 4 <SV = 3> <Delay = 6.04>
ST_4 : Operation 34 [1/1] (0.00ns)   --->   "%acc_1_load = load i32 %acc_1" [src/moe.cpp:1066]   --->   Operation 34 'load' 'acc_1_load' <Predicate = true> <Delay = 0.00>
ST_4 : Operation 35 [2/2] (6.04ns)   --->   "%acc_4 = fadd i32 %acc_1_load, i32 %mul" [src/moe.cpp:1066]   --->   Operation 35 'fadd' 'acc_4' <Predicate = true> <Delay = 6.04> <CoreInst = "FAddSub_fulldsp">   --->   Core 18 'FAddSub_fulldsp' <Latency = 1> <II = 1> <Delay = 6.04> <FuncUnit> <Opcode : 'fadd' 'fsub'> <InPorts = 2> <OutPorts = 1>
ST_4 : Operation 42 [1/1] (0.00ns)   --->   "%acc_1_load_1 = load i32 %acc_1"   --->   Operation 42 'load' 'acc_1_load_1' <Predicate = (icmp_ln1065)> <Delay = 0.00>
ST_4 : Operation 43 [1/1] (0.00ns)   --->   "%write_ln0 = write void @_ssdm_op_Write.ap_auto.floatP0A, i32 %acc_1_out, i32 %acc_1_load_1"   --->   Operation 43 'write' 'write_ln0' <Predicate = (icmp_ln1065)> <Delay = 0.00>
ST_4 : Operation 44 [1/1] (0.00ns)   --->   "%ret_ln0 = ret"   --->   Operation 44 'ret' 'ret_ln0' <Predicate = (icmp_ln1065)> <Delay = 0.00>

State 5 <SV = 4> <Delay = 6.40>
ST_5 : Operation 36 [1/1] (0.00ns)   --->   "%specpipeline_ln1065 = specpipeline void @_ssdm_op_SpecPipeline, i32 4294967295, i32 0, i32 0, i32 0, void @empty" [src/moe.cpp:1065]   --->   Operation 36 'specpipeline' 'specpipeline_ln1065' <Predicate = true> <Delay = 0.00>
ST_5 : Operation 37 [1/1] (0.00ns)   --->   "%speclooptripcount_ln1065 = speclooptripcount void @_ssdm_op_SpecLoopTripCount, i64 128, i64 128, i64 128" [src/moe.cpp:1065]   --->   Operation 37 'speclooptripcount' 'speclooptripcount_ln1065' <Predicate = true> <Delay = 0.00>
ST_5 : Operation 38 [1/1] (0.00ns)   --->   "%specloopname_ln1065 = specloopname void @_ssdm_op_SpecLoopName, void @empty_2" [src/moe.cpp:1065]   --->   Operation 38 'specloopname' 'specloopname_ln1065' <Predicate = true> <Delay = 0.00>
ST_5 : Operation 39 [1/2] (6.04ns)   --->   "%acc_4 = fadd i32 %acc_1_load, i32 %mul" [src/moe.cpp:1066]   --->   Operation 39 'fadd' 'acc_4' <Predicate = true> <Delay = 6.04> <CoreInst = "FAddSub_fulldsp">   --->   Core 18 'FAddSub_fulldsp' <Latency = 1> <II = 1> <Delay = 6.04> <FuncUnit> <Opcode : 'fadd' 'fsub'> <InPorts = 2> <OutPorts = 1>
ST_5 : Operation 40 [1/1] (0.36ns)   --->   "%store_ln1063 = store i32 %acc_4, i32 %acc_1" [src/moe.cpp:1063]   --->   Operation 40 'store' 'store_ln1063' <Predicate = true> <Delay = 0.36>
ST_5 : Operation 41 [1/1] (0.00ns)   --->   "%br_ln1065 = br void %for.inc" [src/moe.cpp:1065]   --->   Operation 41 'br' 'br_ln1065' <Predicate = true> <Delay = 0.00>


============================================================
+ Verbose Summary: Timing violations
============================================================
Target clock period: 10.000ns, clock uncertainty: 2.700ns.

 <State 1>: 2.046ns
The critical path consists of the following:
	'store' operation 0 bit ('store_ln1065', src/moe.cpp:1065) of constant 0 on local variable 'i', src/moe.cpp:1065 [11]  (0.362 ns)
	'load' operation 8 bit ('i', src/moe.cpp:1065) on local variable 'i', src/moe.cpp:1065 [15]  (0.000 ns)
	'add' operation 9 bit ('add_ln1066', src/moe.cpp:1066) [23]  (0.659 ns)
	'getelementptr' operation 9 bit ('gate_weight_addr', src/moe.cpp:1066) [25]  (0.000 ns)
	'load' operation 32 bit ('gate_weight_load', src/moe.cpp:1066) on array 'gate_weight' [29]  (1.025 ns)

 <State 2>: 4.906ns
The critical path consists of the following:
	'load' operation 32 bit ('gate_weight_load', src/moe.cpp:1066) on array 'gate_weight' [29]  (1.025 ns)
	'fmul' operation 32 bit ('mul', src/moe.cpp:1066) [33]  (3.881 ns)

 <State 3>: 3.881ns
The critical path consists of the following:
	'fmul' operation 32 bit ('mul', src/moe.cpp:1066) [33]  (3.881 ns)

 <State 4>: 6.047ns
The critical path consists of the following:
	'load' operation 32 bit ('acc_1_load', src/moe.cpp:1066) on local variable 'acc', src/moe.cpp:1063 [20]  (0.000 ns)
	'fadd' operation 32 bit ('acc', src/moe.cpp:1066) [34]  (6.047 ns)

 <State 5>: 6.409ns
The critical path consists of the following:
	'fadd' operation 32 bit ('acc', src/moe.cpp:1066) [34]  (6.047 ns)
	'store' operation 0 bit ('store_ln1063', src/moe.cpp:1063) of variable 'acc', src/moe.cpp:1066 on local variable 'acc', src/moe.cpp:1063 [36]  (0.362 ns)


============================================================
+ Verbose Summary: Binding
============================================================
N/A
* FSMD analyzer results:
  - Output states:
 - Input state : 
  - Chain level:
	State 1
	State 2
	State 3
	State 4
	State 5


============================================================
+ Verbose Summary: Datapath Resource usage 
============================================================
N/A
