

================================================================
== Vitis HLS Report for 'output_moe_Pipeline_VITIS_LOOP_1094_5'
================================================================
* Date:           Sun Sep 13 20:13:19 2026

* Version:        2023.2 (Build 4023990 on Oct 11 2023)
* Project:        HLS_OutputMoE_Run11
* Solution:       solution1 (Vivado IP Flow Target)
* Product family: virtexuplus
* Target device:  xcvu13p_CIV-figd2104-3-e


================================================================
== Performance Estimates
================================================================
+ Timing: 
    * Summary: 
    +--------+----------+----------+------------+
    |  Clock |  Target  | Estimated| Uncertainty|
    +--------+----------+----------+------------+
    |ap_clk  |  10.00 ns|  5.188 ns|     2.70 ns|
    +--------+----------+----------+------------+

+ Latency: 
    * Summary: 
    +---------+---------+----------+----------+-----+-----+---------+
    |  Latency (cycles) |  Latency (absolute) |  Interval | Pipeline|
    |   min   |   max   |    min   |    max   | min | max |   Type  |
    +---------+---------+----------+----------+-----+-----+---------+
    |       10|       10|  0.100 us|  0.100 us|   10|   10|       no|
    +---------+---------+----------+----------+-----+-----+---------+

    + Detail: 
        * Instance: 
        N/A

        * Loop: 
        +---------------------+---------+---------+----------+-----------+-----------+------+----------+
        |                     |  Latency (cycles) | Iteration|  Initiation Interval  | Trip |          |
        |      Loop Name      |   min   |   max   |  Latency |  achieved |   target  | Count| Pipelined|
        +---------------------+---------+---------+----------+-----------+-----------+------+----------+
        |- VITIS_LOOP_1094_5  |        8|        8|         2|          2|          1|     4|       yes|
        +---------------------+---------+---------+----------+-----------+-----------+------+----------+

============================================================
+ Verbose Summary: Synthesis Manager
============================================================
InlineROM: 1
ExposeGlobal: 0
============================================================
+ Verbose Summary: CDFG Model
============================================================
IsTopModel: 0
ResetActiveHigh: 1
IsCombinational: 0
IsDatapathOnly: 0
HasWiredReturn: 1
HasMFsm: 2
HasVarLatency: 1
IsPipeline: 0
IsRtlPipelined: 0
IsInstanceOverlapped: 0
IsDontTouch: 0
HasImplIP: 0
IsGatedGlobalClock: 0

+ Individual pipeline summary: 
  * Pipeline-0: initiation interval (II) = 2, depth = 2


============================================================
+ Verbose Summary: Schedule
============================================================
* Number of FSM states : 2
* Pipeline : 1
  Pipeline-0 : II = 2, D = 2, States = { 1 2 }
* Dataflow Pipeline: 0

* FSM state transitions: 
1 --> 2 
2 --> 

* FSM state operations: 

State 1 <SV = 0> <Delay = 5.18>
ST_1 : Operation 5 [1/1] (0.00ns)   --->   "%mux_case_0518_phi = alloca i32 1"   --->   Operation 5 'alloca' 'mux_case_0518_phi' <Predicate = true> <Delay = 0.00>
ST_1 : Operation 6 [1/1] (0.00ns)   --->   "%mux_case_1721_phi = alloca i32 1"   --->   Operation 6 'alloca' 'mux_case_1721_phi' <Predicate = true> <Delay = 0.00>
ST_1 : Operation 7 [1/1] (0.00ns)   --->   "%mux_case_2824_phi = alloca i32 1"   --->   Operation 7 'alloca' 'mux_case_2824_phi' <Predicate = true> <Delay = 0.00>
ST_1 : Operation 8 [1/1] (0.00ns)   --->   "%mux_case_3927_phi = alloca i32 1"   --->   Operation 8 'alloca' 'mux_case_3927_phi' <Predicate = true> <Delay = 0.00>
ST_1 : Operation 9 [1/1] (0.00ns)   --->   "%e = alloca i32 1" [src/moe.cpp:1094]   --->   Operation 9 'alloca' 'e' <Predicate = true> <Delay = 0.00>
ST_1 : Operation 10 [1/1] (0.00ns)   --->   "%inv_exp_sum_read = read i32 @_ssdm_op_Read.ap_auto.float, i32 %inv_exp_sum"   --->   Operation 10 'read' 'inv_exp_sum_read' <Predicate = true> <Delay = 0.00>
ST_1 : Operation 11 [1/1] (0.36ns)   --->   "%store_ln1094 = store i3 0, i3 %e" [src/moe.cpp:1094]   --->   Operation 11 'store' 'store_ln1094' <Predicate = true> <Delay = 0.36>
ST_1 : Operation 12 [1/1] (0.00ns)   --->   "%br_ln0 = br void %for.inc55"   --->   Operation 12 'br' 'br_ln0' <Predicate = true> <Delay = 0.00>
ST_1 : Operation 13 [1/1] (0.00ns)   --->   "%e_1 = load i3 %e" [src/moe.cpp:1094]   --->   Operation 13 'load' 'e_1' <Predicate = true> <Delay = 0.00>
ST_1 : Operation 14 [1/1] (0.52ns)   --->   "%icmp_ln1094 = icmp_eq  i3 %e_1, i3 4" [src/moe.cpp:1094]   --->   Operation 14 'icmp' 'icmp_ln1094' <Predicate = true> <Delay = 0.52> <CoreInst = "Cmp">   --->   Core 9 'Cmp' <Latency = 0> <II = 1> <Delay = 0.52> <FuncUnit> <Opcode : 'icmp'> <InPorts = 2> <OutPorts = 1>
ST_1 : Operation 15 [1/1] (0.52ns)   --->   "%add_ln1094 = add i3 %e_1, i3 1" [src/moe.cpp:1094]   --->   Operation 15 'add' 'add_ln1094' <Predicate = true> <Delay = 0.52> <CoreInst = "Adder">   --->   Core 1 'Adder' <Latency = 0> <II = 1> <Delay = 0.52> <FuncUnit> <Opcode : 'add' 'sub'> <InPorts = 2> <OutPorts = 1>
ST_1 : Operation 16 [1/1] (0.00ns)   --->   "%br_ln1094 = br i1 %icmp_ln1094, void %for.inc55.split, void %for.end57.exitStub" [src/moe.cpp:1094]   --->   Operation 16 'br' 'br_ln1094' <Predicate = true> <Delay = 0.00>
ST_1 : Operation 17 [1/1] (0.00ns)   --->   "%trunc_ln1094 = trunc i3 %e_1" [src/moe.cpp:1094]   --->   Operation 17 'trunc' 'trunc_ln1094' <Predicate = (!icmp_ln1094)> <Delay = 0.00>
ST_1 : Operation 18 [1/1] (0.00ns)   --->   "%gates_0_read = read i32 @_ssdm_op_Read.ap_auto.i32P0A, i32 %gates_0" [src/moe.cpp:1095]   --->   Operation 18 'read' 'gates_0_read' <Predicate = (!icmp_ln1094)> <Delay = 0.00>
ST_1 : Operation 19 [1/1] (0.00ns)   --->   "%bitcast_ln1095 = bitcast i32 %gates_0_read" [src/moe.cpp:1095]   --->   Operation 19 'bitcast' 'bitcast_ln1095' <Predicate = (!icmp_ln1094)> <Delay = 0.00>
ST_1 : Operation 20 [1/1] (0.00ns)   --->   "%gates_1_read = read i32 @_ssdm_op_Read.ap_auto.i32P0A, i32 %gates_1" [src/moe.cpp:1095]   --->   Operation 20 'read' 'gates_1_read' <Predicate = (!icmp_ln1094)> <Delay = 0.00>
ST_1 : Operation 21 [1/1] (0.00ns)   --->   "%bitcast_ln1095_1 = bitcast i32 %gates_1_read" [src/moe.cpp:1095]   --->   Operation 21 'bitcast' 'bitcast_ln1095_1' <Predicate = (!icmp_ln1094)> <Delay = 0.00>
ST_1 : Operation 22 [1/1] (0.00ns)   --->   "%gates_2_read = read i32 @_ssdm_op_Read.ap_auto.i32P0A, i32 %gates_2" [src/moe.cpp:1095]   --->   Operation 22 'read' 'gates_2_read' <Predicate = (!icmp_ln1094)> <Delay = 0.00>
ST_1 : Operation 23 [1/1] (0.00ns)   --->   "%bitcast_ln1095_2 = bitcast i32 %gates_2_read" [src/moe.cpp:1095]   --->   Operation 23 'bitcast' 'bitcast_ln1095_2' <Predicate = (!icmp_ln1094)> <Delay = 0.00>
ST_1 : Operation 24 [1/1] (0.00ns)   --->   "%gates_3_read = read i32 @_ssdm_op_Read.ap_auto.i32P0A, i32 %gates_3" [src/moe.cpp:1095]   --->   Operation 24 'read' 'gates_3_read' <Predicate = (!icmp_ln1094)> <Delay = 0.00>
ST_1 : Operation 25 [1/1] (0.00ns)   --->   "%bitcast_ln1095_3 = bitcast i32 %gates_3_read" [src/moe.cpp:1095]   --->   Operation 25 'bitcast' 'bitcast_ln1095_3' <Predicate = (!icmp_ln1094)> <Delay = 0.00>
ST_1 : Operation 26 [1/1] (0.42ns)   --->   "%tmp_2 = sparsemux i32 @_ssdm_op_SparseMux.ap_auto.4f32.f32.i2, i2 0, i32 %bitcast_ln1095, i2 1, i32 %bitcast_ln1095_1, i2 2, i32 %bitcast_ln1095_2, i2 3, i32 %bitcast_ln1095_3, i32 <undef>, i2 %trunc_ln1094" [src/moe.cpp:1095]   --->   Operation 26 'sparsemux' 'tmp_2' <Predicate = (!icmp_ln1094)> <Delay = 0.42> <CoreInst = "SparseMux">   --->   Core 147 'SparseMux' <Latency = 0> <II = 1> <Delay = 0.42> <FuncUnit> <Opcode : 'sparsemux'> <InPorts = 2> <OutPorts = 1>
ST_1 : Operation 27 [2/2] (3.88ns)   --->   "%mul1 = fmul i32 %tmp_2, i32 %inv_exp_sum_read" [src/moe.cpp:1095]   --->   Operation 27 'fmul' 'mul1' <Predicate = (!icmp_ln1094)> <Delay = 3.88> <CoreInst = "FMul_maxdsp">   --->   Core 30 'FMul_maxdsp' <Latency = 1> <II = 1> <Delay = 3.88> <FuncUnit> <Opcode : 'fmul'> <InPorts = 2> <OutPorts = 1>
ST_1 : Operation 52 [1/1] (0.00ns)   --->   "%mux_case_0518_phi_load = load i32 %mux_case_0518_phi"   --->   Operation 52 'load' 'mux_case_0518_phi_load' <Predicate = (icmp_ln1094)> <Delay = 0.00>
ST_1 : Operation 53 [1/1] (0.00ns)   --->   "%mux_case_1721_phi_load = load i32 %mux_case_1721_phi"   --->   Operation 53 'load' 'mux_case_1721_phi_load' <Predicate = (icmp_ln1094)> <Delay = 0.00>
ST_1 : Operation 54 [1/1] (0.00ns)   --->   "%mux_case_2824_phi_load = load i32 %mux_case_2824_phi"   --->   Operation 54 'load' 'mux_case_2824_phi_load' <Predicate = (icmp_ln1094)> <Delay = 0.00>
ST_1 : Operation 55 [1/1] (0.00ns)   --->   "%mux_case_3927_phi_load = load i32 %mux_case_3927_phi"   --->   Operation 55 'load' 'mux_case_3927_phi_load' <Predicate = (icmp_ln1094)> <Delay = 0.00>
ST_1 : Operation 56 [1/1] (0.00ns)   --->   "%write_ln0 = write void @_ssdm_op_Write.ap_auto.floatP0A, i32 %mux_case_3927_phi_out, i32 %mux_case_3927_phi_load"   --->   Operation 56 'write' 'write_ln0' <Predicate = (icmp_ln1094)> <Delay = 0.00>
ST_1 : Operation 57 [1/1] (0.00ns)   --->   "%write_ln0 = write void @_ssdm_op_Write.ap_auto.floatP0A, i32 %mux_case_2824_phi_out, i32 %mux_case_2824_phi_load"   --->   Operation 57 'write' 'write_ln0' <Predicate = (icmp_ln1094)> <Delay = 0.00>
ST_1 : Operation 58 [1/1] (0.00ns)   --->   "%write_ln0 = write void @_ssdm_op_Write.ap_auto.floatP0A, i32 %mux_case_1721_phi_out, i32 %mux_case_1721_phi_load"   --->   Operation 58 'write' 'write_ln0' <Predicate = (icmp_ln1094)> <Delay = 0.00>
ST_1 : Operation 59 [1/1] (0.00ns)   --->   "%write_ln0 = write void @_ssdm_op_Write.ap_auto.floatP0A, i32 %mux_case_0518_phi_out, i32 %mux_case_0518_phi_load"   --->   Operation 59 'write' 'write_ln0' <Predicate = (icmp_ln1094)> <Delay = 0.00>
ST_1 : Operation 60 [1/1] (0.00ns)   --->   "%ret_ln0 = ret"   --->   Operation 60 'ret' 'ret_ln0' <Predicate = (icmp_ln1094)> <Delay = 0.00>

State 2 <SV = 1> <Delay = 4.24>
ST_2 : Operation 28 [1/1] (0.00ns)   --->   "%specpipeline_ln1094 = specpipeline void @_ssdm_op_SpecPipeline, i32 4294967295, i32 0, i32 0, i32 0, void @empty" [src/moe.cpp:1094]   --->   Operation 28 'specpipeline' 'specpipeline_ln1094' <Predicate = true> <Delay = 0.00>
ST_2 : Operation 29 [1/1] (0.00ns)   --->   "%speclooptripcount_ln1094 = speclooptripcount void @_ssdm_op_SpecLoopTripCount, i64 4, i64 4, i64 4" [src/moe.cpp:1094]   --->   Operation 29 'speclooptripcount' 'speclooptripcount_ln1094' <Predicate = true> <Delay = 0.00>
ST_2 : Operation 30 [1/1] (0.00ns)   --->   "%specloopname_ln1094 = specloopname void @_ssdm_op_SpecLoopName, void @empty_4" [src/moe.cpp:1094]   --->   Operation 30 'specloopname' 'specloopname_ln1094' <Predicate = true> <Delay = 0.00>
ST_2 : Operation 31 [1/2] (3.88ns)   --->   "%mul1 = fmul i32 %tmp_2, i32 %inv_exp_sum_read" [src/moe.cpp:1095]   --->   Operation 31 'fmul' 'mul1' <Predicate = true> <Delay = 3.88> <CoreInst = "FMul_maxdsp">   --->   Core 30 'FMul_maxdsp' <Latency = 1> <II = 1> <Delay = 3.88> <FuncUnit> <Opcode : 'fmul'> <InPorts = 2> <OutPorts = 1>
ST_2 : Operation 32 [1/1] (0.00ns)   --->   "%bitcast_ln1095_4 = bitcast i32 %mul1" [src/moe.cpp:1095]   --->   Operation 32 'bitcast' 'bitcast_ln1095_4' <Predicate = true> <Delay = 0.00>
ST_2 : Operation 33 [1/1] (0.66ns)   --->   "%switch_ln1095 = switch i2 %trunc_ln1094, void %arrayidx513.case.3, i2 0, void %arrayidx513.case.0, i2 1, void %arrayidx513.case.1, i2 2, void %arrayidx513.case.2" [src/moe.cpp:1095]   --->   Operation 33 'switch' 'switch_ln1095' <Predicate = true> <Delay = 0.66>
ST_2 : Operation 34 [1/1] (0.00ns)   --->   "%write_ln1095 = write void @_ssdm_op_Write.ap_auto.i32P0A, i32 %gates_2, i32 %bitcast_ln1095_4" [src/moe.cpp:1095]   --->   Operation 34 'write' 'write_ln1095' <Predicate = (trunc_ln1094 == 2)> <Delay = 0.00>
ST_2 : Operation 35 [1/1] (0.36ns)   --->   "%br_ln1095 = br void %arrayidx513.exit" [src/moe.cpp:1095]   --->   Operation 35 'br' 'br_ln1095' <Predicate = (trunc_ln1094 == 2)> <Delay = 0.36>
ST_2 : Operation 36 [1/1] (0.00ns)   --->   "%write_ln1095 = write void @_ssdm_op_Write.ap_auto.i32P0A, i32 %gates_1, i32 %bitcast_ln1095_4" [src/moe.cpp:1095]   --->   Operation 36 'write' 'write_ln1095' <Predicate = (trunc_ln1094 == 1)> <Delay = 0.00>
ST_2 : Operation 37 [1/1] (0.36ns)   --->   "%br_ln1095 = br void %arrayidx513.exit" [src/moe.cpp:1095]   --->   Operation 37 'br' 'br_ln1095' <Predicate = (trunc_ln1094 == 1)> <Delay = 0.36>
ST_2 : Operation 38 [1/1] (0.00ns)   --->   "%write_ln1095 = write void @_ssdm_op_Write.ap_auto.i32P0A, i32 %gates_0, i32 %bitcast_ln1095_4" [src/moe.cpp:1095]   --->   Operation 38 'write' 'write_ln1095' <Predicate = (trunc_ln1094 == 0)> <Delay = 0.00>
ST_2 : Operation 39 [1/1] (0.36ns)   --->   "%br_ln1095 = br void %arrayidx513.exit" [src/moe.cpp:1095]   --->   Operation 39 'br' 'br_ln1095' <Predicate = (trunc_ln1094 == 0)> <Delay = 0.36>
ST_2 : Operation 40 [1/1] (0.00ns)   --->   "%write_ln1095 = write void @_ssdm_op_Write.ap_auto.i32P0A, i32 %gates_3, i32 %bitcast_ln1095_4" [src/moe.cpp:1095]   --->   Operation 40 'write' 'write_ln1095' <Predicate = (trunc_ln1094 == 3)> <Delay = 0.00>
ST_2 : Operation 41 [1/1] (0.36ns)   --->   "%br_ln1095 = br void %arrayidx513.exit" [src/moe.cpp:1095]   --->   Operation 41 'br' 'br_ln1095' <Predicate = (trunc_ln1094 == 3)> <Delay = 0.36>
ST_2 : Operation 42 [1/1] (0.00ns)   --->   "%mux_case_3927 = phi i32 %mul1, void %arrayidx513.case.3, i32 %bitcast_ln1095_3, void %arrayidx513.case.2, i32 %bitcast_ln1095_3, void %arrayidx513.case.1, i32 %bitcast_ln1095_3, void %arrayidx513.case.0" [src/moe.cpp:1095]   --->   Operation 42 'phi' 'mux_case_3927' <Predicate = true> <Delay = 0.00>
ST_2 : Operation 43 [1/1] (0.00ns)   --->   "%mux_case_2824 = phi i32 %bitcast_ln1095_2, void %arrayidx513.case.3, i32 %mul1, void %arrayidx513.case.2, i32 %bitcast_ln1095_2, void %arrayidx513.case.1, i32 %bitcast_ln1095_2, void %arrayidx513.case.0" [src/moe.cpp:1095]   --->   Operation 43 'phi' 'mux_case_2824' <Predicate = true> <Delay = 0.00>
ST_2 : Operation 44 [1/1] (0.00ns)   --->   "%mux_case_1721 = phi i32 %bitcast_ln1095_1, void %arrayidx513.case.3, i32 %bitcast_ln1095_1, void %arrayidx513.case.2, i32 %mul1, void %arrayidx513.case.1, i32 %bitcast_ln1095_1, void %arrayidx513.case.0" [src/moe.cpp:1095]   --->   Operation 44 'phi' 'mux_case_1721' <Predicate = true> <Delay = 0.00>
ST_2 : Operation 45 [1/1] (0.00ns)   --->   "%mux_case_0518 = phi i32 %bitcast_ln1095, void %arrayidx513.case.3, i32 %bitcast_ln1095, void %arrayidx513.case.2, i32 %bitcast_ln1095, void %arrayidx513.case.1, i32 %mul1, void %arrayidx513.case.0" [src/moe.cpp:1095]   --->   Operation 45 'phi' 'mux_case_0518' <Predicate = true> <Delay = 0.00>
ST_2 : Operation 46 [1/1] (0.36ns)   --->   "%store_ln1094 = store i3 %add_ln1094, i3 %e" [src/moe.cpp:1094]   --->   Operation 46 'store' 'store_ln1094' <Predicate = true> <Delay = 0.36>
ST_2 : Operation 47 [1/1] (0.00ns)   --->   "%store_ln1095 = store i32 %mux_case_3927, i32 %mux_case_3927_phi" [src/moe.cpp:1095]   --->   Operation 47 'store' 'store_ln1095' <Predicate = true> <Delay = 0.00>
ST_2 : Operation 48 [1/1] (0.00ns)   --->   "%store_ln1095 = store i32 %mux_case_2824, i32 %mux_case_2824_phi" [src/moe.cpp:1095]   --->   Operation 48 'store' 'store_ln1095' <Predicate = true> <Delay = 0.00>
ST_2 : Operation 49 [1/1] (0.00ns)   --->   "%store_ln1095 = store i32 %mux_case_1721, i32 %mux_case_1721_phi" [src/moe.cpp:1095]   --->   Operation 49 'store' 'store_ln1095' <Predicate = true> <Delay = 0.00>
ST_2 : Operation 50 [1/1] (0.00ns)   --->   "%store_ln1095 = store i32 %mux_case_0518, i32 %mux_case_0518_phi" [src/moe.cpp:1095]   --->   Operation 50 'store' 'store_ln1095' <Predicate = true> <Delay = 0.00>
ST_2 : Operation 51 [1/1] (0.00ns)   --->   "%br_ln1094 = br void %for.inc55" [src/moe.cpp:1094]   --->   Operation 51 'br' 'br_ln1094' <Predicate = true> <Delay = 0.00>


============================================================
+ Verbose Summary: Timing violations
============================================================
Target clock period: 10.000ns, clock uncertainty: 2.700ns.

 <State 1>: 5.188ns
The critical path consists of the following:
	'store' operation 0 bit ('store_ln1094', src/moe.cpp:1094) of constant 0 on local variable 'e', src/moe.cpp:1094 [16]  (0.362 ns)
	'load' operation 3 bit ('e', src/moe.cpp:1094) on local variable 'e', src/moe.cpp:1094 [19]  (0.000 ns)
	'icmp' operation 1 bit ('icmp_ln1094', src/moe.cpp:1094) [20]  (0.524 ns)
	wire read operation ('gates_2_read', src/moe.cpp:1095) on port 'gates_2' (src/moe.cpp:1095) [32]  (0.000 ns)
	'sparsemux' operation 32 bit ('tmp_2', src/moe.cpp:1095) [36]  (0.420 ns)
	'fmul' operation 32 bit ('mul1', src/moe.cpp:1095) [37]  (3.881 ns)

 <State 2>: 4.243ns
The critical path consists of the following:
	'fmul' operation 32 bit ('mul1', src/moe.cpp:1095) [37]  (3.881 ns)
	multiplexor before 'phi' operation 32 bit ('mux_case_3927', src/moe.cpp:1095) with incoming values : ('bitcast_ln1095_3', src/moe.cpp:1095) ('mul1', src/moe.cpp:1095) [53]  (0.362 ns)
	'phi' operation 32 bit ('mux_case_3927', src/moe.cpp:1095) with incoming values : ('bitcast_ln1095_3', src/moe.cpp:1095) ('mul1', src/moe.cpp:1095) [53]  (0.000 ns)


============================================================
+ Verbose Summary: Binding
============================================================
N/A
* FSMD analyzer results:
  - Output states:
 - Input state : 
  - Chain level:
	State 1
	State 2


============================================================
+ Verbose Summary: Datapath Resource usage 
============================================================
N/A
