

================================================================
== Vitis HLS Report for 'run_parallel_engines_Block_entry2327_proc'
================================================================
* Date:           Mon Sep 14 23:44:38 2026

* Version:        2023.2 (Build 4023990 on Oct 11 2023)
* Project:        HLS_OutputMoE_Run11
* Solution:       solution1 (Vivado IP Flow Target)
* Product family: virtexuplus
* Target device:  xcvu13p_CIV-figd2104-3-e


================================================================
== Performance Estimates
================================================================
+ Timing: 
    * Summary: 
    +--------+----------+----------+------------+
    |  Clock |  Target  | Estimated| Uncertainty|
    +--------+----------+----------+------------+
    |ap_clk  |  10.00 ns|  1.520 ns|     2.70 ns|
    +--------+----------+----------+------------+

+ Latency: 
    * Summary: 
    +---------+---------+----------+----------+-----+-----+---------+
    |  Latency (cycles) |  Latency (absolute) |  Interval | Pipeline|
    |   min   |   max   |    min   |    max   | min | max |   Type  |
    +---------+---------+----------+----------+-----+-----+---------+
    |        0|        0|      0 ns|      0 ns|    0|    0|       no|
    +---------+---------+----------+----------+-----+-----+---------+

    + Detail: 
        * Instance: 
        N/A

        * Loop: 
        N/A

============================================================
+ Verbose Summary: Synthesis Manager
============================================================
InlineROM: 1
ExposeGlobal: 0
============================================================
+ Verbose Summary: CDFG Model
============================================================
IsTopModel: 0
ResetActiveHigh: 1
IsCombinational: 2
IsDatapathOnly: 0
HasWiredReturn: 1
HasMFsm: 0
HasVarLatency: 0
IsPipeline: 0
IsRtlPipelined: 0
IsInstanceOverlapped: 0
IsDontTouch: 0
HasImplIP: 0
IsGatedGlobalClock: 0


============================================================
+ Verbose Summary: Schedule
============================================================
* Number of FSM states : 1
* Pipeline : 0
* Dataflow Pipeline: 0

* FSM state transitions: 
1 --> 

* FSM state operations: 

State 1 <SV = 0> <Delay = 1.52>
ST_1 : Operation 2 [1/1] (1.52ns)   --->   "%p_read_1 = read i32 @_ssdm_op_Read.ap_auto.float, i32 %p_read19" [src/moe.cpp:962]   --->   Operation 2 'read' 'p_read_1' <Predicate = true> <Delay = 1.52> <CoreInst = "FIFO_SRL">   --->   Core 81 'FIFO_SRL' <Latency = 0> <II = 1> <Delay = 1.52> <Storage> <Opcode : 'read' 'write' 'nbread' 'nbwrite'> <Ports = 0> <Width = -1> <Depth = -1> <FIFO>
ST_1 : Operation 3 [1/1] (1.52ns)   --->   "%p_read_2 = read i32 @_ssdm_op_Read.ap_auto.float, i32 %p_read18" [src/moe.cpp:962]   --->   Operation 3 'read' 'p_read_2' <Predicate = true> <Delay = 1.52> <CoreInst = "FIFO_SRL">   --->   Core 81 'FIFO_SRL' <Latency = 0> <II = 1> <Delay = 1.52> <Storage> <Opcode : 'read' 'write' 'nbread' 'nbwrite'> <Ports = 0> <Width = -1> <Depth = -1> <FIFO>
ST_1 : Operation 4 [1/1] (1.52ns)   --->   "%p_read_3 = read i32 @_ssdm_op_Read.ap_auto.float, i32 %p_read17" [src/moe.cpp:962]   --->   Operation 4 'read' 'p_read_3' <Predicate = true> <Delay = 1.52> <CoreInst = "FIFO_SRL">   --->   Core 81 'FIFO_SRL' <Latency = 0> <II = 1> <Delay = 1.52> <Storage> <Opcode : 'read' 'write' 'nbread' 'nbwrite'> <Ports = 0> <Width = -1> <Depth = -1> <FIFO>
ST_1 : Operation 5 [1/1] (1.52ns)   --->   "%p_read_4 = read i32 @_ssdm_op_Read.ap_auto.float, i32 %p_read16" [src/moe.cpp:962]   --->   Operation 5 'read' 'p_read_4' <Predicate = true> <Delay = 1.52> <CoreInst = "FIFO_SRL">   --->   Core 81 'FIFO_SRL' <Latency = 0> <II = 1> <Delay = 1.52> <Storage> <Opcode : 'read' 'write' 'nbread' 'nbwrite'> <Ports = 0> <Width = -1> <Depth = -1> <FIFO>
ST_1 : Operation 6 [1/1] (1.52ns)   --->   "%p_read_5 = read i32 @_ssdm_op_Read.ap_auto.float, i32 %p_read15" [src/moe.cpp:962]   --->   Operation 6 'read' 'p_read_5' <Predicate = true> <Delay = 1.52> <CoreInst = "FIFO_SRL">   --->   Core 81 'FIFO_SRL' <Latency = 0> <II = 1> <Delay = 1.52> <Storage> <Opcode : 'read' 'write' 'nbread' 'nbwrite'> <Ports = 0> <Width = -1> <Depth = -1> <FIFO>
ST_1 : Operation 7 [1/1] (1.52ns)   --->   "%p_read_6 = read i32 @_ssdm_op_Read.ap_auto.float, i32 %p_read14" [src/moe.cpp:962]   --->   Operation 7 'read' 'p_read_6' <Predicate = true> <Delay = 1.52> <CoreInst = "FIFO_SRL">   --->   Core 81 'FIFO_SRL' <Latency = 0> <II = 1> <Delay = 1.52> <Storage> <Opcode : 'read' 'write' 'nbread' 'nbwrite'> <Ports = 0> <Width = -1> <Depth = -1> <FIFO>
ST_1 : Operation 8 [1/1] (1.52ns)   --->   "%p_read_7 = read i32 @_ssdm_op_Read.ap_auto.float, i32 %p_read13" [src/moe.cpp:962]   --->   Operation 8 'read' 'p_read_7' <Predicate = true> <Delay = 1.52> <CoreInst = "FIFO_SRL">   --->   Core 81 'FIFO_SRL' <Latency = 0> <II = 1> <Delay = 1.52> <Storage> <Opcode : 'read' 'write' 'nbread' 'nbwrite'> <Ports = 0> <Width = -1> <Depth = -1> <FIFO>
ST_1 : Operation 9 [1/1] (1.52ns)   --->   "%p_read_8 = read i32 @_ssdm_op_Read.ap_auto.float, i32 %p_read12" [src/moe.cpp:962]   --->   Operation 9 'read' 'p_read_8' <Predicate = true> <Delay = 1.52> <CoreInst = "FIFO_SRL">   --->   Core 81 'FIFO_SRL' <Latency = 0> <II = 1> <Delay = 1.52> <Storage> <Opcode : 'read' 'write' 'nbread' 'nbwrite'> <Ports = 0> <Width = -1> <Depth = -1> <FIFO>
ST_1 : Operation 10 [1/1] (1.52ns)   --->   "%p_read_9 = read i32 @_ssdm_op_Read.ap_auto.float, i32 %p_read11" [src/moe.cpp:962]   --->   Operation 10 'read' 'p_read_9' <Predicate = true> <Delay = 1.52> <CoreInst = "FIFO_SRL">   --->   Core 81 'FIFO_SRL' <Latency = 0> <II = 1> <Delay = 1.52> <Storage> <Opcode : 'read' 'write' 'nbread' 'nbwrite'> <Ports = 0> <Width = -1> <Depth = -1> <FIFO>
ST_1 : Operation 11 [1/1] (1.52ns)   --->   "%p_read_10 = read i32 @_ssdm_op_Read.ap_auto.float, i32 %p_read10" [src/moe.cpp:962]   --->   Operation 11 'read' 'p_read_10' <Predicate = true> <Delay = 1.52> <CoreInst = "FIFO_SRL">   --->   Core 81 'FIFO_SRL' <Latency = 0> <II = 1> <Delay = 1.52> <Storage> <Opcode : 'read' 'write' 'nbread' 'nbwrite'> <Ports = 0> <Width = -1> <Depth = -1> <FIFO>
ST_1 : Operation 12 [1/1] (1.52ns)   --->   "%p_read_11 = read i32 @_ssdm_op_Read.ap_auto.float, i32 %p_read9" [src/moe.cpp:962]   --->   Operation 12 'read' 'p_read_11' <Predicate = true> <Delay = 1.52> <CoreInst = "FIFO_SRL">   --->   Core 81 'FIFO_SRL' <Latency = 0> <II = 1> <Delay = 1.52> <Storage> <Opcode : 'read' 'write' 'nbread' 'nbwrite'> <Ports = 0> <Width = -1> <Depth = -1> <FIFO>
ST_1 : Operation 13 [1/1] (1.52ns)   --->   "%p_read_12 = read i32 @_ssdm_op_Read.ap_auto.float, i32 %p_read8" [src/moe.cpp:962]   --->   Operation 13 'read' 'p_read_12' <Predicate = true> <Delay = 1.52> <CoreInst = "FIFO_SRL">   --->   Core 81 'FIFO_SRL' <Latency = 0> <II = 1> <Delay = 1.52> <Storage> <Opcode : 'read' 'write' 'nbread' 'nbwrite'> <Ports = 0> <Width = -1> <Depth = -1> <FIFO>
ST_1 : Operation 14 [1/1] (1.52ns)   --->   "%p_read_13 = read i32 @_ssdm_op_Read.ap_auto.float, i32 %p_read7" [src/moe.cpp:962]   --->   Operation 14 'read' 'p_read_13' <Predicate = true> <Delay = 1.52> <CoreInst = "FIFO_SRL">   --->   Core 81 'FIFO_SRL' <Latency = 0> <II = 1> <Delay = 1.52> <Storage> <Opcode : 'read' 'write' 'nbread' 'nbwrite'> <Ports = 0> <Width = -1> <Depth = -1> <FIFO>
ST_1 : Operation 15 [1/1] (1.52ns)   --->   "%p_read_14 = read i32 @_ssdm_op_Read.ap_auto.float, i32 %p_read6" [src/moe.cpp:962]   --->   Operation 15 'read' 'p_read_14' <Predicate = true> <Delay = 1.52> <CoreInst = "FIFO_SRL">   --->   Core 81 'FIFO_SRL' <Latency = 0> <II = 1> <Delay = 1.52> <Storage> <Opcode : 'read' 'write' 'nbread' 'nbwrite'> <Ports = 0> <Width = -1> <Depth = -1> <FIFO>
ST_1 : Operation 16 [1/1] (1.52ns)   --->   "%p_read_15 = read i32 @_ssdm_op_Read.ap_auto.float, i32 %p_read5" [src/moe.cpp:962]   --->   Operation 16 'read' 'p_read_15' <Predicate = true> <Delay = 1.52> <CoreInst = "FIFO_SRL">   --->   Core 81 'FIFO_SRL' <Latency = 0> <II = 1> <Delay = 1.52> <Storage> <Opcode : 'read' 'write' 'nbread' 'nbwrite'> <Ports = 0> <Width = -1> <Depth = -1> <FIFO>
ST_1 : Operation 17 [1/1] (1.52ns)   --->   "%p_read_16 = read i32 @_ssdm_op_Read.ap_auto.float, i32 %p_read4" [src/moe.cpp:962]   --->   Operation 17 'read' 'p_read_16' <Predicate = true> <Delay = 1.52> <CoreInst = "FIFO_SRL">   --->   Core 81 'FIFO_SRL' <Latency = 0> <II = 1> <Delay = 1.52> <Storage> <Opcode : 'read' 'write' 'nbread' 'nbwrite'> <Ports = 0> <Width = -1> <Depth = -1> <FIFO>
ST_1 : Operation 18 [1/1] (1.52ns)   --->   "%p_read_17 = read i32 @_ssdm_op_Read.ap_auto.float, i32 %p_read3" [src/moe.cpp:962]   --->   Operation 18 'read' 'p_read_17' <Predicate = true> <Delay = 1.52> <CoreInst = "FIFO_SRL">   --->   Core 81 'FIFO_SRL' <Latency = 0> <II = 1> <Delay = 1.52> <Storage> <Opcode : 'read' 'write' 'nbread' 'nbwrite'> <Ports = 0> <Width = -1> <Depth = -1> <FIFO>
ST_1 : Operation 19 [1/1] (1.52ns)   --->   "%p_read_18 = read i32 @_ssdm_op_Read.ap_auto.float, i32 %p_read2" [src/moe.cpp:962]   --->   Operation 19 'read' 'p_read_18' <Predicate = true> <Delay = 1.52> <CoreInst = "FIFO_SRL">   --->   Core 81 'FIFO_SRL' <Latency = 0> <II = 1> <Delay = 1.52> <Storage> <Opcode : 'read' 'write' 'nbread' 'nbwrite'> <Ports = 0> <Width = -1> <Depth = -1> <FIFO>
ST_1 : Operation 20 [1/1] (1.52ns)   --->   "%p_read_19 = read i32 @_ssdm_op_Read.ap_auto.float, i32 %p_read1" [src/moe.cpp:962]   --->   Operation 20 'read' 'p_read_19' <Predicate = true> <Delay = 1.52> <CoreInst = "FIFO_SRL">   --->   Core 81 'FIFO_SRL' <Latency = 0> <II = 1> <Delay = 1.52> <Storage> <Opcode : 'read' 'write' 'nbread' 'nbwrite'> <Ports = 0> <Width = -1> <Depth = -1> <FIFO>
ST_1 : Operation 21 [1/1] (1.52ns)   --->   "%p_read_20 = read i32 @_ssdm_op_Read.ap_auto.float, i32 %p_read" [src/moe.cpp:962]   --->   Operation 21 'read' 'p_read_20' <Predicate = true> <Delay = 1.52> <CoreInst = "FIFO_SRL">   --->   Core 81 'FIFO_SRL' <Latency = 0> <II = 1> <Delay = 1.52> <Storage> <Opcode : 'read' 'write' 'nbread' 'nbwrite'> <Ports = 0> <Width = -1> <Depth = -1> <FIFO>
ST_1 : Operation 22 [1/1] (0.00ns)   --->   "%write_ln959 = write void @_ssdm_op_Write.ap_auto.floatP0A, i32 %expert_outputs_0_0, i32 %p_read_10" [src/moe.cpp:959]   --->   Operation 22 'write' 'write_ln959' <Predicate = true> <Delay = 0.00>
ST_1 : Operation 23 [1/1] (0.00ns)   --->   "%write_ln960 = write void @_ssdm_op_Write.ap_auto.floatP0A, i32 %expert_outputs_1_0, i32 %p_read_20" [src/moe.cpp:960]   --->   Operation 23 'write' 'write_ln960' <Predicate = true> <Delay = 0.00>
ST_1 : Operation 24 [1/1] (0.00ns)   --->   "%write_ln961 = write void @_ssdm_op_Write.ap_auto.floatP0A, i32 %expert_outputs_2_0, i32 %p_read_9" [src/moe.cpp:961]   --->   Operation 24 'write' 'write_ln961' <Predicate = true> <Delay = 0.00>
ST_1 : Operation 25 [1/1] (0.00ns)   --->   "%write_ln962 = write void @_ssdm_op_Write.ap_auto.floatP0A, i32 %expert_outputs_3_0, i32 %p_read_19" [src/moe.cpp:962]   --->   Operation 25 'write' 'write_ln962' <Predicate = true> <Delay = 0.00>
ST_1 : Operation 26 [1/1] (0.00ns)   --->   "%write_ln959 = write void @_ssdm_op_Write.ap_auto.floatP0A, i32 %expert_outputs_0_1, i32 %p_read_8" [src/moe.cpp:959]   --->   Operation 26 'write' 'write_ln959' <Predicate = true> <Delay = 0.00>
ST_1 : Operation 27 [1/1] (0.00ns)   --->   "%write_ln960 = write void @_ssdm_op_Write.ap_auto.floatP0A, i32 %expert_outputs_1_1, i32 %p_read_18" [src/moe.cpp:960]   --->   Operation 27 'write' 'write_ln960' <Predicate = true> <Delay = 0.00>
ST_1 : Operation 28 [1/1] (0.00ns)   --->   "%write_ln961 = write void @_ssdm_op_Write.ap_auto.floatP0A, i32 %expert_outputs_2_1, i32 %p_read_7" [src/moe.cpp:961]   --->   Operation 28 'write' 'write_ln961' <Predicate = true> <Delay = 0.00>
ST_1 : Operation 29 [1/1] (0.00ns)   --->   "%write_ln962 = write void @_ssdm_op_Write.ap_auto.floatP0A, i32 %expert_outputs_3_1, i32 %p_read_17" [src/moe.cpp:962]   --->   Operation 29 'write' 'write_ln962' <Predicate = true> <Delay = 0.00>
ST_1 : Operation 30 [1/1] (0.00ns)   --->   "%write_ln959 = write void @_ssdm_op_Write.ap_auto.floatP0A, i32 %expert_outputs_0_2, i32 %p_read_6" [src/moe.cpp:959]   --->   Operation 30 'write' 'write_ln959' <Predicate = true> <Delay = 0.00>
ST_1 : Operation 31 [1/1] (0.00ns)   --->   "%write_ln960 = write void @_ssdm_op_Write.ap_auto.floatP0A, i32 %expert_outputs_1_2, i32 %p_read_16" [src/moe.cpp:960]   --->   Operation 31 'write' 'write_ln960' <Predicate = true> <Delay = 0.00>
ST_1 : Operation 32 [1/1] (0.00ns)   --->   "%write_ln961 = write void @_ssdm_op_Write.ap_auto.floatP0A, i32 %expert_outputs_2_2, i32 %p_read_5" [src/moe.cpp:961]   --->   Operation 32 'write' 'write_ln961' <Predicate = true> <Delay = 0.00>
ST_1 : Operation 33 [1/1] (0.00ns)   --->   "%write_ln962 = write void @_ssdm_op_Write.ap_auto.floatP0A, i32 %expert_outputs_3_2, i32 %p_read_15" [src/moe.cpp:962]   --->   Operation 33 'write' 'write_ln962' <Predicate = true> <Delay = 0.00>
ST_1 : Operation 34 [1/1] (0.00ns)   --->   "%write_ln959 = write void @_ssdm_op_Write.ap_auto.floatP0A, i32 %expert_outputs_0_3, i32 %p_read_4" [src/moe.cpp:959]   --->   Operation 34 'write' 'write_ln959' <Predicate = true> <Delay = 0.00>
ST_1 : Operation 35 [1/1] (0.00ns)   --->   "%write_ln960 = write void @_ssdm_op_Write.ap_auto.floatP0A, i32 %expert_outputs_1_3, i32 %p_read_14" [src/moe.cpp:960]   --->   Operation 35 'write' 'write_ln960' <Predicate = true> <Delay = 0.00>
ST_1 : Operation 36 [1/1] (0.00ns)   --->   "%write_ln961 = write void @_ssdm_op_Write.ap_auto.floatP0A, i32 %expert_outputs_2_3, i32 %p_read_3" [src/moe.cpp:961]   --->   Operation 36 'write' 'write_ln961' <Predicate = true> <Delay = 0.00>
ST_1 : Operation 37 [1/1] (0.00ns)   --->   "%write_ln962 = write void @_ssdm_op_Write.ap_auto.floatP0A, i32 %expert_outputs_3_3, i32 %p_read_13" [src/moe.cpp:962]   --->   Operation 37 'write' 'write_ln962' <Predicate = true> <Delay = 0.00>
ST_1 : Operation 38 [1/1] (0.00ns)   --->   "%write_ln959 = write void @_ssdm_op_Write.ap_auto.floatP0A, i32 %expert_outputs_0_4, i32 %p_read_2" [src/moe.cpp:959]   --->   Operation 38 'write' 'write_ln959' <Predicate = true> <Delay = 0.00>
ST_1 : Operation 39 [1/1] (0.00ns)   --->   "%write_ln960 = write void @_ssdm_op_Write.ap_auto.floatP0A, i32 %expert_outputs_1_4, i32 %p_read_12" [src/moe.cpp:960]   --->   Operation 39 'write' 'write_ln960' <Predicate = true> <Delay = 0.00>
ST_1 : Operation 40 [1/1] (0.00ns)   --->   "%write_ln961 = write void @_ssdm_op_Write.ap_auto.floatP0A, i32 %expert_outputs_2_4, i32 %p_read_1" [src/moe.cpp:961]   --->   Operation 40 'write' 'write_ln961' <Predicate = true> <Delay = 0.00>
ST_1 : Operation 41 [1/1] (0.00ns)   --->   "%write_ln962 = write void @_ssdm_op_Write.ap_auto.floatP0A, i32 %expert_outputs_3_4, i32 %p_read_11" [src/moe.cpp:962]   --->   Operation 41 'write' 'write_ln962' <Predicate = true> <Delay = 0.00>
ST_1 : Operation 42 [1/1] (0.00ns)   --->   "%ret_ln0 = ret"   --->   Operation 42 'ret' 'ret_ln0' <Predicate = true> <Delay = 0.00>


============================================================
+ Verbose Summary: Binding
============================================================
STG Binding: 
---------------- STG Properties BEGIN ----------------
- Is combinational: 0
- Is one-state seq: 1
- Is datapath-only: 0
- Is pipelined: 0
- Is top level: 0
Port [ Return ] is wired: 1; IO mode=ap_ctrl_hs:ce=0
Port [ p_read]:  wired=1; compound=0; hidden=0; nouse=0; global=0; static=0; extern=0; dir=0; type=0; pingpong=0; private_global=0; IO mode=ap_none:ce=0
Port [ p_read1]:  wired=1; compound=0; hidden=0; nouse=0; global=0; static=0; extern=0; dir=0; type=0; pingpong=0; private_global=0; IO mode=ap_none:ce=0
Port [ p_read2]:  wired=1; compound=0; hidden=0; nouse=0; global=0; static=0; extern=0; dir=0; type=0; pingpong=0; private_global=0; IO mode=ap_none:ce=0
Port [ p_read3]:  wired=1; compound=0; hidden=0; nouse=0; global=0; static=0; extern=0; dir=0; type=0; pingpong=0; private_global=0; IO mode=ap_none:ce=0
Port [ p_read4]:  wired=1; compound=0; hidden=0; nouse=0; global=0; static=0; extern=0; dir=0; type=0; pingpong=0; private_global=0; IO mode=ap_none:ce=0
Port [ p_read5]:  wired=1; compound=0; hidden=0; nouse=0; global=0; static=0; extern=0; dir=0; type=0; pingpong=0; private_global=0; IO mode=ap_none:ce=0
Port [ p_read6]:  wired=1; compound=0; hidden=0; nouse=0; global=0; static=0; extern=0; dir=0; type=0; pingpong=0; private_global=0; IO mode=ap_none:ce=0
Port [ p_read7]:  wired=1; compound=0; hidden=0; nouse=0; global=0; static=0; extern=0; dir=0; type=0; pingpong=0; private_global=0; IO mode=ap_none:ce=0
Port [ p_read8]:  wired=1; compound=0; hidden=0; nouse=0; global=0; static=0; extern=0; dir=0; type=0; pingpong=0; private_global=0; IO mode=ap_none:ce=0
Port [ p_read9]:  wired=1; compound=0; hidden=0; nouse=0; global=0; static=0; extern=0; dir=0; type=0; pingpong=0; private_global=0; IO mode=ap_none:ce=0
Port [ p_read10]:  wired=1; compound=0; hidden=0; nouse=0; global=0; static=0; extern=0; dir=0; type=0; pingpong=0; private_global=0; IO mode=ap_none:ce=0
Port [ expert_outputs_0_0]:  wired=1; compound=0; hidden=0; nouse=0; global=0; static=0; extern=0; dir=1; type=0; pingpong=0; private_global=0; IO mode=ap_vld:ce=0
Port [ expert_outputs_1_0]:  wired=1; compound=0; hidden=0; nouse=0; global=0; static=0; extern=0; dir=1; type=0; pingpong=0; private_global=0; IO mode=ap_vld:ce=0
Port [ p_read11]:  wired=1; compound=0; hidden=0; nouse=0; global=0; static=0; extern=0; dir=0; type=0; pingpong=0; private_global=0; IO mode=ap_none:ce=0
Port [ expert_outputs_2_0]:  wired=1; compound=0; hidden=0; nouse=0; global=0; static=0; extern=0; dir=1; type=0; pingpong=0; private_global=0; IO mode=ap_vld:ce=0
Port [ expert_outputs_3_0]:  wired=1; compound=0; hidden=0; nouse=0; global=0; static=0; extern=0; dir=1; type=0; pingpong=0; private_global=0; IO mode=ap_vld:ce=0
Port [ p_read12]:  wired=1; compound=0; hidden=0; nouse=0; global=0; static=0; extern=0; dir=0; type=0; pingpong=0; private_global=0; IO mode=ap_none:ce=0
Port [ expert_outputs_0_1]:  wired=1; compound=0; hidden=0; nouse=0; global=0; static=0; extern=0; dir=1; type=0; pingpong=0; private_global=0; IO mode=ap_vld:ce=0
Port [ expert_outputs_1_1]:  wired=1; compound=0; hidden=0; nouse=0; global=0; static=0; extern=0; dir=1; type=0; pingpong=0; private_global=0; IO mode=ap_vld:ce=0
Port [ p_read13]:  wired=1; compound=0; hidden=0; nouse=0; global=0; static=0; extern=0; dir=0; type=0; pingpong=0; private_global=0; IO mode=ap_none:ce=0
Port [ expert_outputs_2_1]:  wired=1; compound=0; hidden=0; nouse=0; global=0; static=0; extern=0; dir=1; type=0; pingpong=0; private_global=0; IO mode=ap_vld:ce=0
Port [ expert_outputs_3_1]:  wired=1; compound=0; hidden=0; nouse=0; global=0; static=0; extern=0; dir=1; type=0; pingpong=0; private_global=0; IO mode=ap_vld:ce=0
Port [ p_read14]:  wired=1; compound=0; hidden=0; nouse=0; global=0; static=0; extern=0; dir=0; type=0; pingpong=0; private_global=0; IO mode=ap_none:ce=0
Port [ expert_outputs_0_2]:  wired=1; compound=0; hidden=0; nouse=0; global=0; static=0; extern=0; dir=1; type=0; pingpong=0; private_global=0; IO mode=ap_vld:ce=0
Port [ expert_outputs_1_2]:  wired=1; compound=0; hidden=0; nouse=0; global=0; static=0; extern=0; dir=1; type=0; pingpong=0; private_global=0; IO mode=ap_vld:ce=0
Port [ p_read15]:  wired=1; compound=0; hidden=0; nouse=0; global=0; static=0; extern=0; dir=0; type=0; pingpong=0; private_global=0; IO mode=ap_none:ce=0
Port [ expert_outputs_2_2]:  wired=1; compound=0; hidden=0; nouse=0; global=0; static=0; extern=0; dir=1; type=0; pingpong=0; private_global=0; IO mode=ap_vld:ce=0
Port [ expert_outputs_3_2]:  wired=1; compound=0; hidden=0; nouse=0; global=0; static=0; extern=0; dir=1; type=0; pingpong=0; private_global=0; IO mode=ap_vld:ce=0
Port [ p_read16]:  wired=1; compound=0; hidden=0; nouse=0; global=0; static=0; extern=0; dir=0; type=0; pingpong=0; private_global=0; IO mode=ap_none:ce=0
Port [ expert_outputs_0_3]:  wired=1; compound=0; hidden=0; nouse=0; global=0; static=0; extern=0; dir=1; type=0; pingpong=0; private_global=0; IO mode=ap_vld:ce=0
Port [ expert_outputs_1_3]:  wired=1; compound=0; hidden=0; nouse=0; global=0; static=0; extern=0; dir=1; type=0; pingpong=0; private_global=0; IO mode=ap_vld:ce=0
Port [ p_read17]:  wired=1; compound=0; hidden=0; nouse=0; global=0; static=0; extern=0; dir=0; type=0; pingpong=0; private_global=0; IO mode=ap_none:ce=0
Port [ expert_outputs_2_3]:  wired=1; compound=0; hidden=0; nouse=0; global=0; static=0; extern=0; dir=1; type=0; pingpong=0; private_global=0; IO mode=ap_vld:ce=0
Port [ expert_outputs_3_3]:  wired=1; compound=0; hidden=0; nouse=0; global=0; static=0; extern=0; dir=1; type=0; pingpong=0; private_global=0; IO mode=ap_vld:ce=0
Port [ p_read18]:  wired=1; compound=0; hidden=0; nouse=0; global=0; static=0; extern=0; dir=0; type=0; pingpong=0; private_global=0; IO mode=ap_none:ce=0
Port [ expert_outputs_0_4]:  wired=1; compound=0; hidden=0; nouse=0; global=0; static=0; extern=0; dir=1; type=0; pingpong=0; private_global=0; IO mode=ap_vld:ce=0
Port [ expert_outputs_1_4]:  wired=1; compound=0; hidden=0; nouse=0; global=0; static=0; extern=0; dir=1; type=0; pingpong=0; private_global=0; IO mode=ap_vld:ce=0
Port [ p_read19]:  wired=1; compound=0; hidden=0; nouse=0; global=0; static=0; extern=0; dir=0; type=0; pingpong=0; private_global=0; IO mode=ap_none:ce=0
Port [ expert_outputs_2_4]:  wired=1; compound=0; hidden=0; nouse=0; global=0; static=0; extern=0; dir=1; type=0; pingpong=0; private_global=0; IO mode=ap_vld:ce=0
Port [ expert_outputs_3_4]:  wired=1; compound=0; hidden=0; nouse=0; global=0; static=0; extern=0; dir=1; type=0; pingpong=0; private_global=0; IO mode=ap_vld:ce=0
---------------- STG Properties END ------------------

---------------- Datapath Model BEGIN ----------------

<LifeTime>
<method=bitvector/>
p_read_1    (read ) [ 00]
p_read_2    (read ) [ 00]
p_read_3    (read ) [ 00]
p_read_4    (read ) [ 00]
p_read_5    (read ) [ 00]
p_read_6    (read ) [ 00]
p_read_7    (read ) [ 00]
p_read_8    (read ) [ 00]
p_read_9    (read ) [ 00]
p_read_10   (read ) [ 00]
p_read_11   (read ) [ 00]
p_read_12   (read ) [ 00]
p_read_13   (read ) [ 00]
p_read_14   (read ) [ 00]
p_read_15   (read ) [ 00]
p_read_16   (read ) [ 00]
p_read_17   (read ) [ 00]
p_read_18   (read ) [ 00]
p_read_19   (read ) [ 00]
p_read_20   (read ) [ 00]
write_ln959 (write) [ 00]
write_ln960 (write) [ 00]
write_ln961 (write) [ 00]
write_ln962 (write) [ 00]
write_ln959 (write) [ 00]
write_ln960 (write) [ 00]
write_ln961 (write) [ 00]
write_ln962 (write) [ 00]
write_ln959 (write) [ 00]
write_ln960 (write) [ 00]
write_ln961 (write) [ 00]
write_ln962 (write) [ 00]
write_ln959 (write) [ 00]
write_ln960 (write) [ 00]
write_ln961 (write) [ 00]
write_ln962 (write) [ 00]
write_ln959 (write) [ 00]
write_ln960 (write) [ 00]
write_ln961 (write) [ 00]
write_ln962 (write) [ 00]
ret_ln0     (ret  ) [ 00]
</LifeTime>

<model>

<comp_list>
<comp id="0" class="1000" name="p_read">
<pin_list>
<pin id="1" dir="1" index="0" bw="1" slack="0"/>
</pin_list>
<bind>
<StgValue><ssdm name="p_read"/></StgValue>
</bind>
</comp>

<comp id="2" class="1000" name="p_read1">
<pin_list>
<pin id="3" dir="1" index="0" bw="1" slack="0"/>
</pin_list>
<bind>
<StgValue><ssdm name="p_read1"/></StgValue>
</bind>
</comp>

<comp id="4" class="1000" name="p_read2">
<pin_list>
<pin id="5" dir="1" index="0" bw="1" slack="0"/>
</pin_list>
<bind>
<StgValue><ssdm name="p_read2"/></StgValue>
</bind>
</comp>

<comp id="6" class="1000" name="p_read3">
<pin_list>
<pin id="7" dir="1" index="0" bw="1" slack="0"/>
</pin_list>
<bind>
<StgValue><ssdm name="p_read3"/></StgValue>
</bind>
</comp>

<comp id="8" class="1000" name="p_read4">
<pin_list>
<pin id="9" dir="1" index="0" bw="1" slack="0"/>
</pin_list>
<bind>
<StgValue><ssdm name="p_read4"/></StgValue>
</bind>
</comp>

<comp id="10" class="1000" name="p_read5">
<pin_list>
<pin id="11" dir="1" index="0" bw="1" slack="0"/>
</pin_list>
<bind>
<StgValue><ssdm name="p_read5"/></StgValue>
</bind>
</comp>

<comp id="12" class="1000" name="p_read6">
<pin_list>
<pin id="13" dir="1" index="0" bw="1" slack="0"/>
</pin_list>
<bind>
<StgValue><ssdm name="p_read6"/></StgValue>
</bind>
</comp>

<comp id="14" class="1000" name="p_read7">
<pin_list>
<pin id="15" dir="1" index="0" bw="1" slack="0"/>
</pin_list>
<bind>
<StgValue><ssdm name="p_read7"/></StgValue>
</bind>
</comp>

<comp id="16" class="1000" name="p_read8">
<pin_list>
<pin id="17" dir="1" index="0" bw="1" slack="0"/>
</pin_list>
<bind>
<StgValue><ssdm name="p_read8"/></StgValue>
</bind>
</comp>

<comp id="18" class="1000" name="p_read9">
<pin_list>
<pin id="19" dir="1" index="0" bw="1" slack="0"/>
</pin_list>
<bind>
<StgValue><ssdm name="p_read9"/></StgValue>
</bind>
</comp>

<comp id="20" class="1000" name="p_read10">
<pin_list>
<pin id="21" dir="1" index="0" bw="1" slack="0"/>
</pin_list>
<bind>
<StgValue><ssdm name="p_read10"/></StgValue>
</bind>
</comp>

<comp id="22" class="1000" name="expert_outputs_0_0">
<pin_list>
<pin id="23" dir="1" index="0" bw="1" slack="0"/>
</pin_list>
<bind>
<StgValue><ssdm name="expert_outputs_0_0"/></StgValue>
</bind>
</comp>

<comp id="24" class="1000" name="expert_outputs_1_0">
<pin_list>
<pin id="25" dir="1" index="0" bw="1" slack="0"/>
</pin_list>
<bind>
<StgValue><ssdm name="expert_outputs_1_0"/></StgValue>
</bind>
</comp>

<comp id="26" class="1000" name="p_read11">
<pin_list>
<pin id="27" dir="1" index="0" bw="1" slack="0"/>
</pin_list>
<bind>
<StgValue><ssdm name="p_read11"/></StgValue>
</bind>
</comp>

<comp id="28" class="1000" name="expert_outputs_2_0">
<pin_list>
<pin id="29" dir="1" index="0" bw="1" slack="0"/>
</pin_list>
<bind>
<StgValue><ssdm name="expert_outputs_2_0"/></StgValue>
</bind>
</comp>

<comp id="30" class="1000" name="expert_outputs_3_0">
<pin_list>
<pin id="31" dir="1" index="0" bw="1" slack="0"/>
</pin_list>
<bind>
<StgValue><ssdm name="expert_outputs_3_0"/></StgValue>
</bind>
</comp>

<comp id="32" class="1000" name="p_read12">
<pin_list>
<pin id="33" dir="1" index="0" bw="1" slack="0"/>
</pin_list>
<bind>
<StgValue><ssdm name="p_read12"/></StgValue>
</bind>
</comp>

<comp id="34" class="1000" name="expert_outputs_0_1">
<pin_list>
<pin id="35" dir="1" index="0" bw="1" slack="0"/>
</pin_list>
<bind>
<StgValue><ssdm name="expert_outputs_0_1"/></StgValue>
</bind>
</comp>

<comp id="36" class="1000" name="expert_outputs_1_1">
<pin_list>
<pin id="37" dir="1" index="0" bw="1" slack="0"/>
</pin_list>
<bind>
<StgValue><ssdm name="expert_outputs_1_1"/></StgValue>
</bind>
</comp>

<comp id="38" class="1000" name="p_read13">
<pin_list>
<pin id="39" dir="1" index="0" bw="1" slack="0"/>
</pin_list>
<bind>
<StgValue><ssdm name="p_read13"/></StgValue>
</bind>
</comp>

<comp id="40" class="1000" name="expert_outputs_2_1">
<pin_list>
<pin id="41" dir="1" index="0" bw="1" slack="0"/>
</pin_list>
<bind>
<StgValue><ssdm name="expert_outputs_2_1"/></StgValue>
</bind>
</comp>

<comp id="42" class="1000" name="expert_outputs_3_1">
<pin_list>
<pin id="43" dir="1" index="0" bw="1" slack="0"/>
</pin_list>
<bind>
<StgValue><ssdm name="expert_outputs_3_1"/></StgValue>
</bind>
</comp>

<comp id="44" class="1000" name="p_read14">
<pin_list>
<pin id="45" dir="1" index="0" bw="1" slack="0"/>
</pin_list>
<bind>
<StgValue><ssdm name="p_read14"/></StgValue>
</bind>
</comp>

<comp id="46" class="1000" name="expert_outputs_0_2">
<pin_list>
<pin id="47" dir="1" index="0" bw="1" slack="0"/>
</pin_list>
<bind>
<StgValue><ssdm name="expert_outputs_0_2"/></StgValue>
</bind>
</comp>

<comp id="48" class="1000" name="expert_outputs_1_2">
<pin_list>
<pin id="49" dir="1" index="0" bw="1" slack="0"/>
</pin_list>
<bind>
<StgValue><ssdm name="expert_outputs_1_2"/></StgValue>
</bind>
</comp>

<comp id="50" class="1000" name="p_read15">
<pin_list>
<pin id="51" dir="1" index="0" bw="1" slack="0"/>
</pin_list>
<bind>
<StgValue><ssdm name="p_read15"/></StgValue>
</bind>
</comp>

<comp id="52" class="1000" name="expert_outputs_2_2">
<pin_list>
<pin id="53" dir="1" index="0" bw="1" slack="0"/>
</pin_list>
<bind>
<StgValue><ssdm name="expert_outputs_2_2"/></StgValue>
</bind>
</comp>

<comp id="54" class="1000" name="expert_outputs_3_2">
<pin_list>
<pin id="55" dir="1" index="0" bw="1" slack="0"/>
</pin_list>
<bind>
<StgValue><ssdm name="expert_outputs_3_2"/></StgValue>
</bind>
</comp>

<comp id="56" class="1000" name="p_read16">
<pin_list>
<pin id="57" dir="1" index="0" bw="1" slack="0"/>
</pin_list>
<bind>
<StgValue><ssdm name="p_read16"/></StgValue>
</bind>
</comp>

<comp id="58" class="1000" name="expert_outputs_0_3">
<pin_list>
<pin id="59" dir="1" index="0" bw="1" slack="0"/>
</pin_list>
<bind>
<StgValue><ssdm name="expert_outputs_0_3"/></StgValue>
</bind>
</comp>

<comp id="60" class="1000" name="expert_outputs_1_3">
<pin_list>
<pin id="61" dir="1" index="0" bw="1" slack="0"/>
</pin_list>
<bind>
<StgValue><ssdm name="expert_outputs_1_3"/></StgValue>
</bind>
</comp>

<comp id="62" class="1000" name="p_read17">
<pin_list>
<pin id="63" dir="1" index="0" bw="1" slack="0"/>
</pin_list>
<bind>
<StgValue><ssdm name="p_read17"/></StgValue>
</bind>
</comp>

<comp id="64" class="1000" name="expert_outputs_2_3">
<pin_list>
<pin id="65" dir="1" index="0" bw="1" slack="0"/>
</pin_list>
<bind>
<StgValue><ssdm name="expert_outputs_2_3"/></StgValue>
</bind>
</comp>

<comp id="66" class="1000" name="expert_outputs_3_3">
<pin_list>
<pin id="67" dir="1" index="0" bw="1" slack="0"/>
</pin_list>
<bind>
<StgValue><ssdm name="expert_outputs_3_3"/></StgValue>
</bind>
</comp>

<comp id="68" class="1000" name="p_read18">
<pin_list>
<pin id="69" dir="1" index="0" bw="1" slack="0"/>
</pin_list>
<bind>
<StgValue><ssdm name="p_read18"/></StgValue>
</bind>
</comp>

<comp id="70" class="1000" name="expert_outputs_0_4">
<pin_list>
<pin id="71" dir="1" index="0" bw="1" slack="0"/>
</pin_list>
<bind>
<StgValue><ssdm name="expert_outputs_0_4"/></StgValue>
</bind>
</comp>

<comp id="72" class="1000" name="expert_outputs_1_4">
<pin_list>
<pin id="73" dir="1" index="0" bw="1" slack="0"/>
</pin_list>
<bind>
<StgValue><ssdm name="expert_outputs_1_4"/></StgValue>
</bind>
</comp>

<comp id="74" class="1000" name="p_read19">
<pin_list>
<pin id="75" dir="1" index="0" bw="1" slack="0"/>
</pin_list>
<bind>
<StgValue><ssdm name="p_read19"/></StgValue>
</bind>
</comp>

<comp id="76" class="1000" name="expert_outputs_2_4">
<pin_list>
<pin id="77" dir="1" index="0" bw="1" slack="0"/>
</pin_list>
<bind>
<StgValue><ssdm name="expert_outputs_2_4"/></StgValue>
</bind>
</comp>

<comp id="78" class="1000" name="expert_outputs_3_4">
<pin_list>
<pin id="79" dir="1" index="0" bw="1" slack="0"/>
</pin_list>
<bind>
<StgValue><ssdm name="expert_outputs_3_4"/></StgValue>
</bind>
</comp>

<comp id="80" class="1001" name="const_80">
<pin_list>
<pin id="81" dir="1" index="0" bw="1" slack="0"/>
</pin_list>
<bind>
<StgValue><ssdm name="_ssdm_op_Read.ap_auto.float"/></StgValue>
</bind>
</comp>

<comp id="82" class="1001" name="const_82">
<pin_list>
<pin id="83" dir="1" index="0" bw="1" slack="0"/>
</pin_list>
<bind>
<StgValue><ssdm name="_ssdm_op_Write.ap_auto.floatP0A"/></StgValue>
</bind>
</comp>

<comp id="84" class="1004" name="p_read_1_read_fu_84">
<pin_list>
<pin id="85" dir="0" index="0" bw="32" slack="0"/>
<pin id="86" dir="0" index="1" bw="32" slack="0"/>
<pin id="87" dir="1" index="2" bw="32" slack="0"/>
</pin_list>
<bind>
<opcode="read(1150) " fcode="read"/>
<opset="p_read_1/1 "/>
</bind>
</comp>

<comp id="90" class="1004" name="p_read_2_read_fu_90">
<pin_list>
<pin id="91" dir="0" index="0" bw="32" slack="0"/>
<pin id="92" dir="0" index="1" bw="32" slack="0"/>
<pin id="93" dir="1" index="2" bw="32" slack="0"/>
</pin_list>
<bind>
<opcode="read(1150) " fcode="read"/>
<opset="p_read_2/1 "/>
</bind>
</comp>

<comp id="96" class="1004" name="p_read_3_read_fu_96">
<pin_list>
<pin id="97" dir="0" index="0" bw="32" slack="0"/>
<pin id="98" dir="0" index="1" bw="32" slack="0"/>
<pin id="99" dir="1" index="2" bw="32" slack="0"/>
</pin_list>
<bind>
<opcode="read(1150) " fcode="read"/>
<opset="p_read_3/1 "/>
</bind>
</comp>

<comp id="102" class="1004" name="p_read_4_read_fu_102">
<pin_list>
<pin id="103" dir="0" index="0" bw="32" slack="0"/>
<pin id="104" dir="0" index="1" bw="32" slack="0"/>
<pin id="105" dir="1" index="2" bw="32" slack="0"/>
</pin_list>
<bind>
<opcode="read(1150) " fcode="read"/>
<opset="p_read_4/1 "/>
</bind>
</comp>

<comp id="108" class="1004" name="p_read_5_read_fu_108">
<pin_list>
<pin id="109" dir="0" index="0" bw="32" slack="0"/>
<pin id="110" dir="0" index="1" bw="32" slack="0"/>
<pin id="111" dir="1" index="2" bw="32" slack="0"/>
</pin_list>
<bind>
<opcode="read(1150) " fcode="read"/>
<opset="p_read_5/1 "/>
</bind>
</comp>

<comp id="114" class="1004" name="p_read_6_read_fu_114">
<pin_list>
<pin id="115" dir="0" index="0" bw="32" slack="0"/>
<pin id="116" dir="0" index="1" bw="32" slack="0"/>
<pin id="117" dir="1" index="2" bw="32" slack="0"/>
</pin_list>
<bind>
<opcode="read(1150) " fcode="read"/>
<opset="p_read_6/1 "/>
</bind>
</comp>

<comp id="120" class="1004" name="p_read_7_read_fu_120">
<pin_list>
<pin id="121" dir="0" index="0" bw="32" slack="0"/>
<pin id="122" dir="0" index="1" bw="32" slack="0"/>
<pin id="123" dir="1" index="2" bw="32" slack="0"/>
</pin_list>
<bind>
<opcode="read(1150) " fcode="read"/>
<opset="p_read_7/1 "/>
</bind>
</comp>

<comp id="126" class="1004" name="p_read_8_read_fu_126">
<pin_list>
<pin id="127" dir="0" index="0" bw="32" slack="0"/>
<pin id="128" dir="0" index="1" bw="32" slack="0"/>
<pin id="129" dir="1" index="2" bw="32" slack="0"/>
</pin_list>
<bind>
<opcode="read(1150) " fcode="read"/>
<opset="p_read_8/1 "/>
</bind>
</comp>

<comp id="132" class="1004" name="p_read_9_read_fu_132">
<pin_list>
<pin id="133" dir="0" index="0" bw="32" slack="0"/>
<pin id="134" dir="0" index="1" bw="32" slack="0"/>
<pin id="135" dir="1" index="2" bw="32" slack="0"/>
</pin_list>
<bind>
<opcode="read(1150) " fcode="read"/>
<opset="p_read_9/1 "/>
</bind>
</comp>

<comp id="138" class="1004" name="p_read_10_read_fu_138">
<pin_list>
<pin id="139" dir="0" index="0" bw="32" slack="0"/>
<pin id="140" dir="0" index="1" bw="32" slack="0"/>
<pin id="141" dir="1" index="2" bw="32" slack="0"/>
</pin_list>
<bind>
<opcode="read(1150) " fcode="read"/>
<opset="p_read_10/1 "/>
</bind>
</comp>

<comp id="144" class="1004" name="p_read_11_read_fu_144">
<pin_list>
<pin id="145" dir="0" index="0" bw="32" slack="0"/>
<pin id="146" dir="0" index="1" bw="32" slack="0"/>
<pin id="147" dir="1" index="2" bw="32" slack="0"/>
</pin_list>
<bind>
<opcode="read(1150) " fcode="read"/>
<opset="p_read_11/1 "/>
</bind>
</comp>

<comp id="150" class="1004" name="p_read_12_read_fu_150">
<pin_list>
<pin id="151" dir="0" index="0" bw="32" slack="0"/>
<pin id="152" dir="0" index="1" bw="32" slack="0"/>
<pin id="153" dir="1" index="2" bw="32" slack="0"/>
</pin_list>
<bind>
<opcode="read(1150) " fcode="read"/>
<opset="p_read_12/1 "/>
</bind>
</comp>

<comp id="156" class="1004" name="p_read_13_read_fu_156">
<pin_list>
<pin id="157" dir="0" index="0" bw="32" slack="0"/>
<pin id="158" dir="0" index="1" bw="32" slack="0"/>
<pin id="159" dir="1" index="2" bw="32" slack="0"/>
</pin_list>
<bind>
<opcode="read(1150) " fcode="read"/>
<opset="p_read_13/1 "/>
</bind>
</comp>

<comp id="162" class="1004" name="p_read_14_read_fu_162">
<pin_list>
<pin id="163" dir="0" index="0" bw="32" slack="0"/>
<pin id="164" dir="0" index="1" bw="32" slack="0"/>
<pin id="165" dir="1" index="2" bw="32" slack="0"/>
</pin_list>
<bind>
<opcode="read(1150) " fcode="read"/>
<opset="p_read_14/1 "/>
</bind>
</comp>

<comp id="168" class="1004" name="p_read_15_read_fu_168">
<pin_list>
<pin id="169" dir="0" index="0" bw="32" slack="0"/>
<pin id="170" dir="0" index="1" bw="32" slack="0"/>
<pin id="171" dir="1" index="2" bw="32" slack="0"/>
</pin_list>
<bind>
<opcode="read(1150) " fcode="read"/>
<opset="p_read_15/1 "/>
</bind>
</comp>

<comp id="174" class="1004" name="p_read_16_read_fu_174">
<pin_list>
<pin id="175" dir="0" index="0" bw="32" slack="0"/>
<pin id="176" dir="0" index="1" bw="32" slack="0"/>
<pin id="177" dir="1" index="2" bw="32" slack="0"/>
</pin_list>
<bind>
<opcode="read(1150) " fcode="read"/>
<opset="p_read_16/1 "/>
</bind>
</comp>

<comp id="180" class="1004" name="p_read_17_read_fu_180">
<pin_list>
<pin id="181" dir="0" index="0" bw="32" slack="0"/>
<pin id="182" dir="0" index="1" bw="32" slack="0"/>
<pin id="183" dir="1" index="2" bw="32" slack="0"/>
</pin_list>
<bind>
<opcode="read(1150) " fcode="read"/>
<opset="p_read_17/1 "/>
</bind>
</comp>

<comp id="186" class="1004" name="p_read_18_read_fu_186">
<pin_list>
<pin id="187" dir="0" index="0" bw="32" slack="0"/>
<pin id="188" dir="0" index="1" bw="32" slack="0"/>
<pin id="189" dir="1" index="2" bw="32" slack="0"/>
</pin_list>
<bind>
<opcode="read(1150) " fcode="read"/>
<opset="p_read_18/1 "/>
</bind>
</comp>

<comp id="192" class="1004" name="p_read_19_read_fu_192">
<pin_list>
<pin id="193" dir="0" index="0" bw="32" slack="0"/>
<pin id="194" dir="0" index="1" bw="32" slack="0"/>
<pin id="195" dir="1" index="2" bw="32" slack="0"/>
</pin_list>
<bind>
<opcode="read(1150) " fcode="read"/>
<opset="p_read_19/1 "/>
</bind>
</comp>

<comp id="198" class="1004" name="p_read_20_read_fu_198">
<pin_list>
<pin id="199" dir="0" index="0" bw="32" slack="0"/>
<pin id="200" dir="0" index="1" bw="32" slack="0"/>
<pin id="201" dir="1" index="2" bw="32" slack="0"/>
</pin_list>
<bind>
<opcode="read(1150) " fcode="read"/>
<opset="p_read_20/1 "/>
</bind>
</comp>

<comp id="204" class="1004" name="write_ln959_write_fu_204">
<pin_list>
<pin id="205" dir="0" index="0" bw="0" slack="0"/>
<pin id="206" dir="0" index="1" bw="32" slack="0"/>
<pin id="207" dir="0" index="2" bw="32" slack="0"/>
<pin id="208" dir="1" index="3" bw="0" slack="2147483647"/>
</pin_list>
<bind>
<opcode="write(1151) " fcode="write"/>
<opset="write_ln959/1 "/>
</bind>
</comp>

<comp id="212" class="1004" name="write_ln960_write_fu_212">
<pin_list>
<pin id="213" dir="0" index="0" bw="0" slack="0"/>
<pin id="214" dir="0" index="1" bw="32" slack="0"/>
<pin id="215" dir="0" index="2" bw="32" slack="0"/>
<pin id="216" dir="1" index="3" bw="0" slack="2147483647"/>
</pin_list>
<bind>
<opcode="write(1151) " fcode="write"/>
<opset="write_ln960/1 "/>
</bind>
</comp>

<comp id="220" class="1004" name="write_ln961_write_fu_220">
<pin_list>
<pin id="221" dir="0" index="0" bw="0" slack="0"/>
<pin id="222" dir="0" index="1" bw="32" slack="0"/>
<pin id="223" dir="0" index="2" bw="32" slack="0"/>
<pin id="224" dir="1" index="3" bw="0" slack="2147483647"/>
</pin_list>
<bind>
<opcode="write(1151) " fcode="write"/>
<opset="write_ln961/1 "/>
</bind>
</comp>

<comp id="228" class="1004" name="write_ln962_write_fu_228">
<pin_list>
<pin id="229" dir="0" index="0" bw="0" slack="0"/>
<pin id="230" dir="0" index="1" bw="32" slack="0"/>
<pin id="231" dir="0" index="2" bw="32" slack="0"/>
<pin id="232" dir="1" index="3" bw="0" slack="2147483647"/>
</pin_list>
<bind>
<opcode="write(1151) " fcode="write"/>
<opset="write_ln962/1 "/>
</bind>
</comp>

<comp id="236" class="1004" name="write_ln959_write_fu_236">
<pin_list>
<pin id="237" dir="0" index="0" bw="0" slack="0"/>
<pin id="238" dir="0" index="1" bw="32" slack="0"/>
<pin id="239" dir="0" index="2" bw="32" slack="0"/>
<pin id="240" dir="1" index="3" bw="0" slack="2147483647"/>
</pin_list>
<bind>
<opcode="write(1151) " fcode="write"/>
<opset="write_ln959/1 "/>
</bind>
</comp>

<comp id="244" class="1004" name="write_ln960_write_fu_244">
<pin_list>
<pin id="245" dir="0" index="0" bw="0" slack="0"/>
<pin id="246" dir="0" index="1" bw="32" slack="0"/>
<pin id="247" dir="0" index="2" bw="32" slack="0"/>
<pin id="248" dir="1" index="3" bw="0" slack="2147483647"/>
</pin_list>
<bind>
<opcode="write(1151) " fcode="write"/>
<opset="write_ln960/1 "/>
</bind>
</comp>

<comp id="252" class="1004" name="write_ln961_write_fu_252">
<pin_list>
<pin id="253" dir="0" index="0" bw="0" slack="0"/>
<pin id="254" dir="0" index="1" bw="32" slack="0"/>
<pin id="255" dir="0" index="2" bw="32" slack="0"/>
<pin id="256" dir="1" index="3" bw="0" slack="2147483647"/>
</pin_list>
<bind>
<opcode="write(1151) " fcode="write"/>
<opset="write_ln961/1 "/>
</bind>
</comp>

<comp id="260" class="1004" name="write_ln962_write_fu_260">
<pin_list>
<pin id="261" dir="0" index="0" bw="0" slack="0"/>
<pin id="262" dir="0" index="1" bw="32" slack="0"/>
<pin id="263" dir="0" index="2" bw="32" slack="0"/>
<pin id="264" dir="1" index="3" bw="0" slack="2147483647"/>
</pin_list>
<bind>
<opcode="write(1151) " fcode="write"/>
<opset="write_ln962/1 "/>
</bind>
</comp>

<comp id="268" class="1004" name="write_ln959_write_fu_268">
<pin_list>
<pin id="269" dir="0" index="0" bw="0" slack="0"/>
<pin id="270" dir="0" index="1" bw="32" slack="0"/>
<pin id="271" dir="0" index="2" bw="32" slack="0"/>
<pin id="272" dir="1" index="3" bw="0" slack="2147483647"/>
</pin_list>
<bind>
<opcode="write(1151) " fcode="write"/>
<opset="write_ln959/1 "/>
</bind>
</comp>

<comp id="276" class="1004" name="write_ln960_write_fu_276">
<pin_list>
<pin id="277" dir="0" index="0" bw="0" slack="0"/>
<pin id="278" dir="0" index="1" bw="32" slack="0"/>
<pin id="279" dir="0" index="2" bw="32" slack="0"/>
<pin id="280" dir="1" index="3" bw="0" slack="2147483647"/>
</pin_list>
<bind>
<opcode="write(1151) " fcode="write"/>
<opset="write_ln960/1 "/>
</bind>
</comp>

<comp id="284" class="1004" name="write_ln961_write_fu_284">
<pin_list>
<pin id="285" dir="0" index="0" bw="0" slack="0"/>
<pin id="286" dir="0" index="1" bw="32" slack="0"/>
<pin id="287" dir="0" index="2" bw="32" slack="0"/>
<pin id="288" dir="1" index="3" bw="0" slack="2147483647"/>
</pin_list>
<bind>
<opcode="write(1151) " fcode="write"/>
<opset="write_ln961/1 "/>
</bind>
</comp>

<comp id="292" class="1004" name="write_ln962_write_fu_292">
<pin_list>
<pin id="293" dir="0" index="0" bw="0" slack="0"/>
<pin id="294" dir="0" index="1" bw="32" slack="0"/>
<pin id="295" dir="0" index="2" bw="32" slack="0"/>
<pin id="296" dir="1" index="3" bw="0" slack="2147483647"/>
</pin_list>
<bind>
<opcode="write(1151) " fcode="write"/>
<opset="write_ln962/1 "/>
</bind>
</comp>

<comp id="300" class="1004" name="write_ln959_write_fu_300">
<pin_list>
<pin id="301" dir="0" index="0" bw="0" slack="0"/>
<pin id="302" dir="0" index="1" bw="32" slack="0"/>
<pin id="303" dir="0" index="2" bw="32" slack="0"/>
<pin id="304" dir="1" index="3" bw="0" slack="2147483647"/>
</pin_list>
<bind>
<opcode="write(1151) " fcode="write"/>
<opset="write_ln959/1 "/>
</bind>
</comp>

<comp id="308" class="1004" name="write_ln960_write_fu_308">
<pin_list>
<pin id="309" dir="0" index="0" bw="0" slack="0"/>
<pin id="310" dir="0" index="1" bw="32" slack="0"/>
<pin id="311" dir="0" index="2" bw="32" slack="0"/>
<pin id="312" dir="1" index="3" bw="0" slack="2147483647"/>
</pin_list>
<bind>
<opcode="write(1151) " fcode="write"/>
<opset="write_ln960/1 "/>
</bind>
</comp>

<comp id="316" class="1004" name="write_ln961_write_fu_316">
<pin_list>
<pin id="317" dir="0" index="0" bw="0" slack="0"/>
<pin id="318" dir="0" index="1" bw="32" slack="0"/>
<pin id="319" dir="0" index="2" bw="32" slack="0"/>
<pin id="320" dir="1" index="3" bw="0" slack="2147483647"/>
</pin_list>
<bind>
<opcode="write(1151) " fcode="write"/>
<opset="write_ln961/1 "/>
</bind>
</comp>

<comp id="324" class="1004" name="write_ln962_write_fu_324">
<pin_list>
<pin id="325" dir="0" index="0" bw="0" slack="0"/>
<pin id="326" dir="0" index="1" bw="32" slack="0"/>
<pin id="327" dir="0" index="2" bw="32" slack="0"/>
<pin id="328" dir="1" index="3" bw="0" slack="2147483647"/>
</pin_list>
<bind>
<opcode="write(1151) " fcode="write"/>
<opset="write_ln962/1 "/>
</bind>
</comp>

<comp id="332" class="1004" name="write_ln959_write_fu_332">
<pin_list>
<pin id="333" dir="0" index="0" bw="0" slack="0"/>
<pin id="334" dir="0" index="1" bw="32" slack="0"/>
<pin id="335" dir="0" index="2" bw="32" slack="0"/>
<pin id="336" dir="1" index="3" bw="0" slack="2147483647"/>
</pin_list>
<bind>
<opcode="write(1151) " fcode="write"/>
<opset="write_ln959/1 "/>
</bind>
</comp>

<comp id="340" class="1004" name="write_ln960_write_fu_340">
<pin_list>
<pin id="341" dir="0" index="0" bw="0" slack="0"/>
<pin id="342" dir="0" index="1" bw="32" slack="0"/>
<pin id="343" dir="0" index="2" bw="32" slack="0"/>
<pin id="344" dir="1" index="3" bw="0" slack="2147483647"/>
</pin_list>
<bind>
<opcode="write(1151) " fcode="write"/>
<opset="write_ln960/1 "/>
</bind>
</comp>

<comp id="348" class="1004" name="write_ln961_write_fu_348">
<pin_list>
<pin id="349" dir="0" index="0" bw="0" slack="0"/>
<pin id="350" dir="0" index="1" bw="32" slack="0"/>
<pin id="351" dir="0" index="2" bw="32" slack="0"/>
<pin id="352" dir="1" index="3" bw="0" slack="2147483647"/>
</pin_list>
<bind>
<opcode="write(1151) " fcode="write"/>
<opset="write_ln961/1 "/>
</bind>
</comp>

<comp id="356" class="1004" name="write_ln962_write_fu_356">
<pin_list>
<pin id="357" dir="0" index="0" bw="0" slack="0"/>
<pin id="358" dir="0" index="1" bw="32" slack="0"/>
<pin id="359" dir="0" index="2" bw="32" slack="0"/>
<pin id="360" dir="1" index="3" bw="0" slack="2147483647"/>
</pin_list>
<bind>
<opcode="write(1151) " fcode="write"/>
<opset="write_ln962/1 "/>
</bind>
</comp>

</comp_list>

<net_list>
<net id="88"><net_src comp="80" pin="0"/><net_sink comp="84" pin=0"/></net>

<net id="89"><net_src comp="74" pin="0"/><net_sink comp="84" pin=1"/></net>

<net id="94"><net_src comp="80" pin="0"/><net_sink comp="90" pin=0"/></net>

<net id="95"><net_src comp="68" pin="0"/><net_sink comp="90" pin=1"/></net>

<net id="100"><net_src comp="80" pin="0"/><net_sink comp="96" pin=0"/></net>

<net id="101"><net_src comp="62" pin="0"/><net_sink comp="96" pin=1"/></net>

<net id="106"><net_src comp="80" pin="0"/><net_sink comp="102" pin=0"/></net>

<net id="107"><net_src comp="56" pin="0"/><net_sink comp="102" pin=1"/></net>

<net id="112"><net_src comp="80" pin="0"/><net_sink comp="108" pin=0"/></net>

<net id="113"><net_src comp="50" pin="0"/><net_sink comp="108" pin=1"/></net>

<net id="118"><net_src comp="80" pin="0"/><net_sink comp="114" pin=0"/></net>

<net id="119"><net_src comp="44" pin="0"/><net_sink comp="114" pin=1"/></net>

<net id="124"><net_src comp="80" pin="0"/><net_sink comp="120" pin=0"/></net>

<net id="125"><net_src comp="38" pin="0"/><net_sink comp="120" pin=1"/></net>

<net id="130"><net_src comp="80" pin="0"/><net_sink comp="126" pin=0"/></net>

<net id="131"><net_src comp="32" pin="0"/><net_sink comp="126" pin=1"/></net>

<net id="136"><net_src comp="80" pin="0"/><net_sink comp="132" pin=0"/></net>

<net id="137"><net_src comp="26" pin="0"/><net_sink comp="132" pin=1"/></net>

<net id="142"><net_src comp="80" pin="0"/><net_sink comp="138" pin=0"/></net>

<net id="143"><net_src comp="20" pin="0"/><net_sink comp="138" pin=1"/></net>

<net id="148"><net_src comp="80" pin="0"/><net_sink comp="144" pin=0"/></net>

<net id="149"><net_src comp="18" pin="0"/><net_sink comp="144" pin=1"/></net>

<net id="154"><net_src comp="80" pin="0"/><net_sink comp="150" pin=0"/></net>

<net id="155"><net_src comp="16" pin="0"/><net_sink comp="150" pin=1"/></net>

<net id="160"><net_src comp="80" pin="0"/><net_sink comp="156" pin=0"/></net>

<net id="161"><net_src comp="14" pin="0"/><net_sink comp="156" pin=1"/></net>

<net id="166"><net_src comp="80" pin="0"/><net_sink comp="162" pin=0"/></net>

<net id="167"><net_src comp="12" pin="0"/><net_sink comp="162" pin=1"/></net>

<net id="172"><net_src comp="80" pin="0"/><net_sink comp="168" pin=0"/></net>

<net id="173"><net_src comp="10" pin="0"/><net_sink comp="168" pin=1"/></net>

<net id="178"><net_src comp="80" pin="0"/><net_sink comp="174" pin=0"/></net>

<net id="179"><net_src comp="8" pin="0"/><net_sink comp="174" pin=1"/></net>

<net id="184"><net_src comp="80" pin="0"/><net_sink comp="180" pin=0"/></net>

<net id="185"><net_src comp="6" pin="0"/><net_sink comp="180" pin=1"/></net>

<net id="190"><net_src comp="80" pin="0"/><net_sink comp="186" pin=0"/></net>

<net id="191"><net_src comp="4" pin="0"/><net_sink comp="186" pin=1"/></net>

<net id="196"><net_src comp="80" pin="0"/><net_sink comp="192" pin=0"/></net>

<net id="197"><net_src comp="2" pin="0"/><net_sink comp="192" pin=1"/></net>

<net id="202"><net_src comp="80" pin="0"/><net_sink comp="198" pin=0"/></net>

<net id="203"><net_src comp="0" pin="0"/><net_sink comp="198" pin=1"/></net>

<net id="209"><net_src comp="82" pin="0"/><net_sink comp="204" pin=0"/></net>

<net id="210"><net_src comp="22" pin="0"/><net_sink comp="204" pin=1"/></net>

<net id="211"><net_src comp="138" pin="2"/><net_sink comp="204" pin=2"/></net>

<net id="217"><net_src comp="82" pin="0"/><net_sink comp="212" pin=0"/></net>

<net id="218"><net_src comp="24" pin="0"/><net_sink comp="212" pin=1"/></net>

<net id="219"><net_src comp="198" pin="2"/><net_sink comp="212" pin=2"/></net>

<net id="225"><net_src comp="82" pin="0"/><net_sink comp="220" pin=0"/></net>

<net id="226"><net_src comp="28" pin="0"/><net_sink comp="220" pin=1"/></net>

<net id="227"><net_src comp="132" pin="2"/><net_sink comp="220" pin=2"/></net>

<net id="233"><net_src comp="82" pin="0"/><net_sink comp="228" pin=0"/></net>

<net id="234"><net_src comp="30" pin="0"/><net_sink comp="228" pin=1"/></net>

<net id="235"><net_src comp="192" pin="2"/><net_sink comp="228" pin=2"/></net>

<net id="241"><net_src comp="82" pin="0"/><net_sink comp="236" pin=0"/></net>

<net id="242"><net_src comp="34" pin="0"/><net_sink comp="236" pin=1"/></net>

<net id="243"><net_src comp="126" pin="2"/><net_sink comp="236" pin=2"/></net>

<net id="249"><net_src comp="82" pin="0"/><net_sink comp="244" pin=0"/></net>

<net id="250"><net_src comp="36" pin="0"/><net_sink comp="244" pin=1"/></net>

<net id="251"><net_src comp="186" pin="2"/><net_sink comp="244" pin=2"/></net>

<net id="257"><net_src comp="82" pin="0"/><net_sink comp="252" pin=0"/></net>

<net id="258"><net_src comp="40" pin="0"/><net_sink comp="252" pin=1"/></net>

<net id="259"><net_src comp="120" pin="2"/><net_sink comp="252" pin=2"/></net>

<net id="265"><net_src comp="82" pin="0"/><net_sink comp="260" pin=0"/></net>

<net id="266"><net_src comp="42" pin="0"/><net_sink comp="260" pin=1"/></net>

<net id="267"><net_src comp="180" pin="2"/><net_sink comp="260" pin=2"/></net>

<net id="273"><net_src comp="82" pin="0"/><net_sink comp="268" pin=0"/></net>

<net id="274"><net_src comp="46" pin="0"/><net_sink comp="268" pin=1"/></net>

<net id="275"><net_src comp="114" pin="2"/><net_sink comp="268" pin=2"/></net>

<net id="281"><net_src comp="82" pin="0"/><net_sink comp="276" pin=0"/></net>

<net id="282"><net_src comp="48" pin="0"/><net_sink comp="276" pin=1"/></net>

<net id="283"><net_src comp="174" pin="2"/><net_sink comp="276" pin=2"/></net>

<net id="289"><net_src comp="82" pin="0"/><net_sink comp="284" pin=0"/></net>

<net id="290"><net_src comp="52" pin="0"/><net_sink comp="284" pin=1"/></net>

<net id="291"><net_src comp="108" pin="2"/><net_sink comp="284" pin=2"/></net>

<net id="297"><net_src comp="82" pin="0"/><net_sink comp="292" pin=0"/></net>

<net id="298"><net_src comp="54" pin="0"/><net_sink comp="292" pin=1"/></net>

<net id="299"><net_src comp="168" pin="2"/><net_sink comp="292" pin=2"/></net>

<net id="305"><net_src comp="82" pin="0"/><net_sink comp="300" pin=0"/></net>

<net id="306"><net_src comp="58" pin="0"/><net_sink comp="300" pin=1"/></net>

<net id="307"><net_src comp="102" pin="2"/><net_sink comp="300" pin=2"/></net>

<net id="313"><net_src comp="82" pin="0"/><net_sink comp="308" pin=0"/></net>

<net id="314"><net_src comp="60" pin="0"/><net_sink comp="308" pin=1"/></net>

<net id="315"><net_src comp="162" pin="2"/><net_sink comp="308" pin=2"/></net>

<net id="321"><net_src comp="82" pin="0"/><net_sink comp="316" pin=0"/></net>

<net id="322"><net_src comp="64" pin="0"/><net_sink comp="316" pin=1"/></net>

<net id="323"><net_src comp="96" pin="2"/><net_sink comp="316" pin=2"/></net>

<net id="329"><net_src comp="82" pin="0"/><net_sink comp="324" pin=0"/></net>

<net id="330"><net_src comp="66" pin="0"/><net_sink comp="324" pin=1"/></net>

<net id="331"><net_src comp="156" pin="2"/><net_sink comp="324" pin=2"/></net>

<net id="337"><net_src comp="82" pin="0"/><net_sink comp="332" pin=0"/></net>

<net id="338"><net_src comp="70" pin="0"/><net_sink comp="332" pin=1"/></net>

<net id="339"><net_src comp="90" pin="2"/><net_sink comp="332" pin=2"/></net>

<net id="345"><net_src comp="82" pin="0"/><net_sink comp="340" pin=0"/></net>

<net id="346"><net_src comp="72" pin="0"/><net_sink comp="340" pin=1"/></net>

<net id="347"><net_src comp="150" pin="2"/><net_sink comp="340" pin=2"/></net>

<net id="353"><net_src comp="82" pin="0"/><net_sink comp="348" pin=0"/></net>

<net id="354"><net_src comp="76" pin="0"/><net_sink comp="348" pin=1"/></net>

<net id="355"><net_src comp="84" pin="2"/><net_sink comp="348" pin=2"/></net>

<net id="361"><net_src comp="82" pin="0"/><net_sink comp="356" pin=0"/></net>

<net id="362"><net_src comp="78" pin="0"/><net_sink comp="356" pin=1"/></net>

<net id="363"><net_src comp="144" pin="2"/><net_sink comp="356" pin=2"/></net>

</net_list>

</model> 
---------------- Datapath Model END ------------------

* FSMD analyzer results:
  - Output states:
	Port: expert_outputs_0_0 | {1 }
	Port: expert_outputs_1_0 | {1 }
	Port: expert_outputs_2_0 | {1 }
	Port: expert_outputs_3_0 | {1 }
	Port: expert_outputs_0_1 | {1 }
	Port: expert_outputs_1_1 | {1 }
	Port: expert_outputs_2_1 | {1 }
	Port: expert_outputs_3_1 | {1 }
	Port: expert_outputs_0_2 | {1 }
	Port: expert_outputs_1_2 | {1 }
	Port: expert_outputs_2_2 | {1 }
	Port: expert_outputs_3_2 | {1 }
	Port: expert_outputs_0_3 | {1 }
	Port: expert_outputs_1_3 | {1 }
	Port: expert_outputs_2_3 | {1 }
	Port: expert_outputs_3_3 | {1 }
	Port: expert_outputs_0_4 | {1 }
	Port: expert_outputs_1_4 | {1 }
	Port: expert_outputs_2_4 | {1 }
	Port: expert_outputs_3_4 | {1 }
 - Input state : 
	Port: run_parallel_engines_Block_entry2327_proc : p_read | {1 }
	Port: run_parallel_engines_Block_entry2327_proc : p_read1 | {1 }
	Port: run_parallel_engines_Block_entry2327_proc : p_read2 | {1 }
	Port: run_parallel_engines_Block_entry2327_proc : p_read3 | {1 }
	Port: run_parallel_engines_Block_entry2327_proc : p_read4 | {1 }
	Port: run_parallel_engines_Block_entry2327_proc : p_read5 | {1 }
	Port: run_parallel_engines_Block_entry2327_proc : p_read6 | {1 }
	Port: run_parallel_engines_Block_entry2327_proc : p_read7 | {1 }
	Port: run_parallel_engines_Block_entry2327_proc : p_read8 | {1 }
	Port: run_parallel_engines_Block_entry2327_proc : p_read9 | {1 }
	Port: run_parallel_engines_Block_entry2327_proc : p_read10 | {1 }
	Port: run_parallel_engines_Block_entry2327_proc : p_read11 | {1 }
	Port: run_parallel_engines_Block_entry2327_proc : p_read12 | {1 }
	Port: run_parallel_engines_Block_entry2327_proc : p_read13 | {1 }
	Port: run_parallel_engines_Block_entry2327_proc : p_read14 | {1 }
	Port: run_parallel_engines_Block_entry2327_proc : p_read15 | {1 }
	Port: run_parallel_engines_Block_entry2327_proc : p_read16 | {1 }
	Port: run_parallel_engines_Block_entry2327_proc : p_read17 | {1 }
	Port: run_parallel_engines_Block_entry2327_proc : p_read18 | {1 }
	Port: run_parallel_engines_Block_entry2327_proc : p_read19 | {1 }
  - Chain level:
	State 1


============================================================
+ Verbose Summary: Datapath Resource usage 
============================================================

* Functional unit list:
|----------|--------------------------|
| Operation|      Functional Unit     |
|----------|--------------------------|
|          |    p_read_1_read_fu_84   |
|          |    p_read_2_read_fu_90   |
|          |    p_read_3_read_fu_96   |
|          |   p_read_4_read_fu_102   |
|          |   p_read_5_read_fu_108   |
|          |   p_read_6_read_fu_114   |
|          |   p_read_7_read_fu_120   |
|          |   p_read_8_read_fu_126   |
|          |   p_read_9_read_fu_132   |
|   read   |   p_read_10_read_fu_138  |
|          |   p_read_11_read_fu_144  |
|          |   p_read_12_read_fu_150  |
|          |   p_read_13_read_fu_156  |
|          |   p_read_14_read_fu_162  |
|          |   p_read_15_read_fu_168  |
|          |   p_read_16_read_fu_174  |
|          |   p_read_17_read_fu_180  |
|          |   p_read_18_read_fu_186  |
|          |   p_read_19_read_fu_192  |
|          |   p_read_20_read_fu_198  |
|----------|--------------------------|
|          | write_ln959_write_fu_204 |
|          | write_ln960_write_fu_212 |
|          | write_ln961_write_fu_220 |
|          | write_ln962_write_fu_228 |
|          | write_ln959_write_fu_236 |
|          | write_ln960_write_fu_244 |
|          | write_ln961_write_fu_252 |
|          | write_ln962_write_fu_260 |
|          | write_ln959_write_fu_268 |
|   write  | write_ln960_write_fu_276 |
|          | write_ln961_write_fu_284 |
|          | write_ln962_write_fu_292 |
|          | write_ln959_write_fu_300 |
|          | write_ln960_write_fu_308 |
|          | write_ln961_write_fu_316 |
|          | write_ln962_write_fu_324 |
|          | write_ln959_write_fu_332 |
|          | write_ln960_write_fu_340 |
|          | write_ln961_write_fu_348 |
|          | write_ln962_write_fu_356 |
|----------|--------------------------|
|   Total  |                          |
|----------|--------------------------|

Memories:
N/A

* Register list:
N/A

* Multiplexer (MUX) list: 
|--------|------|------|------|--------|
|  Comp  |  Pin | Size |  BW  | S x BW |
|--------|------|------|------|--------|
|  Total |      |      |      |    0   |
|--------|------|------|------|--------|



* Summary:
+-----------+
|           |
+-----------+
|  Function |
|   Memory  |
|Multiplexer|
|  Register |
+-----------+
|   Total   |
+-----------+
