

================================================================
== Vitis HLS Report for 'run_parallel_engines_Block_entry2335_proc'
================================================================
* Date:           Sun Sep 13 20:14:53 2026

* Version:        2023.2 (Build 4023990 on Oct 11 2023)
* Project:        HLS_OutputMoE_Run11
* Solution:       solution1 (Vivado IP Flow Target)
* Product family: virtexuplus
* Target device:  xcvu13p_CIV-figd2104-3-e


================================================================
== Performance Estimates
================================================================
+ Timing: 
    * Summary: 
    +--------+----------+----------+------------+
    |  Clock |  Target  | Estimated| Uncertainty|
    +--------+----------+----------+------------+
    |ap_clk  |  10.00 ns|  2.062 ns|     2.70 ns|
    +--------+----------+----------+------------+

+ Latency: 
    * Summary: 
    +---------+---------+-----------+-----------+-----+-----+---------+
    |  Latency (cycles) |   Latency (absolute)  |  Interval | Pipeline|
    |   min   |   max   |    min    |    max    | min | max |   Type  |
    +---------+---------+-----------+-----------+-----+-----+---------+
    |        2|        2|  20.000 ns|  20.000 ns|    2|    2|       no|
    +---------+---------+-----------+-----------+-----+-----+---------+

    + Detail: 
        * Instance: 
        N/A

        * Loop: 
        N/A



================================================================
== Utilization Estimates
================================================================
* Summary: 
+---------------------+---------+-------+---------+---------+------+
|         Name        | BRAM_18K|  DSP  |    FF   |   LUT   | URAM |
+---------------------+---------+-------+---------+---------+------+
|DSP                  |        -|      -|        -|        -|     -|
|Expression           |        -|      -|        0|        2|     -|
|FIFO                 |        -|      -|        -|        -|     -|
|Instance             |        -|      -|        -|        -|     -|
|Memory               |        -|      -|        -|        -|     -|
|Multiplexer          |        -|      -|        -|      301|     -|
|Register             |        -|      -|        4|        -|     -|
+---------------------+---------+-------+---------+---------+------+
|Total                |        0|      0|        4|      303|     0|
+---------------------+---------+-------+---------+---------+------+
|Available SLR        |     1344|   3072|   864000|   432000|   320|
+---------------------+---------+-------+---------+---------+------+
|Utilization SLR (%)  |        0|      0|       ~0|       ~0|     0|
+---------------------+---------+-------+---------+---------+------+
|Available            |     5376|  12288|  3456000|  1728000|  1280|
+---------------------+---------+-------+---------+---------+------+
|Utilization (%)      |        0|      0|       ~0|       ~0|     0|
+---------------------+---------+-------+---------+---------+------+

+ Detail: 
    * Instance: 
    N/A

    * DSP: 
    N/A

    * Memory: 
    N/A

    * FIFO: 
    N/A

    * Expression: 
    +-----------------+----------+----+---+----+------------+------------+
    |  Variable Name  | Operation| DSP| FF| LUT| Bitwidth P0| Bitwidth P1|
    +-----------------+----------+----+---+----+------------+------------+
    |ap_block_state1  |        or|   0|  0|   2|           1|           1|
    +-----------------+----------+----+---+----+------------+------------+
    |Total            |          |   0|  0|   2|           1|           1|
    +-----------------+----------+----+---+----+------------+------------+

    * Multiplexer: 
    +----------------+----+-----------+-----+-----------+
    |      Name      | LUT| Input Size| Bits| Total Bits|
    +----------------+----+-----------+-----+-----------+
    |ap_NS_fsm       |  20|          4|    1|          4|
    |ap_done         |   9|          2|    1|          2|
    |out_0_address0  |  20|          4|    3|         12|
    |out_0_address1  |  14|          3|    3|          9|
    |out_0_d0        |  20|          4|   32|        128|
    |out_0_d1        |  14|          3|   32|         96|
    |out_1_address0  |  20|          4|    3|         12|
    |out_1_address1  |  14|          3|    3|          9|
    |out_1_d0        |  20|          4|   32|        128|
    |out_1_d1        |  14|          3|   32|         96|
    |out_2_address0  |  20|          4|    3|         12|
    |out_2_address1  |  14|          3|    3|          9|
    |out_2_d0        |  20|          4|   32|        128|
    |out_2_d1        |  14|          3|   32|         96|
    |out_3_address0  |  20|          4|    3|         12|
    |out_3_address1  |  14|          3|    3|          9|
    |out_3_d0        |  20|          4|   32|        128|
    |out_3_d1        |  14|          3|   32|         96|
    +----------------+----+-----------+-----+-----------+
    |Total           | 301|         62|  282|        986|
    +----------------+----+-----------+-----+-----------+

    * Register: 
    +-------------+---+----+-----+-----------+
    |     Name    | FF| LUT| Bits| Const Bits|
    +-------------+---+----+-----+-----------+
    |ap_CS_fsm    |  3|   0|    3|          0|
    |ap_done_reg  |  1|   0|    1|          0|
    +-------------+---+----+-----+-----------+
    |Total        |  4|   0|    4|          0|
    +-------------+---+----+-----+-----------+



================================================================
== Interface
================================================================
* Summary: 
+----------------+-----+-----+------------+-------------------------------------------+--------------+
|    RTL Ports   | Dir | Bits|  Protocol  |               Source Object               |    C Type    |
+----------------+-----+-----+------------+-------------------------------------------+--------------+
|ap_clk          |   in|    1|  ap_ctrl_hs|  run_parallel_engines_Block_entry2335_proc|  return value|
|ap_rst          |   in|    1|  ap_ctrl_hs|  run_parallel_engines_Block_entry2335_proc|  return value|
|ap_start        |   in|    1|  ap_ctrl_hs|  run_parallel_engines_Block_entry2335_proc|  return value|
|ap_done         |  out|    1|  ap_ctrl_hs|  run_parallel_engines_Block_entry2335_proc|  return value|
|ap_continue     |   in|    1|  ap_ctrl_hs|  run_parallel_engines_Block_entry2335_proc|  return value|
|ap_idle         |  out|    1|  ap_ctrl_hs|  run_parallel_engines_Block_entry2335_proc|  return value|
|ap_ready        |  out|    1|  ap_ctrl_hs|  run_parallel_engines_Block_entry2335_proc|  return value|
|p_read          |   in|   32|     ap_none|                                     p_read|        scalar|
|p_read1         |   in|   32|     ap_none|                                    p_read1|        scalar|
|out_0_address0  |  out|    3|   ap_memory|                                      out_0|         array|
|out_0_ce0       |  out|    1|   ap_memory|                                      out_0|         array|
|out_0_we0       |  out|    1|   ap_memory|                                      out_0|         array|
|out_0_d0        |  out|   32|   ap_memory|                                      out_0|         array|
|out_0_address1  |  out|    3|   ap_memory|                                      out_0|         array|
|out_0_ce1       |  out|    1|   ap_memory|                                      out_0|         array|
|out_0_we1       |  out|    1|   ap_memory|                                      out_0|         array|
|out_0_d1        |  out|   32|   ap_memory|                                      out_0|         array|
|p_read2         |   in|   32|     ap_none|                                    p_read2|        scalar|
|out_1_address0  |  out|    3|   ap_memory|                                      out_1|         array|
|out_1_ce0       |  out|    1|   ap_memory|                                      out_1|         array|
|out_1_we0       |  out|    1|   ap_memory|                                      out_1|         array|
|out_1_d0        |  out|   32|   ap_memory|                                      out_1|         array|
|out_1_address1  |  out|    3|   ap_memory|                                      out_1|         array|
|out_1_ce1       |  out|    1|   ap_memory|                                      out_1|         array|
|out_1_we1       |  out|    1|   ap_memory|                                      out_1|         array|
|out_1_d1        |  out|   32|   ap_memory|                                      out_1|         array|
|p_read3         |   in|   32|     ap_none|                                    p_read3|        scalar|
|out_2_address0  |  out|    3|   ap_memory|                                      out_2|         array|
|out_2_ce0       |  out|    1|   ap_memory|                                      out_2|         array|
|out_2_we0       |  out|    1|   ap_memory|                                      out_2|         array|
|out_2_d0        |  out|   32|   ap_memory|                                      out_2|         array|
|out_2_address1  |  out|    3|   ap_memory|                                      out_2|         array|
|out_2_ce1       |  out|    1|   ap_memory|                                      out_2|         array|
|out_2_we1       |  out|    1|   ap_memory|                                      out_2|         array|
|out_2_d1        |  out|   32|   ap_memory|                                      out_2|         array|
|p_read4         |   in|   32|     ap_none|                                    p_read4|        scalar|
|out_3_address0  |  out|    3|   ap_memory|                                      out_3|         array|
|out_3_ce0       |  out|    1|   ap_memory|                                      out_3|         array|
|out_3_we0       |  out|    1|   ap_memory|                                      out_3|         array|
|out_3_d0        |  out|   32|   ap_memory|                                      out_3|         array|
|out_3_address1  |  out|    3|   ap_memory|                                      out_3|         array|
|out_3_ce1       |  out|    1|   ap_memory|                                      out_3|         array|
|out_3_we1       |  out|    1|   ap_memory|                                      out_3|         array|
|out_3_d1        |  out|   32|   ap_memory|                                      out_3|         array|
|p_read5         |   in|   32|     ap_none|                                    p_read5|        scalar|
|p_read6         |   in|   32|     ap_none|                                    p_read6|        scalar|
|p_read7         |   in|   32|     ap_none|                                    p_read7|        scalar|
|p_read8         |   in|   32|     ap_none|                                    p_read8|        scalar|
|p_read9         |   in|   32|     ap_none|                                    p_read9|        scalar|
|p_read10        |   in|   32|     ap_none|                                   p_read10|        scalar|
|p_read11        |   in|   32|     ap_none|                                   p_read11|        scalar|
|p_read12        |   in|   32|     ap_none|                                   p_read12|        scalar|
|p_read13        |   in|   32|     ap_none|                                   p_read13|        scalar|
|p_read14        |   in|   32|     ap_none|                                   p_read14|        scalar|
|p_read15        |   in|   32|     ap_none|                                   p_read15|        scalar|
|p_read16        |   in|   32|     ap_none|                                   p_read16|        scalar|
|p_read17        |   in|   32|     ap_none|                                   p_read17|        scalar|
|p_read18        |   in|   32|     ap_none|                                   p_read18|        scalar|
|p_read19        |   in|   32|     ap_none|                                   p_read19|        scalar|
+----------------+-----+-----+------------+-------------------------------------------+--------------+

============================================================
+ Verbose Summary: Synthesis Manager
============================================================
InlineROM: 1
ExposeGlobal: 0
============================================================
+ Verbose Summary: CDFG Model
============================================================
IsTopModel: 0
ResetActiveHigh: 1
IsCombinational: 2
IsDatapathOnly: 0
HasWiredReturn: 1
HasMFsm: 0
HasVarLatency: 1
IsPipeline: 0
IsRtlPipelined: 0
IsInstanceOverlapped: 0
IsDontTouch: 0
HasImplIP: 0
IsGatedGlobalClock: 0


============================================================
+ Verbose Summary: Schedule
============================================================
* Number of FSM states : 3
* Pipeline : 0
* Dataflow Pipeline: 0

* FSM state transitions: 
1 --> 2 
2 --> 3 
3 --> 

* FSM state operations: 

State 1 <SV = 0> <Delay = 2.06>
ST_1 : Operation 4 [1/1] (1.52ns)   --->   "%p_read_15 = read i32 @_ssdm_op_Read.ap_auto.float, i32 %p_read5" [src/moe.cpp:1036]   --->   Operation 4 'read' 'p_read_15' <Predicate = true> <Delay = 1.52> <CoreInst = "FIFO_SRL">   --->   Core 81 'FIFO_SRL' <Latency = 0> <II = 1> <Delay = 1.52> <Storage> <Opcode : 'read' 'write' 'nbread' 'nbwrite'> <Ports = 0> <Width = -1> <Depth = -1> <FIFO>
ST_1 : Operation 5 [1/1] (1.52ns)   --->   "%p_read_16 = read i32 @_ssdm_op_Read.ap_auto.float, i32 %p_read4" [src/moe.cpp:1036]   --->   Operation 5 'read' 'p_read_16' <Predicate = true> <Delay = 1.52> <CoreInst = "FIFO_SRL">   --->   Core 81 'FIFO_SRL' <Latency = 0> <II = 1> <Delay = 1.52> <Storage> <Opcode : 'read' 'write' 'nbread' 'nbwrite'> <Ports = 0> <Width = -1> <Depth = -1> <FIFO>
ST_1 : Operation 6 [1/1] (1.52ns)   --->   "%p_read_17 = read i32 @_ssdm_op_Read.ap_auto.float, i32 %p_read3" [src/moe.cpp:1036]   --->   Operation 6 'read' 'p_read_17' <Predicate = true> <Delay = 1.52> <CoreInst = "FIFO_SRL">   --->   Core 81 'FIFO_SRL' <Latency = 0> <II = 1> <Delay = 1.52> <Storage> <Opcode : 'read' 'write' 'nbread' 'nbwrite'> <Ports = 0> <Width = -1> <Depth = -1> <FIFO>
ST_1 : Operation 7 [1/1] (1.52ns)   --->   "%p_read_18 = read i32 @_ssdm_op_Read.ap_auto.float, i32 %p_read2" [src/moe.cpp:1036]   --->   Operation 7 'read' 'p_read_18' <Predicate = true> <Delay = 1.52> <CoreInst = "FIFO_SRL">   --->   Core 81 'FIFO_SRL' <Latency = 0> <II = 1> <Delay = 1.52> <Storage> <Opcode : 'read' 'write' 'nbread' 'nbwrite'> <Ports = 0> <Width = -1> <Depth = -1> <FIFO>
ST_1 : Operation 8 [1/1] (0.00ns)   --->   "%out_0_addr = getelementptr i32 %out_0, i64 0, i64 0" [src/moe.cpp:1033]   --->   Operation 8 'getelementptr' 'out_0_addr' <Predicate = true> <Delay = 0.00>
ST_1 : Operation 9 [1/1] (0.54ns)   --->   "%store_ln1033 = store i32 %p_read_18, i3 %out_0_addr" [src/moe.cpp:1033]   --->   Operation 9 'store' 'store_ln1033' <Predicate = true> <Delay = 0.54> <CoreInst = "RAM">   --->   Core 83 'RAM' <Latency = 1> <II = 1> <Delay = 0.54> <Storage> <Opcode : 'load' 'store'> <Ports = 2> <Width = 32> <Depth = 5> <RAM>
ST_1 : Operation 10 [1/1] (0.00ns)   --->   "%out_1_addr = getelementptr i32 %out_1, i64 0, i64 0" [src/moe.cpp:1033]   --->   Operation 10 'getelementptr' 'out_1_addr' <Predicate = true> <Delay = 0.00>
ST_1 : Operation 11 [1/1] (0.54ns)   --->   "%store_ln1034 = store i32 %p_read_17, i3 %out_1_addr" [src/moe.cpp:1034]   --->   Operation 11 'store' 'store_ln1034' <Predicate = true> <Delay = 0.54> <CoreInst = "RAM">   --->   Core 83 'RAM' <Latency = 1> <II = 1> <Delay = 0.54> <Storage> <Opcode : 'load' 'store'> <Ports = 2> <Width = 32> <Depth = 5> <RAM>
ST_1 : Operation 12 [1/1] (0.00ns)   --->   "%out_2_addr = getelementptr i32 %out_2, i64 0, i64 0" [src/moe.cpp:1033]   --->   Operation 12 'getelementptr' 'out_2_addr' <Predicate = true> <Delay = 0.00>
ST_1 : Operation 13 [1/1] (0.54ns)   --->   "%store_ln1035 = store i32 %p_read_16, i3 %out_2_addr" [src/moe.cpp:1035]   --->   Operation 13 'store' 'store_ln1035' <Predicate = true> <Delay = 0.54> <CoreInst = "RAM">   --->   Core 83 'RAM' <Latency = 1> <II = 1> <Delay = 0.54> <Storage> <Opcode : 'load' 'store'> <Ports = 2> <Width = 32> <Depth = 5> <RAM>
ST_1 : Operation 14 [1/1] (0.00ns)   --->   "%out_3_addr = getelementptr i32 %out_3, i64 0, i64 0" [src/moe.cpp:1033]   --->   Operation 14 'getelementptr' 'out_3_addr' <Predicate = true> <Delay = 0.00>
ST_1 : Operation 15 [1/1] (0.54ns)   --->   "%store_ln1036 = store i32 %p_read_15, i3 %out_3_addr" [src/moe.cpp:1036]   --->   Operation 15 'store' 'store_ln1036' <Predicate = true> <Delay = 0.54> <CoreInst = "RAM">   --->   Core 83 'RAM' <Latency = 1> <II = 1> <Delay = 0.54> <Storage> <Opcode : 'load' 'store'> <Ports = 2> <Width = 32> <Depth = 5> <RAM>

State 2 <SV = 1> <Delay = 2.06>
ST_2 : Operation 16 [1/1] (1.52ns)   --->   "%p_read_7 = read i32 @_ssdm_op_Read.ap_auto.float, i32 %p_read13" [src/moe.cpp:1036]   --->   Operation 16 'read' 'p_read_7' <Predicate = true> <Delay = 1.52> <CoreInst = "FIFO_SRL">   --->   Core 81 'FIFO_SRL' <Latency = 0> <II = 1> <Delay = 1.52> <Storage> <Opcode : 'read' 'write' 'nbread' 'nbwrite'> <Ports = 0> <Width = -1> <Depth = -1> <FIFO>
ST_2 : Operation 17 [1/1] (1.52ns)   --->   "%p_read_8 = read i32 @_ssdm_op_Read.ap_auto.float, i32 %p_read12" [src/moe.cpp:1036]   --->   Operation 17 'read' 'p_read_8' <Predicate = true> <Delay = 1.52> <CoreInst = "FIFO_SRL">   --->   Core 81 'FIFO_SRL' <Latency = 0> <II = 1> <Delay = 1.52> <Storage> <Opcode : 'read' 'write' 'nbread' 'nbwrite'> <Ports = 0> <Width = -1> <Depth = -1> <FIFO>
ST_2 : Operation 18 [1/1] (1.52ns)   --->   "%p_read_9 = read i32 @_ssdm_op_Read.ap_auto.float, i32 %p_read11" [src/moe.cpp:1036]   --->   Operation 18 'read' 'p_read_9' <Predicate = true> <Delay = 1.52> <CoreInst = "FIFO_SRL">   --->   Core 81 'FIFO_SRL' <Latency = 0> <II = 1> <Delay = 1.52> <Storage> <Opcode : 'read' 'write' 'nbread' 'nbwrite'> <Ports = 0> <Width = -1> <Depth = -1> <FIFO>
ST_2 : Operation 19 [1/1] (1.52ns)   --->   "%p_read_10 = read i32 @_ssdm_op_Read.ap_auto.float, i32 %p_read10" [src/moe.cpp:1036]   --->   Operation 19 'read' 'p_read_10' <Predicate = true> <Delay = 1.52> <CoreInst = "FIFO_SRL">   --->   Core 81 'FIFO_SRL' <Latency = 0> <II = 1> <Delay = 1.52> <Storage> <Opcode : 'read' 'write' 'nbread' 'nbwrite'> <Ports = 0> <Width = -1> <Depth = -1> <FIFO>
ST_2 : Operation 20 [1/1] (1.52ns)   --->   "%p_read_11 = read i32 @_ssdm_op_Read.ap_auto.float, i32 %p_read9" [src/moe.cpp:1036]   --->   Operation 20 'read' 'p_read_11' <Predicate = true> <Delay = 1.52> <CoreInst = "FIFO_SRL">   --->   Core 81 'FIFO_SRL' <Latency = 0> <II = 1> <Delay = 1.52> <Storage> <Opcode : 'read' 'write' 'nbread' 'nbwrite'> <Ports = 0> <Width = -1> <Depth = -1> <FIFO>
ST_2 : Operation 21 [1/1] (1.52ns)   --->   "%p_read_12 = read i32 @_ssdm_op_Read.ap_auto.float, i32 %p_read8" [src/moe.cpp:1036]   --->   Operation 21 'read' 'p_read_12' <Predicate = true> <Delay = 1.52> <CoreInst = "FIFO_SRL">   --->   Core 81 'FIFO_SRL' <Latency = 0> <II = 1> <Delay = 1.52> <Storage> <Opcode : 'read' 'write' 'nbread' 'nbwrite'> <Ports = 0> <Width = -1> <Depth = -1> <FIFO>
ST_2 : Operation 22 [1/1] (1.52ns)   --->   "%p_read_13 = read i32 @_ssdm_op_Read.ap_auto.float, i32 %p_read7" [src/moe.cpp:1036]   --->   Operation 22 'read' 'p_read_13' <Predicate = true> <Delay = 1.52> <CoreInst = "FIFO_SRL">   --->   Core 81 'FIFO_SRL' <Latency = 0> <II = 1> <Delay = 1.52> <Storage> <Opcode : 'read' 'write' 'nbread' 'nbwrite'> <Ports = 0> <Width = -1> <Depth = -1> <FIFO>
ST_2 : Operation 23 [1/1] (1.52ns)   --->   "%p_read_14 = read i32 @_ssdm_op_Read.ap_auto.float, i32 %p_read6" [src/moe.cpp:1036]   --->   Operation 23 'read' 'p_read_14' <Predicate = true> <Delay = 1.52> <CoreInst = "FIFO_SRL">   --->   Core 81 'FIFO_SRL' <Latency = 0> <II = 1> <Delay = 1.52> <Storage> <Opcode : 'read' 'write' 'nbread' 'nbwrite'> <Ports = 0> <Width = -1> <Depth = -1> <FIFO>
ST_2 : Operation 24 [1/1] (0.00ns)   --->   "%out_0_addr_1 = getelementptr i32 %out_0, i64 0, i64 1" [src/moe.cpp:1033]   --->   Operation 24 'getelementptr' 'out_0_addr_1' <Predicate = true> <Delay = 0.00>
ST_2 : Operation 25 [1/1] (0.54ns)   --->   "%store_ln1033 = store i32 %p_read_14, i3 %out_0_addr_1" [src/moe.cpp:1033]   --->   Operation 25 'store' 'store_ln1033' <Predicate = true> <Delay = 0.54> <CoreInst = "RAM">   --->   Core 83 'RAM' <Latency = 1> <II = 1> <Delay = 0.54> <Storage> <Opcode : 'load' 'store'> <Ports = 2> <Width = 32> <Depth = 5> <RAM>
ST_2 : Operation 26 [1/1] (0.00ns)   --->   "%out_1_addr_1 = getelementptr i32 %out_1, i64 0, i64 1" [src/moe.cpp:1033]   --->   Operation 26 'getelementptr' 'out_1_addr_1' <Predicate = true> <Delay = 0.00>
ST_2 : Operation 27 [1/1] (0.54ns)   --->   "%store_ln1034 = store i32 %p_read_13, i3 %out_1_addr_1" [src/moe.cpp:1034]   --->   Operation 27 'store' 'store_ln1034' <Predicate = true> <Delay = 0.54> <CoreInst = "RAM">   --->   Core 83 'RAM' <Latency = 1> <II = 1> <Delay = 0.54> <Storage> <Opcode : 'load' 'store'> <Ports = 2> <Width = 32> <Depth = 5> <RAM>
ST_2 : Operation 28 [1/1] (0.00ns)   --->   "%out_2_addr_1 = getelementptr i32 %out_2, i64 0, i64 1" [src/moe.cpp:1033]   --->   Operation 28 'getelementptr' 'out_2_addr_1' <Predicate = true> <Delay = 0.00>
ST_2 : Operation 29 [1/1] (0.54ns)   --->   "%store_ln1035 = store i32 %p_read_12, i3 %out_2_addr_1" [src/moe.cpp:1035]   --->   Operation 29 'store' 'store_ln1035' <Predicate = true> <Delay = 0.54> <CoreInst = "RAM">   --->   Core 83 'RAM' <Latency = 1> <II = 1> <Delay = 0.54> <Storage> <Opcode : 'load' 'store'> <Ports = 2> <Width = 32> <Depth = 5> <RAM>
ST_2 : Operation 30 [1/1] (0.00ns)   --->   "%out_3_addr_1 = getelementptr i32 %out_3, i64 0, i64 1" [src/moe.cpp:1033]   --->   Operation 30 'getelementptr' 'out_3_addr_1' <Predicate = true> <Delay = 0.00>
ST_2 : Operation 31 [1/1] (0.54ns)   --->   "%store_ln1036 = store i32 %p_read_11, i3 %out_3_addr_1" [src/moe.cpp:1036]   --->   Operation 31 'store' 'store_ln1036' <Predicate = true> <Delay = 0.54> <CoreInst = "RAM">   --->   Core 83 'RAM' <Latency = 1> <II = 1> <Delay = 0.54> <Storage> <Opcode : 'load' 'store'> <Ports = 2> <Width = 32> <Depth = 5> <RAM>
ST_2 : Operation 32 [1/1] (0.00ns)   --->   "%out_0_addr_2 = getelementptr i32 %out_0, i64 0, i64 2" [src/moe.cpp:1033]   --->   Operation 32 'getelementptr' 'out_0_addr_2' <Predicate = true> <Delay = 0.00>
ST_2 : Operation 33 [1/1] (0.54ns)   --->   "%store_ln1033 = store i32 %p_read_10, i3 %out_0_addr_2" [src/moe.cpp:1033]   --->   Operation 33 'store' 'store_ln1033' <Predicate = true> <Delay = 0.54> <CoreInst = "RAM">   --->   Core 83 'RAM' <Latency = 1> <II = 1> <Delay = 0.54> <Storage> <Opcode : 'load' 'store'> <Ports = 2> <Width = 32> <Depth = 5> <RAM>
ST_2 : Operation 34 [1/1] (0.00ns)   --->   "%out_1_addr_2 = getelementptr i32 %out_1, i64 0, i64 2" [src/moe.cpp:1033]   --->   Operation 34 'getelementptr' 'out_1_addr_2' <Predicate = true> <Delay = 0.00>
ST_2 : Operation 35 [1/1] (0.54ns)   --->   "%store_ln1034 = store i32 %p_read_9, i3 %out_1_addr_2" [src/moe.cpp:1034]   --->   Operation 35 'store' 'store_ln1034' <Predicate = true> <Delay = 0.54> <CoreInst = "RAM">   --->   Core 83 'RAM' <Latency = 1> <II = 1> <Delay = 0.54> <Storage> <Opcode : 'load' 'store'> <Ports = 2> <Width = 32> <Depth = 5> <RAM>
ST_2 : Operation 36 [1/1] (0.00ns)   --->   "%out_2_addr_2 = getelementptr i32 %out_2, i64 0, i64 2" [src/moe.cpp:1033]   --->   Operation 36 'getelementptr' 'out_2_addr_2' <Predicate = true> <Delay = 0.00>
ST_2 : Operation 37 [1/1] (0.54ns)   --->   "%store_ln1035 = store i32 %p_read_8, i3 %out_2_addr_2" [src/moe.cpp:1035]   --->   Operation 37 'store' 'store_ln1035' <Predicate = true> <Delay = 0.54> <CoreInst = "RAM">   --->   Core 83 'RAM' <Latency = 1> <II = 1> <Delay = 0.54> <Storage> <Opcode : 'load' 'store'> <Ports = 2> <Width = 32> <Depth = 5> <RAM>
ST_2 : Operation 38 [1/1] (0.00ns)   --->   "%out_3_addr_2 = getelementptr i32 %out_3, i64 0, i64 2" [src/moe.cpp:1033]   --->   Operation 38 'getelementptr' 'out_3_addr_2' <Predicate = true> <Delay = 0.00>
ST_2 : Operation 39 [1/1] (0.54ns)   --->   "%store_ln1036 = store i32 %p_read_7, i3 %out_3_addr_2" [src/moe.cpp:1036]   --->   Operation 39 'store' 'store_ln1036' <Predicate = true> <Delay = 0.54> <CoreInst = "RAM">   --->   Core 83 'RAM' <Latency = 1> <II = 1> <Delay = 0.54> <Storage> <Opcode : 'load' 'store'> <Ports = 2> <Width = 32> <Depth = 5> <RAM>

State 3 <SV = 2> <Delay = 2.06>
ST_3 : Operation 40 [1/1] (1.52ns)   --->   "%p_read_1 = read i32 @_ssdm_op_Read.ap_auto.float, i32 %p_read19" [src/moe.cpp:1036]   --->   Operation 40 'read' 'p_read_1' <Predicate = true> <Delay = 1.52> <CoreInst = "FIFO_SRL">   --->   Core 81 'FIFO_SRL' <Latency = 0> <II = 1> <Delay = 1.52> <Storage> <Opcode : 'read' 'write' 'nbread' 'nbwrite'> <Ports = 0> <Width = -1> <Depth = -1> <FIFO>
ST_3 : Operation 41 [1/1] (1.52ns)   --->   "%p_read_2 = read i32 @_ssdm_op_Read.ap_auto.float, i32 %p_read18" [src/moe.cpp:1036]   --->   Operation 41 'read' 'p_read_2' <Predicate = true> <Delay = 1.52> <CoreInst = "FIFO_SRL">   --->   Core 81 'FIFO_SRL' <Latency = 0> <II = 1> <Delay = 1.52> <Storage> <Opcode : 'read' 'write' 'nbread' 'nbwrite'> <Ports = 0> <Width = -1> <Depth = -1> <FIFO>
ST_3 : Operation 42 [1/1] (1.52ns)   --->   "%p_read_3 = read i32 @_ssdm_op_Read.ap_auto.float, i32 %p_read17" [src/moe.cpp:1036]   --->   Operation 42 'read' 'p_read_3' <Predicate = true> <Delay = 1.52> <CoreInst = "FIFO_SRL">   --->   Core 81 'FIFO_SRL' <Latency = 0> <II = 1> <Delay = 1.52> <Storage> <Opcode : 'read' 'write' 'nbread' 'nbwrite'> <Ports = 0> <Width = -1> <Depth = -1> <FIFO>
ST_3 : Operation 43 [1/1] (1.52ns)   --->   "%p_read_4 = read i32 @_ssdm_op_Read.ap_auto.float, i32 %p_read16" [src/moe.cpp:1036]   --->   Operation 43 'read' 'p_read_4' <Predicate = true> <Delay = 1.52> <CoreInst = "FIFO_SRL">   --->   Core 81 'FIFO_SRL' <Latency = 0> <II = 1> <Delay = 1.52> <Storage> <Opcode : 'read' 'write' 'nbread' 'nbwrite'> <Ports = 0> <Width = -1> <Depth = -1> <FIFO>
ST_3 : Operation 44 [1/1] (1.52ns)   --->   "%p_read_5 = read i32 @_ssdm_op_Read.ap_auto.float, i32 %p_read15" [src/moe.cpp:1036]   --->   Operation 44 'read' 'p_read_5' <Predicate = true> <Delay = 1.52> <CoreInst = "FIFO_SRL">   --->   Core 81 'FIFO_SRL' <Latency = 0> <II = 1> <Delay = 1.52> <Storage> <Opcode : 'read' 'write' 'nbread' 'nbwrite'> <Ports = 0> <Width = -1> <Depth = -1> <FIFO>
ST_3 : Operation 45 [1/1] (1.52ns)   --->   "%p_read_6 = read i32 @_ssdm_op_Read.ap_auto.float, i32 %p_read14" [src/moe.cpp:1036]   --->   Operation 45 'read' 'p_read_6' <Predicate = true> <Delay = 1.52> <CoreInst = "FIFO_SRL">   --->   Core 81 'FIFO_SRL' <Latency = 0> <II = 1> <Delay = 1.52> <Storage> <Opcode : 'read' 'write' 'nbread' 'nbwrite'> <Ports = 0> <Width = -1> <Depth = -1> <FIFO>
ST_3 : Operation 46 [1/1] (1.52ns)   --->   "%p_read_19 = read i32 @_ssdm_op_Read.ap_auto.float, i32 %p_read1" [src/moe.cpp:1036]   --->   Operation 46 'read' 'p_read_19' <Predicate = true> <Delay = 1.52> <CoreInst = "FIFO_SRL">   --->   Core 81 'FIFO_SRL' <Latency = 0> <II = 1> <Delay = 1.52> <Storage> <Opcode : 'read' 'write' 'nbread' 'nbwrite'> <Ports = 0> <Width = -1> <Depth = -1> <FIFO>
ST_3 : Operation 47 [1/1] (1.52ns)   --->   "%p_read_20 = read i32 @_ssdm_op_Read.ap_auto.float, i32 %p_read" [src/moe.cpp:1036]   --->   Operation 47 'read' 'p_read_20' <Predicate = true> <Delay = 1.52> <CoreInst = "FIFO_SRL">   --->   Core 81 'FIFO_SRL' <Latency = 0> <II = 1> <Delay = 1.52> <Storage> <Opcode : 'read' 'write' 'nbread' 'nbwrite'> <Ports = 0> <Width = -1> <Depth = -1> <FIFO>
ST_3 : Operation 48 [1/1] (0.00ns)   --->   "%out_0_addr_3 = getelementptr i32 %out_0, i64 0, i64 3" [src/moe.cpp:1033]   --->   Operation 48 'getelementptr' 'out_0_addr_3' <Predicate = true> <Delay = 0.00>
ST_3 : Operation 49 [1/1] (0.54ns)   --->   "%store_ln1033 = store i32 %p_read_6, i3 %out_0_addr_3" [src/moe.cpp:1033]   --->   Operation 49 'store' 'store_ln1033' <Predicate = true> <Delay = 0.54> <CoreInst = "RAM">   --->   Core 83 'RAM' <Latency = 1> <II = 1> <Delay = 0.54> <Storage> <Opcode : 'load' 'store'> <Ports = 2> <Width = 32> <Depth = 5> <RAM>
ST_3 : Operation 50 [1/1] (0.00ns)   --->   "%out_1_addr_3 = getelementptr i32 %out_1, i64 0, i64 3" [src/moe.cpp:1033]   --->   Operation 50 'getelementptr' 'out_1_addr_3' <Predicate = true> <Delay = 0.00>
ST_3 : Operation 51 [1/1] (0.54ns)   --->   "%store_ln1034 = store i32 %p_read_5, i3 %out_1_addr_3" [src/moe.cpp:1034]   --->   Operation 51 'store' 'store_ln1034' <Predicate = true> <Delay = 0.54> <CoreInst = "RAM">   --->   Core 83 'RAM' <Latency = 1> <II = 1> <Delay = 0.54> <Storage> <Opcode : 'load' 'store'> <Ports = 2> <Width = 32> <Depth = 5> <RAM>
ST_3 : Operation 52 [1/1] (0.00ns)   --->   "%out_2_addr_3 = getelementptr i32 %out_2, i64 0, i64 3" [src/moe.cpp:1033]   --->   Operation 52 'getelementptr' 'out_2_addr_3' <Predicate = true> <Delay = 0.00>
ST_3 : Operation 53 [1/1] (0.54ns)   --->   "%store_ln1035 = store i32 %p_read_4, i3 %out_2_addr_3" [src/moe.cpp:1035]   --->   Operation 53 'store' 'store_ln1035' <Predicate = true> <Delay = 0.54> <CoreInst = "RAM">   --->   Core 83 'RAM' <Latency = 1> <II = 1> <Delay = 0.54> <Storage> <Opcode : 'load' 'store'> <Ports = 2> <Width = 32> <Depth = 5> <RAM>
ST_3 : Operation 54 [1/1] (0.00ns)   --->   "%out_3_addr_3 = getelementptr i32 %out_3, i64 0, i64 3" [src/moe.cpp:1033]   --->   Operation 54 'getelementptr' 'out_3_addr_3' <Predicate = true> <Delay = 0.00>
ST_3 : Operation 55 [1/1] (0.54ns)   --->   "%store_ln1036 = store i32 %p_read_3, i3 %out_3_addr_3" [src/moe.cpp:1036]   --->   Operation 55 'store' 'store_ln1036' <Predicate = true> <Delay = 0.54> <CoreInst = "RAM">   --->   Core 83 'RAM' <Latency = 1> <II = 1> <Delay = 0.54> <Storage> <Opcode : 'load' 'store'> <Ports = 2> <Width = 32> <Depth = 5> <RAM>
ST_3 : Operation 56 [1/1] (0.00ns)   --->   "%out_0_addr_4 = getelementptr i32 %out_0, i64 0, i64 4" [src/moe.cpp:1033]   --->   Operation 56 'getelementptr' 'out_0_addr_4' <Predicate = true> <Delay = 0.00>
ST_3 : Operation 57 [1/1] (0.54ns)   --->   "%store_ln1033 = store i32 %p_read_2, i3 %out_0_addr_4" [src/moe.cpp:1033]   --->   Operation 57 'store' 'store_ln1033' <Predicate = true> <Delay = 0.54> <CoreInst = "RAM">   --->   Core 83 'RAM' <Latency = 1> <II = 1> <Delay = 0.54> <Storage> <Opcode : 'load' 'store'> <Ports = 2> <Width = 32> <Depth = 5> <RAM>
ST_3 : Operation 58 [1/1] (0.00ns)   --->   "%out_1_addr_4 = getelementptr i32 %out_1, i64 0, i64 4" [src/moe.cpp:1033]   --->   Operation 58 'getelementptr' 'out_1_addr_4' <Predicate = true> <Delay = 0.00>
ST_3 : Operation 59 [1/1] (0.54ns)   --->   "%store_ln1034 = store i32 %p_read_20, i3 %out_1_addr_4" [src/moe.cpp:1034]   --->   Operation 59 'store' 'store_ln1034' <Predicate = true> <Delay = 0.54> <CoreInst = "RAM">   --->   Core 83 'RAM' <Latency = 1> <II = 1> <Delay = 0.54> <Storage> <Opcode : 'load' 'store'> <Ports = 2> <Width = 32> <Depth = 5> <RAM>
ST_3 : Operation 60 [1/1] (0.00ns)   --->   "%out_2_addr_4 = getelementptr i32 %out_2, i64 0, i64 4" [src/moe.cpp:1033]   --->   Operation 60 'getelementptr' 'out_2_addr_4' <Predicate = true> <Delay = 0.00>
ST_3 : Operation 61 [1/1] (0.54ns)   --->   "%store_ln1035 = store i32 %p_read_1, i3 %out_2_addr_4" [src/moe.cpp:1035]   --->   Operation 61 'store' 'store_ln1035' <Predicate = true> <Delay = 0.54> <CoreInst = "RAM">   --->   Core 83 'RAM' <Latency = 1> <II = 1> <Delay = 0.54> <Storage> <Opcode : 'load' 'store'> <Ports = 2> <Width = 32> <Depth = 5> <RAM>
ST_3 : Operation 62 [1/1] (0.00ns)   --->   "%out_3_addr_4 = getelementptr i32 %out_3, i64 0, i64 4" [src/moe.cpp:1033]   --->   Operation 62 'getelementptr' 'out_3_addr_4' <Predicate = true> <Delay = 0.00>
ST_3 : Operation 63 [1/1] (0.54ns)   --->   "%store_ln1036 = store i32 %p_read_19, i3 %out_3_addr_4" [src/moe.cpp:1036]   --->   Operation 63 'store' 'store_ln1036' <Predicate = true> <Delay = 0.54> <CoreInst = "RAM">   --->   Core 83 'RAM' <Latency = 1> <II = 1> <Delay = 0.54> <Storage> <Opcode : 'load' 'store'> <Ports = 2> <Width = 32> <Depth = 5> <RAM>
ST_3 : Operation 64 [1/1] (0.00ns)   --->   "%ret_ln0 = ret"   --->   Operation 64 'ret' 'ret_ln0' <Predicate = true> <Delay = 0.00>


============================================================
+ Verbose Summary: Binding
============================================================
STG Binding: 
---------------- STG Properties BEGIN ----------------
- Is combinational: 0
- Is one-state seq: 0
- Is datapath-only: 0
- Is pipelined: 0
- Is top level: 0
Port [ Return ] is wired: 1; IO mode=ap_ctrl_hs:ce=0
Port [ p_read]:  wired=1; compound=0; hidden=0; nouse=0; global=0; static=0; extern=0; dir=0; type=0; pingpong=0; private_global=0; IO mode=ap_none:ce=0
Port [ p_read1]:  wired=1; compound=0; hidden=0; nouse=0; global=0; static=0; extern=0; dir=0; type=0; pingpong=0; private_global=0; IO mode=ap_none:ce=0
Port [ out_0]:  wired=1; compound=1; hidden=0; nouse=0; global=0; static=0; extern=0; dir=1; type=1; pingpong=0; private_global=0; MemPort=[00]; IO mode=ap_memory:ce=0
Port [ p_read2]:  wired=1; compound=0; hidden=0; nouse=0; global=0; static=0; extern=0; dir=0; type=0; pingpong=0; private_global=0; IO mode=ap_none:ce=0
Port [ out_1]:  wired=1; compound=1; hidden=0; nouse=0; global=0; static=0; extern=0; dir=1; type=1; pingpong=0; private_global=0; MemPort=[00]; IO mode=ap_memory:ce=0
Port [ p_read3]:  wired=1; compound=0; hidden=0; nouse=0; global=0; static=0; extern=0; dir=0; type=0; pingpong=0; private_global=0; IO mode=ap_none:ce=0
Port [ out_2]:  wired=1; compound=1; hidden=0; nouse=0; global=0; static=0; extern=0; dir=1; type=1; pingpong=0; private_global=0; MemPort=[00]; IO mode=ap_memory:ce=0
Port [ p_read4]:  wired=1; compound=0; hidden=0; nouse=0; global=0; static=0; extern=0; dir=0; type=0; pingpong=0; private_global=0; IO mode=ap_none:ce=0
Port [ out_3]:  wired=1; compound=1; hidden=0; nouse=0; global=0; static=0; extern=0; dir=1; type=1; pingpong=0; private_global=0; MemPort=[00]; IO mode=ap_memory:ce=0
Port [ p_read5]:  wired=1; compound=0; hidden=0; nouse=0; global=0; static=0; extern=0; dir=0; type=0; pingpong=0; private_global=0; IO mode=ap_none:ce=0
Port [ p_read6]:  wired=1; compound=0; hidden=0; nouse=0; global=0; static=0; extern=0; dir=0; type=0; pingpong=0; private_global=0; IO mode=ap_none:ce=0
Port [ p_read7]:  wired=1; compound=0; hidden=0; nouse=0; global=0; static=0; extern=0; dir=0; type=0; pingpong=0; private_global=0; IO mode=ap_none:ce=0
Port [ p_read8]:  wired=1; compound=0; hidden=0; nouse=0; global=0; static=0; extern=0; dir=0; type=0; pingpong=0; private_global=0; IO mode=ap_none:ce=0
Port [ p_read9]:  wired=1; compound=0; hidden=0; nouse=0; global=0; static=0; extern=0; dir=0; type=0; pingpong=0; private_global=0; IO mode=ap_none:ce=0
Port [ p_read10]:  wired=1; compound=0; hidden=0; nouse=0; global=0; static=0; extern=0; dir=0; type=0; pingpong=0; private_global=0; IO mode=ap_none:ce=0
Port [ p_read11]:  wired=1; compound=0; hidden=0; nouse=0; global=0; static=0; extern=0; dir=0; type=0; pingpong=0; private_global=0; IO mode=ap_none:ce=0
Port [ p_read12]:  wired=1; compound=0; hidden=0; nouse=0; global=0; static=0; extern=0; dir=0; type=0; pingpong=0; private_global=0; IO mode=ap_none:ce=0
Port [ p_read13]:  wired=1; compound=0; hidden=0; nouse=0; global=0; static=0; extern=0; dir=0; type=0; pingpong=0; private_global=0; IO mode=ap_none:ce=0
Port [ p_read14]:  wired=1; compound=0; hidden=0; nouse=0; global=0; static=0; extern=0; dir=0; type=0; pingpong=0; private_global=0; IO mode=ap_none:ce=0
Port [ p_read15]:  wired=1; compound=0; hidden=0; nouse=0; global=0; static=0; extern=0; dir=0; type=0; pingpong=0; private_global=0; IO mode=ap_none:ce=0
Port [ p_read16]:  wired=1; compound=0; hidden=0; nouse=0; global=0; static=0; extern=0; dir=0; type=0; pingpong=0; private_global=0; IO mode=ap_none:ce=0
Port [ p_read17]:  wired=1; compound=0; hidden=0; nouse=0; global=0; static=0; extern=0; dir=0; type=0; pingpong=0; private_global=0; IO mode=ap_none:ce=0
Port [ p_read18]:  wired=1; compound=0; hidden=0; nouse=0; global=0; static=0; extern=0; dir=0; type=0; pingpong=0; private_global=0; IO mode=ap_none:ce=0
Port [ p_read19]:  wired=1; compound=0; hidden=0; nouse=0; global=0; static=0; extern=0; dir=0; type=0; pingpong=0; private_global=0; IO mode=ap_none:ce=0
---------------- STG Properties END ------------------

---------------- Datapath Model BEGIN ----------------

<LifeTime>
<method=bitvector/>
p_read_15    (read         ) [ 0000]
p_read_16    (read         ) [ 0000]
p_read_17    (read         ) [ 0000]
p_read_18    (read         ) [ 0000]
out_0_addr   (getelementptr) [ 0000]
store_ln1033 (store        ) [ 0000]
out_1_addr   (getelementptr) [ 0000]
store_ln1034 (store        ) [ 0000]
out_2_addr   (getelementptr) [ 0000]
store_ln1035 (store        ) [ 0000]
out_3_addr   (getelementptr) [ 0000]
store_ln1036 (store        ) [ 0000]
p_read_7     (read         ) [ 0000]
p_read_8     (read         ) [ 0000]
p_read_9     (read         ) [ 0000]
p_read_10    (read         ) [ 0000]
p_read_11    (read         ) [ 0000]
p_read_12    (read         ) [ 0000]
p_read_13    (read         ) [ 0000]
p_read_14    (read         ) [ 0000]
out_0_addr_1 (getelementptr) [ 0000]
store_ln1033 (store        ) [ 0000]
out_1_addr_1 (getelementptr) [ 0000]
store_ln1034 (store        ) [ 0000]
out_2_addr_1 (getelementptr) [ 0000]
store_ln1035 (store        ) [ 0000]
out_3_addr_1 (getelementptr) [ 0000]
store_ln1036 (store        ) [ 0000]
out_0_addr_2 (getelementptr) [ 0000]
store_ln1033 (store        ) [ 0000]
out_1_addr_2 (getelementptr) [ 0000]
store_ln1034 (store        ) [ 0000]
out_2_addr_2 (getelementptr) [ 0000]
store_ln1035 (store        ) [ 0000]
out_3_addr_2 (getelementptr) [ 0000]
store_ln1036 (store        ) [ 0000]
p_read_1     (read         ) [ 0000]
p_read_2     (read         ) [ 0000]
p_read_3     (read         ) [ 0000]
p_read_4     (read         ) [ 0000]
p_read_5     (read         ) [ 0000]
p_read_6     (read         ) [ 0000]
p_read_19    (read         ) [ 0000]
p_read_20    (read         ) [ 0000]
out_0_addr_3 (getelementptr) [ 0000]
store_ln1033 (store        ) [ 0000]
out_1_addr_3 (getelementptr) [ 0000]
store_ln1034 (store        ) [ 0000]
out_2_addr_3 (getelementptr) [ 0000]
store_ln1035 (store        ) [ 0000]
out_3_addr_3 (getelementptr) [ 0000]
store_ln1036 (store        ) [ 0000]
out_0_addr_4 (getelementptr) [ 0000]
store_ln1033 (store        ) [ 0000]
out_1_addr_4 (getelementptr) [ 0000]
store_ln1034 (store        ) [ 0000]
out_2_addr_4 (getelementptr) [ 0000]
store_ln1035 (store        ) [ 0000]
out_3_addr_4 (getelementptr) [ 0000]
store_ln1036 (store        ) [ 0000]
ret_ln0      (ret          ) [ 0000]
</LifeTime>

<model>

<comp_list>
<comp id="0" class="1000" name="p_read">
<pin_list>
<pin id="1" dir="1" index="0" bw="1" slack="0"/>
</pin_list>
<bind>
<StgValue><ssdm name="p_read"/></StgValue>
</bind>
</comp>

<comp id="2" class="1000" name="p_read1">
<pin_list>
<pin id="3" dir="1" index="0" bw="1" slack="0"/>
</pin_list>
<bind>
<StgValue><ssdm name="p_read1"/></StgValue>
</bind>
</comp>

<comp id="4" class="1000" name="out_0">
<pin_list>
<pin id="5" dir="1" index="0" bw="1" slack="0"/>
</pin_list>
<bind>
<StgValue><ssdm name="out_0"/><MemPortTyVec>0 0 </MemPortTyVec>
</StgValue>
</bind>
</comp>

<comp id="6" class="1000" name="p_read2">
<pin_list>
<pin id="7" dir="1" index="0" bw="1" slack="0"/>
</pin_list>
<bind>
<StgValue><ssdm name="p_read2"/></StgValue>
</bind>
</comp>

<comp id="8" class="1000" name="out_1">
<pin_list>
<pin id="9" dir="1" index="0" bw="1" slack="0"/>
</pin_list>
<bind>
<StgValue><ssdm name="out_1"/><MemPortTyVec>0 0 </MemPortTyVec>
</StgValue>
</bind>
</comp>

<comp id="10" class="1000" name="p_read3">
<pin_list>
<pin id="11" dir="1" index="0" bw="1" slack="0"/>
</pin_list>
<bind>
<StgValue><ssdm name="p_read3"/></StgValue>
</bind>
</comp>

<comp id="12" class="1000" name="out_2">
<pin_list>
<pin id="13" dir="1" index="0" bw="1" slack="0"/>
</pin_list>
<bind>
<StgValue><ssdm name="out_2"/><MemPortTyVec>0 0 </MemPortTyVec>
</StgValue>
</bind>
</comp>

<comp id="14" class="1000" name="p_read4">
<pin_list>
<pin id="15" dir="1" index="0" bw="1" slack="0"/>
</pin_list>
<bind>
<StgValue><ssdm name="p_read4"/></StgValue>
</bind>
</comp>

<comp id="16" class="1000" name="out_3">
<pin_list>
<pin id="17" dir="1" index="0" bw="1" slack="0"/>
</pin_list>
<bind>
<StgValue><ssdm name="out_3"/><MemPortTyVec>0 0 </MemPortTyVec>
</StgValue>
</bind>
</comp>

<comp id="18" class="1000" name="p_read5">
<pin_list>
<pin id="19" dir="1" index="0" bw="1" slack="0"/>
</pin_list>
<bind>
<StgValue><ssdm name="p_read5"/></StgValue>
</bind>
</comp>

<comp id="20" class="1000" name="p_read6">
<pin_list>
<pin id="21" dir="1" index="0" bw="1" slack="0"/>
</pin_list>
<bind>
<StgValue><ssdm name="p_read6"/></StgValue>
</bind>
</comp>

<comp id="22" class="1000" name="p_read7">
<pin_list>
<pin id="23" dir="1" index="0" bw="1" slack="0"/>
</pin_list>
<bind>
<StgValue><ssdm name="p_read7"/></StgValue>
</bind>
</comp>

<comp id="24" class="1000" name="p_read8">
<pin_list>
<pin id="25" dir="1" index="0" bw="1" slack="0"/>
</pin_list>
<bind>
<StgValue><ssdm name="p_read8"/></StgValue>
</bind>
</comp>

<comp id="26" class="1000" name="p_read9">
<pin_list>
<pin id="27" dir="1" index="0" bw="1" slack="0"/>
</pin_list>
<bind>
<StgValue><ssdm name="p_read9"/></StgValue>
</bind>
</comp>

<comp id="28" class="1000" name="p_read10">
<pin_list>
<pin id="29" dir="1" index="0" bw="1" slack="0"/>
</pin_list>
<bind>
<StgValue><ssdm name="p_read10"/></StgValue>
</bind>
</comp>

<comp id="30" class="1000" name="p_read11">
<pin_list>
<pin id="31" dir="1" index="0" bw="1" slack="0"/>
</pin_list>
<bind>
<StgValue><ssdm name="p_read11"/></StgValue>
</bind>
</comp>

<comp id="32" class="1000" name="p_read12">
<pin_list>
<pin id="33" dir="1" index="0" bw="1" slack="0"/>
</pin_list>
<bind>
<StgValue><ssdm name="p_read12"/></StgValue>
</bind>
</comp>

<comp id="34" class="1000" name="p_read13">
<pin_list>
<pin id="35" dir="1" index="0" bw="1" slack="0"/>
</pin_list>
<bind>
<StgValue><ssdm name="p_read13"/></StgValue>
</bind>
</comp>

<comp id="36" class="1000" name="p_read14">
<pin_list>
<pin id="37" dir="1" index="0" bw="1" slack="0"/>
</pin_list>
<bind>
<StgValue><ssdm name="p_read14"/></StgValue>
</bind>
</comp>

<comp id="38" class="1000" name="p_read15">
<pin_list>
<pin id="39" dir="1" index="0" bw="1" slack="0"/>
</pin_list>
<bind>
<StgValue><ssdm name="p_read15"/></StgValue>
</bind>
</comp>

<comp id="40" class="1000" name="p_read16">
<pin_list>
<pin id="41" dir="1" index="0" bw="1" slack="0"/>
</pin_list>
<bind>
<StgValue><ssdm name="p_read16"/></StgValue>
</bind>
</comp>

<comp id="42" class="1000" name="p_read17">
<pin_list>
<pin id="43" dir="1" index="0" bw="1" slack="0"/>
</pin_list>
<bind>
<StgValue><ssdm name="p_read17"/></StgValue>
</bind>
</comp>

<comp id="44" class="1000" name="p_read18">
<pin_list>
<pin id="45" dir="1" index="0" bw="1" slack="0"/>
</pin_list>
<bind>
<StgValue><ssdm name="p_read18"/></StgValue>
</bind>
</comp>

<comp id="46" class="1000" name="p_read19">
<pin_list>
<pin id="47" dir="1" index="0" bw="1" slack="0"/>
</pin_list>
<bind>
<StgValue><ssdm name="p_read19"/></StgValue>
</bind>
</comp>

<comp id="48" class="1001" name="const_48">
<pin_list>
<pin id="49" dir="1" index="0" bw="1" slack="0"/>
</pin_list>
<bind>
<StgValue><ssdm name="_ssdm_op_Read.ap_auto.float"/></StgValue>
</bind>
</comp>

<comp id="50" class="1001" name="const_50">
<pin_list>
<pin id="51" dir="1" index="0" bw="1" slack="0"/>
</pin_list>
<bind>
<StgValue><ssdm name=""/></StgValue>
</bind>
</comp>

<comp id="52" class="1001" name="const_52">
<pin_list>
<pin id="53" dir="1" index="0" bw="1" slack="0"/>
</pin_list>
<bind>
<StgValue><ssdm name=""/></StgValue>
</bind>
</comp>

<comp id="54" class="1001" name="const_54">
<pin_list>
<pin id="55" dir="1" index="0" bw="1" slack="0"/>
</pin_list>
<bind>
<StgValue><ssdm name=""/></StgValue>
</bind>
</comp>

<comp id="56" class="1001" name="const_56">
<pin_list>
<pin id="57" dir="1" index="0" bw="1" slack="0"/>
</pin_list>
<bind>
<StgValue><ssdm name=""/></StgValue>
</bind>
</comp>

<comp id="58" class="1001" name="const_58">
<pin_list>
<pin id="59" dir="1" index="0" bw="1" slack="0"/>
</pin_list>
<bind>
<StgValue><ssdm name=""/></StgValue>
</bind>
</comp>

<comp id="60" class="1004" name="p_read_15_read_fu_60">
<pin_list>
<pin id="61" dir="0" index="0" bw="32" slack="0"/>
<pin id="62" dir="0" index="1" bw="32" slack="0"/>
<pin id="63" dir="1" index="2" bw="32" slack="0"/>
</pin_list>
<bind>
<opcode="read(1150) " fcode="read"/>
<opset="p_read_15/1 "/>
</bind>
</comp>

<comp id="66" class="1004" name="p_read_16_read_fu_66">
<pin_list>
<pin id="67" dir="0" index="0" bw="32" slack="0"/>
<pin id="68" dir="0" index="1" bw="32" slack="0"/>
<pin id="69" dir="1" index="2" bw="32" slack="0"/>
</pin_list>
<bind>
<opcode="read(1150) " fcode="read"/>
<opset="p_read_16/1 "/>
</bind>
</comp>

<comp id="72" class="1004" name="p_read_17_read_fu_72">
<pin_list>
<pin id="73" dir="0" index="0" bw="32" slack="0"/>
<pin id="74" dir="0" index="1" bw="32" slack="0"/>
<pin id="75" dir="1" index="2" bw="32" slack="0"/>
</pin_list>
<bind>
<opcode="read(1150) " fcode="read"/>
<opset="p_read_17/1 "/>
</bind>
</comp>

<comp id="78" class="1004" name="p_read_18_read_fu_78">
<pin_list>
<pin id="79" dir="0" index="0" bw="32" slack="0"/>
<pin id="80" dir="0" index="1" bw="32" slack="0"/>
<pin id="81" dir="1" index="2" bw="32" slack="0"/>
</pin_list>
<bind>
<opcode="read(1150) " fcode="read"/>
<opset="p_read_18/1 "/>
</bind>
</comp>

<comp id="84" class="1004" name="p_read_7_read_fu_84">
<pin_list>
<pin id="85" dir="0" index="0" bw="32" slack="0"/>
<pin id="86" dir="0" index="1" bw="32" slack="0"/>
<pin id="87" dir="1" index="2" bw="32" slack="0"/>
</pin_list>
<bind>
<opcode="read(1150) " fcode="read"/>
<opset="p_read_7/2 "/>
</bind>
</comp>

<comp id="90" class="1004" name="p_read_8_read_fu_90">
<pin_list>
<pin id="91" dir="0" index="0" bw="32" slack="0"/>
<pin id="92" dir="0" index="1" bw="32" slack="0"/>
<pin id="93" dir="1" index="2" bw="32" slack="0"/>
</pin_list>
<bind>
<opcode="read(1150) " fcode="read"/>
<opset="p_read_8/2 "/>
</bind>
</comp>

<comp id="96" class="1004" name="p_read_9_read_fu_96">
<pin_list>
<pin id="97" dir="0" index="0" bw="32" slack="0"/>
<pin id="98" dir="0" index="1" bw="32" slack="0"/>
<pin id="99" dir="1" index="2" bw="32" slack="0"/>
</pin_list>
<bind>
<opcode="read(1150) " fcode="read"/>
<opset="p_read_9/2 "/>
</bind>
</comp>

<comp id="102" class="1004" name="p_read_10_read_fu_102">
<pin_list>
<pin id="103" dir="0" index="0" bw="32" slack="0"/>
<pin id="104" dir="0" index="1" bw="32" slack="0"/>
<pin id="105" dir="1" index="2" bw="32" slack="0"/>
</pin_list>
<bind>
<opcode="read(1150) " fcode="read"/>
<opset="p_read_10/2 "/>
</bind>
</comp>

<comp id="108" class="1004" name="p_read_11_read_fu_108">
<pin_list>
<pin id="109" dir="0" index="0" bw="32" slack="0"/>
<pin id="110" dir="0" index="1" bw="32" slack="0"/>
<pin id="111" dir="1" index="2" bw="32" slack="0"/>
</pin_list>
<bind>
<opcode="read(1150) " fcode="read"/>
<opset="p_read_11/2 "/>
</bind>
</comp>

<comp id="114" class="1004" name="p_read_12_read_fu_114">
<pin_list>
<pin id="115" dir="0" index="0" bw="32" slack="0"/>
<pin id="116" dir="0" index="1" bw="32" slack="0"/>
<pin id="117" dir="1" index="2" bw="32" slack="0"/>
</pin_list>
<bind>
<opcode="read(1150) " fcode="read"/>
<opset="p_read_12/2 "/>
</bind>
</comp>

<comp id="120" class="1004" name="p_read_13_read_fu_120">
<pin_list>
<pin id="121" dir="0" index="0" bw="32" slack="0"/>
<pin id="122" dir="0" index="1" bw="32" slack="0"/>
<pin id="123" dir="1" index="2" bw="32" slack="0"/>
</pin_list>
<bind>
<opcode="read(1150) " fcode="read"/>
<opset="p_read_13/2 "/>
</bind>
</comp>

<comp id="126" class="1004" name="p_read_14_read_fu_126">
<pin_list>
<pin id="127" dir="0" index="0" bw="32" slack="0"/>
<pin id="128" dir="0" index="1" bw="32" slack="0"/>
<pin id="129" dir="1" index="2" bw="32" slack="0"/>
</pin_list>
<bind>
<opcode="read(1150) " fcode="read"/>
<opset="p_read_14/2 "/>
</bind>
</comp>

<comp id="132" class="1004" name="p_read_1_read_fu_132">
<pin_list>
<pin id="133" dir="0" index="0" bw="32" slack="0"/>
<pin id="134" dir="0" index="1" bw="32" slack="0"/>
<pin id="135" dir="1" index="2" bw="32" slack="0"/>
</pin_list>
<bind>
<opcode="read(1150) " fcode="read"/>
<opset="p_read_1/3 "/>
</bind>
</comp>

<comp id="138" class="1004" name="p_read_2_read_fu_138">
<pin_list>
<pin id="139" dir="0" index="0" bw="32" slack="0"/>
<pin id="140" dir="0" index="1" bw="32" slack="0"/>
<pin id="141" dir="1" index="2" bw="32" slack="0"/>
</pin_list>
<bind>
<opcode="read(1150) " fcode="read"/>
<opset="p_read_2/3 "/>
</bind>
</comp>

<comp id="144" class="1004" name="p_read_3_read_fu_144">
<pin_list>
<pin id="145" dir="0" index="0" bw="32" slack="0"/>
<pin id="146" dir="0" index="1" bw="32" slack="0"/>
<pin id="147" dir="1" index="2" bw="32" slack="0"/>
</pin_list>
<bind>
<opcode="read(1150) " fcode="read"/>
<opset="p_read_3/3 "/>
</bind>
</comp>

<comp id="150" class="1004" name="p_read_4_read_fu_150">
<pin_list>
<pin id="151" dir="0" index="0" bw="32" slack="0"/>
<pin id="152" dir="0" index="1" bw="32" slack="0"/>
<pin id="153" dir="1" index="2" bw="32" slack="0"/>
</pin_list>
<bind>
<opcode="read(1150) " fcode="read"/>
<opset="p_read_4/3 "/>
</bind>
</comp>

<comp id="156" class="1004" name="p_read_5_read_fu_156">
<pin_list>
<pin id="157" dir="0" index="0" bw="32" slack="0"/>
<pin id="158" dir="0" index="1" bw="32" slack="0"/>
<pin id="159" dir="1" index="2" bw="32" slack="0"/>
</pin_list>
<bind>
<opcode="read(1150) " fcode="read"/>
<opset="p_read_5/3 "/>
</bind>
</comp>

<comp id="162" class="1004" name="p_read_6_read_fu_162">
<pin_list>
<pin id="163" dir="0" index="0" bw="32" slack="0"/>
<pin id="164" dir="0" index="1" bw="32" slack="0"/>
<pin id="165" dir="1" index="2" bw="32" slack="0"/>
</pin_list>
<bind>
<opcode="read(1150) " fcode="read"/>
<opset="p_read_6/3 "/>
</bind>
</comp>

<comp id="168" class="1004" name="p_read_19_read_fu_168">
<pin_list>
<pin id="169" dir="0" index="0" bw="32" slack="0"/>
<pin id="170" dir="0" index="1" bw="32" slack="0"/>
<pin id="171" dir="1" index="2" bw="32" slack="0"/>
</pin_list>
<bind>
<opcode="read(1150) " fcode="read"/>
<opset="p_read_19/3 "/>
</bind>
</comp>

<comp id="174" class="1004" name="p_read_20_read_fu_174">
<pin_list>
<pin id="175" dir="0" index="0" bw="32" slack="0"/>
<pin id="176" dir="0" index="1" bw="32" slack="0"/>
<pin id="177" dir="1" index="2" bw="32" slack="0"/>
</pin_list>
<bind>
<opcode="read(1150) " fcode="read"/>
<opset="p_read_20/3 "/>
</bind>
</comp>

<comp id="180" class="1004" name="out_0_addr_gep_fu_180">
<pin_list>
<pin id="181" dir="0" index="0" bw="32" slack="0"/>
<pin id="182" dir="0" index="1" bw="1" slack="0"/>
<pin id="183" dir="0" index="2" bw="1" slack="0"/>
<pin id="184" dir="1" index="3" bw="3" slack="0"/>
</pin_list>
<bind>
<opcode="getelementptr(29) " fcode="getelementptr"/>
<opset="out_0_addr/1 "/>
</bind>
</comp>

<comp id="188" class="1004" name="grp_access_fu_188">
<pin_list>
<pin id="189" dir="0" index="0" bw="3" slack="0"/>
<pin id="190" dir="0" index="1" bw="32" slack="0"/>
<pin id="191" dir="0" index="2" bw="0" slack="0"/>
<pin id="248" dir="0" index="4" bw="3" slack="0"/>
<pin id="249" dir="0" index="5" bw="32" slack="2147483647"/>
<pin id="250" dir="0" index="6" bw="0" slack="2147483647"/>
<pin id="192" dir="1" index="3" bw="32" slack="2147483647"/>
<pin id="251" dir="1" index="7" bw="32" slack="2147483647"/>
</pin_list>
<bind>
<opcode="store(28) " fcode="store"/>
<opset="store_ln1033/1 store_ln1033/2 store_ln1033/2 store_ln1033/3 store_ln1033/3 "/>
</bind>
</comp>

<comp id="195" class="1004" name="out_1_addr_gep_fu_195">
<pin_list>
<pin id="196" dir="0" index="0" bw="32" slack="0"/>
<pin id="197" dir="0" index="1" bw="1" slack="0"/>
<pin id="198" dir="0" index="2" bw="1" slack="0"/>
<pin id="199" dir="1" index="3" bw="3" slack="0"/>
</pin_list>
<bind>
<opcode="getelementptr(29) " fcode="getelementptr"/>
<opset="out_1_addr/1 "/>
</bind>
</comp>

<comp id="203" class="1004" name="grp_access_fu_203">
<pin_list>
<pin id="204" dir="0" index="0" bw="3" slack="0"/>
<pin id="205" dir="0" index="1" bw="32" slack="0"/>
<pin id="206" dir="0" index="2" bw="0" slack="0"/>
<pin id="262" dir="0" index="4" bw="3" slack="0"/>
<pin id="263" dir="0" index="5" bw="32" slack="2147483647"/>
<pin id="264" dir="0" index="6" bw="0" slack="2147483647"/>
<pin id="207" dir="1" index="3" bw="32" slack="2147483647"/>
<pin id="265" dir="1" index="7" bw="32" slack="2147483647"/>
</pin_list>
<bind>
<opcode="store(28) " fcode="store"/>
<opset="store_ln1034/1 store_ln1034/2 store_ln1034/2 store_ln1034/3 store_ln1034/3 "/>
</bind>
</comp>

<comp id="210" class="1004" name="out_2_addr_gep_fu_210">
<pin_list>
<pin id="211" dir="0" index="0" bw="32" slack="0"/>
<pin id="212" dir="0" index="1" bw="1" slack="0"/>
<pin id="213" dir="0" index="2" bw="1" slack="0"/>
<pin id="214" dir="1" index="3" bw="3" slack="0"/>
</pin_list>
<bind>
<opcode="getelementptr(29) " fcode="getelementptr"/>
<opset="out_2_addr/1 "/>
</bind>
</comp>

<comp id="218" class="1004" name="grp_access_fu_218">
<pin_list>
<pin id="219" dir="0" index="0" bw="3" slack="0"/>
<pin id="220" dir="0" index="1" bw="32" slack="0"/>
<pin id="221" dir="0" index="2" bw="0" slack="0"/>
<pin id="276" dir="0" index="4" bw="3" slack="0"/>
<pin id="277" dir="0" index="5" bw="32" slack="2147483647"/>
<pin id="278" dir="0" index="6" bw="0" slack="2147483647"/>
<pin id="222" dir="1" index="3" bw="32" slack="2147483647"/>
<pin id="279" dir="1" index="7" bw="32" slack="2147483647"/>
</pin_list>
<bind>
<opcode="store(28) " fcode="store"/>
<opset="store_ln1035/1 store_ln1035/2 store_ln1035/2 store_ln1035/3 store_ln1035/3 "/>
</bind>
</comp>

<comp id="225" class="1004" name="out_3_addr_gep_fu_225">
<pin_list>
<pin id="226" dir="0" index="0" bw="32" slack="0"/>
<pin id="227" dir="0" index="1" bw="1" slack="0"/>
<pin id="228" dir="0" index="2" bw="1" slack="0"/>
<pin id="229" dir="1" index="3" bw="3" slack="0"/>
</pin_list>
<bind>
<opcode="getelementptr(29) " fcode="getelementptr"/>
<opset="out_3_addr/1 "/>
</bind>
</comp>

<comp id="233" class="1004" name="grp_access_fu_233">
<pin_list>
<pin id="234" dir="0" index="0" bw="3" slack="0"/>
<pin id="235" dir="0" index="1" bw="32" slack="0"/>
<pin id="236" dir="0" index="2" bw="0" slack="0"/>
<pin id="290" dir="0" index="4" bw="3" slack="0"/>
<pin id="291" dir="0" index="5" bw="32" slack="2147483647"/>
<pin id="292" dir="0" index="6" bw="0" slack="2147483647"/>
<pin id="237" dir="1" index="3" bw="32" slack="2147483647"/>
<pin id="293" dir="1" index="7" bw="32" slack="2147483647"/>
</pin_list>
<bind>
<opcode="store(28) " fcode="store"/>
<opset="store_ln1036/1 store_ln1036/2 store_ln1036/2 store_ln1036/3 store_ln1036/3 "/>
</bind>
</comp>

<comp id="240" class="1004" name="out_0_addr_1_gep_fu_240">
<pin_list>
<pin id="241" dir="0" index="0" bw="32" slack="0"/>
<pin id="242" dir="0" index="1" bw="1" slack="0"/>
<pin id="243" dir="0" index="2" bw="1" slack="0"/>
<pin id="244" dir="1" index="3" bw="3" slack="0"/>
</pin_list>
<bind>
<opcode="getelementptr(29) " fcode="getelementptr"/>
<opset="out_0_addr_1/2 "/>
</bind>
</comp>

<comp id="254" class="1004" name="out_1_addr_1_gep_fu_254">
<pin_list>
<pin id="255" dir="0" index="0" bw="32" slack="0"/>
<pin id="256" dir="0" index="1" bw="1" slack="0"/>
<pin id="257" dir="0" index="2" bw="1" slack="0"/>
<pin id="258" dir="1" index="3" bw="3" slack="0"/>
</pin_list>
<bind>
<opcode="getelementptr(29) " fcode="getelementptr"/>
<opset="out_1_addr_1/2 "/>
</bind>
</comp>

<comp id="268" class="1004" name="out_2_addr_1_gep_fu_268">
<pin_list>
<pin id="269" dir="0" index="0" bw="32" slack="0"/>
<pin id="270" dir="0" index="1" bw="1" slack="0"/>
<pin id="271" dir="0" index="2" bw="1" slack="0"/>
<pin id="272" dir="1" index="3" bw="3" slack="0"/>
</pin_list>
<bind>
<opcode="getelementptr(29) " fcode="getelementptr"/>
<opset="out_2_addr_1/2 "/>
</bind>
</comp>

<comp id="282" class="1004" name="out_3_addr_1_gep_fu_282">
<pin_list>
<pin id="283" dir="0" index="0" bw="32" slack="0"/>
<pin id="284" dir="0" index="1" bw="1" slack="0"/>
<pin id="285" dir="0" index="2" bw="1" slack="0"/>
<pin id="286" dir="1" index="3" bw="3" slack="0"/>
</pin_list>
<bind>
<opcode="getelementptr(29) " fcode="getelementptr"/>
<opset="out_3_addr_1/2 "/>
</bind>
</comp>

<comp id="296" class="1004" name="out_0_addr_2_gep_fu_296">
<pin_list>
<pin id="297" dir="0" index="0" bw="32" slack="0"/>
<pin id="298" dir="0" index="1" bw="1" slack="0"/>
<pin id="299" dir="0" index="2" bw="3" slack="0"/>
<pin id="300" dir="1" index="3" bw="3" slack="0"/>
</pin_list>
<bind>
<opcode="getelementptr(29) " fcode="getelementptr"/>
<opset="out_0_addr_2/2 "/>
</bind>
</comp>

<comp id="306" class="1004" name="out_1_addr_2_gep_fu_306">
<pin_list>
<pin id="307" dir="0" index="0" bw="32" slack="0"/>
<pin id="308" dir="0" index="1" bw="1" slack="0"/>
<pin id="309" dir="0" index="2" bw="3" slack="0"/>
<pin id="310" dir="1" index="3" bw="3" slack="0"/>
</pin_list>
<bind>
<opcode="getelementptr(29) " fcode="getelementptr"/>
<opset="out_1_addr_2/2 "/>
</bind>
</comp>

<comp id="316" class="1004" name="out_2_addr_2_gep_fu_316">
<pin_list>
<pin id="317" dir="0" index="0" bw="32" slack="0"/>
<pin id="318" dir="0" index="1" bw="1" slack="0"/>
<pin id="319" dir="0" index="2" bw="3" slack="0"/>
<pin id="320" dir="1" index="3" bw="3" slack="0"/>
</pin_list>
<bind>
<opcode="getelementptr(29) " fcode="getelementptr"/>
<opset="out_2_addr_2/2 "/>
</bind>
</comp>

<comp id="326" class="1004" name="out_3_addr_2_gep_fu_326">
<pin_list>
<pin id="327" dir="0" index="0" bw="32" slack="0"/>
<pin id="328" dir="0" index="1" bw="1" slack="0"/>
<pin id="329" dir="0" index="2" bw="3" slack="0"/>
<pin id="330" dir="1" index="3" bw="3" slack="0"/>
</pin_list>
<bind>
<opcode="getelementptr(29) " fcode="getelementptr"/>
<opset="out_3_addr_2/2 "/>
</bind>
</comp>

<comp id="336" class="1004" name="out_0_addr_3_gep_fu_336">
<pin_list>
<pin id="337" dir="0" index="0" bw="32" slack="0"/>
<pin id="338" dir="0" index="1" bw="1" slack="0"/>
<pin id="339" dir="0" index="2" bw="3" slack="0"/>
<pin id="340" dir="1" index="3" bw="3" slack="0"/>
</pin_list>
<bind>
<opcode="getelementptr(29) " fcode="getelementptr"/>
<opset="out_0_addr_3/3 "/>
</bind>
</comp>

<comp id="346" class="1004" name="out_1_addr_3_gep_fu_346">
<pin_list>
<pin id="347" dir="0" index="0" bw="32" slack="0"/>
<pin id="348" dir="0" index="1" bw="1" slack="0"/>
<pin id="349" dir="0" index="2" bw="3" slack="0"/>
<pin id="350" dir="1" index="3" bw="3" slack="0"/>
</pin_list>
<bind>
<opcode="getelementptr(29) " fcode="getelementptr"/>
<opset="out_1_addr_3/3 "/>
</bind>
</comp>

<comp id="356" class="1004" name="out_2_addr_3_gep_fu_356">
<pin_list>
<pin id="357" dir="0" index="0" bw="32" slack="0"/>
<pin id="358" dir="0" index="1" bw="1" slack="0"/>
<pin id="359" dir="0" index="2" bw="3" slack="0"/>
<pin id="360" dir="1" index="3" bw="3" slack="0"/>
</pin_list>
<bind>
<opcode="getelementptr(29) " fcode="getelementptr"/>
<opset="out_2_addr_3/3 "/>
</bind>
</comp>

<comp id="366" class="1004" name="out_3_addr_3_gep_fu_366">
<pin_list>
<pin id="367" dir="0" index="0" bw="32" slack="0"/>
<pin id="368" dir="0" index="1" bw="1" slack="0"/>
<pin id="369" dir="0" index="2" bw="3" slack="0"/>
<pin id="370" dir="1" index="3" bw="3" slack="0"/>
</pin_list>
<bind>
<opcode="getelementptr(29) " fcode="getelementptr"/>
<opset="out_3_addr_3/3 "/>
</bind>
</comp>

<comp id="376" class="1004" name="out_0_addr_4_gep_fu_376">
<pin_list>
<pin id="377" dir="0" index="0" bw="32" slack="0"/>
<pin id="378" dir="0" index="1" bw="1" slack="0"/>
<pin id="379" dir="0" index="2" bw="4" slack="0"/>
<pin id="380" dir="1" index="3" bw="3" slack="0"/>
</pin_list>
<bind>
<opcode="getelementptr(29) " fcode="getelementptr"/>
<opset="out_0_addr_4/3 "/>
</bind>
</comp>

<comp id="386" class="1004" name="out_1_addr_4_gep_fu_386">
<pin_list>
<pin id="387" dir="0" index="0" bw="32" slack="0"/>
<pin id="388" dir="0" index="1" bw="1" slack="0"/>
<pin id="389" dir="0" index="2" bw="4" slack="0"/>
<pin id="390" dir="1" index="3" bw="3" slack="0"/>
</pin_list>
<bind>
<opcode="getelementptr(29) " fcode="getelementptr"/>
<opset="out_1_addr_4/3 "/>
</bind>
</comp>

<comp id="396" class="1004" name="out_2_addr_4_gep_fu_396">
<pin_list>
<pin id="397" dir="0" index="0" bw="32" slack="0"/>
<pin id="398" dir="0" index="1" bw="1" slack="0"/>
<pin id="399" dir="0" index="2" bw="4" slack="0"/>
<pin id="400" dir="1" index="3" bw="3" slack="0"/>
</pin_list>
<bind>
<opcode="getelementptr(29) " fcode="getelementptr"/>
<opset="out_2_addr_4/3 "/>
</bind>
</comp>

<comp id="406" class="1004" name="out_3_addr_4_gep_fu_406">
<pin_list>
<pin id="407" dir="0" index="0" bw="32" slack="0"/>
<pin id="408" dir="0" index="1" bw="1" slack="0"/>
<pin id="409" dir="0" index="2" bw="4" slack="0"/>
<pin id="410" dir="1" index="3" bw="3" slack="0"/>
</pin_list>
<bind>
<opcode="getelementptr(29) " fcode="getelementptr"/>
<opset="out_3_addr_4/3 "/>
</bind>
</comp>

</comp_list>

<net_list>
<net id="64"><net_src comp="48" pin="0"/><net_sink comp="60" pin=0"/></net>

<net id="65"><net_src comp="18" pin="0"/><net_sink comp="60" pin=1"/></net>

<net id="70"><net_src comp="48" pin="0"/><net_sink comp="66" pin=0"/></net>

<net id="71"><net_src comp="14" pin="0"/><net_sink comp="66" pin=1"/></net>

<net id="76"><net_src comp="48" pin="0"/><net_sink comp="72" pin=0"/></net>

<net id="77"><net_src comp="10" pin="0"/><net_sink comp="72" pin=1"/></net>

<net id="82"><net_src comp="48" pin="0"/><net_sink comp="78" pin=0"/></net>

<net id="83"><net_src comp="6" pin="0"/><net_sink comp="78" pin=1"/></net>

<net id="88"><net_src comp="48" pin="0"/><net_sink comp="84" pin=0"/></net>

<net id="89"><net_src comp="34" pin="0"/><net_sink comp="84" pin=1"/></net>

<net id="94"><net_src comp="48" pin="0"/><net_sink comp="90" pin=0"/></net>

<net id="95"><net_src comp="32" pin="0"/><net_sink comp="90" pin=1"/></net>

<net id="100"><net_src comp="48" pin="0"/><net_sink comp="96" pin=0"/></net>

<net id="101"><net_src comp="30" pin="0"/><net_sink comp="96" pin=1"/></net>

<net id="106"><net_src comp="48" pin="0"/><net_sink comp="102" pin=0"/></net>

<net id="107"><net_src comp="28" pin="0"/><net_sink comp="102" pin=1"/></net>

<net id="112"><net_src comp="48" pin="0"/><net_sink comp="108" pin=0"/></net>

<net id="113"><net_src comp="26" pin="0"/><net_sink comp="108" pin=1"/></net>

<net id="118"><net_src comp="48" pin="0"/><net_sink comp="114" pin=0"/></net>

<net id="119"><net_src comp="24" pin="0"/><net_sink comp="114" pin=1"/></net>

<net id="124"><net_src comp="48" pin="0"/><net_sink comp="120" pin=0"/></net>

<net id="125"><net_src comp="22" pin="0"/><net_sink comp="120" pin=1"/></net>

<net id="130"><net_src comp="48" pin="0"/><net_sink comp="126" pin=0"/></net>

<net id="131"><net_src comp="20" pin="0"/><net_sink comp="126" pin=1"/></net>

<net id="136"><net_src comp="48" pin="0"/><net_sink comp="132" pin=0"/></net>

<net id="137"><net_src comp="46" pin="0"/><net_sink comp="132" pin=1"/></net>

<net id="142"><net_src comp="48" pin="0"/><net_sink comp="138" pin=0"/></net>

<net id="143"><net_src comp="44" pin="0"/><net_sink comp="138" pin=1"/></net>

<net id="148"><net_src comp="48" pin="0"/><net_sink comp="144" pin=0"/></net>

<net id="149"><net_src comp="42" pin="0"/><net_sink comp="144" pin=1"/></net>

<net id="154"><net_src comp="48" pin="0"/><net_sink comp="150" pin=0"/></net>

<net id="155"><net_src comp="40" pin="0"/><net_sink comp="150" pin=1"/></net>

<net id="160"><net_src comp="48" pin="0"/><net_sink comp="156" pin=0"/></net>

<net id="161"><net_src comp="38" pin="0"/><net_sink comp="156" pin=1"/></net>

<net id="166"><net_src comp="48" pin="0"/><net_sink comp="162" pin=0"/></net>

<net id="167"><net_src comp="36" pin="0"/><net_sink comp="162" pin=1"/></net>

<net id="172"><net_src comp="48" pin="0"/><net_sink comp="168" pin=0"/></net>

<net id="173"><net_src comp="2" pin="0"/><net_sink comp="168" pin=1"/></net>

<net id="178"><net_src comp="48" pin="0"/><net_sink comp="174" pin=0"/></net>

<net id="179"><net_src comp="0" pin="0"/><net_sink comp="174" pin=1"/></net>

<net id="185"><net_src comp="4" pin="0"/><net_sink comp="180" pin=0"/></net>

<net id="186"><net_src comp="50" pin="0"/><net_sink comp="180" pin=1"/></net>

<net id="187"><net_src comp="50" pin="0"/><net_sink comp="180" pin=2"/></net>

<net id="193"><net_src comp="78" pin="2"/><net_sink comp="188" pin=1"/></net>

<net id="194"><net_src comp="180" pin="3"/><net_sink comp="188" pin=0"/></net>

<net id="200"><net_src comp="8" pin="0"/><net_sink comp="195" pin=0"/></net>

<net id="201"><net_src comp="50" pin="0"/><net_sink comp="195" pin=1"/></net>

<net id="202"><net_src comp="50" pin="0"/><net_sink comp="195" pin=2"/></net>

<net id="208"><net_src comp="72" pin="2"/><net_sink comp="203" pin=1"/></net>

<net id="209"><net_src comp="195" pin="3"/><net_sink comp="203" pin=0"/></net>

<net id="215"><net_src comp="12" pin="0"/><net_sink comp="210" pin=0"/></net>

<net id="216"><net_src comp="50" pin="0"/><net_sink comp="210" pin=1"/></net>

<net id="217"><net_src comp="50" pin="0"/><net_sink comp="210" pin=2"/></net>

<net id="223"><net_src comp="66" pin="2"/><net_sink comp="218" pin=1"/></net>

<net id="224"><net_src comp="210" pin="3"/><net_sink comp="218" pin=0"/></net>

<net id="230"><net_src comp="16" pin="0"/><net_sink comp="225" pin=0"/></net>

<net id="231"><net_src comp="50" pin="0"/><net_sink comp="225" pin=1"/></net>

<net id="232"><net_src comp="50" pin="0"/><net_sink comp="225" pin=2"/></net>

<net id="238"><net_src comp="60" pin="2"/><net_sink comp="233" pin=1"/></net>

<net id="239"><net_src comp="225" pin="3"/><net_sink comp="233" pin=0"/></net>

<net id="245"><net_src comp="4" pin="0"/><net_sink comp="240" pin=0"/></net>

<net id="246"><net_src comp="50" pin="0"/><net_sink comp="240" pin=1"/></net>

<net id="247"><net_src comp="52" pin="0"/><net_sink comp="240" pin=2"/></net>

<net id="252"><net_src comp="126" pin="2"/><net_sink comp="188" pin=4"/></net>

<net id="253"><net_src comp="240" pin="3"/><net_sink comp="188" pin=2"/></net>

<net id="259"><net_src comp="8" pin="0"/><net_sink comp="254" pin=0"/></net>

<net id="260"><net_src comp="50" pin="0"/><net_sink comp="254" pin=1"/></net>

<net id="261"><net_src comp="52" pin="0"/><net_sink comp="254" pin=2"/></net>

<net id="266"><net_src comp="120" pin="2"/><net_sink comp="203" pin=4"/></net>

<net id="267"><net_src comp="254" pin="3"/><net_sink comp="203" pin=2"/></net>

<net id="273"><net_src comp="12" pin="0"/><net_sink comp="268" pin=0"/></net>

<net id="274"><net_src comp="50" pin="0"/><net_sink comp="268" pin=1"/></net>

<net id="275"><net_src comp="52" pin="0"/><net_sink comp="268" pin=2"/></net>

<net id="280"><net_src comp="114" pin="2"/><net_sink comp="218" pin=4"/></net>

<net id="281"><net_src comp="268" pin="3"/><net_sink comp="218" pin=2"/></net>

<net id="287"><net_src comp="16" pin="0"/><net_sink comp="282" pin=0"/></net>

<net id="288"><net_src comp="50" pin="0"/><net_sink comp="282" pin=1"/></net>

<net id="289"><net_src comp="52" pin="0"/><net_sink comp="282" pin=2"/></net>

<net id="294"><net_src comp="108" pin="2"/><net_sink comp="233" pin=4"/></net>

<net id="295"><net_src comp="282" pin="3"/><net_sink comp="233" pin=2"/></net>

<net id="301"><net_src comp="4" pin="0"/><net_sink comp="296" pin=0"/></net>

<net id="302"><net_src comp="50" pin="0"/><net_sink comp="296" pin=1"/></net>

<net id="303"><net_src comp="54" pin="0"/><net_sink comp="296" pin=2"/></net>

<net id="304"><net_src comp="102" pin="2"/><net_sink comp="188" pin=1"/></net>

<net id="305"><net_src comp="296" pin="3"/><net_sink comp="188" pin=0"/></net>

<net id="311"><net_src comp="8" pin="0"/><net_sink comp="306" pin=0"/></net>

<net id="312"><net_src comp="50" pin="0"/><net_sink comp="306" pin=1"/></net>

<net id="313"><net_src comp="54" pin="0"/><net_sink comp="306" pin=2"/></net>

<net id="314"><net_src comp="96" pin="2"/><net_sink comp="203" pin=1"/></net>

<net id="315"><net_src comp="306" pin="3"/><net_sink comp="203" pin=0"/></net>

<net id="321"><net_src comp="12" pin="0"/><net_sink comp="316" pin=0"/></net>

<net id="322"><net_src comp="50" pin="0"/><net_sink comp="316" pin=1"/></net>

<net id="323"><net_src comp="54" pin="0"/><net_sink comp="316" pin=2"/></net>

<net id="324"><net_src comp="90" pin="2"/><net_sink comp="218" pin=1"/></net>

<net id="325"><net_src comp="316" pin="3"/><net_sink comp="218" pin=0"/></net>

<net id="331"><net_src comp="16" pin="0"/><net_sink comp="326" pin=0"/></net>

<net id="332"><net_src comp="50" pin="0"/><net_sink comp="326" pin=1"/></net>

<net id="333"><net_src comp="54" pin="0"/><net_sink comp="326" pin=2"/></net>

<net id="334"><net_src comp="84" pin="2"/><net_sink comp="233" pin=1"/></net>

<net id="335"><net_src comp="326" pin="3"/><net_sink comp="233" pin=0"/></net>

<net id="341"><net_src comp="4" pin="0"/><net_sink comp="336" pin=0"/></net>

<net id="342"><net_src comp="50" pin="0"/><net_sink comp="336" pin=1"/></net>

<net id="343"><net_src comp="56" pin="0"/><net_sink comp="336" pin=2"/></net>

<net id="344"><net_src comp="162" pin="2"/><net_sink comp="188" pin=1"/></net>

<net id="345"><net_src comp="336" pin="3"/><net_sink comp="188" pin=0"/></net>

<net id="351"><net_src comp="8" pin="0"/><net_sink comp="346" pin=0"/></net>

<net id="352"><net_src comp="50" pin="0"/><net_sink comp="346" pin=1"/></net>

<net id="353"><net_src comp="56" pin="0"/><net_sink comp="346" pin=2"/></net>

<net id="354"><net_src comp="156" pin="2"/><net_sink comp="203" pin=1"/></net>

<net id="355"><net_src comp="346" pin="3"/><net_sink comp="203" pin=0"/></net>

<net id="361"><net_src comp="12" pin="0"/><net_sink comp="356" pin=0"/></net>

<net id="362"><net_src comp="50" pin="0"/><net_sink comp="356" pin=1"/></net>

<net id="363"><net_src comp="56" pin="0"/><net_sink comp="356" pin=2"/></net>

<net id="364"><net_src comp="150" pin="2"/><net_sink comp="218" pin=1"/></net>

<net id="365"><net_src comp="356" pin="3"/><net_sink comp="218" pin=0"/></net>

<net id="371"><net_src comp="16" pin="0"/><net_sink comp="366" pin=0"/></net>

<net id="372"><net_src comp="50" pin="0"/><net_sink comp="366" pin=1"/></net>

<net id="373"><net_src comp="56" pin="0"/><net_sink comp="366" pin=2"/></net>

<net id="374"><net_src comp="144" pin="2"/><net_sink comp="233" pin=1"/></net>

<net id="375"><net_src comp="366" pin="3"/><net_sink comp="233" pin=0"/></net>

<net id="381"><net_src comp="4" pin="0"/><net_sink comp="376" pin=0"/></net>

<net id="382"><net_src comp="50" pin="0"/><net_sink comp="376" pin=1"/></net>

<net id="383"><net_src comp="58" pin="0"/><net_sink comp="376" pin=2"/></net>

<net id="384"><net_src comp="138" pin="2"/><net_sink comp="188" pin=4"/></net>

<net id="385"><net_src comp="376" pin="3"/><net_sink comp="188" pin=2"/></net>

<net id="391"><net_src comp="8" pin="0"/><net_sink comp="386" pin=0"/></net>

<net id="392"><net_src comp="50" pin="0"/><net_sink comp="386" pin=1"/></net>

<net id="393"><net_src comp="58" pin="0"/><net_sink comp="386" pin=2"/></net>

<net id="394"><net_src comp="174" pin="2"/><net_sink comp="203" pin=4"/></net>

<net id="395"><net_src comp="386" pin="3"/><net_sink comp="203" pin=2"/></net>

<net id="401"><net_src comp="12" pin="0"/><net_sink comp="396" pin=0"/></net>

<net id="402"><net_src comp="50" pin="0"/><net_sink comp="396" pin=1"/></net>

<net id="403"><net_src comp="58" pin="0"/><net_sink comp="396" pin=2"/></net>

<net id="404"><net_src comp="132" pin="2"/><net_sink comp="218" pin=4"/></net>

<net id="405"><net_src comp="396" pin="3"/><net_sink comp="218" pin=2"/></net>

<net id="411"><net_src comp="16" pin="0"/><net_sink comp="406" pin=0"/></net>

<net id="412"><net_src comp="50" pin="0"/><net_sink comp="406" pin=1"/></net>

<net id="413"><net_src comp="58" pin="0"/><net_sink comp="406" pin=2"/></net>

<net id="414"><net_src comp="168" pin="2"/><net_sink comp="233" pin=4"/></net>

<net id="415"><net_src comp="406" pin="3"/><net_sink comp="233" pin=2"/></net>

</net_list>

</model> 
---------------- Datapath Model END ------------------

* FSMD analyzer results:
  - Output states:
	Port: out_0 | {1 2 3 }
	Port: out_1 | {1 2 3 }
	Port: out_2 | {1 2 3 }
	Port: out_3 | {1 2 3 }
 - Input state : 
	Port: run_parallel_engines_Block_entry2335_proc : p_read | {3 }
	Port: run_parallel_engines_Block_entry2335_proc : p_read1 | {3 }
	Port: run_parallel_engines_Block_entry2335_proc : out_0 | {}
	Port: run_parallel_engines_Block_entry2335_proc : p_read2 | {1 }
	Port: run_parallel_engines_Block_entry2335_proc : out_1 | {}
	Port: run_parallel_engines_Block_entry2335_proc : p_read3 | {1 }
	Port: run_parallel_engines_Block_entry2335_proc : out_2 | {}
	Port: run_parallel_engines_Block_entry2335_proc : p_read4 | {1 }
	Port: run_parallel_engines_Block_entry2335_proc : out_3 | {}
	Port: run_parallel_engines_Block_entry2335_proc : p_read5 | {1 }
	Port: run_parallel_engines_Block_entry2335_proc : p_read6 | {2 }
	Port: run_parallel_engines_Block_entry2335_proc : p_read7 | {2 }
	Port: run_parallel_engines_Block_entry2335_proc : p_read8 | {2 }
	Port: run_parallel_engines_Block_entry2335_proc : p_read9 | {2 }
	Port: run_parallel_engines_Block_entry2335_proc : p_read10 | {2 }
	Port: run_parallel_engines_Block_entry2335_proc : p_read11 | {2 }
	Port: run_parallel_engines_Block_entry2335_proc : p_read12 | {2 }
	Port: run_parallel_engines_Block_entry2335_proc : p_read13 | {2 }
	Port: run_parallel_engines_Block_entry2335_proc : p_read14 | {3 }
	Port: run_parallel_engines_Block_entry2335_proc : p_read15 | {3 }
	Port: run_parallel_engines_Block_entry2335_proc : p_read16 | {3 }
	Port: run_parallel_engines_Block_entry2335_proc : p_read17 | {3 }
	Port: run_parallel_engines_Block_entry2335_proc : p_read18 | {3 }
	Port: run_parallel_engines_Block_entry2335_proc : p_read19 | {3 }
  - Chain level:
	State 1
		store_ln1033 : 1
		store_ln1034 : 1
		store_ln1035 : 1
		store_ln1036 : 1
	State 2
		store_ln1033 : 1
		store_ln1034 : 1
		store_ln1035 : 1
		store_ln1036 : 1
		store_ln1033 : 1
		store_ln1034 : 1
		store_ln1035 : 1
		store_ln1036 : 1
	State 3
		store_ln1033 : 1
		store_ln1034 : 1
		store_ln1035 : 1
		store_ln1036 : 1
		store_ln1033 : 1
		store_ln1034 : 1
		store_ln1035 : 1
		store_ln1036 : 1


============================================================
+ Verbose Summary: Datapath Resource usage 
============================================================

* Functional unit list:
|----------|-----------------------|
| Operation|    Functional Unit    |
|----------|-----------------------|
|          |  p_read_15_read_fu_60 |
|          |  p_read_16_read_fu_66 |
|          |  p_read_17_read_fu_72 |
|          |  p_read_18_read_fu_78 |
|          |  p_read_7_read_fu_84  |
|          |  p_read_8_read_fu_90  |
|          |  p_read_9_read_fu_96  |
|          | p_read_10_read_fu_102 |
|          | p_read_11_read_fu_108 |
|   read   | p_read_12_read_fu_114 |
|          | p_read_13_read_fu_120 |
|          | p_read_14_read_fu_126 |
|          |  p_read_1_read_fu_132 |
|          |  p_read_2_read_fu_138 |
|          |  p_read_3_read_fu_144 |
|          |  p_read_4_read_fu_150 |
|          |  p_read_5_read_fu_156 |
|          |  p_read_6_read_fu_162 |
|          | p_read_19_read_fu_168 |
|          | p_read_20_read_fu_174 |
|----------|-----------------------|
|   Total  |                       |
|----------|-----------------------|

Memories:
N/A

* Register list:
N/A

* Multiplexer (MUX) list: 
|-------------------|------|------|------|--------||---------||---------|
|        Comp       |  Pin | Size |  BW  | S x BW ||  Delay  ||   LUT   |
|-------------------|------|------|------|--------||---------||---------|
| grp_access_fu_188 |  p0  |   3  |   3  |    9   ||    14   |
| grp_access_fu_188 |  p1  |   3  |  32  |   96   ||    14   |
| grp_access_fu_188 |  p2  |   2  |   0  |    0   ||    9    |
| grp_access_fu_188 |  p4  |   2  |   3  |    6   ||    9    |
| grp_access_fu_203 |  p0  |   3  |   3  |    9   ||    14   |
| grp_access_fu_203 |  p1  |   3  |  32  |   96   ||    14   |
| grp_access_fu_203 |  p2  |   2  |   0  |    0   ||    9    |
| grp_access_fu_203 |  p4  |   2  |   3  |    6   ||    9    |
| grp_access_fu_218 |  p0  |   3  |   3  |    9   ||    14   |
| grp_access_fu_218 |  p1  |   3  |  32  |   96   ||    14   |
| grp_access_fu_218 |  p2  |   2  |   0  |    0   ||    9    |
| grp_access_fu_218 |  p4  |   2  |   3  |    6   ||    9    |
| grp_access_fu_233 |  p0  |   3  |   3  |    9   ||    14   |
| grp_access_fu_233 |  p1  |   3  |  32  |   96   ||    14   |
| grp_access_fu_233 |  p2  |   2  |   0  |    0   ||    9    |
| grp_access_fu_233 |  p4  |   2  |   3  |    6   ||    9    |
|-------------------|------|------|------|--------||---------||---------|
|       Total       |      |      |      |   444  ||  6.024  ||   184   |
|-------------------|------|------|------|--------||---------||---------|



* Summary:
+-----------+--------+--------+
|           |  Delay |   LUT  |
+-----------+--------+--------+
|  Function |    -   |    -   |
|   Memory  |    -   |    -   |
|Multiplexer|    6   |   184  |
|  Register |    -   |    -   |
+-----------+--------+--------+
|   Total   |    6   |   184  |
+-----------+--------+--------+
