

================================================================
== Vitis HLS Report for 'output_moe'
================================================================
* Date:           Sun Sep 13 13:40:27 2026

* Version:        2023.2 (Build 4023990 on Oct 11 2023)
* Project:        HLS_OutputMoE_Run9
* Solution:       solution1 (Vivado IP Flow Target)
* Product family: virtexuplus
* Target device:  xcvu13p_CIV-figd2104-3-e


================================================================
== Performance Estimates
================================================================
+ Timing: 
    * Summary: 
    +--------+----------+----------+------------+
    |  Clock |  Target  | Estimated| Uncertainty|
    +--------+----------+----------+------------+
    |ap_clk  |  10.00 ns|  7.140 ns|     2.70 ns|
    +--------+----------+----------+------------+

+ Latency: 
    * Summary: 
    +---------+---------+----------+----------+-------+-------+---------+
    |  Latency (cycles) |  Latency (absolute) |    Interval   | Pipeline|
    |   min   |   max   |    min   |    max   |  min  |  max  |   Type  |
    +---------+---------+----------+----------+-------+-------+---------+
    |    94675|    94675|  0.947 ms|  0.947 ms|  94676|  94676|       no|
    +---------+---------+----------+----------+-------+-------+---------+

    + Detail: 
        * Instance: 
        N/A

        * Loop: 
        +---------------------+---------+---------+----------+-----------+-----------+------+----------+
        |                     |  Latency (cycles) | Iteration|  Initiation Interval  | Trip |          |
        |      Loop Name      |   min   |   max   |  Latency |  achieved |   target  | Count| Pipelined|
        +---------------------+---------+---------+----------+-----------+-----------+------+----------+
        |- VITIS_LOOP_1075_1  |      544|      544|       136|          -|          -|     4|        no|
        +---------------------+---------+---------+----------+-----------+-----------+------+----------+

============================================================
+ Verbose Summary: Synthesis Manager
============================================================
InlineROM: 1
ExposeGlobal: 0
============================================================
+ Verbose Summary: CDFG Model
============================================================
IsTopModel: 1
ResetActiveHigh: 1
IsCombinational: 0
IsDatapathOnly: 0
HasWiredReturn: 1
HasMFsm: 0
HasVarLatency: 1
IsPipeline: 0
IsRtlPipelined: 0
IsInstanceOverlapped: 0
IsDontTouch: 0
HasImplIP: 0
IsGatedGlobalClock: 0


============================================================
+ Verbose Summary: Schedule
============================================================
* Number of FSM states : 17
* Pipeline : 0
* Dataflow Pipeline: 0

* FSM state transitions: 
1 --> 2 
2 --> 3 5 
3 --> 4 
4 --> 2 
5 --> 6 
6 --> 7 
7 --> 8 
8 --> 9 
9 --> 10 
10 --> 11 
11 --> 12 
12 --> 13 
13 --> 14 
14 --> 15 
15 --> 16 
16 --> 17 
17 --> 

* FSM state operations: 

State 1 <SV = 0> <Delay = 0.36>
ST_1 : Operation 18 [1/1] (0.00ns)   --->   "%e = alloca i32 1" [src/moe.cpp:1075]   --->   Operation 18 'alloca' 'e' <Predicate = true> <Delay = 0.00>
ST_1 : Operation 19 [1/1] (0.00ns)   --->   "%empty = alloca i32 1"   --->   Operation 19 'alloca' 'empty' <Predicate = true> <Delay = 0.00>
ST_1 : Operation 20 [1/1] (0.00ns)   --->   "%mux_case_11 = alloca i32 1"   --->   Operation 20 'alloca' 'mux_case_11' <Predicate = true> <Delay = 0.00>
ST_1 : Operation 21 [1/1] (0.00ns)   --->   "%mux_case_25 = alloca i32 1"   --->   Operation 21 'alloca' 'mux_case_25' <Predicate = true> <Delay = 0.00>
ST_1 : Operation 22 [1/1] (0.00ns)   --->   "%mux_case_310 = alloca i32 1"   --->   Operation 22 'alloca' 'mux_case_310' <Predicate = true> <Delay = 0.00>
ST_1 : Operation 23 [1/1] (0.00ns)   --->   "%mux_case_0518_phi_loc = alloca i64 1"   --->   Operation 23 'alloca' 'mux_case_0518_phi_loc' <Predicate = true> <Delay = 0.00>
ST_1 : Operation 24 [1/1] (0.00ns)   --->   "%mux_case_1721_phi_loc = alloca i64 1"   --->   Operation 24 'alloca' 'mux_case_1721_phi_loc' <Predicate = true> <Delay = 0.00>
ST_1 : Operation 25 [1/1] (0.00ns)   --->   "%mux_case_2824_phi_loc = alloca i64 1"   --->   Operation 25 'alloca' 'mux_case_2824_phi_loc' <Predicate = true> <Delay = 0.00>
ST_1 : Operation 26 [1/1] (0.00ns)   --->   "%mux_case_3927_phi_loc = alloca i64 1"   --->   Operation 26 'alloca' 'mux_case_3927_phi_loc' <Predicate = true> <Delay = 0.00>
ST_1 : Operation 27 [1/1] (0.00ns)   --->   "%exp_sum_loc = alloca i64 1"   --->   Operation 27 'alloca' 'exp_sum_loc' <Predicate = true> <Delay = 0.00>
ST_1 : Operation 28 [1/1] (0.00ns)   --->   "%max_logit_loc = alloca i64 1"   --->   Operation 28 'alloca' 'max_logit_loc' <Predicate = true> <Delay = 0.00>
ST_1 : Operation 29 [1/1] (0.00ns)   --->   "%acc_1_loc = alloca i64 1"   --->   Operation 29 'alloca' 'acc_1_loc' <Predicate = true> <Delay = 0.00>
ST_1 : Operation 30 [1/1] (0.00ns)   --->   "%spectopmodule_ln1055 = spectopmodule void @_ssdm_op_SpecTopModule, void @empty_3" [src/moe.cpp:1055]   --->   Operation 30 'spectopmodule' 'spectopmodule_ln1055' <Predicate = true> <Delay = 0.00>
ST_1 : Operation 31 [1/1] (0.00ns)   --->   "%specinterface_ln1055 = specinterface void @_ssdm_op_SpecInterface, i32 0, void @empty_7, i32 0, i32 0, void @empty_1, i32 0, i32 0, void @empty_1, void @empty_1, void @empty_1, i32 0, i32 0, i32 0, i32 0, void @empty_1, void @empty_1, i32 4294967295, i32 0" [src/moe.cpp:1055]   --->   Operation 31 'specinterface' 'specinterface_ln1055' <Predicate = true> <Delay = 0.00>
ST_1 : Operation 32 [1/1] (0.00ns)   --->   "%specinterface_ln0 = specinterface void @_ssdm_op_SpecInterface, i32 %input_r, void @empty_0, i32 0, i32 0, void @empty_1, i32 4294967295, i32 0, void @empty_1, void @empty_1, void @empty_1, i32 0, i32 0, i32 0, i32 0, void @empty_1, void @empty_1, i32 4294967295, i32 0"   --->   Operation 32 'specinterface' 'specinterface_ln0' <Predicate = true> <Delay = 0.00>
ST_1 : Operation 33 [1/1] (0.00ns)   --->   "%specbitsmap_ln0 = specbitsmap void @_ssdm_op_SpecBitsMap, i32 %input_r"   --->   Operation 33 'specbitsmap' 'specbitsmap_ln0' <Predicate = true> <Delay = 0.00>
ST_1 : Operation 34 [1/1] (0.00ns)   --->   "%specbitsmap_ln0 = specbitsmap void @_ssdm_op_SpecBitsMap, i32 %output_0"   --->   Operation 34 'specbitsmap' 'specbitsmap_ln0' <Predicate = true> <Delay = 0.00>
ST_1 : Operation 35 [1/1] (0.00ns)   --->   "%specinterface_ln0 = specinterface void @_ssdm_op_SpecInterface, i32 %output_0, void @empty_11, i32 0, i32 0, void @empty_1, i32 0, i32 0, void @empty_1, void @empty_1, void @empty_1, i32 0, i32 0, i32 0, i32 0, void @empty_1, void @empty_1, i32 4294967295, i32 0"   --->   Operation 35 'specinterface' 'specinterface_ln0' <Predicate = true> <Delay = 0.00>
ST_1 : Operation 36 [1/1] (0.00ns)   --->   "%specbitsmap_ln0 = specbitsmap void @_ssdm_op_SpecBitsMap, i32 %output_1"   --->   Operation 36 'specbitsmap' 'specbitsmap_ln0' <Predicate = true> <Delay = 0.00>
ST_1 : Operation 37 [1/1] (0.00ns)   --->   "%specinterface_ln0 = specinterface void @_ssdm_op_SpecInterface, i32 %output_1, void @empty_11, i32 0, i32 0, void @empty_1, i32 0, i32 0, void @empty_1, void @empty_1, void @empty_1, i32 0, i32 0, i32 0, i32 0, void @empty_1, void @empty_1, i32 4294967295, i32 0"   --->   Operation 37 'specinterface' 'specinterface_ln0' <Predicate = true> <Delay = 0.00>
ST_1 : Operation 38 [1/1] (0.00ns)   --->   "%specbitsmap_ln0 = specbitsmap void @_ssdm_op_SpecBitsMap, i32 %output_2"   --->   Operation 38 'specbitsmap' 'specbitsmap_ln0' <Predicate = true> <Delay = 0.00>
ST_1 : Operation 39 [1/1] (0.00ns)   --->   "%specinterface_ln0 = specinterface void @_ssdm_op_SpecInterface, i32 %output_2, void @empty_11, i32 0, i32 0, void @empty_1, i32 0, i32 0, void @empty_1, void @empty_1, void @empty_1, i32 0, i32 0, i32 0, i32 0, void @empty_1, void @empty_1, i32 4294967295, i32 0"   --->   Operation 39 'specinterface' 'specinterface_ln0' <Predicate = true> <Delay = 0.00>
ST_1 : Operation 40 [1/1] (0.00ns)   --->   "%specbitsmap_ln0 = specbitsmap void @_ssdm_op_SpecBitsMap, i32 %output_3"   --->   Operation 40 'specbitsmap' 'specbitsmap_ln0' <Predicate = true> <Delay = 0.00>
ST_1 : Operation 41 [1/1] (0.00ns)   --->   "%specinterface_ln0 = specinterface void @_ssdm_op_SpecInterface, i32 %output_3, void @empty_11, i32 0, i32 0, void @empty_1, i32 0, i32 0, void @empty_1, void @empty_1, void @empty_1, i32 0, i32 0, i32 0, i32 0, void @empty_1, void @empty_1, i32 4294967295, i32 0"   --->   Operation 41 'specinterface' 'specinterface_ln0' <Predicate = true> <Delay = 0.00>
ST_1 : Operation 42 [1/1] (0.00ns)   --->   "%specbitsmap_ln0 = specbitsmap void @_ssdm_op_SpecBitsMap, i32 %output_4"   --->   Operation 42 'specbitsmap' 'specbitsmap_ln0' <Predicate = true> <Delay = 0.00>
ST_1 : Operation 43 [1/1] (0.00ns)   --->   "%specinterface_ln0 = specinterface void @_ssdm_op_SpecInterface, i32 %output_4, void @empty_11, i32 0, i32 0, void @empty_1, i32 0, i32 0, void @empty_1, void @empty_1, void @empty_1, i32 0, i32 0, i32 0, i32 0, void @empty_1, void @empty_1, i32 4294967295, i32 0"   --->   Operation 43 'specinterface' 'specinterface_ln0' <Predicate = true> <Delay = 0.00>
ST_1 : Operation 44 [1/1] (0.00ns)   --->   "%specbitsmap_ln0 = specbitsmap void @_ssdm_op_SpecBitsMap, i32 %gates_0"   --->   Operation 44 'specbitsmap' 'specbitsmap_ln0' <Predicate = true> <Delay = 0.00>
ST_1 : Operation 45 [1/1] (0.00ns)   --->   "%specinterface_ln0 = specinterface void @_ssdm_op_SpecInterface, i32 %gates_0, void @empty_11, i32 0, i32 0, void @empty_1, i32 0, i32 0, void @empty_1, void @empty_1, void @empty_1, i32 0, i32 0, i32 0, i32 0, void @empty_1, void @empty_1, i32 4294967295, i32 0"   --->   Operation 45 'specinterface' 'specinterface_ln0' <Predicate = true> <Delay = 0.00>
ST_1 : Operation 46 [1/1] (0.00ns)   --->   "%specbitsmap_ln0 = specbitsmap void @_ssdm_op_SpecBitsMap, i32 %gates_1"   --->   Operation 46 'specbitsmap' 'specbitsmap_ln0' <Predicate = true> <Delay = 0.00>
ST_1 : Operation 47 [1/1] (0.00ns)   --->   "%specinterface_ln0 = specinterface void @_ssdm_op_SpecInterface, i32 %gates_1, void @empty_11, i32 0, i32 0, void @empty_1, i32 0, i32 0, void @empty_1, void @empty_1, void @empty_1, i32 0, i32 0, i32 0, i32 0, void @empty_1, void @empty_1, i32 4294967295, i32 0"   --->   Operation 47 'specinterface' 'specinterface_ln0' <Predicate = true> <Delay = 0.00>
ST_1 : Operation 48 [1/1] (0.00ns)   --->   "%specbitsmap_ln0 = specbitsmap void @_ssdm_op_SpecBitsMap, i32 %gates_2"   --->   Operation 48 'specbitsmap' 'specbitsmap_ln0' <Predicate = true> <Delay = 0.00>
ST_1 : Operation 49 [1/1] (0.00ns)   --->   "%specinterface_ln0 = specinterface void @_ssdm_op_SpecInterface, i32 %gates_2, void @empty_11, i32 0, i32 0, void @empty_1, i32 0, i32 0, void @empty_1, void @empty_1, void @empty_1, i32 0, i32 0, i32 0, i32 0, void @empty_1, void @empty_1, i32 4294967295, i32 0"   --->   Operation 49 'specinterface' 'specinterface_ln0' <Predicate = true> <Delay = 0.00>
ST_1 : Operation 50 [1/1] (0.00ns)   --->   "%specbitsmap_ln0 = specbitsmap void @_ssdm_op_SpecBitsMap, i32 %gates_3"   --->   Operation 50 'specbitsmap' 'specbitsmap_ln0' <Predicate = true> <Delay = 0.00>
ST_1 : Operation 51 [1/1] (0.00ns)   --->   "%specinterface_ln0 = specinterface void @_ssdm_op_SpecInterface, i32 %gates_3, void @empty_11, i32 0, i32 0, void @empty_1, i32 0, i32 0, void @empty_1, void @empty_1, void @empty_1, i32 0, i32 0, i32 0, i32 0, void @empty_1, void @empty_1, i32 4294967295, i32 0"   --->   Operation 51 'specinterface' 'specinterface_ln0' <Predicate = true> <Delay = 0.00>
ST_1 : Operation 52 [1/1] (0.00ns)   --->   "%expert_output = alloca i64 1" [src/moe.cpp:1065]   --->   Operation 52 'alloca' 'expert_output' <Predicate = true> <Delay = 0.00>
ST_1 : Operation 53 [1/1] (0.00ns)   --->   "%expert_output_1 = alloca i64 1" [src/moe.cpp:1065]   --->   Operation 53 'alloca' 'expert_output_1' <Predicate = true> <Delay = 0.00>
ST_1 : Operation 54 [1/1] (0.00ns)   --->   "%expert_output_2 = alloca i64 1" [src/moe.cpp:1065]   --->   Operation 54 'alloca' 'expert_output_2' <Predicate = true> <Delay = 0.00>
ST_1 : Operation 55 [1/1] (0.00ns)   --->   "%expert_output_3 = alloca i64 1" [src/moe.cpp:1065]   --->   Operation 55 'alloca' 'expert_output_3' <Predicate = true> <Delay = 0.00>
ST_1 : Operation 56 [1/1] (0.36ns)   --->   "%store_ln1075 = store i3 0, i3 %e" [src/moe.cpp:1075]   --->   Operation 56 'store' 'store_ln1075' <Predicate = true> <Delay = 0.36>
ST_1 : Operation 57 [1/1] (0.00ns)   --->   "%br_ln1075 = br void %VITIS_LOOP_1079_2" [src/moe.cpp:1075]   --->   Operation 57 'br' 'br_ln1075' <Predicate = true> <Delay = 0.00>

State 2 <SV = 1> <Delay = 2.29>
ST_2 : Operation 58 [1/1] (0.00ns)   --->   "%e_3 = load i3 %e" [src/moe.cpp:1075]   --->   Operation 58 'load' 'e_3' <Predicate = true> <Delay = 0.00>
ST_2 : Operation 59 [1/1] (0.00ns)   --->   "%trunc_ln1075 = trunc i3 %e_3" [src/moe.cpp:1075]   --->   Operation 59 'trunc' 'trunc_ln1075' <Predicate = true> <Delay = 0.00>
ST_2 : Operation 60 [1/1] (0.52ns)   --->   "%icmp_ln1075 = icmp_eq  i3 %e_3, i3 4" [src/moe.cpp:1075]   --->   Operation 60 'icmp' 'icmp_ln1075' <Predicate = true> <Delay = 0.52> <CoreInst = "Cmp">   --->   Core 9 'Cmp' <Latency = 0> <II = 1> <Delay = 0.52> <FuncUnit> <Opcode : 'icmp'> <InPorts = 2> <OutPorts = 1>
ST_2 : Operation 61 [1/1] (0.52ns)   --->   "%add_ln1075 = add i3 %e_3, i3 1" [src/moe.cpp:1075]   --->   Operation 61 'add' 'add_ln1075' <Predicate = true> <Delay = 0.52> <CoreInst = "Adder">   --->   Core 1 'Adder' <Latency = 0> <II = 1> <Delay = 0.52> <FuncUnit> <Opcode : 'add' 'sub'> <InPorts = 2> <OutPorts = 1>
ST_2 : Operation 62 [1/1] (0.00ns)   --->   "%br_ln1075 = br i1 %icmp_ln1075, void %VITIS_LOOP_1079_2.split, void %for.body21.preheader" [src/moe.cpp:1075]   --->   Operation 62 'br' 'br_ln1075' <Predicate = true> <Delay = 0.00>
ST_2 : Operation 63 [1/1] (0.00ns)   --->   "%tmp_6 = bitconcatenate i9 @_ssdm_op_BitConcatenate.i9.i2.i7, i2 %trunc_ln1075, i7 0" [src/moe.cpp:1080]   --->   Operation 63 'bitconcatenate' 'tmp_6' <Predicate = (!icmp_ln1075)> <Delay = 0.00>
ST_2 : Operation 64 [1/1] (0.40ns)   --->   "%icmp_ln9 = icmp_eq  i2 %trunc_ln1075, i2 0" [aesl_mux_load.4floatP0A.i2:9->src/moe.cpp:1077]   --->   Operation 64 'icmp' 'icmp_ln9' <Predicate = (!icmp_ln1075)> <Delay = 0.40> <CoreInst = "Cmp">   --->   Core 9 'Cmp' <Latency = 0> <II = 1> <Delay = 0.40> <FuncUnit> <Opcode : 'icmp'> <InPorts = 2> <OutPorts = 1>
ST_2 : Operation 65 [1/1] (0.00ns) (grouped into LUT with out node acc)   --->   "%select_ln9 = select i1 %icmp_ln9, i32 -0.0820934, i32 -0.00914329" [aesl_mux_load.4floatP0A.i2:9->src/moe.cpp:1077]   --->   Operation 65 'select' 'select_ln9' <Predicate = (!icmp_ln1075)> <Delay = 0.00> <CoreInst = "Sel">   --->   Core 73 'Sel' <Latency = 0> <II = 1> <Delay = 0.21> <FuncUnit> <Opcode : 'select'> <InPorts = 3> <OutPorts = 1>
ST_2 : Operation 66 [1/1] (0.40ns)   --->   "%icmp_ln9_1 = icmp_eq  i2 %trunc_ln1075, i2 1" [aesl_mux_load.4floatP0A.i2:9->src/moe.cpp:1077]   --->   Operation 66 'icmp' 'icmp_ln9_1' <Predicate = (!icmp_ln1075)> <Delay = 0.40> <CoreInst = "Cmp">   --->   Core 9 'Cmp' <Latency = 0> <II = 1> <Delay = 0.40> <FuncUnit> <Opcode : 'icmp'> <InPorts = 2> <OutPorts = 1>
ST_2 : Operation 67 [1/1] (0.40ns)   --->   "%icmp_ln9_2 = icmp_eq  i2 %trunc_ln1075, i2 2" [aesl_mux_load.4floatP0A.i2:9->src/moe.cpp:1077]   --->   Operation 67 'icmp' 'icmp_ln9_2' <Predicate = (!icmp_ln1075)> <Delay = 0.40> <CoreInst = "Cmp">   --->   Core 9 'Cmp' <Latency = 0> <II = 1> <Delay = 0.40> <FuncUnit> <Opcode : 'icmp'> <InPorts = 2> <OutPorts = 1>
ST_2 : Operation 68 [1/1] (0.00ns) (grouped into LUT with out node acc)   --->   "%select_ln9_1_i = select i1 %icmp_ln9_2, i32 -0.0524955, i32 -0.049296" [aesl_mux_load.4floatP0A.i2:9->src/moe.cpp:1077]   --->   Operation 68 'select' 'select_ln9_1_i' <Predicate = (!icmp_ln1075)> <Delay = 0.00> <CoreInst = "Sel">   --->   Core 73 'Sel' <Latency = 0> <II = 1> <Delay = 0.21> <FuncUnit> <Opcode : 'select'> <InPorts = 3> <OutPorts = 1>
ST_2 : Operation 69 [1/1] (0.00ns) (grouped into LUT with out node acc)   --->   "%empty_20 = or i1 %icmp_ln9_2, i1 %icmp_ln9_1" [aesl_mux_load.4floatP0A.i2:9->src/moe.cpp:1077]   --->   Operation 69 'or' 'empty_20' <Predicate = (!icmp_ln1075)> <Delay = 0.00> <CoreInst = "LogicGate">   --->   Core 74 'LogicGate' <Latency = 0> <II = 1> <Delay = 0.11> <FuncUnit> <Opcode : 'and' 'or' 'xor'> <InPorts = 2> <OutPorts = 1>
ST_2 : Operation 70 [1/1] (0.21ns) (out node of the LUT)   --->   "%acc = select i1 %empty_20, i32 %select_ln9_1_i, i32 %select_ln9" [aesl_mux_load.4floatP0A.i2:9->src/moe.cpp:1077]   --->   Operation 70 'select' 'acc' <Predicate = (!icmp_ln1075)> <Delay = 0.21> <CoreInst = "Sel">   --->   Core 73 'Sel' <Latency = 0> <II = 1> <Delay = 0.21> <FuncUnit> <Opcode : 'select'> <InPorts = 3> <OutPorts = 1>
ST_2 : Operation 71 [2/2] (1.68ns)   --->   "%call_ln9 = call void @output_moe_Pipeline_VITIS_LOOP_1079_2, i32 %acc, i9 %tmp_6, i32 %input_r, i32 %acc_1_loc, i32 %gate_weight" [aesl_mux_load.4floatP0A.i2:9->src/moe.cpp:1077]   --->   Operation 71 'call' 'call_ln9' <Predicate = (!icmp_ln1075)> <Delay = 1.68> <CoreType = "Generic">   --->   Core 0 '' <Latency = 0> <II = 1> <Delay = 1.00> <Generic> <Opcode : >
ST_2 : Operation 72 [1/1] (0.00ns)   --->   "%p_load = load i32 %empty"   --->   Operation 72 'load' 'p_load' <Predicate = (icmp_ln1075)> <Delay = 0.00>
ST_2 : Operation 73 [1/1] (0.00ns)   --->   "%mux_case_11_load = load i32 %mux_case_11"   --->   Operation 73 'load' 'mux_case_11_load' <Predicate = (icmp_ln1075)> <Delay = 0.00>
ST_2 : Operation 74 [1/1] (0.00ns)   --->   "%mux_case_25_load = load i32 %mux_case_25"   --->   Operation 74 'load' 'mux_case_25_load' <Predicate = (icmp_ln1075)> <Delay = 0.00>
ST_2 : Operation 75 [1/1] (0.00ns)   --->   "%mux_case_310_load = load i32 %mux_case_310"   --->   Operation 75 'load' 'mux_case_310_load' <Predicate = (icmp_ln1075)> <Delay = 0.00>
ST_2 : Operation 76 [2/2] (0.39ns)   --->   "%call_ln0 = call void @output_moe_Pipeline_VITIS_LOOP_1092_3, i32 %p_load, i32 %mux_case_11_load, i32 %mux_case_25_load, i32 %mux_case_310_load, i32 %max_logit_loc"   --->   Operation 76 'call' 'call_ln0' <Predicate = (icmp_ln1075)> <Delay = 0.39> <CoreType = "Generic">   --->   Core 0 '' <Latency = 0> <II = 1> <Delay = 1.00> <Generic> <Opcode : >
ST_2 : Operation 77 [2/2] (0.00ns)   --->   "%call_ln1116 = call void @expert_engine, i32 %input_r, i32 %expert_output, i32 %expert_output_1, i32 %expert_output_2, i32 %expert_output_3, i32 %e0_perf_w0, i32 %e0_perf_b0, i32 %p_ZL10e0_perf_w1_0, i32 %p_ZL10e0_perf_w1_1, i32 %p_ZL10e0_perf_w1_2, i32 %p_ZL10e0_perf_w1_3, i32 %p_ZL10e0_perf_w1_4, i32 %p_ZL10e0_perf_w1_5, i32 %p_ZL10e0_perf_w1_6, i32 %p_ZL10e0_perf_w1_7, i32 %p_ZL10e0_perf_w1_8, i32 %p_ZL10e0_perf_w1_9, i32 %p_ZL10e0_perf_w1_10, i32 %p_ZL10e0_perf_w1_11, i32 %p_ZL10e0_perf_w1_12, i32 %p_ZL10e0_perf_w1_13, i32 %p_ZL10e0_perf_w1_14, i32 %p_ZL10e0_perf_w1_15, i32 %p_ZL10e0_perf_w1_16, i32 %p_ZL10e0_perf_w1_17, i32 %p_ZL10e0_perf_w1_18, i32 %p_ZL10e0_perf_w1_19, i32 %p_ZL10e0_perf_w1_20, i32 %p_ZL10e0_perf_w1_21, i32 %p_ZL10e0_perf_w1_22, i32 %p_ZL10e0_perf_w1_23, i32 %p_ZL10e0_perf_w1_24, i32 %p_ZL10e0_perf_w1_25, i32 %p_ZL10e0_perf_w1_26, i32 %p_ZL10e0_perf_w1_27, i32 %p_ZL10e0_perf_w1_28, i32 %p_ZL10e0_perf_w1_29, i32 %p_ZL10e0_perf_w1_30, i32 %p_ZL10e0_perf_w1_31, i32 %e0_perf_b1, i32 %p_ZL10e0_perf_w2_0, i32 %p_ZL10e0_perf_w2_1, i32 %p_ZL10e0_perf_w2_2, i32 %p_ZL10e0_perf_w2_3, i32 %p_ZL10e0_perf_w2_4, i32 %p_ZL10e0_perf_w2_5, i32 %p_ZL10e0_perf_w2_6, i32 %p_ZL10e0_perf_w2_7, i32 %p_ZL10e0_perf_w2_8, i32 %p_ZL10e0_perf_w2_9, i32 %p_ZL10e0_perf_w2_10, i32 %p_ZL10e0_perf_w2_11, i32 %p_ZL10e0_perf_w2_12, i32 %p_ZL10e0_perf_w2_13, i32 %p_ZL10e0_perf_w2_14, i32 %p_ZL10e0_perf_w2_15, i32 %e0_perf_b2, i32 %e0_perf_w3_0, i32 %e0_lut_w0, i32 %e0_lut_b0, i32 %p_ZL9e0_lut_w1_0, i32 %p_ZL9e0_lut_w1_1, i32 %p_ZL9e0_lut_w1_2, i32 %p_ZL9e0_lut_w1_3, i32 %p_ZL9e0_lut_w1_4, i32 %p_ZL9e0_lut_w1_5, i32 %p_ZL9e0_lut_w1_6, i32 %p_ZL9e0_lut_w1_7, i32 %p_ZL9e0_lut_w1_8, i32 %p_ZL9e0_lut_w1_9, i32 %p_ZL9e0_lut_w1_10, i32 %p_ZL9e0_lut_w1_11, i32 %p_ZL9e0_lut_w1_12, i32 %p_ZL9e0_lut_w1_13, i32 %p_ZL9e0_lut_w1_14, i32 %p_ZL9e0_lut_w1_15, i32 %p_ZL9e0_lut_w1_16, i32 %p_ZL9e0_lut_w1_17, i32 %p_ZL9e0_lut_w1_18, i32 %p_ZL9e0_lut_w1_19, i32 %p_ZL9e0_lut_w1_20, i32 %p_ZL9e0_lut_w1_21, i32 %p_ZL9e0_lut_w1_22, i32 %p_ZL9e0_lut_w1_23, i32 %p_ZL9e0_lut_w1_24, i32 %p_ZL9e0_lut_w1_25, i32 %p_ZL9e0_lut_w1_26, i32 %p_ZL9e0_lut_w1_27, i32 %p_ZL9e0_lut_w1_28, i32 %p_ZL9e0_lut_w1_29, i32 %p_ZL9e0_lut_w1_30, i32 %p_ZL9e0_lut_w1_31, i32 %e0_lut_b1, i32 %p_ZL9e0_lut_w2_0, i32 %p_ZL9e0_lut_w2_1, i32 %p_ZL9e0_lut_w2_2, i32 %p_ZL9e0_lut_w2_3, i32 %p_ZL9e0_lut_w2_4, i32 %p_ZL9e0_lut_w2_5, i32 %p_ZL9e0_lut_w2_6, i32 %p_ZL9e0_lut_w2_7, i32 %p_ZL9e0_lut_w2_8, i32 %p_ZL9e0_lut_w2_9, i32 %p_ZL9e0_lut_w2_10, i32 %p_ZL9e0_lut_w2_11, i32 %p_ZL9e0_lut_w2_12, i32 %p_ZL9e0_lut_w2_13, i32 %p_ZL9e0_lut_w2_14, i32 %p_ZL9e0_lut_w2_15, i32 %e0_lut_b2, i32 %e0_lut_w3_0, i32 %e0_ff_w0, i32 %e0_ff_b0, i32 %p_ZL8e0_ff_w1_0, i32 %p_ZL8e0_ff_w1_1, i32 %p_ZL8e0_ff_w1_2, i32 %p_ZL8e0_ff_w1_3, i32 %p_ZL8e0_ff_w1_4, i32 %p_ZL8e0_ff_w1_5, i32 %p_ZL8e0_ff_w1_6, i32 %p_ZL8e0_ff_w1_7, i32 %p_ZL8e0_ff_w1_8, i32 %p_ZL8e0_ff_w1_9, i32 %p_ZL8e0_ff_w1_10, i32 %p_ZL8e0_ff_w1_11, i32 %p_ZL8e0_ff_w1_12, i32 %p_ZL8e0_ff_w1_13, i32 %p_ZL8e0_ff_w1_14, i32 %p_ZL8e0_ff_w1_15, i32 %p_ZL8e0_ff_w1_16, i32 %p_ZL8e0_ff_w1_17, i32 %p_ZL8e0_ff_w1_18, i32 %p_ZL8e0_ff_w1_19, i32 %p_ZL8e0_ff_w1_20, i32 %p_ZL8e0_ff_w1_21, i32 %p_ZL8e0_ff_w1_22, i32 %p_ZL8e0_ff_w1_23, i32 %p_ZL8e0_ff_w1_24, i32 %p_ZL8e0_ff_w1_25, i32 %p_ZL8e0_ff_w1_26, i32 %p_ZL8e0_ff_w1_27, i32 %p_ZL8e0_ff_w1_28, i32 %p_ZL8e0_ff_w1_29, i32 %p_ZL8e0_ff_w1_30, i32 %p_ZL8e0_ff_w1_31, i32 %e0_ff_b1, i32 %p_ZL8e0_ff_w2_0, i32 %p_ZL8e0_ff_w2_1, i32 %p_ZL8e0_ff_w2_2, i32 %p_ZL8e0_ff_w2_3, i32 %p_ZL8e0_ff_w2_4, i32 %p_ZL8e0_ff_w2_5, i32 %p_ZL8e0_ff_w2_6, i32 %p_ZL8e0_ff_w2_7, i32 %p_ZL8e0_ff_w2_8, i32 %p_ZL8e0_ff_w2_9, i32 %p_ZL8e0_ff_w2_10, i32 %p_ZL8e0_ff_w2_11, i32 %p_ZL8e0_ff_w2_12, i32 %p_ZL8e0_ff_w2_13, i32 %p_ZL8e0_ff_w2_14, i32 %p_ZL8e0_ff_w2_15, i32 %e0_ff_b2, i32 %e0_ff_w3_0, i32 %e0_dsp_w0, i32 %e0_dsp_b0, i32 %p_ZL9e0_dsp_w1_0, i32 %p_ZL9e0_dsp_w1_1, i32 %p_ZL9e0_dsp_w1_2, i32 %p_ZL9e0_dsp_w1_3, i32 %p_ZL9e0_dsp_w1_4, i32 %p_ZL9e0_dsp_w1_5, i32 %p_ZL9e0_dsp_w1_6, i32 %p_ZL9e0_dsp_w1_7, i32 %p_ZL9e0_dsp_w1_8, i32 %p_ZL9e0_dsp_w1_9, i32 %p_ZL9e0_dsp_w1_10, i32 %p_ZL9e0_dsp_w1_11, i32 %p_ZL9e0_dsp_w1_12, i32 %p_ZL9e0_dsp_w1_13, i32 %p_ZL9e0_dsp_w1_14, i32 %p_ZL9e0_dsp_w1_15, i32 %p_ZL9e0_dsp_w1_16, i32 %p_ZL9e0_dsp_w1_17, i32 %p_ZL9e0_dsp_w1_18, i32 %p_ZL9e0_dsp_w1_19, i32 %p_ZL9e0_dsp_w1_20, i32 %p_ZL9e0_dsp_w1_21, i32 %p_ZL9e0_dsp_w1_22, i32 %p_ZL9e0_dsp_w1_23, i32 %p_ZL9e0_dsp_w1_24, i32 %p_ZL9e0_dsp_w1_25, i32 %p_ZL9e0_dsp_w1_26, i32 %p_ZL9e0_dsp_w1_27, i32 %p_ZL9e0_dsp_w1_28, i32 %p_ZL9e0_dsp_w1_29, i32 %p_ZL9e0_dsp_w1_30, i32 %p_ZL9e0_dsp_w1_31, i32 %e0_dsp_b1, i32 %p_ZL9e0_dsp_w2_0, i32 %p_ZL9e0_dsp_w2_1, i32 %p_ZL9e0_dsp_w2_2, i32 %p_ZL9e0_dsp_w2_3, i32 %p_ZL9e0_dsp_w2_4, i32 %p_ZL9e0_dsp_w2_5, i32 %p_ZL9e0_dsp_w2_6, i32 %p_ZL9e0_dsp_w2_7, i32 %p_ZL9e0_dsp_w2_8, i32 %p_ZL9e0_dsp_w2_9, i32 %p_ZL9e0_dsp_w2_10, i32 %p_ZL9e0_dsp_w2_11, i32 %p_ZL9e0_dsp_w2_12, i32 %p_ZL9e0_dsp_w2_13, i32 %p_ZL9e0_dsp_w2_14, i32 %p_ZL9e0_dsp_w2_15, i32 %e0_dsp_b2, i32 %e0_dsp_w3_0, i32 %e0_bram_w0, i32 %e0_bram_b0, i32 %p_ZL10e0_bram_w1_0, i32 %p_ZL10e0_bram_w1_1, i32 %p_ZL10e0_bram_w1_2, i32 %p_ZL10e0_bram_w1_3, i32 %p_ZL10e0_bram_w1_4, i32 %p_ZL10e0_bram_w1_5, i32 %p_ZL10e0_bram_w1_6, i32 %p_ZL10e0_bram_w1_7, i32 %p_ZL10e0_bram_w1_8, i32 %p_ZL10e0_bram_w1_9, i32 %p_ZL10e0_bram_w1_10, i32 %p_ZL10e0_bram_w1_11, i32 %p_ZL10e0_bram_w1_12, i32 %p_ZL10e0_bram_w1_13, i32 %p_ZL10e0_bram_w1_14, i32 %p_ZL10e0_bram_w1_15, i32 %p_ZL10e0_bram_w1_16, i32 %p_ZL10e0_bram_w1_17, i32 %p_ZL10e0_bram_w1_18, i32 %p_ZL10e0_bram_w1_19, i32 %p_ZL10e0_bram_w1_20, i32 %p_ZL10e0_bram_w1_21, i32 %p_ZL10e0_bram_w1_22, i32 %p_ZL10e0_bram_w1_23, i32 %p_ZL10e0_bram_w1_24, i32 %p_ZL10e0_bram_w1_25, i32 %p_ZL10e0_bram_w1_26, i32 %p_ZL10e0_bram_w1_27, i32 %p_ZL10e0_bram_w1_28, i32 %p_ZL10e0_bram_w1_29, i32 %p_ZL10e0_bram_w1_30, i32 %p_ZL10e0_bram_w1_31, i32 %e0_bram_b1, i32 %p_ZL10e0_bram_w2_0, i32 %p_ZL10e0_bram_w2_1, i32 %p_ZL10e0_bram_w2_2, i32 %p_ZL10e0_bram_w2_3, i32 %p_ZL10e0_bram_w2_4, i32 %p_ZL10e0_bram_w2_5, i32 %p_ZL10e0_bram_w2_6, i32 %p_ZL10e0_bram_w2_7, i32 %p_ZL10e0_bram_w2_8, i32 %p_ZL10e0_bram_w2_9, i32 %p_ZL10e0_bram_w2_10, i32 %p_ZL10e0_bram_w2_11, i32 %p_ZL10e0_bram_w2_12, i32 %p_ZL10e0_bram_w2_13, i32 %p_ZL10e0_bram_w2_14, i32 %p_ZL10e0_bram_w2_15, i32 %e0_bram_b2, i32 %e0_bram_w3_0, i32 %e1_perf_w0, i32 %e1_perf_b0, i32 %p_ZL10e1_perf_w1_0, i32 %p_ZL10e1_perf_w1_1, i32 %p_ZL10e1_perf_w1_2, i32 %p_ZL10e1_perf_w1_3, i32 %p_ZL10e1_perf_w1_4, i32 %p_ZL10e1_perf_w1_5, i32 %p_ZL10e1_perf_w1_6, i32 %p_ZL10e1_perf_w1_7, i32 %p_ZL10e1_perf_w1_8, i32 %p_ZL10e1_perf_w1_9, i32 %p_ZL10e1_perf_w1_10, i32 %p_ZL10e1_perf_w1_11, i32 %p_ZL10e1_perf_w1_12, i32 %p_ZL10e1_perf_w1_13, i32 %p_ZL10e1_perf_w1_14, i32 %p_ZL10e1_perf_w1_15, i32 %p_ZL10e1_perf_w1_16, i32 %p_ZL10e1_perf_w1_17, i32 %p_ZL10e1_perf_w1_18, i32 %p_ZL10e1_perf_w1_19, i32 %p_ZL10e1_perf_w1_20, i32 %p_ZL10e1_perf_w1_21, i32 %p_ZL10e1_perf_w1_22, i32 %p_ZL10e1_perf_w1_23, i32 %p_ZL10e1_perf_w1_24, i32 %p_ZL10e1_perf_w1_25, i32 %p_ZL10e1_perf_w1_26, i32 %p_ZL10e1_perf_w1_27, i32 %p_ZL10e1_perf_w1_28, i32 %p_ZL10e1_perf_w1_29, i32 %p_ZL10e1_perf_w1_30, i32 %p_ZL10e1_perf_w1_31, i32 %e1_perf_b1, i32 %p_ZL10e1_perf_w2_0, i32 %p_ZL10e1_perf_w2_1, i32 %p_ZL10e1_perf_w2_2, i32 %p_ZL10e1_perf_w2_3, i32 %p_ZL10e1_perf_w2_4, i32 %p_ZL10e1_perf_w2_5, i32 %p_ZL10e1_perf_w2_6, i32 %p_ZL10e1_perf_w2_7, i32 %p_ZL10e1_perf_w2_8, i32 %p_ZL10e1_perf_w2_9, i32 %p_ZL10e1_perf_w2_10, i32 %p_ZL10e1_perf_w2_11, i32 %p_ZL10e1_perf_w2_12, i32 %p_ZL10e1_perf_w2_13, i32 %p_ZL10e1_perf_w2_14, i32 %p_ZL10e1_perf_w2_15, i32 %e1_perf_b2, i32 %e1_perf_w3_0, i32 %e1_lut_w0, i32 %e1_lut_b0, i32 %p_ZL9e1_lut_w1_0, i32 %p_ZL9e1_lut_w1_1, i32 %p_ZL9e1_lut_w1_2, i32 %p_ZL9e1_lut_w1_3, i32 %p_ZL9e1_lut_w1_4, i32 %p_ZL9e1_lut_w1_5, i32 %p_ZL9e1_lut_w1_6, i32 %p_ZL9e1_lut_w1_7, i32 %p_ZL9e1_lut_w1_8, i32 %p_ZL9e1_lut_w1_9, i32 %p_ZL9e1_lut_w1_10, i32 %p_ZL9e1_lut_w1_11, i32 %p_ZL9e1_lut_w1_12, i32 %p_ZL9e1_lut_w1_13, i32 %p_ZL9e1_lut_w1_14, i32 %p_ZL9e1_lut_w1_15, i32 %p_ZL9e1_lut_w1_16, i32 %p_ZL9e1_lut_w1_17, i32 %p_ZL9e1_lut_w1_18, i32 %p_ZL9e1_lut_w1_19, i32 %p_ZL9e1_lut_w1_20, i32 %p_ZL9e1_lut_w1_21, i32 %p_ZL9e1_lut_w1_22, i32 %p_ZL9e1_lut_w1_23, i32 %p_ZL9e1_lut_w1_24, i32 %p_ZL9e1_lut_w1_25, i32 %p_ZL9e1_lut_w1_26, i32 %p_ZL9e1_lut_w1_27, i32 %p_ZL9e1_lut_w1_28, i32 %p_ZL9e1_lut_w1_29, i32 %p_ZL9e1_lut_w1_30, i32 %p_ZL9e1_lut_w1_31, i32 %e1_lut_b1, i32 %p_ZL9e1_lut_w2_0, i32 %p_ZL9e1_lut_w2_1, i32 %p_ZL9e1_lut_w2_2, i32 %p_ZL9e1_lut_w2_3, i32 %p_ZL9e1_lut_w2_4, i32 %p_ZL9e1_lut_w2_5, i32 %p_ZL9e1_lut_w2_6, i32 %p_ZL9e1_lut_w2_7, i32 %p_ZL9e1_lut_w2_8, i32 %p_ZL9e1_lut_w2_9, i32 %p_ZL9e1_lut_w2_10, i32 %p_ZL9e1_lut_w2_11, i32 %p_ZL9e1_lut_w2_12, i32 %p_ZL9e1_lut_w2_13, i32 %p_ZL9e1_lut_w2_14, i32 %p_ZL9e1_lut_w2_15, i32 %e1_lut_b2, i32 %e1_lut_w3_0, i32 %e1_ff_w0, i32 %e1_ff_b0, i32 %p_ZL8e1_ff_w1_0, i32 %p_ZL8e1_ff_w1_1, i32 %p_ZL8e1_ff_w1_2, i32 %p_ZL8e1_ff_w1_3, i32 %p_ZL8e1_ff_w1_4, i32 %p_ZL8e1_ff_w1_5, i32 %p_ZL8e1_ff_w1_6, i32 %p_ZL8e1_ff_w1_7, i32 %p_ZL8e1_ff_w1_8, i32 %p_ZL8e1_ff_w1_9, i32 %p_ZL8e1_ff_w1_10, i32 %p_ZL8e1_ff_w1_11, i32 %p_ZL8e1_ff_w1_12, i32 %p_ZL8e1_ff_w1_13, i32 %p_ZL8e1_ff_w1_14, i32 %p_ZL8e1_ff_w1_15, i32 %p_ZL8e1_ff_w1_16, i32 %p_ZL8e1_ff_w1_17, i32 %p_ZL8e1_ff_w1_18, i32 %p_ZL8e1_ff_w1_19, i32 %p_ZL8e1_ff_w1_20, i32 %p_ZL8e1_ff_w1_21, i32 %p_ZL8e1_ff_w1_22, i32 %p_ZL8e1_ff_w1_23, i32 %p_ZL8e1_ff_w1_24, i32 %p_ZL8e1_ff_w1_25, i32 %p_ZL8e1_ff_w1_26, i32 %p_ZL8e1_ff_w1_27, i32 %p_ZL8e1_ff_w1_28, i32 %p_ZL8e1_ff_w1_29, i32 %p_ZL8e1_ff_w1_30, i32 %p_ZL8e1_ff_w1_31, i32 %e1_ff_b1, i32 %p_ZL8e1_ff_w2_0, i32 %p_ZL8e1_ff_w2_1, i32 %p_ZL8e1_ff_w2_2, i32 %p_ZL8e1_ff_w2_3, i32 %p_ZL8e1_ff_w2_4, i32 %p_ZL8e1_ff_w2_5, i32 %p_ZL8e1_ff_w2_6, i32 %p_ZL8e1_ff_w2_7, i32 %p_ZL8e1_ff_w2_8, i32 %p_ZL8e1_ff_w2_9, i32 %p_ZL8e1_ff_w2_10, i32 %p_ZL8e1_ff_w2_11, i32 %p_ZL8e1_ff_w2_12, i32 %p_ZL8e1_ff_w2_13, i32 %p_ZL8e1_ff_w2_14, i32 %p_ZL8e1_ff_w2_15, i32 %e1_ff_b2, i32 %e1_ff_w3_0, i32 %e1_dsp_w0, i32 %e1_dsp_b0, i32 %p_ZL9e1_dsp_w1_0, i32 %p_ZL9e1_dsp_w1_1, i32 %p_ZL9e1_dsp_w1_2, i32 %p_ZL9e1_dsp_w1_3, i32 %p_ZL9e1_dsp_w1_4, i32 %p_ZL9e1_dsp_w1_5, i32 %p_ZL9e1_dsp_w1_6, i32 %p_ZL9e1_dsp_w1_7, i32 %p_ZL9e1_dsp_w1_8, i32 %p_ZL9e1_dsp_w1_9, i32 %p_ZL9e1_dsp_w1_10, i32 %p_ZL9e1_dsp_w1_11, i32 %p_ZL9e1_dsp_w1_12, i32 %p_ZL9e1_dsp_w1_13, i32 %p_ZL9e1_dsp_w1_14, i32 %p_ZL9e1_dsp_w1_15, i32 %p_ZL9e1_dsp_w1_16, i32 %p_ZL9e1_dsp_w1_17, i32 %p_ZL9e1_dsp_w1_18, i32 %p_ZL9e1_dsp_w1_19, i32 %p_ZL9e1_dsp_w1_20, i32 %p_ZL9e1_dsp_w1_21, i32 %p_ZL9e1_dsp_w1_22, i32 %p_ZL9e1_dsp_w1_23, i32 %p_ZL9e1_dsp_w1_24, i32 %p_ZL9e1_dsp_w1_25, i32 %p_ZL9e1_dsp_w1_26, i32 %p_ZL9e1_dsp_w1_27, i32 %p_ZL9e1_dsp_w1_28, i32 %p_ZL9e1_dsp_w1_29, i32 %p_ZL9e1_dsp_w1_30, i32 %p_ZL9e1_dsp_w1_31, i32 %e1_dsp_b1, i32 %p_ZL9e1_dsp_w2_0, i32 %p_ZL9e1_dsp_w2_1, i32 %p_ZL9e1_dsp_w2_2, i32 %p_ZL9e1_dsp_w2_3, i32 %p_ZL9e1_dsp_w2_4, i32 %p_ZL9e1_dsp_w2_5, i32 %p_ZL9e1_dsp_w2_6, i32 %p_ZL9e1_dsp_w2_7, i32 %p_ZL9e1_dsp_w2_8, i32 %p_ZL9e1_dsp_w2_9, i32 %p_ZL9e1_dsp_w2_10, i32 %p_ZL9e1_dsp_w2_11, i32 %p_ZL9e1_dsp_w2_12, i32 %p_ZL9e1_dsp_w2_13, i32 %p_ZL9e1_dsp_w2_14, i32 %p_ZL9e1_dsp_w2_15, i32 %e1_dsp_b2, i32 %e1_dsp_w3_0, i32 %e1_bram_w0, i32 %e1_bram_b0, i32 %p_ZL10e1_bram_w1_0, i32 %p_ZL10e1_bram_w1_1, i32 %p_ZL10e1_bram_w1_2, i32 %p_ZL10e1_bram_w1_3, i32 %p_ZL10e1_bram_w1_4, i32 %p_ZL10e1_bram_w1_5, i32 %p_ZL10e1_bram_w1_6, i32 %p_ZL10e1_bram_w1_7, i32 %p_ZL10e1_bram_w1_8, i32 %p_ZL10e1_bram_w1_9, i32 %p_ZL10e1_bram_w1_10, i32 %p_ZL10e1_bram_w1_11, i32 %p_ZL10e1_bram_w1_12, i32 %p_ZL10e1_bram_w1_13, i32 %p_ZL10e1_bram_w1_14, i32 %p_ZL10e1_bram_w1_15, i32 %p_ZL10e1_bram_w1_16, i32 %p_ZL10e1_bram_w1_17, i32 %p_ZL10e1_bram_w1_18, i32 %p_ZL10e1_bram_w1_19, i32 %p_ZL10e1_bram_w1_20, i32 %p_ZL10e1_bram_w1_21, i32 %p_ZL10e1_bram_w1_22, i32 %p_ZL10e1_bram_w1_23, i32 %p_ZL10e1_bram_w1_24, i32 %p_ZL10e1_bram_w1_25, i32 %p_ZL10e1_bram_w1_26, i32 %p_ZL10e1_bram_w1_27, i32 %p_ZL10e1_bram_w1_28, i32 %p_ZL10e1_bram_w1_29, i32 %p_ZL10e1_bram_w1_30, i32 %p_ZL10e1_bram_w1_31, i32 %e1_bram_b1, i32 %p_ZL10e1_bram_w2_0, i32 %p_ZL10e1_bram_w2_1, i32 %p_ZL10e1_bram_w2_2, i32 %p_ZL10e1_bram_w2_3, i32 %p_ZL10e1_bram_w2_4, i32 %p_ZL10e1_bram_w2_5, i32 %p_ZL10e1_bram_w2_6, i32 %p_ZL10e1_bram_w2_7, i32 %p_ZL10e1_bram_w2_8, i32 %p_ZL10e1_bram_w2_9, i32 %p_ZL10e1_bram_w2_10, i32 %p_ZL10e1_bram_w2_11, i32 %p_ZL10e1_bram_w2_12, i32 %p_ZL10e1_bram_w2_13, i32 %p_ZL10e1_bram_w2_14, i32 %p_ZL10e1_bram_w2_15, i32 %e1_bram_b2, i32 %e1_bram_w3_0, i32 %e2_perf_w0, i32 %e2_perf_b0, i32 %p_ZL10e2_perf_w1_0, i32 %p_ZL10e2_perf_w1_1, i32 %p_ZL10e2_perf_w1_2, i32 %p_ZL10e2_perf_w1_3, i32 %p_ZL10e2_perf_w1_4, i32 %p_ZL10e2_perf_w1_5, i32 %p_ZL10e2_perf_w1_6, i32 %p_ZL10e2_perf_w1_7, i32 %p_ZL10e2_perf_w1_8, i32 %p_ZL10e2_perf_w1_9, i32 %p_ZL10e2_perf_w1_10, i32 %p_ZL10e2_perf_w1_11, i32 %p_ZL10e2_perf_w1_12, i32 %p_ZL10e2_perf_w1_13, i32 %p_ZL10e2_perf_w1_14, i32 %p_ZL10e2_perf_w1_15, i32 %p_ZL10e2_perf_w1_16, i32 %p_ZL10e2_perf_w1_17, i32 %p_ZL10e2_perf_w1_18, i32 %p_ZL10e2_perf_w1_19, i32 %p_ZL10e2_perf_w1_20, i32 %p_ZL10e2_perf_w1_21, i32 %p_ZL10e2_perf_w1_22, i32 %p_ZL10e2_perf_w1_23, i32 %p_ZL10e2_perf_w1_24, i32 %p_ZL10e2_perf_w1_25, i32 %p_ZL10e2_perf_w1_26, i32 %p_ZL10e2_perf_w1_27, i32 %p_ZL10e2_perf_w1_28, i32 %p_ZL10e2_perf_w1_29, i32 %p_ZL10e2_perf_w1_30, i32 %p_ZL10e2_perf_w1_31, i32 %e2_perf_b1, i32 %p_ZL10e2_perf_w2_0, i32 %p_ZL10e2_perf_w2_1, i32 %p_ZL10e2_perf_w2_2, i32 %p_ZL10e2_perf_w2_3, i32 %p_ZL10e2_perf_w2_4, i32 %p_ZL10e2_perf_w2_5, i32 %p_ZL10e2_perf_w2_6, i32 %p_ZL10e2_perf_w2_7, i32 %p_ZL10e2_perf_w2_8, i32 %p_ZL10e2_perf_w2_9, i32 %p_ZL10e2_perf_w2_10, i32 %p_ZL10e2_perf_w2_11, i32 %p_ZL10e2_perf_w2_12, i32 %p_ZL10e2_perf_w2_13, i32 %p_ZL10e2_perf_w2_14, i32 %p_ZL10e2_perf_w2_15, i32 %e2_perf_b2, i32 %e2_perf_w3_0, i32 %e2_lut_w0, i32 %e2_lut_b0, i32 %p_ZL9e2_lut_w1_0, i32 %p_ZL9e2_lut_w1_1, i32 %p_ZL9e2_lut_w1_2, i32 %p_ZL9e2_lut_w1_3, i32 %p_ZL9e2_lut_w1_4, i32 %p_ZL9e2_lut_w1_5, i32 %p_ZL9e2_lut_w1_6, i32 %p_ZL9e2_lut_w1_7, i32 %p_ZL9e2_lut_w1_8, i32 %p_ZL9e2_lut_w1_9, i32 %p_ZL9e2_lut_w1_10, i32 %p_ZL9e2_lut_w1_11, i32 %p_ZL9e2_lut_w1_12, i32 %p_ZL9e2_lut_w1_13, i32 %p_ZL9e2_lut_w1_14, i32 %p_ZL9e2_lut_w1_15, i32 %p_ZL9e2_lut_w1_16, i32 %p_ZL9e2_lut_w1_17, i32 %p_ZL9e2_lut_w1_18, i32 %p_ZL9e2_lut_w1_19, i32 %p_ZL9e2_lut_w1_20, i32 %p_ZL9e2_lut_w1_21, i32 %p_ZL9e2_lut_w1_22, i32 %p_ZL9e2_lut_w1_23, i32 %p_ZL9e2_lut_w1_24, i32 %p_ZL9e2_lut_w1_25, i32 %p_ZL9e2_lut_w1_26, i32 %p_ZL9e2_lut_w1_27, i32 %p_ZL9e2_lut_w1_28, i32 %p_ZL9e2_lut_w1_29, i32 %p_ZL9e2_lut_w1_30, i32 %p_ZL9e2_lut_w1_31, i32 %e2_lut_b1, i32 %p_ZL9e2_lut_w2_0, i32 %p_ZL9e2_lut_w2_1, i32 %p_ZL9e2_lut_w2_2, i32 %p_ZL9e2_lut_w2_3, i32 %p_ZL9e2_lut_w2_4, i32 %p_ZL9e2_lut_w2_5, i32 %p_ZL9e2_lut_w2_6, i32 %p_ZL9e2_lut_w2_7, i32 %p_ZL9e2_lut_w2_8, i32 %p_ZL9e2_lut_w2_9, i32 %p_ZL9e2_lut_w2_10, i32 %p_ZL9e2_lut_w2_11, i32 %p_ZL9e2_lut_w2_12, i32 %p_ZL9e2_lut_w2_13, i32 %p_ZL9e2_lut_w2_14, i32 %p_ZL9e2_lut_w2_15, i32 %e2_lut_b2, i32 %e2_lut_w3_0, i32 %e2_ff_w0, i32 %e2_ff_b0, i32 %p_ZL8e2_ff_w1_0, i32 %p_ZL8e2_ff_w1_1, i32 %p_ZL8e2_ff_w1_2, i32 %p_ZL8e2_ff_w1_3, i32 %p_ZL8e2_ff_w1_4, i32 %p_ZL8e2_ff_w1_5, i32 %p_ZL8e2_ff_w1_6, i32 %p_ZL8e2_ff_w1_7, i32 %p_ZL8e2_ff_w1_8, i32 %p_ZL8e2_ff_w1_9, i32 %p_ZL8e2_ff_w1_10, i32 %p_ZL8e2_ff_w1_11, i32 %p_ZL8e2_ff_w1_12, i32 %p_ZL8e2_ff_w1_13, i32 %p_ZL8e2_ff_w1_14, i32 %p_ZL8e2_ff_w1_15, i32 %p_ZL8e2_ff_w1_16, i32 %p_ZL8e2_ff_w1_17, i32 %p_ZL8e2_ff_w1_18, i32 %p_ZL8e2_ff_w1_19, i32 %p_ZL8e2_ff_w1_20, i32 %p_ZL8e2_ff_w1_21, i32 %p_ZL8e2_ff_w1_22, i32 %p_ZL8e2_ff_w1_23, i32 %p_ZL8e2_ff_w1_24, i32 %p_ZL8e2_ff_w1_25, i32 %p_ZL8e2_ff_w1_26, i32 %p_ZL8e2_ff_w1_27, i32 %p_ZL8e2_ff_w1_28, i32 %p_ZL8e2_ff_w1_29, i32 %p_ZL8e2_ff_w1_30, i32 %p_ZL8e2_ff_w1_31, i32 %e2_ff_b1, i32 %p_ZL8e2_ff_w2_0, i32 %p_ZL8e2_ff_w2_1, i32 %p_ZL8e2_ff_w2_2, i32 %p_ZL8e2_ff_w2_3, i32 %p_ZL8e2_ff_w2_4, i32 %p_ZL8e2_ff_w2_5, i32 %p_ZL8e2_ff_w2_6, i32 %p_ZL8e2_ff_w2_7, i32 %p_ZL8e2_ff_w2_8, i32 %p_ZL8e2_ff_w2_9, i32 %p_ZL8e2_ff_w2_10, i32 %p_ZL8e2_ff_w2_11, i32 %p_ZL8e2_ff_w2_12, i32 %p_ZL8e2_ff_w2_13, i32 %p_ZL8e2_ff_w2_14, i32 %p_ZL8e2_ff_w2_15, i32 %e2_ff_b2, i32 %e2_ff_w3_0, i32 %e2_dsp_w0, i32 %e2_dsp_b0, i32 %p_ZL9e2_dsp_w1_0, i32 %p_ZL9e2_dsp_w1_1, i32 %p_ZL9e2_dsp_w1_2, i32 %p_ZL9e2_dsp_w1_3, i32 %p_ZL9e2_dsp_w1_4, i32 %p_ZL9e2_dsp_w1_5, i32 %p_ZL9e2_dsp_w1_6, i32 %p_ZL9e2_dsp_w1_7, i32 %p_ZL9e2_dsp_w1_8, i32 %p_ZL9e2_dsp_w1_9, i32 %p_ZL9e2_dsp_w1_10, i32 %p_ZL9e2_dsp_w1_11, i32 %p_ZL9e2_dsp_w1_12, i32 %p_ZL9e2_dsp_w1_13, i32 %p_ZL9e2_dsp_w1_14, i32 %p_ZL9e2_dsp_w1_15, i32 %p_ZL9e2_dsp_w1_16, i32 %p_ZL9e2_dsp_w1_17, i32 %p_ZL9e2_dsp_w1_18, i32 %p_ZL9e2_dsp_w1_19, i32 %p_ZL9e2_dsp_w1_20, i32 %p_ZL9e2_dsp_w1_21, i32 %p_ZL9e2_dsp_w1_22, i32 %p_ZL9e2_dsp_w1_23, i32 %p_ZL9e2_dsp_w1_24, i32 %p_ZL9e2_dsp_w1_25, i32 %p_ZL9e2_dsp_w1_26, i32 %p_ZL9e2_dsp_w1_27, i32 %p_ZL9e2_dsp_w1_28, i32 %p_ZL9e2_dsp_w1_29, i32 %p_ZL9e2_dsp_w1_30, i32 %p_ZL9e2_dsp_w1_31, i32 %e2_dsp_b1, i32 %p_ZL9e2_dsp_w2_0, i32 %p_ZL9e2_dsp_w2_1, i32 %p_ZL9e2_dsp_w2_2, i32 %p_ZL9e2_dsp_w2_3, i32 %p_ZL9e2_dsp_w2_4, i32 %p_ZL9e2_dsp_w2_5, i32 %p_ZL9e2_dsp_w2_6, i32 %p_ZL9e2_dsp_w2_7, i32 %p_ZL9e2_dsp_w2_8, i32 %p_ZL9e2_dsp_w2_9, i32 %p_ZL9e2_dsp_w2_10, i32 %p_ZL9e2_dsp_w2_11, i32 %p_ZL9e2_dsp_w2_12, i32 %p_ZL9e2_dsp_w2_13, i32 %p_ZL9e2_dsp_w2_14, i32 %p_ZL9e2_dsp_w2_15, i32 %e2_dsp_b2, i32 %e2_dsp_w3_0, i32 %e2_bram_w0, i32 %e2_bram_b0, i32 %p_ZL10e2_bram_w1_0, i32 %p_ZL10e2_bram_w1_1, i32 %p_ZL10e2_bram_w1_2, i32 %p_ZL10e2_bram_w1_3, i32 %p_ZL10e2_bram_w1_4, i32 %p_ZL10e2_bram_w1_5, i32 %p_ZL10e2_bram_w1_6, i32 %p_ZL10e2_bram_w1_7, i32 %p_ZL10e2_bram_w1_8, i32 %p_ZL10e2_bram_w1_9, i32 %p_ZL10e2_bram_w1_10, i32 %p_ZL10e2_bram_w1_11, i32 %p_ZL10e2_bram_w1_12, i32 %p_ZL10e2_bram_w1_13, i32 %p_ZL10e2_bram_w1_14, i32 %p_ZL10e2_bram_w1_15, i32 %p_ZL10e2_bram_w1_16, i32 %p_ZL10e2_bram_w1_17, i32 %p_ZL10e2_bram_w1_18, i32 %p_ZL10e2_bram_w1_19, i32 %p_ZL10e2_bram_w1_20, i32 %p_ZL10e2_bram_w1_21, i32 %p_ZL10e2_bram_w1_22, i32 %p_ZL10e2_bram_w1_23, i32 %p_ZL10e2_bram_w1_24, i32 %p_ZL10e2_bram_w1_25, i32 %p_ZL10e2_bram_w1_26, i32 %p_ZL10e2_bram_w1_27, i32 %p_ZL10e2_bram_w1_28, i32 %p_ZL10e2_bram_w1_29, i32 %p_ZL10e2_bram_w1_30, i32 %p_ZL10e2_bram_w1_31, i32 %e2_bram_b1, i32 %p_ZL10e2_bram_w2_0, i32 %p_ZL10e2_bram_w2_1, i32 %p_ZL10e2_bram_w2_2, i32 %p_ZL10e2_bram_w2_3, i32 %p_ZL10e2_bram_w2_4, i32 %p_ZL10e2_bram_w2_5, i32 %p_ZL10e2_bram_w2_6, i32 %p_ZL10e2_bram_w2_7, i32 %p_ZL10e2_bram_w2_8, i32 %p_ZL10e2_bram_w2_9, i32 %p_ZL10e2_bram_w2_10, i32 %p_ZL10e2_bram_w2_11, i32 %p_ZL10e2_bram_w2_12, i32 %p_ZL10e2_bram_w2_13, i32 %p_ZL10e2_bram_w2_14, i32 %p_ZL10e2_bram_w2_15, i32 %e2_bram_b2, i32 %e2_bram_w3_0, i32 %e3_perf_w0, i32 %e3_perf_b0, i32 %p_ZL10e3_perf_w1_0, i32 %p_ZL10e3_perf_w1_1, i32 %p_ZL10e3_perf_w1_2, i32 %p_ZL10e3_perf_w1_3, i32 %p_ZL10e3_perf_w1_4, i32 %p_ZL10e3_perf_w1_5, i32 %p_ZL10e3_perf_w1_6, i32 %p_ZL10e3_perf_w1_7, i32 %p_ZL10e3_perf_w1_8, i32 %p_ZL10e3_perf_w1_9, i32 %p_ZL10e3_perf_w1_10, i32 %p_ZL10e3_perf_w1_11, i32 %p_ZL10e3_perf_w1_12, i32 %p_ZL10e3_perf_w1_13, i32 %p_ZL10e3_perf_w1_14, i32 %p_ZL10e3_perf_w1_15, i32 %p_ZL10e3_perf_w1_16, i32 %p_ZL10e3_perf_w1_17, i32 %p_ZL10e3_perf_w1_18, i32 %p_ZL10e3_perf_w1_19, i32 %p_ZL10e3_perf_w1_20, i32 %p_ZL10e3_perf_w1_21, i32 %p_ZL10e3_perf_w1_22, i32 %p_ZL10e3_perf_w1_23, i32 %p_ZL10e3_perf_w1_24, i32 %p_ZL10e3_perf_w1_25, i32 %p_ZL10e3_perf_w1_26, i32 %p_ZL10e3_perf_w1_27, i32 %p_ZL10e3_perf_w1_28, i32 %p_ZL10e3_perf_w1_29, i32 %p_ZL10e3_perf_w1_30, i32 %p_ZL10e3_perf_w1_31, i32 %e3_perf_b1, i32 %p_ZL10e3_perf_w2_0, i32 %p_ZL10e3_perf_w2_1, i32 %p_ZL10e3_perf_w2_2, i32 %p_ZL10e3_perf_w2_3, i32 %p_ZL10e3_perf_w2_4, i32 %p_ZL10e3_perf_w2_5, i32 %p_ZL10e3_perf_w2_6, i32 %p_ZL10e3_perf_w2_7, i32 %p_ZL10e3_perf_w2_8, i32 %p_ZL10e3_perf_w2_9, i32 %p_ZL10e3_perf_w2_10, i32 %p_ZL10e3_perf_w2_11, i32 %p_ZL10e3_perf_w2_12, i32 %p_ZL10e3_perf_w2_13, i32 %p_ZL10e3_perf_w2_14, i32 %p_ZL10e3_perf_w2_15, i32 %e3_perf_b2, i32 %e3_perf_w3_0, i32 %e3_lut_w0, i32 %e3_lut_b0, i32 %p_ZL9e3_lut_w1_0, i32 %p_ZL9e3_lut_w1_1, i32 %p_ZL9e3_lut_w1_2, i32 %p_ZL9e3_lut_w1_3, i32 %p_ZL9e3_lut_w1_4, i32 %p_ZL9e3_lut_w1_5, i32 %p_ZL9e3_lut_w1_6, i32 %p_ZL9e3_lut_w1_7, i32 %p_ZL9e3_lut_w1_8, i32 %p_ZL9e3_lut_w1_9, i32 %p_ZL9e3_lut_w1_10, i32 %p_ZL9e3_lut_w1_11, i32 %p_ZL9e3_lut_w1_12, i32 %p_ZL9e3_lut_w1_13, i32 %p_ZL9e3_lut_w1_14, i32 %p_ZL9e3_lut_w1_15, i32 %p_ZL9e3_lut_w1_16, i32 %p_ZL9e3_lut_w1_17, i32 %p_ZL9e3_lut_w1_18, i32 %p_ZL9e3_lut_w1_19, i32 %p_ZL9e3_lut_w1_20, i32 %p_ZL9e3_lut_w1_21, i32 %p_ZL9e3_lut_w1_22, i32 %p_ZL9e3_lut_w1_23, i32 %p_ZL9e3_lut_w1_24, i32 %p_ZL9e3_lut_w1_25, i32 %p_ZL9e3_lut_w1_26, i32 %p_ZL9e3_lut_w1_27, i32 %p_ZL9e3_lut_w1_28, i32 %p_ZL9e3_lut_w1_29, i32 %p_ZL9e3_lut_w1_30, i32 %p_ZL9e3_lut_w1_31, i32 %e3_lut_b1, i32 %p_ZL9e3_lut_w2_0, i32 %p_ZL9e3_lut_w2_1, i32 %p_ZL9e3_lut_w2_2, i32 %p_ZL9e3_lut_w2_3, i32 %p_ZL9e3_lut_w2_4, i32 %p_ZL9e3_lut_w2_5, i32 %p_ZL9e3_lut_w2_6, i32 %p_ZL9e3_lut_w2_7, i32 %p_ZL9e3_lut_w2_8, i32 %p_ZL9e3_lut_w2_9, i32 %p_ZL9e3_lut_w2_10, i32 %p_ZL9e3_lut_w2_11, i32 %p_ZL9e3_lut_w2_12, i32 %p_ZL9e3_lut_w2_13, i32 %p_ZL9e3_lut_w2_14, i32 %p_ZL9e3_lut_w2_15, i32 %e3_lut_b2, i32 %e3_lut_w3_0, i32 %e3_ff_w0, i32 %e3_ff_b0, i32 %p_ZL8e3_ff_w1_0, i32 %p_ZL8e3_ff_w1_1, i32 %p_ZL8e3_ff_w1_2, i32 %p_ZL8e3_ff_w1_3, i32 %p_ZL8e3_ff_w1_4, i32 %p_ZL8e3_ff_w1_5, i32 %p_ZL8e3_ff_w1_6, i32 %p_ZL8e3_ff_w1_7, i32 %p_ZL8e3_ff_w1_8, i32 %p_ZL8e3_ff_w1_9, i32 %p_ZL8e3_ff_w1_10, i32 %p_ZL8e3_ff_w1_11, i32 %p_ZL8e3_ff_w1_12, i32 %p_ZL8e3_ff_w1_13, i32 %p_ZL8e3_ff_w1_14, i32 %p_ZL8e3_ff_w1_15, i32 %p_ZL8e3_ff_w1_16, i32 %p_ZL8e3_ff_w1_17, i32 %p_ZL8e3_ff_w1_18, i32 %p_ZL8e3_ff_w1_19, i32 %p_ZL8e3_ff_w1_20, i32 %p_ZL8e3_ff_w1_21, i32 %p_ZL8e3_ff_w1_22, i32 %p_ZL8e3_ff_w1_23, i32 %p_ZL8e3_ff_w1_24, i32 %p_ZL8e3_ff_w1_25, i32 %p_ZL8e3_ff_w1_26, i32 %p_ZL8e3_ff_w1_27, i32 %p_ZL8e3_ff_w1_28, i32 %p_ZL8e3_ff_w1_29, i32 %p_ZL8e3_ff_w1_30, i32 %p_ZL8e3_ff_w1_31, i32 %e3_ff_b1, i32 %p_ZL8e3_ff_w2_0, i32 %p_ZL8e3_ff_w2_1, i32 %p_ZL8e3_ff_w2_2, i32 %p_ZL8e3_ff_w2_3, i32 %p_ZL8e3_ff_w2_4, i32 %p_ZL8e3_ff_w2_5, i32 %p_ZL8e3_ff_w2_6, i32 %p_ZL8e3_ff_w2_7, i32 %p_ZL8e3_ff_w2_8, i32 %p_ZL8e3_ff_w2_9, i32 %p_ZL8e3_ff_w2_10, i32 %p_ZL8e3_ff_w2_11, i32 %p_ZL8e3_ff_w2_12, i32 %p_ZL8e3_ff_w2_13, i32 %p_ZL8e3_ff_w2_14, i32 %p_ZL8e3_ff_w2_15, i32 %e3_ff_b2, i32 %e3_ff_w3_0, i32 %e3_dsp_w0, i32 %e3_dsp_b0, i32 %p_ZL9e3_dsp_w1_0, i32 %p_ZL9e3_dsp_w1_1, i32 %p_ZL9e3_dsp_w1_2, i32 %p_ZL9e3_dsp_w1_3, i32 %p_ZL9e3_dsp_w1_4, i32 %p_ZL9e3_dsp_w1_5, i32 %p_ZL9e3_dsp_w1_6, i32 %p_ZL9e3_dsp_w1_7, i32 %p_ZL9e3_dsp_w1_8, i32 %p_ZL9e3_dsp_w1_9, i32 %p_ZL9e3_dsp_w1_10, i32 %p_ZL9e3_dsp_w1_11, i32 %p_ZL9e3_dsp_w1_12, i32 %p_ZL9e3_dsp_w1_13, i32 %p_ZL9e3_dsp_w1_14, i32 %p_ZL9e3_dsp_w1_15, i32 %p_ZL9e3_dsp_w1_16, i32 %p_ZL9e3_dsp_w1_17, i32 %p_ZL9e3_dsp_w1_18, i32 %p_ZL9e3_dsp_w1_19, i32 %p_ZL9e3_dsp_w1_20, i32 %p_ZL9e3_dsp_w1_21, i32 %p_ZL9e3_dsp_w1_22, i32 %p_ZL9e3_dsp_w1_23, i32 %p_ZL9e3_dsp_w1_24, i32 %p_ZL9e3_dsp_w1_25, i32 %p_ZL9e3_dsp_w1_26, i32 %p_ZL9e3_dsp_w1_27, i32 %p_ZL9e3_dsp_w1_28, i32 %p_ZL9e3_dsp_w1_29, i32 %p_ZL9e3_dsp_w1_30, i32 %p_ZL9e3_dsp_w1_31, i32 %e3_dsp_b1, i32 %p_ZL9e3_dsp_w2_0, i32 %p_ZL9e3_dsp_w2_1, i32 %p_ZL9e3_dsp_w2_2, i32 %p_ZL9e3_dsp_w2_3, i32 %p_ZL9e3_dsp_w2_4, i32 %p_ZL9e3_dsp_w2_5, i32 %p_ZL9e3_dsp_w2_6, i32 %p_ZL9e3_dsp_w2_7, i32 %p_ZL9e3_dsp_w2_8, i32 %p_ZL9e3_dsp_w2_9, i32 %p_ZL9e3_dsp_w2_10, i32 %p_ZL9e3_dsp_w2_11, i32 %p_ZL9e3_dsp_w2_12, i32 %p_ZL9e3_dsp_w2_13, i32 %p_ZL9e3_dsp_w2_14, i32 %p_ZL9e3_dsp_w2_15, i32 %e3_dsp_b2, i32 %e3_dsp_w3_0, i32 %e3_bram_w0, i32 %e3_bram_b0, i32 %p_ZL10e3_bram_w1_0, i32 %p_ZL10e3_bram_w1_1, i32 %p_ZL10e3_bram_w1_2, i32 %p_ZL10e3_bram_w1_3, i32 %p_ZL10e3_bram_w1_4, i32 %p_ZL10e3_bram_w1_5, i32 %p_ZL10e3_bram_w1_6, i32 %p_ZL10e3_bram_w1_7, i32 %p_ZL10e3_bram_w1_8, i32 %p_ZL10e3_bram_w1_9, i32 %p_ZL10e3_bram_w1_10, i32 %p_ZL10e3_bram_w1_11, i32 %p_ZL10e3_bram_w1_12, i32 %p_ZL10e3_bram_w1_13, i32 %p_ZL10e3_bram_w1_14, i32 %p_ZL10e3_bram_w1_15, i32 %p_ZL10e3_bram_w1_16, i32 %p_ZL10e3_bram_w1_17, i32 %p_ZL10e3_bram_w1_18, i32 %p_ZL10e3_bram_w1_19, i32 %p_ZL10e3_bram_w1_20, i32 %p_ZL10e3_bram_w1_21, i32 %p_ZL10e3_bram_w1_22, i32 %p_ZL10e3_bram_w1_23, i32 %p_ZL10e3_bram_w1_24, i32 %p_ZL10e3_bram_w1_25, i32 %p_ZL10e3_bram_w1_26, i32 %p_ZL10e3_bram_w1_27, i32 %p_ZL10e3_bram_w1_28, i32 %p_ZL10e3_bram_w1_29, i32 %p_ZL10e3_bram_w1_30, i32 %p_ZL10e3_bram_w1_31, i32 %e3_bram_b1, i32 %p_ZL10e3_bram_w2_0, i32 %p_ZL10e3_bram_w2_1, i32 %p_ZL10e3_bram_w2_2, i32 %p_ZL10e3_bram_w2_3, i32 %p_ZL10e3_bram_w2_4, i32 %p_ZL10e3_bram_w2_5, i32 %p_ZL10e3_bram_w2_6, i32 %p_ZL10e3_bram_w2_7, i32 %p_ZL10e3_bram_w2_8, i32 %p_ZL10e3_bram_w2_9, i32 %p_ZL10e3_bram_w2_10, i32 %p_ZL10e3_bram_w2_11, i32 %p_ZL10e3_bram_w2_12, i32 %p_ZL10e3_bram_w2_13, i32 %p_ZL10e3_bram_w2_14, i32 %p_ZL10e3_bram_w2_15, i32 %e3_bram_b2, i32 %e3_bram_w3_0" [src/moe.cpp:1116]   --->   Operation 77 'call' 'call_ln1116' <Predicate = (icmp_ln1075)> <Delay = 0.00> <CoreType = "Generic">   --->   Core 0 '' <Latency = 0> <II = 1> <Delay = 1.00> <Generic> <Opcode : >

State 3 <SV = 2> <Delay = 0.00>
ST_3 : Operation 78 [1/2] (0.00ns)   --->   "%call_ln9 = call void @output_moe_Pipeline_VITIS_LOOP_1079_2, i32 %acc, i9 %tmp_6, i32 %input_r, i32 %acc_1_loc, i32 %gate_weight" [aesl_mux_load.4floatP0A.i2:9->src/moe.cpp:1077]   --->   Operation 78 'call' 'call_ln9' <Predicate = true> <Delay = 0.00> <CoreType = "Generic">   --->   Core 0 '' <Latency = 0> <II = 1> <Delay = 1.00> <Generic> <Opcode : >

State 4 <SV = 3> <Delay = 0.66>
ST_4 : Operation 79 [1/1] (0.00ns)   --->   "%speclooptripcount_ln1075 = speclooptripcount void @_ssdm_op_SpecLoopTripCount, i64 4, i64 4, i64 4" [src/moe.cpp:1075]   --->   Operation 79 'speclooptripcount' 'speclooptripcount_ln1075' <Predicate = true> <Delay = 0.00>
ST_4 : Operation 80 [1/1] (0.00ns)   --->   "%specloopname_ln1075 = specloopname void @_ssdm_op_SpecLoopName, void @empty_9" [src/moe.cpp:1075]   --->   Operation 80 'specloopname' 'specloopname_ln1075' <Predicate = true> <Delay = 0.00>
ST_4 : Operation 81 [1/1] (0.00ns)   --->   "%acc_1_loc_load = load i32 %acc_1_loc"   --->   Operation 81 'load' 'acc_1_loc_load' <Predicate = true> <Delay = 0.00>
ST_4 : Operation 82 [1/1] (0.66ns)   --->   "%switch_ln1083 = switch i2 %trunc_ln1075, void %arrayidx12.case.3, i2 0, void %VITIS_LOOP_1079_2.split.arrayidx12.exit_crit_edge, i2 1, void %arrayidx12.case.1, i2 2, void %arrayidx12.case.2" [src/moe.cpp:1083]   --->   Operation 82 'switch' 'switch_ln1083' <Predicate = true> <Delay = 0.66>
ST_4 : Operation 83 [1/1] (0.00ns)   --->   "%store_ln0 = store i32 %acc_1_loc_load, i32 %mux_case_25"   --->   Operation 83 'store' 'store_ln0' <Predicate = (trunc_ln1075 == 2)> <Delay = 0.00>
ST_4 : Operation 84 [1/1] (0.00ns)   --->   "%br_ln1083 = br void %arrayidx12.exit" [src/moe.cpp:1083]   --->   Operation 84 'br' 'br_ln1083' <Predicate = (trunc_ln1075 == 2)> <Delay = 0.00>
ST_4 : Operation 85 [1/1] (0.00ns)   --->   "%store_ln0 = store i32 %acc_1_loc_load, i32 %mux_case_11"   --->   Operation 85 'store' 'store_ln0' <Predicate = (trunc_ln1075 == 1)> <Delay = 0.00>
ST_4 : Operation 86 [1/1] (0.00ns)   --->   "%br_ln1083 = br void %arrayidx12.exit" [src/moe.cpp:1083]   --->   Operation 86 'br' 'br_ln1083' <Predicate = (trunc_ln1075 == 1)> <Delay = 0.00>
ST_4 : Operation 87 [1/1] (0.00ns)   --->   "%store_ln0 = store i32 %acc_1_loc_load, i32 %empty"   --->   Operation 87 'store' 'store_ln0' <Predicate = (trunc_ln1075 == 0)> <Delay = 0.00>
ST_4 : Operation 88 [1/1] (0.00ns)   --->   "%br_ln1083 = br void %arrayidx12.exit" [src/moe.cpp:1083]   --->   Operation 88 'br' 'br_ln1083' <Predicate = (trunc_ln1075 == 0)> <Delay = 0.00>
ST_4 : Operation 89 [1/1] (0.00ns)   --->   "%store_ln0 = store i32 %acc_1_loc_load, i32 %mux_case_310"   --->   Operation 89 'store' 'store_ln0' <Predicate = (trunc_ln1075 == 3)> <Delay = 0.00>
ST_4 : Operation 90 [1/1] (0.00ns)   --->   "%br_ln1083 = br void %arrayidx12.exit" [src/moe.cpp:1083]   --->   Operation 90 'br' 'br_ln1083' <Predicate = (trunc_ln1075 == 3)> <Delay = 0.00>
ST_4 : Operation 91 [1/1] (0.36ns)   --->   "%store_ln1075 = store i3 %add_ln1075, i3 %e" [src/moe.cpp:1075]   --->   Operation 91 'store' 'store_ln1075' <Predicate = true> <Delay = 0.36>
ST_4 : Operation 92 [1/1] (0.00ns)   --->   "%br_ln1075 = br void %VITIS_LOOP_1079_2" [src/moe.cpp:1075]   --->   Operation 92 'br' 'br_ln1075' <Predicate = true> <Delay = 0.00>

State 5 <SV = 2> <Delay = 0.00>
ST_5 : Operation 93 [1/2] (0.00ns)   --->   "%call_ln0 = call void @output_moe_Pipeline_VITIS_LOOP_1092_3, i32 %p_load, i32 %mux_case_11_load, i32 %mux_case_25_load, i32 %mux_case_310_load, i32 %max_logit_loc"   --->   Operation 93 'call' 'call_ln0' <Predicate = true> <Delay = 0.00> <CoreType = "Generic">   --->   Core 0 '' <Latency = 0> <II = 1> <Delay = 1.00> <Generic> <Opcode : >
ST_5 : Operation 94 [1/2] (0.00ns)   --->   "%call_ln1116 = call void @expert_engine, i32 %input_r, i32 %expert_output, i32 %expert_output_1, i32 %expert_output_2, i32 %expert_output_3, i32 %e0_perf_w0, i32 %e0_perf_b0, i32 %p_ZL10e0_perf_w1_0, i32 %p_ZL10e0_perf_w1_1, i32 %p_ZL10e0_perf_w1_2, i32 %p_ZL10e0_perf_w1_3, i32 %p_ZL10e0_perf_w1_4, i32 %p_ZL10e0_perf_w1_5, i32 %p_ZL10e0_perf_w1_6, i32 %p_ZL10e0_perf_w1_7, i32 %p_ZL10e0_perf_w1_8, i32 %p_ZL10e0_perf_w1_9, i32 %p_ZL10e0_perf_w1_10, i32 %p_ZL10e0_perf_w1_11, i32 %p_ZL10e0_perf_w1_12, i32 %p_ZL10e0_perf_w1_13, i32 %p_ZL10e0_perf_w1_14, i32 %p_ZL10e0_perf_w1_15, i32 %p_ZL10e0_perf_w1_16, i32 %p_ZL10e0_perf_w1_17, i32 %p_ZL10e0_perf_w1_18, i32 %p_ZL10e0_perf_w1_19, i32 %p_ZL10e0_perf_w1_20, i32 %p_ZL10e0_perf_w1_21, i32 %p_ZL10e0_perf_w1_22, i32 %p_ZL10e0_perf_w1_23, i32 %p_ZL10e0_perf_w1_24, i32 %p_ZL10e0_perf_w1_25, i32 %p_ZL10e0_perf_w1_26, i32 %p_ZL10e0_perf_w1_27, i32 %p_ZL10e0_perf_w1_28, i32 %p_ZL10e0_perf_w1_29, i32 %p_ZL10e0_perf_w1_30, i32 %p_ZL10e0_perf_w1_31, i32 %e0_perf_b1, i32 %p_ZL10e0_perf_w2_0, i32 %p_ZL10e0_perf_w2_1, i32 %p_ZL10e0_perf_w2_2, i32 %p_ZL10e0_perf_w2_3, i32 %p_ZL10e0_perf_w2_4, i32 %p_ZL10e0_perf_w2_5, i32 %p_ZL10e0_perf_w2_6, i32 %p_ZL10e0_perf_w2_7, i32 %p_ZL10e0_perf_w2_8, i32 %p_ZL10e0_perf_w2_9, i32 %p_ZL10e0_perf_w2_10, i32 %p_ZL10e0_perf_w2_11, i32 %p_ZL10e0_perf_w2_12, i32 %p_ZL10e0_perf_w2_13, i32 %p_ZL10e0_perf_w2_14, i32 %p_ZL10e0_perf_w2_15, i32 %e0_perf_b2, i32 %e0_perf_w3_0, i32 %e0_lut_w0, i32 %e0_lut_b0, i32 %p_ZL9e0_lut_w1_0, i32 %p_ZL9e0_lut_w1_1, i32 %p_ZL9e0_lut_w1_2, i32 %p_ZL9e0_lut_w1_3, i32 %p_ZL9e0_lut_w1_4, i32 %p_ZL9e0_lut_w1_5, i32 %p_ZL9e0_lut_w1_6, i32 %p_ZL9e0_lut_w1_7, i32 %p_ZL9e0_lut_w1_8, i32 %p_ZL9e0_lut_w1_9, i32 %p_ZL9e0_lut_w1_10, i32 %p_ZL9e0_lut_w1_11, i32 %p_ZL9e0_lut_w1_12, i32 %p_ZL9e0_lut_w1_13, i32 %p_ZL9e0_lut_w1_14, i32 %p_ZL9e0_lut_w1_15, i32 %p_ZL9e0_lut_w1_16, i32 %p_ZL9e0_lut_w1_17, i32 %p_ZL9e0_lut_w1_18, i32 %p_ZL9e0_lut_w1_19, i32 %p_ZL9e0_lut_w1_20, i32 %p_ZL9e0_lut_w1_21, i32 %p_ZL9e0_lut_w1_22, i32 %p_ZL9e0_lut_w1_23, i32 %p_ZL9e0_lut_w1_24, i32 %p_ZL9e0_lut_w1_25, i32 %p_ZL9e0_lut_w1_26, i32 %p_ZL9e0_lut_w1_27, i32 %p_ZL9e0_lut_w1_28, i32 %p_ZL9e0_lut_w1_29, i32 %p_ZL9e0_lut_w1_30, i32 %p_ZL9e0_lut_w1_31, i32 %e0_lut_b1, i32 %p_ZL9e0_lut_w2_0, i32 %p_ZL9e0_lut_w2_1, i32 %p_ZL9e0_lut_w2_2, i32 %p_ZL9e0_lut_w2_3, i32 %p_ZL9e0_lut_w2_4, i32 %p_ZL9e0_lut_w2_5, i32 %p_ZL9e0_lut_w2_6, i32 %p_ZL9e0_lut_w2_7, i32 %p_ZL9e0_lut_w2_8, i32 %p_ZL9e0_lut_w2_9, i32 %p_ZL9e0_lut_w2_10, i32 %p_ZL9e0_lut_w2_11, i32 %p_ZL9e0_lut_w2_12, i32 %p_ZL9e0_lut_w2_13, i32 %p_ZL9e0_lut_w2_14, i32 %p_ZL9e0_lut_w2_15, i32 %e0_lut_b2, i32 %e0_lut_w3_0, i32 %e0_ff_w0, i32 %e0_ff_b0, i32 %p_ZL8e0_ff_w1_0, i32 %p_ZL8e0_ff_w1_1, i32 %p_ZL8e0_ff_w1_2, i32 %p_ZL8e0_ff_w1_3, i32 %p_ZL8e0_ff_w1_4, i32 %p_ZL8e0_ff_w1_5, i32 %p_ZL8e0_ff_w1_6, i32 %p_ZL8e0_ff_w1_7, i32 %p_ZL8e0_ff_w1_8, i32 %p_ZL8e0_ff_w1_9, i32 %p_ZL8e0_ff_w1_10, i32 %p_ZL8e0_ff_w1_11, i32 %p_ZL8e0_ff_w1_12, i32 %p_ZL8e0_ff_w1_13, i32 %p_ZL8e0_ff_w1_14, i32 %p_ZL8e0_ff_w1_15, i32 %p_ZL8e0_ff_w1_16, i32 %p_ZL8e0_ff_w1_17, i32 %p_ZL8e0_ff_w1_18, i32 %p_ZL8e0_ff_w1_19, i32 %p_ZL8e0_ff_w1_20, i32 %p_ZL8e0_ff_w1_21, i32 %p_ZL8e0_ff_w1_22, i32 %p_ZL8e0_ff_w1_23, i32 %p_ZL8e0_ff_w1_24, i32 %p_ZL8e0_ff_w1_25, i32 %p_ZL8e0_ff_w1_26, i32 %p_ZL8e0_ff_w1_27, i32 %p_ZL8e0_ff_w1_28, i32 %p_ZL8e0_ff_w1_29, i32 %p_ZL8e0_ff_w1_30, i32 %p_ZL8e0_ff_w1_31, i32 %e0_ff_b1, i32 %p_ZL8e0_ff_w2_0, i32 %p_ZL8e0_ff_w2_1, i32 %p_ZL8e0_ff_w2_2, i32 %p_ZL8e0_ff_w2_3, i32 %p_ZL8e0_ff_w2_4, i32 %p_ZL8e0_ff_w2_5, i32 %p_ZL8e0_ff_w2_6, i32 %p_ZL8e0_ff_w2_7, i32 %p_ZL8e0_ff_w2_8, i32 %p_ZL8e0_ff_w2_9, i32 %p_ZL8e0_ff_w2_10, i32 %p_ZL8e0_ff_w2_11, i32 %p_ZL8e0_ff_w2_12, i32 %p_ZL8e0_ff_w2_13, i32 %p_ZL8e0_ff_w2_14, i32 %p_ZL8e0_ff_w2_15, i32 %e0_ff_b2, i32 %e0_ff_w3_0, i32 %e0_dsp_w0, i32 %e0_dsp_b0, i32 %p_ZL9e0_dsp_w1_0, i32 %p_ZL9e0_dsp_w1_1, i32 %p_ZL9e0_dsp_w1_2, i32 %p_ZL9e0_dsp_w1_3, i32 %p_ZL9e0_dsp_w1_4, i32 %p_ZL9e0_dsp_w1_5, i32 %p_ZL9e0_dsp_w1_6, i32 %p_ZL9e0_dsp_w1_7, i32 %p_ZL9e0_dsp_w1_8, i32 %p_ZL9e0_dsp_w1_9, i32 %p_ZL9e0_dsp_w1_10, i32 %p_ZL9e0_dsp_w1_11, i32 %p_ZL9e0_dsp_w1_12, i32 %p_ZL9e0_dsp_w1_13, i32 %p_ZL9e0_dsp_w1_14, i32 %p_ZL9e0_dsp_w1_15, i32 %p_ZL9e0_dsp_w1_16, i32 %p_ZL9e0_dsp_w1_17, i32 %p_ZL9e0_dsp_w1_18, i32 %p_ZL9e0_dsp_w1_19, i32 %p_ZL9e0_dsp_w1_20, i32 %p_ZL9e0_dsp_w1_21, i32 %p_ZL9e0_dsp_w1_22, i32 %p_ZL9e0_dsp_w1_23, i32 %p_ZL9e0_dsp_w1_24, i32 %p_ZL9e0_dsp_w1_25, i32 %p_ZL9e0_dsp_w1_26, i32 %p_ZL9e0_dsp_w1_27, i32 %p_ZL9e0_dsp_w1_28, i32 %p_ZL9e0_dsp_w1_29, i32 %p_ZL9e0_dsp_w1_30, i32 %p_ZL9e0_dsp_w1_31, i32 %e0_dsp_b1, i32 %p_ZL9e0_dsp_w2_0, i32 %p_ZL9e0_dsp_w2_1, i32 %p_ZL9e0_dsp_w2_2, i32 %p_ZL9e0_dsp_w2_3, i32 %p_ZL9e0_dsp_w2_4, i32 %p_ZL9e0_dsp_w2_5, i32 %p_ZL9e0_dsp_w2_6, i32 %p_ZL9e0_dsp_w2_7, i32 %p_ZL9e0_dsp_w2_8, i32 %p_ZL9e0_dsp_w2_9, i32 %p_ZL9e0_dsp_w2_10, i32 %p_ZL9e0_dsp_w2_11, i32 %p_ZL9e0_dsp_w2_12, i32 %p_ZL9e0_dsp_w2_13, i32 %p_ZL9e0_dsp_w2_14, i32 %p_ZL9e0_dsp_w2_15, i32 %e0_dsp_b2, i32 %e0_dsp_w3_0, i32 %e0_bram_w0, i32 %e0_bram_b0, i32 %p_ZL10e0_bram_w1_0, i32 %p_ZL10e0_bram_w1_1, i32 %p_ZL10e0_bram_w1_2, i32 %p_ZL10e0_bram_w1_3, i32 %p_ZL10e0_bram_w1_4, i32 %p_ZL10e0_bram_w1_5, i32 %p_ZL10e0_bram_w1_6, i32 %p_ZL10e0_bram_w1_7, i32 %p_ZL10e0_bram_w1_8, i32 %p_ZL10e0_bram_w1_9, i32 %p_ZL10e0_bram_w1_10, i32 %p_ZL10e0_bram_w1_11, i32 %p_ZL10e0_bram_w1_12, i32 %p_ZL10e0_bram_w1_13, i32 %p_ZL10e0_bram_w1_14, i32 %p_ZL10e0_bram_w1_15, i32 %p_ZL10e0_bram_w1_16, i32 %p_ZL10e0_bram_w1_17, i32 %p_ZL10e0_bram_w1_18, i32 %p_ZL10e0_bram_w1_19, i32 %p_ZL10e0_bram_w1_20, i32 %p_ZL10e0_bram_w1_21, i32 %p_ZL10e0_bram_w1_22, i32 %p_ZL10e0_bram_w1_23, i32 %p_ZL10e0_bram_w1_24, i32 %p_ZL10e0_bram_w1_25, i32 %p_ZL10e0_bram_w1_26, i32 %p_ZL10e0_bram_w1_27, i32 %p_ZL10e0_bram_w1_28, i32 %p_ZL10e0_bram_w1_29, i32 %p_ZL10e0_bram_w1_30, i32 %p_ZL10e0_bram_w1_31, i32 %e0_bram_b1, i32 %p_ZL10e0_bram_w2_0, i32 %p_ZL10e0_bram_w2_1, i32 %p_ZL10e0_bram_w2_2, i32 %p_ZL10e0_bram_w2_3, i32 %p_ZL10e0_bram_w2_4, i32 %p_ZL10e0_bram_w2_5, i32 %p_ZL10e0_bram_w2_6, i32 %p_ZL10e0_bram_w2_7, i32 %p_ZL10e0_bram_w2_8, i32 %p_ZL10e0_bram_w2_9, i32 %p_ZL10e0_bram_w2_10, i32 %p_ZL10e0_bram_w2_11, i32 %p_ZL10e0_bram_w2_12, i32 %p_ZL10e0_bram_w2_13, i32 %p_ZL10e0_bram_w2_14, i32 %p_ZL10e0_bram_w2_15, i32 %e0_bram_b2, i32 %e0_bram_w3_0, i32 %e1_perf_w0, i32 %e1_perf_b0, i32 %p_ZL10e1_perf_w1_0, i32 %p_ZL10e1_perf_w1_1, i32 %p_ZL10e1_perf_w1_2, i32 %p_ZL10e1_perf_w1_3, i32 %p_ZL10e1_perf_w1_4, i32 %p_ZL10e1_perf_w1_5, i32 %p_ZL10e1_perf_w1_6, i32 %p_ZL10e1_perf_w1_7, i32 %p_ZL10e1_perf_w1_8, i32 %p_ZL10e1_perf_w1_9, i32 %p_ZL10e1_perf_w1_10, i32 %p_ZL10e1_perf_w1_11, i32 %p_ZL10e1_perf_w1_12, i32 %p_ZL10e1_perf_w1_13, i32 %p_ZL10e1_perf_w1_14, i32 %p_ZL10e1_perf_w1_15, i32 %p_ZL10e1_perf_w1_16, i32 %p_ZL10e1_perf_w1_17, i32 %p_ZL10e1_perf_w1_18, i32 %p_ZL10e1_perf_w1_19, i32 %p_ZL10e1_perf_w1_20, i32 %p_ZL10e1_perf_w1_21, i32 %p_ZL10e1_perf_w1_22, i32 %p_ZL10e1_perf_w1_23, i32 %p_ZL10e1_perf_w1_24, i32 %p_ZL10e1_perf_w1_25, i32 %p_ZL10e1_perf_w1_26, i32 %p_ZL10e1_perf_w1_27, i32 %p_ZL10e1_perf_w1_28, i32 %p_ZL10e1_perf_w1_29, i32 %p_ZL10e1_perf_w1_30, i32 %p_ZL10e1_perf_w1_31, i32 %e1_perf_b1, i32 %p_ZL10e1_perf_w2_0, i32 %p_ZL10e1_perf_w2_1, i32 %p_ZL10e1_perf_w2_2, i32 %p_ZL10e1_perf_w2_3, i32 %p_ZL10e1_perf_w2_4, i32 %p_ZL10e1_perf_w2_5, i32 %p_ZL10e1_perf_w2_6, i32 %p_ZL10e1_perf_w2_7, i32 %p_ZL10e1_perf_w2_8, i32 %p_ZL10e1_perf_w2_9, i32 %p_ZL10e1_perf_w2_10, i32 %p_ZL10e1_perf_w2_11, i32 %p_ZL10e1_perf_w2_12, i32 %p_ZL10e1_perf_w2_13, i32 %p_ZL10e1_perf_w2_14, i32 %p_ZL10e1_perf_w2_15, i32 %e1_perf_b2, i32 %e1_perf_w3_0, i32 %e1_lut_w0, i32 %e1_lut_b0, i32 %p_ZL9e1_lut_w1_0, i32 %p_ZL9e1_lut_w1_1, i32 %p_ZL9e1_lut_w1_2, i32 %p_ZL9e1_lut_w1_3, i32 %p_ZL9e1_lut_w1_4, i32 %p_ZL9e1_lut_w1_5, i32 %p_ZL9e1_lut_w1_6, i32 %p_ZL9e1_lut_w1_7, i32 %p_ZL9e1_lut_w1_8, i32 %p_ZL9e1_lut_w1_9, i32 %p_ZL9e1_lut_w1_10, i32 %p_ZL9e1_lut_w1_11, i32 %p_ZL9e1_lut_w1_12, i32 %p_ZL9e1_lut_w1_13, i32 %p_ZL9e1_lut_w1_14, i32 %p_ZL9e1_lut_w1_15, i32 %p_ZL9e1_lut_w1_16, i32 %p_ZL9e1_lut_w1_17, i32 %p_ZL9e1_lut_w1_18, i32 %p_ZL9e1_lut_w1_19, i32 %p_ZL9e1_lut_w1_20, i32 %p_ZL9e1_lut_w1_21, i32 %p_ZL9e1_lut_w1_22, i32 %p_ZL9e1_lut_w1_23, i32 %p_ZL9e1_lut_w1_24, i32 %p_ZL9e1_lut_w1_25, i32 %p_ZL9e1_lut_w1_26, i32 %p_ZL9e1_lut_w1_27, i32 %p_ZL9e1_lut_w1_28, i32 %p_ZL9e1_lut_w1_29, i32 %p_ZL9e1_lut_w1_30, i32 %p_ZL9e1_lut_w1_31, i32 %e1_lut_b1, i32 %p_ZL9e1_lut_w2_0, i32 %p_ZL9e1_lut_w2_1, i32 %p_ZL9e1_lut_w2_2, i32 %p_ZL9e1_lut_w2_3, i32 %p_ZL9e1_lut_w2_4, i32 %p_ZL9e1_lut_w2_5, i32 %p_ZL9e1_lut_w2_6, i32 %p_ZL9e1_lut_w2_7, i32 %p_ZL9e1_lut_w2_8, i32 %p_ZL9e1_lut_w2_9, i32 %p_ZL9e1_lut_w2_10, i32 %p_ZL9e1_lut_w2_11, i32 %p_ZL9e1_lut_w2_12, i32 %p_ZL9e1_lut_w2_13, i32 %p_ZL9e1_lut_w2_14, i32 %p_ZL9e1_lut_w2_15, i32 %e1_lut_b2, i32 %e1_lut_w3_0, i32 %e1_ff_w0, i32 %e1_ff_b0, i32 %p_ZL8e1_ff_w1_0, i32 %p_ZL8e1_ff_w1_1, i32 %p_ZL8e1_ff_w1_2, i32 %p_ZL8e1_ff_w1_3, i32 %p_ZL8e1_ff_w1_4, i32 %p_ZL8e1_ff_w1_5, i32 %p_ZL8e1_ff_w1_6, i32 %p_ZL8e1_ff_w1_7, i32 %p_ZL8e1_ff_w1_8, i32 %p_ZL8e1_ff_w1_9, i32 %p_ZL8e1_ff_w1_10, i32 %p_ZL8e1_ff_w1_11, i32 %p_ZL8e1_ff_w1_12, i32 %p_ZL8e1_ff_w1_13, i32 %p_ZL8e1_ff_w1_14, i32 %p_ZL8e1_ff_w1_15, i32 %p_ZL8e1_ff_w1_16, i32 %p_ZL8e1_ff_w1_17, i32 %p_ZL8e1_ff_w1_18, i32 %p_ZL8e1_ff_w1_19, i32 %p_ZL8e1_ff_w1_20, i32 %p_ZL8e1_ff_w1_21, i32 %p_ZL8e1_ff_w1_22, i32 %p_ZL8e1_ff_w1_23, i32 %p_ZL8e1_ff_w1_24, i32 %p_ZL8e1_ff_w1_25, i32 %p_ZL8e1_ff_w1_26, i32 %p_ZL8e1_ff_w1_27, i32 %p_ZL8e1_ff_w1_28, i32 %p_ZL8e1_ff_w1_29, i32 %p_ZL8e1_ff_w1_30, i32 %p_ZL8e1_ff_w1_31, i32 %e1_ff_b1, i32 %p_ZL8e1_ff_w2_0, i32 %p_ZL8e1_ff_w2_1, i32 %p_ZL8e1_ff_w2_2, i32 %p_ZL8e1_ff_w2_3, i32 %p_ZL8e1_ff_w2_4, i32 %p_ZL8e1_ff_w2_5, i32 %p_ZL8e1_ff_w2_6, i32 %p_ZL8e1_ff_w2_7, i32 %p_ZL8e1_ff_w2_8, i32 %p_ZL8e1_ff_w2_9, i32 %p_ZL8e1_ff_w2_10, i32 %p_ZL8e1_ff_w2_11, i32 %p_ZL8e1_ff_w2_12, i32 %p_ZL8e1_ff_w2_13, i32 %p_ZL8e1_ff_w2_14, i32 %p_ZL8e1_ff_w2_15, i32 %e1_ff_b2, i32 %e1_ff_w3_0, i32 %e1_dsp_w0, i32 %e1_dsp_b0, i32 %p_ZL9e1_dsp_w1_0, i32 %p_ZL9e1_dsp_w1_1, i32 %p_ZL9e1_dsp_w1_2, i32 %p_ZL9e1_dsp_w1_3, i32 %p_ZL9e1_dsp_w1_4, i32 %p_ZL9e1_dsp_w1_5, i32 %p_ZL9e1_dsp_w1_6, i32 %p_ZL9e1_dsp_w1_7, i32 %p_ZL9e1_dsp_w1_8, i32 %p_ZL9e1_dsp_w1_9, i32 %p_ZL9e1_dsp_w1_10, i32 %p_ZL9e1_dsp_w1_11, i32 %p_ZL9e1_dsp_w1_12, i32 %p_ZL9e1_dsp_w1_13, i32 %p_ZL9e1_dsp_w1_14, i32 %p_ZL9e1_dsp_w1_15, i32 %p_ZL9e1_dsp_w1_16, i32 %p_ZL9e1_dsp_w1_17, i32 %p_ZL9e1_dsp_w1_18, i32 %p_ZL9e1_dsp_w1_19, i32 %p_ZL9e1_dsp_w1_20, i32 %p_ZL9e1_dsp_w1_21, i32 %p_ZL9e1_dsp_w1_22, i32 %p_ZL9e1_dsp_w1_23, i32 %p_ZL9e1_dsp_w1_24, i32 %p_ZL9e1_dsp_w1_25, i32 %p_ZL9e1_dsp_w1_26, i32 %p_ZL9e1_dsp_w1_27, i32 %p_ZL9e1_dsp_w1_28, i32 %p_ZL9e1_dsp_w1_29, i32 %p_ZL9e1_dsp_w1_30, i32 %p_ZL9e1_dsp_w1_31, i32 %e1_dsp_b1, i32 %p_ZL9e1_dsp_w2_0, i32 %p_ZL9e1_dsp_w2_1, i32 %p_ZL9e1_dsp_w2_2, i32 %p_ZL9e1_dsp_w2_3, i32 %p_ZL9e1_dsp_w2_4, i32 %p_ZL9e1_dsp_w2_5, i32 %p_ZL9e1_dsp_w2_6, i32 %p_ZL9e1_dsp_w2_7, i32 %p_ZL9e1_dsp_w2_8, i32 %p_ZL9e1_dsp_w2_9, i32 %p_ZL9e1_dsp_w2_10, i32 %p_ZL9e1_dsp_w2_11, i32 %p_ZL9e1_dsp_w2_12, i32 %p_ZL9e1_dsp_w2_13, i32 %p_ZL9e1_dsp_w2_14, i32 %p_ZL9e1_dsp_w2_15, i32 %e1_dsp_b2, i32 %e1_dsp_w3_0, i32 %e1_bram_w0, i32 %e1_bram_b0, i32 %p_ZL10e1_bram_w1_0, i32 %p_ZL10e1_bram_w1_1, i32 %p_ZL10e1_bram_w1_2, i32 %p_ZL10e1_bram_w1_3, i32 %p_ZL10e1_bram_w1_4, i32 %p_ZL10e1_bram_w1_5, i32 %p_ZL10e1_bram_w1_6, i32 %p_ZL10e1_bram_w1_7, i32 %p_ZL10e1_bram_w1_8, i32 %p_ZL10e1_bram_w1_9, i32 %p_ZL10e1_bram_w1_10, i32 %p_ZL10e1_bram_w1_11, i32 %p_ZL10e1_bram_w1_12, i32 %p_ZL10e1_bram_w1_13, i32 %p_ZL10e1_bram_w1_14, i32 %p_ZL10e1_bram_w1_15, i32 %p_ZL10e1_bram_w1_16, i32 %p_ZL10e1_bram_w1_17, i32 %p_ZL10e1_bram_w1_18, i32 %p_ZL10e1_bram_w1_19, i32 %p_ZL10e1_bram_w1_20, i32 %p_ZL10e1_bram_w1_21, i32 %p_ZL10e1_bram_w1_22, i32 %p_ZL10e1_bram_w1_23, i32 %p_ZL10e1_bram_w1_24, i32 %p_ZL10e1_bram_w1_25, i32 %p_ZL10e1_bram_w1_26, i32 %p_ZL10e1_bram_w1_27, i32 %p_ZL10e1_bram_w1_28, i32 %p_ZL10e1_bram_w1_29, i32 %p_ZL10e1_bram_w1_30, i32 %p_ZL10e1_bram_w1_31, i32 %e1_bram_b1, i32 %p_ZL10e1_bram_w2_0, i32 %p_ZL10e1_bram_w2_1, i32 %p_ZL10e1_bram_w2_2, i32 %p_ZL10e1_bram_w2_3, i32 %p_ZL10e1_bram_w2_4, i32 %p_ZL10e1_bram_w2_5, i32 %p_ZL10e1_bram_w2_6, i32 %p_ZL10e1_bram_w2_7, i32 %p_ZL10e1_bram_w2_8, i32 %p_ZL10e1_bram_w2_9, i32 %p_ZL10e1_bram_w2_10, i32 %p_ZL10e1_bram_w2_11, i32 %p_ZL10e1_bram_w2_12, i32 %p_ZL10e1_bram_w2_13, i32 %p_ZL10e1_bram_w2_14, i32 %p_ZL10e1_bram_w2_15, i32 %e1_bram_b2, i32 %e1_bram_w3_0, i32 %e2_perf_w0, i32 %e2_perf_b0, i32 %p_ZL10e2_perf_w1_0, i32 %p_ZL10e2_perf_w1_1, i32 %p_ZL10e2_perf_w1_2, i32 %p_ZL10e2_perf_w1_3, i32 %p_ZL10e2_perf_w1_4, i32 %p_ZL10e2_perf_w1_5, i32 %p_ZL10e2_perf_w1_6, i32 %p_ZL10e2_perf_w1_7, i32 %p_ZL10e2_perf_w1_8, i32 %p_ZL10e2_perf_w1_9, i32 %p_ZL10e2_perf_w1_10, i32 %p_ZL10e2_perf_w1_11, i32 %p_ZL10e2_perf_w1_12, i32 %p_ZL10e2_perf_w1_13, i32 %p_ZL10e2_perf_w1_14, i32 %p_ZL10e2_perf_w1_15, i32 %p_ZL10e2_perf_w1_16, i32 %p_ZL10e2_perf_w1_17, i32 %p_ZL10e2_perf_w1_18, i32 %p_ZL10e2_perf_w1_19, i32 %p_ZL10e2_perf_w1_20, i32 %p_ZL10e2_perf_w1_21, i32 %p_ZL10e2_perf_w1_22, i32 %p_ZL10e2_perf_w1_23, i32 %p_ZL10e2_perf_w1_24, i32 %p_ZL10e2_perf_w1_25, i32 %p_ZL10e2_perf_w1_26, i32 %p_ZL10e2_perf_w1_27, i32 %p_ZL10e2_perf_w1_28, i32 %p_ZL10e2_perf_w1_29, i32 %p_ZL10e2_perf_w1_30, i32 %p_ZL10e2_perf_w1_31, i32 %e2_perf_b1, i32 %p_ZL10e2_perf_w2_0, i32 %p_ZL10e2_perf_w2_1, i32 %p_ZL10e2_perf_w2_2, i32 %p_ZL10e2_perf_w2_3, i32 %p_ZL10e2_perf_w2_4, i32 %p_ZL10e2_perf_w2_5, i32 %p_ZL10e2_perf_w2_6, i32 %p_ZL10e2_perf_w2_7, i32 %p_ZL10e2_perf_w2_8, i32 %p_ZL10e2_perf_w2_9, i32 %p_ZL10e2_perf_w2_10, i32 %p_ZL10e2_perf_w2_11, i32 %p_ZL10e2_perf_w2_12, i32 %p_ZL10e2_perf_w2_13, i32 %p_ZL10e2_perf_w2_14, i32 %p_ZL10e2_perf_w2_15, i32 %e2_perf_b2, i32 %e2_perf_w3_0, i32 %e2_lut_w0, i32 %e2_lut_b0, i32 %p_ZL9e2_lut_w1_0, i32 %p_ZL9e2_lut_w1_1, i32 %p_ZL9e2_lut_w1_2, i32 %p_ZL9e2_lut_w1_3, i32 %p_ZL9e2_lut_w1_4, i32 %p_ZL9e2_lut_w1_5, i32 %p_ZL9e2_lut_w1_6, i32 %p_ZL9e2_lut_w1_7, i32 %p_ZL9e2_lut_w1_8, i32 %p_ZL9e2_lut_w1_9, i32 %p_ZL9e2_lut_w1_10, i32 %p_ZL9e2_lut_w1_11, i32 %p_ZL9e2_lut_w1_12, i32 %p_ZL9e2_lut_w1_13, i32 %p_ZL9e2_lut_w1_14, i32 %p_ZL9e2_lut_w1_15, i32 %p_ZL9e2_lut_w1_16, i32 %p_ZL9e2_lut_w1_17, i32 %p_ZL9e2_lut_w1_18, i32 %p_ZL9e2_lut_w1_19, i32 %p_ZL9e2_lut_w1_20, i32 %p_ZL9e2_lut_w1_21, i32 %p_ZL9e2_lut_w1_22, i32 %p_ZL9e2_lut_w1_23, i32 %p_ZL9e2_lut_w1_24, i32 %p_ZL9e2_lut_w1_25, i32 %p_ZL9e2_lut_w1_26, i32 %p_ZL9e2_lut_w1_27, i32 %p_ZL9e2_lut_w1_28, i32 %p_ZL9e2_lut_w1_29, i32 %p_ZL9e2_lut_w1_30, i32 %p_ZL9e2_lut_w1_31, i32 %e2_lut_b1, i32 %p_ZL9e2_lut_w2_0, i32 %p_ZL9e2_lut_w2_1, i32 %p_ZL9e2_lut_w2_2, i32 %p_ZL9e2_lut_w2_3, i32 %p_ZL9e2_lut_w2_4, i32 %p_ZL9e2_lut_w2_5, i32 %p_ZL9e2_lut_w2_6, i32 %p_ZL9e2_lut_w2_7, i32 %p_ZL9e2_lut_w2_8, i32 %p_ZL9e2_lut_w2_9, i32 %p_ZL9e2_lut_w2_10, i32 %p_ZL9e2_lut_w2_11, i32 %p_ZL9e2_lut_w2_12, i32 %p_ZL9e2_lut_w2_13, i32 %p_ZL9e2_lut_w2_14, i32 %p_ZL9e2_lut_w2_15, i32 %e2_lut_b2, i32 %e2_lut_w3_0, i32 %e2_ff_w0, i32 %e2_ff_b0, i32 %p_ZL8e2_ff_w1_0, i32 %p_ZL8e2_ff_w1_1, i32 %p_ZL8e2_ff_w1_2, i32 %p_ZL8e2_ff_w1_3, i32 %p_ZL8e2_ff_w1_4, i32 %p_ZL8e2_ff_w1_5, i32 %p_ZL8e2_ff_w1_6, i32 %p_ZL8e2_ff_w1_7, i32 %p_ZL8e2_ff_w1_8, i32 %p_ZL8e2_ff_w1_9, i32 %p_ZL8e2_ff_w1_10, i32 %p_ZL8e2_ff_w1_11, i32 %p_ZL8e2_ff_w1_12, i32 %p_ZL8e2_ff_w1_13, i32 %p_ZL8e2_ff_w1_14, i32 %p_ZL8e2_ff_w1_15, i32 %p_ZL8e2_ff_w1_16, i32 %p_ZL8e2_ff_w1_17, i32 %p_ZL8e2_ff_w1_18, i32 %p_ZL8e2_ff_w1_19, i32 %p_ZL8e2_ff_w1_20, i32 %p_ZL8e2_ff_w1_21, i32 %p_ZL8e2_ff_w1_22, i32 %p_ZL8e2_ff_w1_23, i32 %p_ZL8e2_ff_w1_24, i32 %p_ZL8e2_ff_w1_25, i32 %p_ZL8e2_ff_w1_26, i32 %p_ZL8e2_ff_w1_27, i32 %p_ZL8e2_ff_w1_28, i32 %p_ZL8e2_ff_w1_29, i32 %p_ZL8e2_ff_w1_30, i32 %p_ZL8e2_ff_w1_31, i32 %e2_ff_b1, i32 %p_ZL8e2_ff_w2_0, i32 %p_ZL8e2_ff_w2_1, i32 %p_ZL8e2_ff_w2_2, i32 %p_ZL8e2_ff_w2_3, i32 %p_ZL8e2_ff_w2_4, i32 %p_ZL8e2_ff_w2_5, i32 %p_ZL8e2_ff_w2_6, i32 %p_ZL8e2_ff_w2_7, i32 %p_ZL8e2_ff_w2_8, i32 %p_ZL8e2_ff_w2_9, i32 %p_ZL8e2_ff_w2_10, i32 %p_ZL8e2_ff_w2_11, i32 %p_ZL8e2_ff_w2_12, i32 %p_ZL8e2_ff_w2_13, i32 %p_ZL8e2_ff_w2_14, i32 %p_ZL8e2_ff_w2_15, i32 %e2_ff_b2, i32 %e2_ff_w3_0, i32 %e2_dsp_w0, i32 %e2_dsp_b0, i32 %p_ZL9e2_dsp_w1_0, i32 %p_ZL9e2_dsp_w1_1, i32 %p_ZL9e2_dsp_w1_2, i32 %p_ZL9e2_dsp_w1_3, i32 %p_ZL9e2_dsp_w1_4, i32 %p_ZL9e2_dsp_w1_5, i32 %p_ZL9e2_dsp_w1_6, i32 %p_ZL9e2_dsp_w1_7, i32 %p_ZL9e2_dsp_w1_8, i32 %p_ZL9e2_dsp_w1_9, i32 %p_ZL9e2_dsp_w1_10, i32 %p_ZL9e2_dsp_w1_11, i32 %p_ZL9e2_dsp_w1_12, i32 %p_ZL9e2_dsp_w1_13, i32 %p_ZL9e2_dsp_w1_14, i32 %p_ZL9e2_dsp_w1_15, i32 %p_ZL9e2_dsp_w1_16, i32 %p_ZL9e2_dsp_w1_17, i32 %p_ZL9e2_dsp_w1_18, i32 %p_ZL9e2_dsp_w1_19, i32 %p_ZL9e2_dsp_w1_20, i32 %p_ZL9e2_dsp_w1_21, i32 %p_ZL9e2_dsp_w1_22, i32 %p_ZL9e2_dsp_w1_23, i32 %p_ZL9e2_dsp_w1_24, i32 %p_ZL9e2_dsp_w1_25, i32 %p_ZL9e2_dsp_w1_26, i32 %p_ZL9e2_dsp_w1_27, i32 %p_ZL9e2_dsp_w1_28, i32 %p_ZL9e2_dsp_w1_29, i32 %p_ZL9e2_dsp_w1_30, i32 %p_ZL9e2_dsp_w1_31, i32 %e2_dsp_b1, i32 %p_ZL9e2_dsp_w2_0, i32 %p_ZL9e2_dsp_w2_1, i32 %p_ZL9e2_dsp_w2_2, i32 %p_ZL9e2_dsp_w2_3, i32 %p_ZL9e2_dsp_w2_4, i32 %p_ZL9e2_dsp_w2_5, i32 %p_ZL9e2_dsp_w2_6, i32 %p_ZL9e2_dsp_w2_7, i32 %p_ZL9e2_dsp_w2_8, i32 %p_ZL9e2_dsp_w2_9, i32 %p_ZL9e2_dsp_w2_10, i32 %p_ZL9e2_dsp_w2_11, i32 %p_ZL9e2_dsp_w2_12, i32 %p_ZL9e2_dsp_w2_13, i32 %p_ZL9e2_dsp_w2_14, i32 %p_ZL9e2_dsp_w2_15, i32 %e2_dsp_b2, i32 %e2_dsp_w3_0, i32 %e2_bram_w0, i32 %e2_bram_b0, i32 %p_ZL10e2_bram_w1_0, i32 %p_ZL10e2_bram_w1_1, i32 %p_ZL10e2_bram_w1_2, i32 %p_ZL10e2_bram_w1_3, i32 %p_ZL10e2_bram_w1_4, i32 %p_ZL10e2_bram_w1_5, i32 %p_ZL10e2_bram_w1_6, i32 %p_ZL10e2_bram_w1_7, i32 %p_ZL10e2_bram_w1_8, i32 %p_ZL10e2_bram_w1_9, i32 %p_ZL10e2_bram_w1_10, i32 %p_ZL10e2_bram_w1_11, i32 %p_ZL10e2_bram_w1_12, i32 %p_ZL10e2_bram_w1_13, i32 %p_ZL10e2_bram_w1_14, i32 %p_ZL10e2_bram_w1_15, i32 %p_ZL10e2_bram_w1_16, i32 %p_ZL10e2_bram_w1_17, i32 %p_ZL10e2_bram_w1_18, i32 %p_ZL10e2_bram_w1_19, i32 %p_ZL10e2_bram_w1_20, i32 %p_ZL10e2_bram_w1_21, i32 %p_ZL10e2_bram_w1_22, i32 %p_ZL10e2_bram_w1_23, i32 %p_ZL10e2_bram_w1_24, i32 %p_ZL10e2_bram_w1_25, i32 %p_ZL10e2_bram_w1_26, i32 %p_ZL10e2_bram_w1_27, i32 %p_ZL10e2_bram_w1_28, i32 %p_ZL10e2_bram_w1_29, i32 %p_ZL10e2_bram_w1_30, i32 %p_ZL10e2_bram_w1_31, i32 %e2_bram_b1, i32 %p_ZL10e2_bram_w2_0, i32 %p_ZL10e2_bram_w2_1, i32 %p_ZL10e2_bram_w2_2, i32 %p_ZL10e2_bram_w2_3, i32 %p_ZL10e2_bram_w2_4, i32 %p_ZL10e2_bram_w2_5, i32 %p_ZL10e2_bram_w2_6, i32 %p_ZL10e2_bram_w2_7, i32 %p_ZL10e2_bram_w2_8, i32 %p_ZL10e2_bram_w2_9, i32 %p_ZL10e2_bram_w2_10, i32 %p_ZL10e2_bram_w2_11, i32 %p_ZL10e2_bram_w2_12, i32 %p_ZL10e2_bram_w2_13, i32 %p_ZL10e2_bram_w2_14, i32 %p_ZL10e2_bram_w2_15, i32 %e2_bram_b2, i32 %e2_bram_w3_0, i32 %e3_perf_w0, i32 %e3_perf_b0, i32 %p_ZL10e3_perf_w1_0, i32 %p_ZL10e3_perf_w1_1, i32 %p_ZL10e3_perf_w1_2, i32 %p_ZL10e3_perf_w1_3, i32 %p_ZL10e3_perf_w1_4, i32 %p_ZL10e3_perf_w1_5, i32 %p_ZL10e3_perf_w1_6, i32 %p_ZL10e3_perf_w1_7, i32 %p_ZL10e3_perf_w1_8, i32 %p_ZL10e3_perf_w1_9, i32 %p_ZL10e3_perf_w1_10, i32 %p_ZL10e3_perf_w1_11, i32 %p_ZL10e3_perf_w1_12, i32 %p_ZL10e3_perf_w1_13, i32 %p_ZL10e3_perf_w1_14, i32 %p_ZL10e3_perf_w1_15, i32 %p_ZL10e3_perf_w1_16, i32 %p_ZL10e3_perf_w1_17, i32 %p_ZL10e3_perf_w1_18, i32 %p_ZL10e3_perf_w1_19, i32 %p_ZL10e3_perf_w1_20, i32 %p_ZL10e3_perf_w1_21, i32 %p_ZL10e3_perf_w1_22, i32 %p_ZL10e3_perf_w1_23, i32 %p_ZL10e3_perf_w1_24, i32 %p_ZL10e3_perf_w1_25, i32 %p_ZL10e3_perf_w1_26, i32 %p_ZL10e3_perf_w1_27, i32 %p_ZL10e3_perf_w1_28, i32 %p_ZL10e3_perf_w1_29, i32 %p_ZL10e3_perf_w1_30, i32 %p_ZL10e3_perf_w1_31, i32 %e3_perf_b1, i32 %p_ZL10e3_perf_w2_0, i32 %p_ZL10e3_perf_w2_1, i32 %p_ZL10e3_perf_w2_2, i32 %p_ZL10e3_perf_w2_3, i32 %p_ZL10e3_perf_w2_4, i32 %p_ZL10e3_perf_w2_5, i32 %p_ZL10e3_perf_w2_6, i32 %p_ZL10e3_perf_w2_7, i32 %p_ZL10e3_perf_w2_8, i32 %p_ZL10e3_perf_w2_9, i32 %p_ZL10e3_perf_w2_10, i32 %p_ZL10e3_perf_w2_11, i32 %p_ZL10e3_perf_w2_12, i32 %p_ZL10e3_perf_w2_13, i32 %p_ZL10e3_perf_w2_14, i32 %p_ZL10e3_perf_w2_15, i32 %e3_perf_b2, i32 %e3_perf_w3_0, i32 %e3_lut_w0, i32 %e3_lut_b0, i32 %p_ZL9e3_lut_w1_0, i32 %p_ZL9e3_lut_w1_1, i32 %p_ZL9e3_lut_w1_2, i32 %p_ZL9e3_lut_w1_3, i32 %p_ZL9e3_lut_w1_4, i32 %p_ZL9e3_lut_w1_5, i32 %p_ZL9e3_lut_w1_6, i32 %p_ZL9e3_lut_w1_7, i32 %p_ZL9e3_lut_w1_8, i32 %p_ZL9e3_lut_w1_9, i32 %p_ZL9e3_lut_w1_10, i32 %p_ZL9e3_lut_w1_11, i32 %p_ZL9e3_lut_w1_12, i32 %p_ZL9e3_lut_w1_13, i32 %p_ZL9e3_lut_w1_14, i32 %p_ZL9e3_lut_w1_15, i32 %p_ZL9e3_lut_w1_16, i32 %p_ZL9e3_lut_w1_17, i32 %p_ZL9e3_lut_w1_18, i32 %p_ZL9e3_lut_w1_19, i32 %p_ZL9e3_lut_w1_20, i32 %p_ZL9e3_lut_w1_21, i32 %p_ZL9e3_lut_w1_22, i32 %p_ZL9e3_lut_w1_23, i32 %p_ZL9e3_lut_w1_24, i32 %p_ZL9e3_lut_w1_25, i32 %p_ZL9e3_lut_w1_26, i32 %p_ZL9e3_lut_w1_27, i32 %p_ZL9e3_lut_w1_28, i32 %p_ZL9e3_lut_w1_29, i32 %p_ZL9e3_lut_w1_30, i32 %p_ZL9e3_lut_w1_31, i32 %e3_lut_b1, i32 %p_ZL9e3_lut_w2_0, i32 %p_ZL9e3_lut_w2_1, i32 %p_ZL9e3_lut_w2_2, i32 %p_ZL9e3_lut_w2_3, i32 %p_ZL9e3_lut_w2_4, i32 %p_ZL9e3_lut_w2_5, i32 %p_ZL9e3_lut_w2_6, i32 %p_ZL9e3_lut_w2_7, i32 %p_ZL9e3_lut_w2_8, i32 %p_ZL9e3_lut_w2_9, i32 %p_ZL9e3_lut_w2_10, i32 %p_ZL9e3_lut_w2_11, i32 %p_ZL9e3_lut_w2_12, i32 %p_ZL9e3_lut_w2_13, i32 %p_ZL9e3_lut_w2_14, i32 %p_ZL9e3_lut_w2_15, i32 %e3_lut_b2, i32 %e3_lut_w3_0, i32 %e3_ff_w0, i32 %e3_ff_b0, i32 %p_ZL8e3_ff_w1_0, i32 %p_ZL8e3_ff_w1_1, i32 %p_ZL8e3_ff_w1_2, i32 %p_ZL8e3_ff_w1_3, i32 %p_ZL8e3_ff_w1_4, i32 %p_ZL8e3_ff_w1_5, i32 %p_ZL8e3_ff_w1_6, i32 %p_ZL8e3_ff_w1_7, i32 %p_ZL8e3_ff_w1_8, i32 %p_ZL8e3_ff_w1_9, i32 %p_ZL8e3_ff_w1_10, i32 %p_ZL8e3_ff_w1_11, i32 %p_ZL8e3_ff_w1_12, i32 %p_ZL8e3_ff_w1_13, i32 %p_ZL8e3_ff_w1_14, i32 %p_ZL8e3_ff_w1_15, i32 %p_ZL8e3_ff_w1_16, i32 %p_ZL8e3_ff_w1_17, i32 %p_ZL8e3_ff_w1_18, i32 %p_ZL8e3_ff_w1_19, i32 %p_ZL8e3_ff_w1_20, i32 %p_ZL8e3_ff_w1_21, i32 %p_ZL8e3_ff_w1_22, i32 %p_ZL8e3_ff_w1_23, i32 %p_ZL8e3_ff_w1_24, i32 %p_ZL8e3_ff_w1_25, i32 %p_ZL8e3_ff_w1_26, i32 %p_ZL8e3_ff_w1_27, i32 %p_ZL8e3_ff_w1_28, i32 %p_ZL8e3_ff_w1_29, i32 %p_ZL8e3_ff_w1_30, i32 %p_ZL8e3_ff_w1_31, i32 %e3_ff_b1, i32 %p_ZL8e3_ff_w2_0, i32 %p_ZL8e3_ff_w2_1, i32 %p_ZL8e3_ff_w2_2, i32 %p_ZL8e3_ff_w2_3, i32 %p_ZL8e3_ff_w2_4, i32 %p_ZL8e3_ff_w2_5, i32 %p_ZL8e3_ff_w2_6, i32 %p_ZL8e3_ff_w2_7, i32 %p_ZL8e3_ff_w2_8, i32 %p_ZL8e3_ff_w2_9, i32 %p_ZL8e3_ff_w2_10, i32 %p_ZL8e3_ff_w2_11, i32 %p_ZL8e3_ff_w2_12, i32 %p_ZL8e3_ff_w2_13, i32 %p_ZL8e3_ff_w2_14, i32 %p_ZL8e3_ff_w2_15, i32 %e3_ff_b2, i32 %e3_ff_w3_0, i32 %e3_dsp_w0, i32 %e3_dsp_b0, i32 %p_ZL9e3_dsp_w1_0, i32 %p_ZL9e3_dsp_w1_1, i32 %p_ZL9e3_dsp_w1_2, i32 %p_ZL9e3_dsp_w1_3, i32 %p_ZL9e3_dsp_w1_4, i32 %p_ZL9e3_dsp_w1_5, i32 %p_ZL9e3_dsp_w1_6, i32 %p_ZL9e3_dsp_w1_7, i32 %p_ZL9e3_dsp_w1_8, i32 %p_ZL9e3_dsp_w1_9, i32 %p_ZL9e3_dsp_w1_10, i32 %p_ZL9e3_dsp_w1_11, i32 %p_ZL9e3_dsp_w1_12, i32 %p_ZL9e3_dsp_w1_13, i32 %p_ZL9e3_dsp_w1_14, i32 %p_ZL9e3_dsp_w1_15, i32 %p_ZL9e3_dsp_w1_16, i32 %p_ZL9e3_dsp_w1_17, i32 %p_ZL9e3_dsp_w1_18, i32 %p_ZL9e3_dsp_w1_19, i32 %p_ZL9e3_dsp_w1_20, i32 %p_ZL9e3_dsp_w1_21, i32 %p_ZL9e3_dsp_w1_22, i32 %p_ZL9e3_dsp_w1_23, i32 %p_ZL9e3_dsp_w1_24, i32 %p_ZL9e3_dsp_w1_25, i32 %p_ZL9e3_dsp_w1_26, i32 %p_ZL9e3_dsp_w1_27, i32 %p_ZL9e3_dsp_w1_28, i32 %p_ZL9e3_dsp_w1_29, i32 %p_ZL9e3_dsp_w1_30, i32 %p_ZL9e3_dsp_w1_31, i32 %e3_dsp_b1, i32 %p_ZL9e3_dsp_w2_0, i32 %p_ZL9e3_dsp_w2_1, i32 %p_ZL9e3_dsp_w2_2, i32 %p_ZL9e3_dsp_w2_3, i32 %p_ZL9e3_dsp_w2_4, i32 %p_ZL9e3_dsp_w2_5, i32 %p_ZL9e3_dsp_w2_6, i32 %p_ZL9e3_dsp_w2_7, i32 %p_ZL9e3_dsp_w2_8, i32 %p_ZL9e3_dsp_w2_9, i32 %p_ZL9e3_dsp_w2_10, i32 %p_ZL9e3_dsp_w2_11, i32 %p_ZL9e3_dsp_w2_12, i32 %p_ZL9e3_dsp_w2_13, i32 %p_ZL9e3_dsp_w2_14, i32 %p_ZL9e3_dsp_w2_15, i32 %e3_dsp_b2, i32 %e3_dsp_w3_0, i32 %e3_bram_w0, i32 %e3_bram_b0, i32 %p_ZL10e3_bram_w1_0, i32 %p_ZL10e3_bram_w1_1, i32 %p_ZL10e3_bram_w1_2, i32 %p_ZL10e3_bram_w1_3, i32 %p_ZL10e3_bram_w1_4, i32 %p_ZL10e3_bram_w1_5, i32 %p_ZL10e3_bram_w1_6, i32 %p_ZL10e3_bram_w1_7, i32 %p_ZL10e3_bram_w1_8, i32 %p_ZL10e3_bram_w1_9, i32 %p_ZL10e3_bram_w1_10, i32 %p_ZL10e3_bram_w1_11, i32 %p_ZL10e3_bram_w1_12, i32 %p_ZL10e3_bram_w1_13, i32 %p_ZL10e3_bram_w1_14, i32 %p_ZL10e3_bram_w1_15, i32 %p_ZL10e3_bram_w1_16, i32 %p_ZL10e3_bram_w1_17, i32 %p_ZL10e3_bram_w1_18, i32 %p_ZL10e3_bram_w1_19, i32 %p_ZL10e3_bram_w1_20, i32 %p_ZL10e3_bram_w1_21, i32 %p_ZL10e3_bram_w1_22, i32 %p_ZL10e3_bram_w1_23, i32 %p_ZL10e3_bram_w1_24, i32 %p_ZL10e3_bram_w1_25, i32 %p_ZL10e3_bram_w1_26, i32 %p_ZL10e3_bram_w1_27, i32 %p_ZL10e3_bram_w1_28, i32 %p_ZL10e3_bram_w1_29, i32 %p_ZL10e3_bram_w1_30, i32 %p_ZL10e3_bram_w1_31, i32 %e3_bram_b1, i32 %p_ZL10e3_bram_w2_0, i32 %p_ZL10e3_bram_w2_1, i32 %p_ZL10e3_bram_w2_2, i32 %p_ZL10e3_bram_w2_3, i32 %p_ZL10e3_bram_w2_4, i32 %p_ZL10e3_bram_w2_5, i32 %p_ZL10e3_bram_w2_6, i32 %p_ZL10e3_bram_w2_7, i32 %p_ZL10e3_bram_w2_8, i32 %p_ZL10e3_bram_w2_9, i32 %p_ZL10e3_bram_w2_10, i32 %p_ZL10e3_bram_w2_11, i32 %p_ZL10e3_bram_w2_12, i32 %p_ZL10e3_bram_w2_13, i32 %p_ZL10e3_bram_w2_14, i32 %p_ZL10e3_bram_w2_15, i32 %e3_bram_b2, i32 %e3_bram_w3_0" [src/moe.cpp:1116]   --->   Operation 94 'call' 'call_ln1116' <Predicate = true> <Delay = 0.00> <CoreType = "Generic">   --->   Core 0 '' <Latency = 0> <II = 1> <Delay = 1.00> <Generic> <Opcode : >

State 6 <SV = 3> <Delay = 6.46>
ST_6 : Operation 95 [1/1] (0.00ns)   --->   "%max_logit_loc_load = load i32 %max_logit_loc"   --->   Operation 95 'load' 'max_logit_loc_load' <Predicate = true> <Delay = 0.00>
ST_6 : Operation 96 [2/2] (6.46ns)   --->   "%call_ln0 = call void @output_moe_Pipeline_VITIS_LOOP_1099_4, i32 %gates_0, i32 %gates_3, i32 %gates_2, i32 %gates_1, i32 %p_load, i32 %mux_case_11_load, i32 %mux_case_25_load, i32 %mux_case_310_load, i32 %max_logit_loc_load, i32 %exp_sum_loc"   --->   Operation 96 'call' 'call_ln0' <Predicate = true> <Delay = 6.46> <CoreType = "Generic">   --->   Core 0 '' <Latency = 0> <II = 1> <Delay = 1.00> <Generic> <Opcode : >

State 7 <SV = 4> <Delay = 6.28>
ST_7 : Operation 97 [1/2] (6.28ns)   --->   "%call_ln0 = call void @output_moe_Pipeline_VITIS_LOOP_1099_4, i32 %gates_0, i32 %gates_3, i32 %gates_2, i32 %gates_1, i32 %p_load, i32 %mux_case_11_load, i32 %mux_case_25_load, i32 %mux_case_310_load, i32 %max_logit_loc_load, i32 %exp_sum_loc"   --->   Operation 97 'call' 'call_ln0' <Predicate = true> <Delay = 6.28> <CoreType = "Generic">   --->   Core 0 '' <Latency = 0> <II = 1> <Delay = 1.00> <Generic> <Opcode : >

State 8 <SV = 5> <Delay = 6.26>
ST_8 : Operation 98 [1/1] (0.00ns)   --->   "%exp_sum_loc_load = load i32 %exp_sum_loc"   --->   Operation 98 'load' 'exp_sum_loc_load' <Predicate = true> <Delay = 0.00>
ST_8 : Operation 99 [6/6] (6.26ns)   --->   "%inv_exp_sum = fdiv i32 1, i32 %exp_sum_loc_load" [src/moe.cpp:1106]   --->   Operation 99 'fdiv' 'inv_exp_sum' <Predicate = true> <Delay = 6.26> <CoreInst = "FDiv">   --->   Core 20 'FDiv' <Latency = 5> <II = 1> <Delay = 6.26> <FuncUnit> <Opcode : 'fdiv' 'frem'> <InPorts = 2> <OutPorts = 1>

State 9 <SV = 6> <Delay = 6.26>
ST_9 : Operation 100 [5/6] (6.26ns)   --->   "%inv_exp_sum = fdiv i32 1, i32 %exp_sum_loc_load" [src/moe.cpp:1106]   --->   Operation 100 'fdiv' 'inv_exp_sum' <Predicate = true> <Delay = 6.26> <CoreInst = "FDiv">   --->   Core 20 'FDiv' <Latency = 5> <II = 1> <Delay = 6.26> <FuncUnit> <Opcode : 'fdiv' 'frem'> <InPorts = 2> <OutPorts = 1>

State 10 <SV = 7> <Delay = 6.26>
ST_10 : Operation 101 [4/6] (6.26ns)   --->   "%inv_exp_sum = fdiv i32 1, i32 %exp_sum_loc_load" [src/moe.cpp:1106]   --->   Operation 101 'fdiv' 'inv_exp_sum' <Predicate = true> <Delay = 6.26> <CoreInst = "FDiv">   --->   Core 20 'FDiv' <Latency = 5> <II = 1> <Delay = 6.26> <FuncUnit> <Opcode : 'fdiv' 'frem'> <InPorts = 2> <OutPorts = 1>

State 11 <SV = 8> <Delay = 6.26>
ST_11 : Operation 102 [3/6] (6.26ns)   --->   "%inv_exp_sum = fdiv i32 1, i32 %exp_sum_loc_load" [src/moe.cpp:1106]   --->   Operation 102 'fdiv' 'inv_exp_sum' <Predicate = true> <Delay = 6.26> <CoreInst = "FDiv">   --->   Core 20 'FDiv' <Latency = 5> <II = 1> <Delay = 6.26> <FuncUnit> <Opcode : 'fdiv' 'frem'> <InPorts = 2> <OutPorts = 1>

State 12 <SV = 9> <Delay = 6.26>
ST_12 : Operation 103 [2/6] (6.26ns)   --->   "%inv_exp_sum = fdiv i32 1, i32 %exp_sum_loc_load" [src/moe.cpp:1106]   --->   Operation 103 'fdiv' 'inv_exp_sum' <Predicate = true> <Delay = 6.26> <CoreInst = "FDiv">   --->   Core 20 'FDiv' <Latency = 5> <II = 1> <Delay = 6.26> <FuncUnit> <Opcode : 'fdiv' 'frem'> <InPorts = 2> <OutPorts = 1>

State 13 <SV = 10> <Delay = 6.26>
ST_13 : Operation 104 [1/6] (6.26ns)   --->   "%inv_exp_sum = fdiv i32 1, i32 %exp_sum_loc_load" [src/moe.cpp:1106]   --->   Operation 104 'fdiv' 'inv_exp_sum' <Predicate = true> <Delay = 6.26> <CoreInst = "FDiv">   --->   Core 20 'FDiv' <Latency = 5> <II = 1> <Delay = 6.26> <FuncUnit> <Opcode : 'fdiv' 'frem'> <InPorts = 2> <OutPorts = 1>

State 14 <SV = 11> <Delay = 4.30>
ST_14 : Operation 105 [2/2] (4.30ns)   --->   "%call_ln1106 = call void @output_moe_Pipeline_VITIS_LOOP_1108_5, i32 %gates_0, i32 %gates_3, i32 %gates_2, i32 %gates_1, i32 %inv_exp_sum, i32 %mux_case_3927_phi_loc, i32 %mux_case_2824_phi_loc, i32 %mux_case_1721_phi_loc, i32 %mux_case_0518_phi_loc" [src/moe.cpp:1106]   --->   Operation 105 'call' 'call_ln1106' <Predicate = true> <Delay = 4.30> <CoreType = "Generic">   --->   Core 0 '' <Latency = 0> <II = 1> <Delay = 1.00> <Generic> <Opcode : >

State 15 <SV = 12> <Delay = 3.88>
ST_15 : Operation 106 [1/2] (3.88ns)   --->   "%call_ln1106 = call void @output_moe_Pipeline_VITIS_LOOP_1108_5, i32 %gates_0, i32 %gates_3, i32 %gates_2, i32 %gates_1, i32 %inv_exp_sum, i32 %mux_case_3927_phi_loc, i32 %mux_case_2824_phi_loc, i32 %mux_case_1721_phi_loc, i32 %mux_case_0518_phi_loc" [src/moe.cpp:1106]   --->   Operation 106 'call' 'call_ln1106' <Predicate = true> <Delay = 3.88> <CoreType = "Generic">   --->   Core 0 '' <Latency = 0> <II = 1> <Delay = 1.00> <Generic> <Opcode : >

State 16 <SV = 13> <Delay = 0.00>
ST_16 : Operation 107 [1/1] (0.00ns)   --->   "%mux_case_3927_phi_loc_load = load i32 %mux_case_3927_phi_loc"   --->   Operation 107 'load' 'mux_case_3927_phi_loc_load' <Predicate = true> <Delay = 0.00>
ST_16 : Operation 108 [1/1] (0.00ns)   --->   "%mux_case_2824_phi_loc_load = load i32 %mux_case_2824_phi_loc"   --->   Operation 108 'load' 'mux_case_2824_phi_loc_load' <Predicate = true> <Delay = 0.00>
ST_16 : Operation 109 [1/1] (0.00ns)   --->   "%mux_case_1721_phi_loc_load = load i32 %mux_case_1721_phi_loc"   --->   Operation 109 'load' 'mux_case_1721_phi_loc_load' <Predicate = true> <Delay = 0.00>
ST_16 : Operation 110 [1/1] (0.00ns)   --->   "%mux_case_0518_phi_loc_load = load i32 %mux_case_0518_phi_loc"   --->   Operation 110 'load' 'mux_case_0518_phi_loc_load' <Predicate = true> <Delay = 0.00>
ST_16 : Operation 111 [2/2] (0.00ns)   --->   "%call_ln0 = call void @output_moe_Pipeline_VITIS_LOOP_1122_6, i32 %output_0, i32 %output_4, i32 %output_3, i32 %output_2, i32 %output_1, i32 %expert_output, i32 %expert_output_1, i32 %expert_output_2, i32 %expert_output_3, i32 %mux_case_0518_phi_loc_load, i32 %mux_case_1721_phi_loc_load, i32 %mux_case_2824_phi_loc_load, i32 %mux_case_3927_phi_loc_load"   --->   Operation 111 'call' 'call_ln0' <Predicate = true> <Delay = 0.00> <CoreType = "Generic">   --->   Core 0 '' <Latency = 0> <II = 1> <Delay = 1.00> <Generic> <Opcode : >

State 17 <SV = 14> <Delay = 6.04>
ST_17 : Operation 112 [1/2] (6.04ns)   --->   "%call_ln0 = call void @output_moe_Pipeline_VITIS_LOOP_1122_6, i32 %output_0, i32 %output_4, i32 %output_3, i32 %output_2, i32 %output_1, i32 %expert_output, i32 %expert_output_1, i32 %expert_output_2, i32 %expert_output_3, i32 %mux_case_0518_phi_loc_load, i32 %mux_case_1721_phi_loc_load, i32 %mux_case_2824_phi_loc_load, i32 %mux_case_3927_phi_loc_load"   --->   Operation 112 'call' 'call_ln0' <Predicate = true> <Delay = 6.04> <CoreType = "Generic">   --->   Core 0 '' <Latency = 0> <II = 1> <Delay = 1.00> <Generic> <Opcode : >
ST_17 : Operation 113 [1/1] (0.00ns)   --->   "%ret_ln1132 = ret" [src/moe.cpp:1132]   --->   Operation 113 'ret' 'ret_ln1132' <Predicate = true> <Delay = 0.00>


============================================================
+ Verbose Summary: Timing violations
============================================================
Target clock period: 10.000ns, clock uncertainty: 2.700ns.

 <State 1>: 0.362ns
The critical path consists of the following:
	'alloca' operation 3 bit ('e', src/moe.cpp:1075) [1072]  (0.000 ns)
	'store' operation 0 bit ('store_ln1075', src/moe.cpp:1075) of constant 0 on local variable 'e', src/moe.cpp:1075 [1110]  (0.362 ns)

 <State 2>: 2.299ns
The critical path consists of the following:
	'load' operation 3 bit ('e', src/moe.cpp:1075) on local variable 'e', src/moe.cpp:1075 [1113]  (0.000 ns)
	'icmp' operation 1 bit ('icmp_ln9_1', aesl_mux_load.4floatP0A.i2:9->src/moe.cpp:1077) [1124]  (0.402 ns)
	'or' operation 1 bit ('empty_20', aesl_mux_load.4floatP0A.i2:9->src/moe.cpp:1077) [1127]  (0.000 ns)
	'select' operation 32 bit ('acc', aesl_mux_load.4floatP0A.i2:9->src/moe.cpp:1077) [1128]  (0.213 ns)
	'call' operation 0 bit ('call_ln9', aesl_mux_load.4floatP0A.i2:9->src/moe.cpp:1077) to 'output_moe_Pipeline_VITIS_LOOP_1079_2' [1129]  (1.684 ns)

 <State 3>: 0.000ns
The critical path consists of the following:

 <State 4>: 0.661ns
The critical path consists of the following:
	'store' operation 0 bit ('store_ln0') of variable 'acc_1_loc_load' on local variable 'mux_case_310' [1142]  (0.000 ns)
	blocking operation 0.661 ns on control path)

 <State 5>: 0.000ns
The critical path consists of the following:

 <State 6>: 6.467ns
The critical path consists of the following:
	'load' operation 32 bit ('max_logit_loc_load') on local variable 'max_logit_loc' [1153]  (0.000 ns)
	'call' operation 0 bit ('call_ln0') to 'output_moe_Pipeline_VITIS_LOOP_1099_4' [1154]  (6.467 ns)

 <State 7>: 6.282ns
The critical path consists of the following:
	'call' operation 0 bit ('call_ln0') to 'output_moe_Pipeline_VITIS_LOOP_1099_4' [1154]  (6.282 ns)

 <State 8>: 6.268ns
The critical path consists of the following:
	'load' operation 32 bit ('exp_sum_loc_load') on local variable 'exp_sum_loc' [1155]  (0.000 ns)
	'fdiv' operation 32 bit ('inv_exp_sum', src/moe.cpp:1106) [1156]  (6.268 ns)

 <State 9>: 6.268ns
The critical path consists of the following:
	'fdiv' operation 32 bit ('inv_exp_sum', src/moe.cpp:1106) [1156]  (6.268 ns)

 <State 10>: 6.268ns
The critical path consists of the following:
	'fdiv' operation 32 bit ('inv_exp_sum', src/moe.cpp:1106) [1156]  (6.268 ns)

 <State 11>: 6.268ns
The critical path consists of the following:
	'fdiv' operation 32 bit ('inv_exp_sum', src/moe.cpp:1106) [1156]  (6.268 ns)

 <State 12>: 6.268ns
The critical path consists of the following:
	'fdiv' operation 32 bit ('inv_exp_sum', src/moe.cpp:1106) [1156]  (6.268 ns)

 <State 13>: 6.268ns
The critical path consists of the following:
	'fdiv' operation 32 bit ('inv_exp_sum', src/moe.cpp:1106) [1156]  (6.268 ns)

 <State 14>: 4.301ns
The critical path consists of the following:
	'call' operation 0 bit ('call_ln1106', src/moe.cpp:1106) to 'output_moe_Pipeline_VITIS_LOOP_1108_5' [1157]  (4.301 ns)

 <State 15>: 3.881ns
The critical path consists of the following:
	'call' operation 0 bit ('call_ln1106', src/moe.cpp:1106) to 'output_moe_Pipeline_VITIS_LOOP_1108_5' [1157]  (3.881 ns)

 <State 16>: 0.000ns
The critical path consists of the following:

 <State 17>: 6.047ns
The critical path consists of the following:
	'call' operation 0 bit ('call_ln0') to 'output_moe_Pipeline_VITIS_LOOP_1122_6' [1163]  (6.047 ns)


============================================================
+ Verbose Summary: Binding
============================================================
N/A
* FSMD analyzer results:
  - Output states:
 - Input state : 
  - Chain level:
	State 1
	State 2
	State 3
	State 4
	State 5
	State 6
	State 7
	State 8
	State 9
	State 10
	State 11
	State 12
	State 13
	State 14
	State 15
	State 16
	State 17


============================================================
+ Verbose Summary: Datapath Resource usage 
============================================================
N/A
