================================================================
== Design Size Report
================================================================

* Total Instructions per Compilation Phase
+---------------+-----------------------------+--------------+----------------------------------------------------------------------------------------+
| Phase         | Step                        | Instructions | Description                                                                            |
+---------------+-----------------------------+--------------+----------------------------------------------------------------------------------------+
| Compile/Link  |                             |   644        | After all functions are compiled and linked into a single design                       |
|               |                             |              |                                                                                        |
| Unroll/Inline |                             |              | After user unroll and inline pragmas are applied                                       |
|               | (1) unroll                  | 3,057        | user unroll pragmas are applied                                                        |
|               | (2) simplification          | 2,005        | simplification of applied user unroll pragmas                                          |
|               | (3) inline                  | 1,694        | user inline pragmas are applied                                                        |
|               | (4) simplification          | 1,694        | simplification of applied user inline pragmas                                          |
|               |                             |              |                                                                                        |
| Array/Struct  |                             |              | After user array partition and struct aggregate/disaggregate pragmas are applied       |
|               | (1) array partition         | 1,674        | user array partition pragmas are applied                                               |
|               | (2) simplification          | 1,674        | simplification of applied user array partition & struct aggregate/disaggregate pragmas |
|               | (3) aggregate/disaggregate  | 1,674        | user struct aggregate/disaggregate pragmas are applied                                 |
|               | (4) array reshape           | 1,674        | apply array reshape pragmas                                                            |
|               | (5) access patterns         | 1,454        | array access pattern optmizations                                                      |
|               |                             |              |                                                                                        |
| Performance   |                             |              | After transformations are applied to meet performance pragma targets                   |
|               | (1) loop simplification     | 1,437        | loop and instruction simplification                                                    |
|               | (2) parallelization         | 1,437        | loops are unrolled or pipelined to meet performance targets                            |
|               | (3) array partition         | 1,437        | arrays are partitioned to meet performance targets                                     |
|               | (4) simplification          | 1,437        | simplification of design after performance transformations                             |
|               |                             |              |                                                                                        |
| HW Transforms |                             |              | After hardware transfomations                                                          |
|               | (1) lowering                | 1,779        | initial conversion to HW specific instructions                                         |
|               | (2) optimizations           | 1,562        | high level synthesis optimizations                                                     |
+---------------+-----------------------------+--------------+----------------------------------------------------------------------------------------+

* Instructions per Function for each Compilation Phase
+--------------+-------------------+---------------+---------------+--------------+-------------+---------------+
| Function     | Location          | Compile/Link  | Unroll/Inline | Array/Struct | Performance | HW Transforms |
+--------------+-------------------+---------------+---------------+--------------+-------------+---------------+
| + pseudo_moe | pseudo_moe.cpp:40 | 644           | 1,694         | 1,454        | 1,437       | 1,562         |
|    dot64     | pseudo_moe.cpp:10 | 325 (5 calls) |               |              |             |               |
+--------------+-------------------+---------------+---------------+--------------+-------------+---------------+

* Design Size Message Settings
+---------------------------------------------+--------+------------------------------------------------------------------+
| Message Setting                             | Value  | Description                                                      |
+---------------------------------------------+--------+------------------------------------------------------------------+
| config_compile -design_size_maximum_warning | 100000 | Show a warning when total design instructions exceeds this value |
+---------------------------------------------+--------+------------------------------------------------------------------+


