

================================================================
== Vitis HLS Report for 'pseudo_moe_Pipeline_VITIS_LOOP_106_7'
================================================================
* Date:           Sun Sep 20 15:25:53 2026

* Version:        2023.2 (Build 4023990 on Oct 11 2023)
* Project:        project
* Solution:       solution1 (Vivado IP Flow Target)
* Product family: virtexuplus
* Target device:  xcvu13p_CIV-figd2104-3-e


================================================================
== Performance Estimates
================================================================
+ Timing: 
    * Summary: 
    +--------+----------+----------+------------+
    |  Clock |  Target  | Estimated| Uncertainty|
    +--------+----------+----------+------------+
    |ap_clk  |  10.00 ns|  7.300 ns|     2.70 ns|
    +--------+----------+----------+------------+

+ Latency: 
    * Summary: 
    +---------+---------+-----------+-----------+------+------+---------+
    |  Latency (cycles) |   Latency (absolute)  |   Interval  | Pipeline|
    |   min   |   max   |    min    |    max    |  min |  max |   Type  |
    +---------+---------+-----------+-----------+------+------+---------+
    |     4107|     4107|  41.070 us|  41.070 us|  4107|  4107|       no|
    +---------+---------+-----------+-----------+------+------+---------+

    + Detail: 
        * Instance: 
        N/A

        * Loop: 
        +--------------------+---------+---------+----------+-----------+-----------+------+----------+
        |                    |  Latency (cycles) | Iteration|  Initiation Interval  | Trip |          |
        |      Loop Name     |   min   |   max   |  Latency |  achieved |   target  | Count| Pipelined|
        +--------------------+---------+---------+----------+-----------+-----------+------+----------+
        |- VITIS_LOOP_106_7  |     4105|     4105|        74|         64|          1|    64|       yes|
        +--------------------+---------+---------+----------+-----------+-----------+------+----------+



================================================================
== Utilization Estimates
================================================================
* Summary: 
+---------------------+---------+-------+---------+---------+------+
|         Name        | BRAM_18K|  DSP  |    FF   |   LUT   | URAM |
+---------------------+---------+-------+---------+---------+------+
|DSP                  |        -|      -|        -|        -|     -|
|Expression           |        -|      -|        0|      161|     -|
|FIFO                 |        -|      -|        -|        -|     -|
|Instance             |        -|      -|        -|        -|     -|
|Memory               |        -|      -|        -|        -|     -|
|Multiplexer          |        -|      -|        -|     1006|     -|
|Register             |        -|      -|      409|        -|     -|
+---------------------+---------+-------+---------+---------+------+
|Total                |        0|      0|      409|     1167|     0|
+---------------------+---------+-------+---------+---------+------+
|Available SLR        |     1344|   3072|   864000|   432000|   320|
+---------------------+---------+-------+---------+---------+------+
|Utilization SLR (%)  |        0|      0|       ~0|       ~0|     0|
+---------------------+---------+-------+---------+---------+------+
|Available            |     5376|  12288|  3456000|  1728000|  1280|
+---------------------+---------+-------+---------+---------+------+
|Utilization (%)      |        0|      0|       ~0|       ~0|     0|
+---------------------+---------+-------+---------+---------+------+

+ Detail: 
    * Instance: 
    N/A

    * DSP: 
    N/A

    * Memory: 
    N/A

    * FIFO: 
    N/A

    * Expression: 
    +-----------------------------------+----------+----+---+----+------------+------------+
    |           Variable Name           | Operation| DSP| FF| LUT| Bitwidth P0| Bitwidth P1|
    +-----------------------------------+----------+----+---+----+------------+------------+
    |add_ln106_fu_689_p2                |         +|   0|  0|  14|           7|           1|
    |ap_block_pp0_stage0_00001          |       and|   0|  0|   2|           1|           1|
    |ap_block_pp0_stage10_00001         |       and|   0|  0|   2|           1|           1|
    |ap_block_pp0_stage11_00001         |       and|   0|  0|   2|           1|           1|
    |ap_block_pp0_stage12_00001         |       and|   0|  0|   2|           1|           1|
    |ap_block_pp0_stage13_00001         |       and|   0|  0|   2|           1|           1|
    |ap_block_pp0_stage14_00001         |       and|   0|  0|   2|           1|           1|
    |ap_block_pp0_stage15_00001         |       and|   0|  0|   2|           1|           1|
    |ap_block_pp0_stage16_00001         |       and|   0|  0|   2|           1|           1|
    |ap_block_pp0_stage17_00001         |       and|   0|  0|   2|           1|           1|
    |ap_block_pp0_stage18_00001         |       and|   0|  0|   2|           1|           1|
    |ap_block_pp0_stage19_00001         |       and|   0|  0|   2|           1|           1|
    |ap_block_pp0_stage20_00001         |       and|   0|  0|   2|           1|           1|
    |ap_block_pp0_stage21_00001         |       and|   0|  0|   2|           1|           1|
    |ap_block_pp0_stage22_00001         |       and|   0|  0|   2|           1|           1|
    |ap_block_pp0_stage23_00001         |       and|   0|  0|   2|           1|           1|
    |ap_block_pp0_stage24_00001         |       and|   0|  0|   2|           1|           1|
    |ap_block_pp0_stage25_00001         |       and|   0|  0|   2|           1|           1|
    |ap_block_pp0_stage26_00001         |       and|   0|  0|   2|           1|           1|
    |ap_block_pp0_stage27_00001         |       and|   0|  0|   2|           1|           1|
    |ap_block_pp0_stage28_00001         |       and|   0|  0|   2|           1|           1|
    |ap_block_pp0_stage29_00001         |       and|   0|  0|   2|           1|           1|
    |ap_block_pp0_stage2_00001          |       and|   0|  0|   2|           1|           1|
    |ap_block_pp0_stage30_00001         |       and|   0|  0|   2|           1|           1|
    |ap_block_pp0_stage31_00001         |       and|   0|  0|   2|           1|           1|
    |ap_block_pp0_stage32_00001         |       and|   0|  0|   2|           1|           1|
    |ap_block_pp0_stage33_00001         |       and|   0|  0|   2|           1|           1|
    |ap_block_pp0_stage34_00001         |       and|   0|  0|   2|           1|           1|
    |ap_block_pp0_stage35_00001         |       and|   0|  0|   2|           1|           1|
    |ap_block_pp0_stage36_00001         |       and|   0|  0|   2|           1|           1|
    |ap_block_pp0_stage37_00001         |       and|   0|  0|   2|           1|           1|
    |ap_block_pp0_stage38_00001         |       and|   0|  0|   2|           1|           1|
    |ap_block_pp0_stage39_00001         |       and|   0|  0|   2|           1|           1|
    |ap_block_pp0_stage3_00001          |       and|   0|  0|   2|           1|           1|
    |ap_block_pp0_stage40_00001         |       and|   0|  0|   2|           1|           1|
    |ap_block_pp0_stage41_00001         |       and|   0|  0|   2|           1|           1|
    |ap_block_pp0_stage42_00001         |       and|   0|  0|   2|           1|           1|
    |ap_block_pp0_stage43_00001         |       and|   0|  0|   2|           1|           1|
    |ap_block_pp0_stage44_00001         |       and|   0|  0|   2|           1|           1|
    |ap_block_pp0_stage45_00001         |       and|   0|  0|   2|           1|           1|
    |ap_block_pp0_stage46_00001         |       and|   0|  0|   2|           1|           1|
    |ap_block_pp0_stage47_00001         |       and|   0|  0|   2|           1|           1|
    |ap_block_pp0_stage48_00001         |       and|   0|  0|   2|           1|           1|
    |ap_block_pp0_stage49_00001         |       and|   0|  0|   2|           1|           1|
    |ap_block_pp0_stage4_00001          |       and|   0|  0|   2|           1|           1|
    |ap_block_pp0_stage50_00001         |       and|   0|  0|   2|           1|           1|
    |ap_block_pp0_stage51_00001         |       and|   0|  0|   2|           1|           1|
    |ap_block_pp0_stage52_00001         |       and|   0|  0|   2|           1|           1|
    |ap_block_pp0_stage53_00001         |       and|   0|  0|   2|           1|           1|
    |ap_block_pp0_stage54_00001         |       and|   0|  0|   2|           1|           1|
    |ap_block_pp0_stage55_00001         |       and|   0|  0|   2|           1|           1|
    |ap_block_pp0_stage56_00001         |       and|   0|  0|   2|           1|           1|
    |ap_block_pp0_stage57_00001         |       and|   0|  0|   2|           1|           1|
    |ap_block_pp0_stage58_00001         |       and|   0|  0|   2|           1|           1|
    |ap_block_pp0_stage59_00001         |       and|   0|  0|   2|           1|           1|
    |ap_block_pp0_stage5_00001          |       and|   0|  0|   2|           1|           1|
    |ap_block_pp0_stage60_00001         |       and|   0|  0|   2|           1|           1|
    |ap_block_pp0_stage61_00001         |       and|   0|  0|   2|           1|           1|
    |ap_block_pp0_stage62_00001         |       and|   0|  0|   2|           1|           1|
    |ap_block_pp0_stage63_00001         |       and|   0|  0|   2|           1|           1|
    |ap_block_pp0_stage6_00001          |       and|   0|  0|   2|           1|           1|
    |ap_block_pp0_stage7_00001          |       and|   0|  0|   2|           1|           1|
    |ap_block_pp0_stage8_00001          |       and|   0|  0|   2|           1|           1|
    |ap_block_pp0_stage9_00001          |       and|   0|  0|   2|           1|           1|
    |ap_block_state10_pp0_stage9_iter0  |       and|   0|  0|   2|           1|           1|
    |icmp_ln106_fu_683_p2               |      icmp|   0|  0|  15|           7|           8|
    |ap_block_pp0_stage1_00001          |        or|   0|  0|   2|           1|           1|
    |ap_enable_pp0                      |       xor|   0|  0|   2|           1|           2|
    +-----------------------------------+----------+----+---+----+------------+------------+
    |Total                              |          |   0|  0| 161|          80|          76|
    +-----------------------------------+----------+----+---+----+------------+------------+

    * Multiplexer: 
    +-----------------------------+-----+-----------+-----+-----------+
    |             Name            | LUT | Input Size| Bits| Total Bits|
    +-----------------------------+-----+-----------+-----+-----------+
    |ap_NS_fsm                    |  279|         65|    1|         65|
    |ap_done_int                  |    9|          2|    1|          2|
    |ap_enable_reg_pp0_iter0      |    9|          2|    1|          2|
    |ap_enable_reg_pp0_iter0_reg  |    9|          2|    1|          2|
    |ap_enable_reg_pp0_iter1      |    9|          2|    1|          2|
    |ap_sig_allocacmp_o_5         |    9|          2|    7|         14|
    |gmem3_blk_n_R                |    9|          2|    1|          2|
    |gmem4_blk_n_R                |    9|          2|    1|          2|
    |grp_fu_609_p0                |   37|          7|   32|        224|
    |grp_fu_609_p1                |   20|          4|   32|        128|
    |grp_fu_614_p0                |   14|          3|   32|         96|
    |grp_fu_614_p1                |   26|          5|   32|        160|
    |grp_fu_619_p0                |  279|         65|   32|       2080|
    |grp_fu_619_p1                |  279|         65|   32|       2080|
    |o_fu_186                     |    9|          2|    7|         14|
    +-----------------------------+-----+-----------+-----+-----------+
    |Total                        | 1006|        230|  213|       4873|
    +-----------------------------+-----+-----------+-----+-----------+

    * Register: 
    +-----------------------------+----+----+-----+-----------+
    |             Name            | FF | LUT| Bits| Const Bits|
    +-----------------------------+----+----+-----+-----------+
    |add17_i151_15_3_reg_1716     |  32|   0|   32|          0|
    |ap_CS_fsm                    |  64|   0|   64|          0|
    |ap_done_reg                  |   1|   0|    1|          0|
    |ap_enable_reg_pp0_iter0_reg  |   1|   0|    1|          0|
    |ap_enable_reg_pp0_iter1      |   1|   0|    1|          0|
    |gmem4_addr_read_reg_1701     |  32|   0|   32|          0|
    |icmp_ln106_reg_1372          |   1|   0|    1|          0|
    |o_5_reg_1367                 |   7|   0|    7|          0|
    |o_5_reg_1367_pp0_iter1_reg   |   7|   0|    7|          0|
    |o_fu_186                     |   7|   0|    7|          0|
    |reg_623                      |  32|   0|   32|          0|
    |reg_627                      |  32|   0|   32|          0|
    |reg_633                      |  32|   0|   32|          0|
    |reg_639                      |  32|   0|   32|          0|
    |reg_645                      |  32|   0|   32|          0|
    |reg_651                      |  32|   0|   32|          0|
    |reg_657                      |  32|   0|   32|          0|
    |reg_662                      |  32|   0|   32|          0|
    +-----------------------------+----+----+-----+-----------+
    |Total                        | 409|   0|  409|          0|
    +-----------------------------+----+----+-----+-----------+



================================================================
== Interface
================================================================
* Summary: 
+------------------------+-----+-----+------------+--------------------------------------+--------------+
|        RTL Ports       | Dir | Bits|  Protocol  |             Source Object            |    C Type    |
+------------------------+-----+-----+------------+--------------------------------------+--------------+
|ap_clk                  |   in|    1|  ap_ctrl_hs|  pseudo_moe_Pipeline_VITIS_LOOP_106_7|  return value|
|ap_rst                  |   in|    1|  ap_ctrl_hs|  pseudo_moe_Pipeline_VITIS_LOOP_106_7|  return value|
|ap_start                |   in|    1|  ap_ctrl_hs|  pseudo_moe_Pipeline_VITIS_LOOP_106_7|  return value|
|ap_done                 |  out|    1|  ap_ctrl_hs|  pseudo_moe_Pipeline_VITIS_LOOP_106_7|  return value|
|ap_idle                 |  out|    1|  ap_ctrl_hs|  pseudo_moe_Pipeline_VITIS_LOOP_106_7|  return value|
|ap_ready                |  out|    1|  ap_ctrl_hs|  pseudo_moe_Pipeline_VITIS_LOOP_106_7|  return value|
|grp_fu_1624_p_din0      |  out|   32|  ap_ctrl_hs|  pseudo_moe_Pipeline_VITIS_LOOP_106_7|  return value|
|grp_fu_1624_p_din1      |  out|   32|  ap_ctrl_hs|  pseudo_moe_Pipeline_VITIS_LOOP_106_7|  return value|
|grp_fu_1624_p_opcode    |  out|    1|  ap_ctrl_hs|  pseudo_moe_Pipeline_VITIS_LOOP_106_7|  return value|
|grp_fu_1624_p_dout0     |   in|   32|  ap_ctrl_hs|  pseudo_moe_Pipeline_VITIS_LOOP_106_7|  return value|
|grp_fu_1624_p_ce        |  out|    1|  ap_ctrl_hs|  pseudo_moe_Pipeline_VITIS_LOOP_106_7|  return value|
|grp_fu_3552_p_din0      |  out|   32|  ap_ctrl_hs|  pseudo_moe_Pipeline_VITIS_LOOP_106_7|  return value|
|grp_fu_3552_p_din1      |  out|   32|  ap_ctrl_hs|  pseudo_moe_Pipeline_VITIS_LOOP_106_7|  return value|
|grp_fu_3552_p_opcode    |  out|    2|  ap_ctrl_hs|  pseudo_moe_Pipeline_VITIS_LOOP_106_7|  return value|
|grp_fu_3552_p_dout0     |   in|   32|  ap_ctrl_hs|  pseudo_moe_Pipeline_VITIS_LOOP_106_7|  return value|
|grp_fu_3552_p_ce        |  out|    1|  ap_ctrl_hs|  pseudo_moe_Pipeline_VITIS_LOOP_106_7|  return value|
|grp_fu_3548_p_din0      |  out|   32|  ap_ctrl_hs|  pseudo_moe_Pipeline_VITIS_LOOP_106_7|  return value|
|grp_fu_3548_p_din1      |  out|   32|  ap_ctrl_hs|  pseudo_moe_Pipeline_VITIS_LOOP_106_7|  return value|
|grp_fu_3548_p_dout0     |   in|   32|  ap_ctrl_hs|  pseudo_moe_Pipeline_VITIS_LOOP_106_7|  return value|
|grp_fu_3548_p_ce        |  out|    1|  ap_ctrl_hs|  pseudo_moe_Pipeline_VITIS_LOOP_106_7|  return value|
|m_axi_gmem3_AWVALID     |  out|    1|       m_axi|                                 gmem3|       pointer|
|m_axi_gmem3_AWREADY     |   in|    1|       m_axi|                                 gmem3|       pointer|
|m_axi_gmem3_AWADDR      |  out|   64|       m_axi|                                 gmem3|       pointer|
|m_axi_gmem3_AWID        |  out|    1|       m_axi|                                 gmem3|       pointer|
|m_axi_gmem3_AWLEN       |  out|   32|       m_axi|                                 gmem3|       pointer|
|m_axi_gmem3_AWSIZE      |  out|    3|       m_axi|                                 gmem3|       pointer|
|m_axi_gmem3_AWBURST     |  out|    2|       m_axi|                                 gmem3|       pointer|
|m_axi_gmem3_AWLOCK      |  out|    2|       m_axi|                                 gmem3|       pointer|
|m_axi_gmem3_AWCACHE     |  out|    4|       m_axi|                                 gmem3|       pointer|
|m_axi_gmem3_AWPROT      |  out|    3|       m_axi|                                 gmem3|       pointer|
|m_axi_gmem3_AWQOS       |  out|    4|       m_axi|                                 gmem3|       pointer|
|m_axi_gmem3_AWREGION    |  out|    4|       m_axi|                                 gmem3|       pointer|
|m_axi_gmem3_AWUSER      |  out|    1|       m_axi|                                 gmem3|       pointer|
|m_axi_gmem3_WVALID      |  out|    1|       m_axi|                                 gmem3|       pointer|
|m_axi_gmem3_WREADY      |   in|    1|       m_axi|                                 gmem3|       pointer|
|m_axi_gmem3_WDATA       |  out|   32|       m_axi|                                 gmem3|       pointer|
|m_axi_gmem3_WSTRB       |  out|    4|       m_axi|                                 gmem3|       pointer|
|m_axi_gmem3_WLAST       |  out|    1|       m_axi|                                 gmem3|       pointer|
|m_axi_gmem3_WID         |  out|    1|       m_axi|                                 gmem3|       pointer|
|m_axi_gmem3_WUSER       |  out|    1|       m_axi|                                 gmem3|       pointer|
|m_axi_gmem3_ARVALID     |  out|    1|       m_axi|                                 gmem3|       pointer|
|m_axi_gmem3_ARREADY     |   in|    1|       m_axi|                                 gmem3|       pointer|
|m_axi_gmem3_ARADDR      |  out|   64|       m_axi|                                 gmem3|       pointer|
|m_axi_gmem3_ARID        |  out|    1|       m_axi|                                 gmem3|       pointer|
|m_axi_gmem3_ARLEN       |  out|   32|       m_axi|                                 gmem3|       pointer|
|m_axi_gmem3_ARSIZE      |  out|    3|       m_axi|                                 gmem3|       pointer|
|m_axi_gmem3_ARBURST     |  out|    2|       m_axi|                                 gmem3|       pointer|
|m_axi_gmem3_ARLOCK      |  out|    2|       m_axi|                                 gmem3|       pointer|
|m_axi_gmem3_ARCACHE     |  out|    4|       m_axi|                                 gmem3|       pointer|
|m_axi_gmem3_ARPROT      |  out|    3|       m_axi|                                 gmem3|       pointer|
|m_axi_gmem3_ARQOS       |  out|    4|       m_axi|                                 gmem3|       pointer|
|m_axi_gmem3_ARREGION    |  out|    4|       m_axi|                                 gmem3|       pointer|
|m_axi_gmem3_ARUSER      |  out|    1|       m_axi|                                 gmem3|       pointer|
|m_axi_gmem3_RVALID      |   in|    1|       m_axi|                                 gmem3|       pointer|
|m_axi_gmem3_RREADY      |  out|    1|       m_axi|                                 gmem3|       pointer|
|m_axi_gmem3_RDATA       |   in|   32|       m_axi|                                 gmem3|       pointer|
|m_axi_gmem3_RLAST       |   in|    1|       m_axi|                                 gmem3|       pointer|
|m_axi_gmem3_RID         |   in|    1|       m_axi|                                 gmem3|       pointer|
|m_axi_gmem3_RFIFONUM    |   in|    9|       m_axi|                                 gmem3|       pointer|
|m_axi_gmem3_RUSER       |   in|    1|       m_axi|                                 gmem3|       pointer|
|m_axi_gmem3_RRESP       |   in|    2|       m_axi|                                 gmem3|       pointer|
|m_axi_gmem3_BVALID      |   in|    1|       m_axi|                                 gmem3|       pointer|
|m_axi_gmem3_BREADY      |  out|    1|       m_axi|                                 gmem3|       pointer|
|m_axi_gmem3_BRESP       |   in|    2|       m_axi|                                 gmem3|       pointer|
|m_axi_gmem3_BID         |   in|    1|       m_axi|                                 gmem3|       pointer|
|m_axi_gmem3_BUSER       |   in|    1|       m_axi|                                 gmem3|       pointer|
|m_axi_gmem4_AWVALID     |  out|    1|       m_axi|                                 gmem4|       pointer|
|m_axi_gmem4_AWREADY     |   in|    1|       m_axi|                                 gmem4|       pointer|
|m_axi_gmem4_AWADDR      |  out|   64|       m_axi|                                 gmem4|       pointer|
|m_axi_gmem4_AWID        |  out|    1|       m_axi|                                 gmem4|       pointer|
|m_axi_gmem4_AWLEN       |  out|   32|       m_axi|                                 gmem4|       pointer|
|m_axi_gmem4_AWSIZE      |  out|    3|       m_axi|                                 gmem4|       pointer|
|m_axi_gmem4_AWBURST     |  out|    2|       m_axi|                                 gmem4|       pointer|
|m_axi_gmem4_AWLOCK      |  out|    2|       m_axi|                                 gmem4|       pointer|
|m_axi_gmem4_AWCACHE     |  out|    4|       m_axi|                                 gmem4|       pointer|
|m_axi_gmem4_AWPROT      |  out|    3|       m_axi|                                 gmem4|       pointer|
|m_axi_gmem4_AWQOS       |  out|    4|       m_axi|                                 gmem4|       pointer|
|m_axi_gmem4_AWREGION    |  out|    4|       m_axi|                                 gmem4|       pointer|
|m_axi_gmem4_AWUSER      |  out|    1|       m_axi|                                 gmem4|       pointer|
|m_axi_gmem4_WVALID      |  out|    1|       m_axi|                                 gmem4|       pointer|
|m_axi_gmem4_WREADY      |   in|    1|       m_axi|                                 gmem4|       pointer|
|m_axi_gmem4_WDATA       |  out|   32|       m_axi|                                 gmem4|       pointer|
|m_axi_gmem4_WSTRB       |  out|    4|       m_axi|                                 gmem4|       pointer|
|m_axi_gmem4_WLAST       |  out|    1|       m_axi|                                 gmem4|       pointer|
|m_axi_gmem4_WID         |  out|    1|       m_axi|                                 gmem4|       pointer|
|m_axi_gmem4_WUSER       |  out|    1|       m_axi|                                 gmem4|       pointer|
|m_axi_gmem4_ARVALID     |  out|    1|       m_axi|                                 gmem4|       pointer|
|m_axi_gmem4_ARREADY     |   in|    1|       m_axi|                                 gmem4|       pointer|
|m_axi_gmem4_ARADDR      |  out|   64|       m_axi|                                 gmem4|       pointer|
|m_axi_gmem4_ARID        |  out|    1|       m_axi|                                 gmem4|       pointer|
|m_axi_gmem4_ARLEN       |  out|   32|       m_axi|                                 gmem4|       pointer|
|m_axi_gmem4_ARSIZE      |  out|    3|       m_axi|                                 gmem4|       pointer|
|m_axi_gmem4_ARBURST     |  out|    2|       m_axi|                                 gmem4|       pointer|
|m_axi_gmem4_ARLOCK      |  out|    2|       m_axi|                                 gmem4|       pointer|
|m_axi_gmem4_ARCACHE     |  out|    4|       m_axi|                                 gmem4|       pointer|
|m_axi_gmem4_ARPROT      |  out|    3|       m_axi|                                 gmem4|       pointer|
|m_axi_gmem4_ARQOS       |  out|    4|       m_axi|                                 gmem4|       pointer|
|m_axi_gmem4_ARREGION    |  out|    4|       m_axi|                                 gmem4|       pointer|
|m_axi_gmem4_ARUSER      |  out|    1|       m_axi|                                 gmem4|       pointer|
|m_axi_gmem4_RVALID      |   in|    1|       m_axi|                                 gmem4|       pointer|
|m_axi_gmem4_RREADY      |  out|    1|       m_axi|                                 gmem4|       pointer|
|m_axi_gmem4_RDATA       |   in|   32|       m_axi|                                 gmem4|       pointer|
|m_axi_gmem4_RLAST       |   in|    1|       m_axi|                                 gmem4|       pointer|
|m_axi_gmem4_RID         |   in|    1|       m_axi|                                 gmem4|       pointer|
|m_axi_gmem4_RFIFONUM    |   in|    9|       m_axi|                                 gmem4|       pointer|
|m_axi_gmem4_RUSER       |   in|    1|       m_axi|                                 gmem4|       pointer|
|m_axi_gmem4_RRESP       |   in|    2|       m_axi|                                 gmem4|       pointer|
|m_axi_gmem4_BVALID      |   in|    1|       m_axi|                                 gmem4|       pointer|
|m_axi_gmem4_BREADY      |  out|    1|       m_axi|                                 gmem4|       pointer|
|m_axi_gmem4_BRESP       |   in|    2|       m_axi|                                 gmem4|       pointer|
|m_axi_gmem4_BID         |   in|    1|       m_axi|                                 gmem4|       pointer|
|m_axi_gmem4_BUSER       |   in|    1|       m_axi|                                 gmem4|       pointer|
|sext_ln106_1            |   in|   62|     ap_none|                          sext_ln106_1|        scalar|
|sext_ln106              |   in|   62|     ap_none|                            sext_ln106|        scalar|
|x_load                  |   in|   32|     ap_none|                                x_load|        scalar|
|x_load_1                |   in|   32|     ap_none|                              x_load_1|        scalar|
|x_load_2                |   in|   32|     ap_none|                              x_load_2|        scalar|
|x_load_3                |   in|   32|     ap_none|                              x_load_3|        scalar|
|x_load_4                |   in|   32|     ap_none|                              x_load_4|        scalar|
|x_load_5                |   in|   32|     ap_none|                              x_load_5|        scalar|
|x_load_6                |   in|   32|     ap_none|                              x_load_6|        scalar|
|x_load_7                |   in|   32|     ap_none|                              x_load_7|        scalar|
|x_load_8                |   in|   32|     ap_none|                              x_load_8|        scalar|
|x_load_9                |   in|   32|     ap_none|                              x_load_9|        scalar|
|x_load_10               |   in|   32|     ap_none|                             x_load_10|        scalar|
|x_load_11               |   in|   32|     ap_none|                             x_load_11|        scalar|
|x_load_12               |   in|   32|     ap_none|                             x_load_12|        scalar|
|x_load_13               |   in|   32|     ap_none|                             x_load_13|        scalar|
|x_load_14               |   in|   32|     ap_none|                             x_load_14|        scalar|
|x_load_15               |   in|   32|     ap_none|                             x_load_15|        scalar|
|x_load_16               |   in|   32|     ap_none|                             x_load_16|        scalar|
|x_load_17               |   in|   32|     ap_none|                             x_load_17|        scalar|
|x_load_18               |   in|   32|     ap_none|                             x_load_18|        scalar|
|x_load_19               |   in|   32|     ap_none|                             x_load_19|        scalar|
|x_load_20               |   in|   32|     ap_none|                             x_load_20|        scalar|
|x_load_21               |   in|   32|     ap_none|                             x_load_21|        scalar|
|x_load_22               |   in|   32|     ap_none|                             x_load_22|        scalar|
|x_load_23               |   in|   32|     ap_none|                             x_load_23|        scalar|
|x_load_24               |   in|   32|     ap_none|                             x_load_24|        scalar|
|x_load_25               |   in|   32|     ap_none|                             x_load_25|        scalar|
|x_load_26               |   in|   32|     ap_none|                             x_load_26|        scalar|
|x_load_27               |   in|   32|     ap_none|                             x_load_27|        scalar|
|x_load_28               |   in|   32|     ap_none|                             x_load_28|        scalar|
|x_load_29               |   in|   32|     ap_none|                             x_load_29|        scalar|
|x_load_30               |   in|   32|     ap_none|                             x_load_30|        scalar|
|x_load_31               |   in|   32|     ap_none|                             x_load_31|        scalar|
|x_load_32               |   in|   32|     ap_none|                             x_load_32|        scalar|
|x_load_33               |   in|   32|     ap_none|                             x_load_33|        scalar|
|x_load_34               |   in|   32|     ap_none|                             x_load_34|        scalar|
|x_load_35               |   in|   32|     ap_none|                             x_load_35|        scalar|
|x_load_36               |   in|   32|     ap_none|                             x_load_36|        scalar|
|x_load_37               |   in|   32|     ap_none|                             x_load_37|        scalar|
|x_load_38               |   in|   32|     ap_none|                             x_load_38|        scalar|
|x_load_39               |   in|   32|     ap_none|                             x_load_39|        scalar|
|x_load_40               |   in|   32|     ap_none|                             x_load_40|        scalar|
|x_load_41               |   in|   32|     ap_none|                             x_load_41|        scalar|
|x_load_42               |   in|   32|     ap_none|                             x_load_42|        scalar|
|x_load_43               |   in|   32|     ap_none|                             x_load_43|        scalar|
|x_load_44               |   in|   32|     ap_none|                             x_load_44|        scalar|
|x_load_45               |   in|   32|     ap_none|                             x_load_45|        scalar|
|x_load_46               |   in|   32|     ap_none|                             x_load_46|        scalar|
|x_load_47               |   in|   32|     ap_none|                             x_load_47|        scalar|
|x_load_48               |   in|   32|     ap_none|                             x_load_48|        scalar|
|x_load_49               |   in|   32|     ap_none|                             x_load_49|        scalar|
|x_load_50               |   in|   32|     ap_none|                             x_load_50|        scalar|
|x_load_51               |   in|   32|     ap_none|                             x_load_51|        scalar|
|x_load_52               |   in|   32|     ap_none|                             x_load_52|        scalar|
|x_load_53               |   in|   32|     ap_none|                             x_load_53|        scalar|
|x_load_54               |   in|   32|     ap_none|                             x_load_54|        scalar|
|x_load_55               |   in|   32|     ap_none|                             x_load_55|        scalar|
|x_load_56               |   in|   32|     ap_none|                             x_load_56|        scalar|
|x_load_57               |   in|   32|     ap_none|                             x_load_57|        scalar|
|x_load_58               |   in|   32|     ap_none|                             x_load_58|        scalar|
|x_load_59               |   in|   32|     ap_none|                             x_load_59|        scalar|
|x_load_60               |   in|   32|     ap_none|                             x_load_60|        scalar|
|x_load_61               |   in|   32|     ap_none|                             x_load_61|        scalar|
|x_load_62               |   in|   32|     ap_none|                             x_load_62|        scalar|
|x_load_63               |   in|   32|     ap_none|                             x_load_63|        scalar|
|expert_result_address0  |  out|    6|   ap_memory|                         expert_result|         array|
|expert_result_ce0       |  out|    1|   ap_memory|                         expert_result|         array|
|expert_result_we0       |  out|    1|   ap_memory|                         expert_result|         array|
|expert_result_d0        |  out|   32|   ap_memory|                         expert_result|         array|
+------------------------+-----+-----+------------+--------------------------------------+--------------+

