

================================================================
== Vitis HLS Report for 'graph_moe_Pipeline_VITIS_LOOP_252_2'
================================================================
* Date:           Sat Sep 12 19:34:01 2026

* Version:        2023.2 (Build 4023990 on Oct 11 2023)
* Project:        HLS_GraphMoE_Run5
* Solution:       solution1 (Vivado IP Flow Target)
* Product family: virtexuplus
* Target device:  xcvu13p_CIV-figd2104-3-e


================================================================
== Performance Estimates
================================================================
+ Timing: 
    * Summary: 
    +--------+----------+----------+------------+
    |  Clock |  Target  | Estimated| Uncertainty|
    +--------+----------+----------+------------+
    |ap_clk  |  10.00 ns|  6.409 ns|     2.70 ns|
    +--------+----------+----------+------------+

+ Latency: 
    * Summary: 
    +---------+---------+----------+----------+-----+-----+---------+
    |  Latency (cycles) |  Latency (absolute) |  Interval | Pipeline|
    |   min   |   max   |    min   |    max   | min | max |   Type  |
    +---------+---------+----------+----------+-----+-----+---------+
    |      133|      133|  1.330 us|  1.330 us|  133|  133|       no|
    +---------+---------+----------+----------+-----+-----+---------+

    + Detail: 
        * Instance: 
        N/A

        * Loop: 
        +--------------------+---------+---------+----------+-----------+-----------+------+----------+
        |                    |  Latency (cycles) | Iteration|  Initiation Interval  | Trip |          |
        |      Loop Name     |   min   |   max   |  Latency |  achieved |   target  | Count| Pipelined|
        +--------------------+---------+---------+----------+-----------+-----------+------+----------+
        |- VITIS_LOOP_252_2  |      131|      131|         5|          1|          1|   128|       yes|
        +--------------------+---------+---------+----------+-----------+-----------+------+----------+



================================================================
== Utilization Estimates
================================================================
* Summary: 
+---------------------+---------+-------+---------+---------+------+
|         Name        | BRAM_18K|  DSP  |    FF   |   LUT   | URAM |
+---------------------+---------+-------+---------+---------+------+
|DSP                  |        -|      -|        -|        -|     -|
|Expression           |        -|      -|        0|       49|     -|
|FIFO                 |        -|      -|        -|        -|     -|
|Instance             |        -|      -|        -|        -|     -|
|Memory               |        -|      -|        -|        -|     -|
|Multiplexer          |        -|      -|        -|       54|     -|
|Register             |        -|      -|      146|       32|     -|
+---------------------+---------+-------+---------+---------+------+
|Total                |        0|      0|      146|      135|     0|
+---------------------+---------+-------+---------+---------+------+
|Available SLR        |     1344|   3072|   864000|   432000|   320|
+---------------------+---------+-------+---------+---------+------+
|Utilization SLR (%)  |        0|      0|       ~0|       ~0|     0|
+---------------------+---------+-------+---------+---------+------+
|Available            |     5376|  12288|  3456000|  1728000|  1280|
+---------------------+---------+-------+---------+---------+------+
|Utilization (%)      |        0|      0|       ~0|       ~0|     0|
+---------------------+---------+-------+---------+---------+------+

+ Detail: 
    * Instance: 
    N/A

    * DSP: 
    N/A

    * Memory: 
    N/A

    * FIFO: 
    N/A

    * Expression: 
    +----------------------+----------+----+---+----+------------+------------+
    |     Variable Name    | Operation| DSP| FF| LUT| Bitwidth P0| Bitwidth P1|
    +----------------------+----------+----+---+----+------------+------------+
    |add_ln252_fu_126_p2   |         +|   0|  0|  15|           8|           1|
    |add_ln255_fu_141_p2   |         +|   0|  0|  16|           9|           9|
    |icmp_ln252_fu_120_p2  |      icmp|   0|  0|  16|           8|           9|
    |ap_enable_pp0         |       xor|   0|  0|   2|           1|           2|
    +----------------------+----------+----+---+----+------------+------------+
    |Total                 |          |   0|  0|  49|          26|          21|
    +----------------------+----------+----+---+----+------------+------------+

    * Multiplexer: 
    +-------------------------------+----+-----------+-----+-----------+
    |              Name             | LUT| Input Size| Bits| Total Bits|
    +-------------------------------+----+-----------+-----+-----------+
    |ap_done_int                    |   9|          2|    1|          2|
    |ap_enable_reg_pp0_iter1        |   9|          2|    1|          2|
    |ap_sig_allocacmp_i_1           |   9|          2|    8|         16|
    |ap_sig_allocacmp_sum_4_load_1  |   9|          2|   32|         64|
    |i_fu_50                        |   9|          2|    8|         16|
    |sum_4_fu_46                    |   9|          2|   32|         64|
    +-------------------------------+----+-----------+-----+-----------+
    |Total                          |  54|         12|   82|        164|
    +-------------------------------+----+-----------+-----+-----------+

    * Register: 
    +----------------------------------+----+----+-----+-----------+
    |               Name               | FF | LUT| Bits| Const Bits|
    +----------------------------------+----+----+-----+-----------+
    |ap_CS_fsm                         |   1|   0|    1|          0|
    |ap_done_reg                       |   1|   0|    1|          0|
    |ap_enable_reg_pp0_iter1           |   1|   0|    1|          0|
    |ap_enable_reg_pp0_iter2           |   1|   0|    1|          0|
    |ap_enable_reg_pp0_iter3           |   1|   0|    1|          0|
    |ap_enable_reg_pp0_iter4           |   1|   0|    1|          0|
    |ap_loop_exit_ready_pp0_iter1_reg  |   1|   0|    1|          0|
    |ap_loop_exit_ready_pp0_iter2_reg  |   1|   0|    1|          0|
    |ap_loop_exit_ready_pp0_iter3_reg  |   1|   0|    1|          0|
    |i_fu_50                           |   8|   0|    8|          0|
    |icmp_ln252_reg_195                |   1|   0|    1|          0|
    |mul_reg_219                       |  32|   0|   32|          0|
    |sum_4_fu_46                       |  32|   0|   32|          0|
    |icmp_ln252_reg_195                |  64|  32|    1|          0|
    +----------------------------------+----+----+-----+-----------+
    |Total                             | 146|  32|   83|          0|
    +----------------------------------+----+----+-----+-----------+



================================================================
== Interface
================================================================
* Summary: 
+----------------------+-----+-----+------------+-------------------------------------+--------------+
|       RTL Ports      | Dir | Bits|  Protocol  |            Source Object            |    C Type    |
+----------------------+-----+-----+------------+-------------------------------------+--------------+
|ap_clk                |   in|    1|  ap_ctrl_hs|  graph_moe_Pipeline_VITIS_LOOP_252_2|  return value|
|ap_rst                |   in|    1|  ap_ctrl_hs|  graph_moe_Pipeline_VITIS_LOOP_252_2|  return value|
|ap_start              |   in|    1|  ap_ctrl_hs|  graph_moe_Pipeline_VITIS_LOOP_252_2|  return value|
|ap_done               |  out|    1|  ap_ctrl_hs|  graph_moe_Pipeline_VITIS_LOOP_252_2|  return value|
|ap_idle               |  out|    1|  ap_ctrl_hs|  graph_moe_Pipeline_VITIS_LOOP_252_2|  return value|
|ap_ready              |  out|    1|  ap_ctrl_hs|  graph_moe_Pipeline_VITIS_LOOP_252_2|  return value|
|grp_fu_987_p_din0     |  out|   32|  ap_ctrl_hs|  graph_moe_Pipeline_VITIS_LOOP_252_2|  return value|
|grp_fu_987_p_din1     |  out|   32|  ap_ctrl_hs|  graph_moe_Pipeline_VITIS_LOOP_252_2|  return value|
|grp_fu_987_p_dout0    |   in|   32|  ap_ctrl_hs|  graph_moe_Pipeline_VITIS_LOOP_252_2|  return value|
|grp_fu_987_p_ce       |  out|    1|  ap_ctrl_hs|  graph_moe_Pipeline_VITIS_LOOP_252_2|  return value|
|grp_fu_991_p_din0     |  out|   32|  ap_ctrl_hs|  graph_moe_Pipeline_VITIS_LOOP_252_2|  return value|
|grp_fu_991_p_din1     |  out|   32|  ap_ctrl_hs|  graph_moe_Pipeline_VITIS_LOOP_252_2|  return value|
|grp_fu_991_p_opcode   |  out|    1|  ap_ctrl_hs|  graph_moe_Pipeline_VITIS_LOOP_252_2|  return value|
|grp_fu_991_p_dout0    |   in|   32|  ap_ctrl_hs|  graph_moe_Pipeline_VITIS_LOOP_252_2|  return value|
|grp_fu_991_p_ce       |  out|    1|  ap_ctrl_hs|  graph_moe_Pipeline_VITIS_LOOP_252_2|  return value|
|sum                   |   in|   32|     ap_none|                                  sum|        scalar|
|zext_ln255            |   in|    9|     ap_none|                           zext_ln255|        scalar|
|gate_weight_address0  |  out|    9|   ap_memory|                          gate_weight|         array|
|gate_weight_ce0       |  out|    1|   ap_memory|                          gate_weight|         array|
|gate_weight_q0        |   in|   32|   ap_memory|                          gate_weight|         array|
|input_r_address0      |  out|    7|   ap_memory|                              input_r|         array|
|input_r_ce0           |  out|    1|   ap_memory|                              input_r|         array|
|input_r_q0            |   in|   32|   ap_memory|                              input_r|         array|
|logits_0_out          |  out|   32|      ap_vld|                         logits_0_out|       pointer|
|logits_0_out_ap_vld   |  out|    1|      ap_vld|                         logits_0_out|       pointer|
+----------------------+-----+-----+------------+-------------------------------------+--------------+

