================================================================
== Design Size Report
================================================================

* Total Instructions per Compilation Phase
+---------------+-----------------------------+--------------+----------------------------------------------------------------------------------------+
| Phase         | Step                        | Instructions | Description                                                                            |
+---------------+-----------------------------+--------------+----------------------------------------------------------------------------------------+
| Compile/Link  |                             | 380          | After all functions are compiled and linked into a single design                       |
|               |                             |              |                                                                                        |
| Unroll/Inline |                             |              | After user unroll and inline pragmas are applied                                       |
|               | (1) unroll                  | 300          | user unroll pragmas are applied                                                        |
|               | (2) simplification          | 228          | simplification of applied user unroll pragmas                                          |
|               | (3) inline                  | 212          | user inline pragmas are applied                                                        |
|               | (4) simplification          | 212          | simplification of applied user inline pragmas                                          |
|               |                             |              |                                                                                        |
| Array/Struct  |                             |              | After user array partition and struct aggregate/disaggregate pragmas are applied       |
|               | (1) array partition         | 231          | user array partition pragmas are applied                                               |
|               | (2) simplification          | 231          | simplification of applied user array partition & struct aggregate/disaggregate pragmas |
|               | (3) aggregate/disaggregate  | 231          | user struct aggregate/disaggregate pragmas are applied                                 |
|               | (4) array reshape           | 231          | apply array reshape pragmas                                                            |
|               | (5) access patterns         | 239          | array access pattern optmizations                                                      |
|               |                             |              |                                                                                        |
| Performance   |                             |              | After transformations are applied to meet performance pragma targets                   |
|               | (1) loop simplification     | 231          | loop and instruction simplification                                                    |
|               | (2) parallelization         | 242          | loops are unrolled or pipelined to meet performance targets                            |
|               | (3) array partition         | 242          | arrays are partitioned to meet performance targets                                     |
|               | (4) simplification          | 242          | simplification of design after performance transformations                             |
|               |                             |              |                                                                                        |
| HW Transforms |                             |              | After hardware transfomations                                                          |
|               | (1) lowering                | 261          | initial conversion to HW specific instructions                                         |
|               | (2) optimizations           | 301          | high level synthesis optimizations                                                     |
+---------------+-----------------------------+--------------+----------------------------------------------------------------------------------------+

* Instructions per Function for each Compilation Phase
+-------------+------------+---------------+---------------+--------------+-------------+---------------+
| Function    | Location   | Compile/Link  | Unroll/Inline | Array/Struct | Performance | HW Transforms |
+-------------+------------+---------------+---------------+--------------+-------------+---------------+
| + graph_moe | moe.cpp:10 | 380           | 212           | 239          | 242         | 301           |
|    elu      | moe.cpp:4  |  24 (3 calls) |               |              |             |               |
+-------------+------------+---------------+---------------+--------------+-------------+---------------+

* Design Size Message Settings
+---------------------------------------------+--------+------------------------------------------------------------------+
| Message Setting                             | Value  | Description                                                      |
+---------------------------------------------+--------+------------------------------------------------------------------+
| config_compile -design_size_maximum_warning | 100000 | Show a warning when total design instructions exceeds this value |
+---------------------------------------------+--------+------------------------------------------------------------------+


