==============================================================
Vitis HLS - High-Level Synthesis from C, C++ and OpenCL v2023.2 (64-bit)
Tool Version Limit: 2023.10
Copyright 1986-2022 Xilinx, Inc. All Rights Reserved.
Copyright 2022-2023 Advanced Micro Devices, Inc. All Rights Reserved.

==============================================================
INFO: [HLS 200-1505] Using flow_target 'vivado'
INFO: [HLS 200-1510] Running: set_part xcvu13p_CIV-figd2104-3-e 
INFO: [HLS 200-1611] Setting target device to 'xcvu13p_CIV-figd2104-3-e'
INFO: [HLS 200-1510] Running: create_clock -period 10 
INFO: [SYN 201-201] Setting up clock 'default' with a period of 10ns.
INFO: [HLS 200-1510] Running: csim_design 
INFO: [SIM 211-2] *************** CSIM start ***************
INFO: [SIM 211-4] CSIM will launch GCC as the compiler.
INFO: [HLS 200-2036] Building debug C Simulation binaries
INFO: [SIM 211-1] CSim done with 0 errors.
INFO: [SIM 211-3] *************** CSIM finish ***************
INFO: [HLS 200-111] Finished Command csim_design CPU user time: 1.08 seconds. CPU system time: 0.35 seconds. Elapsed time: 1.4 seconds; current allocated memory: 0.000 MB.
INFO: [HLS 200-1510] Running: csynth_design 
INFO: [HLS 200-111] Finished File checks and directory preparation: CPU user time: 0.24 seconds. CPU system time: 0.03 seconds. Elapsed time: 0.27 seconds; current allocated memory: 282.391 MB.
INFO: [HLS 200-10] Analyzing design file '/home/simics/HMoE/HLS_HMoE/pseudo_block/run_9/src/pseudo_moe.cpp' ... 
INFO: [HLS 200-111] Finished Source Code Analysis and Preprocessing: CPU user time: 1.37 seconds. CPU system time: 0.57 seconds. Elapsed time: 1.93 seconds; current allocated memory: 285.488 MB.
INFO: [HLS 200-777] Using interface defaults for 'Vivado' flow target.
INFO: [HLS 200-1995] There were 689 instructions in the design after the 'Compile/Link' phase of compilation. See the Design Size Report for more details: /home/simics/HMoE/HLS_HMoE/pseudo_block/run_9/project/solution1/syn/report/csynth_design_size.rpt
INFO: [HLS 200-1995] There were 1,550 instructions in the design after the 'Unroll/Inline (step 1)' phase of compilation. See the Design Size Report for more details: /home/simics/HMoE/HLS_HMoE/pseudo_block/run_9/project/solution1/syn/report/csynth_design_size.rpt
INFO: [HLS 200-1995] There were 1,290 instructions in the design after the 'Unroll/Inline (step 2)' phase of compilation. See the Design Size Report for more details: /home/simics/HMoE/HLS_HMoE/pseudo_block/run_9/project/solution1/syn/report/csynth_design_size.rpt
INFO: [HLS 200-1995] There were 1,089 instructions in the design after the 'Unroll/Inline (step 3)' phase of compilation. See the Design Size Report for more details: /home/simics/HMoE/HLS_HMoE/pseudo_block/run_9/project/solution1/syn/report/csynth_design_size.rpt
INFO: [HLS 200-1995] There were 1,089 instructions in the design after the 'Unroll/Inline (step 4)' phase of compilation. See the Design Size Report for more details: /home/simics/HMoE/HLS_HMoE/pseudo_block/run_9/project/solution1/syn/report/csynth_design_size.rpt
INFO: [HLS 200-1995] There were 4,505 instructions in the design after the 'Array/Struct (step 1)' phase of compilation. See the Design Size Report for more details: /home/simics/HMoE/HLS_HMoE/pseudo_block/run_9/project/solution1/syn/report/csynth_design_size.rpt
INFO: [HLS 200-1995] There were 1,588 instructions in the design after the 'Array/Struct (step 2)' phase of compilation. See the Design Size Report for more details: /home/simics/HMoE/HLS_HMoE/pseudo_block/run_9/project/solution1/syn/report/csynth_design_size.rpt
INFO: [HLS 200-1995] There were 1,588 instructions in the design after the 'Array/Struct (step 3)' phase of compilation. See the Design Size Report for more details: /home/simics/HMoE/HLS_HMoE/pseudo_block/run_9/project/solution1/syn/report/csynth_design_size.rpt
INFO: [HLS 200-1995] There were 1,588 instructions in the design after the 'Array/Struct (step 4)' phase of compilation. See the Design Size Report for more details: /home/simics/HMoE/HLS_HMoE/pseudo_block/run_9/project/solution1/syn/report/csynth_design_size.rpt
INFO: [HLS 200-1995] There were 1,489 instructions in the design after the 'Array/Struct (step 5)' phase of compilation. See the Design Size Report for more details: /home/simics/HMoE/HLS_HMoE/pseudo_block/run_9/project/solution1/syn/report/csynth_design_size.rpt
INFO: [HLS 200-1995] There were 1,413 instructions in the design after the 'Performance (step 1)' phase of compilation. See the Design Size Report for more details: /home/simics/HMoE/HLS_HMoE/pseudo_block/run_9/project/solution1/syn/report/csynth_design_size.rpt
INFO: [HLS 200-1995] There were 1,751 instructions in the design after the 'Performance (step 2)' phase of compilation. See the Design Size Report for more details: /home/simics/HMoE/HLS_HMoE/pseudo_block/run_9/project/solution1/syn/report/csynth_design_size.rpt
INFO: [HLS 200-1995] There were 1,751 instructions in the design after the 'Performance (step 3)' phase of compilation. See the Design Size Report for more details: /home/simics/HMoE/HLS_HMoE/pseudo_block/run_9/project/solution1/syn/report/csynth_design_size.rpt
INFO: [HLS 200-1995] There were 1,751 instructions in the design after the 'Performance (step 4)' phase of compilation. See the Design Size Report for more details: /home/simics/HMoE/HLS_HMoE/pseudo_block/run_9/project/solution1/syn/report/csynth_design_size.rpt
INFO: [HLS 200-1995] There were 1,862 instructions in the design after the 'HW Transforms (step 1)' phase of compilation. See the Design Size Report for more details: /home/simics/HMoE/HLS_HMoE/pseudo_block/run_9/project/solution1/syn/report/csynth_design_size.rpt
INFO: [HLS 200-1995] There were 1,849 instructions in the design after the 'HW Transforms (step 2)' phase of compilation. See the Design Size Report for more details: /home/simics/HMoE/HLS_HMoE/pseudo_block/run_9/project/solution1/syn/report/csynth_design_size.rpt
INFO: [HLS 214-291] Loop 'VITIS_LOOP_32_4' is marked as complete unroll implied by the pipeline pragma (/home/simics/HMoE/HLS_HMoE/pseudo_block/run_9/src/pseudo_moe.cpp:32:19)
INFO: [HLS 214-186] Unrolling loop 'VITIS_LOOP_23_2' (/home/simics/HMoE/HLS_HMoE/pseudo_block/run_9/src/pseudo_moe.cpp:23:19) in function 'compute_expert' completely with a factor of 16 (/home/simics/HMoE/HLS_HMoE/pseudo_block/run_9/src/pseudo_moe.cpp:16:0)
INFO: [HLS 214-186] Unrolling loop 'VITIS_LOOP_32_4' (/home/simics/HMoE/HLS_HMoE/pseudo_block/run_9/src/pseudo_moe.cpp:32:19) in function 'compute_expert' completely with a factor of 16 (/home/simics/HMoE/HLS_HMoE/pseudo_block/run_9/src/pseudo_moe.cpp:16:0)
INFO: [HLS 214-186] Unrolling loop 'VITIS_LOOP_41_5' (/home/simics/HMoE/HLS_HMoE/pseudo_block/run_9/src/pseudo_moe.cpp:41:26) in function 'compute_expert' completely with a factor of 16 (/home/simics/HMoE/HLS_HMoE/pseudo_block/run_9/src/pseudo_moe.cpp:16:0)
INFO: [HLS 214-248] Applying array_partition to 'input_local': Cyclic partitioning with factor 16 on dimension 2. (/home/simics/HMoE/HLS_HMoE/pseudo_block/run_9/src/pseudo_moe.cpp:86:8)
INFO: [HLS 214-248] Applying array_partition to 'w0_local': Cyclic partitioning with factor 16 on dimension 1. (/home/simics/HMoE/HLS_HMoE/pseudo_block/run_9/src/pseudo_moe.cpp:88:11)
INFO: [HLS 214-248] Applying array_partition to 'w1_local': Cyclic partitioning with factor 16 on dimension 1. (/home/simics/HMoE/HLS_HMoE/pseudo_block/run_9/src/pseudo_moe.cpp:89:11)
INFO: [HLS 214-248] Applying array_partition to 'w2_local': Cyclic partitioning with factor 16 on dimension 1. (/home/simics/HMoE/HLS_HMoE/pseudo_block/run_9/src/pseudo_moe.cpp:90:11)
INFO: [HLS 214-248] Applying array_partition to 'w3_local': Cyclic partitioning with factor 16 on dimension 1. (/home/simics/HMoE/HLS_HMoE/pseudo_block/run_9/src/pseudo_moe.cpp:91:11)
INFO: [HLS 214-376] automatically set the pipeline for Loop< VITIS_LOOP_140_5> at /home/simics/HMoE/HLS_HMoE/pseudo_block/run_9/src/pseudo_moe.cpp:140:27 
INFO: [HLS 214-291] Loop 'VITIS_LOOP_143_6' is marked as complete unroll implied by the pipeline pragma (/home/simics/HMoE/HLS_HMoE/pseudo_block/run_9/src/pseudo_moe.cpp:143:31)
INFO: [HLS 214-186] Unrolling loop 'VITIS_LOOP_143_6' (/home/simics/HMoE/HLS_HMoE/pseudo_block/run_9/src/pseudo_moe.cpp:143:31) in function 'pseudo_moe' completely with a factor of 64 (/home/simics/HMoE/HLS_HMoE/pseudo_block/run_9/src/pseudo_moe.cpp:63:0)
INFO: [HLS 214-115] Multiple burst reads of length 64 and bit width 32 in loop 'VITIS_LOOP_19_1'(/home/simics/HMoE/HLS_HMoE/pseudo_block/run_9/src/pseudo_moe.cpp:19:19) has been inferred on bundle 'gmem4'. These burst requests might be further partitioned into multiple requests during RTL generation, based on max_read_burst_length or max_write_burst_length settings. (/home/simics/HMoE/HLS_HMoE/pseudo_block/run_9/src/pseudo_moe.cpp:19:19)
INFO: [HLS 214-115] Multiple burst reads of length 640 and bit width 32 in loop 'VITIS_LOOP_104_1'(/home/simics/HMoE/HLS_HMoE/pseudo_block/run_9/src/pseudo_moe.cpp:104:20) has been inferred on bundle 'gmem0'. These burst requests might be further partitioned into multiple requests during RTL generation, based on max_read_burst_length or max_write_burst_length settings. (/home/simics/HMoE/HLS_HMoE/pseudo_block/run_9/src/pseudo_moe.cpp:104:20)
INFO: [HLS 214-115] Multiple burst reads of length 4096 and bit width 32 in loop 'VITIS_LOOP_116_3'(/home/simics/HMoE/HLS_HMoE/pseudo_block/run_9/src/pseudo_moe.cpp:116:23) has been inferred on bundle 'gmem3'. These burst requests might be further partitioned into multiple requests during RTL generation, based on max_read_burst_length or max_write_burst_length settings. (/home/simics/HMoE/HLS_HMoE/pseudo_block/run_9/src/pseudo_moe.cpp:116:23)
INFO: [HLS 214-115] Multiple burst reads of length 4096 and bit width 32 in loop 'VITIS_LOOP_116_3'(/home/simics/HMoE/HLS_HMoE/pseudo_block/run_9/src/pseudo_moe.cpp:116:23) has been inferred on bundle 'gmem5'. These burst requests might be further partitioned into multiple requests during RTL generation, based on max_read_burst_length or max_write_burst_length settings. (/home/simics/HMoE/HLS_HMoE/pseudo_block/run_9/src/pseudo_moe.cpp:116:23)
INFO: [HLS 214-115] Multiple burst reads of length 4096 and bit width 32 in loop 'VITIS_LOOP_116_3'(/home/simics/HMoE/HLS_HMoE/pseudo_block/run_9/src/pseudo_moe.cpp:116:23) has been inferred on bundle 'gmem7'. These burst requests might be further partitioned into multiple requests during RTL generation, based on max_read_burst_length or max_write_burst_length settings. (/home/simics/HMoE/HLS_HMoE/pseudo_block/run_9/src/pseudo_moe.cpp:116:23)
INFO: [HLS 214-115] Multiple burst reads of length 4096 and bit width 32 in loop 'VITIS_LOOP_116_3'(/home/simics/HMoE/HLS_HMoE/pseudo_block/run_9/src/pseudo_moe.cpp:116:23) has been inferred on bundle 'gmem9'. These burst requests might be further partitioned into multiple requests during RTL generation, based on max_read_burst_length or max_write_burst_length settings. (/home/simics/HMoE/HLS_HMoE/pseudo_block/run_9/src/pseudo_moe.cpp:116:23)
INFO: [HLS 214-115] Multiple burst writes of length 40 and bit width 32 in loop 'VITIS_LOOP_129_4'(/home/simics/HMoE/HLS_HMoE/pseudo_block/run_9/src/pseudo_moe.cpp:129:23) has been inferred on bundle 'gmem11'. These burst requests might be further partitioned into multiple requests during RTL generation, based on max_read_burst_length or max_write_burst_length settings. (/home/simics/HMoE/HLS_HMoE/pseudo_block/run_9/src/pseudo_moe.cpp:129:23)
INFO: [HLS 214-115] Multiple burst writes of length 640 and bit width 32 in loop 'VITIS_LOOP_129_4'(/home/simics/HMoE/HLS_HMoE/pseudo_block/run_9/src/pseudo_moe.cpp:129:23) has been inferred on bundle 'gmem12'. These burst requests might be further partitioned into multiple requests during RTL generation, based on max_read_burst_length or max_write_burst_length settings. (/home/simics/HMoE/HLS_HMoE/pseudo_block/run_9/src/pseudo_moe.cpp:129:23)
INFO: [HLS 214-115] Multiple burst reads of length 256 and bit width 32 in loop 'VITIS_LOOP_140_5'(/home/simics/HMoE/HLS_HMoE/pseudo_block/run_9/src/pseudo_moe.cpp:140:27) has been inferred on bundle 'gmem1'. These burst requests might be further partitioned into multiple requests during RTL generation, based on max_read_burst_length or max_write_burst_length settings. (/home/simics/HMoE/HLS_HMoE/pseudo_block/run_9/src/pseudo_moe.cpp:140:27)
INFO: [HLS 214-115] Multiple burst reads of length 4 and bit width 32 in loop 'VITIS_LOOP_140_5'(/home/simics/HMoE/HLS_HMoE/pseudo_block/run_9/src/pseudo_moe.cpp:140:27) has been inferred on bundle 'gmem2'. These burst requests might be further partitioned into multiple requests during RTL generation, based on max_read_burst_length or max_write_burst_length settings. (/home/simics/HMoE/HLS_HMoE/pseudo_block/run_9/src/pseudo_moe.cpp:140:27)
INFO: [HLS 200-111] Finished Compiling Optimization and Transform: CPU user time: 3.29 seconds. CPU system time: 0.46 seconds. Elapsed time: 7.9 seconds; current allocated memory: 287.805 MB.
INFO: [HLS 200-111] Finished Checking Pragmas: CPU user time: 0 seconds. CPU system time: 0 seconds. Elapsed time: 0 seconds; current allocated memory: 287.805 MB.
INFO: [HLS 200-10] Starting code transformations ...
INFO: [HLS 200-111] Finished Standard Transforms: CPU user time: 0.04 seconds. CPU system time: 0 seconds. Elapsed time: 0.04 seconds; current allocated memory: 289.074 MB.
INFO: [HLS 200-10] Checking synthesizability ...
INFO: [HLS 200-111] Finished Checking Synthesizability: CPU user time: 0.06 seconds. CPU system time: 0 seconds. Elapsed time: 0.06 seconds; current allocated memory: 290.484 MB.
INFO: [XFORM 203-102] Automatically partitioning small array 'logits' (/home/simics/HMoE/HLS_HMoE/pseudo_block/run_9/src/pseudo_moe.cpp:131) completely based on array size.
INFO: [XFORM 203-102] Automatically partitioning small array 'exp_values' (/home/simics/HMoE/HLS_HMoE/pseudo_block/run_9/src/pseudo_moe.cpp:132) completely based on array size.
INFO: [XFORM 203-102] Automatically partitioning small array 'gates' (/home/simics/HMoE/HLS_HMoE/pseudo_block/run_9/src/pseudo_moe.cpp:133) completely based on array size.
INFO: [XFORM 203-101] Partitioning array 'logits' (/home/simics/HMoE/HLS_HMoE/pseudo_block/run_9/src/pseudo_moe.cpp:131) in dimension 1 completely.
INFO: [XFORM 203-101] Partitioning array 'exp_values' (/home/simics/HMoE/HLS_HMoE/pseudo_block/run_9/src/pseudo_moe.cpp:132) in dimension 1 completely.
INFO: [XFORM 203-101] Partitioning array 'gates' (/home/simics/HMoE/HLS_HMoE/pseudo_block/run_9/src/pseudo_moe.cpp:133) in dimension 1 completely.
INFO: [HLS 200-111] Finished Loop, function and other optimizations: CPU user time: 0.27 seconds. CPU system time: 0.01 seconds. Elapsed time: 0.28 seconds; current allocated memory: 314.230 MB.
INFO: [HLS 200-2061] Successfully converted nested loops 'VITIS_LOOP_104_1'(/home/simics/HMoE/HLS_HMoE/pseudo_block/run_9/src/pseudo_moe.cpp:104:20) and 'VITIS_LOOP_105_2'(/home/simics/HMoE/HLS_HMoE/pseudo_block/run_9/src/pseudo_moe.cpp:105:27) in function 'pseudo_moe' into perfectly nested loops.
INFO: [HLS 200-2061] Successfully converted nested loops 'VITIS_LOOP_19_1'(/home/simics/HMoE/HLS_HMoE/pseudo_block/run_9/src/pseudo_moe.cpp:19:19) and 'VITIS_LOOP_29_3'(/home/simics/HMoE/HLS_HMoE/pseudo_block/run_9/src/pseudo_moe.cpp:29:26) in function 'compute_expert' into perfectly nested loops.
INFO: [XFORM 203-541] Flattening a loop nest 'VITIS_LOOP_104_1' (/home/simics/HMoE/HLS_HMoE/pseudo_block/run_9/src/pseudo_moe.cpp:104:20) in function 'pseudo_moe'.
INFO: [XFORM 203-541] Flattening a loop nest 'VITIS_LOOP_19_1' (/home/simics/HMoE/HLS_HMoE/pseudo_block/run_9/src/pseudo_moe.cpp:19:19) in function 'compute_expert'.
INFO: [HLS 200-111] Finished Architecture Synthesis: CPU user time: 0.24 seconds. CPU system time: 0.04 seconds. Elapsed time: 0.27 seconds; current allocated memory: 436.668 MB.
INFO: [HLS 200-10] Starting hardware synthesis ...
INFO: [HLS 200-10] Synthesizing 'pseudo_moe' ...
INFO: [HLS 200-10] ----------------------------------------------------------------
INFO: [HLS 200-42] -- Implementing module 'pseudo_moe_Pipeline_VITIS_LOOP_104_1_VITIS_LOOP_105_2' 
INFO: [HLS 200-10] ----------------------------------------------------------------
INFO: [SCHED 204-11] Starting scheduling ...
INFO: [HLS 200-1457] Automatically inferring inferring RAM_1WNR storage type for array 'input_local_15'. Use bind_storage pragma to override this type.
INFO: [HLS 200-1457] Automatically inferring inferring RAM_1WNR storage type for array 'input_local'. Use bind_storage pragma to override this type.
INFO: [HLS 200-1457] Automatically inferring inferring RAM_1WNR storage type for array 'input_local_1'. Use bind_storage pragma to override this type.
INFO: [HLS 200-1457] Automatically inferring inferring RAM_1WNR storage type for array 'input_local_2'. Use bind_storage pragma to override this type.
INFO: [HLS 200-1457] Automatically inferring inferring RAM_1WNR storage type for array 'input_local_3'. Use bind_storage pragma to override this type.
INFO: [HLS 200-1457] Automatically inferring inferring RAM_1WNR storage type for array 'input_local_4'. Use bind_storage pragma to override this type.
INFO: [HLS 200-1457] Automatically inferring inferring RAM_1WNR storage type for array 'input_local_5'. Use bind_storage pragma to override this type.
INFO: [HLS 200-1457] Automatically inferring inferring RAM_1WNR storage type for array 'input_local_6'. Use bind_storage pragma to override this type.
INFO: [HLS 200-1457] Automatically inferring inferring RAM_1WNR storage type for array 'input_local_7'. Use bind_storage pragma to override this type.
INFO: [HLS 200-1457] Automatically inferring inferring RAM_1WNR storage type for array 'input_local_8'. Use bind_storage pragma to override this type.
INFO: [HLS 200-1457] Automatically inferring inferring RAM_1WNR storage type for array 'input_local_9'. Use bind_storage pragma to override this type.
INFO: [HLS 200-1457] Automatically inferring inferring RAM_1WNR storage type for array 'input_local_10'. Use bind_storage pragma to override this type.
INFO: [HLS 200-1457] Automatically inferring inferring RAM_1WNR storage type for array 'input_local_11'. Use bind_storage pragma to override this type.
INFO: [HLS 200-1457] Automatically inferring inferring RAM_1WNR storage type for array 'input_local_12'. Use bind_storage pragma to override this type.
INFO: [HLS 200-1457] Automatically inferring inferring RAM_1WNR storage type for array 'input_local_13'. Use bind_storage pragma to override this type.
INFO: [HLS 200-1457] Automatically inferring inferring RAM_1WNR storage type for array 'input_local_14'. Use bind_storage pragma to override this type.
INFO: [SCHED 204-61] Pipelining loop 'VITIS_LOOP_104_1_VITIS_LOOP_105_2'.
INFO: [HLS 200-1470] Pipelining result : Target II = 1, Final II = 1, Depth = 3, loop 'VITIS_LOOP_104_1_VITIS_LOOP_105_2'
INFO: [SCHED 204-11] Finished scheduling.
INFO: [HLS 200-111] Finished Scheduling: CPU user time: 0.11 seconds. CPU system time: 0.02 seconds. Elapsed time: 0.12 seconds; current allocated memory: 439.258 MB.
INFO: [BIND 205-100] Starting micro-architecture generation ...
INFO: [BIND 205-101] Performing variable lifetime analysis.
INFO: [BIND 205-101] Exploring resource sharing.
INFO: [BIND 205-101] Binding ...
INFO: [BIND 205-100] Finished micro-architecture generation.
INFO: [HLS 200-111] Finished Binding: CPU user time: 0.01 seconds. CPU system time: 0 seconds. Elapsed time: 0.02 seconds; current allocated memory: 439.258 MB.
INFO: [HLS 200-10] ----------------------------------------------------------------
INFO: [HLS 200-42] -- Implementing module 'pseudo_moe_Pipeline_VITIS_LOOP_116_3' 
INFO: [HLS 200-10] ----------------------------------------------------------------
INFO: [SCHED 204-11] Starting scheduling ...
INFO: [SCHED 204-61] Pipelining loop 'VITIS_LOOP_116_3'.
INFO: [HLS 200-1470] Pipelining result : Target II = 1, Final II = 1, Depth = 3, loop 'VITIS_LOOP_116_3'
INFO: [SCHED 204-11] Finished scheduling.
INFO: [HLS 200-111] Finished Scheduling: CPU user time: 0.09 seconds. CPU system time: 0 seconds. Elapsed time: 0.1 seconds; current allocated memory: 441.266 MB.
INFO: [BIND 205-100] Starting micro-architecture generation ...
INFO: [BIND 205-101] Performing variable lifetime analysis.
INFO: [BIND 205-101] Exploring resource sharing.
INFO: [BIND 205-101] Binding ...
INFO: [BIND 205-100] Finished micro-architecture generation.
INFO: [HLS 200-111] Finished Binding: CPU user time: 0.03 seconds. CPU system time: 0 seconds. Elapsed time: 0.03 seconds; current allocated memory: 441.266 MB.
INFO: [HLS 200-10] ----------------------------------------------------------------
INFO: [HLS 200-42] -- Implementing module 'pseudo_moe_Pipeline_VITIS_LOOP_140_5' 
INFO: [HLS 200-10] ----------------------------------------------------------------
INFO: [SCHED 204-11] Starting scheduling ...
INFO: [HLS 200-1457] Automatically inferring inferring RAM_1WNR storage type for array 'input_local_15'. Use bind_storage pragma to override this type.
INFO: [HLS 200-1457] Automatically inferring inferring RAM_1WNR storage type for array 'input_local_14'. Use bind_storage pragma to override this type.
INFO: [HLS 200-1457] Automatically inferring inferring RAM_1WNR storage type for array 'input_local_13'. Use bind_storage pragma to override this type.
INFO: [HLS 200-1457] Automatically inferring inferring RAM_1WNR storage type for array 'input_local_12'. Use bind_storage pragma to override this type.
INFO: [HLS 200-1457] Automatically inferring inferring RAM_1WNR storage type for array 'input_local_11'. Use bind_storage pragma to override this type.
INFO: [HLS 200-1457] Automatically inferring inferring RAM_1WNR storage type for array 'input_local_10'. Use bind_storage pragma to override this type.
INFO: [HLS 200-1457] Automatically inferring inferring RAM_1WNR storage type for array 'input_local_9'. Use bind_storage pragma to override this type.
INFO: [HLS 200-1457] Automatically inferring inferring RAM_1WNR storage type for array 'input_local_8'. Use bind_storage pragma to override this type.
INFO: [HLS 200-1457] Automatically inferring inferring RAM_1WNR storage type for array 'input_local_7'. Use bind_storage pragma to override this type.
INFO: [HLS 200-1457] Automatically inferring inferring RAM_1WNR storage type for array 'input_local_6'. Use bind_storage pragma to override this type.
INFO: [HLS 200-1457] Automatically inferring inferring RAM_1WNR storage type for array 'input_local_5'. Use bind_storage pragma to override this type.
INFO: [HLS 200-1457] Automatically inferring inferring RAM_1WNR storage type for array 'input_local_4'. Use bind_storage pragma to override this type.
INFO: [HLS 200-1457] Automatically inferring inferring RAM_1WNR storage type for array 'input_local_3'. Use bind_storage pragma to override this type.
INFO: [HLS 200-1457] Automatically inferring inferring RAM_1WNR storage type for array 'input_local_2'. Use bind_storage pragma to override this type.
INFO: [HLS 200-1457] Automatically inferring inferring RAM_1WNR storage type for array 'input_local_1'. Use bind_storage pragma to override this type.
INFO: [HLS 200-1457] Automatically inferring inferring RAM_1WNR storage type for array 'input_local'. Use bind_storage pragma to override this type.
INFO: [SCHED 204-61] Pipelining loop 'VITIS_LOOP_140_5'.
WARNING: [HLS 200-880] The II Violation in module 'pseudo_moe_Pipeline_VITIS_LOOP_140_5' (loop 'VITIS_LOOP_140_5'): Unable to enforce a carried dependence constraint (II = 1, distance = 1, offset = 1) between bus read operation ('gmem1_addr_read_63', /home/simics/HMoE/HLS_HMoE/pseudo_block/run_9/src/pseudo_moe.cpp:144) on port 'gmem1' (/home/simics/HMoE/HLS_HMoE/pseudo_block/run_9/src/pseudo_moe.cpp:144) and bus read operation ('gmem1_addr_read', /home/simics/HMoE/HLS_HMoE/pseudo_block/run_9/src/pseudo_moe.cpp:144) on port 'gmem1' (/home/simics/HMoE/HLS_HMoE/pseudo_block/run_9/src/pseudo_moe.cpp:144).
WARNING: [HLS 200-880] The II Violation in module 'pseudo_moe_Pipeline_VITIS_LOOP_140_5' (loop 'VITIS_LOOP_140_5'): Unable to enforce a carried dependence constraint (II = 2, distance = 1, offset = 1) between bus read operation ('gmem1_addr_read_63', /home/simics/HMoE/HLS_HMoE/pseudo_block/run_9/src/pseudo_moe.cpp:144) on port 'gmem1' (/home/simics/HMoE/HLS_HMoE/pseudo_block/run_9/src/pseudo_moe.cpp:144) and bus read operation ('gmem1_addr_read', /home/simics/HMoE/HLS_HMoE/pseudo_block/run_9/src/pseudo_moe.cpp:144) on port 'gmem1' (/home/simics/HMoE/HLS_HMoE/pseudo_block/run_9/src/pseudo_moe.cpp:144).
WARNING: [HLS 200-880] The II Violation in module 'pseudo_moe_Pipeline_VITIS_LOOP_140_5' (loop 'VITIS_LOOP_140_5'): Unable to enforce a carried dependence constraint (II = 3, distance = 1, offset = 1) between bus read operation ('gmem1_addr_read_63', /home/simics/HMoE/HLS_HMoE/pseudo_block/run_9/src/pseudo_moe.cpp:144) on port 'gmem1' (/home/simics/HMoE/HLS_HMoE/pseudo_block/run_9/src/pseudo_moe.cpp:144) and bus read operation ('gmem1_addr_read', /home/simics/HMoE/HLS_HMoE/pseudo_block/run_9/src/pseudo_moe.cpp:144) on port 'gmem1' (/home/simics/HMoE/HLS_HMoE/pseudo_block/run_9/src/pseudo_moe.cpp:144).
WARNING: [HLS 200-880] The II Violation in module 'pseudo_moe_Pipeline_VITIS_LOOP_140_5' (loop 'VITIS_LOOP_140_5'): Unable to enforce a carried dependence constraint (II = 4, distance = 1, offset = 1) between bus read operation ('gmem1_addr_read_63', /home/simics/HMoE/HLS_HMoE/pseudo_block/run_9/src/pseudo_moe.cpp:144) on port 'gmem1' (/home/simics/HMoE/HLS_HMoE/pseudo_block/run_9/src/pseudo_moe.cpp:144) and bus read operation ('gmem1_addr_read', /home/simics/HMoE/HLS_HMoE/pseudo_block/run_9/src/pseudo_moe.cpp:144) on port 'gmem1' (/home/simics/HMoE/HLS_HMoE/pseudo_block/run_9/src/pseudo_moe.cpp:144).
WARNING: [HLS 200-880] The II Violation in module 'pseudo_moe_Pipeline_VITIS_LOOP_140_5' (loop 'VITIS_LOOP_140_5'): Unable to enforce a carried dependence constraint (II = 35, distance = 1, offset = 1) between bus read operation ('gmem1_addr_read_63', /home/simics/HMoE/HLS_HMoE/pseudo_block/run_9/src/pseudo_moe.cpp:144) on port 'gmem1' (/home/simics/HMoE/HLS_HMoE/pseudo_block/run_9/src/pseudo_moe.cpp:144) and bus read operation ('gmem1_addr_read', /home/simics/HMoE/HLS_HMoE/pseudo_block/run_9/src/pseudo_moe.cpp:144) on port 'gmem1' (/home/simics/HMoE/HLS_HMoE/pseudo_block/run_9/src/pseudo_moe.cpp:144).
WARNING: [HLS 200-880] The II Violation in module 'pseudo_moe_Pipeline_VITIS_LOOP_140_5' (loop 'VITIS_LOOP_140_5'): Unable to enforce a carried dependence constraint (II = 51, distance = 1, offset = 1) between bus read operation ('gmem1_addr_read_63', /home/simics/HMoE/HLS_HMoE/pseudo_block/run_9/src/pseudo_moe.cpp:144) on port 'gmem1' (/home/simics/HMoE/HLS_HMoE/pseudo_block/run_9/src/pseudo_moe.cpp:144) and bus read operation ('gmem1_addr_read', /home/simics/HMoE/HLS_HMoE/pseudo_block/run_9/src/pseudo_moe.cpp:144) on port 'gmem1' (/home/simics/HMoE/HLS_HMoE/pseudo_block/run_9/src/pseudo_moe.cpp:144).
WARNING: [HLS 200-880] The II Violation in module 'pseudo_moe_Pipeline_VITIS_LOOP_140_5' (loop 'VITIS_LOOP_140_5'): Unable to enforce a carried dependence constraint (II = 59, distance = 1, offset = 1) between bus read operation ('gmem1_addr_read_63', /home/simics/HMoE/HLS_HMoE/pseudo_block/run_9/src/pseudo_moe.cpp:144) on port 'gmem1' (/home/simics/HMoE/HLS_HMoE/pseudo_block/run_9/src/pseudo_moe.cpp:144) and bus read operation ('gmem1_addr_read', /home/simics/HMoE/HLS_HMoE/pseudo_block/run_9/src/pseudo_moe.cpp:144) on port 'gmem1' (/home/simics/HMoE/HLS_HMoE/pseudo_block/run_9/src/pseudo_moe.cpp:144).
WARNING: [HLS 200-880] The II Violation in module 'pseudo_moe_Pipeline_VITIS_LOOP_140_5' (loop 'VITIS_LOOP_140_5'): Unable to enforce a carried dependence constraint (II = 63, distance = 1, offset = 1) between bus read operation ('gmem1_addr_read_63', /home/simics/HMoE/HLS_HMoE/pseudo_block/run_9/src/pseudo_moe.cpp:144) on port 'gmem1' (/home/simics/HMoE/HLS_HMoE/pseudo_block/run_9/src/pseudo_moe.cpp:144) and bus read operation ('gmem1_addr_read', /home/simics/HMoE/HLS_HMoE/pseudo_block/run_9/src/pseudo_moe.cpp:144) on port 'gmem1' (/home/simics/HMoE/HLS_HMoE/pseudo_block/run_9/src/pseudo_moe.cpp:144).
INFO: [HLS 200-1470] Pipelining result : Target II = NA, Final II = 64, Depth = 135, loop 'VITIS_LOOP_140_5'
INFO: [SCHED 204-11] Finished scheduling.
INFO: [HLS 200-111] Finished Scheduling: CPU user time: 0.53 seconds. CPU system time: 0.01 seconds. Elapsed time: 0.54 seconds; current allocated memory: 444.566 MB.
INFO: [BIND 205-100] Starting micro-architecture generation ...
INFO: [BIND 205-101] Performing variable lifetime analysis.
INFO: [BIND 205-101] Exploring resource sharing.
INFO: [BIND 205-101] Binding ...
INFO: [BIND 205-100] Finished micro-architecture generation.
INFO: [HLS 200-111] Finished Binding: CPU user time: 0.09 seconds. CPU system time: 0 seconds. Elapsed time: 0.09 seconds; current allocated memory: 444.566 MB.
INFO: [HLS 200-10] ----------------------------------------------------------------
INFO: [HLS 200-42] -- Implementing module 'pseudo_moe_Pipeline_VITIS_LOOP_157_7' 
INFO: [HLS 200-10] ----------------------------------------------------------------
INFO: [SCHED 204-11] Starting scheduling ...
INFO: [SCHED 204-61] Pipelining loop 'VITIS_LOOP_157_7'.
INFO: [HLS 200-1470] Pipelining result : Target II = 1, Final II = 1, Depth = 8, loop 'VITIS_LOOP_157_7'
INFO: [SCHED 204-11] Finished scheduling.
INFO: [HLS 200-111] Finished Scheduling: CPU user time: 0.08 seconds. CPU system time: 0 seconds. Elapsed time: 0.08 seconds; current allocated memory: 445.098 MB.
INFO: [BIND 205-100] Starting micro-architecture generation ...
INFO: [BIND 205-101] Performing variable lifetime analysis.
INFO: [BIND 205-101] Exploring resource sharing.
INFO: [BIND 205-101] Binding ...
INFO: [BIND 205-100] Finished micro-architecture generation.
INFO: [HLS 200-111] Finished Binding: CPU user time: 0.02 seconds. CPU system time: 0 seconds. Elapsed time: 0.02 seconds; current allocated memory: 445.098 MB.
INFO: [HLS 200-10] ----------------------------------------------------------------
INFO: [HLS 200-42] -- Implementing module 'pseudo_moe_Pipeline_VITIS_LOOP_163_8' 
INFO: [HLS 200-10] ----------------------------------------------------------------
INFO: [SCHED 204-11] Starting scheduling ...
INFO: [SCHED 204-61] Pipelining loop 'VITIS_LOOP_163_8'.
INFO: [HLS 200-1470] Pipelining result : Target II = 1, Final II = 1, Depth = 7, loop 'VITIS_LOOP_163_8'
INFO: [SCHED 204-11] Finished scheduling.
INFO: [HLS 200-111] Finished Scheduling: CPU user time: 0.03 seconds. CPU system time: 0.01 seconds. Elapsed time: 0.04 seconds; current allocated memory: 445.551 MB.
INFO: [BIND 205-100] Starting micro-architecture generation ...
INFO: [BIND 205-101] Performing variable lifetime analysis.
INFO: [BIND 205-101] Exploring resource sharing.
INFO: [BIND 205-101] Binding ...
INFO: [BIND 205-100] Finished micro-architecture generation.
INFO: [HLS 200-111] Finished Binding: CPU user time: 0.02 seconds. CPU system time: 0 seconds. Elapsed time: 0.02 seconds; current allocated memory: 445.551 MB.
INFO: [HLS 200-10] ----------------------------------------------------------------
INFO: [HLS 200-42] -- Implementing module 'pseudo_moe_Pipeline_VITIS_LOOP_170_9' 
INFO: [HLS 200-10] ----------------------------------------------------------------
INFO: [SCHED 204-11] Starting scheduling ...
INFO: [SCHED 204-61] Pipelining loop 'VITIS_LOOP_170_9'.
INFO: [HLS 200-1470] Pipelining result : Target II = 1, Final II = 1, Depth = 1, loop 'VITIS_LOOP_170_9'
INFO: [SCHED 204-11] Finished scheduling.
INFO: [HLS 200-111] Finished Scheduling: CPU user time: 0.02 seconds. CPU system time: 0 seconds. Elapsed time: 0.03 seconds; current allocated memory: 445.977 MB.
INFO: [BIND 205-100] Starting micro-architecture generation ...
INFO: [BIND 205-101] Performing variable lifetime analysis.
INFO: [BIND 205-101] Exploring resource sharing.
INFO: [BIND 205-101] Binding ...
INFO: [BIND 205-100] Finished micro-architecture generation.
INFO: [HLS 200-111] Finished Binding: CPU user time: 0.01 seconds. CPU system time: 0 seconds. Elapsed time: 0.02 seconds; current allocated memory: 445.977 MB.
INFO: [HLS 200-10] ----------------------------------------------------------------
INFO: [HLS 200-42] -- Implementing module 'compute_expert_Pipeline_VITIS_LOOP_19_1_VITIS_LOOP_29_3' 
INFO: [HLS 200-10] ----------------------------------------------------------------
INFO: [SCHED 204-11] Starting scheduling ...
INFO: [HLS 200-1457] Automatically inferring inferring RAM_1WNR storage type for array 'x_15'. Use bind_storage pragma to override this type.
INFO: [HLS 200-1457] Automatically inferring inferring RAM_1WNR storage type for array 'x_14'. Use bind_storage pragma to override this type.
INFO: [HLS 200-1457] Automatically inferring inferring RAM_1WNR storage type for array 'x_13'. Use bind_storage pragma to override this type.
INFO: [HLS 200-1457] Automatically inferring inferring RAM_1WNR storage type for array 'x_12'. Use bind_storage pragma to override this type.
INFO: [HLS 200-1457] Automatically inferring inferring RAM_1WNR storage type for array 'x_11'. Use bind_storage pragma to override this type.
INFO: [HLS 200-1457] Automatically inferring inferring RAM_1WNR storage type for array 'x_10'. Use bind_storage pragma to override this type.
INFO: [HLS 200-1457] Automatically inferring inferring RAM_1WNR storage type for array 'x_9'. Use bind_storage pragma to override this type.
INFO: [HLS 200-1457] Automatically inferring inferring RAM_1WNR storage type for array 'x_8'. Use bind_storage pragma to override this type.
INFO: [HLS 200-1457] Automatically inferring inferring RAM_1WNR storage type for array 'x_7'. Use bind_storage pragma to override this type.
INFO: [HLS 200-1457] Automatically inferring inferring RAM_1WNR storage type for array 'x_6'. Use bind_storage pragma to override this type.
INFO: [HLS 200-1457] Automatically inferring inferring RAM_1WNR storage type for array 'x_5'. Use bind_storage pragma to override this type.
INFO: [HLS 200-1457] Automatically inferring inferring RAM_1WNR storage type for array 'x_4'. Use bind_storage pragma to override this type.
INFO: [HLS 200-1457] Automatically inferring inferring RAM_1WNR storage type for array 'x_3'. Use bind_storage pragma to override this type.
INFO: [HLS 200-1457] Automatically inferring inferring RAM_1WNR storage type for array 'x_2'. Use bind_storage pragma to override this type.
INFO: [HLS 200-1457] Automatically inferring inferring RAM_1WNR storage type for array 'x_1'. Use bind_storage pragma to override this type.
INFO: [HLS 200-1457] Automatically inferring inferring RAM_1WNR storage type for array 'x_0'. Use bind_storage pragma to override this type.
INFO: [SCHED 204-61] Pipelining loop 'VITIS_LOOP_19_1_VITIS_LOOP_29_3'.
INFO: [HLS 200-1470] Pipelining result : Target II = 1, Final II = 1, Depth = 37, loop 'VITIS_LOOP_19_1_VITIS_LOOP_29_3'
INFO: [SCHED 204-11] Finished scheduling.
INFO: [HLS 200-111] Finished Scheduling: CPU user time: 0.18 seconds. CPU system time: 0 seconds. Elapsed time: 0.18 seconds; current allocated memory: 448.426 MB.
INFO: [BIND 205-100] Starting micro-architecture generation ...
INFO: [BIND 205-101] Performing variable lifetime analysis.
INFO: [BIND 205-101] Exploring resource sharing.
INFO: [BIND 205-101] Binding ...
INFO: [BIND 205-100] Finished micro-architecture generation.
INFO: [HLS 200-111] Finished Binding: CPU user time: 0.04 seconds. CPU system time: 0 seconds. Elapsed time: 0.04 seconds; current allocated memory: 448.426 MB.
INFO: [HLS 200-10] ----------------------------------------------------------------
INFO: [HLS 200-42] -- Implementing module 'compute_expert' 
INFO: [HLS 200-10] ----------------------------------------------------------------
INFO: [SCHED 204-11] Starting scheduling ...
INFO: [SCHED 204-11] Finished scheduling.
INFO: [HLS 200-111] Finished Scheduling: CPU user time: 0.05 seconds. CPU system time: 0.01 seconds. Elapsed time: 0.05 seconds; current allocated memory: 448.633 MB.
INFO: [BIND 205-100] Starting micro-architecture generation ...
INFO: [BIND 205-101] Performing variable lifetime analysis.
INFO: [BIND 205-101] Exploring resource sharing.
INFO: [BIND 205-101] Binding ...
INFO: [BIND 205-100] Finished micro-architecture generation.
INFO: [HLS 200-111] Finished Binding: CPU user time: 0.02 seconds. CPU system time: 0 seconds. Elapsed time: 0.02 seconds; current allocated memory: 448.633 MB.
INFO: [HLS 200-10] ----------------------------------------------------------------
INFO: [HLS 200-42] -- Implementing module 'pseudo_moe_Pipeline_VITIS_LOOP_178_10' 
INFO: [HLS 200-10] ----------------------------------------------------------------
INFO: [SCHED 204-11] Starting scheduling ...
INFO: [SCHED 204-61] Pipelining loop 'VITIS_LOOP_178_10'.
INFO: [HLS 200-1470] Pipelining result : Target II = 1, Final II = 1, Depth = 5, loop 'VITIS_LOOP_178_10'
INFO: [SCHED 204-11] Finished scheduling.
INFO: [HLS 200-111] Finished Scheduling: CPU user time: 0.03 seconds. CPU system time: 0 seconds. Elapsed time: 0.04 seconds; current allocated memory: 449.375 MB.
INFO: [BIND 205-100] Starting micro-architecture generation ...
INFO: [BIND 205-101] Performing variable lifetime analysis.
INFO: [BIND 205-101] Exploring resource sharing.
INFO: [BIND 205-101] Binding ...
INFO: [BIND 205-100] Finished micro-architecture generation.
INFO: [HLS 200-111] Finished Binding: CPU user time: 0.02 seconds. CPU system time: 0 seconds. Elapsed time: 0.02 seconds; current allocated memory: 449.375 MB.
INFO: [HLS 200-10] ----------------------------------------------------------------
INFO: [HLS 200-42] -- Implementing module 'pseudo_moe_Pipeline_VITIS_LOOP_186_11' 
INFO: [HLS 200-10] ----------------------------------------------------------------
INFO: [SCHED 204-11] Starting scheduling ...
INFO: [SCHED 204-61] Pipelining loop 'VITIS_LOOP_186_11'.
INFO: [HLS 200-1470] Pipelining result : Target II = 1, Final II = 1, Depth = 5, loop 'VITIS_LOOP_186_11'
INFO: [SCHED 204-11] Finished scheduling.
INFO: [HLS 200-111] Finished Scheduling: CPU user time: 0.03 seconds. CPU system time: 0 seconds. Elapsed time: 0.03 seconds; current allocated memory: 449.695 MB.
INFO: [BIND 205-100] Starting micro-architecture generation ...
INFO: [BIND 205-101] Performing variable lifetime analysis.
INFO: [BIND 205-101] Exploring resource sharing.
INFO: [BIND 205-101] Binding ...
INFO: [BIND 205-100] Finished micro-architecture generation.
INFO: [HLS 200-111] Finished Binding: CPU user time: 0.01 seconds. CPU system time: 0 seconds. Elapsed time: 0.02 seconds; current allocated memory: 449.695 MB.
INFO: [HLS 200-10] ----------------------------------------------------------------
INFO: [HLS 200-42] -- Implementing module 'pseudo_moe_Pipeline_VITIS_LOOP_194_12' 
INFO: [HLS 200-10] ----------------------------------------------------------------
INFO: [SCHED 204-11] Starting scheduling ...
INFO: [SCHED 204-61] Pipelining loop 'VITIS_LOOP_194_12'.
INFO: [HLS 200-1470] Pipelining result : Target II = 1, Final II = 1, Depth = 5, loop 'VITIS_LOOP_194_12'
INFO: [SCHED 204-11] Finished scheduling.
INFO: [HLS 200-111] Finished Scheduling: CPU user time: 0.02 seconds. CPU system time: 0.01 seconds. Elapsed time: 0.03 seconds; current allocated memory: 449.992 MB.
INFO: [BIND 205-100] Starting micro-architecture generation ...
INFO: [BIND 205-101] Performing variable lifetime analysis.
INFO: [BIND 205-101] Exploring resource sharing.
INFO: [BIND 205-101] Binding ...
INFO: [BIND 205-100] Finished micro-architecture generation.
INFO: [HLS 200-111] Finished Binding: CPU user time: 0.02 seconds. CPU system time: 0 seconds. Elapsed time: 0.02 seconds; current allocated memory: 449.992 MB.
INFO: [HLS 200-10] ----------------------------------------------------------------
INFO: [HLS 200-42] -- Implementing module 'pseudo_moe_Pipeline_VITIS_LOOP_202_13' 
INFO: [HLS 200-10] ----------------------------------------------------------------
INFO: [SCHED 204-11] Starting scheduling ...
INFO: [SCHED 204-61] Pipelining loop 'VITIS_LOOP_202_13'.
INFO: [HLS 200-1470] Pipelining result : Target II = 1, Final II = 1, Depth = 5, loop 'VITIS_LOOP_202_13'
INFO: [SCHED 204-11] Finished scheduling.
INFO: [HLS 200-111] Finished Scheduling: CPU user time: 0.03 seconds. CPU system time: 0 seconds. Elapsed time: 0.03 seconds; current allocated memory: 450.203 MB.
INFO: [BIND 205-100] Starting micro-architecture generation ...
INFO: [BIND 205-101] Performing variable lifetime analysis.
INFO: [BIND 205-101] Exploring resource sharing.
INFO: [BIND 205-101] Binding ...
INFO: [BIND 205-100] Finished micro-architecture generation.
INFO: [HLS 200-111] Finished Binding: CPU user time: 0.01 seconds. CPU system time: 0 seconds. Elapsed time: 0.02 seconds; current allocated memory: 450.203 MB.
INFO: [HLS 200-10] ----------------------------------------------------------------
INFO: [HLS 200-42] -- Implementing module 'pseudo_moe_Pipeline_VITIS_LOOP_208_14' 
INFO: [HLS 200-10] ----------------------------------------------------------------
INFO: [SCHED 204-11] Starting scheduling ...
INFO: [SCHED 204-61] Pipelining loop 'VITIS_LOOP_208_14'.
INFO: [HLS 200-1470] Pipelining result : Target II = 1, Final II = 1, Depth = 3, loop 'VITIS_LOOP_208_14'
INFO: [SCHED 204-11] Finished scheduling.
INFO: [HLS 200-111] Finished Scheduling: CPU user time: 0.02 seconds. CPU system time: 0 seconds. Elapsed time: 0.03 seconds; current allocated memory: 450.508 MB.
INFO: [BIND 205-100] Starting micro-architecture generation ...
INFO: [BIND 205-101] Performing variable lifetime analysis.
INFO: [BIND 205-101] Exploring resource sharing.
INFO: [BIND 205-101] Binding ...
INFO: [BIND 205-100] Finished micro-architecture generation.
INFO: [HLS 200-111] Finished Binding: CPU user time: 0.02 seconds. CPU system time: 0 seconds. Elapsed time: 0.01 seconds; current allocated memory: 450.508 MB.
INFO: [HLS 200-10] ----------------------------------------------------------------
INFO: [HLS 200-42] -- Implementing module 'pseudo_moe' 
INFO: [HLS 200-10] ----------------------------------------------------------------
INFO: [SCHED 204-11] Starting scheduling ...
INFO: [SCHED 204-11] Finished scheduling.
INFO: [HLS 200-111] Finished Scheduling: CPU user time: 0.1 seconds. CPU system time: 0 seconds. Elapsed time: 0.1 seconds; current allocated memory: 452.480 MB.
INFO: [BIND 205-100] Starting micro-architecture generation ...
INFO: [BIND 205-101] Performing variable lifetime analysis.
INFO: [BIND 205-101] Exploring resource sharing.
INFO: [BIND 205-101] Binding ...
INFO: [BIND 205-100] Finished micro-architecture generation.
INFO: [HLS 200-111] Finished Binding: CPU user time: 0.05 seconds. CPU system time: 0.01 seconds. Elapsed time: 0.06 seconds; current allocated memory: 452.480 MB.
INFO: [HLS 200-10] ----------------------------------------------------------------
INFO: [HLS 200-10] -- Generating RTL for module 'pseudo_moe_Pipeline_VITIS_LOOP_104_1_VITIS_LOOP_105_2' 
INFO: [HLS 200-10] ----------------------------------------------------------------
INFO: [HLS 200-1030] Apply Unified Pipeline Control on module 'pseudo_moe_Pipeline_VITIS_LOOP_104_1_VITIS_LOOP_105_2' pipeline 'VITIS_LOOP_104_1_VITIS_LOOP_105_2' pipeline type 'loop pipeline'
WARNING: [RTGEN 206-101] Setting dangling out port 'pseudo_moe_Pipeline_VITIS_LOOP_104_1_VITIS_LOOP_105_2/m_axi_gmem0_ARVALID' to 0.
WARNING: [RTGEN 206-101] Setting dangling out port 'pseudo_moe_Pipeline_VITIS_LOOP_104_1_VITIS_LOOP_105_2/m_axi_gmem0_ARADDR' to 0.
WARNING: [RTGEN 206-101] Setting dangling out port 'pseudo_moe_Pipeline_VITIS_LOOP_104_1_VITIS_LOOP_105_2/m_axi_gmem0_ARID' to 0.
WARNING: [RTGEN 206-101] Setting dangling out port 'pseudo_moe_Pipeline_VITIS_LOOP_104_1_VITIS_LOOP_105_2/m_axi_gmem0_ARLEN' to 0.
WARNING: [RTGEN 206-101] Setting dangling out port 'pseudo_moe_Pipeline_VITIS_LOOP_104_1_VITIS_LOOP_105_2/m_axi_gmem0_ARSIZE' to 0.
WARNING: [RTGEN 206-101] Setting dangling out port 'pseudo_moe_Pipeline_VITIS_LOOP_104_1_VITIS_LOOP_105_2/m_axi_gmem0_ARBURST' to 0.
WARNING: [RTGEN 206-101] Setting dangling out port 'pseudo_moe_Pipeline_VITIS_LOOP_104_1_VITIS_LOOP_105_2/m_axi_gmem0_ARLOCK' to 0.
WARNING: [RTGEN 206-101] Setting dangling out port 'pseudo_moe_Pipeline_VITIS_LOOP_104_1_VITIS_LOOP_105_2/m_axi_gmem0_ARCACHE' to 0.
WARNING: [RTGEN 206-101] Setting dangling out port 'pseudo_moe_Pipeline_VITIS_LOOP_104_1_VITIS_LOOP_105_2/m_axi_gmem0_ARPROT' to 0.
WARNING: [RTGEN 206-101] Setting dangling out port 'pseudo_moe_Pipeline_VITIS_LOOP_104_1_VITIS_LOOP_105_2/m_axi_gmem0_ARQOS' to 0.
WARNING: [RTGEN 206-101] Setting dangling out port 'pseudo_moe_Pipeline_VITIS_LOOP_104_1_VITIS_LOOP_105_2/m_axi_gmem0_ARREGION' to 0.
WARNING: [RTGEN 206-101] Setting dangling out port 'pseudo_moe_Pipeline_VITIS_LOOP_104_1_VITIS_LOOP_105_2/m_axi_gmem0_ARUSER' to 0.
INFO: [RTGEN 206-100] Finished creating RTL model for 'pseudo_moe_Pipeline_VITIS_LOOP_104_1_VITIS_LOOP_105_2'.
INFO: [HLS 200-111] Finished Creating RTL model: CPU user time: 0.09 seconds. CPU system time: 0 seconds. Elapsed time: 0.09 seconds; current allocated memory: 453.258 MB.
INFO: [HLS 200-10] ----------------------------------------------------------------
INFO: [HLS 200-10] -- Generating RTL for module 'pseudo_moe_Pipeline_VITIS_LOOP_116_3' 
INFO: [HLS 200-10] ----------------------------------------------------------------
INFO: [HLS 200-1030] Apply Unified Pipeline Control on module 'pseudo_moe_Pipeline_VITIS_LOOP_116_3' pipeline 'VITIS_LOOP_116_3' pipeline type 'loop pipeline'
WARNING: [RTGEN 206-101] Setting dangling out port 'pseudo_moe_Pipeline_VITIS_LOOP_116_3/m_axi_gmem3_ARVALID' to 0.
WARNING: [RTGEN 206-101] Setting dangling out port 'pseudo_moe_Pipeline_VITIS_LOOP_116_3/m_axi_gmem3_ARADDR' to 0.
WARNING: [RTGEN 206-101] Setting dangling out port 'pseudo_moe_Pipeline_VITIS_LOOP_116_3/m_axi_gmem3_ARID' to 0.
WARNING: [RTGEN 206-101] Setting dangling out port 'pseudo_moe_Pipeline_VITIS_LOOP_116_3/m_axi_gmem3_ARLEN' to 0.
WARNING: [RTGEN 206-101] Setting dangling out port 'pseudo_moe_Pipeline_VITIS_LOOP_116_3/m_axi_gmem3_ARSIZE' to 0.
WARNING: [RTGEN 206-101] Setting dangling out port 'pseudo_moe_Pipeline_VITIS_LOOP_116_3/m_axi_gmem3_ARBURST' to 0.
WARNING: [RTGEN 206-101] Setting dangling out port 'pseudo_moe_Pipeline_VITIS_LOOP_116_3/m_axi_gmem3_ARLOCK' to 0.
WARNING: [RTGEN 206-101] Setting dangling out port 'pseudo_moe_Pipeline_VITIS_LOOP_116_3/m_axi_gmem3_ARCACHE' to 0.
WARNING: [RTGEN 206-101] Setting dangling out port 'pseudo_moe_Pipeline_VITIS_LOOP_116_3/m_axi_gmem3_ARPROT' to 0.
WARNING: [RTGEN 206-101] Setting dangling out port 'pseudo_moe_Pipeline_VITIS_LOOP_116_3/m_axi_gmem3_ARQOS' to 0.
WARNING: [RTGEN 206-101] Setting dangling out port 'pseudo_moe_Pipeline_VITIS_LOOP_116_3/m_axi_gmem3_ARREGION' to 0.
WARNING: [RTGEN 206-101] Setting dangling out port 'pseudo_moe_Pipeline_VITIS_LOOP_116_3/m_axi_gmem3_ARUSER' to 0.
WARNING: [RTGEN 206-101] Setting dangling out port 'pseudo_moe_Pipeline_VITIS_LOOP_116_3/m_axi_gmem5_ARVALID' to 0.
WARNING: [RTGEN 206-101] Setting dangling out port 'pseudo_moe_Pipeline_VITIS_LOOP_116_3/m_axi_gmem5_ARADDR' to 0.
WARNING: [RTGEN 206-101] Setting dangling out port 'pseudo_moe_Pipeline_VITIS_LOOP_116_3/m_axi_gmem5_ARID' to 0.
WARNING: [RTGEN 206-101] Setting dangling out port 'pseudo_moe_Pipeline_VITIS_LOOP_116_3/m_axi_gmem5_ARLEN' to 0.
WARNING: [RTGEN 206-101] Setting dangling out port 'pseudo_moe_Pipeline_VITIS_LOOP_116_3/m_axi_gmem5_ARSIZE' to 0.
WARNING: [RTGEN 206-101] Setting dangling out port 'pseudo_moe_Pipeline_VITIS_LOOP_116_3/m_axi_gmem5_ARBURST' to 0.
WARNING: [RTGEN 206-101] Setting dangling out port 'pseudo_moe_Pipeline_VITIS_LOOP_116_3/m_axi_gmem5_ARLOCK' to 0.
WARNING: [RTGEN 206-101] Setting dangling out port 'pseudo_moe_Pipeline_VITIS_LOOP_116_3/m_axi_gmem5_ARCACHE' to 0.
WARNING: [RTGEN 206-101] Setting dangling out port 'pseudo_moe_Pipeline_VITIS_LOOP_116_3/m_axi_gmem5_ARPROT' to 0.
WARNING: [RTGEN 206-101] Setting dangling out port 'pseudo_moe_Pipeline_VITIS_LOOP_116_3/m_axi_gmem5_ARQOS' to 0.
WARNING: [RTGEN 206-101] Setting dangling out port 'pseudo_moe_Pipeline_VITIS_LOOP_116_3/m_axi_gmem5_ARREGION' to 0.
WARNING: [RTGEN 206-101] Setting dangling out port 'pseudo_moe_Pipeline_VITIS_LOOP_116_3/m_axi_gmem5_ARUSER' to 0.
WARNING: [RTGEN 206-101] Setting dangling out port 'pseudo_moe_Pipeline_VITIS_LOOP_116_3/m_axi_gmem7_ARVALID' to 0.
WARNING: [RTGEN 206-101] Setting dangling out port 'pseudo_moe_Pipeline_VITIS_LOOP_116_3/m_axi_gmem7_ARADDR' to 0.
WARNING: [RTGEN 206-101] Setting dangling out port 'pseudo_moe_Pipeline_VITIS_LOOP_116_3/m_axi_gmem7_ARID' to 0.
WARNING: [RTGEN 206-101] Setting dangling out port 'pseudo_moe_Pipeline_VITIS_LOOP_116_3/m_axi_gmem7_ARLEN' to 0.
WARNING: [RTGEN 206-101] Setting dangling out port 'pseudo_moe_Pipeline_VITIS_LOOP_116_3/m_axi_gmem7_ARSIZE' to 0.
WARNING: [RTGEN 206-101] Setting dangling out port 'pseudo_moe_Pipeline_VITIS_LOOP_116_3/m_axi_gmem7_ARBURST' to 0.
WARNING: [RTGEN 206-101] Setting dangling out port 'pseudo_moe_Pipeline_VITIS_LOOP_116_3/m_axi_gmem7_ARLOCK' to 0.
WARNING: [RTGEN 206-101] Setting dangling out port 'pseudo_moe_Pipeline_VITIS_LOOP_116_3/m_axi_gmem7_ARCACHE' to 0.
WARNING: [RTGEN 206-101] Setting dangling out port 'pseudo_moe_Pipeline_VITIS_LOOP_116_3/m_axi_gmem7_ARPROT' to 0.
WARNING: [RTGEN 206-101] Setting dangling out port 'pseudo_moe_Pipeline_VITIS_LOOP_116_3/m_axi_gmem7_ARQOS' to 0.
WARNING: [RTGEN 206-101] Setting dangling out port 'pseudo_moe_Pipeline_VITIS_LOOP_116_3/m_axi_gmem7_ARREGION' to 0.
WARNING: [RTGEN 206-101] Setting dangling out port 'pseudo_moe_Pipeline_VITIS_LOOP_116_3/m_axi_gmem7_ARUSER' to 0.
WARNING: [RTGEN 206-101] Setting dangling out port 'pseudo_moe_Pipeline_VITIS_LOOP_116_3/m_axi_gmem9_ARVALID' to 0.
WARNING: [RTGEN 206-101] Setting dangling out port 'pseudo_moe_Pipeline_VITIS_LOOP_116_3/m_axi_gmem9_ARADDR' to 0.
WARNING: [RTGEN 206-101] Setting dangling out port 'pseudo_moe_Pipeline_VITIS_LOOP_116_3/m_axi_gmem9_ARID' to 0.
WARNING: [RTGEN 206-101] Setting dangling out port 'pseudo_moe_Pipeline_VITIS_LOOP_116_3/m_axi_gmem9_ARLEN' to 0.
WARNING: [RTGEN 206-101] Setting dangling out port 'pseudo_moe_Pipeline_VITIS_LOOP_116_3/m_axi_gmem9_ARSIZE' to 0.
WARNING: [RTGEN 206-101] Setting dangling out port 'pseudo_moe_Pipeline_VITIS_LOOP_116_3/m_axi_gmem9_ARBURST' to 0.
WARNING: [RTGEN 206-101] Setting dangling out port 'pseudo_moe_Pipeline_VITIS_LOOP_116_3/m_axi_gmem9_ARLOCK' to 0.
WARNING: [RTGEN 206-101] Setting dangling out port 'pseudo_moe_Pipeline_VITIS_LOOP_116_3/m_axi_gmem9_ARCACHE' to 0.
WARNING: [RTGEN 206-101] Setting dangling out port 'pseudo_moe_Pipeline_VITIS_LOOP_116_3/m_axi_gmem9_ARPROT' to 0.
WARNING: [RTGEN 206-101] Setting dangling out port 'pseudo_moe_Pipeline_VITIS_LOOP_116_3/m_axi_gmem9_ARQOS' to 0.
WARNING: [RTGEN 206-101] Setting dangling out port 'pseudo_moe_Pipeline_VITIS_LOOP_116_3/m_axi_gmem9_ARREGION' to 0.
WARNING: [RTGEN 206-101] Setting dangling out port 'pseudo_moe_Pipeline_VITIS_LOOP_116_3/m_axi_gmem9_ARUSER' to 0.
INFO: [RTGEN 206-100] Finished creating RTL model for 'pseudo_moe_Pipeline_VITIS_LOOP_116_3'.
INFO: [HLS 200-111] Finished Creating RTL model: CPU user time: 0.31 seconds. CPU system time: 0.02 seconds. Elapsed time: 0.37 seconds; current allocated memory: 456.625 MB.
INFO: [HLS 200-10] ----------------------------------------------------------------
INFO: [HLS 200-10] -- Generating RTL for module 'pseudo_moe_Pipeline_VITIS_LOOP_140_5' 
INFO: [HLS 200-10] ----------------------------------------------------------------
INFO: [HLS 200-1030] Apply Unified Pipeline Control on module 'pseudo_moe_Pipeline_VITIS_LOOP_140_5' pipeline 'VITIS_LOOP_140_5' pipeline type 'loop pipeline'
WARNING: [RTGEN 206-101] Setting dangling out port 'pseudo_moe_Pipeline_VITIS_LOOP_140_5/m_axi_gmem1_ARVALID' to 0.
WARNING: [RTGEN 206-101] Setting dangling out port 'pseudo_moe_Pipeline_VITIS_LOOP_140_5/m_axi_gmem1_ARADDR' to 0.
WARNING: [RTGEN 206-101] Setting dangling out port 'pseudo_moe_Pipeline_VITIS_LOOP_140_5/m_axi_gmem1_ARID' to 0.
WARNING: [RTGEN 206-101] Setting dangling out port 'pseudo_moe_Pipeline_VITIS_LOOP_140_5/m_axi_gmem1_ARLEN' to 0.
WARNING: [RTGEN 206-101] Setting dangling out port 'pseudo_moe_Pipeline_VITIS_LOOP_140_5/m_axi_gmem1_ARSIZE' to 0.
WARNING: [RTGEN 206-101] Setting dangling out port 'pseudo_moe_Pipeline_VITIS_LOOP_140_5/m_axi_gmem1_ARBURST' to 0.
WARNING: [RTGEN 206-101] Setting dangling out port 'pseudo_moe_Pipeline_VITIS_LOOP_140_5/m_axi_gmem1_ARLOCK' to 0.
WARNING: [RTGEN 206-101] Setting dangling out port 'pseudo_moe_Pipeline_VITIS_LOOP_140_5/m_axi_gmem1_ARCACHE' to 0.
WARNING: [RTGEN 206-101] Setting dangling out port 'pseudo_moe_Pipeline_VITIS_LOOP_140_5/m_axi_gmem1_ARPROT' to 0.
WARNING: [RTGEN 206-101] Setting dangling out port 'pseudo_moe_Pipeline_VITIS_LOOP_140_5/m_axi_gmem1_ARQOS' to 0.
WARNING: [RTGEN 206-101] Setting dangling out port 'pseudo_moe_Pipeline_VITIS_LOOP_140_5/m_axi_gmem1_ARREGION' to 0.
WARNING: [RTGEN 206-101] Setting dangling out port 'pseudo_moe_Pipeline_VITIS_LOOP_140_5/m_axi_gmem1_ARUSER' to 0.
WARNING: [RTGEN 206-101] Setting dangling out port 'pseudo_moe_Pipeline_VITIS_LOOP_140_5/m_axi_gmem2_ARVALID' to 0.
WARNING: [RTGEN 206-101] Setting dangling out port 'pseudo_moe_Pipeline_VITIS_LOOP_140_5/m_axi_gmem2_ARADDR' to 0.
WARNING: [RTGEN 206-101] Setting dangling out port 'pseudo_moe_Pipeline_VITIS_LOOP_140_5/m_axi_gmem2_ARID' to 0.
WARNING: [RTGEN 206-101] Setting dangling out port 'pseudo_moe_Pipeline_VITIS_LOOP_140_5/m_axi_gmem2_ARLEN' to 0.
WARNING: [RTGEN 206-101] Setting dangling out port 'pseudo_moe_Pipeline_VITIS_LOOP_140_5/m_axi_gmem2_ARSIZE' to 0.
WARNING: [RTGEN 206-101] Setting dangling out port 'pseudo_moe_Pipeline_VITIS_LOOP_140_5/m_axi_gmem2_ARBURST' to 0.
WARNING: [RTGEN 206-101] Setting dangling out port 'pseudo_moe_Pipeline_VITIS_LOOP_140_5/m_axi_gmem2_ARLOCK' to 0.
WARNING: [RTGEN 206-101] Setting dangling out port 'pseudo_moe_Pipeline_VITIS_LOOP_140_5/m_axi_gmem2_ARCACHE' to 0.
WARNING: [RTGEN 206-101] Setting dangling out port 'pseudo_moe_Pipeline_VITIS_LOOP_140_5/m_axi_gmem2_ARPROT' to 0.
WARNING: [RTGEN 206-101] Setting dangling out port 'pseudo_moe_Pipeline_VITIS_LOOP_140_5/m_axi_gmem2_ARQOS' to 0.
WARNING: [RTGEN 206-101] Setting dangling out port 'pseudo_moe_Pipeline_VITIS_LOOP_140_5/m_axi_gmem2_ARREGION' to 0.
WARNING: [RTGEN 206-101] Setting dangling out port 'pseudo_moe_Pipeline_VITIS_LOOP_140_5/m_axi_gmem2_ARUSER' to 0.
INFO: [RTGEN 206-100] Generating core module 'faddfsub_32ns_32ns_32_2_full_dsp_1': 1 instance(s).
INFO: [RTGEN 206-100] Generating core module 'fcmp_32ns_32ns_1_1_no_dsp_1': 1 instance(s).
INFO: [RTGEN 206-100] Generating core module 'fmul_32ns_32ns_32_2_max_dsp_1': 1 instance(s).
INFO: [RTGEN 206-100] Finished creating RTL model for 'pseudo_moe_Pipeline_VITIS_LOOP_140_5'.
INFO: [HLS 200-111] Finished Creating RTL model: CPU user time: 0.31 seconds. CPU system time: 0.02 seconds. Elapsed time: 0.35 seconds; current allocated memory: 466.047 MB.
INFO: [HLS 200-10] ----------------------------------------------------------------
INFO: [HLS 200-10] -- Generating RTL for module 'pseudo_moe_Pipeline_VITIS_LOOP_157_7' 
INFO: [HLS 200-10] ----------------------------------------------------------------
INFO: [HLS 200-1030] Apply Unified Pipeline Control on module 'pseudo_moe_Pipeline_VITIS_LOOP_157_7' pipeline 'VITIS_LOOP_157_7' pipeline type 'loop pipeline'
INFO: [RTGEN 206-100] Generating core module 'fadd_32ns_32ns_32_2_full_dsp_1': 1 instance(s).
INFO: [RTGEN 206-100] Generating core module 'faddfsub_32ns_32ns_32_2_full_dsp_1': 1 instance(s).
INFO: [RTGEN 206-100] Generating core module 'fexp_32ns_32ns_32_4_full_dsp_1': 1 instance(s).
INFO: [RTGEN 206-100] Generating core module 'mux_4_2_32_1_1': 1 instance(s).
INFO: [RTGEN 206-100] Finished creating RTL model for 'pseudo_moe_Pipeline_VITIS_LOOP_157_7'.
INFO: [HLS 200-111] Finished Creating RTL model: CPU user time: 0.2 seconds. CPU system time: 0.01 seconds. Elapsed time: 0.21 seconds; current allocated memory: 474.285 MB.
INFO: [HLS 200-10] ----------------------------------------------------------------
INFO: [HLS 200-10] -- Generating RTL for module 'pseudo_moe_Pipeline_VITIS_LOOP_163_8' 
INFO: [HLS 200-10] ----------------------------------------------------------------
INFO: [HLS 200-1030] Apply Unified Pipeline Control on module 'pseudo_moe_Pipeline_VITIS_LOOP_163_8' pipeline 'VITIS_LOOP_163_8' pipeline type 'loop pipeline'
WARNING: [RTGEN 206-101] Setting dangling out port 'pseudo_moe_Pipeline_VITIS_LOOP_163_8/m_axi_gmem11_AWVALID' to 0.
WARNING: [RTGEN 206-101] Setting dangling out port 'pseudo_moe_Pipeline_VITIS_LOOP_163_8/m_axi_gmem11_AWADDR' to 0.
WARNING: [RTGEN 206-101] Setting dangling out port 'pseudo_moe_Pipeline_VITIS_LOOP_163_8/m_axi_gmem11_AWID' to 0.
WARNING: [RTGEN 206-101] Setting dangling out port 'pseudo_moe_Pipeline_VITIS_LOOP_163_8/m_axi_gmem11_AWLEN' to 0.
WARNING: [RTGEN 206-101] Setting dangling out port 'pseudo_moe_Pipeline_VITIS_LOOP_163_8/m_axi_gmem11_AWSIZE' to 0.
WARNING: [RTGEN 206-101] Setting dangling out port 'pseudo_moe_Pipeline_VITIS_LOOP_163_8/m_axi_gmem11_AWBURST' to 0.
WARNING: [RTGEN 206-101] Setting dangling out port 'pseudo_moe_Pipeline_VITIS_LOOP_163_8/m_axi_gmem11_AWLOCK' to 0.
WARNING: [RTGEN 206-101] Setting dangling out port 'pseudo_moe_Pipeline_VITIS_LOOP_163_8/m_axi_gmem11_AWCACHE' to 0.
WARNING: [RTGEN 206-101] Setting dangling out port 'pseudo_moe_Pipeline_VITIS_LOOP_163_8/m_axi_gmem11_AWPROT' to 0.
WARNING: [RTGEN 206-101] Setting dangling out port 'pseudo_moe_Pipeline_VITIS_LOOP_163_8/m_axi_gmem11_AWQOS' to 0.
WARNING: [RTGEN 206-101] Setting dangling out port 'pseudo_moe_Pipeline_VITIS_LOOP_163_8/m_axi_gmem11_AWREGION' to 0.
WARNING: [RTGEN 206-101] Setting dangling out port 'pseudo_moe_Pipeline_VITIS_LOOP_163_8/m_axi_gmem11_AWUSER' to 0.
WARNING: [RTGEN 206-101] Setting dangling out port 'pseudo_moe_Pipeline_VITIS_LOOP_163_8/m_axi_gmem11_BREADY' to 0.
INFO: [RTGEN 206-100] Generating core module 'fdiv_32ns_32ns_32_6_no_dsp_1': 1 instance(s).
INFO: [RTGEN 206-100] Generating core module 'mux_4_2_32_1_1': 1 instance(s).
INFO: [RTGEN 206-100] Finished creating RTL model for 'pseudo_moe_Pipeline_VITIS_LOOP_163_8'.
INFO: [HLS 200-111] Finished Creating RTL model: CPU user time: 0.1 seconds. CPU system time: 0.01 seconds. Elapsed time: 0.1 seconds; current allocated memory: 475.527 MB.
INFO: [HLS 200-10] ----------------------------------------------------------------
INFO: [HLS 200-10] -- Generating RTL for module 'pseudo_moe_Pipeline_VITIS_LOOP_170_9' 
INFO: [HLS 200-10] ----------------------------------------------------------------
INFO: [RTGEN 206-100] Finished creating RTL model for 'pseudo_moe_Pipeline_VITIS_LOOP_170_9'.
INFO: [HLS 200-111] Finished Creating RTL model: CPU user time: 0.05 seconds. CPU system time: 0 seconds. Elapsed time: 0.05 seconds; current allocated memory: 476.688 MB.
INFO: [HLS 200-10] ----------------------------------------------------------------
INFO: [HLS 200-10] -- Generating RTL for module 'compute_expert_Pipeline_VITIS_LOOP_19_1_VITIS_LOOP_29_3' 
INFO: [HLS 200-10] ----------------------------------------------------------------
INFO: [HLS 200-1030] Apply Unified Pipeline Control on module 'compute_expert_Pipeline_VITIS_LOOP_19_1_VITIS_LOOP_29_3' pipeline 'VITIS_LOOP_19_1_VITIS_LOOP_29_3' pipeline type 'loop pipeline'
WARNING: [RTGEN 206-101] Setting dangling out port 'compute_expert_Pipeline_VITIS_LOOP_19_1_VITIS_LOOP_29_3/m_axi_gmem4_ARVALID' to 0.
WARNING: [RTGEN 206-101] Setting dangling out port 'compute_expert_Pipeline_VITIS_LOOP_19_1_VITIS_LOOP_29_3/m_axi_gmem4_ARADDR' to 0.
WARNING: [RTGEN 206-101] Setting dangling out port 'compute_expert_Pipeline_VITIS_LOOP_19_1_VITIS_LOOP_29_3/m_axi_gmem4_ARID' to 0.
WARNING: [RTGEN 206-101] Setting dangling out port 'compute_expert_Pipeline_VITIS_LOOP_19_1_VITIS_LOOP_29_3/m_axi_gmem4_ARLEN' to 0.
WARNING: [RTGEN 206-101] Setting dangling out port 'compute_expert_Pipeline_VITIS_LOOP_19_1_VITIS_LOOP_29_3/m_axi_gmem4_ARSIZE' to 0.
WARNING: [RTGEN 206-101] Setting dangling out port 'compute_expert_Pipeline_VITIS_LOOP_19_1_VITIS_LOOP_29_3/m_axi_gmem4_ARBURST' to 0.
WARNING: [RTGEN 206-101] Setting dangling out port 'compute_expert_Pipeline_VITIS_LOOP_19_1_VITIS_LOOP_29_3/m_axi_gmem4_ARLOCK' to 0.
WARNING: [RTGEN 206-101] Setting dangling out port 'compute_expert_Pipeline_VITIS_LOOP_19_1_VITIS_LOOP_29_3/m_axi_gmem4_ARCACHE' to 0.
WARNING: [RTGEN 206-101] Setting dangling out port 'compute_expert_Pipeline_VITIS_LOOP_19_1_VITIS_LOOP_29_3/m_axi_gmem4_ARPROT' to 0.
WARNING: [RTGEN 206-101] Setting dangling out port 'compute_expert_Pipeline_VITIS_LOOP_19_1_VITIS_LOOP_29_3/m_axi_gmem4_ARQOS' to 0.
WARNING: [RTGEN 206-101] Setting dangling out port 'compute_expert_Pipeline_VITIS_LOOP_19_1_VITIS_LOOP_29_3/m_axi_gmem4_ARREGION' to 0.
WARNING: [RTGEN 206-101] Setting dangling out port 'compute_expert_Pipeline_VITIS_LOOP_19_1_VITIS_LOOP_29_3/m_axi_gmem4_ARUSER' to 0.
INFO: [RTGEN 206-104] Estimated max fanout for 'compute_expert_Pipeline_VITIS_LOOP_19_1_VITIS_LOOP_29_3' is 11342 from HDL expression: (1'b0 == ap_block_pp0_stage0_11001)
INFO: [RTGEN 206-100] Generating core module 'fadd_32ns_32ns_32_2_full_dsp_1': 32 instance(s).
INFO: [RTGEN 206-100] Generating core module 'fmul_32ns_32ns_32_2_max_dsp_1': 16 instance(s).
INFO: [RTGEN 206-100] Finished creating RTL model for 'compute_expert_Pipeline_VITIS_LOOP_19_1_VITIS_LOOP_29_3'.
INFO: [HLS 200-111] Finished Creating RTL model: CPU user time: 0.14 seconds. CPU system time: 0.01 seconds. Elapsed time: 0.14 seconds; current allocated memory: 481.566 MB.
INFO: [HLS 200-10] ----------------------------------------------------------------
INFO: [HLS 200-10] -- Generating RTL for module 'compute_expert' 
INFO: [HLS 200-10] ----------------------------------------------------------------
INFO: [RTGEN 206-100] Finished creating RTL model for 'compute_expert'.
INFO: [HLS 200-111] Finished Creating RTL model: CPU user time: 0.16 seconds. CPU system time: 0.01 seconds. Elapsed time: 0.16 seconds; current allocated memory: 488.176 MB.
INFO: [HLS 200-10] ----------------------------------------------------------------
INFO: [HLS 200-10] -- Generating RTL for module 'pseudo_moe_Pipeline_VITIS_LOOP_178_10' 
INFO: [HLS 200-10] ----------------------------------------------------------------
INFO: [HLS 200-1030] Apply Unified Pipeline Control on module 'pseudo_moe_Pipeline_VITIS_LOOP_178_10' pipeline 'VITIS_LOOP_178_10' pipeline type 'loop pipeline'
INFO: [RTGEN 206-100] Generating core module 'faddfsub_32ns_32ns_32_2_full_dsp_1': 1 instance(s).
INFO: [RTGEN 206-100] Generating core module 'fmul_32ns_32ns_32_2_max_dsp_1': 1 instance(s).
INFO: [RTGEN 206-100] Finished creating RTL model for 'pseudo_moe_Pipeline_VITIS_LOOP_178_10'.
INFO: [HLS 200-111] Finished Creating RTL model: CPU user time: 0.07 seconds. CPU system time: 0.01 seconds. Elapsed time: 0.08 seconds; current allocated memory: 489.691 MB.
INFO: [HLS 200-10] ----------------------------------------------------------------
INFO: [HLS 200-10] -- Generating RTL for module 'pseudo_moe_Pipeline_VITIS_LOOP_186_11' 
INFO: [HLS 200-10] ----------------------------------------------------------------
INFO: [HLS 200-1030] Apply Unified Pipeline Control on module 'pseudo_moe_Pipeline_VITIS_LOOP_186_11' pipeline 'VITIS_LOOP_186_11' pipeline type 'loop pipeline'
INFO: [RTGEN 206-100] Generating core module 'faddfsub_32ns_32ns_32_2_full_dsp_1': 1 instance(s).
INFO: [RTGEN 206-100] Generating core module 'fmul_32ns_32ns_32_2_max_dsp_1': 1 instance(s).
INFO: [RTGEN 206-100] Finished creating RTL model for 'pseudo_moe_Pipeline_VITIS_LOOP_186_11'.
INFO: [HLS 200-111] Finished Creating RTL model: CPU user time: 0.06 seconds. CPU system time: 0 seconds. Elapsed time: 0.06 seconds; current allocated memory: 490.496 MB.
INFO: [HLS 200-10] ----------------------------------------------------------------
INFO: [HLS 200-10] -- Generating RTL for module 'pseudo_moe_Pipeline_VITIS_LOOP_194_12' 
INFO: [HLS 200-10] ----------------------------------------------------------------
INFO: [HLS 200-1030] Apply Unified Pipeline Control on module 'pseudo_moe_Pipeline_VITIS_LOOP_194_12' pipeline 'VITIS_LOOP_194_12' pipeline type 'loop pipeline'
INFO: [RTGEN 206-100] Generating core module 'faddfsub_32ns_32ns_32_2_full_dsp_1': 1 instance(s).
INFO: [RTGEN 206-100] Generating core module 'fmul_32ns_32ns_32_2_max_dsp_1': 1 instance(s).
INFO: [RTGEN 206-100] Finished creating RTL model for 'pseudo_moe_Pipeline_VITIS_LOOP_194_12'.
INFO: [HLS 200-111] Finished Creating RTL model: CPU user time: 0.05 seconds. CPU system time: 0.01 seconds. Elapsed time: 0.06 seconds; current allocated memory: 491.348 MB.
INFO: [HLS 200-10] ----------------------------------------------------------------
INFO: [HLS 200-10] -- Generating RTL for module 'pseudo_moe_Pipeline_VITIS_LOOP_202_13' 
INFO: [HLS 200-10] ----------------------------------------------------------------
INFO: [HLS 200-1030] Apply Unified Pipeline Control on module 'pseudo_moe_Pipeline_VITIS_LOOP_202_13' pipeline 'VITIS_LOOP_202_13' pipeline type 'loop pipeline'
INFO: [RTGEN 206-100] Generating core module 'faddfsub_32ns_32ns_32_2_full_dsp_1': 1 instance(s).
INFO: [RTGEN 206-100] Generating core module 'fmul_32ns_32ns_32_2_max_dsp_1': 1 instance(s).
INFO: [RTGEN 206-100] Finished creating RTL model for 'pseudo_moe_Pipeline_VITIS_LOOP_202_13'.
INFO: [HLS 200-111] Finished Creating RTL model: CPU user time: 0.05 seconds. CPU system time: 0 seconds. Elapsed time: 0.06 seconds; current allocated memory: 492.223 MB.
INFO: [HLS 200-10] ----------------------------------------------------------------
INFO: [HLS 200-10] -- Generating RTL for module 'pseudo_moe_Pipeline_VITIS_LOOP_208_14' 
INFO: [HLS 200-10] ----------------------------------------------------------------
INFO: [HLS 200-1030] Apply Unified Pipeline Control on module 'pseudo_moe_Pipeline_VITIS_LOOP_208_14' pipeline 'VITIS_LOOP_208_14' pipeline type 'loop pipeline'
WARNING: [RTGEN 206-101] Setting dangling out port 'pseudo_moe_Pipeline_VITIS_LOOP_208_14/m_axi_gmem12_AWVALID' to 0.
WARNING: [RTGEN 206-101] Setting dangling out port 'pseudo_moe_Pipeline_VITIS_LOOP_208_14/m_axi_gmem12_AWADDR' to 0.
WARNING: [RTGEN 206-101] Setting dangling out port 'pseudo_moe_Pipeline_VITIS_LOOP_208_14/m_axi_gmem12_AWID' to 0.
WARNING: [RTGEN 206-101] Setting dangling out port 'pseudo_moe_Pipeline_VITIS_LOOP_208_14/m_axi_gmem12_AWLEN' to 0.
WARNING: [RTGEN 206-101] Setting dangling out port 'pseudo_moe_Pipeline_VITIS_LOOP_208_14/m_axi_gmem12_AWSIZE' to 0.
WARNING: [RTGEN 206-101] Setting dangling out port 'pseudo_moe_Pipeline_VITIS_LOOP_208_14/m_axi_gmem12_AWBURST' to 0.
WARNING: [RTGEN 206-101] Setting dangling out port 'pseudo_moe_Pipeline_VITIS_LOOP_208_14/m_axi_gmem12_AWLOCK' to 0.
WARNING: [RTGEN 206-101] Setting dangling out port 'pseudo_moe_Pipeline_VITIS_LOOP_208_14/m_axi_gmem12_AWCACHE' to 0.
WARNING: [RTGEN 206-101] Setting dangling out port 'pseudo_moe_Pipeline_VITIS_LOOP_208_14/m_axi_gmem12_AWPROT' to 0.
WARNING: [RTGEN 206-101] Setting dangling out port 'pseudo_moe_Pipeline_VITIS_LOOP_208_14/m_axi_gmem12_AWQOS' to 0.
WARNING: [RTGEN 206-101] Setting dangling out port 'pseudo_moe_Pipeline_VITIS_LOOP_208_14/m_axi_gmem12_AWREGION' to 0.
WARNING: [RTGEN 206-101] Setting dangling out port 'pseudo_moe_Pipeline_VITIS_LOOP_208_14/m_axi_gmem12_AWUSER' to 0.
WARNING: [RTGEN 206-101] Setting dangling out port 'pseudo_moe_Pipeline_VITIS_LOOP_208_14/m_axi_gmem12_BREADY' to 0.
INFO: [RTGEN 206-100] Finished creating RTL model for 'pseudo_moe_Pipeline_VITIS_LOOP_208_14'.
INFO: [HLS 200-111] Finished Creating RTL model: CPU user time: 0.08 seconds. CPU system time: 0.01 seconds. Elapsed time: 0.09 seconds; current allocated memory: 493.102 MB.
INFO: [HLS 200-10] ----------------------------------------------------------------
INFO: [HLS 200-10] -- Generating RTL for module 'pseudo_moe' 
INFO: [HLS 200-10] ----------------------------------------------------------------
WARNING: [RTGEN 206-101] Design contains AXI ports. Reset is fixed to synchronous and active low.
INFO: [RTGEN 206-500] Setting interface mode on port 'pseudo_moe/gmem0' to 'm_axi'.
INFO: [RTGEN 206-500] Setting interface mode on port 'pseudo_moe/gmem1' to 'm_axi'.
INFO: [RTGEN 206-500] Setting interface mode on port 'pseudo_moe/gmem2' to 'm_axi'.
INFO: [RTGEN 206-500] Setting interface mode on port 'pseudo_moe/gmem3' to 'm_axi'.
INFO: [RTGEN 206-500] Setting interface mode on port 'pseudo_moe/gmem4' to 'm_axi'.
INFO: [RTGEN 206-500] Setting interface mode on port 'pseudo_moe/gmem5' to 'm_axi'.
INFO: [RTGEN 206-500] Setting interface mode on port 'pseudo_moe/gmem6' to 'm_axi'.
INFO: [RTGEN 206-500] Setting interface mode on port 'pseudo_moe/gmem7' to 'm_axi'.
INFO: [RTGEN 206-500] Setting interface mode on port 'pseudo_moe/gmem8' to 'm_axi'.
INFO: [RTGEN 206-500] Setting interface mode on port 'pseudo_moe/gmem9' to 'm_axi'.
INFO: [RTGEN 206-500] Setting interface mode on port 'pseudo_moe/gmem10' to 'm_axi'.
INFO: [RTGEN 206-500] Setting interface mode on port 'pseudo_moe/gmem11' to 'm_axi'.
INFO: [RTGEN 206-500] Setting interface mode on port 'pseudo_moe/gmem12' to 'm_axi'.
INFO: [RTGEN 206-500] Setting interface mode on port 'pseudo_moe/input_r' to 's_axilite & ap_none'.
INFO: [RTGEN 206-500] Setting interface mode on port 'pseudo_moe/w_gate' to 's_axilite & ap_none'.
INFO: [RTGEN 206-500] Setting interface mode on port 'pseudo_moe/b_gate' to 's_axilite & ap_none'.
INFO: [RTGEN 206-500] Setting interface mode on port 'pseudo_moe/w0' to 's_axilite & ap_none'.
INFO: [RTGEN 206-500] Setting interface mode on port 'pseudo_moe/b0' to 's_axilite & ap_none'.
INFO: [RTGEN 206-500] Setting interface mode on port 'pseudo_moe/w1' to 's_axilite & ap_none'.
INFO: [RTGEN 206-500] Setting interface mode on port 'pseudo_moe/b1' to 's_axilite & ap_none'.
INFO: [RTGEN 206-500] Setting interface mode on port 'pseudo_moe/w2' to 's_axilite & ap_none'.
INFO: [RTGEN 206-500] Setting interface mode on port 'pseudo_moe/b2' to 's_axilite & ap_none'.
INFO: [RTGEN 206-500] Setting interface mode on port 'pseudo_moe/w3' to 's_axilite & ap_none'.
INFO: [RTGEN 206-500] Setting interface mode on port 'pseudo_moe/b3' to 's_axilite & ap_none'.
INFO: [RTGEN 206-500] Setting interface mode on port 'pseudo_moe/gates_out' to 's_axilite & ap_none'.
INFO: [RTGEN 206-500] Setting interface mode on port 'pseudo_moe/output_r' to 's_axilite & ap_none'.
INFO: [RTGEN 206-500] Setting interface mode on function 'pseudo_moe' to 's_axilite & ap_ctrl_hs'.
INFO: [RTGEN 206-100] Bundling port 'return' to AXI-Lite port control.
INFO: [RTGEN 206-100] Bundling port 'input_r', 'w_gate', 'b_gate', 'w0', 'b0', 'w1', 'b1', 'w2', 'b2', 'w3', 'b3', 'gates_out' and 'output_r' to AXI-Lite port control_r.
INFO: [RTGEN 206-100] Generating core module 'faddfsub_32ns_32ns_32_2_full_dsp_1': 1 instance(s).
INFO: [RTGEN 206-100] Generating core module 'fmul_32ns_32ns_32_2_max_dsp_1': 1 instance(s).
INFO: [RTGEN 206-100] Finished creating RTL model for 'pseudo_moe'.
INFO: [RTMG 210-278] Implementing memory 'pseudo_moe_input_local_RAM_1WNR_AUTO_1R1W' using auto RAMs.
INFO: [RTMG 210-278] Implementing memory 'pseudo_moe_w0_local_RAM_AUTO_1R1W' using auto RAMs.
INFO: [RTMG 210-278] Implementing memory 'pseudo_moe_expert_result_RAM_AUTO_1R1W' using auto RAMs.
INFO: [RTMG 210-278] Implementing memory 'pseudo_moe_acc_out_RAM_AUTO_1R1W' using auto RAMs.
INFO: [HLS 200-111] Finished Creating RTL model: CPU user time: 0.25 seconds. CPU system time: 0.03 seconds. Elapsed time: 0.28 seconds; current allocated memory: 505.234 MB.
INFO: [HLS 200-111] Finished Generating all RTL models: CPU user time: 0.44 seconds. CPU system time: 0.03 seconds. Elapsed time: 0.48 seconds; current allocated memory: 512.816 MB.
INFO: [HLS 200-1603] Design has inferred MAXI bursts and missed bursts, see Vitis HLS GUI synthesis summary report for detailed information.
INFO: [HLS 200-111] Finished Updating report files: CPU user time: 4.79 seconds. CPU system time: 0.02 seconds. Elapsed time: 4.82 seconds; current allocated memory: 535.516 MB.
INFO: [VHDL 208-304] Generating VHDL RTL for pseudo_moe.
INFO: [VLOG 209-307] Generating Verilog RTL for pseudo_moe.
INFO: [HLS 200-790] **** Loop Constraint Status: All loop constraints were NOT satisfied.
INFO: [HLS 200-789] **** Estimated Fmax: 136.99 MHz
INFO: [HLS 200-111] Finished Command csynth_design CPU user time: 14.44 seconds. CPU system time: 1.38 seconds. Elapsed time: 20.05 seconds; current allocated memory: 253.285 MB.
