

================================================================
== Synthesis Summary Report of 'pseudo_moe'
================================================================
+ General Information: 
    * Date:           Sun Sep 20 17:32:44 2026
    * Version:        2023.2 (Build 4023990 on Oct 11 2023)
    * Project:        project
    * Solution:       solution1 (Vivado IP Flow Target)
    * Product family: virtexuplus
    * Target device:  xcvu13p_CIV-figd2104-3-e
    

+ Performance & Resource Estimates: 
    
    PS: '+' for module; 'o' for loop; '*' for dataflow
    +--------------------------------------------------------------+------+------+---------+-----------+----------+---------+------+----------+----------+----------+-------------+------------+-----+
    |                            Modules                           | Issue|      | Latency |  Latency  | Iteration|         | Trip |          |          |          |             |            |     |
    |                            & Loops                           | Type | Slack| (cycles)|    (ns)   |  Latency | Interval| Count| Pipelined|   BRAM   |    DSP   |      FF     |     LUT    | URAM|
    +--------------------------------------------------------------+------+------+---------+-----------+----------+---------+------+----------+----------+----------+-------------+------------+-----+
    |+ pseudo_moe                                                  |     -|  0.00|   212501|  2.125e+06|         -|   212502|     -|        no|  53 (~0%)|  21 (~0%)|  19361 (~0%)|  19126 (1%)|    -|
    | o VITIS_LOOP_88_1                                            |     -|  7.30|   212500|  2.125e+06|     21250|        -|    10|        no|         -|         -|            -|           -|    -|
    |  + pseudo_moe_Pipeline_VITIS_LOOP_94_2                       |     -|  0.00|      336|  3.360e+03|         -|      336|     -|        no|         -|         -|   2284 (~0%)|  1534 (~0%)|    -|
    |   o VITIS_LOOP_94_2                                          |    II|  7.30|      334|  3.340e+03|       143|       64|     4|       yes|         -|         -|            -|           -|    -|
    |  + pseudo_moe_Pipeline_VITIS_LOOP_121_6                      |     -|  0.00|       66|    660.000|         -|       66|     -|        no|         -|         -|     10 (~0%)|    78 (~0%)|    -|
    |   o VITIS_LOOP_121_6                                         |     -|  7.30|       64|    640.000|         2|        1|    64|       yes|         -|         -|            -|           -|    -|
    |  + pseudo_moe_Pipeline_VITIS_LOOP_111_4                      |     -|  0.47|       12|    120.000|         -|       12|     -|        no|         -|   9 (~0%)|    690 (~0%)|  1168 (~0%)|    -|
    |   o VITIS_LOOP_111_4                                         |     -|  7.30|       10|    100.000|         8|        1|     4|       yes|         -|         -|            -|           -|    -|
    |  + compute_expert                                            |     -|  0.00|     4125|  4.125e+04|         -|     4125|     -|        no|         -|   7 (~0%)|   1521 (~0%)|  1682 (~0%)|    -|
    |   + compute_expert_Pipeline_VITIS_LOOP_20_1_VITIS_LOOP_31_3  |     -|  0.00|     4116|  4.116e+04|         -|     4116|     -|        no|         -|   7 (~0%)|   1324 (~0%)|  1250 (~0%)|    -|
    |    o VITIS_LOOP_20_1_VITIS_LOOP_31_3                         |    II|  7.30|     4114|  4.114e+04|        23|        4|  1024|       yes|         -|         -|            -|           -|    -|
    |  + pseudo_moe_Pipeline_VITIS_LOOP_116_5                      |     -|  0.00|       11|    110.000|         -|       11|     -|        no|         -|         -|     48 (~0%)|    91 (~0%)|    -|
    |   o VITIS_LOOP_116_5                                         |     -|  7.30|        9|     90.000|         7|        1|     4|       yes|         -|         -|            -|           -|    -|
    |  + pseudo_moe_Pipeline_VITIS_LOOP_128_7                      |     -|  0.00|     1090|  1.090e+04|         -|     1090|     -|        no|         -|         -|    188 (~0%)|   304 (~0%)|    -|
    |   o VITIS_LOOP_128_7                                         |    II|  7.30|     1088|  1.088e+04|        18|       17|    64|       yes|         -|         -|            -|           -|    -|
    |  + pseudo_moe_Pipeline_VITIS_LOOP_136_8                      |     -|  0.00|     1090|  1.090e+04|         -|     1090|     -|        no|         -|         -|    188 (~0%)|   304 (~0%)|    -|
    |   o VITIS_LOOP_136_8                                         |    II|  7.30|     1088|  1.088e+04|        18|       17|    64|       yes|         -|         -|            -|           -|    -|
    |  + pseudo_moe_Pipeline_VITIS_LOOP_144_9                      |     -|  0.00|     1090|  1.090e+04|         -|     1090|     -|        no|         -|         -|    188 (~0%)|   304 (~0%)|    -|
    |   o VITIS_LOOP_144_9                                         |    II|  7.30|     1088|  1.088e+04|        18|       17|    64|       yes|         -|         -|            -|           -|    -|
    |  + pseudo_moe_Pipeline_VITIS_LOOP_152_10                     |     -|  0.00|     1090|  1.090e+04|         -|     1090|     -|        no|         -|         -|    188 (~0%)|   304 (~0%)|    -|
    |   o VITIS_LOOP_152_10                                        |    II|  7.30|     1088|  1.088e+04|        18|       17|    64|       yes|         -|         -|            -|           -|    -|
    +--------------------------------------------------------------+------+------+---------+-----------+----------+---------+------+----------+----------+----------+-------------+------------+-----+


================================================================
== HW Interfaces
================================================================
* M_AXI
+--------------+------------+---------------+---------+--------+----------+-----------+--------------+--------------+-------------+-------------+-------------------+
| Interface    | Data Width | Address Width | Latency | Offset | Register | Max Widen | Max Read     | Max Write    | Num Read    | Num Write   | Resource Estimate |
|              | (SW->HW)   |               |         |        |          | Bitwidth  | Burst Length | Burst Length | Outstanding | Outstanding |                   |
+--------------+------------+---------------+---------+--------+----------+-----------+--------------+--------------+-------------+-------------+-------------------+
| m_axi_gmem0  | 32 -> 32   | 64            | 0       | slave  | 0        | 0         | 16           | 16           | 16          | 16          | BRAM=4            |
| m_axi_gmem1  | 32 -> 32   | 64            | 0       | slave  | 0        | 0         | 16           | 16           | 16          | 16          | BRAM=4            |
| m_axi_gmem10 | 32 -> 32   | 64            | 0       | slave  | 0        | 0         | 16           | 16           | 16          | 16          | BRAM=4            |
| m_axi_gmem11 | 32 -> 32   | 64            | 0       | slave  | 0        | 0         | 16           | 16           | 16          | 16          | BRAM=4            |
| m_axi_gmem12 | 32 -> 32   | 64            | 0       | slave  | 0        | 0         | 16           | 16           | 16          | 16          | BRAM=4            |
| m_axi_gmem2  | 32 -> 32   | 64            | 0       | slave  | 0        | 0         | 16           | 16           | 16          | 16          | BRAM=4            |
| m_axi_gmem3  | 32 -> 32   | 64            | 0       | slave  | 0        | 0         | 16           | 16           | 16          | 16          | BRAM=4            |
| m_axi_gmem4  | 32 -> 32   | 64            | 0       | slave  | 0        | 0         | 16           | 16           | 16          | 16          | BRAM=4            |
| m_axi_gmem5  | 32 -> 32   | 64            | 0       | slave  | 0        | 0         | 16           | 16           | 16          | 16          | BRAM=4            |
| m_axi_gmem6  | 32 -> 32   | 64            | 0       | slave  | 0        | 0         | 16           | 16           | 16          | 16          | BRAM=4            |
| m_axi_gmem7  | 32 -> 32   | 64            | 0       | slave  | 0        | 0         | 16           | 16           | 16          | 16          | BRAM=4            |
| m_axi_gmem8  | 32 -> 32   | 64            | 0       | slave  | 0        | 0         | 16           | 16           | 16          | 16          | BRAM=4            |
| m_axi_gmem9  | 32 -> 32   | 64            | 0       | slave  | 0        | 0         | 16           | 16           | 16          | 16          | BRAM=4            |
+--------------+------------+---------------+---------+--------+----------+-----------+--------------+--------------+-------------+-------------+-------------------+

* S_AXILITE Interfaces
+-----------------+------------+---------------+--------+----------+
| Interface       | Data Width | Address Width | Offset | Register |
+-----------------+------------+---------------+--------+----------+
| s_axi_control   | 32         | 4             |        |          |
| s_axi_control_r | 32         | 8             | 16     | 0        |
+-----------------+------------+---------------+--------+----------+

* S_AXILITE Registers
+-----------------+-------------+--------+-------+--------+----------------------------------+----------------------------------------------------------------------+
| Interface       | Register    | Offset | Width | Access | Description                      | Bit Fields                                                           |
+-----------------+-------------+--------+-------+--------+----------------------------------+----------------------------------------------------------------------+
| s_axi_control   | CTRL        | 0x00   | 32    | RW     | Control signals                  | 0=AP_START 1=AP_DONE 2=AP_IDLE 3=AP_READY 7=AUTO_RESTART 9=INTERRUPT |
| s_axi_control   | GIER        | 0x04   | 32    | RW     | Global Interrupt Enable Register | 0=Enable                                                             |
| s_axi_control   | IP_IER      | 0x08   | 32    | RW     | IP Interrupt Enable Register     | 0=CHAN0_INT_EN 1=CHAN1_INT_EN                                        |
| s_axi_control   | IP_ISR      | 0x0c   | 32    | RW     | IP Interrupt Status Register     | 0=CHAN0_INT_ST 1=CHAN1_INT_ST                                        |
| s_axi_control_r | input_r_1   | 0x10   | 32    | W      | Data signal of input_r           |                                                                      |
| s_axi_control_r | input_r_2   | 0x14   | 32    | W      | Data signal of input_r           |                                                                      |
| s_axi_control_r | w_gate_1    | 0x1c   | 32    | W      | Data signal of w_gate            |                                                                      |
| s_axi_control_r | w_gate_2    | 0x20   | 32    | W      | Data signal of w_gate            |                                                                      |
| s_axi_control_r | b_gate_1    | 0x28   | 32    | W      | Data signal of b_gate            |                                                                      |
| s_axi_control_r | b_gate_2    | 0x2c   | 32    | W      | Data signal of b_gate            |                                                                      |
| s_axi_control_r | w0_1        | 0x34   | 32    | W      | Data signal of w0                |                                                                      |
| s_axi_control_r | w0_2        | 0x38   | 32    | W      | Data signal of w0                |                                                                      |
| s_axi_control_r | b0_1        | 0x40   | 32    | W      | Data signal of b0                |                                                                      |
| s_axi_control_r | b0_2        | 0x44   | 32    | W      | Data signal of b0                |                                                                      |
| s_axi_control_r | w1_1        | 0x4c   | 32    | W      | Data signal of w1                |                                                                      |
| s_axi_control_r | w1_2        | 0x50   | 32    | W      | Data signal of w1                |                                                                      |
| s_axi_control_r | b1_1        | 0x58   | 32    | W      | Data signal of b1                |                                                                      |
| s_axi_control_r | b1_2        | 0x5c   | 32    | W      | Data signal of b1                |                                                                      |
| s_axi_control_r | w2_1        | 0x64   | 32    | W      | Data signal of w2                |                                                                      |
| s_axi_control_r | w2_2        | 0x68   | 32    | W      | Data signal of w2                |                                                                      |
| s_axi_control_r | b2_1        | 0x70   | 32    | W      | Data signal of b2                |                                                                      |
| s_axi_control_r | b2_2        | 0x74   | 32    | W      | Data signal of b2                |                                                                      |
| s_axi_control_r | w3_1        | 0x7c   | 32    | W      | Data signal of w3                |                                                                      |
| s_axi_control_r | w3_2        | 0x80   | 32    | W      | Data signal of w3                |                                                                      |
| s_axi_control_r | b3_1        | 0x88   | 32    | W      | Data signal of b3                |                                                                      |
| s_axi_control_r | b3_2        | 0x8c   | 32    | W      | Data signal of b3                |                                                                      |
| s_axi_control_r | gates_out_1 | 0x94   | 32    | W      | Data signal of gates_out         |                                                                      |
| s_axi_control_r | gates_out_2 | 0x98   | 32    | W      | Data signal of gates_out         |                                                                      |
| s_axi_control_r | output_r_1  | 0xa0   | 32    | W      | Data signal of output_r          |                                                                      |
| s_axi_control_r | output_r_2  | 0xa4   | 32    | W      | Data signal of output_r          |                                                                      |
+-----------------+-------------+--------+-------+--------+----------------------------------+----------------------------------------------------------------------+

* TOP LEVEL CONTROL
+-----------+------------+-----------+
| Interface | Type       | Ports     |
+-----------+------------+-----------+
| ap_clk    | clock      | ap_clk    |
| ap_rst_n  | reset      | ap_rst_n  |
| interrupt | interrupt  | interrupt |
| ap_ctrl   | ap_ctrl_hs |           |
+-----------+------------+-----------+


================================================================
== SW I/O Information
================================================================
* Top Function Arguments
+-----------+-----------+---------------+
| Argument  | Direction | Datatype      |
+-----------+-----------+---------------+
| input     | in        | float const * |
| w_gate    | in        | float const * |
| b_gate    | in        | float const * |
| w0        | in        | float const * |
| b0        | in        | float const * |
| w1        | in        | float const * |
| b1        | in        | float const * |
| w2        | in        | float const * |
| b2        | in        | float const * |
| w3        | in        | float const * |
| b3        | in        | float const * |
| gates_out | inout     | float*        |
| output    | inout     | float*        |
+-----------+-----------+---------------+

* SW-to-HW Mapping
+-----------+-----------------+-----------+----------+---------------------------------------+
| Argument  | HW Interface    | HW Type   | HW Usage | HW Info                               |
+-----------+-----------------+-----------+----------+---------------------------------------+
| input     | m_axi_gmem0     | interface |          |                                       |
| input     | s_axi_control_r | interface | offset   |                                       |
| w_gate    | m_axi_gmem1     | interface |          |                                       |
| w_gate    | s_axi_control_r | register  | offset   | name=w_gate_1 offset=0x1c range=32    |
| w_gate    | s_axi_control_r | register  | offset   | name=w_gate_2 offset=0x20 range=32    |
| b_gate    | m_axi_gmem2     | interface |          |                                       |
| b_gate    | s_axi_control_r | register  | offset   | name=b_gate_1 offset=0x28 range=32    |
| b_gate    | s_axi_control_r | register  | offset   | name=b_gate_2 offset=0x2c range=32    |
| w0        | m_axi_gmem3     | interface |          |                                       |
| w0        | s_axi_control_r | register  | offset   | name=w0_1 offset=0x34 range=32        |
| w0        | s_axi_control_r | register  | offset   | name=w0_2 offset=0x38 range=32        |
| b0        | m_axi_gmem4     | interface |          |                                       |
| b0        | s_axi_control_r | register  | offset   | name=b0_1 offset=0x40 range=32        |
| b0        | s_axi_control_r | register  | offset   | name=b0_2 offset=0x44 range=32        |
| w1        | m_axi_gmem5     | interface |          |                                       |
| w1        | s_axi_control_r | register  | offset   | name=w1_1 offset=0x4c range=32        |
| w1        | s_axi_control_r | register  | offset   | name=w1_2 offset=0x50 range=32        |
| b1        | m_axi_gmem6     | interface |          |                                       |
| b1        | s_axi_control_r | register  | offset   | name=b1_1 offset=0x58 range=32        |
| b1        | s_axi_control_r | register  | offset   | name=b1_2 offset=0x5c range=32        |
| w2        | m_axi_gmem7     | interface |          |                                       |
| w2        | s_axi_control_r | register  | offset   | name=w2_1 offset=0x64 range=32        |
| w2        | s_axi_control_r | register  | offset   | name=w2_2 offset=0x68 range=32        |
| b2        | m_axi_gmem8     | interface |          |                                       |
| b2        | s_axi_control_r | register  | offset   | name=b2_1 offset=0x70 range=32        |
| b2        | s_axi_control_r | register  | offset   | name=b2_2 offset=0x74 range=32        |
| w3        | m_axi_gmem9     | interface |          |                                       |
| w3        | s_axi_control_r | register  | offset   | name=w3_1 offset=0x7c range=32        |
| w3        | s_axi_control_r | register  | offset   | name=w3_2 offset=0x80 range=32        |
| b3        | m_axi_gmem10    | interface |          |                                       |
| b3        | s_axi_control_r | register  | offset   | name=b3_1 offset=0x88 range=32        |
| b3        | s_axi_control_r | register  | offset   | name=b3_2 offset=0x8c range=32        |
| gates_out | m_axi_gmem11    | interface |          |                                       |
| gates_out | s_axi_control_r | register  | offset   | name=gates_out_1 offset=0x94 range=32 |
| gates_out | s_axi_control_r | register  | offset   | name=gates_out_2 offset=0x98 range=32 |
| output    | m_axi_gmem12    | interface |          |                                       |
| output    | s_axi_control_r | interface | offset   |                                       |
+-----------+-----------------+-----------+----------+---------------------------------------+


================================================================
== M_AXI Burst Information
================================================================
 Note: All burst requests might be further partitioned into multiple requests during RTL generation based on max_read_burst_length or max_write_burst_length settings.

* Inferred Burst Summary
+--------------+-----------+--------+-------+------------------+-------------------------------------------------------------------------+
| HW Interface | Direction | Length | Width | Loop             | Loop Location                                                           |
+--------------+-----------+--------+-------+------------------+-------------------------------------------------------------------------+
| m_axi_gmem0  | read      | 64     | 32    | VITIS_LOOP_31_3  | /home/simics/HMoE/HLS_HMoE/pseudo_block/run_3/src/pseudo_moe.cpp:31:26  |
| m_axi_gmem0  | read      | 64     | 32    |                  |                                                                         |
| m_axi_gmem1  | read      | 256    | 32    | VITIS_LOOP_94_2  | /home/simics/HMoE/HLS_HMoE/pseudo_block/run_3/src/pseudo_moe.cpp:94:26  |
| m_axi_gmem11 | write     | 4      | 32    | VITIS_LOOP_116_5 | /home/simics/HMoE/HLS_HMoE/pseudo_block/run_3/src/pseudo_moe.cpp:116:27 |
| m_axi_gmem12 | write     | 64     | 32    | VITIS_LOOP_121_6 | /home/simics/HMoE/HLS_HMoE/pseudo_block/run_3/src/pseudo_moe.cpp:121:27 |
| m_axi_gmem2  | read      | 4      | 32    | VITIS_LOOP_94_2  | /home/simics/HMoE/HLS_HMoE/pseudo_block/run_3/src/pseudo_moe.cpp:94:26  |
| m_axi_gmem3  | read      | 4096   | 32    | VITIS_LOOP_20_1  | /home/simics/HMoE/HLS_HMoE/pseudo_block/run_3/src/pseudo_moe.cpp:20:19  |
| m_axi_gmem4  | read      | 64     | 32    | VITIS_LOOP_20_1  | /home/simics/HMoE/HLS_HMoE/pseudo_block/run_3/src/pseudo_moe.cpp:20:19  |
+--------------+-----------+--------+-------+------------------+-------------------------------------------------------------------------+

* All M_AXI Variable Accesses
+--------------------------------+-----------+-------------------------------------------------------------------------+-----------+--------------+--------+------------------+-------------------------------------------------------------------------+------------+---------------------------------------------------------------------------------------------------------+
| HW Interface                   | Variable  | Access Location                                                         | Direction | Burst Status | Length | Loop             | Loop Location                                                           | Resolution | Problem                                                                                                 |
+--------------------------------+-----------+-------------------------------------------------------------------------+-----------+--------------+--------+------------------+-------------------------------------------------------------------------+------------+---------------------------------------------------------------------------------------------------------+
| m_axi_gmem0                    | x         | /home/simics/HMoE/HLS_HMoE/pseudo_block/run_3/src/pseudo_moe.cpp:37:34  | read      | Inferred     | 64     | VITIS_LOOP_31_3  | /home/simics/HMoE/HLS_HMoE/pseudo_block/run_3/src/pseudo_moe.cpp:31:26  |            |                                                                                                         |
| m_axi_gmem0                    | x         | /home/simics/HMoE/HLS_HMoE/pseudo_block/run_3/src/pseudo_moe.cpp:98:24  | read      | Widen Fail   |        | VITIS_LOOP_31_3  | /home/simics/HMoE/HLS_HMoE/pseudo_block/run_3/src/pseudo_moe.cpp:31:26  | 214-353    | Could not widen since type float size is greater than or equal to the max_widen_bitwidth threshold of 0 |
| m_axi_gmem0                    | input     | /home/simics/HMoE/HLS_HMoE/pseudo_block/run_3/src/pseudo_moe.cpp:98:24  | read      | Widen Fail   |        | VITIS_LOOP_97_3  | /home/simics/HMoE/HLS_HMoE/pseudo_block/run_3/src/pseudo_moe.cpp:97:30  | 214-353    | Could not widen since type float size is greater than or equal to the max_widen_bitwidth threshold of 0 |
| m_axi_gmem0                    | x         | /home/simics/HMoE/HLS_HMoE/pseudo_block/run_3/src/pseudo_moe.cpp:98:24  | read      | Fail         |        | VITIS_LOOP_20_1  | /home/simics/HMoE/HLS_HMoE/pseudo_block/run_3/src/pseudo_moe.cpp:20:19  | 214-229    | Could not analyze pattern                                                                               |
| m_axi_gmem0                    | input     | /home/simics/HMoE/HLS_HMoE/pseudo_block/run_3/src/pseudo_moe.cpp:98:24  | read      | Fail         |        | VITIS_LOOP_94_2  | /home/simics/HMoE/HLS_HMoE/pseudo_block/run_3/src/pseudo_moe.cpp:94:26  | 214-230    | Stride is incompatible                                                                                  |
| m_axi_gmem0                    | input     | /home/simics/HMoE/HLS_HMoE/pseudo_block/run_3/src/pseudo_moe.cpp:98:24  | read      | Inferred     | 64     | VITIS_LOOP_97_3  | /home/simics/HMoE/HLS_HMoE/pseudo_block/run_3/src/pseudo_moe.cpp:97:30  |            |                                                                                                         |
| m_axi_gmem1                    | w_gate    | /home/simics/HMoE/HLS_HMoE/pseudo_block/run_3/src/pseudo_moe.cpp:98:43  | read      | Widen Fail   |        | VITIS_LOOP_97_3  | /home/simics/HMoE/HLS_HMoE/pseudo_block/run_3/src/pseudo_moe.cpp:97:30  | 214-353    | Could not widen since type float size is greater than or equal to the max_widen_bitwidth threshold of 0 |
| m_axi_gmem1                    | w_gate    | /home/simics/HMoE/HLS_HMoE/pseudo_block/run_3/src/pseudo_moe.cpp:98:43  | read      | Fail         |        | VITIS_LOOP_88_1  | /home/simics/HMoE/HLS_HMoE/pseudo_block/run_3/src/pseudo_moe.cpp:88:22  | 214-229    | Could not analyze pattern                                                                               |
| m_axi_gmem1                    | w_gate    | /home/simics/HMoE/HLS_HMoE/pseudo_block/run_3/src/pseudo_moe.cpp:98:43  | read      | Inferred     | 256    | VITIS_LOOP_94_2  | /home/simics/HMoE/HLS_HMoE/pseudo_block/run_3/src/pseudo_moe.cpp:94:26  |            |                                                                                                         |
| m_axi_gmem11                   | gates_out | /home/simics/HMoE/HLS_HMoE/pseudo_block/run_3/src/pseudo_moe.cpp:117:34 | write     | Widen Fail   |        | VITIS_LOOP_116_5 | /home/simics/HMoE/HLS_HMoE/pseudo_block/run_3/src/pseudo_moe.cpp:116:27 | 214-353    | Could not widen since type float size is greater than or equal to the max_widen_bitwidth threshold of 0 |
| m_axi_gmem11                   | gates_out | /home/simics/HMoE/HLS_HMoE/pseudo_block/run_3/src/pseudo_moe.cpp:117:34 | write     | Fail         |        |                  |                                                                         | 214-231    | Access is clobbered by load                                                                             |
| m_axi_gmem11                   | gates_out | /home/simics/HMoE/HLS_HMoE/pseudo_block/run_3/src/pseudo_moe.cpp:117:34 | write     | Inferred     | 4      | VITIS_LOOP_116_5 | /home/simics/HMoE/HLS_HMoE/pseudo_block/run_3/src/pseudo_moe.cpp:116:27 |            |                                                                                                         |
| m_axi_gmem12                   | output    | /home/simics/HMoE/HLS_HMoE/pseudo_block/run_3/src/pseudo_moe.cpp:122:31 | write     | Widen Fail   |        | VITIS_LOOP_121_6 | /home/simics/HMoE/HLS_HMoE/pseudo_block/run_3/src/pseudo_moe.cpp:121:27 | 214-353    | Could not widen since type float size is greater than or equal to the max_widen_bitwidth threshold of 0 |
| m_axi_gmem12                   | output    | /home/simics/HMoE/HLS_HMoE/pseudo_block/run_3/src/pseudo_moe.cpp:122:31 | write     | Fail         |        |                  |                                                                         | 214-231    | Access is clobbered by store                                                                            |
| m_axi_gmem12                   | output    | /home/simics/HMoE/HLS_HMoE/pseudo_block/run_3/src/pseudo_moe.cpp:122:31 | write     | Inferred     | 64     | VITIS_LOOP_121_6 | /home/simics/HMoE/HLS_HMoE/pseudo_block/run_3/src/pseudo_moe.cpp:121:27 |            |                                                                                                         |
| m_axi_gmem12                   | output    | /home/simics/HMoE/HLS_HMoE/pseudo_block/run_3/src/pseudo_moe.cpp:129:31 | write     | Fail         |        |                  |                                                                         | 214-231    | Access is clobbered by load                                                                             |
| m_axi_gmem12                   | output    | /home/simics/HMoE/HLS_HMoE/pseudo_block/run_3/src/pseudo_moe.cpp:129:31 | read      | Fail         |        |                  |                                                                         | 214-231    | Access is clobbered by store                                                                            |
| m_axi_gmem12                   | output    | /home/simics/HMoE/HLS_HMoE/pseudo_block/run_3/src/pseudo_moe.cpp:137:31 | write     | Fail         |        |                  |                                                                         | 214-231    | Access is clobbered by load                                                                             |
| m_axi_gmem12                   | output    | /home/simics/HMoE/HLS_HMoE/pseudo_block/run_3/src/pseudo_moe.cpp:137:31 | read      | Fail         |        |                  |                                                                         | 214-231    | Access is clobbered by store                                                                            |
| m_axi_gmem12                   | output    | /home/simics/HMoE/HLS_HMoE/pseudo_block/run_3/src/pseudo_moe.cpp:145:31 | write     | Fail         |        |                  |                                                                         | 214-231    | Access is clobbered by load                                                                             |
| m_axi_gmem12                   | output    | /home/simics/HMoE/HLS_HMoE/pseudo_block/run_3/src/pseudo_moe.cpp:145:31 | read      | Fail         |        |                  |                                                                         | 214-231    | Access is clobbered by store                                                                            |
| m_axi_gmem12                   | output    | /home/simics/HMoE/HLS_HMoE/pseudo_block/run_3/src/pseudo_moe.cpp:153:31 | write     | Fail         |        |                  |                                                                         | 214-231    | Access is clobbered by load                                                                             |
| m_axi_gmem12                   | output    | /home/simics/HMoE/HLS_HMoE/pseudo_block/run_3/src/pseudo_moe.cpp:153:31 | read      | Fail         |        |                  |                                                                         | 214-231    | Access is clobbered by store                                                                            |
| m_axi_gmem2                    | b_gate    | /home/simics/HMoE/HLS_HMoE/pseudo_block/run_3/src/pseudo_moe.cpp:95:25  | read      | Widen Fail   |        | VITIS_LOOP_94_2  | /home/simics/HMoE/HLS_HMoE/pseudo_block/run_3/src/pseudo_moe.cpp:94:26  | 214-353    | Could not widen since type float size is greater than or equal to the max_widen_bitwidth threshold of 0 |
| m_axi_gmem2                    | b_gate    | /home/simics/HMoE/HLS_HMoE/pseudo_block/run_3/src/pseudo_moe.cpp:95:25  | read      | Fail         |        | VITIS_LOOP_88_1  | /home/simics/HMoE/HLS_HMoE/pseudo_block/run_3/src/pseudo_moe.cpp:88:22  | 214-229    | Could not analyze pattern                                                                               |
| m_axi_gmem2                    | b_gate    | /home/simics/HMoE/HLS_HMoE/pseudo_block/run_3/src/pseudo_moe.cpp:95:25  | read      | Inferred     | 4      | VITIS_LOOP_94_2  | /home/simics/HMoE/HLS_HMoE/pseudo_block/run_3/src/pseudo_moe.cpp:94:26  |            |                                                                                                         |
| m_axi_gmem3,gmem5,gmem7,gmem9  | w         | /home/simics/HMoE/HLS_HMoE/pseudo_block/run_3/src/pseudo_moe.cpp:37:41  | read      | Widen Fail   |        | VITIS_LOOP_31_3  | /home/simics/HMoE/HLS_HMoE/pseudo_block/run_3/src/pseudo_moe.cpp:31:26  | 214-353    | Could not widen since type float size is greater than or equal to the max_widen_bitwidth threshold of 0 |
| m_axi_gmem3,gmem5,gmem7,gmem9  | w         | /home/simics/HMoE/HLS_HMoE/pseudo_block/run_3/src/pseudo_moe.cpp:37:41  | read      | Inferred     | 4096   | VITIS_LOOP_20_1  | /home/simics/HMoE/HLS_HMoE/pseudo_block/run_3/src/pseudo_moe.cpp:20:19  |            |                                                                                                         |
| m_axi_gmem4,gmem6,gmem8,gmem10 | b         | /home/simics/HMoE/HLS_HMoE/pseudo_block/run_3/src/pseudo_moe.cpp:42:21  | read      | Widen Fail   |        | VITIS_LOOP_20_1  | /home/simics/HMoE/HLS_HMoE/pseudo_block/run_3/src/pseudo_moe.cpp:20:19  | 214-353    | Could not widen since type float size is greater than or equal to the max_widen_bitwidth threshold of 0 |
| m_axi_gmem4,gmem6,gmem8,gmem10 | b         | /home/simics/HMoE/HLS_HMoE/pseudo_block/run_3/src/pseudo_moe.cpp:42:21  | read      | Inferred     | 64     | VITIS_LOOP_20_1  | /home/simics/HMoE/HLS_HMoE/pseudo_block/run_3/src/pseudo_moe.cpp:20:19  |            |                                                                                                         |
+--------------------------------+-----------+-------------------------------------------------------------------------+-----------+--------------+--------+------------------+-------------------------------------------------------------------------+------------+---------------------------------------------------------------------------------------------------------+

    * Resolution URL: docs.xilinx.com/access/sources/dita/topic?Doc_Version=2023.2%20English&url=ug1448-hls-guidance&resourceid=XXX-YYY.html (replace XXX-YYY with column value)

================================================================
== Bind Op Report
================================================================
+-------------------------------------------------------------+-----+--------+--------------+------+---------+---------+
| Name                                                        | DSP | Pragma | Variable     | Op   | Impl    | Latency |
+-------------------------------------------------------------+-----+--------+--------------+------+---------+---------+
| + pseudo_moe                                                | 21  |        |              |      |         |         |
|   fmul_32ns_32ns_32_2_max_dsp_1_U100                        |     |        | add_ln88     | add  | fabric  | 0       |
|   empty_fu_714_p2                                           |     |        | empty        | add  | fabric  | 0       |
|   empty_53_fu_648_p2                                        |     |        | empty_53     | add  | fabric  | 0       |
|   empty_55_fu_663_p2                                        |     |        | empty_55     | add  | fabric  | 0       |
|   faddfsub_32ns_32ns_32_2_full_dsp_1_U99                    |     |        | empty_61     | add  | fabric  | 0       |
|   fmul_32ns_32ns_32_2_max_dsp_1_U100                        |     |        | empty_64     | add  | fabric  | 0       |
|   empty_67_fu_900_p2                                        |     |        | empty_67     | add  | fabric  | 0       |
|  + pseudo_moe_Pipeline_VITIS_LOOP_94_2                      | 0   |        |              |      |         |         |
|    add_ln94_fu_396_p2                                       |     |        | add_ln94     | add  | fabric  | 0       |
|  + pseudo_moe_Pipeline_VITIS_LOOP_121_6                     | 0   |        |              |      |         |         |
|    add_ln121_fu_83_p2                                       |     |        | add_ln121    | add  | fabric  | 0       |
|  + pseudo_moe_Pipeline_VITIS_LOOP_111_4                     | 9   |        |              |      |         |         |
|    add_ln111_fu_234_p2                                      |     |        | add_ln111    | add  | fabric  | 0       |
|    fexp_32ns_32ns_32_4_full_dsp_1_U22                       | 7   |        | exp_values_1 | fexp | fulldsp | 3       |
|    fadd_32ns_32ns_32_2_full_dsp_1_U21                       | 2   |        | exp_sum_1    | fadd | fulldsp | 1       |
|  + compute_expert                                           | 7   |        |              |      |         |         |
|    add_ln20_fu_165_p2                                       |     |        | add_ln20     | add  | fabric  | 0       |
|   + compute_expert_Pipeline_VITIS_LOOP_20_1_VITIS_LOOP_31_3 | 7   |        |              |      |         |         |
|     add_ln20_fu_260_p2                                      |     |        | add_ln20     | add  | fabric  | 0       |
|     add_ln20_1_fu_437_p2                                    |     |        | add_ln20_1   | add  | fabric  | 0       |
|     fmul_32ns_32ns_32_2_max_dsp_1_U55                       | 3   |        | mul          | fmul | maxdsp  | 1       |
|     fadd_32ns_32ns_32_2_full_dsp_1_U53                      | 2   |        | add          | fadd | fulldsp | 1       |
|     fmul_32ns_32ns_32_2_max_dsp_1_U55                       | 3   |        | mul20_1      | fmul | maxdsp  | 1       |
|     fadd_32ns_32ns_32_2_full_dsp_1_U53                      | 2   |        | add23_1      | fadd | fulldsp | 1       |
|     fmul_32ns_32ns_32_2_max_dsp_1_U55                       | 3   |        | mul20_2      | fmul | maxdsp  | 1       |
|     fadd_32ns_32ns_32_2_full_dsp_1_U53                      | 2   |        | add23_2      | fadd | fulldsp | 1       |
|     fmul_32ns_32ns_32_2_max_dsp_1_U55                       | 3   |        | mul20_3      | fmul | maxdsp  | 1       |
|     fadd_32ns_32ns_32_2_full_dsp_1_U53                      | 2   |        | add23_3      | fadd | fulldsp | 1       |
|     add_ln31_fu_278_p2                                      |     |        | add_ln31     | add  | fabric  | 0       |
|     fadd_32ns_32ns_32_2_full_dsp_1_U54                      | 2   |        | acc_65       | fadd | fulldsp | 1       |
|     fadd_32ns_32ns_32_2_full_dsp_1_U54                      | 2   |        | acc_66       | fadd | fulldsp | 1       |
|     fadd_32ns_32ns_32_2_full_dsp_1_U54                      | 2   |        | acc_67       | fadd | fulldsp | 1       |
|     fadd_32ns_32ns_32_2_full_dsp_1_U54                      | 2   |        | acc_68       | fadd | fulldsp | 1       |
|  + pseudo_moe_Pipeline_VITIS_LOOP_116_5                     | 0   |        |              |      |         |         |
|    add_ln116_fu_131_p2                                      |     |        | add_ln116    | add  | fabric  | 0       |
|    fdiv_32ns_32ns_32_6_no_dsp_1_U41                         |     |        | div          | fdiv | fabric  | 5       |
|  + pseudo_moe_Pipeline_VITIS_LOOP_128_7                     | 0   |        |              |      |         |         |
|    add_ln128_fu_156_p2                                      |     |        | add_ln128    | add  | fabric  | 0       |
|    add_ln129_fu_185_p2                                      |     |        | add_ln129    | add  | fabric  | 0       |
|  + pseudo_moe_Pipeline_VITIS_LOOP_136_8                     | 0   |        |              |      |         |         |
|    add_ln136_fu_156_p2                                      |     |        | add_ln136    | add  | fabric  | 0       |
|    add_ln137_fu_185_p2                                      |     |        | add_ln137    | add  | fabric  | 0       |
|  + pseudo_moe_Pipeline_VITIS_LOOP_144_9                     | 0   |        |              |      |         |         |
|    add_ln144_fu_156_p2                                      |     |        | add_ln144    | add  | fabric  | 0       |
|    add_ln145_fu_185_p2                                      |     |        | add_ln145    | add  | fabric  | 0       |
|  + pseudo_moe_Pipeline_VITIS_LOOP_152_10                    | 0   |        |              |      |         |         |
|    add_ln152_fu_156_p2                                      |     |        | add_ln152    | add  | fabric  | 0       |
|    add_ln153_fu_185_p2                                      |     |        | add_ln153    | add  | fabric  | 0       |
+-------------------------------------------------------------+-----+--------+--------------+------+---------+---------+


================================================================
== Storage Report
================================================================
+--------------------------------------+--------------+-----------+------+------+--------+---------------+------+---------+------------------+
| Name                                 | Usage        | Type      | BRAM | URAM | Pragma | Variable      | Impl | Latency | Bitwidth, Depth, |
|                                      |              |           |      |      |        |               |      |         | Banks            |
+--------------------------------------+--------------+-----------+------+------+--------+---------------+------+---------+------------------+
| + pseudo_moe                         |              |           | 53   | 0    |        |               |      |         |                  |
|   control_s_axi_U                    | interface    | s_axilite |      |      |        |               |      |         |                  |
|   control_r_s_axi_U                  | interface    | s_axilite |      |      |        |               |      |         |                  |
|   gmem0_m_axi_U                      | interface    | m_axi     | 4    |      |        |               |      |         |                  |
|   gmem1_m_axi_U                      | interface    | m_axi     | 4    |      |        |               |      |         |                  |
|   gmem10_m_axi_U                     | interface    | m_axi     | 4    |      |        |               |      |         |                  |
|   gmem11_m_axi_U                     | interface    | m_axi     | 4    |      |        |               |      |         |                  |
|   gmem12_m_axi_U                     | interface    | m_axi     | 4    |      |        |               |      |         |                  |
|   gmem2_m_axi_U                      | interface    | m_axi     | 4    |      |        |               |      |         |                  |
|   gmem3_m_axi_U                      | interface    | m_axi     | 4    |      |        |               |      |         |                  |
|   gmem4_m_axi_U                      | interface    | m_axi     | 4    |      |        |               |      |         |                  |
|   gmem5_m_axi_U                      | interface    | m_axi     | 4    |      |        |               |      |         |                  |
|   gmem6_m_axi_U                      | interface    | m_axi     | 4    |      |        |               |      |         |                  |
|   gmem7_m_axi_U                      | interface    | m_axi     | 4    |      |        |               |      |         |                  |
|   gmem8_m_axi_U                      | interface    | m_axi     | 4    |      |        |               |      |         |                  |
|   gmem9_m_axi_U                      | interface    | m_axi     | 4    |      |        |               |      |         |                  |
|   fmul_32ns_32ns_32_2_max_dsp_1_U100 | ram_1p array |           | 2    |      |        | expert_result | auto | 1       | 32, 64, 1        |
+--------------------------------------+--------------+-----------+------+------+--------+---------------+------+---------+------------------+


================================================================
== Pragma Report
================================================================
* Valid Pragma Syntax
+-----------------+-------------------------------------------------+--------------------------------------------------+
| Type            | Options                                         | Location                                         |
+-----------------+-------------------------------------------------+--------------------------------------------------+
| inline          | off                                             | src/pseudo_moe.cpp:18 in compute_expert          |
| array_partition | variable=partial complete                       | src/pseudo_moe.cpp:22 in compute_expert, partial |
| unroll          |                                                 | src/pseudo_moe.cpp:26 in compute_expert          |
| pipeline        | II=1                                            | src/pseudo_moe.cpp:32 in compute_expert          |
| unroll          |                                                 | src/pseudo_moe.cpp:35 in compute_expert          |
| unroll          |                                                 | src/pseudo_moe.cpp:44 in compute_expert          |
| interface       | m_axi port=input offset=slave bundle=gmem0      | src/pseudo_moe.cpp:66 in pseudo_moe, input       |
| interface       | m_axi port=w_gate offset=slave bundle=gmem1     | src/pseudo_moe.cpp:67 in pseudo_moe, w_gate      |
| interface       | m_axi port=b_gate offset=slave bundle=gmem2     | src/pseudo_moe.cpp:68 in pseudo_moe, b_gate      |
| interface       | m_axi port=w0 offset=slave bundle=gmem3         | src/pseudo_moe.cpp:70 in pseudo_moe, w0          |
| interface       | m_axi port=b0 offset=slave bundle=gmem4         | src/pseudo_moe.cpp:71 in pseudo_moe, b0          |
| interface       | m_axi port=w1 offset=slave bundle=gmem5         | src/pseudo_moe.cpp:72 in pseudo_moe, w1          |
| interface       | m_axi port=b1 offset=slave bundle=gmem6         | src/pseudo_moe.cpp:73 in pseudo_moe, b1          |
| interface       | m_axi port=w2 offset=slave bundle=gmem7         | src/pseudo_moe.cpp:74 in pseudo_moe, w2          |
| interface       | m_axi port=b2 offset=slave bundle=gmem8         | src/pseudo_moe.cpp:75 in pseudo_moe, b2          |
| interface       | m_axi port=w3 offset=slave bundle=gmem9         | src/pseudo_moe.cpp:76 in pseudo_moe, w3          |
| interface       | m_axi port=b3 offset=slave bundle=gmem10        | src/pseudo_moe.cpp:77 in pseudo_moe, b3          |
| interface       | m_axi port=gates_out offset=slave bundle=gmem11 | src/pseudo_moe.cpp:79 in pseudo_moe, gates_out   |
| interface       | m_axi port=output offset=slave bundle=gmem12    | src/pseudo_moe.cpp:80 in pseudo_moe, output      |
| interface       | s_axilite port=return bundle=control            | src/pseudo_moe.cpp:82 in pseudo_moe, return      |
| pipeline        | off                                             | src/pseudo_moe.cpp:89 in pseudo_moe              |
+-----------------+-------------------------------------------------+--------------------------------------------------+


