

================================================================
== Vitis HLS Report for 'expert_engine_B'
================================================================
* Date:           Mon Sep 14 23:45:35 2026

* Version:        2023.2 (Build 4023990 on Oct 11 2023)
* Project:        HLS_OutputMoE_Run11
* Solution:       solution1 (Vivado IP Flow Target)
* Product family: virtexuplus
* Target device:  xcvu13p_CIV-figd2104-3-e


================================================================
== Performance Estimates
================================================================
+ Timing: 
    * Summary: 
    +--------+----------+----------+------------+
    |  Clock |  Target  | Estimated| Uncertainty|
    +--------+----------+----------+------------+
    |ap_clk  |  10.00 ns|  7.028 ns|     2.70 ns|
    +--------+----------+----------+------------+

+ Latency: 
    * Summary: 
    +---------+---------+----------+----------+-------+-------+---------+
    |  Latency (cycles) |  Latency (absolute) |    Interval   | Pipeline|
    |   min   |   max   |    min   |    max   |  min  |  max  |   Type  |
    +---------+---------+----------+----------+-------+-------+---------+
    |    45805|    45805|  0.458 ms|  0.458 ms|  45805|  45805|       no|
    +---------+---------+----------+----------+-------+-------+---------+

    + Detail: 
        * Instance: 
        +----------------------------------------------------------+---------------------------------------------+---------+---------+-----------+-----------+-----+-----+---------+
        |                                                          |                                             |  Latency (cycles) |   Latency (absolute)  |  Interval | Pipeline|
        |                         Instance                         |                    Module                   |   min   |   max   |    min    |    max    | min | max |   Type  |
        +----------------------------------------------------------+---------------------------------------------+---------+---------+-----------+-----------+-----+-----+---------+
        |grp_expert_engine_B_Pipeline_VITIS_LOOP_598_2_fu_17192    |expert_engine_B_Pipeline_VITIS_LOOP_598_2    |      133|      133|   1.330 us|   1.330 us|  133|  133|       no|
        |grp_elu_fu_17204                                          |elu                                          |        5|        5|  50.000 ns|  50.000 ns|    5|    5|       no|
        |grp_elu_fu_17209                                          |elu                                          |        5|        5|  50.000 ns|  50.000 ns|    5|    5|       no|
        |grp_elu_fu_17214                                          |elu                                          |        5|        5|  50.000 ns|  50.000 ns|    5|    5|       no|
        |grp_elu_fu_17219                                          |elu                                          |        5|        5|  50.000 ns|  50.000 ns|    5|    5|       no|
        |grp_elu_fu_17224                                          |elu                                          |        5|        5|  50.000 ns|  50.000 ns|    5|    5|       no|
        |grp_elu_fu_17229                                          |elu                                          |        5|        5|  50.000 ns|  50.000 ns|    5|    5|       no|
        |grp_elu_fu_17234                                          |elu                                          |        5|        5|  50.000 ns|  50.000 ns|    5|    5|       no|
        |grp_elu_fu_17239                                          |elu                                          |        5|        5|  50.000 ns|  50.000 ns|    5|    5|       no|
        |grp_elu_fu_17244                                          |elu                                          |        5|        5|  50.000 ns|  50.000 ns|    5|    5|       no|
        |grp_elu_fu_17249                                          |elu                                          |        5|        5|  50.000 ns|  50.000 ns|    5|    5|       no|
        |grp_elu_fu_17254                                          |elu                                          |        5|        5|  50.000 ns|  50.000 ns|    5|    5|       no|
        |grp_elu_fu_17259                                          |elu                                          |        5|        5|  50.000 ns|  50.000 ns|    5|    5|       no|
        |grp_elu_fu_17264                                          |elu                                          |        5|        5|  50.000 ns|  50.000 ns|    5|    5|       no|
        |grp_elu_fu_17269                                          |elu                                          |        5|        5|  50.000 ns|  50.000 ns|    5|    5|       no|
        |grp_elu_fu_17274                                          |elu                                          |        5|        5|  50.000 ns|  50.000 ns|    5|    5|       no|
        |grp_elu_fu_17279                                          |elu                                          |        5|        5|  50.000 ns|  50.000 ns|    5|    5|       no|
        |grp_expert_engine_B_Pipeline_VITIS_LOOP_598_24_fu_17284   |expert_engine_B_Pipeline_VITIS_LOOP_598_24   |      133|      133|   1.330 us|   1.330 us|  133|  133|       no|
        |grp_expert_engine_B_Pipeline_VITIS_LOOP_598_25_fu_17296   |expert_engine_B_Pipeline_VITIS_LOOP_598_25   |      133|      133|   1.330 us|   1.330 us|  133|  133|       no|
        |grp_expert_engine_B_Pipeline_VITIS_LOOP_598_26_fu_17308   |expert_engine_B_Pipeline_VITIS_LOOP_598_26   |      133|      133|   1.330 us|   1.330 us|  133|  133|       no|
        |grp_expert_engine_B_Pipeline_VITIS_LOOP_598_27_fu_17320   |expert_engine_B_Pipeline_VITIS_LOOP_598_27   |      133|      133|   1.330 us|   1.330 us|  133|  133|       no|
        |grp_expert_engine_B_Pipeline_VITIS_LOOP_598_28_fu_17332   |expert_engine_B_Pipeline_VITIS_LOOP_598_28   |      133|      133|   1.330 us|   1.330 us|  133|  133|       no|
        |grp_expert_engine_B_Pipeline_VITIS_LOOP_598_29_fu_17344   |expert_engine_B_Pipeline_VITIS_LOOP_598_29   |      133|      133|   1.330 us|   1.330 us|  133|  133|       no|
        |grp_expert_engine_B_Pipeline_VITIS_LOOP_598_210_fu_17356  |expert_engine_B_Pipeline_VITIS_LOOP_598_210  |      133|      133|   1.330 us|   1.330 us|  133|  133|       no|
        |grp_expert_engine_B_Pipeline_VITIS_LOOP_598_211_fu_17368  |expert_engine_B_Pipeline_VITIS_LOOP_598_211  |      133|      133|   1.330 us|   1.330 us|  133|  133|       no|
        |grp_expert_engine_B_Pipeline_VITIS_LOOP_598_212_fu_17380  |expert_engine_B_Pipeline_VITIS_LOOP_598_212  |      133|      133|   1.330 us|   1.330 us|  133|  133|       no|
        |grp_expert_engine_B_Pipeline_VITIS_LOOP_598_213_fu_17392  |expert_engine_B_Pipeline_VITIS_LOOP_598_213  |      133|      133|   1.330 us|   1.330 us|  133|  133|       no|
        |grp_expert_engine_B_Pipeline_VITIS_LOOP_598_214_fu_17404  |expert_engine_B_Pipeline_VITIS_LOOP_598_214  |      133|      133|   1.330 us|   1.330 us|  133|  133|       no|
        |grp_expert_engine_B_Pipeline_VITIS_LOOP_598_215_fu_17416  |expert_engine_B_Pipeline_VITIS_LOOP_598_215  |      133|      133|   1.330 us|   1.330 us|  133|  133|       no|
        |grp_expert_engine_B_Pipeline_VITIS_LOOP_598_216_fu_17428  |expert_engine_B_Pipeline_VITIS_LOOP_598_216  |      133|      133|   1.330 us|   1.330 us|  133|  133|       no|
        |grp_expert_engine_B_Pipeline_VITIS_LOOP_598_217_fu_17440  |expert_engine_B_Pipeline_VITIS_LOOP_598_217  |      133|      133|   1.330 us|   1.330 us|  133|  133|       no|
        |grp_expert_engine_B_Pipeline_VITIS_LOOP_598_218_fu_17452  |expert_engine_B_Pipeline_VITIS_LOOP_598_218  |      133|      133|   1.330 us|   1.330 us|  133|  133|       no|
        |grp_expert_engine_B_Pipeline_VITIS_LOOP_598_219_fu_17464  |expert_engine_B_Pipeline_VITIS_LOOP_598_219  |      133|      133|   1.330 us|   1.330 us|  133|  133|       no|
        |grp_expert_engine_B_Pipeline_VITIS_LOOP_598_220_fu_17476  |expert_engine_B_Pipeline_VITIS_LOOP_598_220  |      133|      133|   1.330 us|   1.330 us|  133|  133|       no|
        |grp_expert_engine_B_Pipeline_VITIS_LOOP_598_221_fu_17488  |expert_engine_B_Pipeline_VITIS_LOOP_598_221  |      133|      133|   1.330 us|   1.330 us|  133|  133|       no|
        |grp_expert_engine_B_Pipeline_VITIS_LOOP_598_222_fu_17500  |expert_engine_B_Pipeline_VITIS_LOOP_598_222  |      133|      133|   1.330 us|   1.330 us|  133|  133|       no|
        |grp_expert_engine_B_Pipeline_VITIS_LOOP_598_223_fu_17512  |expert_engine_B_Pipeline_VITIS_LOOP_598_223  |      133|      133|   1.330 us|   1.330 us|  133|  133|       no|
        |grp_expert_engine_B_Pipeline_VITIS_LOOP_598_224_fu_17524  |expert_engine_B_Pipeline_VITIS_LOOP_598_224  |      133|      133|   1.330 us|   1.330 us|  133|  133|       no|
        |grp_expert_engine_B_Pipeline_VITIS_LOOP_598_225_fu_17536  |expert_engine_B_Pipeline_VITIS_LOOP_598_225  |      133|      133|   1.330 us|   1.330 us|  133|  133|       no|
        |grp_expert_engine_B_Pipeline_VITIS_LOOP_598_226_fu_17548  |expert_engine_B_Pipeline_VITIS_LOOP_598_226  |      133|      133|   1.330 us|   1.330 us|  133|  133|       no|
        |grp_expert_engine_B_Pipeline_VITIS_LOOP_598_227_fu_17560  |expert_engine_B_Pipeline_VITIS_LOOP_598_227  |      133|      133|   1.330 us|   1.330 us|  133|  133|       no|
        |grp_expert_engine_B_Pipeline_VITIS_LOOP_598_228_fu_17572  |expert_engine_B_Pipeline_VITIS_LOOP_598_228  |      133|      133|   1.330 us|   1.330 us|  133|  133|       no|
        |grp_expert_engine_B_Pipeline_VITIS_LOOP_598_229_fu_17584  |expert_engine_B_Pipeline_VITIS_LOOP_598_229  |      133|      133|   1.330 us|   1.330 us|  133|  133|       no|
        |grp_expert_engine_B_Pipeline_VITIS_LOOP_598_230_fu_17596  |expert_engine_B_Pipeline_VITIS_LOOP_598_230  |      133|      133|   1.330 us|   1.330 us|  133|  133|       no|
        |grp_expert_engine_B_Pipeline_VITIS_LOOP_598_231_fu_17608  |expert_engine_B_Pipeline_VITIS_LOOP_598_231  |      133|      133|   1.330 us|   1.330 us|  133|  133|       no|
        |grp_expert_engine_B_Pipeline_VITIS_LOOP_598_232_fu_17620  |expert_engine_B_Pipeline_VITIS_LOOP_598_232  |      133|      133|   1.330 us|   1.330 us|  133|  133|       no|
        |grp_expert_engine_B_Pipeline_VITIS_LOOP_598_233_fu_17632  |expert_engine_B_Pipeline_VITIS_LOOP_598_233  |      133|      133|   1.330 us|   1.330 us|  133|  133|       no|
        |grp_expert_engine_B_Pipeline_VITIS_LOOP_598_234_fu_17644  |expert_engine_B_Pipeline_VITIS_LOOP_598_234  |      133|      133|   1.330 us|   1.330 us|  133|  133|       no|
        |grp_expert_engine_B_Pipeline_VITIS_LOOP_598_235_fu_17656  |expert_engine_B_Pipeline_VITIS_LOOP_598_235  |      133|      133|   1.330 us|   1.330 us|  133|  133|       no|
        |grp_expert_engine_B_Pipeline_VITIS_LOOP_598_236_fu_17668  |expert_engine_B_Pipeline_VITIS_LOOP_598_236  |      133|      133|   1.330 us|   1.330 us|  133|  133|       no|
        |grp_expert_engine_B_Pipeline_VITIS_LOOP_598_237_fu_17680  |expert_engine_B_Pipeline_VITIS_LOOP_598_237  |      133|      133|   1.330 us|   1.330 us|  133|  133|       no|
        |grp_expert_engine_B_Pipeline_VITIS_LOOP_598_238_fu_17692  |expert_engine_B_Pipeline_VITIS_LOOP_598_238  |      133|      133|   1.330 us|   1.330 us|  133|  133|       no|
        |grp_expert_engine_B_Pipeline_VITIS_LOOP_598_239_fu_17704  |expert_engine_B_Pipeline_VITIS_LOOP_598_239  |      133|      133|   1.330 us|   1.330 us|  133|  133|       no|
        |grp_expert_engine_B_Pipeline_VITIS_LOOP_598_240_fu_17716  |expert_engine_B_Pipeline_VITIS_LOOP_598_240  |      133|      133|   1.330 us|   1.330 us|  133|  133|       no|
        |grp_expert_engine_B_Pipeline_VITIS_LOOP_598_241_fu_17728  |expert_engine_B_Pipeline_VITIS_LOOP_598_241  |      133|      133|   1.330 us|   1.330 us|  133|  133|       no|
        |grp_expert_engine_B_Pipeline_VITIS_LOOP_598_242_fu_17740  |expert_engine_B_Pipeline_VITIS_LOOP_598_242  |      133|      133|   1.330 us|   1.330 us|  133|  133|       no|
        +----------------------------------------------------------+---------------------------------------------+---------+---------+-----------+-----------+-----+-----+---------+

        * Loop: 
        +--------------------+---------+---------+----------+-----------+-----------+------+----------+
        |                    |  Latency (cycles) | Iteration|  Initiation Interval  | Trip |          |
        |      Loop Name     |   min   |   max   |  Latency |  achieved |   target  | Count| Pipelined|
        +--------------------+---------+---------+----------+-----------+-----------+------+----------+
        |- VITIS_LOOP_592_1  |     4392|     4392|       549|          -|          -|     8|        no|
        |- VITIS_LOOP_592_1  |     4392|     4392|       549|          -|          -|     8|        no|
        |- VITIS_LOOP_592_1  |     4392|     4392|       549|          -|          -|     8|        no|
        |- VITIS_LOOP_592_1  |     4392|     4392|       549|          -|          -|     8|        no|
        |- VITIS_LOOP_592_1  |     4392|     4392|       549|          -|          -|     8|        no|
        |- VITIS_LOOP_592_1  |     4392|     4392|       549|          -|          -|     8|        no|
        |- VITIS_LOOP_592_1  |     4392|     4392|       549|          -|          -|     8|        no|
        |- VITIS_LOOP_592_1  |     4392|     4392|       549|          -|          -|     8|        no|
        |- VITIS_LOOP_592_1  |     4392|     4392|       549|          -|          -|     8|        no|
        |- VITIS_LOOP_592_1  |     4392|     4392|       549|          -|          -|     8|        no|
        +--------------------+---------+---------+----------+-----------+-----------+------+----------+



================================================================
== Utilization Estimates
================================================================
* Summary: 
+---------------------+---------+-------+---------+---------+------+
|         Name        | BRAM_18K|  DSP  |    FF   |   LUT   | URAM |
+---------------------+---------+-------+---------+---------+------+
|DSP                  |        -|      -|        -|        -|     -|
|Expression           |        -|      -|        0|      360|     -|
|FIFO                 |        -|      -|        -|        -|     -|
|Instance             |        -|    224|    16912|    27668|     -|
|Memory               |      100|      -|        0|        0|     0|
|Multiplexer          |        -|      -|        -|    44250|     -|
|Register             |        -|      -|     4162|        -|     -|
+---------------------+---------+-------+---------+---------+------+
|Total                |      100|    224|    21074|    72278|     0|
+---------------------+---------+-------+---------+---------+------+
|Available SLR        |     1344|   3072|   864000|   432000|   320|
+---------------------+---------+-------+---------+---------+------+
|Utilization SLR (%)  |        7|      7|        2|       16|     0|
+---------------------+---------+-------+---------+---------+------+
|Available            |     5376|  12288|  3456000|  1728000|  1280|
+---------------------+---------+-------+---------+---------+------+
|Utilization (%)      |        1|      1|       ~0|        4|     0|
+---------------------+---------+-------+---------+---------+------+

+ Detail: 
    * Instance: 
    +----------------------------------------------------------+---------------------------------------------+---------+----+-----+------+-----+
    |                         Instance                         |                    Module                   | BRAM_18K| DSP|  FF |  LUT | URAM|
    +----------------------------------------------------------+---------------------------------------------+---------+----+-----+------+-----+
    |grp_elu_fu_17204                                          |elu                                          |        0|   9|  387|  1097|    0|
    |grp_elu_fu_17209                                          |elu                                          |        0|   9|  387|  1097|    0|
    |grp_elu_fu_17214                                          |elu                                          |        0|   9|  387|  1097|    0|
    |grp_elu_fu_17219                                          |elu                                          |        0|   9|  387|  1097|    0|
    |grp_elu_fu_17224                                          |elu                                          |        0|   9|  387|  1097|    0|
    |grp_elu_fu_17229                                          |elu                                          |        0|   9|  387|  1097|    0|
    |grp_elu_fu_17234                                          |elu                                          |        0|   9|  387|  1097|    0|
    |grp_elu_fu_17239                                          |elu                                          |        0|   9|  387|  1097|    0|
    |grp_elu_fu_17244                                          |elu                                          |        0|   9|  387|  1097|    0|
    |grp_elu_fu_17249                                          |elu                                          |        0|   9|  387|  1097|    0|
    |grp_elu_fu_17254                                          |elu                                          |        0|   9|  387|  1097|    0|
    |grp_elu_fu_17259                                          |elu                                          |        0|   9|  387|  1097|    0|
    |grp_elu_fu_17264                                          |elu                                          |        0|   9|  387|  1097|    0|
    |grp_elu_fu_17269                                          |elu                                          |        0|   9|  387|  1097|    0|
    |grp_elu_fu_17274                                          |elu                                          |        0|   9|  387|  1097|    0|
    |grp_elu_fu_17279                                          |elu                                          |        0|   9|  387|  1097|    0|
    |grp_expert_engine_B_Pipeline_VITIS_LOOP_598_2_fu_17192    |expert_engine_B_Pipeline_VITIS_LOOP_598_2    |        0|   0|  146|   119|    0|
    |grp_expert_engine_B_Pipeline_VITIS_LOOP_598_210_fu_17356  |expert_engine_B_Pipeline_VITIS_LOOP_598_210  |        0|   0|  146|   138|    0|
    |grp_expert_engine_B_Pipeline_VITIS_LOOP_598_211_fu_17368  |expert_engine_B_Pipeline_VITIS_LOOP_598_211  |        0|   0|  146|   119|    0|
    |grp_expert_engine_B_Pipeline_VITIS_LOOP_598_212_fu_17380  |expert_engine_B_Pipeline_VITIS_LOOP_598_212  |        0|   0|  146|   138|    0|
    |grp_expert_engine_B_Pipeline_VITIS_LOOP_598_213_fu_17392  |expert_engine_B_Pipeline_VITIS_LOOP_598_213  |        0|   0|  146|   119|    0|
    |grp_expert_engine_B_Pipeline_VITIS_LOOP_598_214_fu_17404  |expert_engine_B_Pipeline_VITIS_LOOP_598_214  |        0|   0|  146|   138|    0|
    |grp_expert_engine_B_Pipeline_VITIS_LOOP_598_215_fu_17416  |expert_engine_B_Pipeline_VITIS_LOOP_598_215  |        0|   0|  146|   119|    0|
    |grp_expert_engine_B_Pipeline_VITIS_LOOP_598_216_fu_17428  |expert_engine_B_Pipeline_VITIS_LOOP_598_216  |        0|   0|  146|   138|    0|
    |grp_expert_engine_B_Pipeline_VITIS_LOOP_598_217_fu_17440  |expert_engine_B_Pipeline_VITIS_LOOP_598_217  |        0|   0|  146|   119|    0|
    |grp_expert_engine_B_Pipeline_VITIS_LOOP_598_218_fu_17452  |expert_engine_B_Pipeline_VITIS_LOOP_598_218  |        0|   0|  146|   138|    0|
    |grp_expert_engine_B_Pipeline_VITIS_LOOP_598_219_fu_17464  |expert_engine_B_Pipeline_VITIS_LOOP_598_219  |        0|   0|  146|   119|    0|
    |grp_expert_engine_B_Pipeline_VITIS_LOOP_598_220_fu_17476  |expert_engine_B_Pipeline_VITIS_LOOP_598_220  |        0|   0|  146|   138|    0|
    |grp_expert_engine_B_Pipeline_VITIS_LOOP_598_221_fu_17488  |expert_engine_B_Pipeline_VITIS_LOOP_598_221  |        0|   0|  146|   119|    0|
    |grp_expert_engine_B_Pipeline_VITIS_LOOP_598_222_fu_17500  |expert_engine_B_Pipeline_VITIS_LOOP_598_222  |        0|   0|  146|   138|    0|
    |grp_expert_engine_B_Pipeline_VITIS_LOOP_598_223_fu_17512  |expert_engine_B_Pipeline_VITIS_LOOP_598_223  |        0|   0|  146|   119|    0|
    |grp_expert_engine_B_Pipeline_VITIS_LOOP_598_224_fu_17524  |expert_engine_B_Pipeline_VITIS_LOOP_598_224  |        0|   0|  146|   138|    0|
    |grp_expert_engine_B_Pipeline_VITIS_LOOP_598_225_fu_17536  |expert_engine_B_Pipeline_VITIS_LOOP_598_225  |        0|   0|  146|   119|    0|
    |grp_expert_engine_B_Pipeline_VITIS_LOOP_598_226_fu_17548  |expert_engine_B_Pipeline_VITIS_LOOP_598_226  |        0|   0|  146|   138|    0|
    |grp_expert_engine_B_Pipeline_VITIS_LOOP_598_227_fu_17560  |expert_engine_B_Pipeline_VITIS_LOOP_598_227  |        0|   0|  146|   119|    0|
    |grp_expert_engine_B_Pipeline_VITIS_LOOP_598_228_fu_17572  |expert_engine_B_Pipeline_VITIS_LOOP_598_228  |        0|   0|  146|   138|    0|
    |grp_expert_engine_B_Pipeline_VITIS_LOOP_598_229_fu_17584  |expert_engine_B_Pipeline_VITIS_LOOP_598_229  |        0|   0|  146|   119|    0|
    |grp_expert_engine_B_Pipeline_VITIS_LOOP_598_230_fu_17596  |expert_engine_B_Pipeline_VITIS_LOOP_598_230  |        0|   0|  146|   138|    0|
    |grp_expert_engine_B_Pipeline_VITIS_LOOP_598_231_fu_17608  |expert_engine_B_Pipeline_VITIS_LOOP_598_231  |        0|   0|  146|   119|    0|
    |grp_expert_engine_B_Pipeline_VITIS_LOOP_598_232_fu_17620  |expert_engine_B_Pipeline_VITIS_LOOP_598_232  |        0|   0|  146|   138|    0|
    |grp_expert_engine_B_Pipeline_VITIS_LOOP_598_233_fu_17632  |expert_engine_B_Pipeline_VITIS_LOOP_598_233  |        0|   0|  146|   119|    0|
    |grp_expert_engine_B_Pipeline_VITIS_LOOP_598_234_fu_17644  |expert_engine_B_Pipeline_VITIS_LOOP_598_234  |        0|   0|  146|   138|    0|
    |grp_expert_engine_B_Pipeline_VITIS_LOOP_598_235_fu_17656  |expert_engine_B_Pipeline_VITIS_LOOP_598_235  |        0|   0|  146|   119|    0|
    |grp_expert_engine_B_Pipeline_VITIS_LOOP_598_236_fu_17668  |expert_engine_B_Pipeline_VITIS_LOOP_598_236  |        0|   0|  146|   138|    0|
    |grp_expert_engine_B_Pipeline_VITIS_LOOP_598_237_fu_17680  |expert_engine_B_Pipeline_VITIS_LOOP_598_237  |        0|   0|  146|   119|    0|
    |grp_expert_engine_B_Pipeline_VITIS_LOOP_598_238_fu_17692  |expert_engine_B_Pipeline_VITIS_LOOP_598_238  |        0|   0|  146|   138|    0|
    |grp_expert_engine_B_Pipeline_VITIS_LOOP_598_239_fu_17704  |expert_engine_B_Pipeline_VITIS_LOOP_598_239  |        0|   0|  146|   119|    0|
    |grp_expert_engine_B_Pipeline_VITIS_LOOP_598_24_fu_17284   |expert_engine_B_Pipeline_VITIS_LOOP_598_24   |        0|   0|  146|   138|    0|
    |grp_expert_engine_B_Pipeline_VITIS_LOOP_598_240_fu_17716  |expert_engine_B_Pipeline_VITIS_LOOP_598_240  |        0|   0|  146|   138|    0|
    |grp_expert_engine_B_Pipeline_VITIS_LOOP_598_241_fu_17728  |expert_engine_B_Pipeline_VITIS_LOOP_598_241  |        0|   0|  146|   119|    0|
    |grp_expert_engine_B_Pipeline_VITIS_LOOP_598_242_fu_17740  |expert_engine_B_Pipeline_VITIS_LOOP_598_242  |        0|   0|  146|   138|    0|
    |grp_expert_engine_B_Pipeline_VITIS_LOOP_598_25_fu_17296   |expert_engine_B_Pipeline_VITIS_LOOP_598_25   |        0|   0|  146|   119|    0|
    |grp_expert_engine_B_Pipeline_VITIS_LOOP_598_26_fu_17308   |expert_engine_B_Pipeline_VITIS_LOOP_598_26   |        0|   0|  146|   138|    0|
    |grp_expert_engine_B_Pipeline_VITIS_LOOP_598_27_fu_17320   |expert_engine_B_Pipeline_VITIS_LOOP_598_27   |        0|   0|  146|   119|    0|
    |grp_expert_engine_B_Pipeline_VITIS_LOOP_598_28_fu_17332   |expert_engine_B_Pipeline_VITIS_LOOP_598_28   |        0|   0|  146|   138|    0|
    |grp_expert_engine_B_Pipeline_VITIS_LOOP_598_29_fu_17344   |expert_engine_B_Pipeline_VITIS_LOOP_598_29   |        0|   0|  146|   119|    0|
    |fadd_32ns_32ns_32_2_full_dsp_1_U642                       |fadd_32ns_32ns_32_2_full_dsp_1               |        0|   2|  177|   233|    0|
    |fadd_32ns_32ns_32_2_full_dsp_1_U643                       |fadd_32ns_32ns_32_2_full_dsp_1               |        0|   2|  177|   233|    0|
    |fadd_32ns_32ns_32_2_full_dsp_1_U644                       |fadd_32ns_32ns_32_2_full_dsp_1               |        0|   2|  177|   233|    0|
    |fadd_32ns_32ns_32_2_full_dsp_1_U645                       |fadd_32ns_32ns_32_2_full_dsp_1               |        0|   2|  177|   233|    0|
    |fadd_32ns_32ns_32_2_full_dsp_1_U646                       |fadd_32ns_32ns_32_2_full_dsp_1               |        0|   2|  177|   233|    0|
    |fadd_32ns_32ns_32_2_full_dsp_1_U647                       |fadd_32ns_32ns_32_2_full_dsp_1               |        0|   2|  177|   233|    0|
    |fadd_32ns_32ns_32_2_full_dsp_1_U648                       |fadd_32ns_32ns_32_2_full_dsp_1               |        0|   2|  177|   233|    0|
    |fadd_32ns_32ns_32_2_full_dsp_1_U649                       |fadd_32ns_32ns_32_2_full_dsp_1               |        0|   2|  177|   233|    0|
    |fadd_32ns_32ns_32_2_full_dsp_1_U650                       |fadd_32ns_32ns_32_2_full_dsp_1               |        0|   2|  177|   233|    0|
    |fadd_32ns_32ns_32_2_full_dsp_1_U651                       |fadd_32ns_32ns_32_2_full_dsp_1               |        0|   2|  177|   233|    0|
    |fadd_32ns_32ns_32_2_full_dsp_1_U652                       |fadd_32ns_32ns_32_2_full_dsp_1               |        0|   2|  177|   233|    0|
    |fadd_32ns_32ns_32_2_full_dsp_1_U653                       |fadd_32ns_32ns_32_2_full_dsp_1               |        0|   2|  177|   233|    0|
    |fadd_32ns_32ns_32_2_full_dsp_1_U654                       |fadd_32ns_32ns_32_2_full_dsp_1               |        0|   2|  177|   233|    0|
    |fadd_32ns_32ns_32_2_full_dsp_1_U655                       |fadd_32ns_32ns_32_2_full_dsp_1               |        0|   2|  177|   233|    0|
    |fadd_32ns_32ns_32_2_full_dsp_1_U656                       |fadd_32ns_32ns_32_2_full_dsp_1               |        0|   2|  177|   233|    0|
    |fadd_32ns_32ns_32_2_full_dsp_1_U657                       |fadd_32ns_32ns_32_2_full_dsp_1               |        0|   2|  177|   233|    0|
    |fmul_32ns_32ns_32_2_max_dsp_1_U658                        |fmul_32ns_32ns_32_2_max_dsp_1                |        0|   3|  128|    78|    0|
    |fmul_32ns_32ns_32_2_max_dsp_1_U659                        |fmul_32ns_32ns_32_2_max_dsp_1                |        0|   3|  128|    78|    0|
    |fmul_32ns_32ns_32_2_max_dsp_1_U660                        |fmul_32ns_32ns_32_2_max_dsp_1                |        0|   3|  128|    78|    0|
    |fmul_32ns_32ns_32_2_max_dsp_1_U661                        |fmul_32ns_32ns_32_2_max_dsp_1                |        0|   3|  128|    78|    0|
    |fmul_32ns_32ns_32_2_max_dsp_1_U662                        |fmul_32ns_32ns_32_2_max_dsp_1                |        0|   3|  128|    78|    0|
    |fmul_32ns_32ns_32_2_max_dsp_1_U663                        |fmul_32ns_32ns_32_2_max_dsp_1                |        0|   3|  128|    78|    0|
    |fmul_32ns_32ns_32_2_max_dsp_1_U664                        |fmul_32ns_32ns_32_2_max_dsp_1                |        0|   3|  128|    78|    0|
    |fmul_32ns_32ns_32_2_max_dsp_1_U665                        |fmul_32ns_32ns_32_2_max_dsp_1                |        0|   3|  128|    78|    0|
    |fmul_32ns_32ns_32_2_max_dsp_1_U666                        |fmul_32ns_32ns_32_2_max_dsp_1                |        0|   3|  128|    78|    0|
    |fmul_32ns_32ns_32_2_max_dsp_1_U667                        |fmul_32ns_32ns_32_2_max_dsp_1                |        0|   3|  128|    78|    0|
    |fmul_32ns_32ns_32_2_max_dsp_1_U668                        |fmul_32ns_32ns_32_2_max_dsp_1                |        0|   3|  128|    78|    0|
    |fmul_32ns_32ns_32_2_max_dsp_1_U669                        |fmul_32ns_32ns_32_2_max_dsp_1                |        0|   3|  128|    78|    0|
    |fmul_32ns_32ns_32_2_max_dsp_1_U670                        |fmul_32ns_32ns_32_2_max_dsp_1                |        0|   3|  128|    78|    0|
    |fmul_32ns_32ns_32_2_max_dsp_1_U671                        |fmul_32ns_32ns_32_2_max_dsp_1                |        0|   3|  128|    78|    0|
    |fmul_32ns_32ns_32_2_max_dsp_1_U672                        |fmul_32ns_32ns_32_2_max_dsp_1                |        0|   3|  128|    78|    0|
    |fmul_32ns_32ns_32_2_max_dsp_1_U673                        |fmul_32ns_32ns_32_2_max_dsp_1                |        0|   3|  128|    78|    0|
    +----------------------------------------------------------+---------------------------------------------+---------+----+-----+------+-----+
    |Total                                                     |                                             |        0| 224|16912| 27668|    0|
    +----------------------------------------------------------+---------------------------------------------+---------+----+-----+------+-----+

    * DSP: 
    N/A

    * Memory: 
    +--------------+----------------------------------------+---------+---+----+-----+------+-----+------+-------------+
    |    Memory    |                 Module                 | BRAM_18K| FF| LUT| URAM| Words| Bits| Banks| W*Bits*Banks|
    +--------------+----------------------------------------+---------+---+----+-----+------+-----+------+-------------+
    |l0_U          |expert_engine_A_l0_RAM_AUTO_1R1W        |        1|  0|   0|    0|    32|   32|     1|         1024|
    |l0_1_U        |expert_engine_A_l0_RAM_AUTO_1R1W        |        1|  0|   0|    0|    32|   32|     1|         1024|
    |l0_2_U        |expert_engine_A_l0_RAM_AUTO_1R1W        |        1|  0|   0|    0|    32|   32|     1|         1024|
    |l0_3_U        |expert_engine_A_l0_RAM_AUTO_1R1W        |        1|  0|   0|    0|    32|   32|     1|         1024|
    |l0_4_U        |expert_engine_A_l0_RAM_AUTO_1R1W        |        1|  0|   0|    0|    32|   32|     1|         1024|
    |l0_5_U        |expert_engine_A_l0_RAM_AUTO_1R1W        |        1|  0|   0|    0|    32|   32|     1|         1024|
    |l0_6_U        |expert_engine_A_l0_RAM_AUTO_1R1W        |        1|  0|   0|    0|    32|   32|     1|         1024|
    |l0_7_U        |expert_engine_A_l0_RAM_AUTO_1R1W        |        1|  0|   0|    0|    32|   32|     1|         1024|
    |l0_8_U        |expert_engine_A_l0_RAM_AUTO_1R1W        |        1|  0|   0|    0|    32|   32|     1|         1024|
    |l0_9_U        |expert_engine_A_l0_RAM_AUTO_1R1W        |        1|  0|   0|    0|    32|   32|     1|         1024|
    |e1_bram_b0_U  |expert_engine_B_e1_bram_b0_ROM_AUTO_1R  |        1|  0|   0|    0|    32|   32|     1|         1024|
    |e1_bram_w0_U  |expert_engine_B_e1_bram_w0_ROM_AUTO_1R  |        8|  0|   0|    0|  4096|   32|     1|       131072|
    |e1_dsp_b0_U   |expert_engine_B_e1_dsp_b0_ROM_AUTO_1R   |        1|  0|   0|    0|    32|   32|     1|         1024|
    |e1_dsp_w0_U   |expert_engine_B_e1_dsp_w0_ROM_AUTO_1R   |        8|  0|   0|    0|  4096|   32|     1|       131072|
    |e1_ff_b0_U    |expert_engine_B_e1_ff_b0_ROM_AUTO_1R    |        1|  0|   0|    0|    32|   32|     1|         1024|
    |e1_ff_w0_U    |expert_engine_B_e1_ff_w0_ROM_AUTO_1R    |        8|  0|   0|    0|  4096|   32|     1|       131072|
    |e1_lut_b0_U   |expert_engine_B_e1_lut_b0_ROM_AUTO_1R   |        1|  0|   0|    0|    32|   32|     1|         1024|
    |e1_lut_w0_U   |expert_engine_B_e1_lut_w0_ROM_AUTO_1R   |        8|  0|   0|    0|  4096|   32|     1|       131072|
    |e1_perf_b0_U  |expert_engine_B_e1_perf_b0_ROM_AUTO_1R  |        1|  0|   0|    0|    32|   32|     1|         1024|
    |e1_perf_w0_U  |expert_engine_B_e1_perf_w0_ROM_AUTO_1R  |        8|  0|   0|    0|  4096|   32|     1|       131072|
    |e3_bram_b0_U  |expert_engine_B_e3_bram_b0_ROM_AUTO_1R  |        1|  0|   0|    0|    32|   32|     1|         1024|
    |e3_bram_w0_U  |expert_engine_B_e3_bram_w0_ROM_AUTO_1R  |        8|  0|   0|    0|  4096|   32|     1|       131072|
    |e3_dsp_b0_U   |expert_engine_B_e3_dsp_b0_ROM_AUTO_1R   |        1|  0|   0|    0|    32|   32|     1|         1024|
    |e3_dsp_w0_U   |expert_engine_B_e3_dsp_w0_ROM_AUTO_1R   |        8|  0|   0|    0|  4096|   32|     1|       131072|
    |e3_ff_b0_U    |expert_engine_B_e3_ff_b0_ROM_AUTO_1R    |        1|  0|   0|    0|    32|   32|     1|         1024|
    |e3_ff_w0_U    |expert_engine_B_e3_ff_w0_ROM_AUTO_1R    |        8|  0|   0|    0|  4096|   32|     1|       131072|
    |e3_lut_b0_U   |expert_engine_B_e3_lut_b0_ROM_AUTO_1R   |        1|  0|   0|    0|    32|   32|     1|         1024|
    |e3_lut_w0_U   |expert_engine_B_e3_lut_w0_ROM_AUTO_1R   |        8|  0|   0|    0|  4096|   32|     1|       131072|
    |e3_perf_b0_U  |expert_engine_B_e3_perf_b0_ROM_AUTO_1R  |        1|  0|   0|    0|    32|   32|     1|         1024|
    |e3_perf_w0_U  |expert_engine_B_e3_perf_w0_ROM_AUTO_1R  |        8|  0|   0|    0|  4096|   32|     1|       131072|
    +--------------+----------------------------------------+---------+---+----+-----+------+-----+------+-------------+
    |Total         |                                        |      100|  0|   0|    0| 41600|  960|    30|      1331200|
    +--------------+----------------------------------------+---------+---+----+-----+------+-----+------+-------------+

    * FIFO: 
    N/A

    * Expression: 
    +------------------------------------+----------+----+---+----+------------+------------+
    |            Variable Name           | Operation| DSP| FF| LUT| Bitwidth P0| Bitwidth P1|
    +------------------------------------+----------+----+---+----+------------+------------+
    |add_ln592_1_fu_25682_p2             |         +|   0|  0|  13|           6|           3|
    |add_ln592_2_fu_25780_p2             |         +|   0|  0|  13|           6|           3|
    |add_ln592_3_fu_25878_p2             |         +|   0|  0|  13|           6|           3|
    |add_ln592_4_fu_25976_p2             |         +|   0|  0|  13|           6|           3|
    |add_ln592_5_fu_26074_p2             |         +|   0|  0|  13|           6|           3|
    |add_ln592_6_fu_26172_p2             |         +|   0|  0|  13|           6|           3|
    |add_ln592_7_fu_26270_p2             |         +|   0|  0|  13|           6|           3|
    |add_ln592_8_fu_26368_p2             |         +|   0|  0|  13|           6|           3|
    |add_ln592_9_fu_26466_p2             |         +|   0|  0|  13|           6|           3|
    |add_ln592_fu_25584_p2               |         +|   0|  0|  13|           6|           3|
    |ap_block_state1                     |        or|   0|  0|   2|           1|           1|
    |ap_block_state1019_on_subcall_done  |        or|   0|  0|   2|           1|           1|
    |ap_block_state1078_on_subcall_done  |        or|   0|  0|   2|           1|           1|
    |ap_block_state1080_on_subcall_done  |        or|   0|  0|   2|           1|           1|
    |ap_block_state1082_on_subcall_done  |        or|   0|  0|   2|           1|           1|
    |ap_block_state10_on_subcall_done    |        or|   0|  0|   2|           1|           1|
    |ap_block_state1153_on_subcall_done  |        or|   0|  0|   2|           1|           1|
    |ap_block_state1189_on_subcall_done  |        or|   0|  0|   2|           1|           1|
    |ap_block_state1212_on_subcall_done  |        or|   0|  0|   2|           1|           1|
    |ap_block_state1214_on_subcall_done  |        or|   0|  0|   2|           1|           1|
    |ap_block_state1216_on_subcall_done  |        or|   0|  0|   2|           1|           1|
    |ap_block_state1287_on_subcall_done  |        or|   0|  0|   2|           1|           1|
    |ap_block_state140_on_subcall_done   |        or|   0|  0|   2|           1|           1|
    |ap_block_state142_on_subcall_done   |        or|   0|  0|   2|           1|           1|
    |ap_block_state144_on_subcall_done   |        or|   0|  0|   2|           1|           1|
    |ap_block_state215_on_subcall_done   |        or|   0|  0|   2|           1|           1|
    |ap_block_state274_on_subcall_done   |        or|   0|  0|   2|           1|           1|
    |ap_block_state276_on_subcall_done   |        or|   0|  0|   2|           1|           1|
    |ap_block_state278_on_subcall_done   |        or|   0|  0|   2|           1|           1|
    |ap_block_state408_on_subcall_done   |        or|   0|  0|   2|           1|           1|
    |ap_block_state410_on_subcall_done   |        or|   0|  0|   2|           1|           1|
    |ap_block_state412_on_subcall_done   |        or|   0|  0|   2|           1|           1|
    |ap_block_state483_on_subcall_done   |        or|   0|  0|   2|           1|           1|
    |ap_block_state542_on_subcall_done   |        or|   0|  0|   2|           1|           1|
    |ap_block_state544_on_subcall_done   |        or|   0|  0|   2|           1|           1|
    |ap_block_state546_on_subcall_done   |        or|   0|  0|   2|           1|           1|
    |ap_block_state676_on_subcall_done   |        or|   0|  0|   2|           1|           1|
    |ap_block_state678_on_subcall_done   |        or|   0|  0|   2|           1|           1|
    |ap_block_state680_on_subcall_done   |        or|   0|  0|   2|           1|           1|
    |ap_block_state6_on_subcall_done     |        or|   0|  0|   2|           1|           1|
    |ap_block_state751_on_subcall_done   |        or|   0|  0|   2|           1|           1|
    |ap_block_state810_on_subcall_done   |        or|   0|  0|   2|           1|           1|
    |ap_block_state812_on_subcall_done   |        or|   0|  0|   2|           1|           1|
    |ap_block_state814_on_subcall_done   |        or|   0|  0|   2|           1|           1|
    |ap_block_state81_on_subcall_done    |        or|   0|  0|   2|           1|           1|
    |ap_block_state885_on_subcall_done   |        or|   0|  0|   2|           1|           1|
    |ap_block_state8_on_subcall_done     |        or|   0|  0|   2|           1|           1|
    |ap_block_state944_on_subcall_done   |        or|   0|  0|   2|           1|           1|
    |ap_block_state946_on_subcall_done   |        or|   0|  0|   2|           1|           1|
    |ap_block_state948_on_subcall_done   |        or|   0|  0|   2|           1|           1|
    |or_ln592_10_fu_25916_p2             |        or|   0|  0|   5|           5|           2|
    |or_ln592_11_fu_25987_p2             |        or|   0|  0|   5|           5|           1|
    |or_ln592_12_fu_25930_p2             |        or|   0|  0|   5|           5|           2|
    |or_ln592_13_fu_26009_p2             |        or|   0|  0|   5|           5|           2|
    |or_ln592_14_fu_26085_p2             |        or|   0|  0|   5|           5|           1|
    |or_ln592_15_fu_26023_p2             |        or|   0|  0|   5|           5|           2|
    |or_ln592_16_fu_26107_p2             |        or|   0|  0|   5|           5|           2|
    |or_ln592_17_fu_26188_p2             |        or|   0|  0|   5|           5|           1|
    |or_ln592_18_fu_26121_p2             |        or|   0|  0|   5|           5|           2|
    |or_ln592_19_fu_26210_p2             |        or|   0|  0|   5|           5|           2|
    |or_ln592_1_fu_25617_p2              |        or|   0|  0|   5|           5|           2|
    |or_ln592_20_fu_26286_p2             |        or|   0|  0|   5|           5|           1|
    |or_ln592_21_fu_26224_p2             |        or|   0|  0|   5|           5|           2|
    |or_ln592_22_fu_26308_p2             |        or|   0|  0|   5|           5|           2|
    |or_ln592_23_fu_26384_p2             |        or|   0|  0|   5|           5|           1|
    |or_ln592_24_fu_26322_p2             |        or|   0|  0|   5|           5|           2|
    |or_ln592_25_fu_26406_p2             |        or|   0|  0|   5|           5|           2|
    |or_ln592_26_fu_26477_p2             |        or|   0|  0|   5|           5|           1|
    |or_ln592_27_fu_26420_p2             |        or|   0|  0|   5|           5|           2|
    |or_ln592_28_fu_26499_p2             |        or|   0|  0|   5|           5|           2|
    |or_ln592_29_fu_26513_p2             |        or|   0|  0|   5|           5|           2|
    |or_ln592_2_fu_25693_p2              |        or|   0|  0|   5|           5|           1|
    |or_ln592_3_fu_25631_p2              |        or|   0|  0|   5|           5|           2|
    |or_ln592_4_fu_25715_p2              |        or|   0|  0|   5|           5|           2|
    |or_ln592_5_fu_25791_p2              |        or|   0|  0|   5|           5|           1|
    |or_ln592_6_fu_25729_p2              |        or|   0|  0|   5|           5|           2|
    |or_ln592_7_fu_25813_p2              |        or|   0|  0|   5|           5|           2|
    |or_ln592_8_fu_25894_p2              |        or|   0|  0|   5|           5|           1|
    |or_ln592_9_fu_25827_p2              |        or|   0|  0|   5|           5|           2|
    |or_ln592_fu_25595_p2                |        or|   0|  0|   5|           5|           1|
    +------------------------------------+----------+----+---+----+------------+------------+
    |Total                               |          |   0|  0| 360|         250|         120|
    +------------------------------------+----------+----+---+----+------------+------------+

    * Multiplexer: 
    +---------------------+------+-----------+-----+-----------+
    |         Name        |  LUT | Input Size| Bits| Total Bits|
    +---------------------+------+-----------+-----+-----------+
    |ap_NS_fsm            |  2693|       1342|    1|       1342|
    |ap_done              |     9|          2|    1|          2|
    |e1_bram_b0_address0  |    26|          5|    5|         25|
    |e1_bram_w0_address0  |    26|          5|   12|         60|
    |e1_bram_w0_ce0       |    26|          5|    1|          5|
    |e1_dsp_b0_address0   |    26|          5|    5|         25|
    |e1_dsp_w0_address0   |    26|          5|   12|         60|
    |e1_dsp_w0_ce0        |    26|          5|    1|          5|
    |e1_ff_b0_address0    |    26|          5|    5|         25|
    |e1_ff_w0_address0    |    26|          5|   12|         60|
    |e1_ff_w0_ce0         |    26|          5|    1|          5|
    |e1_lut_b0_address0   |    26|          5|    5|         25|
    |e1_lut_w0_address0   |    26|          5|   12|         60|
    |e1_lut_w0_ce0        |    26|          5|    1|          5|
    |e1_perf_b0_address0  |    26|          5|    5|         25|
    |e1_perf_w0_address0  |    26|          5|   12|         60|
    |e1_perf_w0_ce0       |    26|          5|    1|          5|
    |e3_bram_b0_address0  |    26|          5|    5|         25|
    |e3_bram_w0_address0  |    26|          5|   12|         60|
    |e3_bram_w0_ce0       |    26|          5|    1|          5|
    |e3_dsp_b0_address0   |    26|          5|    5|         25|
    |e3_dsp_w0_address0   |    26|          5|   12|         60|
    |e3_dsp_w0_ce0        |    26|          5|    1|          5|
    |e3_ff_b0_address0    |    26|          5|    5|         25|
    |e3_ff_w0_address0    |    26|          5|   12|         60|
    |e3_ff_w0_ce0         |    26|          5|    1|          5|
    |e3_lut_b0_address0   |    26|          5|    5|         25|
    |e3_lut_w0_address0   |    26|          5|   12|         60|
    |e3_lut_w0_ce0        |    26|          5|    1|          5|
    |e3_perf_b0_address0  |    26|          5|    5|         25|
    |e3_perf_w0_address0  |    26|          5|   12|         60|
    |e3_perf_w0_ce0       |    26|          5|    1|          5|
    |grp_elu_fu_17204_x   |   286|         66|   32|       2112|
    |grp_elu_fu_17209_x   |    26|          5|   32|        160|
    |grp_elu_fu_17214_x   |    14|          3|   32|         96|
    |grp_elu_fu_17219_x   |    26|          5|   32|        160|
    |grp_elu_fu_17224_x   |    26|          5|   32|        160|
    |grp_elu_fu_17229_x   |    31|          6|   32|        192|
    |grp_elu_fu_17234_x   |    31|          6|   32|        192|
    |grp_elu_fu_17239_x   |    31|          6|   32|        192|
    |grp_elu_fu_17244_x   |    31|          6|   32|        192|
    |grp_elu_fu_17249_x   |    37|          7|   32|        224|
    |grp_elu_fu_17254_x   |    31|          6|   32|        192|
    |grp_elu_fu_17259_x   |    31|          6|   32|        192|
    |grp_elu_fu_17264_x   |    26|          5|   32|        160|
    |grp_elu_fu_17269_x   |    20|          4|   32|        128|
    |grp_fu_17752_ce      |   185|         42|    1|         42|
    |grp_fu_17752_p0      |   225|         52|   32|       1664|
    |grp_fu_17752_p1      |   331|         73|   32|       2336|
    |grp_fu_17757_p0      |    14|          3|   32|         96|
    |grp_fu_17757_p1      |   101|         22|   32|        704|
    |grp_fu_17762_p0      |    14|          3|   32|         96|
    |grp_fu_17762_p1      |   101|         22|   32|        704|
    |grp_fu_17767_p0      |    20|          4|   32|        128|
    |grp_fu_17767_p1      |   101|         22|   32|        704|
    |grp_fu_17772_p0      |    20|          4|   32|        128|
    |grp_fu_17772_p1      |   101|         22|   32|        704|
    |grp_fu_17777_p0      |    20|          4|   32|        128|
    |grp_fu_17777_p1      |   101|         22|   32|        704|
    |grp_fu_17782_p0      |    20|          4|   32|        128|
    |grp_fu_17782_p1      |   101|         22|   32|        704|
    |grp_fu_17787_p0      |    20|          4|   32|        128|
    |grp_fu_17787_p1      |   101|         22|   32|        704|
    |grp_fu_17792_p0      |    14|          3|   32|         96|
    |grp_fu_17792_p1      |    65|         12|   32|        384|
    |grp_fu_17797_p0      |    14|          3|   32|         96|
    |grp_fu_17797_p1      |    65|         12|   32|        384|
    |grp_fu_17802_p0      |    14|          3|   32|         96|
    |grp_fu_17802_p1      |    65|         12|   32|        384|
    |grp_fu_17807_p0      |    14|          3|   32|         96|
    |grp_fu_17807_p1      |    65|         12|   32|        384|
    |grp_fu_17812_p0      |    14|          3|   32|         96|
    |grp_fu_17812_p1      |    65|         12|   32|        384|
    |grp_fu_17817_p0      |    14|          3|   32|         96|
    |grp_fu_17817_p1      |    65|         12|   32|        384|
    |grp_fu_17822_p0      |    14|          3|   32|         96|
    |grp_fu_17822_p1      |    65|         12|   32|        384|
    |grp_fu_17827_p0      |    14|          3|   32|         96|
    |grp_fu_17827_p1      |    65|         12|   32|        384|
    |grp_fu_18066_ce      |   185|         42|    1|         42|
    |grp_fu_18066_p0      |   292|         67|   32|       2144|
    |grp_fu_18066_p1      |  2693|        598|   32|      19136|
    |grp_fu_18072_p0      |   122|         27|   32|        864|
    |grp_fu_18072_p1      |  2547|        484|   32|      15488|
    |grp_fu_18078_p0      |   122|         27|   32|        864|
    |grp_fu_18078_p1      |  2531|        481|   32|      15392|
    |grp_fu_18084_p0      |   122|         27|   32|        864|
    |grp_fu_18084_p1      |  2531|        481|   32|      15392|
    |grp_fu_18090_p0      |   122|         27|   32|        864|
    |grp_fu_18090_p1      |  2531|        481|   32|      15392|
    |grp_fu_18096_p0      |   122|         27|   32|        864|
    |grp_fu_18096_p1      |  2531|        481|   32|      15392|
    |grp_fu_18102_p0      |   122|         27|   32|        864|
    |grp_fu_18102_p1      |  2531|        481|   32|      15392|
    |grp_fu_18108_p0      |   122|         27|   32|        864|
    |grp_fu_18108_p1      |  2531|        481|   32|      15392|
    |grp_fu_18114_p0      |    59|         11|   32|        352|
    |grp_fu_18114_p1      |  1699|        321|   32|      10272|
    |grp_fu_18120_p0      |    59|         11|   32|        352|
    |grp_fu_18120_p1      |  1699|        321|   32|      10272|
    |grp_fu_18126_p0      |    59|         11|   32|        352|
    |grp_fu_18126_p1      |  1699|        321|   32|      10272|
    |grp_fu_18132_p0      |    59|         11|   32|        352|
    |grp_fu_18132_p1      |  1699|        321|   32|      10272|
    |grp_fu_18138_p0      |    59|         11|   32|        352|
    |grp_fu_18138_p1      |  1699|        321|   32|      10272|
    |grp_fu_18144_p0      |    59|         11|   32|        352|
    |grp_fu_18144_p1      |  1699|        321|   32|      10272|
    |grp_fu_18150_p0      |    59|         11|   32|        352|
    |grp_fu_18150_p1      |  1699|        321|   32|      10272|
    |grp_fu_18156_p0      |    59|         11|   32|        352|
    |grp_fu_18156_p1      |  1699|        321|   32|      10272|
    |i_10_fu_13920        |     9|          2|    6|         12|
    |i_11_fu_13924        |     9|          2|    6|         12|
    |i_12_fu_13928        |     9|          2|    6|         12|
    |i_4_fu_13896         |     9|          2|    6|         12|
    |i_5_fu_13900         |     9|          2|    6|         12|
    |i_6_fu_13904         |     9|          2|    6|         12|
    |i_7_fu_13908         |     9|          2|    6|         12|
    |i_8_fu_13912         |     9|          2|    6|         12|
    |i_9_fu_13916         |     9|          2|    6|         12|
    |i_fu_13692           |     9|          2|    6|         12|
    |input_r_address1     |   181|         41|    7|        287|
    |input_r_ce1          |   181|         41|    1|         41|
    |l0_1_address0        |   164|         37|    5|        185|
    |l0_2_address0        |   164|         37|    5|        185|
    |l0_3_address0        |   164|         37|    5|        185|
    |l0_4_address0        |   164|         37|    5|        185|
    |l0_5_address0        |   164|         37|    5|        185|
    |l0_6_address0        |   164|         37|    5|        185|
    |l0_7_address0        |   164|         37|    5|        185|
    |l0_8_address0        |   164|         37|    5|        185|
    |l0_9_address0        |   164|         37|    5|        185|
    |l0_address0          |   164|         37|    5|        185|
    +---------------------+------+-----------+-----+-----------+
    |Total                | 44250|       9491| 2798|     242738|
    +---------------------+------+-----------+-----+-----------+

    * Register: 
    +-----------------------------------------------------------------------+------+----+------+-----------+
    |                                  Name                                 |  FF  | LUT| Bits | Const Bits|
    +-----------------------------------------------------------------------+------+----+------+-----------+
    |ap_CS_fsm                                                              |  1341|   0|  1341|          0|
    |ap_done_reg                                                            |     1|   0|     1|          0|
    |grp_elu_fu_17204_ap_start_reg                                          |     1|   0|     1|          0|
    |grp_elu_fu_17209_ap_start_reg                                          |     1|   0|     1|          0|
    |grp_elu_fu_17214_ap_start_reg                                          |     1|   0|     1|          0|
    |grp_elu_fu_17219_ap_start_reg                                          |     1|   0|     1|          0|
    |grp_elu_fu_17224_ap_start_reg                                          |     1|   0|     1|          0|
    |grp_elu_fu_17229_ap_start_reg                                          |     1|   0|     1|          0|
    |grp_elu_fu_17234_ap_start_reg                                          |     1|   0|     1|          0|
    |grp_elu_fu_17239_ap_start_reg                                          |     1|   0|     1|          0|
    |grp_elu_fu_17244_ap_start_reg                                          |     1|   0|     1|          0|
    |grp_elu_fu_17249_ap_start_reg                                          |     1|   0|     1|          0|
    |grp_elu_fu_17254_ap_start_reg                                          |     1|   0|     1|          0|
    |grp_elu_fu_17259_ap_start_reg                                          |     1|   0|     1|          0|
    |grp_elu_fu_17264_ap_start_reg                                          |     1|   0|     1|          0|
    |grp_elu_fu_17269_ap_start_reg                                          |     1|   0|     1|          0|
    |grp_elu_fu_17274_ap_start_reg                                          |     1|   0|     1|          0|
    |grp_elu_fu_17279_ap_start_reg                                          |     1|   0|     1|          0|
    |grp_expert_engine_B_Pipeline_VITIS_LOOP_598_210_fu_17356_ap_start_reg  |     1|   0|     1|          0|
    |grp_expert_engine_B_Pipeline_VITIS_LOOP_598_211_fu_17368_ap_start_reg  |     1|   0|     1|          0|
    |grp_expert_engine_B_Pipeline_VITIS_LOOP_598_212_fu_17380_ap_start_reg  |     1|   0|     1|          0|
    |grp_expert_engine_B_Pipeline_VITIS_LOOP_598_213_fu_17392_ap_start_reg  |     1|   0|     1|          0|
    |grp_expert_engine_B_Pipeline_VITIS_LOOP_598_214_fu_17404_ap_start_reg  |     1|   0|     1|          0|
    |grp_expert_engine_B_Pipeline_VITIS_LOOP_598_215_fu_17416_ap_start_reg  |     1|   0|     1|          0|
    |grp_expert_engine_B_Pipeline_VITIS_LOOP_598_216_fu_17428_ap_start_reg  |     1|   0|     1|          0|
    |grp_expert_engine_B_Pipeline_VITIS_LOOP_598_217_fu_17440_ap_start_reg  |     1|   0|     1|          0|
    |grp_expert_engine_B_Pipeline_VITIS_LOOP_598_218_fu_17452_ap_start_reg  |     1|   0|     1|          0|
    |grp_expert_engine_B_Pipeline_VITIS_LOOP_598_219_fu_17464_ap_start_reg  |     1|   0|     1|          0|
    |grp_expert_engine_B_Pipeline_VITIS_LOOP_598_220_fu_17476_ap_start_reg  |     1|   0|     1|          0|
    |grp_expert_engine_B_Pipeline_VITIS_LOOP_598_221_fu_17488_ap_start_reg  |     1|   0|     1|          0|
    |grp_expert_engine_B_Pipeline_VITIS_LOOP_598_222_fu_17500_ap_start_reg  |     1|   0|     1|          0|
    |grp_expert_engine_B_Pipeline_VITIS_LOOP_598_223_fu_17512_ap_start_reg  |     1|   0|     1|          0|
    |grp_expert_engine_B_Pipeline_VITIS_LOOP_598_224_fu_17524_ap_start_reg  |     1|   0|     1|          0|
    |grp_expert_engine_B_Pipeline_VITIS_LOOP_598_225_fu_17536_ap_start_reg  |     1|   0|     1|          0|
    |grp_expert_engine_B_Pipeline_VITIS_LOOP_598_226_fu_17548_ap_start_reg  |     1|   0|     1|          0|
    |grp_expert_engine_B_Pipeline_VITIS_LOOP_598_227_fu_17560_ap_start_reg  |     1|   0|     1|          0|
    |grp_expert_engine_B_Pipeline_VITIS_LOOP_598_228_fu_17572_ap_start_reg  |     1|   0|     1|          0|
    |grp_expert_engine_B_Pipeline_VITIS_LOOP_598_229_fu_17584_ap_start_reg  |     1|   0|     1|          0|
    |grp_expert_engine_B_Pipeline_VITIS_LOOP_598_230_fu_17596_ap_start_reg  |     1|   0|     1|          0|
    |grp_expert_engine_B_Pipeline_VITIS_LOOP_598_231_fu_17608_ap_start_reg  |     1|   0|     1|          0|
    |grp_expert_engine_B_Pipeline_VITIS_LOOP_598_232_fu_17620_ap_start_reg  |     1|   0|     1|          0|
    |grp_expert_engine_B_Pipeline_VITIS_LOOP_598_233_fu_17632_ap_start_reg  |     1|   0|     1|          0|
    |grp_expert_engine_B_Pipeline_VITIS_LOOP_598_234_fu_17644_ap_start_reg  |     1|   0|     1|          0|
    |grp_expert_engine_B_Pipeline_VITIS_LOOP_598_235_fu_17656_ap_start_reg  |     1|   0|     1|          0|
    |grp_expert_engine_B_Pipeline_VITIS_LOOP_598_236_fu_17668_ap_start_reg  |     1|   0|     1|          0|
    |grp_expert_engine_B_Pipeline_VITIS_LOOP_598_237_fu_17680_ap_start_reg  |     1|   0|     1|          0|
    |grp_expert_engine_B_Pipeline_VITIS_LOOP_598_238_fu_17692_ap_start_reg  |     1|   0|     1|          0|
    |grp_expert_engine_B_Pipeline_VITIS_LOOP_598_239_fu_17704_ap_start_reg  |     1|   0|     1|          0|
    |grp_expert_engine_B_Pipeline_VITIS_LOOP_598_240_fu_17716_ap_start_reg  |     1|   0|     1|          0|
    |grp_expert_engine_B_Pipeline_VITIS_LOOP_598_241_fu_17728_ap_start_reg  |     1|   0|     1|          0|
    |grp_expert_engine_B_Pipeline_VITIS_LOOP_598_242_fu_17740_ap_start_reg  |     1|   0|     1|          0|
    |grp_expert_engine_B_Pipeline_VITIS_LOOP_598_24_fu_17284_ap_start_reg   |     1|   0|     1|          0|
    |grp_expert_engine_B_Pipeline_VITIS_LOOP_598_25_fu_17296_ap_start_reg   |     1|   0|     1|          0|
    |grp_expert_engine_B_Pipeline_VITIS_LOOP_598_26_fu_17308_ap_start_reg   |     1|   0|     1|          0|
    |grp_expert_engine_B_Pipeline_VITIS_LOOP_598_27_fu_17320_ap_start_reg   |     1|   0|     1|          0|
    |grp_expert_engine_B_Pipeline_VITIS_LOOP_598_28_fu_17332_ap_start_reg   |     1|   0|     1|          0|
    |grp_expert_engine_B_Pipeline_VITIS_LOOP_598_29_fu_17344_ap_start_reg   |     1|   0|     1|          0|
    |grp_expert_engine_B_Pipeline_VITIS_LOOP_598_2_fu_17192_ap_start_reg    |     1|   0|     1|          0|
    |i_10_fu_13920                                                          |     6|   0|     6|          0|
    |i_11_fu_13924                                                          |     6|   0|     6|          0|
    |i_12_fu_13928                                                          |     6|   0|     6|          0|
    |i_4_fu_13896                                                           |     6|   0|     6|          0|
    |i_5_fu_13900                                                           |     6|   0|     6|          0|
    |i_6_fu_13904                                                           |     6|   0|     6|          0|
    |i_7_fu_13908                                                           |     6|   0|     6|          0|
    |i_8_fu_13912                                                           |     6|   0|     6|          0|
    |i_9_fu_13916                                                           |     6|   0|     6|          0|
    |i_fu_13692                                                             |     6|   0|     6|          0|
    |l1_94_reg_28376                                                        |    32|   0|    32|          0|
    |l1_95_reg_28388                                                        |    32|   0|    32|          0|
    |or_ln592_10_reg_27667                                                  |     4|   0|     5|          1|
    |or_ln592_11_reg_27899                                                  |     4|   0|     5|          1|
    |or_ln592_12_reg_27685                                                  |     3|   0|     5|          2|
    |or_ln592_13_reg_27922                                                  |     4|   0|     5|          1|
    |or_ln592_14_reg_28154                                                  |     4|   0|     5|          1|
    |or_ln592_15_reg_27940                                                  |     3|   0|     5|          2|
    |or_ln592_16_reg_28177                                                  |     4|   0|     5|          1|
    |or_ln592_17_reg_28433                                                  |     4|   0|     5|          1|
    |or_ln592_18_reg_28195                                                  |     3|   0|     5|          2|
    |or_ln592_19_reg_28456                                                  |     4|   0|     5|          1|
    |or_ln592_1_reg_26902                                                   |     4|   0|     5|          1|
    |or_ln592_20_reg_28688                                                  |     4|   0|     5|          1|
    |or_ln592_21_reg_28474                                                  |     3|   0|     5|          2|
    |or_ln592_22_reg_28711                                                  |     4|   0|     5|          1|
    |or_ln592_23_reg_28943                                                  |     4|   0|     5|          1|
    |or_ln592_24_reg_28729                                                  |     3|   0|     5|          2|
    |or_ln592_25_reg_28966                                                  |     4|   0|     5|          1|
    |or_ln592_26_reg_29191                                                  |     4|   0|     5|          1|
    |or_ln592_27_reg_28984                                                  |     3|   0|     5|          2|
    |or_ln592_28_reg_29214                                                  |     4|   0|     5|          1|
    |or_ln592_29_reg_29232                                                  |     3|   0|     5|          2|
    |or_ln592_2_reg_27134                                                   |     4|   0|     5|          1|
    |or_ln592_3_reg_26920                                                   |     3|   0|     5|          2|
    |or_ln592_4_reg_27157                                                   |     4|   0|     5|          1|
    |or_ln592_5_reg_27389                                                   |     4|   0|     5|          1|
    |or_ln592_6_reg_27175                                                   |     3|   0|     5|          2|
    |or_ln592_7_reg_27412                                                   |     4|   0|     5|          1|
    |or_ln592_8_reg_27644                                                   |     4|   0|     5|          1|
    |or_ln592_9_reg_27430                                                   |     3|   0|     5|          2|
    |or_ln592_reg_26879                                                     |     4|   0|     5|          1|
    |reg_24770                                                              |    32|   0|    32|          0|
    |reg_24778                                                              |    32|   0|    32|          0|
    |reg_24820                                                              |    32|   0|    32|          0|
    |reg_24826                                                              |    32|   0|    32|          0|
    |reg_24833                                                              |    32|   0|    32|          0|
    |reg_24839                                                              |    32|   0|    32|          0|
    |reg_24845                                                              |    32|   0|    32|          0|
    |reg_24851                                                              |    32|   0|    32|          0|
    |reg_24857                                                              |    32|   0|    32|          0|
    |reg_24863                                                              |    32|   0|    32|          0|
    |reg_24869                                                              |    32|   0|    32|          0|
    |reg_24875                                                              |    32|   0|    32|          0|
    |reg_24881                                                              |    32|   0|    32|          0|
    |reg_24887                                                              |    32|   0|    32|          0|
    |reg_24893                                                              |    32|   0|    32|          0|
    |reg_24899                                                              |    32|   0|    32|          0|
    |reg_24905                                                              |    32|   0|    32|          0|
    |reg_24911                                                              |    32|   0|    32|          0|
    |reg_24917                                                              |    32|   0|    32|          0|
    |reg_24923                                                              |    32|   0|    32|          0|
    |reg_24930                                                              |    32|   0|    32|          0|
    |reg_24938                                                              |    32|   0|    32|          0|
    |reg_24946                                                              |    32|   0|    32|          0|
    |reg_24955                                                              |    32|   0|    32|          0|
    |reg_24964                                                              |    32|   0|    32|          0|
    |reg_24975                                                              |    32|   0|    32|          0|
    |reg_24985                                                              |    32|   0|    32|          0|
    |reg_24995                                                              |    32|   0|    32|          0|
    |reg_25006                                                              |    32|   0|    32|          0|
    |reg_25017                                                              |    32|   0|    32|          0|
    |reg_25028                                                              |    32|   0|    32|          0|
    |reg_25039                                                              |    32|   0|    32|          0|
    |reg_25050                                                              |    32|   0|    32|          0|
    |reg_25062                                                              |    32|   0|    32|          0|
    |reg_25072                                                              |    32|   0|    32|          0|
    |reg_25084                                                              |    32|   0|    32|          0|
    |reg_25096                                                              |    32|   0|    32|          0|
    |reg_25108                                                              |    32|   0|    32|          0|
    |reg_25120                                                              |    32|   0|    32|          0|
    |reg_25132                                                              |    32|   0|    32|          0|
    |reg_25144                                                              |    32|   0|    32|          0|
    |reg_25149                                                              |    32|   0|    32|          0|
    |reg_25177                                                              |    32|   0|    32|          0|
    |reg_25183                                                              |    32|   0|    32|          0|
    |reg_25195                                                              |    32|   0|    32|          0|
    |reg_25207                                                              |    32|   0|    32|          0|
    |reg_25219                                                              |    32|   0|    32|          0|
    |reg_25231                                                              |    32|   0|    32|          0|
    |reg_25243                                                              |    32|   0|    32|          0|
    |reg_25255                                                              |    32|   0|    32|          0|
    |reg_25267                                                              |    32|   0|    32|          0|
    |reg_25272                                                              |    32|   0|    32|          0|
    |reg_25300                                                              |    32|   0|    32|          0|
    |reg_25306                                                              |    32|   0|    32|          0|
    |reg_25334                                                              |    32|   0|    32|          0|
    |reg_25340                                                              |    32|   0|    32|          0|
    |reg_25345                                                              |    32|   0|    32|          0|
    |reg_25350                                                              |    32|   0|    32|          0|
    |reg_25378                                                              |    32|   0|    32|          0|
    |reg_25384                                                              |    32|   0|    32|          0|
    |reg_25389                                                              |    32|   0|    32|          0|
    |reg_25417                                                              |    32|   0|    32|          0|
    |reg_25423                                                              |    32|   0|    32|          0|
    |reg_25451                                                              |    32|   0|    32|          0|
    |reg_25457                                                              |    32|   0|    32|          0|
    |reg_25485                                                              |    32|   0|    32|          0|
    |reg_25491                                                              |    32|   0|    32|          0|
    |reg_25519                                                              |    32|   0|    32|          0|
    |reg_25525                                                              |    32|   0|    32|          0|
    |reg_25553                                                              |    32|   0|    32|          0|
    |tmp_119_reg_26897                                                      |     4|   0|    12|          8|
    |tmp_121_reg_26938                                                      |     3|   0|    12|          9|
    |tmp_122_reg_27152                                                      |     4|   0|    12|          8|
    |tmp_124_reg_27193                                                      |     3|   0|    12|          9|
    |tmp_126_reg_27407                                                      |     4|   0|    12|          8|
    |tmp_127_reg_27448                                                      |     3|   0|    12|          9|
    |tmp_129_reg_27662                                                      |     4|   0|    12|          8|
    |tmp_130_reg_27703                                                      |     3|   0|    12|          9|
    |tmp_132_reg_27917                                                      |     4|   0|    12|          8|
    |tmp_133_reg_27958                                                      |     3|   0|    12|          9|
    |tmp_135_reg_28172                                                      |     4|   0|    12|          8|
    |tmp_136_reg_28213                                                      |     3|   0|    12|          9|
    |tmp_138_reg_28451                                                      |     4|   0|    12|          8|
    |tmp_139_reg_28492                                                      |     3|   0|    12|          9|
    |tmp_141_reg_28706                                                      |     4|   0|    12|          8|
    |tmp_142_reg_28747                                                      |     3|   0|    12|          9|
    |tmp_144_reg_28961                                                      |     4|   0|    12|          8|
    |tmp_145_reg_29002                                                      |     3|   0|    12|          9|
    |tmp_147_reg_29209                                                      |     4|   0|    12|          8|
    |tmp_148_reg_29250                                                      |     3|   0|    12|          9|
    |trunc_ln592_1_reg_27101                                                |     5|   0|     5|          0|
    |trunc_ln592_2_reg_27356                                                |     5|   0|     5|          0|
    |trunc_ln592_3_reg_27611                                                |     5|   0|     5|          0|
    |trunc_ln592_4_reg_27866                                                |     5|   0|     5|          0|
    |trunc_ln592_5_reg_28121                                                |     5|   0|     5|          0|
    |trunc_ln592_6_reg_28400                                                |     5|   0|     5|          0|
    |trunc_ln592_7_reg_28655                                                |     5|   0|     5|          0|
    |trunc_ln592_8_reg_28910                                                |     5|   0|     5|          0|
    |trunc_ln592_9_reg_29165                                                |     5|   0|     5|          0|
    |trunc_ln592_reg_26846                                                  |     5|   0|     5|          0|
    |zext_ln592_1_reg_27112                                                 |     6|   0|    64|         58|
    |zext_ln592_2_reg_27367                                                 |     6|   0|    64|         58|
    |zext_ln592_3_reg_27622                                                 |     6|   0|    64|         58|
    |zext_ln592_4_reg_27877                                                 |     6|   0|    64|         58|
    |zext_ln592_5_reg_28132                                                 |     6|   0|    64|         58|
    |zext_ln592_6_reg_28411                                                 |     6|   0|    64|         58|
    |zext_ln592_7_reg_28666                                                 |     6|   0|    64|         58|
    |zext_ln592_8_reg_28921                                                 |     6|   0|    64|         58|
    |zext_ln592_9_reg_29176                                                 |     6|   0|    64|         58|
    |zext_ln592_reg_26857                                                   |     6|   0|    64|         58|
    |zext_ln596_10_reg_27672                                                |     4|   0|    64|         60|
    |zext_ln596_11_reg_27904                                                |     4|   0|    64|         60|
    |zext_ln596_12_reg_27690                                                |     3|   0|    64|         61|
    |zext_ln596_13_reg_27927                                                |     4|   0|    64|         60|
    |zext_ln596_14_reg_28159                                                |     4|   0|    64|         60|
    |zext_ln596_15_reg_27945                                                |     3|   0|    64|         61|
    |zext_ln596_16_reg_28182                                                |     4|   0|    64|         60|
    |zext_ln596_17_reg_28438                                                |     4|   0|    64|         60|
    |zext_ln596_18_reg_28200                                                |     3|   0|    64|         61|
    |zext_ln596_19_reg_28461                                                |     4|   0|    64|         60|
    |zext_ln596_1_reg_26907                                                 |     4|   0|    64|         60|
    |zext_ln596_20_reg_28693                                                |     4|   0|    64|         60|
    |zext_ln596_21_reg_28479                                                |     3|   0|    64|         61|
    |zext_ln596_22_reg_28716                                                |     4|   0|    64|         60|
    |zext_ln596_23_reg_28948                                                |     4|   0|    64|         60|
    |zext_ln596_24_reg_28734                                                |     3|   0|    64|         61|
    |zext_ln596_25_reg_28971                                                |     4|   0|    64|         60|
    |zext_ln596_26_reg_29196                                                |     4|   0|    64|         60|
    |zext_ln596_27_reg_28989                                                |     3|   0|    64|         61|
    |zext_ln596_28_reg_29219                                                |     4|   0|    64|         60|
    |zext_ln596_29_reg_29237                                                |     3|   0|    64|         61|
    |zext_ln596_2_reg_27139                                                 |     4|   0|    64|         60|
    |zext_ln596_3_reg_26925                                                 |     3|   0|    64|         61|
    |zext_ln596_4_reg_27162                                                 |     4|   0|    64|         60|
    |zext_ln596_5_reg_27394                                                 |     4|   0|    64|         60|
    |zext_ln596_6_reg_27180                                                 |     3|   0|    64|         61|
    |zext_ln596_7_reg_27417                                                 |     4|   0|    64|         60|
    |zext_ln596_8_reg_27649                                                 |     4|   0|    64|         60|
    |zext_ln596_9_reg_27435                                                 |     3|   0|    64|         61|
    |zext_ln596_reg_26884                                                   |     4|   0|    64|         60|
    +-----------------------------------------------------------------------+------+----+------+-----------+
    |Total                                                                  |  4162|   0|  6762|       2600|
    +-----------------------------------------------------------------------+------+----+------+-----------+



================================================================
== Interface
================================================================
* Summary: 
+------------------+-----+-----+------------+-----------------+--------------+
|     RTL Ports    | Dir | Bits|  Protocol  |  Source Object  |    C Type    |
+------------------+-----+-----+------------+-----------------+--------------+
|ap_clk            |   in|    1|  ap_ctrl_hs|  expert_engine_B|  return value|
|ap_rst            |   in|    1|  ap_ctrl_hs|  expert_engine_B|  return value|
|ap_start          |   in|    1|  ap_ctrl_hs|  expert_engine_B|  return value|
|ap_done           |  out|    1|  ap_ctrl_hs|  expert_engine_B|  return value|
|ap_continue       |   in|    1|  ap_ctrl_hs|  expert_engine_B|  return value|
|ap_idle           |  out|    1|  ap_ctrl_hs|  expert_engine_B|  return value|
|ap_ready          |  out|    1|  ap_ctrl_hs|  expert_engine_B|  return value|
|ap_return_0       |  out|   32|  ap_ctrl_hs|  expert_engine_B|  return value|
|ap_return_1       |  out|   32|  ap_ctrl_hs|  expert_engine_B|  return value|
|ap_return_2       |  out|   32|  ap_ctrl_hs|  expert_engine_B|  return value|
|ap_return_3       |  out|   32|  ap_ctrl_hs|  expert_engine_B|  return value|
|ap_return_4       |  out|   32|  ap_ctrl_hs|  expert_engine_B|  return value|
|ap_return_5       |  out|   32|  ap_ctrl_hs|  expert_engine_B|  return value|
|ap_return_6       |  out|   32|  ap_ctrl_hs|  expert_engine_B|  return value|
|ap_return_7       |  out|   32|  ap_ctrl_hs|  expert_engine_B|  return value|
|ap_return_8       |  out|   32|  ap_ctrl_hs|  expert_engine_B|  return value|
|ap_return_9       |  out|   32|  ap_ctrl_hs|  expert_engine_B|  return value|
|input_r_address1  |  out|    7|   ap_memory|          input_r|         array|
|input_r_ce1       |  out|    1|   ap_memory|          input_r|         array|
|input_r_q1        |   in|   32|   ap_memory|          input_r|         array|
+------------------+-----+-----+------------+-----------------+--------------+

