

================================================================
== Vitis HLS Report for 'run_parallel_engines_Block_entry2326_proc'
================================================================
* Date:           Mon Sep 14 23:45:42 2026

* Version:        2023.2 (Build 4023990 on Oct 11 2023)
* Project:        HLS_OutputMoE_Run11
* Solution:       solution1 (Vivado IP Flow Target)
* Product family: virtexuplus
* Target device:  xcvu13p_CIV-figd2104-3-e


================================================================
== Performance Estimates
================================================================
+ Timing: 
    * Summary: 
    +--------+----------+----------+------------+
    |  Clock |  Target  | Estimated| Uncertainty|
    +--------+----------+----------+------------+
    |ap_clk  |  10.00 ns|  1.520 ns|     2.70 ns|
    +--------+----------+----------+------------+

+ Latency: 
    * Summary: 
    +---------+---------+----------+----------+-----+-----+---------+
    |  Latency (cycles) |  Latency (absolute) |  Interval | Pipeline|
    |   min   |   max   |    min   |    max   | min | max |   Type  |
    +---------+---------+----------+----------+-----+-----+---------+
    |        0|        0|      0 ns|      0 ns|    0|    0|       no|
    +---------+---------+----------+----------+-----+-----+---------+

    + Detail: 
        * Instance: 
        N/A

        * Loop: 
        N/A



================================================================
== Utilization Estimates
================================================================
* Summary: 
+---------------------+---------+-------+---------+---------+------+
|         Name        | BRAM_18K|  DSP  |    FF   |   LUT   | URAM |
+---------------------+---------+-------+---------+---------+------+
|DSP                  |        -|      -|        -|        -|     -|
|Expression           |        -|      -|        0|        2|     -|
|FIFO                 |        -|      -|        -|        -|     -|
|Instance             |        -|      -|        -|        -|     -|
|Memory               |        -|      -|        -|        -|     -|
|Multiplexer          |        -|      -|        -|       99|     -|
|Register             |        -|      -|      322|        -|     -|
+---------------------+---------+-------+---------+---------+------+
|Total                |        0|      0|      322|      101|     0|
+---------------------+---------+-------+---------+---------+------+
|Available SLR        |     1344|   3072|   864000|   432000|   320|
+---------------------+---------+-------+---------+---------+------+
|Utilization SLR (%)  |        0|      0|       ~0|       ~0|     0|
+---------------------+---------+-------+---------+---------+------+
|Available            |     5376|  12288|  3456000|  1728000|  1280|
+---------------------+---------+-------+---------+---------+------+
|Utilization (%)      |        0|      0|       ~0|       ~0|     0|
+---------------------+---------+-------+---------+---------+------+

+ Detail: 
    * Instance: 
    N/A

    * DSP: 
    N/A

    * Memory: 
    N/A

    * FIFO: 
    N/A

    * Expression: 
    +-----------------+----------+----+---+----+------------+------------+
    |  Variable Name  | Operation| DSP| FF| LUT| Bitwidth P0| Bitwidth P1|
    +-----------------+----------+----+---+----+------------+------------+
    |ap_block_state1  |        or|   0|  0|   2|           1|           1|
    +-----------------+----------+----+---+----+------------+------------+
    |Total            |          |   0|  0|   2|           1|           1|
    +-----------------+----------+----+---+----+------------+------------+

    * Multiplexer: 
    +-------------+----+-----------+-----+-----------+
    |     Name    | LUT| Input Size| Bits| Total Bits|
    +-------------+----+-----------+-----+-----------+
    |ap_done      |   9|          2|    1|          2|
    |ap_return_0  |   9|          2|   32|         64|
    |ap_return_1  |   9|          2|   32|         64|
    |ap_return_2  |   9|          2|   32|         64|
    |ap_return_3  |   9|          2|   32|         64|
    |ap_return_4  |   9|          2|   32|         64|
    |ap_return_5  |   9|          2|   32|         64|
    |ap_return_6  |   9|          2|   32|         64|
    |ap_return_7  |   9|          2|   32|         64|
    |ap_return_8  |   9|          2|   32|         64|
    |ap_return_9  |   9|          2|   32|         64|
    +-------------+----+-----------+-----+-----------+
    |Total        |  99|         22|  321|        642|
    +-------------+----+-----------+-----+-----------+

    * Register: 
    +------------------+----+----+-----+-----------+
    |       Name       | FF | LUT| Bits| Const Bits|
    +------------------+----+----+-----+-----------+
    |ap_CS_fsm         |   1|   0|    1|          0|
    |ap_done_reg       |   1|   0|    1|          0|
    |ap_return_0_preg  |  32|   0|   32|          0|
    |ap_return_1_preg  |  32|   0|   32|          0|
    |ap_return_2_preg  |  32|   0|   32|          0|
    |ap_return_3_preg  |  32|   0|   32|          0|
    |ap_return_4_preg  |  32|   0|   32|          0|
    |ap_return_5_preg  |  32|   0|   32|          0|
    |ap_return_6_preg  |  32|   0|   32|          0|
    |ap_return_7_preg  |  32|   0|   32|          0|
    |ap_return_8_preg  |  32|   0|   32|          0|
    |ap_return_9_preg  |  32|   0|   32|          0|
    +------------------+----+----+-----+-----------+
    |Total             | 322|   0|  322|          0|
    +------------------+----+----+-----+-----------+



================================================================
== Interface
================================================================
* Summary: 
+-------------+-----+-----+------------+-------------------------------------------+--------------+
|  RTL Ports  | Dir | Bits|  Protocol  |               Source Object               |    C Type    |
+-------------+-----+-----+------------+-------------------------------------------+--------------+
|ap_clk       |   in|    1|  ap_ctrl_hs|  run_parallel_engines_Block_entry2326_proc|  return value|
|ap_rst       |   in|    1|  ap_ctrl_hs|  run_parallel_engines_Block_entry2326_proc|  return value|
|ap_start     |   in|    1|  ap_ctrl_hs|  run_parallel_engines_Block_entry2326_proc|  return value|
|ap_done      |  out|    1|  ap_ctrl_hs|  run_parallel_engines_Block_entry2326_proc|  return value|
|ap_continue  |   in|    1|  ap_ctrl_hs|  run_parallel_engines_Block_entry2326_proc|  return value|
|ap_idle      |  out|    1|  ap_ctrl_hs|  run_parallel_engines_Block_entry2326_proc|  return value|
|ap_ready     |  out|    1|  ap_ctrl_hs|  run_parallel_engines_Block_entry2326_proc|  return value|
|ap_return_0  |  out|   32|  ap_ctrl_hs|  run_parallel_engines_Block_entry2326_proc|  return value|
|ap_return_1  |  out|   32|  ap_ctrl_hs|  run_parallel_engines_Block_entry2326_proc|  return value|
|ap_return_2  |  out|   32|  ap_ctrl_hs|  run_parallel_engines_Block_entry2326_proc|  return value|
|ap_return_3  |  out|   32|  ap_ctrl_hs|  run_parallel_engines_Block_entry2326_proc|  return value|
|ap_return_4  |  out|   32|  ap_ctrl_hs|  run_parallel_engines_Block_entry2326_proc|  return value|
|ap_return_5  |  out|   32|  ap_ctrl_hs|  run_parallel_engines_Block_entry2326_proc|  return value|
|ap_return_6  |  out|   32|  ap_ctrl_hs|  run_parallel_engines_Block_entry2326_proc|  return value|
|ap_return_7  |  out|   32|  ap_ctrl_hs|  run_parallel_engines_Block_entry2326_proc|  return value|
|ap_return_8  |  out|   32|  ap_ctrl_hs|  run_parallel_engines_Block_entry2326_proc|  return value|
|ap_return_9  |  out|   32|  ap_ctrl_hs|  run_parallel_engines_Block_entry2326_proc|  return value|
|p_read       |   in|   32|     ap_none|                                     p_read|        scalar|
|p_read1      |   in|   32|     ap_none|                                    p_read1|        scalar|
|p_read2      |   in|   32|     ap_none|                                    p_read2|        scalar|
|p_read3      |   in|   32|     ap_none|                                    p_read3|        scalar|
|p_read4      |   in|   32|     ap_none|                                    p_read4|        scalar|
|p_read5      |   in|   32|     ap_none|                                    p_read5|        scalar|
|p_read6      |   in|   32|     ap_none|                                    p_read6|        scalar|
|p_read7      |   in|   32|     ap_none|                                    p_read7|        scalar|
|p_read8      |   in|   32|     ap_none|                                    p_read8|        scalar|
|p_read9      |   in|   32|     ap_none|                                    p_read9|        scalar|
+-------------+-----+-----+------------+-------------------------------------------+--------------+

