

================================================================
== Vitis HLS Report for 'graph_moe_Pipeline_VITIS_LOOP_102_5'
================================================================
* Date:           Sat Sep 12 16:02:20 2026

* Version:        2023.2 (Build 4023990 on Oct 11 2023)
* Project:        HLS_GraphMoE_Run3
* Solution:       solution1 (Vivado IP Flow Target)
* Product family: virtexuplus
* Target device:  xcvu13p_CIV-figd2104-3-e


================================================================
== Performance Estimates
================================================================
+ Timing: 
    * Summary: 
    +--------+----------+----------+------------+
    |  Clock |  Target  | Estimated| Uncertainty|
    +--------+----------+----------+------------+
    |ap_clk  |  10.00 ns|  6.810 ns|     2.70 ns|
    +--------+----------+----------+------------+

+ Latency: 
    * Summary: 
    +---------+---------+----------+----------+-----+-----+---------+
    |  Latency (cycles) |  Latency (absolute) |  Interval | Pipeline|
    |   min   |   max   |    min   |    max   | min | max |   Type  |
    +---------+---------+----------+----------+-----+-----+---------+
    |       11|       11|  0.110 us|  0.110 us|   11|   11|       no|
    +---------+---------+----------+----------+-----+-----+---------+

    + Detail: 
        * Instance: 
        N/A

        * Loop: 
        +--------------------+---------+---------+----------+-----------+-----------+------+----------+
        |                    |  Latency (cycles) | Iteration|  Initiation Interval  | Trip |          |
        |      Loop Name     |   min   |   max   |  Latency |  achieved |   target  | Count| Pipelined|
        +--------------------+---------+---------+----------+-----------+-----------+------+----------+
        |- VITIS_LOOP_102_5  |        9|        9|         7|          1|          1|     4|       yes|
        +--------------------+---------+---------+----------+-----------+-----------+------+----------+



================================================================
== Utilization Estimates
================================================================
* Summary: 
+---------------------+---------+-------+---------+---------+------+
|         Name        | BRAM_18K|  DSP  |    FF   |   LUT   | URAM |
+---------------------+---------+-------+---------+---------+------+
|DSP                  |        -|      -|        -|        -|     -|
|Expression           |        -|      -|        0|       24|     -|
|FIFO                 |        -|      -|        -|        -|     -|
|Instance             |        -|      -|        -|        -|     -|
|Memory               |        -|      -|        -|        -|     -|
|Multiplexer          |        -|      -|        -|       36|     -|
|Register             |        -|      -|       82|       32|     -|
+---------------------+---------+-------+---------+---------+------+
|Total                |        0|      0|       82|       92|     0|
+---------------------+---------+-------+---------+---------+------+
|Available SLR        |     1344|   3072|   864000|   432000|   320|
+---------------------+---------+-------+---------+---------+------+
|Utilization SLR (%)  |        0|      0|       ~0|       ~0|     0|
+---------------------+---------+-------+---------+---------+------+
|Available            |     5376|  12288|  3456000|  1728000|  1280|
+---------------------+---------+-------+---------+---------+------+
|Utilization (%)      |        0|      0|       ~0|       ~0|     0|
+---------------------+---------+-------+---------+---------+------+

+ Detail: 
    * Instance: 
    +----------------------------------+------------------------------+---------+----+---+----+-----+
    |             Instance             |            Module            | BRAM_18K| DSP| FF| LUT| URAM|
    +----------------------------------+------------------------------+---------+----+---+----+-----+
    |fdiv_32ns_32ns_32_6_no_dsp_1_U27  |fdiv_32ns_32ns_32_6_no_dsp_1  |        0|   0|  0|   0|    0|
    +----------------------------------+------------------------------+---------+----+---+----+-----+
    |Total                             |                              |        0|   0|  0|   0|    0|
    +----------------------------------+------------------------------+---------+----+---+----+-----+

    * DSP: 
    N/A

    * Memory: 
    N/A

    * FIFO: 
    N/A

    * Expression: 
    +---------------------+----------+----+---+----+------------+------------+
    |    Variable Name    | Operation| DSP| FF| LUT| Bitwidth P0| Bitwidth P1|
    +---------------------+----------+----+---+----+------------+------------+
    |add_ln102_fu_81_p2   |         +|   0|  0|  10|           3|           1|
    |icmp_ln102_fu_75_p2  |      icmp|   0|  0|  12|           3|           4|
    |ap_enable_pp0        |       xor|   0|  0|   2|           1|           2|
    +---------------------+----------+----+---+----+------------+------------+
    |Total                |          |   0|  0|  24|           7|           7|
    +---------------------+----------+----+---+----+------------+------------+

    * Multiplexer: 
    +-------------------------+----+-----------+-----+-----------+
    |           Name          | LUT| Input Size| Bits| Total Bits|
    +-------------------------+----+-----------+-----+-----------+
    |ap_done_int              |   9|          2|    1|          2|
    |ap_enable_reg_pp0_iter1  |   9|          2|    1|          2|
    |ap_sig_allocacmp_e_2     |   9|          2|    3|          6|
    |e_fu_36                  |   9|          2|    3|          6|
    +-------------------------+----+-----------+-----+-----------+
    |Total                    |  36|          8|    8|         16|
    +-------------------------+----+-----------+-----+-----------+

    * Register: 
    +----------------------------------+----+----+-----+-----------+
    |               Name               | FF | LUT| Bits| Const Bits|
    +----------------------------------+----+----+-----+-----------+
    |ap_CS_fsm                         |   1|   0|    1|          0|
    |ap_done_reg                       |   1|   0|    1|          0|
    |ap_enable_reg_pp0_iter1           |   1|   0|    1|          0|
    |ap_enable_reg_pp0_iter2           |   1|   0|    1|          0|
    |ap_enable_reg_pp0_iter3           |   1|   0|    1|          0|
    |ap_enable_reg_pp0_iter4           |   1|   0|    1|          0|
    |ap_enable_reg_pp0_iter5           |   1|   0|    1|          0|
    |ap_enable_reg_pp0_iter6           |   1|   0|    1|          0|
    |ap_loop_exit_ready_pp0_iter1_reg  |   1|   0|    1|          0|
    |ap_loop_exit_ready_pp0_iter2_reg  |   1|   0|    1|          0|
    |ap_loop_exit_ready_pp0_iter3_reg  |   1|   0|    1|          0|
    |ap_loop_exit_ready_pp0_iter4_reg  |   1|   0|    1|          0|
    |ap_loop_exit_ready_pp0_iter5_reg  |   1|   0|    1|          0|
    |e_fu_36                           |   3|   0|    3|          0|
    |gates_addr_reg_123                |   2|   0|    2|          0|
    |gates_addr_reg_123                |  64|  32|    2|          0|
    +----------------------------------+----+----+-----+-----------+
    |Total                             |  82|  32|   20|          0|
    +----------------------------------+----+----+-----+-----------+



================================================================
== Interface
================================================================
* Summary: 
+----------------+-----+-----+------------+-------------------------------------+--------------+
|    RTL Ports   | Dir | Bits|  Protocol  |            Source Object            |    C Type    |
+----------------+-----+-----+------------+-------------------------------------+--------------+
|ap_clk          |   in|    1|  ap_ctrl_hs|  graph_moe_Pipeline_VITIS_LOOP_102_5|  return value|
|ap_rst          |   in|    1|  ap_ctrl_hs|  graph_moe_Pipeline_VITIS_LOOP_102_5|  return value|
|ap_start        |   in|    1|  ap_ctrl_hs|  graph_moe_Pipeline_VITIS_LOOP_102_5|  return value|
|ap_done         |  out|    1|  ap_ctrl_hs|  graph_moe_Pipeline_VITIS_LOOP_102_5|  return value|
|ap_idle         |  out|    1|  ap_ctrl_hs|  graph_moe_Pipeline_VITIS_LOOP_102_5|  return value|
|ap_ready        |  out|    1|  ap_ctrl_hs|  graph_moe_Pipeline_VITIS_LOOP_102_5|  return value|
|gates_address0  |  out|    2|   ap_memory|                                gates|         array|
|gates_ce0       |  out|    1|   ap_memory|                                gates|         array|
|gates_we0       |  out|    1|   ap_memory|                                gates|         array|
|gates_d0        |  out|   32|   ap_memory|                                gates|         array|
|gates_address1  |  out|    2|   ap_memory|                                gates|         array|
|gates_ce1       |  out|    1|   ap_memory|                                gates|         array|
|gates_q1        |   in|   32|   ap_memory|                                gates|         array|
|exp_sum_reload  |   in|   32|     ap_none|                       exp_sum_reload|        scalar|
+----------------+-----+-----+------------+-------------------------------------+--------------+

