

================================================================
== Vitis HLS Report for 'pseudo_moe_Pipeline_VITIS_LOOP_89_4'
================================================================
* Date:           Sun Sep 20 15:25:49 2026

* Version:        2023.2 (Build 4023990 on Oct 11 2023)
* Project:        project
* Solution:       solution1 (Vivado IP Flow Target)
* Product family: virtexuplus
* Target device:  xcvu13p_CIV-figd2104-3-e


================================================================
== Performance Estimates
================================================================
+ Timing: 
    * Summary: 
    +--------+----------+----------+------------+
    |  Clock |  Target  | Estimated| Uncertainty|
    +--------+----------+----------+------------+
    |ap_clk  |  10.00 ns|  6.829 ns|     2.70 ns|
    +--------+----------+----------+------------+

+ Latency: 
    * Summary: 
    +---------+---------+----------+----------+-----+-----+---------+
    |  Latency (cycles) |  Latency (absolute) |  Interval | Pipeline|
    |   min   |   max   |    min   |    max   | min | max |   Type  |
    +---------+---------+----------+----------+-----+-----+---------+
    |       12|       12|  0.120 us|  0.120 us|   12|   12|       no|
    +---------+---------+----------+----------+-----+-----+---------+

    + Detail: 
        * Instance: 
        N/A

        * Loop: 
        +-------------------+---------+---------+----------+-----------+-----------+------+----------+
        |                   |  Latency (cycles) | Iteration|  Initiation Interval  | Trip |          |
        |     Loop Name     |   min   |   max   |  Latency |  achieved |   target  | Count| Pipelined|
        +-------------------+---------+---------+----------+-----------+-----------+------+----------+
        |- VITIS_LOOP_89_4  |       10|       10|         8|          1|          1|     4|       yes|
        +-------------------+---------+---------+----------+-----------+-----------+------+----------+

============================================================
+ Verbose Summary: Synthesis Manager
============================================================
InlineROM: 1
ExposeGlobal: 0
============================================================
+ Verbose Summary: CDFG Model
============================================================
IsTopModel: 0
ResetActiveHigh: 1
IsCombinational: 0
IsDatapathOnly: 0
HasWiredReturn: 1
HasMFsm: 2
HasVarLatency: 1
IsPipeline: 0
IsRtlPipelined: 0
IsInstanceOverlapped: 0
IsDontTouch: 0
HasImplIP: 0
IsGatedGlobalClock: 0

+ Individual pipeline summary: 
  * Pipeline-0: initiation interval (II) = 1, depth = 8


============================================================
+ Verbose Summary: Schedule
============================================================
* Number of FSM states : 8
* Pipeline : 1
  Pipeline-0 : II = 1, D = 8, States = { 1 2 3 4 5 6 7 8 }
* Dataflow Pipeline: 0

* FSM state transitions: 
1 --> 2 
2 --> 3 
3 --> 4 
4 --> 5 
5 --> 6 
6 --> 7 
7 --> 8 
8 --> 

* FSM state operations: 

State 1 <SV = 0> <Delay = 6.82>
ST_1 : Operation 11 [1/1] (0.00ns)   --->   "%exp_sum = alloca i32 1" [/home/simics/HMoE/HLS_HMoE/pseudo_block/run_2/src/pseudo_moe.cpp:88]   --->   Operation 11 'alloca' 'exp_sum' <Predicate = true> <Delay = 0.00>
ST_1 : Operation 12 [1/1] (0.00ns)   --->   "%e_1 = alloca i32 1" [/home/simics/HMoE/HLS_HMoE/pseudo_block/run_2/src/pseudo_moe.cpp:89]   --->   Operation 12 'alloca' 'e_1' <Predicate = true> <Delay = 0.00>
ST_1 : Operation 13 [1/1] (0.00ns)   --->   "%exp_values_0_1 = alloca i32 1"   --->   Operation 13 'alloca' 'exp_values_0_1' <Predicate = true> <Delay = 0.00>
ST_1 : Operation 14 [1/1] (0.00ns)   --->   "%exp_values_1_1 = alloca i32 1"   --->   Operation 14 'alloca' 'exp_values_1_1' <Predicate = true> <Delay = 0.00>
ST_1 : Operation 15 [1/1] (0.00ns)   --->   "%exp_values_2_1 = alloca i32 1"   --->   Operation 15 'alloca' 'exp_values_2_1' <Predicate = true> <Delay = 0.00>
ST_1 : Operation 16 [1/1] (0.00ns)   --->   "%exp_values_3_1 = alloca i32 1"   --->   Operation 16 'alloca' 'exp_values_3_1' <Predicate = true> <Delay = 0.00>
ST_1 : Operation 17 [1/1] (0.00ns)   --->   "%max_logit_read = read i32 @_ssdm_op_Read.ap_auto.float, i32 %max_logit"   --->   Operation 17 'read' 'max_logit_read' <Predicate = true> <Delay = 0.00>
ST_1 : Operation 18 [1/1] (0.00ns)   --->   "%logits_3_1_read = read i32 @_ssdm_op_Read.ap_auto.float, i32 %logits_3_1"   --->   Operation 18 'read' 'logits_3_1_read' <Predicate = true> <Delay = 0.00>
ST_1 : Operation 19 [1/1] (0.00ns)   --->   "%logits_2_1_read = read i32 @_ssdm_op_Read.ap_auto.float, i32 %logits_2_1"   --->   Operation 19 'read' 'logits_2_1_read' <Predicate = true> <Delay = 0.00>
ST_1 : Operation 20 [1/1] (0.00ns)   --->   "%logits_1_1_read = read i32 @_ssdm_op_Read.ap_auto.float, i32 %logits_1_1"   --->   Operation 20 'read' 'logits_1_1_read' <Predicate = true> <Delay = 0.00>
ST_1 : Operation 21 [1/1] (0.00ns)   --->   "%logits_0_1_read = read i32 @_ssdm_op_Read.ap_auto.float, i32 %logits_0_1"   --->   Operation 21 'read' 'logits_0_1_read' <Predicate = true> <Delay = 0.00>
ST_1 : Operation 22 [1/1] (0.00ns)   --->   "%exp_values_0_05_read = read i32 @_ssdm_op_Read.ap_auto.float, i32 %exp_values_0_05"   --->   Operation 22 'read' 'exp_values_0_05_read' <Predicate = true> <Delay = 0.00>
ST_1 : Operation 23 [1/1] (0.00ns)   --->   "%exp_values_1_06_read = read i32 @_ssdm_op_Read.ap_auto.float, i32 %exp_values_1_06"   --->   Operation 23 'read' 'exp_values_1_06_read' <Predicate = true> <Delay = 0.00>
ST_1 : Operation 24 [1/1] (0.00ns)   --->   "%exp_values_2_07_read = read i32 @_ssdm_op_Read.ap_auto.float, i32 %exp_values_2_07"   --->   Operation 24 'read' 'exp_values_2_07_read' <Predicate = true> <Delay = 0.00>
ST_1 : Operation 25 [1/1] (0.00ns)   --->   "%exp_values_3_08_read = read i32 @_ssdm_op_Read.ap_auto.float, i32 %exp_values_3_08"   --->   Operation 25 'read' 'exp_values_3_08_read' <Predicate = true> <Delay = 0.00>
ST_1 : Operation 26 [1/1] (0.36ns)   --->   "%store_ln0 = store i32 %exp_values_3_08_read, i32 %exp_values_3_1"   --->   Operation 26 'store' 'store_ln0' <Predicate = true> <Delay = 0.36>
ST_1 : Operation 27 [1/1] (0.36ns)   --->   "%store_ln0 = store i32 %exp_values_2_07_read, i32 %exp_values_2_1"   --->   Operation 27 'store' 'store_ln0' <Predicate = true> <Delay = 0.36>
ST_1 : Operation 28 [1/1] (0.36ns)   --->   "%store_ln0 = store i32 %exp_values_1_06_read, i32 %exp_values_1_1"   --->   Operation 28 'store' 'store_ln0' <Predicate = true> <Delay = 0.36>
ST_1 : Operation 29 [1/1] (0.36ns)   --->   "%store_ln0 = store i32 %exp_values_0_05_read, i32 %exp_values_0_1"   --->   Operation 29 'store' 'store_ln0' <Predicate = true> <Delay = 0.36>
ST_1 : Operation 30 [1/1] (0.36ns)   --->   "%store_ln89 = store i3 0, i3 %e_1" [/home/simics/HMoE/HLS_HMoE/pseudo_block/run_2/src/pseudo_moe.cpp:89]   --->   Operation 30 'store' 'store_ln89' <Predicate = true> <Delay = 0.36>
ST_1 : Operation 31 [1/1] (0.36ns)   --->   "%store_ln88 = store i32 0, i32 %exp_sum" [/home/simics/HMoE/HLS_HMoE/pseudo_block/run_2/src/pseudo_moe.cpp:88]   --->   Operation 31 'store' 'store_ln88' <Predicate = true> <Delay = 0.36>
ST_1 : Operation 32 [1/1] (0.00ns)   --->   "%br_ln0 = br void %for.inc34"   --->   Operation 32 'br' 'br_ln0' <Predicate = true> <Delay = 0.00>
ST_1 : Operation 33 [1/1] (0.00ns)   --->   "%e = load i3 %e_1" [/home/simics/HMoE/HLS_HMoE/pseudo_block/run_2/src/pseudo_moe.cpp:91]   --->   Operation 33 'load' 'e' <Predicate = true> <Delay = 0.00>
ST_1 : Operation 34 [1/1] (0.52ns)   --->   "%icmp_ln89 = icmp_eq  i3 %e, i3 4" [/home/simics/HMoE/HLS_HMoE/pseudo_block/run_2/src/pseudo_moe.cpp:89]   --->   Operation 34 'icmp' 'icmp_ln89' <Predicate = true> <Delay = 0.52> <CoreInst = "Cmp">   --->   Core 9 'Cmp' <Latency = 0> <II = 1> <Delay = 0.52> <FuncUnit> <Opcode : 'icmp'> <InPorts = 2> <OutPorts = 1>
ST_1 : Operation 35 [1/1] (0.52ns)   --->   "%add_ln89 = add i3 %e, i3 1" [/home/simics/HMoE/HLS_HMoE/pseudo_block/run_2/src/pseudo_moe.cpp:89]   --->   Operation 35 'add' 'add_ln89' <Predicate = true> <Delay = 0.52> <CoreInst = "Adder">   --->   Core 1 'Adder' <Latency = 0> <II = 1> <Delay = 0.52> <FuncUnit> <Opcode : 'add' 'sub'> <InPorts = 2> <OutPorts = 1>
ST_1 : Operation 36 [1/1] (0.00ns)   --->   "%br_ln89 = br i1 %icmp_ln89, void %for.inc34.split, void %VITIS_LOOP_95_5.exitStub" [/home/simics/HMoE/HLS_HMoE/pseudo_block/run_2/src/pseudo_moe.cpp:89]   --->   Operation 36 'br' 'br_ln89' <Predicate = true> <Delay = 0.00>
ST_1 : Operation 37 [1/1] (0.00ns)   --->   "%trunc_ln91 = trunc i3 %e" [/home/simics/HMoE/HLS_HMoE/pseudo_block/run_2/src/pseudo_moe.cpp:91]   --->   Operation 37 'trunc' 'trunc_ln91' <Predicate = (!icmp_ln89)> <Delay = 0.00>
ST_1 : Operation 38 [1/1] (0.42ns)   --->   "%tmp = mux i32 @_ssdm_op_Mux.ap_auto.4float.i2, i32 %logits_0_1_read, i32 %logits_1_1_read, i32 %logits_2_1_read, i32 %logits_3_1_read, i2 %trunc_ln91" [/home/simics/HMoE/HLS_HMoE/pseudo_block/run_2/src/pseudo_moe.cpp:91]   --->   Operation 38 'mux' 'tmp' <Predicate = (!icmp_ln89)> <Delay = 0.42> <CoreInst = "Multiplexer">   --->   Core 76 'Multiplexer' <Latency = 0> <II = 1> <Delay = 0.42> <FuncUnit> <Opcode : 'mux'> <InPorts = 2> <OutPorts = 1>
ST_1 : Operation 39 [2/2] (6.04ns)   --->   "%sub = fsub i32 %tmp, i32 %max_logit_read" [/home/simics/HMoE/HLS_HMoE/pseudo_block/run_2/src/pseudo_moe.cpp:91]   --->   Operation 39 'fsub' 'sub' <Predicate = (!icmp_ln89)> <Delay = 6.04> <CoreInst = "FAddSub_fulldsp">   --->   Core 18 'FAddSub_fulldsp' <Latency = 1> <II = 1> <Delay = 6.04> <FuncUnit> <Opcode : 'fadd' 'fsub'> <InPorts = 2> <OutPorts = 1>
ST_1 : Operation 40 [1/1] (0.66ns)   --->   "%switch_ln91 = switch i2 %trunc_ln91, void %branch7, i2 0, void %for.inc34.split.for.inc34.split41_crit_edge, i2 1, void %for.inc34.split.for.inc34.split41_crit_edge11, i2 2, void %branch6" [/home/simics/HMoE/HLS_HMoE/pseudo_block/run_2/src/pseudo_moe.cpp:91]   --->   Operation 40 'switch' 'switch_ln91' <Predicate = (!icmp_ln89)> <Delay = 0.66>
ST_1 : Operation 41 [1/1] (0.36ns)   --->   "%store_ln89 = store i3 %add_ln89, i3 %e_1" [/home/simics/HMoE/HLS_HMoE/pseudo_block/run_2/src/pseudo_moe.cpp:89]   --->   Operation 41 'store' 'store_ln89' <Predicate = (!icmp_ln89)> <Delay = 0.36>

State 2 <SV = 1> <Delay = 6.04>
ST_2 : Operation 42 [1/2] (6.04ns)   --->   "%sub = fsub i32 %tmp, i32 %max_logit_read" [/home/simics/HMoE/HLS_HMoE/pseudo_block/run_2/src/pseudo_moe.cpp:91]   --->   Operation 42 'fsub' 'sub' <Predicate = true> <Delay = 6.04> <CoreInst = "FAddSub_fulldsp">   --->   Core 18 'FAddSub_fulldsp' <Latency = 1> <II = 1> <Delay = 6.04> <FuncUnit> <Opcode : 'fadd' 'fsub'> <InPorts = 2> <OutPorts = 1>

State 3 <SV = 2> <Delay = 6.28>
ST_3 : Operation 43 [4/4] (6.28ns)   --->   "%exp_values_1 = fexp i32 @llvm.exp.f32, i32 %sub" [/home/simics/HMoE/HLS_HMoE/pseudo_block/run_2/src/pseudo_moe.cpp:91]   --->   Operation 43 'fexp' 'exp_values_1' <Predicate = true> <Delay = 6.28> <CoreInst = "FExp_fulldsp">   --->   Core 23 'FExp_fulldsp' <Latency = 3> <II = 1> <Delay = 6.28> <FuncUnit> <Opcode : 'fexp'> <InPorts = 1> <OutPorts = 1>

State 4 <SV = 3> <Delay = 6.28>
ST_4 : Operation 44 [3/4] (6.28ns)   --->   "%exp_values_1 = fexp i32 @llvm.exp.f32, i32 %sub" [/home/simics/HMoE/HLS_HMoE/pseudo_block/run_2/src/pseudo_moe.cpp:91]   --->   Operation 44 'fexp' 'exp_values_1' <Predicate = true> <Delay = 6.28> <CoreInst = "FExp_fulldsp">   --->   Core 23 'FExp_fulldsp' <Latency = 3> <II = 1> <Delay = 6.28> <FuncUnit> <Opcode : 'fexp'> <InPorts = 1> <OutPorts = 1>

State 5 <SV = 4> <Delay = 6.28>
ST_5 : Operation 45 [2/4] (6.28ns)   --->   "%exp_values_1 = fexp i32 @llvm.exp.f32, i32 %sub" [/home/simics/HMoE/HLS_HMoE/pseudo_block/run_2/src/pseudo_moe.cpp:91]   --->   Operation 45 'fexp' 'exp_values_1' <Predicate = true> <Delay = 6.28> <CoreInst = "FExp_fulldsp">   --->   Core 23 'FExp_fulldsp' <Latency = 3> <II = 1> <Delay = 6.28> <FuncUnit> <Opcode : 'fexp'> <InPorts = 1> <OutPorts = 1>

State 6 <SV = 5> <Delay = 6.64>
ST_6 : Operation 46 [1/1] (0.00ns)   --->   "%specpipeline_ln90 = specpipeline void @_ssdm_op_SpecPipeline, i32 1, i32 0, i32 0, i32 0, void @empty_36" [/home/simics/HMoE/HLS_HMoE/pseudo_block/run_2/src/pseudo_moe.cpp:90]   --->   Operation 46 'specpipeline' 'specpipeline_ln90' <Predicate = true> <Delay = 0.00>
ST_6 : Operation 47 [1/1] (0.00ns)   --->   "%speclooptripcount_ln88 = speclooptripcount void @_ssdm_op_SpecLoopTripCount, i64 4, i64 4, i64 4" [/home/simics/HMoE/HLS_HMoE/pseudo_block/run_2/src/pseudo_moe.cpp:88]   --->   Operation 47 'speclooptripcount' 'speclooptripcount_ln88' <Predicate = true> <Delay = 0.00>
ST_6 : Operation 48 [1/1] (0.00ns)   --->   "%specloopname_ln89 = specloopname void @_ssdm_op_SpecLoopName, void @empty_21" [/home/simics/HMoE/HLS_HMoE/pseudo_block/run_2/src/pseudo_moe.cpp:89]   --->   Operation 48 'specloopname' 'specloopname_ln89' <Predicate = true> <Delay = 0.00>
ST_6 : Operation 49 [1/4] (6.28ns)   --->   "%exp_values_1 = fexp i32 @llvm.exp.f32, i32 %sub" [/home/simics/HMoE/HLS_HMoE/pseudo_block/run_2/src/pseudo_moe.cpp:91]   --->   Operation 49 'fexp' 'exp_values_1' <Predicate = true> <Delay = 6.28> <CoreInst = "FExp_fulldsp">   --->   Core 23 'FExp_fulldsp' <Latency = 3> <II = 1> <Delay = 6.28> <FuncUnit> <Opcode : 'fexp'> <InPorts = 1> <OutPorts = 1>
ST_6 : Operation 50 [1/1] (0.36ns)   --->   "%store_ln91 = store i32 %exp_values_1, i32 %exp_values_2_1" [/home/simics/HMoE/HLS_HMoE/pseudo_block/run_2/src/pseudo_moe.cpp:91]   --->   Operation 50 'store' 'store_ln91' <Predicate = (trunc_ln91 == 2)> <Delay = 0.36>
ST_6 : Operation 51 [1/1] (0.00ns)   --->   "%br_ln91 = br void %for.inc34.split41" [/home/simics/HMoE/HLS_HMoE/pseudo_block/run_2/src/pseudo_moe.cpp:91]   --->   Operation 51 'br' 'br_ln91' <Predicate = (trunc_ln91 == 2)> <Delay = 0.00>
ST_6 : Operation 52 [1/1] (0.36ns)   --->   "%store_ln91 = store i32 %exp_values_1, i32 %exp_values_1_1" [/home/simics/HMoE/HLS_HMoE/pseudo_block/run_2/src/pseudo_moe.cpp:91]   --->   Operation 52 'store' 'store_ln91' <Predicate = (trunc_ln91 == 1)> <Delay = 0.36>
ST_6 : Operation 53 [1/1] (0.00ns)   --->   "%br_ln91 = br void %for.inc34.split41" [/home/simics/HMoE/HLS_HMoE/pseudo_block/run_2/src/pseudo_moe.cpp:91]   --->   Operation 53 'br' 'br_ln91' <Predicate = (trunc_ln91 == 1)> <Delay = 0.00>
ST_6 : Operation 54 [1/1] (0.36ns)   --->   "%store_ln91 = store i32 %exp_values_1, i32 %exp_values_0_1" [/home/simics/HMoE/HLS_HMoE/pseudo_block/run_2/src/pseudo_moe.cpp:91]   --->   Operation 54 'store' 'store_ln91' <Predicate = (trunc_ln91 == 0)> <Delay = 0.36>
ST_6 : Operation 55 [1/1] (0.00ns)   --->   "%br_ln91 = br void %for.inc34.split41" [/home/simics/HMoE/HLS_HMoE/pseudo_block/run_2/src/pseudo_moe.cpp:91]   --->   Operation 55 'br' 'br_ln91' <Predicate = (trunc_ln91 == 0)> <Delay = 0.00>
ST_6 : Operation 56 [1/1] (0.36ns)   --->   "%store_ln91 = store i32 %exp_values_1, i32 %exp_values_3_1" [/home/simics/HMoE/HLS_HMoE/pseudo_block/run_2/src/pseudo_moe.cpp:91]   --->   Operation 56 'store' 'store_ln91' <Predicate = (trunc_ln91 == 3)> <Delay = 0.36>
ST_6 : Operation 57 [1/1] (0.00ns)   --->   "%br_ln91 = br void %for.inc34.split41" [/home/simics/HMoE/HLS_HMoE/pseudo_block/run_2/src/pseudo_moe.cpp:91]   --->   Operation 57 'br' 'br_ln91' <Predicate = (trunc_ln91 == 3)> <Delay = 0.00>

State 7 <SV = 6> <Delay = 6.04>
ST_7 : Operation 58 [1/1] (0.00ns)   --->   "%exp_sum_load = load i32 %exp_sum" [/home/simics/HMoE/HLS_HMoE/pseudo_block/run_2/src/pseudo_moe.cpp:92]   --->   Operation 58 'load' 'exp_sum_load' <Predicate = true> <Delay = 0.00>
ST_7 : Operation 59 [2/2] (6.04ns)   --->   "%exp_sum_1 = fadd i32 %exp_sum_load, i32 %exp_values_1" [/home/simics/HMoE/HLS_HMoE/pseudo_block/run_2/src/pseudo_moe.cpp:92]   --->   Operation 59 'fadd' 'exp_sum_1' <Predicate = true> <Delay = 6.04> <CoreInst = "FAddSub_fulldsp">   --->   Core 18 'FAddSub_fulldsp' <Latency = 1> <II = 1> <Delay = 6.04> <FuncUnit> <Opcode : 'fadd' 'fsub'> <InPorts = 2> <OutPorts = 1>
ST_7 : Operation 63 [1/1] (0.00ns)   --->   "%exp_sum_load_1 = load i32 %exp_sum"   --->   Operation 63 'load' 'exp_sum_load_1' <Predicate = (icmp_ln89)> <Delay = 0.00>
ST_7 : Operation 64 [1/1] (0.00ns)   --->   "%exp_values_0_1_load = load i32 %exp_values_0_1"   --->   Operation 64 'load' 'exp_values_0_1_load' <Predicate = (icmp_ln89)> <Delay = 0.00>
ST_7 : Operation 65 [1/1] (0.00ns)   --->   "%exp_values_1_1_load = load i32 %exp_values_1_1"   --->   Operation 65 'load' 'exp_values_1_1_load' <Predicate = (icmp_ln89)> <Delay = 0.00>
ST_7 : Operation 66 [1/1] (0.00ns)   --->   "%exp_values_2_1_load = load i32 %exp_values_2_1"   --->   Operation 66 'load' 'exp_values_2_1_load' <Predicate = (icmp_ln89)> <Delay = 0.00>
ST_7 : Operation 67 [1/1] (0.00ns)   --->   "%exp_values_3_1_load = load i32 %exp_values_3_1"   --->   Operation 67 'load' 'exp_values_3_1_load' <Predicate = (icmp_ln89)> <Delay = 0.00>
ST_7 : Operation 68 [1/1] (0.00ns)   --->   "%write_ln0 = write void @_ssdm_op_Write.ap_auto.floatP0A, i32 %exp_values_3_1_out, i32 %exp_values_3_1_load"   --->   Operation 68 'write' 'write_ln0' <Predicate = (icmp_ln89)> <Delay = 0.00>
ST_7 : Operation 69 [1/1] (0.00ns)   --->   "%write_ln0 = write void @_ssdm_op_Write.ap_auto.floatP0A, i32 %exp_values_2_1_out, i32 %exp_values_2_1_load"   --->   Operation 69 'write' 'write_ln0' <Predicate = (icmp_ln89)> <Delay = 0.00>
ST_7 : Operation 70 [1/1] (0.00ns)   --->   "%write_ln0 = write void @_ssdm_op_Write.ap_auto.floatP0A, i32 %exp_values_1_1_out, i32 %exp_values_1_1_load"   --->   Operation 70 'write' 'write_ln0' <Predicate = (icmp_ln89)> <Delay = 0.00>
ST_7 : Operation 71 [1/1] (0.00ns)   --->   "%write_ln0 = write void @_ssdm_op_Write.ap_auto.floatP0A, i32 %exp_values_0_1_out, i32 %exp_values_0_1_load"   --->   Operation 71 'write' 'write_ln0' <Predicate = (icmp_ln89)> <Delay = 0.00>
ST_7 : Operation 72 [1/1] (0.00ns)   --->   "%write_ln0 = write void @_ssdm_op_Write.ap_auto.floatP0A, i32 %exp_sum_out, i32 %exp_sum_load_1"   --->   Operation 72 'write' 'write_ln0' <Predicate = (icmp_ln89)> <Delay = 0.00>
ST_7 : Operation 73 [1/1] (0.00ns)   --->   "%ret_ln0 = ret"   --->   Operation 73 'ret' 'ret_ln0' <Predicate = (icmp_ln89)> <Delay = 0.00>

State 8 <SV = 7> <Delay = 6.40>
ST_8 : Operation 60 [1/2] (6.04ns)   --->   "%exp_sum_1 = fadd i32 %exp_sum_load, i32 %exp_values_1" [/home/simics/HMoE/HLS_HMoE/pseudo_block/run_2/src/pseudo_moe.cpp:92]   --->   Operation 60 'fadd' 'exp_sum_1' <Predicate = true> <Delay = 6.04> <CoreInst = "FAddSub_fulldsp">   --->   Core 18 'FAddSub_fulldsp' <Latency = 1> <II = 1> <Delay = 6.04> <FuncUnit> <Opcode : 'fadd' 'fsub'> <InPorts = 2> <OutPorts = 1>
ST_8 : Operation 61 [1/1] (0.36ns)   --->   "%store_ln88 = store i32 %exp_sum_1, i32 %exp_sum" [/home/simics/HMoE/HLS_HMoE/pseudo_block/run_2/src/pseudo_moe.cpp:88]   --->   Operation 61 'store' 'store_ln88' <Predicate = true> <Delay = 0.36>
ST_8 : Operation 62 [1/1] (0.00ns)   --->   "%br_ln89 = br void %for.inc34" [/home/simics/HMoE/HLS_HMoE/pseudo_block/run_2/src/pseudo_moe.cpp:89]   --->   Operation 62 'br' 'br_ln89' <Predicate = true> <Delay = 0.00>


============================================================
+ Verbose Summary: Binding
============================================================
STG Binding: 
---------------- STG Properties BEGIN ----------------
- Is combinational: 0
- Is one-state seq: 0
- Is datapath-only: 0
- Is pipelined: 0
- Is top level: 0
Port [ Return ] is wired: 1; IO mode=ap_ctrl_hs:ce=0
Port [ exp_values_3_08]:  wired=1; compound=0; hidden=0; nouse=0; global=0; static=0; extern=0; dir=0; type=0; pingpong=0; private_global=0; IO mode=ap_none:ce=0
Port [ exp_values_2_07]:  wired=1; compound=0; hidden=0; nouse=0; global=0; static=0; extern=0; dir=0; type=0; pingpong=0; private_global=0; IO mode=ap_none:ce=0
Port [ exp_values_1_06]:  wired=1; compound=0; hidden=0; nouse=0; global=0; static=0; extern=0; dir=0; type=0; pingpong=0; private_global=0; IO mode=ap_none:ce=0
Port [ exp_values_0_05]:  wired=1; compound=0; hidden=0; nouse=0; global=0; static=0; extern=0; dir=0; type=0; pingpong=0; private_global=0; IO mode=ap_none:ce=0
Port [ logits_0_1]:  wired=1; compound=0; hidden=0; nouse=0; global=0; static=0; extern=0; dir=0; type=0; pingpong=0; private_global=0; IO mode=ap_none:ce=0
Port [ logits_1_1]:  wired=1; compound=0; hidden=0; nouse=0; global=0; static=0; extern=0; dir=0; type=0; pingpong=0; private_global=0; IO mode=ap_none:ce=0
Port [ logits_2_1]:  wired=1; compound=0; hidden=0; nouse=0; global=0; static=0; extern=0; dir=0; type=0; pingpong=0; private_global=0; IO mode=ap_none:ce=0
Port [ logits_3_1]:  wired=1; compound=0; hidden=0; nouse=0; global=0; static=0; extern=0; dir=0; type=0; pingpong=0; private_global=0; IO mode=ap_none:ce=0
Port [ max_logit]:  wired=1; compound=0; hidden=0; nouse=0; global=0; static=0; extern=0; dir=0; type=0; pingpong=0; private_global=0; IO mode=ap_none:ce=0
Port [ exp_values_3_1_out]:  wired=1; compound=0; hidden=0; nouse=0; global=0; static=0; extern=0; dir=1; type=0; pingpong=0; private_global=0; IO mode=ap_vld:ce=0
Port [ exp_values_2_1_out]:  wired=1; compound=0; hidden=0; nouse=0; global=0; static=0; extern=0; dir=1; type=0; pingpong=0; private_global=0; IO mode=ap_vld:ce=0
Port [ exp_values_1_1_out]:  wired=1; compound=0; hidden=0; nouse=0; global=0; static=0; extern=0; dir=1; type=0; pingpong=0; private_global=0; IO mode=ap_vld:ce=0
Port [ exp_values_0_1_out]:  wired=1; compound=0; hidden=0; nouse=0; global=0; static=0; extern=0; dir=1; type=0; pingpong=0; private_global=0; IO mode=ap_vld:ce=0
Port [ exp_sum_out]:  wired=1; compound=0; hidden=0; nouse=0; global=0; static=0; extern=0; dir=1; type=0; pingpong=0; private_global=0; IO mode=ap_vld:ce=0
---------------- STG Properties END ------------------

---------------- Datapath Model BEGIN ----------------

<LifeTime>
<method=bitvector/>
exp_sum                (alloca           ) [ 011111111]
e_1                    (alloca           ) [ 010000000]
exp_values_0_1         (alloca           ) [ 011111110]
exp_values_1_1         (alloca           ) [ 011111110]
exp_values_2_1         (alloca           ) [ 011111110]
exp_values_3_1         (alloca           ) [ 011111110]
max_logit_read         (read             ) [ 011000000]
logits_3_1_read        (read             ) [ 000000000]
logits_2_1_read        (read             ) [ 000000000]
logits_1_1_read        (read             ) [ 000000000]
logits_0_1_read        (read             ) [ 000000000]
exp_values_0_05_read   (read             ) [ 000000000]
exp_values_1_06_read   (read             ) [ 000000000]
exp_values_2_07_read   (read             ) [ 000000000]
exp_values_3_08_read   (read             ) [ 000000000]
store_ln0              (store            ) [ 000000000]
store_ln0              (store            ) [ 000000000]
store_ln0              (store            ) [ 000000000]
store_ln0              (store            ) [ 000000000]
store_ln89             (store            ) [ 000000000]
store_ln88             (store            ) [ 000000000]
br_ln0                 (br               ) [ 000000000]
e                      (load             ) [ 000000000]
icmp_ln89              (icmp             ) [ 011111110]
add_ln89               (add              ) [ 000000000]
br_ln89                (br               ) [ 000000000]
trunc_ln91             (trunc            ) [ 011111100]
tmp                    (mux              ) [ 011000000]
switch_ln91            (switch           ) [ 000000000]
store_ln89             (store            ) [ 000000000]
sub                    (fsub             ) [ 010111100]
specpipeline_ln90      (specpipeline     ) [ 000000000]
speclooptripcount_ln88 (speclooptripcount) [ 000000000]
specloopname_ln89      (specloopname     ) [ 000000000]
exp_values_1           (fexp             ) [ 010000011]
store_ln91             (store            ) [ 000000000]
br_ln91                (br               ) [ 000000000]
store_ln91             (store            ) [ 000000000]
br_ln91                (br               ) [ 000000000]
store_ln91             (store            ) [ 000000000]
br_ln91                (br               ) [ 000000000]
store_ln91             (store            ) [ 000000000]
br_ln91                (br               ) [ 000000000]
exp_sum_load           (load             ) [ 010000001]
exp_sum_1              (fadd             ) [ 000000000]
store_ln88             (store            ) [ 000000000]
br_ln89                (br               ) [ 000000000]
exp_sum_load_1         (load             ) [ 000000000]
exp_values_0_1_load    (load             ) [ 000000000]
exp_values_1_1_load    (load             ) [ 000000000]
exp_values_2_1_load    (load             ) [ 000000000]
exp_values_3_1_load    (load             ) [ 000000000]
write_ln0              (write            ) [ 000000000]
write_ln0              (write            ) [ 000000000]
write_ln0              (write            ) [ 000000000]
write_ln0              (write            ) [ 000000000]
write_ln0              (write            ) [ 000000000]
ret_ln0                (ret              ) [ 000000000]
</LifeTime>

<model>

<comp_list>
<comp id="0" class="1000" name="exp_values_3_08">
<pin_list>
<pin id="1" dir="1" index="0" bw="1" slack="0"/>
</pin_list>
<bind>
<StgValue><ssdm name="exp_values_3_08"/></StgValue>
</bind>
</comp>

<comp id="2" class="1000" name="exp_values_2_07">
<pin_list>
<pin id="3" dir="1" index="0" bw="1" slack="0"/>
</pin_list>
<bind>
<StgValue><ssdm name="exp_values_2_07"/></StgValue>
</bind>
</comp>

<comp id="4" class="1000" name="exp_values_1_06">
<pin_list>
<pin id="5" dir="1" index="0" bw="1" slack="0"/>
</pin_list>
<bind>
<StgValue><ssdm name="exp_values_1_06"/></StgValue>
</bind>
</comp>

<comp id="6" class="1000" name="exp_values_0_05">
<pin_list>
<pin id="7" dir="1" index="0" bw="1" slack="0"/>
</pin_list>
<bind>
<StgValue><ssdm name="exp_values_0_05"/></StgValue>
</bind>
</comp>

<comp id="8" class="1000" name="logits_0_1">
<pin_list>
<pin id="9" dir="1" index="0" bw="1" slack="0"/>
</pin_list>
<bind>
<StgValue><ssdm name="logits_0_1"/></StgValue>
</bind>
</comp>

<comp id="10" class="1000" name="logits_1_1">
<pin_list>
<pin id="11" dir="1" index="0" bw="1" slack="0"/>
</pin_list>
<bind>
<StgValue><ssdm name="logits_1_1"/></StgValue>
</bind>
</comp>

<comp id="12" class="1000" name="logits_2_1">
<pin_list>
<pin id="13" dir="1" index="0" bw="1" slack="0"/>
</pin_list>
<bind>
<StgValue><ssdm name="logits_2_1"/></StgValue>
</bind>
</comp>

<comp id="14" class="1000" name="logits_3_1">
<pin_list>
<pin id="15" dir="1" index="0" bw="1" slack="0"/>
</pin_list>
<bind>
<StgValue><ssdm name="logits_3_1"/></StgValue>
</bind>
</comp>

<comp id="16" class="1000" name="max_logit">
<pin_list>
<pin id="17" dir="1" index="0" bw="1" slack="0"/>
</pin_list>
<bind>
<StgValue><ssdm name="max_logit"/></StgValue>
</bind>
</comp>

<comp id="18" class="1000" name="exp_values_3_1_out">
<pin_list>
<pin id="19" dir="1" index="0" bw="1" slack="0"/>
</pin_list>
<bind>
<StgValue><ssdm name="exp_values_3_1_out"/></StgValue>
</bind>
</comp>

<comp id="20" class="1000" name="exp_values_2_1_out">
<pin_list>
<pin id="21" dir="1" index="0" bw="1" slack="0"/>
</pin_list>
<bind>
<StgValue><ssdm name="exp_values_2_1_out"/></StgValue>
</bind>
</comp>

<comp id="22" class="1000" name="exp_values_1_1_out">
<pin_list>
<pin id="23" dir="1" index="0" bw="1" slack="0"/>
</pin_list>
<bind>
<StgValue><ssdm name="exp_values_1_1_out"/></StgValue>
</bind>
</comp>

<comp id="24" class="1000" name="exp_values_0_1_out">
<pin_list>
<pin id="25" dir="1" index="0" bw="1" slack="0"/>
</pin_list>
<bind>
<StgValue><ssdm name="exp_values_0_1_out"/></StgValue>
</bind>
</comp>

<comp id="26" class="1000" name="exp_sum_out">
<pin_list>
<pin id="27" dir="1" index="0" bw="1" slack="0"/>
</pin_list>
<bind>
<StgValue><ssdm name="exp_sum_out"/></StgValue>
</bind>
</comp>

<comp id="28" class="1001" name="const_28">
<pin_list>
<pin id="29" dir="1" index="0" bw="1" slack="0"/>
</pin_list>
<bind>
<StgValue><ssdm name=""/></StgValue>
</bind>
</comp>

<comp id="30" class="1001" name="const_30">
<pin_list>
<pin id="31" dir="1" index="0" bw="1" slack="0"/>
</pin_list>
<bind>
<StgValue><ssdm name="_ssdm_op_Read.ap_auto.float"/></StgValue>
</bind>
</comp>

<comp id="32" class="1001" name="const_32">
<pin_list>
<pin id="33" dir="1" index="0" bw="1" slack="0"/>
</pin_list>
<bind>
<StgValue><ssdm name=""/></StgValue>
</bind>
</comp>

<comp id="34" class="1001" name="const_34">
<pin_list>
<pin id="35" dir="1" index="0" bw="1" slack="0"/>
</pin_list>
<bind>
<StgValue><ssdm name=""/></StgValue>
</bind>
</comp>

<comp id="36" class="1001" name="const_36">
<pin_list>
<pin id="37" dir="1" index="0" bw="1" slack="0"/>
</pin_list>
<bind>
<StgValue><ssdm name=""/></StgValue>
</bind>
</comp>

<comp id="38" class="1001" name="const_38">
<pin_list>
<pin id="39" dir="1" index="0" bw="1" slack="0"/>
</pin_list>
<bind>
<StgValue><ssdm name=""/></StgValue>
</bind>
</comp>

<comp id="40" class="1001" name="const_40">
<pin_list>
<pin id="41" dir="1" index="0" bw="1" slack="0"/>
</pin_list>
<bind>
<StgValue><ssdm name="_ssdm_op_Mux.ap_auto.4float.i2"/></StgValue>
</bind>
</comp>

<comp id="42" class="1001" name="const_42">
<pin_list>
<pin id="43" dir="1" index="0" bw="1" slack="2147483647"/>
</pin_list>
<bind>
<StgValue><ssdm name=""/></StgValue>
</bind>
</comp>

<comp id="44" class="1001" name="const_44">
<pin_list>
<pin id="45" dir="1" index="0" bw="1" slack="2147483647"/>
</pin_list>
<bind>
<StgValue><ssdm name=""/></StgValue>
</bind>
</comp>

<comp id="46" class="1001" name="const_46">
<pin_list>
<pin id="47" dir="1" index="0" bw="1" slack="2147483647"/>
</pin_list>
<bind>
<StgValue><ssdm name=""/></StgValue>
</bind>
</comp>

<comp id="48" class="1001" name="const_48">
<pin_list>
<pin id="49" dir="1" index="0" bw="1" slack="0"/>
</pin_list>
<bind>
<StgValue><ssdm name="llvm.exp.f32"/></StgValue>
</bind>
</comp>

<comp id="50" class="1001" name="const_50">
<pin_list>
<pin id="51" dir="1" index="0" bw="1" slack="2147483647"/>
</pin_list>
<bind>
<StgValue><ssdm name="_ssdm_op_SpecPipeline"/></StgValue>
</bind>
</comp>

<comp id="52" class="1001" name="const_52">
<pin_list>
<pin id="53" dir="1" index="0" bw="1" slack="2147483647"/>
</pin_list>
<bind>
<StgValue><ssdm name=""/></StgValue>
</bind>
</comp>

<comp id="54" class="1001" name="const_54">
<pin_list>
<pin id="55" dir="1" index="0" bw="1" slack="2147483647"/>
</pin_list>
<bind>
<StgValue><ssdm name="empty_36"/></StgValue>
</bind>
</comp>

<comp id="56" class="1001" name="const_56">
<pin_list>
<pin id="57" dir="1" index="0" bw="1" slack="2147483647"/>
</pin_list>
<bind>
<StgValue><ssdm name="_ssdm_op_SpecLoopTripCount"/></StgValue>
</bind>
</comp>

<comp id="58" class="1001" name="const_58">
<pin_list>
<pin id="59" dir="1" index="0" bw="1" slack="2147483647"/>
</pin_list>
<bind>
<StgValue><ssdm name=""/></StgValue>
</bind>
</comp>

<comp id="60" class="1001" name="const_60">
<pin_list>
<pin id="61" dir="1" index="0" bw="1" slack="2147483647"/>
</pin_list>
<bind>
<StgValue><ssdm name="_ssdm_op_SpecLoopName"/></StgValue>
</bind>
</comp>

<comp id="62" class="1001" name="const_62">
<pin_list>
<pin id="63" dir="1" index="0" bw="1" slack="2147483647"/>
</pin_list>
<bind>
<StgValue><ssdm name="empty_21"/></StgValue>
</bind>
</comp>

<comp id="64" class="1001" name="const_64">
<pin_list>
<pin id="65" dir="1" index="0" bw="1" slack="0"/>
</pin_list>
<bind>
<StgValue><ssdm name="_ssdm_op_Write.ap_auto.floatP0A"/></StgValue>
</bind>
</comp>

<comp id="66" class="1004" name="exp_sum_fu_66">
<pin_list>
<pin id="67" dir="0" index="0" bw="1" slack="0"/>
<pin id="68" dir="1" index="1" bw="32" slack="0"/>
</pin_list>
<bind>
<opcode="alloca(26) " fcode="alloca"/>
<opset="exp_sum/1 "/>
</bind>
</comp>

<comp id="70" class="1004" name="e_1_fu_70">
<pin_list>
<pin id="71" dir="0" index="0" bw="1" slack="0"/>
<pin id="72" dir="1" index="1" bw="3" slack="0"/>
</pin_list>
<bind>
<opcode="alloca(26) " fcode="alloca"/>
<opset="e_1/1 "/>
</bind>
</comp>

<comp id="74" class="1004" name="exp_values_0_1_fu_74">
<pin_list>
<pin id="75" dir="0" index="0" bw="1" slack="0"/>
<pin id="76" dir="1" index="1" bw="32" slack="0"/>
</pin_list>
<bind>
<opcode="alloca(26) " fcode="alloca"/>
<opset="exp_values_0_1/1 "/>
</bind>
</comp>

<comp id="78" class="1004" name="exp_values_1_1_fu_78">
<pin_list>
<pin id="79" dir="0" index="0" bw="1" slack="0"/>
<pin id="80" dir="1" index="1" bw="32" slack="0"/>
</pin_list>
<bind>
<opcode="alloca(26) " fcode="alloca"/>
<opset="exp_values_1_1/1 "/>
</bind>
</comp>

<comp id="82" class="1004" name="exp_values_2_1_fu_82">
<pin_list>
<pin id="83" dir="0" index="0" bw="1" slack="0"/>
<pin id="84" dir="1" index="1" bw="32" slack="0"/>
</pin_list>
<bind>
<opcode="alloca(26) " fcode="alloca"/>
<opset="exp_values_2_1/1 "/>
</bind>
</comp>

<comp id="86" class="1004" name="exp_values_3_1_fu_86">
<pin_list>
<pin id="87" dir="0" index="0" bw="1" slack="0"/>
<pin id="88" dir="1" index="1" bw="32" slack="0"/>
</pin_list>
<bind>
<opcode="alloca(26) " fcode="alloca"/>
<opset="exp_values_3_1/1 "/>
</bind>
</comp>

<comp id="90" class="1004" name="max_logit_read_read_fu_90">
<pin_list>
<pin id="91" dir="0" index="0" bw="32" slack="0"/>
<pin id="92" dir="0" index="1" bw="32" slack="0"/>
<pin id="93" dir="1" index="2" bw="32" slack="0"/>
</pin_list>
<bind>
<opcode="read(1150) " fcode="read"/>
<opset="max_logit_read/1 "/>
</bind>
</comp>

<comp id="96" class="1004" name="logits_3_1_read_read_fu_96">
<pin_list>
<pin id="97" dir="0" index="0" bw="32" slack="0"/>
<pin id="98" dir="0" index="1" bw="32" slack="0"/>
<pin id="99" dir="1" index="2" bw="32" slack="0"/>
</pin_list>
<bind>
<opcode="read(1150) " fcode="read"/>
<opset="logits_3_1_read/1 "/>
</bind>
</comp>

<comp id="102" class="1004" name="logits_2_1_read_read_fu_102">
<pin_list>
<pin id="103" dir="0" index="0" bw="32" slack="0"/>
<pin id="104" dir="0" index="1" bw="32" slack="0"/>
<pin id="105" dir="1" index="2" bw="32" slack="0"/>
</pin_list>
<bind>
<opcode="read(1150) " fcode="read"/>
<opset="logits_2_1_read/1 "/>
</bind>
</comp>

<comp id="108" class="1004" name="logits_1_1_read_read_fu_108">
<pin_list>
<pin id="109" dir="0" index="0" bw="32" slack="0"/>
<pin id="110" dir="0" index="1" bw="32" slack="0"/>
<pin id="111" dir="1" index="2" bw="32" slack="0"/>
</pin_list>
<bind>
<opcode="read(1150) " fcode="read"/>
<opset="logits_1_1_read/1 "/>
</bind>
</comp>

<comp id="114" class="1004" name="logits_0_1_read_read_fu_114">
<pin_list>
<pin id="115" dir="0" index="0" bw="32" slack="0"/>
<pin id="116" dir="0" index="1" bw="32" slack="0"/>
<pin id="117" dir="1" index="2" bw="32" slack="0"/>
</pin_list>
<bind>
<opcode="read(1150) " fcode="read"/>
<opset="logits_0_1_read/1 "/>
</bind>
</comp>

<comp id="120" class="1004" name="exp_values_0_05_read_read_fu_120">
<pin_list>
<pin id="121" dir="0" index="0" bw="32" slack="0"/>
<pin id="122" dir="0" index="1" bw="32" slack="0"/>
<pin id="123" dir="1" index="2" bw="32" slack="0"/>
</pin_list>
<bind>
<opcode="read(1150) " fcode="read"/>
<opset="exp_values_0_05_read/1 "/>
</bind>
</comp>

<comp id="126" class="1004" name="exp_values_1_06_read_read_fu_126">
<pin_list>
<pin id="127" dir="0" index="0" bw="32" slack="0"/>
<pin id="128" dir="0" index="1" bw="32" slack="0"/>
<pin id="129" dir="1" index="2" bw="32" slack="0"/>
</pin_list>
<bind>
<opcode="read(1150) " fcode="read"/>
<opset="exp_values_1_06_read/1 "/>
</bind>
</comp>

<comp id="132" class="1004" name="exp_values_2_07_read_read_fu_132">
<pin_list>
<pin id="133" dir="0" index="0" bw="32" slack="0"/>
<pin id="134" dir="0" index="1" bw="32" slack="0"/>
<pin id="135" dir="1" index="2" bw="32" slack="0"/>
</pin_list>
<bind>
<opcode="read(1150) " fcode="read"/>
<opset="exp_values_2_07_read/1 "/>
</bind>
</comp>

<comp id="138" class="1004" name="exp_values_3_08_read_read_fu_138">
<pin_list>
<pin id="139" dir="0" index="0" bw="32" slack="0"/>
<pin id="140" dir="0" index="1" bw="32" slack="0"/>
<pin id="141" dir="1" index="2" bw="32" slack="0"/>
</pin_list>
<bind>
<opcode="read(1150) " fcode="read"/>
<opset="exp_values_3_08_read/1 "/>
</bind>
</comp>

<comp id="144" class="1004" name="write_ln0_write_fu_144">
<pin_list>
<pin id="145" dir="0" index="0" bw="0" slack="0"/>
<pin id="146" dir="0" index="1" bw="32" slack="0"/>
<pin id="147" dir="0" index="2" bw="32" slack="0"/>
<pin id="148" dir="1" index="3" bw="0" slack="2147483647"/>
</pin_list>
<bind>
<opcode="write(1151) " fcode="write"/>
<opset="write_ln0/7 "/>
</bind>
</comp>

<comp id="151" class="1004" name="write_ln0_write_fu_151">
<pin_list>
<pin id="152" dir="0" index="0" bw="0" slack="0"/>
<pin id="153" dir="0" index="1" bw="32" slack="0"/>
<pin id="154" dir="0" index="2" bw="32" slack="0"/>
<pin id="155" dir="1" index="3" bw="0" slack="2147483647"/>
</pin_list>
<bind>
<opcode="write(1151) " fcode="write"/>
<opset="write_ln0/7 "/>
</bind>
</comp>

<comp id="158" class="1004" name="write_ln0_write_fu_158">
<pin_list>
<pin id="159" dir="0" index="0" bw="0" slack="0"/>
<pin id="160" dir="0" index="1" bw="32" slack="0"/>
<pin id="161" dir="0" index="2" bw="32" slack="0"/>
<pin id="162" dir="1" index="3" bw="0" slack="2147483647"/>
</pin_list>
<bind>
<opcode="write(1151) " fcode="write"/>
<opset="write_ln0/7 "/>
</bind>
</comp>

<comp id="165" class="1004" name="write_ln0_write_fu_165">
<pin_list>
<pin id="166" dir="0" index="0" bw="0" slack="0"/>
<pin id="167" dir="0" index="1" bw="32" slack="0"/>
<pin id="168" dir="0" index="2" bw="32" slack="0"/>
<pin id="169" dir="1" index="3" bw="0" slack="2147483647"/>
</pin_list>
<bind>
<opcode="write(1151) " fcode="write"/>
<opset="write_ln0/7 "/>
</bind>
</comp>

<comp id="172" class="1004" name="write_ln0_write_fu_172">
<pin_list>
<pin id="173" dir="0" index="0" bw="0" slack="0"/>
<pin id="174" dir="0" index="1" bw="32" slack="0"/>
<pin id="175" dir="0" index="2" bw="32" slack="0"/>
<pin id="176" dir="1" index="3" bw="0" slack="2147483647"/>
</pin_list>
<bind>
<opcode="write(1151) " fcode="write"/>
<opset="write_ln0/7 "/>
</bind>
</comp>

<comp id="179" class="1004" name="grp_fu_179">
<pin_list>
<pin id="180" dir="0" index="0" bw="32" slack="0"/>
<pin id="181" dir="0" index="1" bw="32" slack="0"/>
<pin id="182" dir="1" index="2" bw="32" slack="1"/>
</pin_list>
<bind>
<opcode="fsub(11) " fcode="fadd"/>
<opset="sub/1 "/>
</bind>
</comp>

<comp id="184" class="1004" name="grp_fu_184">
<pin_list>
<pin id="185" dir="0" index="0" bw="32" slack="0"/>
<pin id="186" dir="0" index="1" bw="32" slack="1"/>
<pin id="187" dir="1" index="2" bw="32" slack="0"/>
</pin_list>
<bind>
<opcode="fadd(9) " fcode="fadd"/>
<opset="exp_sum_1/7 "/>
</bind>
</comp>

<comp id="188" class="1004" name="grp_fu_188">
<pin_list>
<pin id="189" dir="0" index="0" bw="32" slack="0"/>
<pin id="190" dir="0" index="1" bw="32" slack="1"/>
<pin id="191" dir="1" index="2" bw="32" slack="0"/>
</pin_list>
<bind>
<opcode="fexp(507) " fcode="fexp"/>
<opset="exp_values_1/3 "/>
</bind>
</comp>

<comp id="193" class="1004" name="store_ln0_store_fu_193">
<pin_list>
<pin id="194" dir="0" index="0" bw="32" slack="0"/>
<pin id="195" dir="0" index="1" bw="32" slack="0"/>
<pin id="196" dir="1" index="2" bw="0" slack="2147483647"/>
</pin_list>
<bind>
<opcode="store(28) " fcode="store"/>
<opset="store_ln0/1 "/>
</bind>
</comp>

<comp id="198" class="1004" name="store_ln0_store_fu_198">
<pin_list>
<pin id="199" dir="0" index="0" bw="32" slack="0"/>
<pin id="200" dir="0" index="1" bw="32" slack="0"/>
<pin id="201" dir="1" index="2" bw="0" slack="2147483647"/>
</pin_list>
<bind>
<opcode="store(28) " fcode="store"/>
<opset="store_ln0/1 "/>
</bind>
</comp>

<comp id="203" class="1004" name="store_ln0_store_fu_203">
<pin_list>
<pin id="204" dir="0" index="0" bw="32" slack="0"/>
<pin id="205" dir="0" index="1" bw="32" slack="0"/>
<pin id="206" dir="1" index="2" bw="0" slack="2147483647"/>
</pin_list>
<bind>
<opcode="store(28) " fcode="store"/>
<opset="store_ln0/1 "/>
</bind>
</comp>

<comp id="208" class="1004" name="store_ln0_store_fu_208">
<pin_list>
<pin id="209" dir="0" index="0" bw="32" slack="0"/>
<pin id="210" dir="0" index="1" bw="32" slack="0"/>
<pin id="211" dir="1" index="2" bw="0" slack="2147483647"/>
</pin_list>
<bind>
<opcode="store(28) " fcode="store"/>
<opset="store_ln0/1 "/>
</bind>
</comp>

<comp id="213" class="1004" name="store_ln89_store_fu_213">
<pin_list>
<pin id="214" dir="0" index="0" bw="1" slack="0"/>
<pin id="215" dir="0" index="1" bw="3" slack="0"/>
<pin id="216" dir="1" index="2" bw="0" slack="2147483647"/>
</pin_list>
<bind>
<opcode="store(28) " fcode="store"/>
<opset="store_ln89/1 "/>
</bind>
</comp>

<comp id="218" class="1004" name="store_ln88_store_fu_218">
<pin_list>
<pin id="219" dir="0" index="0" bw="32" slack="0"/>
<pin id="220" dir="0" index="1" bw="32" slack="0"/>
<pin id="221" dir="1" index="2" bw="0" slack="2147483647"/>
</pin_list>
<bind>
<opcode="store(28) " fcode="store"/>
<opset="store_ln88/1 "/>
</bind>
</comp>

<comp id="223" class="1004" name="e_load_fu_223">
<pin_list>
<pin id="224" dir="0" index="0" bw="3" slack="0"/>
<pin id="225" dir="1" index="1" bw="3" slack="0"/>
</pin_list>
<bind>
<opcode="load(27) " fcode="load"/>
<opset="e/1 "/>
</bind>
</comp>

<comp id="226" class="1004" name="icmp_ln89_fu_226">
<pin_list>
<pin id="227" dir="0" index="0" bw="3" slack="0"/>
<pin id="228" dir="0" index="1" bw="3" slack="0"/>
<pin id="229" dir="1" index="2" bw="1" slack="6"/>
</pin_list>
<bind>
<opcode="icmp(45) " fcode="icmp"/>
<opset="icmp_ln89/1 "/>
</bind>
</comp>

<comp id="232" class="1004" name="add_ln89_fu_232">
<pin_list>
<pin id="233" dir="0" index="0" bw="3" slack="0"/>
<pin id="234" dir="0" index="1" bw="1" slack="0"/>
<pin id="235" dir="1" index="2" bw="3" slack="0"/>
</pin_list>
<bind>
<opcode="add(8) " fcode="add"/>
<opset="add_ln89/1 "/>
</bind>
</comp>

<comp id="238" class="1004" name="trunc_ln91_fu_238">
<pin_list>
<pin id="239" dir="0" index="0" bw="3" slack="0"/>
<pin id="240" dir="1" index="1" bw="2" slack="0"/>
</pin_list>
<bind>
<opcode="trunc(33) " fcode="trunc"/>
<opset="trunc_ln91/1 "/>
</bind>
</comp>

<comp id="242" class="1004" name="tmp_fu_242">
<pin_list>
<pin id="243" dir="0" index="0" bw="32" slack="0"/>
<pin id="244" dir="0" index="1" bw="32" slack="0"/>
<pin id="245" dir="0" index="2" bw="32" slack="0"/>
<pin id="246" dir="0" index="3" bw="32" slack="0"/>
<pin id="247" dir="0" index="4" bw="32" slack="0"/>
<pin id="248" dir="0" index="5" bw="2" slack="0"/>
<pin id="249" dir="1" index="6" bw="32" slack="0"/>
</pin_list>
<bind>
<opcode="mux(1196) " fcode="mux"/>
<opset="tmp/1 "/>
</bind>
</comp>

<comp id="257" class="1004" name="store_ln89_store_fu_257">
<pin_list>
<pin id="258" dir="0" index="0" bw="3" slack="0"/>
<pin id="259" dir="0" index="1" bw="3" slack="0"/>
<pin id="260" dir="1" index="2" bw="0" slack="2147483647"/>
</pin_list>
<bind>
<opcode="store(28) " fcode="store"/>
<opset="store_ln89/1 "/>
</bind>
</comp>

<comp id="262" class="1004" name="store_ln91_store_fu_262">
<pin_list>
<pin id="263" dir="0" index="0" bw="32" slack="0"/>
<pin id="264" dir="0" index="1" bw="32" slack="5"/>
<pin id="265" dir="1" index="2" bw="0" slack="2147483647"/>
</pin_list>
<bind>
<opcode="store(28) " fcode="store"/>
<opset="store_ln91/6 "/>
</bind>
</comp>

<comp id="267" class="1004" name="store_ln91_store_fu_267">
<pin_list>
<pin id="268" dir="0" index="0" bw="32" slack="0"/>
<pin id="269" dir="0" index="1" bw="32" slack="5"/>
<pin id="270" dir="1" index="2" bw="0" slack="2147483647"/>
</pin_list>
<bind>
<opcode="store(28) " fcode="store"/>
<opset="store_ln91/6 "/>
</bind>
</comp>

<comp id="272" class="1004" name="store_ln91_store_fu_272">
<pin_list>
<pin id="273" dir="0" index="0" bw="32" slack="0"/>
<pin id="274" dir="0" index="1" bw="32" slack="5"/>
<pin id="275" dir="1" index="2" bw="0" slack="2147483647"/>
</pin_list>
<bind>
<opcode="store(28) " fcode="store"/>
<opset="store_ln91/6 "/>
</bind>
</comp>

<comp id="277" class="1004" name="store_ln91_store_fu_277">
<pin_list>
<pin id="278" dir="0" index="0" bw="32" slack="0"/>
<pin id="279" dir="0" index="1" bw="32" slack="5"/>
<pin id="280" dir="1" index="2" bw="0" slack="2147483647"/>
</pin_list>
<bind>
<opcode="store(28) " fcode="store"/>
<opset="store_ln91/6 "/>
</bind>
</comp>

<comp id="282" class="1004" name="exp_sum_load_load_fu_282">
<pin_list>
<pin id="283" dir="0" index="0" bw="32" slack="6"/>
<pin id="284" dir="1" index="1" bw="32" slack="0"/>
</pin_list>
<bind>
<opcode="load(27) " fcode="load"/>
<opset="exp_sum_load/7 "/>
</bind>
</comp>

<comp id="286" class="1004" name="store_ln88_store_fu_286">
<pin_list>
<pin id="287" dir="0" index="0" bw="32" slack="0"/>
<pin id="288" dir="0" index="1" bw="32" slack="7"/>
<pin id="289" dir="1" index="2" bw="0" slack="2147483647"/>
</pin_list>
<bind>
<opcode="store(28) " fcode="store"/>
<opset="store_ln88/8 "/>
</bind>
</comp>

<comp id="291" class="1004" name="exp_sum_load_1_load_fu_291">
<pin_list>
<pin id="292" dir="0" index="0" bw="32" slack="6"/>
<pin id="293" dir="1" index="1" bw="32" slack="0"/>
</pin_list>
<bind>
<opcode="load(27) " fcode="load"/>
<opset="exp_sum_load_1/7 "/>
</bind>
</comp>

<comp id="295" class="1004" name="exp_values_0_1_load_load_fu_295">
<pin_list>
<pin id="296" dir="0" index="0" bw="32" slack="6"/>
<pin id="297" dir="1" index="1" bw="32" slack="0"/>
</pin_list>
<bind>
<opcode="load(27) " fcode="load"/>
<opset="exp_values_0_1_load/7 "/>
</bind>
</comp>

<comp id="299" class="1004" name="exp_values_1_1_load_load_fu_299">
<pin_list>
<pin id="300" dir="0" index="0" bw="32" slack="6"/>
<pin id="301" dir="1" index="1" bw="32" slack="0"/>
</pin_list>
<bind>
<opcode="load(27) " fcode="load"/>
<opset="exp_values_1_1_load/7 "/>
</bind>
</comp>

<comp id="303" class="1004" name="exp_values_2_1_load_load_fu_303">
<pin_list>
<pin id="304" dir="0" index="0" bw="32" slack="6"/>
<pin id="305" dir="1" index="1" bw="32" slack="0"/>
</pin_list>
<bind>
<opcode="load(27) " fcode="load"/>
<opset="exp_values_2_1_load/7 "/>
</bind>
</comp>

<comp id="307" class="1004" name="exp_values_3_1_load_load_fu_307">
<pin_list>
<pin id="308" dir="0" index="0" bw="32" slack="6"/>
<pin id="309" dir="1" index="1" bw="32" slack="0"/>
</pin_list>
<bind>
<opcode="load(27) " fcode="load"/>
<opset="exp_values_3_1_load/7 "/>
</bind>
</comp>

<comp id="311" class="1005" name="exp_sum_reg_311">
<pin_list>
<pin id="312" dir="0" index="0" bw="32" slack="0"/>
<pin id="313" dir="1" index="1" bw="32" slack="0"/>
</pin_list>
<bind>
<opset="exp_sum "/>
</bind>
</comp>

<comp id="319" class="1005" name="e_1_reg_319">
<pin_list>
<pin id="320" dir="0" index="0" bw="3" slack="0"/>
<pin id="321" dir="1" index="1" bw="3" slack="0"/>
</pin_list>
<bind>
<opset="e_1 "/>
</bind>
</comp>

<comp id="326" class="1005" name="exp_values_0_1_reg_326">
<pin_list>
<pin id="327" dir="0" index="0" bw="32" slack="0"/>
<pin id="328" dir="1" index="1" bw="32" slack="0"/>
</pin_list>
<bind>
<opset="exp_values_0_1 "/>
</bind>
</comp>

<comp id="333" class="1005" name="exp_values_1_1_reg_333">
<pin_list>
<pin id="334" dir="0" index="0" bw="32" slack="0"/>
<pin id="335" dir="1" index="1" bw="32" slack="0"/>
</pin_list>
<bind>
<opset="exp_values_1_1 "/>
</bind>
</comp>

<comp id="340" class="1005" name="exp_values_2_1_reg_340">
<pin_list>
<pin id="341" dir="0" index="0" bw="32" slack="0"/>
<pin id="342" dir="1" index="1" bw="32" slack="0"/>
</pin_list>
<bind>
<opset="exp_values_2_1 "/>
</bind>
</comp>

<comp id="347" class="1005" name="exp_values_3_1_reg_347">
<pin_list>
<pin id="348" dir="0" index="0" bw="32" slack="0"/>
<pin id="349" dir="1" index="1" bw="32" slack="0"/>
</pin_list>
<bind>
<opset="exp_values_3_1 "/>
</bind>
</comp>

<comp id="354" class="1005" name="max_logit_read_reg_354">
<pin_list>
<pin id="355" dir="0" index="0" bw="32" slack="1"/>
<pin id="356" dir="1" index="1" bw="32" slack="1"/>
</pin_list>
<bind>
<opset="max_logit_read "/>
</bind>
</comp>

<comp id="359" class="1005" name="icmp_ln89_reg_359">
<pin_list>
<pin id="360" dir="0" index="0" bw="1" slack="6"/>
<pin id="361" dir="1" index="1" bw="1" slack="2147483647"/>
</pin_list>
<bind>
<opset="icmp_ln89 "/>
</bind>
</comp>

<comp id="363" class="1005" name="trunc_ln91_reg_363">
<pin_list>
<pin id="364" dir="0" index="0" bw="2" slack="5"/>
<pin id="365" dir="1" index="1" bw="2" slack="2147483647"/>
</pin_list>
<bind>
<opset="trunc_ln91 "/>
</bind>
</comp>

<comp id="367" class="1005" name="tmp_reg_367">
<pin_list>
<pin id="368" dir="0" index="0" bw="32" slack="1"/>
<pin id="369" dir="1" index="1" bw="32" slack="1"/>
</pin_list>
<bind>
<opset="tmp "/>
</bind>
</comp>

<comp id="372" class="1005" name="sub_reg_372">
<pin_list>
<pin id="373" dir="0" index="0" bw="32" slack="1"/>
<pin id="374" dir="1" index="1" bw="32" slack="1"/>
</pin_list>
<bind>
<opset="sub "/>
</bind>
</comp>

<comp id="377" class="1005" name="exp_values_1_reg_377">
<pin_list>
<pin id="378" dir="0" index="0" bw="32" slack="1"/>
<pin id="379" dir="1" index="1" bw="32" slack="1"/>
</pin_list>
<bind>
<opset="exp_values_1 "/>
</bind>
</comp>

<comp id="382" class="1005" name="exp_sum_load_reg_382">
<pin_list>
<pin id="383" dir="0" index="0" bw="32" slack="1"/>
<pin id="384" dir="1" index="1" bw="32" slack="1"/>
</pin_list>
<bind>
<opset="exp_sum_load "/>
</bind>
</comp>

</comp_list>

<net_list>
<net id="69"><net_src comp="28" pin="0"/><net_sink comp="66" pin=0"/></net>

<net id="73"><net_src comp="28" pin="0"/><net_sink comp="70" pin=0"/></net>

<net id="77"><net_src comp="28" pin="0"/><net_sink comp="74" pin=0"/></net>

<net id="81"><net_src comp="28" pin="0"/><net_sink comp="78" pin=0"/></net>

<net id="85"><net_src comp="28" pin="0"/><net_sink comp="82" pin=0"/></net>

<net id="89"><net_src comp="28" pin="0"/><net_sink comp="86" pin=0"/></net>

<net id="94"><net_src comp="30" pin="0"/><net_sink comp="90" pin=0"/></net>

<net id="95"><net_src comp="16" pin="0"/><net_sink comp="90" pin=1"/></net>

<net id="100"><net_src comp="30" pin="0"/><net_sink comp="96" pin=0"/></net>

<net id="101"><net_src comp="14" pin="0"/><net_sink comp="96" pin=1"/></net>

<net id="106"><net_src comp="30" pin="0"/><net_sink comp="102" pin=0"/></net>

<net id="107"><net_src comp="12" pin="0"/><net_sink comp="102" pin=1"/></net>

<net id="112"><net_src comp="30" pin="0"/><net_sink comp="108" pin=0"/></net>

<net id="113"><net_src comp="10" pin="0"/><net_sink comp="108" pin=1"/></net>

<net id="118"><net_src comp="30" pin="0"/><net_sink comp="114" pin=0"/></net>

<net id="119"><net_src comp="8" pin="0"/><net_sink comp="114" pin=1"/></net>

<net id="124"><net_src comp="30" pin="0"/><net_sink comp="120" pin=0"/></net>

<net id="125"><net_src comp="6" pin="0"/><net_sink comp="120" pin=1"/></net>

<net id="130"><net_src comp="30" pin="0"/><net_sink comp="126" pin=0"/></net>

<net id="131"><net_src comp="4" pin="0"/><net_sink comp="126" pin=1"/></net>

<net id="136"><net_src comp="30" pin="0"/><net_sink comp="132" pin=0"/></net>

<net id="137"><net_src comp="2" pin="0"/><net_sink comp="132" pin=1"/></net>

<net id="142"><net_src comp="30" pin="0"/><net_sink comp="138" pin=0"/></net>

<net id="143"><net_src comp="0" pin="0"/><net_sink comp="138" pin=1"/></net>

<net id="149"><net_src comp="64" pin="0"/><net_sink comp="144" pin=0"/></net>

<net id="150"><net_src comp="18" pin="0"/><net_sink comp="144" pin=1"/></net>

<net id="156"><net_src comp="64" pin="0"/><net_sink comp="151" pin=0"/></net>

<net id="157"><net_src comp="20" pin="0"/><net_sink comp="151" pin=1"/></net>

<net id="163"><net_src comp="64" pin="0"/><net_sink comp="158" pin=0"/></net>

<net id="164"><net_src comp="22" pin="0"/><net_sink comp="158" pin=1"/></net>

<net id="170"><net_src comp="64" pin="0"/><net_sink comp="165" pin=0"/></net>

<net id="171"><net_src comp="24" pin="0"/><net_sink comp="165" pin=1"/></net>

<net id="177"><net_src comp="64" pin="0"/><net_sink comp="172" pin=0"/></net>

<net id="178"><net_src comp="26" pin="0"/><net_sink comp="172" pin=1"/></net>

<net id="183"><net_src comp="90" pin="2"/><net_sink comp="179" pin=1"/></net>

<net id="192"><net_src comp="48" pin="0"/><net_sink comp="188" pin=0"/></net>

<net id="197"><net_src comp="138" pin="2"/><net_sink comp="193" pin=0"/></net>

<net id="202"><net_src comp="132" pin="2"/><net_sink comp="198" pin=0"/></net>

<net id="207"><net_src comp="126" pin="2"/><net_sink comp="203" pin=0"/></net>

<net id="212"><net_src comp="120" pin="2"/><net_sink comp="208" pin=0"/></net>

<net id="217"><net_src comp="32" pin="0"/><net_sink comp="213" pin=0"/></net>

<net id="222"><net_src comp="34" pin="0"/><net_sink comp="218" pin=0"/></net>

<net id="230"><net_src comp="223" pin="1"/><net_sink comp="226" pin=0"/></net>

<net id="231"><net_src comp="36" pin="0"/><net_sink comp="226" pin=1"/></net>

<net id="236"><net_src comp="223" pin="1"/><net_sink comp="232" pin=0"/></net>

<net id="237"><net_src comp="38" pin="0"/><net_sink comp="232" pin=1"/></net>

<net id="241"><net_src comp="223" pin="1"/><net_sink comp="238" pin=0"/></net>

<net id="250"><net_src comp="40" pin="0"/><net_sink comp="242" pin=0"/></net>

<net id="251"><net_src comp="114" pin="2"/><net_sink comp="242" pin=1"/></net>

<net id="252"><net_src comp="108" pin="2"/><net_sink comp="242" pin=2"/></net>

<net id="253"><net_src comp="102" pin="2"/><net_sink comp="242" pin=3"/></net>

<net id="254"><net_src comp="96" pin="2"/><net_sink comp="242" pin=4"/></net>

<net id="255"><net_src comp="238" pin="1"/><net_sink comp="242" pin=5"/></net>

<net id="256"><net_src comp="242" pin="6"/><net_sink comp="179" pin=0"/></net>

<net id="261"><net_src comp="232" pin="2"/><net_sink comp="257" pin=0"/></net>

<net id="266"><net_src comp="188" pin="2"/><net_sink comp="262" pin=0"/></net>

<net id="271"><net_src comp="188" pin="2"/><net_sink comp="267" pin=0"/></net>

<net id="276"><net_src comp="188" pin="2"/><net_sink comp="272" pin=0"/></net>

<net id="281"><net_src comp="188" pin="2"/><net_sink comp="277" pin=0"/></net>

<net id="285"><net_src comp="282" pin="1"/><net_sink comp="184" pin=0"/></net>

<net id="290"><net_src comp="184" pin="2"/><net_sink comp="286" pin=0"/></net>

<net id="294"><net_src comp="291" pin="1"/><net_sink comp="172" pin=2"/></net>

<net id="298"><net_src comp="295" pin="1"/><net_sink comp="165" pin=2"/></net>

<net id="302"><net_src comp="299" pin="1"/><net_sink comp="158" pin=2"/></net>

<net id="306"><net_src comp="303" pin="1"/><net_sink comp="151" pin=2"/></net>

<net id="310"><net_src comp="307" pin="1"/><net_sink comp="144" pin=2"/></net>

<net id="314"><net_src comp="66" pin="1"/><net_sink comp="311" pin=0"/></net>

<net id="315"><net_src comp="311" pin="1"/><net_sink comp="218" pin=1"/></net>

<net id="316"><net_src comp="311" pin="1"/><net_sink comp="282" pin=0"/></net>

<net id="317"><net_src comp="311" pin="1"/><net_sink comp="286" pin=1"/></net>

<net id="318"><net_src comp="311" pin="1"/><net_sink comp="291" pin=0"/></net>

<net id="322"><net_src comp="70" pin="1"/><net_sink comp="319" pin=0"/></net>

<net id="323"><net_src comp="319" pin="1"/><net_sink comp="213" pin=1"/></net>

<net id="324"><net_src comp="319" pin="1"/><net_sink comp="223" pin=0"/></net>

<net id="325"><net_src comp="319" pin="1"/><net_sink comp="257" pin=1"/></net>

<net id="329"><net_src comp="74" pin="1"/><net_sink comp="326" pin=0"/></net>

<net id="330"><net_src comp="326" pin="1"/><net_sink comp="208" pin=1"/></net>

<net id="331"><net_src comp="326" pin="1"/><net_sink comp="272" pin=1"/></net>

<net id="332"><net_src comp="326" pin="1"/><net_sink comp="295" pin=0"/></net>

<net id="336"><net_src comp="78" pin="1"/><net_sink comp="333" pin=0"/></net>

<net id="337"><net_src comp="333" pin="1"/><net_sink comp="203" pin=1"/></net>

<net id="338"><net_src comp="333" pin="1"/><net_sink comp="267" pin=1"/></net>

<net id="339"><net_src comp="333" pin="1"/><net_sink comp="299" pin=0"/></net>

<net id="343"><net_src comp="82" pin="1"/><net_sink comp="340" pin=0"/></net>

<net id="344"><net_src comp="340" pin="1"/><net_sink comp="198" pin=1"/></net>

<net id="345"><net_src comp="340" pin="1"/><net_sink comp="262" pin=1"/></net>

<net id="346"><net_src comp="340" pin="1"/><net_sink comp="303" pin=0"/></net>

<net id="350"><net_src comp="86" pin="1"/><net_sink comp="347" pin=0"/></net>

<net id="351"><net_src comp="347" pin="1"/><net_sink comp="193" pin=1"/></net>

<net id="352"><net_src comp="347" pin="1"/><net_sink comp="277" pin=1"/></net>

<net id="353"><net_src comp="347" pin="1"/><net_sink comp="307" pin=0"/></net>

<net id="357"><net_src comp="90" pin="2"/><net_sink comp="354" pin=0"/></net>

<net id="358"><net_src comp="354" pin="1"/><net_sink comp="179" pin=1"/></net>

<net id="362"><net_src comp="226" pin="2"/><net_sink comp="359" pin=0"/></net>

<net id="366"><net_src comp="238" pin="1"/><net_sink comp="363" pin=0"/></net>

<net id="370"><net_src comp="242" pin="6"/><net_sink comp="367" pin=0"/></net>

<net id="371"><net_src comp="367" pin="1"/><net_sink comp="179" pin=0"/></net>

<net id="375"><net_src comp="179" pin="2"/><net_sink comp="372" pin=0"/></net>

<net id="376"><net_src comp="372" pin="1"/><net_sink comp="188" pin=1"/></net>

<net id="380"><net_src comp="188" pin="2"/><net_sink comp="377" pin=0"/></net>

<net id="381"><net_src comp="377" pin="1"/><net_sink comp="184" pin=1"/></net>

<net id="385"><net_src comp="282" pin="1"/><net_sink comp="382" pin=0"/></net>

<net id="386"><net_src comp="382" pin="1"/><net_sink comp="184" pin=0"/></net>

</net_list>

</model> 
---------------- Datapath Model END ------------------

* FSMD analyzer results:
  - Output states:
	Port: exp_values_3_1_out | {7 }
	Port: exp_values_2_1_out | {7 }
	Port: exp_values_1_1_out | {7 }
	Port: exp_values_0_1_out | {7 }
	Port: exp_sum_out | {7 }
 - Input state : 
	Port: pseudo_moe_Pipeline_VITIS_LOOP_89_4 : exp_values_3_08 | {1 }
	Port: pseudo_moe_Pipeline_VITIS_LOOP_89_4 : exp_values_2_07 | {1 }
	Port: pseudo_moe_Pipeline_VITIS_LOOP_89_4 : exp_values_1_06 | {1 }
	Port: pseudo_moe_Pipeline_VITIS_LOOP_89_4 : exp_values_0_05 | {1 }
	Port: pseudo_moe_Pipeline_VITIS_LOOP_89_4 : logits_0_1 | {1 }
	Port: pseudo_moe_Pipeline_VITIS_LOOP_89_4 : logits_1_1 | {1 }
	Port: pseudo_moe_Pipeline_VITIS_LOOP_89_4 : logits_2_1 | {1 }
	Port: pseudo_moe_Pipeline_VITIS_LOOP_89_4 : logits_3_1 | {1 }
	Port: pseudo_moe_Pipeline_VITIS_LOOP_89_4 : max_logit | {1 }
  - Chain level:
	State 1
		store_ln89 : 1
		store_ln88 : 1
		e : 1
		icmp_ln89 : 2
		add_ln89 : 2
		br_ln89 : 3
		trunc_ln91 : 2
		tmp : 3
		sub : 4
		switch_ln91 : 3
		store_ln89 : 3
	State 2
	State 3
	State 4
	State 5
	State 6
		store_ln91 : 1
		store_ln91 : 1
		store_ln91 : 1
		store_ln91 : 1
	State 7
		exp_sum_1 : 1
		write_ln0 : 1
		write_ln0 : 1
		write_ln0 : 1
		write_ln0 : 1
		write_ln0 : 1
	State 8
		store_ln88 : 1


============================================================
+ Verbose Summary: Datapath Resource usage 
============================================================

* Functional unit list:
|----------|----------------------------------|---------|---------|---------|
| Operation|          Functional Unit         |   DSP   |    FF   |   LUT   |
|----------|----------------------------------|---------|---------|---------|
|   fexp   |            grp_fu_188            |    7    |   140   |   737   |
|----------|----------------------------------|---------|---------|---------|
|   fadd   |            grp_fu_179            |    2    |   177   |   233   |
|          |            grp_fu_184            |    2    |   177   |   233   |
|----------|----------------------------------|---------|---------|---------|
|    mux   |            tmp_fu_242            |    0    |    0    |    20   |
|----------|----------------------------------|---------|---------|---------|
|   icmp   |         icmp_ln89_fu_226         |    0    |    0    |    10   |
|----------|----------------------------------|---------|---------|---------|
|    add   |          add_ln89_fu_232         |    0    |    0    |    10   |
|----------|----------------------------------|---------|---------|---------|
|          |     max_logit_read_read_fu_90    |    0    |    0    |    0    |
|          |    logits_3_1_read_read_fu_96    |    0    |    0    |    0    |
|          |    logits_2_1_read_read_fu_102   |    0    |    0    |    0    |
|          |    logits_1_1_read_read_fu_108   |    0    |    0    |    0    |
|   read   |    logits_0_1_read_read_fu_114   |    0    |    0    |    0    |
|          | exp_values_0_05_read_read_fu_120 |    0    |    0    |    0    |
|          | exp_values_1_06_read_read_fu_126 |    0    |    0    |    0    |
|          | exp_values_2_07_read_read_fu_132 |    0    |    0    |    0    |
|          | exp_values_3_08_read_read_fu_138 |    0    |    0    |    0    |
|----------|----------------------------------|---------|---------|---------|
|          |      write_ln0_write_fu_144      |    0    |    0    |    0    |
|          |      write_ln0_write_fu_151      |    0    |    0    |    0    |
|   write  |      write_ln0_write_fu_158      |    0    |    0    |    0    |
|          |      write_ln0_write_fu_165      |    0    |    0    |    0    |
|          |      write_ln0_write_fu_172      |    0    |    0    |    0    |
|----------|----------------------------------|---------|---------|---------|
|   trunc  |         trunc_ln91_fu_238        |    0    |    0    |    0    |
|----------|----------------------------------|---------|---------|---------|
|   Total  |                                  |    11   |   494   |   1243  |
|----------|----------------------------------|---------|---------|---------|

Memories:
N/A

* Register list:
+----------------------+--------+
|                      |   FF   |
+----------------------+--------+
|      e_1_reg_319     |    3   |
| exp_sum_load_reg_382 |   32   |
|    exp_sum_reg_311   |   32   |
|exp_values_0_1_reg_326|   32   |
|exp_values_1_1_reg_333|   32   |
| exp_values_1_reg_377 |   32   |
|exp_values_2_1_reg_340|   32   |
|exp_values_3_1_reg_347|   32   |
|   icmp_ln89_reg_359  |    1   |
|max_logit_read_reg_354|   32   |
|      sub_reg_372     |   32   |
|      tmp_reg_367     |   32   |
|  trunc_ln91_reg_363  |    2   |
+----------------------+--------+
|         Total        |   326  |
+----------------------+--------+

* Multiplexer (MUX) list: 
|------------|------|------|------|--------||---------||---------|
|    Comp    |  Pin | Size |  BW  | S x BW ||  Delay  ||   LUT   |
|------------|------|------|------|--------||---------||---------|
| grp_fu_179 |  p0  |   2  |  32  |   64   ||    9    |
| grp_fu_179 |  p1  |   2  |  32  |   64   ||    9    |
| grp_fu_184 |  p0  |   2  |  32  |   64   ||    9    |
|------------|------|------|------|--------||---------||---------|
|    Total   |      |      |      |   192  ||  1.086  ||    27   |
|------------|------|------|------|--------||---------||---------|



* Summary:
+-----------+--------+--------+--------+--------+
|           |   DSP  |  Delay |   FF   |   LUT  |
+-----------+--------+--------+--------+--------+
|  Function |   11   |    -   |   494  |  1243  |
|   Memory  |    -   |    -   |    -   |    -   |
|Multiplexer|    -   |    1   |    -   |   27   |
|  Register |    -   |    -   |   326  |    -   |
+-----------+--------+--------+--------+--------+
|   Total   |   11   |    1   |   820  |  1270  |
+-----------+--------+--------+--------+--------+
