

================================================================
== Vitis HLS Report for 'pseudo_moe_Pipeline_VITIS_LOOP_73_2'
================================================================
* Date:           Sun Sep 20 15:25:49 2026

* Version:        2023.2 (Build 4023990 on Oct 11 2023)
* Project:        project
* Solution:       solution1 (Vivado IP Flow Target)
* Product family: virtexuplus
* Target device:  xcvu13p_CIV-figd2104-3-e


================================================================
== Performance Estimates
================================================================
+ Timing: 
    * Summary: 
    +--------+----------+----------+------------+
    |  Clock |  Target  | Estimated| Uncertainty|
    +--------+----------+----------+------------+
    |ap_clk  |  10.00 ns|  7.300 ns|     2.70 ns|
    +--------+----------+----------+------------+

+ Latency: 
    * Summary: 
    +---------+---------+----------+----------+-----+-----+---------+
    |  Latency (cycles) |  Latency (absolute) |  Interval | Pipeline|
    |   min   |   max   |    min   |    max   | min | max |   Type  |
    +---------+---------+----------+----------+-----+-----+---------+
    |       67|       67|  0.670 us|  0.670 us|   67|   67|       no|
    +---------+---------+----------+----------+-----+-----+---------+

    + Detail: 
        * Instance: 
        N/A

        * Loop: 
        +-------------------+---------+---------+----------+-----------+-----------+------+----------+
        |                   |  Latency (cycles) | Iteration|  Initiation Interval  | Trip |          |
        |     Loop Name     |   min   |   max   |  Latency |  achieved |   target  | Count| Pipelined|
        +-------------------+---------+---------+----------+-----------+-----------+------+----------+
        |- VITIS_LOOP_73_2  |       65|       65|         3|          1|          1|    64|       yes|
        +-------------------+---------+---------+----------+-----------+-----------+------+----------+

============================================================
+ Verbose Summary: Synthesis Manager
============================================================
InlineROM: 1
ExposeGlobal: 0
============================================================
+ Verbose Summary: CDFG Model
============================================================
IsTopModel: 0
ResetActiveHigh: 1
IsCombinational: 0
IsDatapathOnly: 0
HasWiredReturn: 1
HasMFsm: 2
HasVarLatency: 1
IsPipeline: 0
IsRtlPipelined: 0
IsInstanceOverlapped: 0
IsDontTouch: 0
HasImplIP: 0
IsGatedGlobalClock: 0

+ Individual pipeline summary: 
  * Pipeline-0: initiation interval (II) = 1, depth = 3


============================================================
+ Verbose Summary: Schedule
============================================================
* Number of FSM states : 3
* Pipeline : 1
  Pipeline-0 : II = 1, D = 3, States = { 1 2 3 }
* Dataflow Pipeline: 0

* FSM state transitions: 
1 --> 2 
2 --> 3 
3 --> 

* FSM state operations: 

State 1 <SV = 0> <Delay = 1.37>
ST_1 : Operation 6 [1/1] (0.00ns)   --->   "%d = alloca i32 1" [/home/simics/HMoE/HLS_HMoE/pseudo_block/run_2/src/pseudo_moe.cpp:73]   --->   Operation 6 'alloca' 'd' <Predicate = true> <Delay = 0.00>
ST_1 : Operation 7 [1/1] (0.00ns)   --->   "%sext_ln71_read = read i62 @_ssdm_op_Read.ap_auto.i62, i62 %sext_ln71"   --->   Operation 7 'read' 'sext_ln71_read' <Predicate = true> <Delay = 0.00>
ST_1 : Operation 8 [1/1] (0.00ns)   --->   "%sext_ln71_cast = sext i62 %sext_ln71_read"   --->   Operation 8 'sext' 'sext_ln71_cast' <Predicate = true> <Delay = 0.00>
ST_1 : Operation 9 [1/1] (0.00ns)   --->   "%specinterface_ln0 = specinterface void @_ssdm_op_SpecInterface, i32 %gmem0, void @empty_23, i32 0, i32 0, void @empty_36, i32 0, i32 0, void @empty_12, void @empty_0, void @empty_36, i32 16, i32 16, i32 16, i32 16, void @empty_36, void @empty_36, i32 4294967295, i32 0"   --->   Operation 9 'specinterface' 'specinterface_ln0' <Predicate = true> <Delay = 0.00>
ST_1 : Operation 10 [1/1] (0.36ns)   --->   "%store_ln73 = store i7 0, i7 %d" [/home/simics/HMoE/HLS_HMoE/pseudo_block/run_2/src/pseudo_moe.cpp:73]   --->   Operation 10 'store' 'store_ln73' <Predicate = true> <Delay = 0.36>
ST_1 : Operation 11 [1/1] (0.00ns)   --->   "%br_ln0 = br void %for.inc"   --->   Operation 11 'br' 'br_ln0' <Predicate = true> <Delay = 0.00>
ST_1 : Operation 12 [1/1] (0.00ns)   --->   "%d_1 = load i7 %d" [/home/simics/HMoE/HLS_HMoE/pseudo_block/run_2/src/pseudo_moe.cpp:73]   --->   Operation 12 'load' 'd_1' <Predicate = true> <Delay = 0.00>
ST_1 : Operation 13 [1/1] (0.00ns)   --->   "%specbitsmap_ln0 = specbitsmap void @_ssdm_op_SpecBitsMap, i32 %gmem0"   --->   Operation 13 'specbitsmap' 'specbitsmap_ln0' <Predicate = true> <Delay = 0.00>
ST_1 : Operation 14 [1/1] (0.65ns)   --->   "%icmp_ln73 = icmp_eq  i7 %d_1, i7 64" [/home/simics/HMoE/HLS_HMoE/pseudo_block/run_2/src/pseudo_moe.cpp:73]   --->   Operation 14 'icmp' 'icmp_ln73' <Predicate = true> <Delay = 0.65> <CoreInst = "Cmp">   --->   Core 9 'Cmp' <Latency = 0> <II = 1> <Delay = 0.65> <FuncUnit> <Opcode : 'icmp'> <InPorts = 2> <OutPorts = 1>
ST_1 : Operation 15 [1/1] (0.65ns)   --->   "%add_ln73 = add i7 %d_1, i7 1" [/home/simics/HMoE/HLS_HMoE/pseudo_block/run_2/src/pseudo_moe.cpp:73]   --->   Operation 15 'add' 'add_ln73' <Predicate = true> <Delay = 0.65> <CoreInst = "Adder">   --->   Core 1 'Adder' <Latency = 0> <II = 1> <Delay = 0.65> <FuncUnit> <Opcode : 'add' 'sub'> <InPorts = 2> <OutPorts = 1>
ST_1 : Operation 16 [1/1] (0.00ns)   --->   "%br_ln73 = br i1 %icmp_ln73, void %for.inc.split, void %VITIS_LOOP_80_3.exitStub" [/home/simics/HMoE/HLS_HMoE/pseudo_block/run_2/src/pseudo_moe.cpp:73]   --->   Operation 16 'br' 'br_ln73' <Predicate = true> <Delay = 0.00>
ST_1 : Operation 17 [1/1] (0.36ns)   --->   "%store_ln73 = store i7 %add_ln73, i7 %d" [/home/simics/HMoE/HLS_HMoE/pseudo_block/run_2/src/pseudo_moe.cpp:73]   --->   Operation 17 'store' 'store_ln73' <Predicate = (!icmp_ln73)> <Delay = 0.36>

State 2 <SV = 1> <Delay = 7.30>
ST_2 : Operation 18 [1/1] (0.00ns)   --->   "%gmem0_addr = getelementptr i32 %gmem0, i64 %sext_ln71_cast" [/home/simics/HMoE/HLS_HMoE/pseudo_block/run_2/src/pseudo_moe.cpp:71]   --->   Operation 18 'getelementptr' 'gmem0_addr' <Predicate = true> <Delay = 0.00>
ST_2 : Operation 19 [1/1] (7.30ns)   --->   "%gmem0_addr_read = read i32 @_ssdm_op_Read.m_axi.p1i32, i32 %gmem0_addr" [/home/simics/HMoE/HLS_HMoE/pseudo_block/run_2/src/pseudo_moe.cpp:75]   --->   Operation 19 'read' 'gmem0_addr_read' <Predicate = true> <Delay = 7.30> <CoreInst = "m_axi">   --->   Core 121 'm_axi' <Latency = 0> <II = 1> <Delay = 1.00> <Adapter> <Opcode : 'read' 'write' 'readreq' 'writereq' 'writeresp'>
ST_2 : Operation 28 [1/1] (0.00ns)   --->   "%ret_ln0 = ret"   --->   Operation 28 'ret' 'ret_ln0' <Predicate = (icmp_ln73)> <Delay = 0.00>

State 3 <SV = 2> <Delay = 1.02>
ST_3 : Operation 20 [1/1] (0.00ns)   --->   "%zext_ln73 = zext i7 %d_1" [/home/simics/HMoE/HLS_HMoE/pseudo_block/run_2/src/pseudo_moe.cpp:73]   --->   Operation 20 'zext' 'zext_ln73' <Predicate = true> <Delay = 0.00>
ST_3 : Operation 21 [1/1] (0.00ns)   --->   "%specpipeline_ln74 = specpipeline void @_ssdm_op_SpecPipeline, i32 1, i32 0, i32 0, i32 0, void @empty_36" [/home/simics/HMoE/HLS_HMoE/pseudo_block/run_2/src/pseudo_moe.cpp:74]   --->   Operation 21 'specpipeline' 'specpipeline_ln74' <Predicate = true> <Delay = 0.00>
ST_3 : Operation 22 [1/1] (0.00ns)   --->   "%speclooptripcount_ln73 = speclooptripcount void @_ssdm_op_SpecLoopTripCount, i64 64, i64 64, i64 64" [/home/simics/HMoE/HLS_HMoE/pseudo_block/run_2/src/pseudo_moe.cpp:73]   --->   Operation 22 'speclooptripcount' 'speclooptripcount_ln73' <Predicate = true> <Delay = 0.00>
ST_3 : Operation 23 [1/1] (0.00ns)   --->   "%specloopname_ln73 = specloopname void @_ssdm_op_SpecLoopName, void @empty_33" [/home/simics/HMoE/HLS_HMoE/pseudo_block/run_2/src/pseudo_moe.cpp:73]   --->   Operation 23 'specloopname' 'specloopname_ln73' <Predicate = true> <Delay = 0.00>
ST_3 : Operation 24 [1/1] (0.00ns)   --->   "%bitcast_ln75 = bitcast i32 %gmem0_addr_read" [/home/simics/HMoE/HLS_HMoE/pseudo_block/run_2/src/pseudo_moe.cpp:75]   --->   Operation 24 'bitcast' 'bitcast_ln75' <Predicate = true> <Delay = 0.00>
ST_3 : Operation 25 [1/1] (0.00ns)   --->   "%x_addr = getelementptr i32 %x, i64 0, i64 %zext_ln73" [/home/simics/HMoE/HLS_HMoE/pseudo_block/run_2/src/pseudo_moe.cpp:75]   --->   Operation 25 'getelementptr' 'x_addr' <Predicate = true> <Delay = 0.00>
ST_3 : Operation 26 [1/1] (1.02ns)   --->   "%store_ln75 = store i32 %bitcast_ln75, i6 %x_addr" [/home/simics/HMoE/HLS_HMoE/pseudo_block/run_2/src/pseudo_moe.cpp:75]   --->   Operation 26 'store' 'store_ln75' <Predicate = true> <Delay = 1.02> <CoreInst = "RAM_1WnR">   --->   Core 84 'RAM_1WnR' <Latency = 1> <II = 1> <Delay = 1.02> <Storage> <Opcode : 'load' 'store'> <Ports = 17> <Width = 32> <Depth = 64> <RAM>
ST_3 : Operation 27 [1/1] (0.00ns)   --->   "%br_ln73 = br void %for.inc" [/home/simics/HMoE/HLS_HMoE/pseudo_block/run_2/src/pseudo_moe.cpp:73]   --->   Operation 27 'br' 'br_ln73' <Predicate = true> <Delay = 0.00>


============================================================
+ Verbose Summary: Timing violations
============================================================
Target clock period: 10.000ns, clock uncertainty: 2.700ns.

 <State 1>: 1.374ns
The critical path consists of the following:
	'store' operation 0 bit ('store_ln73', /home/simics/HMoE/HLS_HMoE/pseudo_block/run_2/src/pseudo_moe.cpp:73) of constant 0 on local variable 'd', /home/simics/HMoE/HLS_HMoE/pseudo_block/run_2/src/pseudo_moe.cpp:73 [8]  (0.362 ns)
	'load' operation 7 bit ('d', /home/simics/HMoE/HLS_HMoE/pseudo_block/run_2/src/pseudo_moe.cpp:73) on local variable 'd', /home/simics/HMoE/HLS_HMoE/pseudo_block/run_2/src/pseudo_moe.cpp:73 [11]  (0.000 ns)
	'icmp' operation 1 bit ('icmp_ln73', /home/simics/HMoE/HLS_HMoE/pseudo_block/run_2/src/pseudo_moe.cpp:73) [13]  (0.650 ns)
	'store' operation 0 bit ('store_ln73', /home/simics/HMoE/HLS_HMoE/pseudo_block/run_2/src/pseudo_moe.cpp:73) of variable 'add_ln73', /home/simics/HMoE/HLS_HMoE/pseudo_block/run_2/src/pseudo_moe.cpp:73 on local variable 'd', /home/simics/HMoE/HLS_HMoE/pseudo_block/run_2/src/pseudo_moe.cpp:73 [26]  (0.362 ns)

 <State 2>: 7.300ns
The critical path consists of the following:
	'getelementptr' operation 32 bit ('gmem0_addr', /home/simics/HMoE/HLS_HMoE/pseudo_block/run_2/src/pseudo_moe.cpp:71) [17]  (0.000 ns)
	bus read operation ('gmem0_addr_read', /home/simics/HMoE/HLS_HMoE/pseudo_block/run_2/src/pseudo_moe.cpp:75) on port 'gmem0' (/home/simics/HMoE/HLS_HMoE/pseudo_block/run_2/src/pseudo_moe.cpp:75) [22]  (7.300 ns)

 <State 3>: 1.025ns
The critical path consists of the following:
	'getelementptr' operation 6 bit ('x_addr', /home/simics/HMoE/HLS_HMoE/pseudo_block/run_2/src/pseudo_moe.cpp:75) [24]  (0.000 ns)
	'store' operation 0 bit ('store_ln75', /home/simics/HMoE/HLS_HMoE/pseudo_block/run_2/src/pseudo_moe.cpp:75) of variable 'bitcast_ln75', /home/simics/HMoE/HLS_HMoE/pseudo_block/run_2/src/pseudo_moe.cpp:75 on array 'x' [25]  (1.025 ns)


============================================================
+ Verbose Summary: Binding
============================================================
N/A
* FSMD analyzer results:
  - Output states:
 - Input state : 
  - Chain level:
	State 1
	State 2
	State 3


============================================================
+ Verbose Summary: Datapath Resource usage 
============================================================
N/A
