

================================================================
== Vitis HLS Report for 'pseudo_moe_Pipeline_VITIS_LOOP_130_12'
================================================================
* Date:           Sun Sep 20 15:25:51 2026

* Version:        2023.2 (Build 4023990 on Oct 11 2023)
* Project:        project
* Solution:       solution1 (Vivado IP Flow Target)
* Product family: virtexuplus
* Target device:  xcvu13p_CIV-figd2104-3-e


================================================================
== Performance Estimates
================================================================
+ Timing: 
    * Summary: 
    +--------+----------+-----------+------------+
    |  Clock |  Target  | Estimated | Uncertainty|
    +--------+----------+-----------+------------+
    |ap_clk  |  10.00 ns|  13.347 ns|     2.70 ns|
    +--------+----------+-----------+------------+

+ Latency: 
    * Summary: 
    +---------+---------+-----------+-----------+------+------+---------+
    |  Latency (cycles) |   Latency (absolute)  |   Interval  | Pipeline|
    |   min   |   max   |    min    |    max    |  min |  max |   Type  |
    +---------+---------+-----------+-----------+------+------+---------+
    |     1026|     1026|  13.694 us|  13.694 us|  1026|  1026|       no|
    +---------+---------+-----------+-----------+------+------+---------+

    + Detail: 
        * Instance: 
        N/A

        * Loop: 
        +---------------------+---------+---------+----------+-----------+-----------+------+----------+
        |                     |  Latency (cycles) | Iteration|  Initiation Interval  | Trip |          |
        |      Loop Name      |   min   |   max   |  Latency |  achieved |   target  | Count| Pipelined|
        +---------------------+---------+---------+----------+-----------+-----------+------+----------+
        |- VITIS_LOOP_130_12  |     1024|     1024|        17|         16|          1|    64|       yes|
        +---------------------+---------+---------+----------+-----------+-----------+------+----------+

============================================================
+ Verbose Summary: Synthesis Manager
============================================================
InlineROM: 1
ExposeGlobal: 0
============================================================
+ Verbose Summary: CDFG Model
============================================================
IsTopModel: 0
ResetActiveHigh: 1
IsCombinational: 0
IsDatapathOnly: 0
HasWiredReturn: 1
HasMFsm: 2
HasVarLatency: 1
IsPipeline: 0
IsRtlPipelined: 0
IsInstanceOverlapped: 0
IsDontTouch: 0
HasImplIP: 0
IsGatedGlobalClock: 0

+ Individual pipeline summary: 
  * Pipeline-0: initiation interval (II) = 16, depth = 17


============================================================
+ Verbose Summary: Schedule
============================================================
* Number of FSM states : 17
* Pipeline : 1
  Pipeline-0 : II = 16, D = 17, States = { 1 2 3 4 5 6 7 8 9 10 11 12 13 14 15 16 17 }
* Dataflow Pipeline: 0

* FSM state transitions: 
1 --> 2 
2 --> 3 
3 --> 4 
4 --> 5 
5 --> 6 
6 --> 7 
7 --> 8 
8 --> 9 
9 --> 10 
10 --> 11 
11 --> 12 
12 --> 13 
13 --> 14 
14 --> 15 
15 --> 16 
16 --> 17 
17 --> 

* FSM state operations: 

State 1 <SV = 0> <Delay = 1.38>
ST_1 : Operation 20 [1/1] (0.00ns)   --->   "%o = alloca i32 1" [/home/simics/HMoE/HLS_HMoE/pseudo_block/run_2/src/pseudo_moe.cpp:130]   --->   Operation 20 'alloca' 'o' <Predicate = true> <Delay = 0.00>
ST_1 : Operation 21 [1/1] (0.00ns)   --->   "%specinterface_ln0 = specinterface void @_ssdm_op_SpecInterface, i32 %gmem12, void @empty_23, i32 0, i32 0, void @empty_36, i32 0, i32 0, void @empty, void @empty_0, void @empty_36, i32 16, i32 16, i32 16, i32 16, void @empty_36, void @empty_36, i32 4294967295, i32 0"   --->   Operation 21 'specinterface' 'specinterface_ln0' <Predicate = true> <Delay = 0.00>
ST_1 : Operation 22 [1/1] (0.00ns)   --->   "%output_r_read = read i64 @_ssdm_op_Read.ap_auto.i64, i64 %output_r"   --->   Operation 22 'read' 'output_r_read' <Predicate = true> <Delay = 0.00>
ST_1 : Operation 23 [1/1] (0.00ns)   --->   "%n_read = read i4 @_ssdm_op_Read.ap_auto.i4, i4 %n"   --->   Operation 23 'read' 'n_read' <Predicate = true> <Delay = 0.00>
ST_1 : Operation 24 [1/1] (0.00ns)   --->   "%tmp = read i32 @_ssdm_op_Read.ap_auto.float, i32 %empty"   --->   Operation 24 'read' 'tmp' <Predicate = true> <Delay = 0.00>
ST_1 : Operation 25 [1/1] (0.36ns)   --->   "%store_ln130 = store i7 0, i7 %o" [/home/simics/HMoE/HLS_HMoE/pseudo_block/run_2/src/pseudo_moe.cpp:130]   --->   Operation 25 'store' 'store_ln130' <Predicate = true> <Delay = 0.36>
ST_1 : Operation 26 [1/1] (0.00ns)   --->   "%br_ln0 = br void %for.inc169"   --->   Operation 26 'br' 'br_ln0' <Predicate = true> <Delay = 0.00>
ST_1 : Operation 27 [1/1] (0.00ns)   --->   "%o_3 = load i7 %o" [/home/simics/HMoE/HLS_HMoE/pseudo_block/run_2/src/pseudo_moe.cpp:132]   --->   Operation 27 'load' 'o_3' <Predicate = true> <Delay = 0.00>
ST_1 : Operation 28 [1/1] (0.00ns)   --->   "%specbitsmap_ln0 = specbitsmap void @_ssdm_op_SpecBitsMap, i32 %gmem12"   --->   Operation 28 'specbitsmap' 'specbitsmap_ln0' <Predicate = true> <Delay = 0.00>
ST_1 : Operation 29 [1/1] (0.65ns)   --->   "%icmp_ln130 = icmp_eq  i7 %o_3, i7 64" [/home/simics/HMoE/HLS_HMoE/pseudo_block/run_2/src/pseudo_moe.cpp:130]   --->   Operation 29 'icmp' 'icmp_ln130' <Predicate = true> <Delay = 0.65> <CoreInst = "Cmp">   --->   Core 9 'Cmp' <Latency = 0> <II = 1> <Delay = 0.65> <FuncUnit> <Opcode : 'icmp'> <InPorts = 2> <OutPorts = 1>
ST_1 : Operation 30 [1/1] (0.65ns)   --->   "%add_ln130 = add i7 %o_3, i7 1" [/home/simics/HMoE/HLS_HMoE/pseudo_block/run_2/src/pseudo_moe.cpp:130]   --->   Operation 30 'add' 'add_ln130' <Predicate = true> <Delay = 0.65> <CoreInst = "Adder">   --->   Core 1 'Adder' <Latency = 0> <II = 1> <Delay = 0.65> <FuncUnit> <Opcode : 'add' 'sub'> <InPorts = 2> <OutPorts = 1>
ST_1 : Operation 31 [1/1] (0.00ns)   --->   "%br_ln130 = br i1 %icmp_ln130, void %for.inc169.split, void %VITIS_LOOP_136_13.exitStub" [/home/simics/HMoE/HLS_HMoE/pseudo_block/run_2/src/pseudo_moe.cpp:130]   --->   Operation 31 'br' 'br_ln130' <Predicate = true> <Delay = 0.00>
ST_1 : Operation 32 [1/1] (0.00ns)   --->   "%zext_ln130 = zext i7 %o_3" [/home/simics/HMoE/HLS_HMoE/pseudo_block/run_2/src/pseudo_moe.cpp:130]   --->   Operation 32 'zext' 'zext_ln130' <Predicate = (!icmp_ln130)> <Delay = 0.00>
ST_1 : Operation 33 [1/1] (0.00ns)   --->   "%expert_result_addr = getelementptr i32 %expert_result, i64 0, i64 %zext_ln130" [/home/simics/HMoE/HLS_HMoE/pseudo_block/run_2/src/pseudo_moe.cpp:132]   --->   Operation 33 'getelementptr' 'expert_result_addr' <Predicate = (!icmp_ln130)> <Delay = 0.00>
ST_1 : Operation 34 [2/2] (1.02ns)   --->   "%expert_result_load = load i6 %expert_result_addr" [/home/simics/HMoE/HLS_HMoE/pseudo_block/run_2/src/pseudo_moe.cpp:132]   --->   Operation 34 'load' 'expert_result_load' <Predicate = (!icmp_ln130)> <Delay = 1.02> <CoreInst = "RAM">   --->   Core 83 'RAM' <Latency = 1> <II = 1> <Delay = 1.02> <Storage> <Opcode : 'load' 'store'> <Ports = 2> <Width = 32> <Depth = 64> <RAM>
ST_1 : Operation 35 [1/1] (0.00ns)   --->   "%trunc_ln132 = trunc i7 %o_3" [/home/simics/HMoE/HLS_HMoE/pseudo_block/run_2/src/pseudo_moe.cpp:132]   --->   Operation 35 'trunc' 'trunc_ln132' <Predicate = (!icmp_ln130)> <Delay = 0.00>
ST_1 : Operation 36 [1/1] (0.00ns)   --->   "%shl_ln2 = bitconcatenate i12 @_ssdm_op_BitConcatenate.i12.i4.i6.i2, i4 %n_read, i6 %trunc_ln132, i2 0" [/home/simics/HMoE/HLS_HMoE/pseudo_block/run_2/src/pseudo_moe.cpp:132]   --->   Operation 36 'bitconcatenate' 'shl_ln2' <Predicate = (!icmp_ln130)> <Delay = 0.00>
ST_1 : Operation 37 [1/1] (0.00ns)   --->   "%zext_ln132 = zext i12 %shl_ln2" [/home/simics/HMoE/HLS_HMoE/pseudo_block/run_2/src/pseudo_moe.cpp:132]   --->   Operation 37 'zext' 'zext_ln132' <Predicate = (!icmp_ln130)> <Delay = 0.00>
ST_1 : Operation 38 [1/1] (0.96ns)   --->   "%add_ln132 = add i64 %zext_ln132, i64 %output_r_read" [/home/simics/HMoE/HLS_HMoE/pseudo_block/run_2/src/pseudo_moe.cpp:132]   --->   Operation 38 'add' 'add_ln132' <Predicate = (!icmp_ln130)> <Delay = 0.96> <CoreInst = "Adder">   --->   Core 1 'Adder' <Latency = 0> <II = 1> <Delay = 0.96> <FuncUnit> <Opcode : 'add' 'sub'> <InPorts = 2> <OutPorts = 1>
ST_1 : Operation 39 [1/1] (0.00ns)   --->   "%trunc_ln132_1 = partselect i62 @_ssdm_op_PartSelect.i62.i64.i32.i32, i64 %add_ln132, i32 2, i32 63" [/home/simics/HMoE/HLS_HMoE/pseudo_block/run_2/src/pseudo_moe.cpp:132]   --->   Operation 39 'partselect' 'trunc_ln132_1' <Predicate = (!icmp_ln130)> <Delay = 0.00>
ST_1 : Operation 40 [1/1] (0.00ns)   --->   "%sext_ln132 = sext i62 %trunc_ln132_1" [/home/simics/HMoE/HLS_HMoE/pseudo_block/run_2/src/pseudo_moe.cpp:132]   --->   Operation 40 'sext' 'sext_ln132' <Predicate = (!icmp_ln130)> <Delay = 0.00>
ST_1 : Operation 41 [1/1] (0.00ns)   --->   "%gmem12_addr = getelementptr i32 %gmem12, i64 %sext_ln132" [/home/simics/HMoE/HLS_HMoE/pseudo_block/run_2/src/pseudo_moe.cpp:132]   --->   Operation 41 'getelementptr' 'gmem12_addr' <Predicate = (!icmp_ln130)> <Delay = 0.00>
ST_1 : Operation 42 [1/1] (0.36ns)   --->   "%store_ln130 = store i7 %add_ln130, i7 %o" [/home/simics/HMoE/HLS_HMoE/pseudo_block/run_2/src/pseudo_moe.cpp:130]   --->   Operation 42 'store' 'store_ln130' <Predicate = (!icmp_ln130)> <Delay = 0.36>
ST_1 : Operation 70 [1/1] (0.00ns)   --->   "%ret_ln0 = ret"   --->   Operation 70 'ret' 'ret_ln0' <Predicate = (icmp_ln130)> <Delay = 0.00>

State 2 <SV = 1> <Delay = 7.30>
ST_2 : Operation 43 [1/2] (1.02ns)   --->   "%expert_result_load = load i6 %expert_result_addr" [/home/simics/HMoE/HLS_HMoE/pseudo_block/run_2/src/pseudo_moe.cpp:132]   --->   Operation 43 'load' 'expert_result_load' <Predicate = (!icmp_ln130)> <Delay = 1.02> <CoreInst = "RAM">   --->   Core 83 'RAM' <Latency = 1> <II = 1> <Delay = 1.02> <Storage> <Opcode : 'load' 'store'> <Ports = 2> <Width = 32> <Depth = 64> <RAM>
ST_2 : Operation 44 [2/2] (3.88ns)   --->   "%mul2 = fmul i32 %tmp, i32 %expert_result_load" [/home/simics/HMoE/HLS_HMoE/pseudo_block/run_2/src/pseudo_moe.cpp:132]   --->   Operation 44 'fmul' 'mul2' <Predicate = (!icmp_ln130)> <Delay = 3.88> <CoreInst = "FMul_maxdsp">   --->   Core 30 'FMul_maxdsp' <Latency = 1> <II = 1> <Delay = 3.88> <FuncUnit> <Opcode : 'fmul'> <InPorts = 2> <OutPorts = 1>
ST_2 : Operation 45 [8/8] (7.30ns)   --->   "%gmem12_load_2_req = readreq i1 @_ssdm_op_ReadReq.m_axi.i32P1A, i32 %gmem12_addr, i32 1" [/home/simics/HMoE/HLS_HMoE/pseudo_block/run_2/src/pseudo_moe.cpp:132]   --->   Operation 45 'readreq' 'gmem12_load_2_req' <Predicate = (!icmp_ln130)> <Delay = 7.30> <CoreInst = "m_axi">   --->   Core 121 'm_axi' <Latency = 0> <II = 1> <Delay = 1.00> <Adapter> <Opcode : 'read' 'write' 'readreq' 'writereq' 'writeresp'>

State 3 <SV = 2> <Delay = 7.30>
ST_3 : Operation 46 [1/2] (3.88ns)   --->   "%mul2 = fmul i32 %tmp, i32 %expert_result_load" [/home/simics/HMoE/HLS_HMoE/pseudo_block/run_2/src/pseudo_moe.cpp:132]   --->   Operation 46 'fmul' 'mul2' <Predicate = (!icmp_ln130)> <Delay = 3.88> <CoreInst = "FMul_maxdsp">   --->   Core 30 'FMul_maxdsp' <Latency = 1> <II = 1> <Delay = 3.88> <FuncUnit> <Opcode : 'fmul'> <InPorts = 2> <OutPorts = 1>
ST_3 : Operation 47 [7/8] (7.30ns)   --->   "%gmem12_load_2_req = readreq i1 @_ssdm_op_ReadReq.m_axi.i32P1A, i32 %gmem12_addr, i32 1" [/home/simics/HMoE/HLS_HMoE/pseudo_block/run_2/src/pseudo_moe.cpp:132]   --->   Operation 47 'readreq' 'gmem12_load_2_req' <Predicate = (!icmp_ln130)> <Delay = 7.30> <CoreInst = "m_axi">   --->   Core 121 'm_axi' <Latency = 0> <II = 1> <Delay = 1.00> <Adapter> <Opcode : 'read' 'write' 'readreq' 'writereq' 'writeresp'>

State 4 <SV = 3> <Delay = 7.30>
ST_4 : Operation 48 [6/8] (7.30ns)   --->   "%gmem12_load_2_req = readreq i1 @_ssdm_op_ReadReq.m_axi.i32P1A, i32 %gmem12_addr, i32 1" [/home/simics/HMoE/HLS_HMoE/pseudo_block/run_2/src/pseudo_moe.cpp:132]   --->   Operation 48 'readreq' 'gmem12_load_2_req' <Predicate = (!icmp_ln130)> <Delay = 7.30> <CoreInst = "m_axi">   --->   Core 121 'm_axi' <Latency = 0> <II = 1> <Delay = 1.00> <Adapter> <Opcode : 'read' 'write' 'readreq' 'writereq' 'writeresp'>

State 5 <SV = 4> <Delay = 7.30>
ST_5 : Operation 49 [5/8] (7.30ns)   --->   "%gmem12_load_2_req = readreq i1 @_ssdm_op_ReadReq.m_axi.i32P1A, i32 %gmem12_addr, i32 1" [/home/simics/HMoE/HLS_HMoE/pseudo_block/run_2/src/pseudo_moe.cpp:132]   --->   Operation 49 'readreq' 'gmem12_load_2_req' <Predicate = (!icmp_ln130)> <Delay = 7.30> <CoreInst = "m_axi">   --->   Core 121 'm_axi' <Latency = 0> <II = 1> <Delay = 1.00> <Adapter> <Opcode : 'read' 'write' 'readreq' 'writereq' 'writeresp'>

State 6 <SV = 5> <Delay = 7.30>
ST_6 : Operation 50 [4/8] (7.30ns)   --->   "%gmem12_load_2_req = readreq i1 @_ssdm_op_ReadReq.m_axi.i32P1A, i32 %gmem12_addr, i32 1" [/home/simics/HMoE/HLS_HMoE/pseudo_block/run_2/src/pseudo_moe.cpp:132]   --->   Operation 50 'readreq' 'gmem12_load_2_req' <Predicate = (!icmp_ln130)> <Delay = 7.30> <CoreInst = "m_axi">   --->   Core 121 'm_axi' <Latency = 0> <II = 1> <Delay = 1.00> <Adapter> <Opcode : 'read' 'write' 'readreq' 'writereq' 'writeresp'>

State 7 <SV = 6> <Delay = 7.30>
ST_7 : Operation 51 [3/8] (7.30ns)   --->   "%gmem12_load_2_req = readreq i1 @_ssdm_op_ReadReq.m_axi.i32P1A, i32 %gmem12_addr, i32 1" [/home/simics/HMoE/HLS_HMoE/pseudo_block/run_2/src/pseudo_moe.cpp:132]   --->   Operation 51 'readreq' 'gmem12_load_2_req' <Predicate = (!icmp_ln130)> <Delay = 7.30> <CoreInst = "m_axi">   --->   Core 121 'm_axi' <Latency = 0> <II = 1> <Delay = 1.00> <Adapter> <Opcode : 'read' 'write' 'readreq' 'writereq' 'writeresp'>

State 8 <SV = 7> <Delay = 7.30>
ST_8 : Operation 52 [2/8] (7.30ns)   --->   "%gmem12_load_2_req = readreq i1 @_ssdm_op_ReadReq.m_axi.i32P1A, i32 %gmem12_addr, i32 1" [/home/simics/HMoE/HLS_HMoE/pseudo_block/run_2/src/pseudo_moe.cpp:132]   --->   Operation 52 'readreq' 'gmem12_load_2_req' <Predicate = (!icmp_ln130)> <Delay = 7.30> <CoreInst = "m_axi">   --->   Core 121 'm_axi' <Latency = 0> <II = 1> <Delay = 1.00> <Adapter> <Opcode : 'read' 'write' 'readreq' 'writereq' 'writeresp'>

State 9 <SV = 8> <Delay = 7.30>
ST_9 : Operation 53 [1/8] (7.30ns)   --->   "%gmem12_load_2_req = readreq i1 @_ssdm_op_ReadReq.m_axi.i32P1A, i32 %gmem12_addr, i32 1" [/home/simics/HMoE/HLS_HMoE/pseudo_block/run_2/src/pseudo_moe.cpp:132]   --->   Operation 53 'readreq' 'gmem12_load_2_req' <Predicate = (!icmp_ln130)> <Delay = 7.30> <CoreInst = "m_axi">   --->   Core 121 'm_axi' <Latency = 0> <II = 1> <Delay = 1.00> <Adapter> <Opcode : 'read' 'write' 'readreq' 'writereq' 'writeresp'>

State 10 <SV = 9> <Delay = 7.30>
ST_10 : Operation 54 [1/1] (7.30ns)   --->   "%gmem12_addr_read = read i32 @_ssdm_op_Read.m_axi.i32P1A, i32 %gmem12_addr" [/home/simics/HMoE/HLS_HMoE/pseudo_block/run_2/src/pseudo_moe.cpp:132]   --->   Operation 54 'read' 'gmem12_addr_read' <Predicate = (!icmp_ln130)> <Delay = 7.30> <CoreInst = "m_axi">   --->   Core 121 'm_axi' <Latency = 0> <II = 1> <Delay = 1.00> <Adapter> <Opcode : 'read' 'write' 'readreq' 'writereq' 'writeresp'>

State 11 <SV = 10> <Delay = 7.30>
ST_11 : Operation 55 [1/1] (0.00ns)   --->   "%bitcast_ln132 = bitcast i32 %gmem12_addr_read" [/home/simics/HMoE/HLS_HMoE/pseudo_block/run_2/src/pseudo_moe.cpp:132]   --->   Operation 55 'bitcast' 'bitcast_ln132' <Predicate = (!icmp_ln130)> <Delay = 0.00>
ST_11 : Operation 56 [2/2] (6.04ns)   --->   "%add2 = fadd i32 %bitcast_ln132, i32 %mul2" [/home/simics/HMoE/HLS_HMoE/pseudo_block/run_2/src/pseudo_moe.cpp:132]   --->   Operation 56 'fadd' 'add2' <Predicate = (!icmp_ln130)> <Delay = 6.04> <CoreInst = "FAddSub_fulldsp">   --->   Core 18 'FAddSub_fulldsp' <Latency = 1> <II = 1> <Delay = 6.04> <FuncUnit> <Opcode : 'fadd' 'fsub'> <InPorts = 2> <OutPorts = 1>
ST_11 : Operation 57 [1/1] (7.30ns)   --->   "%gmem12_addr_3_req = writereq i1 @_ssdm_op_WriteReq.m_axi.i32P1A, i32 %gmem12_addr, i32 1" [/home/simics/HMoE/HLS_HMoE/pseudo_block/run_2/src/pseudo_moe.cpp:132]   --->   Operation 57 'writereq' 'gmem12_addr_3_req' <Predicate = (!icmp_ln130)> <Delay = 7.30> <CoreInst = "m_axi">   --->   Core 121 'm_axi' <Latency = 0> <II = 1> <Delay = 1.00> <Adapter> <Opcode : 'read' 'write' 'readreq' 'writereq' 'writeresp'>

State 12 <SV = 11> <Delay = 13.3>
ST_12 : Operation 58 [1/2] (6.04ns)   --->   "%add2 = fadd i32 %bitcast_ln132, i32 %mul2" [/home/simics/HMoE/HLS_HMoE/pseudo_block/run_2/src/pseudo_moe.cpp:132]   --->   Operation 58 'fadd' 'add2' <Predicate = (!icmp_ln130)> <Delay = 6.04> <CoreInst = "FAddSub_fulldsp">   --->   Core 18 'FAddSub_fulldsp' <Latency = 1> <II = 1> <Delay = 6.04> <FuncUnit> <Opcode : 'fadd' 'fsub'> <InPorts = 2> <OutPorts = 1>
ST_12 : Operation 59 [1/1] (0.00ns)   --->   "%bitcast_ln132_1 = bitcast i32 %add2" [/home/simics/HMoE/HLS_HMoE/pseudo_block/run_2/src/pseudo_moe.cpp:132]   --->   Operation 59 'bitcast' 'bitcast_ln132_1' <Predicate = (!icmp_ln130)> <Delay = 0.00>
ST_12 : Operation 60 [1/1] (7.30ns)   --->   "%write_ln132 = write void @_ssdm_op_Write.m_axi.i32P1A, i32 %gmem12_addr, i32 %bitcast_ln132_1, i4 15" [/home/simics/HMoE/HLS_HMoE/pseudo_block/run_2/src/pseudo_moe.cpp:132]   --->   Operation 60 'write' 'write_ln132' <Predicate = (!icmp_ln130)> <Delay = 7.30> <CoreInst = "m_axi">   --->   Core 121 'm_axi' <Latency = 0> <II = 1> <Delay = 1.00> <Adapter> <Opcode : 'read' 'write' 'readreq' 'writereq' 'writeresp'>

State 13 <SV = 12> <Delay = 7.30>
ST_13 : Operation 61 [5/5] (7.30ns)   --->   "%gmem12_addr_3_resp = writeresp i1 @_ssdm_op_WriteResp.m_axi.i32P1A, i32 %gmem12_addr" [/home/simics/HMoE/HLS_HMoE/pseudo_block/run_2/src/pseudo_moe.cpp:132]   --->   Operation 61 'writeresp' 'gmem12_addr_3_resp' <Predicate = (!icmp_ln130)> <Delay = 7.30> <CoreInst = "m_axi">   --->   Core 121 'm_axi' <Latency = 0> <II = 1> <Delay = 1.00> <Adapter> <Opcode : 'read' 'write' 'readreq' 'writereq' 'writeresp'>

State 14 <SV = 13> <Delay = 7.30>
ST_14 : Operation 62 [4/5] (7.30ns)   --->   "%gmem12_addr_3_resp = writeresp i1 @_ssdm_op_WriteResp.m_axi.i32P1A, i32 %gmem12_addr" [/home/simics/HMoE/HLS_HMoE/pseudo_block/run_2/src/pseudo_moe.cpp:132]   --->   Operation 62 'writeresp' 'gmem12_addr_3_resp' <Predicate = (!icmp_ln130)> <Delay = 7.30> <CoreInst = "m_axi">   --->   Core 121 'm_axi' <Latency = 0> <II = 1> <Delay = 1.00> <Adapter> <Opcode : 'read' 'write' 'readreq' 'writereq' 'writeresp'>

State 15 <SV = 14> <Delay = 7.30>
ST_15 : Operation 63 [3/5] (7.30ns)   --->   "%gmem12_addr_3_resp = writeresp i1 @_ssdm_op_WriteResp.m_axi.i32P1A, i32 %gmem12_addr" [/home/simics/HMoE/HLS_HMoE/pseudo_block/run_2/src/pseudo_moe.cpp:132]   --->   Operation 63 'writeresp' 'gmem12_addr_3_resp' <Predicate = (!icmp_ln130)> <Delay = 7.30> <CoreInst = "m_axi">   --->   Core 121 'm_axi' <Latency = 0> <II = 1> <Delay = 1.00> <Adapter> <Opcode : 'read' 'write' 'readreq' 'writereq' 'writeresp'>

State 16 <SV = 15> <Delay = 7.30>
ST_16 : Operation 64 [2/5] (7.30ns)   --->   "%gmem12_addr_3_resp = writeresp i1 @_ssdm_op_WriteResp.m_axi.i32P1A, i32 %gmem12_addr" [/home/simics/HMoE/HLS_HMoE/pseudo_block/run_2/src/pseudo_moe.cpp:132]   --->   Operation 64 'writeresp' 'gmem12_addr_3_resp' <Predicate = (!icmp_ln130)> <Delay = 7.30> <CoreInst = "m_axi">   --->   Core 121 'm_axi' <Latency = 0> <II = 1> <Delay = 1.00> <Adapter> <Opcode : 'read' 'write' 'readreq' 'writereq' 'writeresp'>

State 17 <SV = 16> <Delay = 7.30>
ST_17 : Operation 65 [1/1] (0.00ns)   --->   "%specpipeline_ln131 = specpipeline void @_ssdm_op_SpecPipeline, i32 1, i32 0, i32 0, i32 0, void @empty_36" [/home/simics/HMoE/HLS_HMoE/pseudo_block/run_2/src/pseudo_moe.cpp:131]   --->   Operation 65 'specpipeline' 'specpipeline_ln131' <Predicate = true> <Delay = 0.00>
ST_17 : Operation 66 [1/1] (0.00ns)   --->   "%speclooptripcount_ln130 = speclooptripcount void @_ssdm_op_SpecLoopTripCount, i64 64, i64 64, i64 64" [/home/simics/HMoE/HLS_HMoE/pseudo_block/run_2/src/pseudo_moe.cpp:130]   --->   Operation 66 'speclooptripcount' 'speclooptripcount_ln130' <Predicate = true> <Delay = 0.00>
ST_17 : Operation 67 [1/1] (0.00ns)   --->   "%specloopname_ln130 = specloopname void @_ssdm_op_SpecLoopName, void @empty_44" [/home/simics/HMoE/HLS_HMoE/pseudo_block/run_2/src/pseudo_moe.cpp:130]   --->   Operation 67 'specloopname' 'specloopname_ln130' <Predicate = true> <Delay = 0.00>
ST_17 : Operation 68 [1/5] (7.30ns)   --->   "%gmem12_addr_3_resp = writeresp i1 @_ssdm_op_WriteResp.m_axi.i32P1A, i32 %gmem12_addr" [/home/simics/HMoE/HLS_HMoE/pseudo_block/run_2/src/pseudo_moe.cpp:132]   --->   Operation 68 'writeresp' 'gmem12_addr_3_resp' <Predicate = true> <Delay = 7.30> <CoreInst = "m_axi">   --->   Core 121 'm_axi' <Latency = 0> <II = 1> <Delay = 1.00> <Adapter> <Opcode : 'read' 'write' 'readreq' 'writereq' 'writeresp'>
ST_17 : Operation 69 [1/1] (0.00ns)   --->   "%br_ln130 = br void %for.inc169" [/home/simics/HMoE/HLS_HMoE/pseudo_block/run_2/src/pseudo_moe.cpp:130]   --->   Operation 69 'br' 'br_ln130' <Predicate = true> <Delay = 0.00>


============================================================
+ Verbose Summary: Binding
============================================================
STG Binding: 
---------------- STG Properties BEGIN ----------------
- Is combinational: 0
- Is one-state seq: 0
- Is datapath-only: 0
- Is pipelined: 0
- Is top level: 0
Port [ Return ] is wired: 1; IO mode=ap_ctrl_hs:ce=0
Port [ gmem12]:  wired=1; compound=1; hidden=0; nouse=0; global=0; static=0; extern=0; dir=2; type=4; pingpong=0; private_global=0; IO mode=m_axi:ce=0
Port [ expert_result]:  wired=1; compound=1; hidden=0; nouse=0; global=0; static=0; extern=0; dir=0; type=1; pingpong=0; private_global=0; MemPort=[13]; IO mode=ap_memory:ce=0
Port [ empty]:  wired=1; compound=0; hidden=0; nouse=0; global=0; static=0; extern=0; dir=0; type=0; pingpong=0; private_global=0; IO mode=ap_none:ce=0
Port [ n]:  wired=1; compound=0; hidden=0; nouse=0; global=0; static=0; extern=0; dir=0; type=0; pingpong=0; private_global=0; IO mode=ap_none:ce=0
Port [ output_r]:  wired=1; compound=0; hidden=0; nouse=0; global=0; static=0; extern=0; dir=0; type=0; pingpong=0; private_global=0; IO mode=ap_none:ce=0
---------------- STG Properties END ------------------

---------------- Datapath Model BEGIN ----------------

<LifeTime>
<method=bitvector/>
o                       (alloca           ) [ 010000000000000000]
specinterface_ln0       (specinterface    ) [ 000000000000000000]
output_r_read           (read             ) [ 000000000000000000]
n_read                  (read             ) [ 000000000000000000]
tmp                     (read             ) [ 001100000000000000]
store_ln130             (store            ) [ 000000000000000000]
br_ln0                  (br               ) [ 000000000000000000]
o_3                     (load             ) [ 000000000000000000]
specbitsmap_ln0         (specbitsmap      ) [ 000000000000000000]
icmp_ln130              (icmp             ) [ 011111111111111110]
add_ln130               (add              ) [ 000000000000000000]
br_ln130                (br               ) [ 000000000000000000]
zext_ln130              (zext             ) [ 000000000000000000]
expert_result_addr      (getelementptr    ) [ 001000000000000000]
trunc_ln132             (trunc            ) [ 000000000000000000]
shl_ln2                 (bitconcatenate   ) [ 000000000000000000]
zext_ln132              (zext             ) [ 000000000000000000]
add_ln132               (add              ) [ 000000000000000000]
trunc_ln132_1           (partselect       ) [ 000000000000000000]
sext_ln132              (sext             ) [ 000000000000000000]
gmem12_addr             (getelementptr    ) [ 011111111111111111]
store_ln130             (store            ) [ 000000000000000000]
expert_result_load      (load             ) [ 000100000000000000]
mul2                    (fmul             ) [ 000011111111100000]
gmem12_load_2_req       (readreq          ) [ 000000000000000000]
gmem12_addr_read        (read             ) [ 000000000001000000]
bitcast_ln132           (bitcast          ) [ 000000000000100000]
gmem12_addr_3_req       (writereq         ) [ 000000000000000000]
add2                    (fadd             ) [ 000000000000000000]
bitcast_ln132_1         (bitcast          ) [ 000000000000000000]
write_ln132             (write            ) [ 000000000000000000]
specpipeline_ln131      (specpipeline     ) [ 000000000000000000]
speclooptripcount_ln130 (speclooptripcount) [ 000000000000000000]
specloopname_ln130      (specloopname     ) [ 000000000000000000]
gmem12_addr_3_resp      (writeresp        ) [ 000000000000000000]
br_ln130                (br               ) [ 000000000000000000]
ret_ln0                 (ret              ) [ 000000000000000000]
</LifeTime>

<model>

<comp_list>
<comp id="0" class="1000" name="gmem12">
<pin_list>
<pin id="1" dir="1" index="0" bw="1" slack="0"/>
</pin_list>
<bind>
<StgValue><ssdm name="gmem12"/></StgValue>
</bind>
</comp>

<comp id="2" class="1000" name="expert_result">
<pin_list>
<pin id="3" dir="1" index="0" bw="1" slack="0"/>
</pin_list>
<bind>
<StgValue><ssdm name="expert_result"/><MemPortTyVec>1 3 </MemPortTyVec>
</StgValue>
</bind>
</comp>

<comp id="4" class="1000" name="empty">
<pin_list>
<pin id="5" dir="1" index="0" bw="1" slack="0"/>
</pin_list>
<bind>
<StgValue><ssdm name="empty"/></StgValue>
</bind>
</comp>

<comp id="6" class="1000" name="n">
<pin_list>
<pin id="7" dir="1" index="0" bw="1" slack="0"/>
</pin_list>
<bind>
<StgValue><ssdm name="n"/></StgValue>
</bind>
</comp>

<comp id="8" class="1000" name="output_r">
<pin_list>
<pin id="9" dir="1" index="0" bw="1" slack="0"/>
</pin_list>
<bind>
<StgValue><ssdm name="output_r"/></StgValue>
</bind>
</comp>

<comp id="10" class="1001" name="const_10">
<pin_list>
<pin id="11" dir="1" index="0" bw="1" slack="0"/>
</pin_list>
<bind>
<StgValue><ssdm name=""/></StgValue>
</bind>
</comp>

<comp id="12" class="1001" name="const_12">
<pin_list>
<pin id="13" dir="1" index="0" bw="1" slack="2147483647"/>
</pin_list>
<bind>
<StgValue><ssdm name="_ssdm_op_SpecInterface"/></StgValue>
</bind>
</comp>

<comp id="14" class="1001" name="const_14">
<pin_list>
<pin id="15" dir="1" index="0" bw="1" slack="2147483647"/>
</pin_list>
<bind>
<StgValue><ssdm name="empty_23"/></StgValue>
</bind>
</comp>

<comp id="16" class="1001" name="const_16">
<pin_list>
<pin id="17" dir="1" index="0" bw="1" slack="2147483647"/>
</pin_list>
<bind>
<StgValue><ssdm name=""/></StgValue>
</bind>
</comp>

<comp id="18" class="1001" name="const_18">
<pin_list>
<pin id="19" dir="1" index="0" bw="1" slack="2147483647"/>
</pin_list>
<bind>
<StgValue><ssdm name="empty_36"/></StgValue>
</bind>
</comp>

<comp id="20" class="1001" name="const_20">
<pin_list>
<pin id="21" dir="1" index="0" bw="1" slack="2147483647"/>
</pin_list>
<bind>
<StgValue><ssdm name="empty"/></StgValue>
</bind>
</comp>

<comp id="22" class="1001" name="const_22">
<pin_list>
<pin id="23" dir="1" index="0" bw="1" slack="2147483647"/>
</pin_list>
<bind>
<StgValue><ssdm name="empty_0"/></StgValue>
</bind>
</comp>

<comp id="24" class="1001" name="const_24">
<pin_list>
<pin id="25" dir="1" index="0" bw="1" slack="2147483647"/>
</pin_list>
<bind>
<StgValue><ssdm name=""/></StgValue>
</bind>
</comp>

<comp id="26" class="1001" name="const_26">
<pin_list>
<pin id="27" dir="1" index="0" bw="1" slack="2147483647"/>
</pin_list>
<bind>
<StgValue><ssdm name=""/></StgValue>
</bind>
</comp>

<comp id="28" class="1001" name="const_28">
<pin_list>
<pin id="29" dir="1" index="0" bw="1" slack="0"/>
</pin_list>
<bind>
<StgValue><ssdm name="_ssdm_op_Read.ap_auto.i64"/></StgValue>
</bind>
</comp>

<comp id="30" class="1001" name="const_30">
<pin_list>
<pin id="31" dir="1" index="0" bw="1" slack="0"/>
</pin_list>
<bind>
<StgValue><ssdm name="_ssdm_op_Read.ap_auto.i4"/></StgValue>
</bind>
</comp>

<comp id="32" class="1001" name="const_32">
<pin_list>
<pin id="33" dir="1" index="0" bw="1" slack="0"/>
</pin_list>
<bind>
<StgValue><ssdm name="_ssdm_op_Read.ap_auto.float"/></StgValue>
</bind>
</comp>

<comp id="34" class="1001" name="const_34">
<pin_list>
<pin id="35" dir="1" index="0" bw="1" slack="0"/>
</pin_list>
<bind>
<StgValue><ssdm name=""/></StgValue>
</bind>
</comp>

<comp id="36" class="1001" name="const_36">
<pin_list>
<pin id="37" dir="1" index="0" bw="1" slack="2147483647"/>
</pin_list>
<bind>
<StgValue><ssdm name="_ssdm_op_SpecBitsMap"/></StgValue>
</bind>
</comp>

<comp id="38" class="1001" name="const_38">
<pin_list>
<pin id="39" dir="1" index="0" bw="1" slack="0"/>
</pin_list>
<bind>
<StgValue><ssdm name=""/></StgValue>
</bind>
</comp>

<comp id="40" class="1001" name="const_40">
<pin_list>
<pin id="41" dir="1" index="0" bw="1" slack="0"/>
</pin_list>
<bind>
<StgValue><ssdm name=""/></StgValue>
</bind>
</comp>

<comp id="42" class="1001" name="const_42">
<pin_list>
<pin id="43" dir="1" index="0" bw="1" slack="0"/>
</pin_list>
<bind>
<StgValue><ssdm name=""/></StgValue>
</bind>
</comp>

<comp id="44" class="1001" name="const_44">
<pin_list>
<pin id="45" dir="1" index="0" bw="1" slack="0"/>
</pin_list>
<bind>
<StgValue><ssdm name="_ssdm_op_BitConcatenate.i12.i4.i6.i2"/></StgValue>
</bind>
</comp>

<comp id="46" class="1001" name="const_46">
<pin_list>
<pin id="47" dir="1" index="0" bw="1" slack="0"/>
</pin_list>
<bind>
<StgValue><ssdm name=""/></StgValue>
</bind>
</comp>

<comp id="48" class="1001" name="const_48">
<pin_list>
<pin id="49" dir="1" index="0" bw="1" slack="0"/>
</pin_list>
<bind>
<StgValue><ssdm name="_ssdm_op_PartSelect.i62.i64.i32.i32"/></StgValue>
</bind>
</comp>

<comp id="50" class="1001" name="const_50">
<pin_list>
<pin id="51" dir="1" index="0" bw="1" slack="0"/>
</pin_list>
<bind>
<StgValue><ssdm name=""/></StgValue>
</bind>
</comp>

<comp id="52" class="1001" name="const_52">
<pin_list>
<pin id="53" dir="1" index="0" bw="1" slack="0"/>
</pin_list>
<bind>
<StgValue><ssdm name=""/></StgValue>
</bind>
</comp>

<comp id="54" class="1001" name="const_54">
<pin_list>
<pin id="55" dir="1" index="0" bw="1" slack="0"/>
</pin_list>
<bind>
<StgValue><ssdm name="_ssdm_op_ReadReq.m_axi.i32P1A"/></StgValue>
</bind>
</comp>

<comp id="56" class="1001" name="const_56">
<pin_list>
<pin id="57" dir="1" index="0" bw="1" slack="0"/>
</pin_list>
<bind>
<StgValue><ssdm name="_ssdm_op_Read.m_axi.i32P1A"/></StgValue>
</bind>
</comp>

<comp id="58" class="1001" name="const_58">
<pin_list>
<pin id="59" dir="1" index="0" bw="1" slack="0"/>
</pin_list>
<bind>
<StgValue><ssdm name="_ssdm_op_WriteReq.m_axi.i32P1A"/></StgValue>
</bind>
</comp>

<comp id="60" class="1001" name="const_60">
<pin_list>
<pin id="61" dir="1" index="0" bw="1" slack="0"/>
</pin_list>
<bind>
<StgValue><ssdm name="_ssdm_op_Write.m_axi.i32P1A"/></StgValue>
</bind>
</comp>

<comp id="62" class="1001" name="const_62">
<pin_list>
<pin id="63" dir="1" index="0" bw="1" slack="0"/>
</pin_list>
<bind>
<StgValue><ssdm name=""/></StgValue>
</bind>
</comp>

<comp id="64" class="1001" name="const_64">
<pin_list>
<pin id="65" dir="1" index="0" bw="1" slack="0"/>
</pin_list>
<bind>
<StgValue><ssdm name="_ssdm_op_WriteResp.m_axi.i32P1A"/></StgValue>
</bind>
</comp>

<comp id="66" class="1001" name="const_66">
<pin_list>
<pin id="67" dir="1" index="0" bw="1" slack="2147483647"/>
</pin_list>
<bind>
<StgValue><ssdm name="_ssdm_op_SpecPipeline"/></StgValue>
</bind>
</comp>

<comp id="68" class="1001" name="const_68">
<pin_list>
<pin id="69" dir="1" index="0" bw="1" slack="2147483647"/>
</pin_list>
<bind>
<StgValue><ssdm name="_ssdm_op_SpecLoopTripCount"/></StgValue>
</bind>
</comp>

<comp id="70" class="1001" name="const_70">
<pin_list>
<pin id="71" dir="1" index="0" bw="1" slack="2147483647"/>
</pin_list>
<bind>
<StgValue><ssdm name=""/></StgValue>
</bind>
</comp>

<comp id="72" class="1001" name="const_72">
<pin_list>
<pin id="73" dir="1" index="0" bw="1" slack="2147483647"/>
</pin_list>
<bind>
<StgValue><ssdm name="_ssdm_op_SpecLoopName"/></StgValue>
</bind>
</comp>

<comp id="74" class="1001" name="const_74">
<pin_list>
<pin id="75" dir="1" index="0" bw="1" slack="2147483647"/>
</pin_list>
<bind>
<StgValue><ssdm name="empty_44"/></StgValue>
</bind>
</comp>

<comp id="76" class="1004" name="o_fu_76">
<pin_list>
<pin id="77" dir="0" index="0" bw="1" slack="0"/>
<pin id="78" dir="1" index="1" bw="7" slack="0"/>
</pin_list>
<bind>
<opcode="alloca(26) " fcode="alloca"/>
<opset="o/1 "/>
</bind>
</comp>

<comp id="80" class="1004" name="output_r_read_read_fu_80">
<pin_list>
<pin id="81" dir="0" index="0" bw="64" slack="0"/>
<pin id="82" dir="0" index="1" bw="64" slack="0"/>
<pin id="83" dir="1" index="2" bw="64" slack="0"/>
</pin_list>
<bind>
<opcode="read(1150) " fcode="read"/>
<opset="output_r_read/1 "/>
</bind>
</comp>

<comp id="86" class="1004" name="n_read_read_fu_86">
<pin_list>
<pin id="87" dir="0" index="0" bw="4" slack="0"/>
<pin id="88" dir="0" index="1" bw="4" slack="0"/>
<pin id="89" dir="1" index="2" bw="4" slack="0"/>
</pin_list>
<bind>
<opcode="read(1150) " fcode="read"/>
<opset="n_read/1 "/>
</bind>
</comp>

<comp id="92" class="1004" name="tmp_read_fu_92">
<pin_list>
<pin id="93" dir="0" index="0" bw="32" slack="0"/>
<pin id="94" dir="0" index="1" bw="32" slack="0"/>
<pin id="95" dir="1" index="2" bw="32" slack="1"/>
</pin_list>
<bind>
<opcode="read(1150) " fcode="read"/>
<opset="tmp/1 "/>
</bind>
</comp>

<comp id="98" class="1004" name="grp_writeresp_fu_98">
<pin_list>
<pin id="99" dir="0" index="0" bw="1" slack="0"/>
<pin id="100" dir="0" index="1" bw="32" slack="1"/>
<pin id="101" dir="0" index="2" bw="1" slack="0"/>
<pin id="102" dir="1" index="3" bw="1" slack="2147483647"/>
</pin_list>
<bind>
<opcode="readreq(1154) writereq(1155) writeresp(1158) " fcode="writeresp"/>
<opset="gmem12_load_2_req/2 gmem12_addr_3_req/11 gmem12_addr_3_resp/13 "/>
</bind>
</comp>

<comp id="105" class="1004" name="gmem12_addr_read_read_fu_105">
<pin_list>
<pin id="106" dir="0" index="0" bw="32" slack="0"/>
<pin id="107" dir="0" index="1" bw="32" slack="9"/>
<pin id="108" dir="1" index="2" bw="32" slack="1"/>
</pin_list>
<bind>
<opcode="read(1150) " fcode="read"/>
<opset="gmem12_addr_read/10 "/>
</bind>
</comp>

<comp id="111" class="1004" name="write_ln132_write_fu_111">
<pin_list>
<pin id="112" dir="0" index="0" bw="0" slack="0"/>
<pin id="113" dir="0" index="1" bw="32" slack="11"/>
<pin id="114" dir="0" index="2" bw="32" slack="0"/>
<pin id="115" dir="0" index="3" bw="1" slack="0"/>
<pin id="116" dir="1" index="4" bw="0" slack="2147483647"/>
</pin_list>
<bind>
<opcode="write(1151) " fcode="write"/>
<opset="write_ln132/12 "/>
</bind>
</comp>

<comp id="120" class="1004" name="expert_result_addr_gep_fu_120">
<pin_list>
<pin id="121" dir="0" index="0" bw="32" slack="0"/>
<pin id="122" dir="0" index="1" bw="1" slack="0"/>
<pin id="123" dir="0" index="2" bw="7" slack="0"/>
<pin id="124" dir="1" index="3" bw="6" slack="0"/>
</pin_list>
<bind>
<opcode="getelementptr(29) " fcode="getelementptr"/>
<opset="expert_result_addr/1 "/>
</bind>
</comp>

<comp id="127" class="1004" name="grp_access_fu_127">
<pin_list>
<pin id="128" dir="0" index="0" bw="6" slack="0"/>
<pin id="129" dir="0" index="1" bw="32" slack="2147483647"/>
<pin id="130" dir="0" index="2" bw="0" slack="2147483647"/>
<pin id="131" dir="1" index="3" bw="32" slack="0"/>
</pin_list>
<bind>
<opcode="load(27) " fcode="load"/>
<opset="expert_result_load/1 "/>
</bind>
</comp>

<comp id="133" class="1004" name="grp_fu_133">
<pin_list>
<pin id="134" dir="0" index="0" bw="32" slack="0"/>
<pin id="135" dir="0" index="1" bw="32" slack="8"/>
<pin id="136" dir="1" index="2" bw="32" slack="0"/>
</pin_list>
<bind>
<opcode="fadd(9) " fcode="fadd"/>
<opset="add2/11 "/>
</bind>
</comp>

<comp id="137" class="1004" name="grp_fu_137">
<pin_list>
<pin id="138" dir="0" index="0" bw="32" slack="1"/>
<pin id="139" dir="0" index="1" bw="32" slack="0"/>
<pin id="140" dir="1" index="2" bw="32" slack="8"/>
</pin_list>
<bind>
<opcode="fmul(13) " fcode="fmul"/>
<opset="mul2/2 "/>
</bind>
</comp>

<comp id="142" class="1004" name="store_ln130_store_fu_142">
<pin_list>
<pin id="143" dir="0" index="0" bw="1" slack="0"/>
<pin id="144" dir="0" index="1" bw="7" slack="0"/>
<pin id="145" dir="1" index="2" bw="0" slack="2147483647"/>
</pin_list>
<bind>
<opcode="store(28) " fcode="store"/>
<opset="store_ln130/1 "/>
</bind>
</comp>

<comp id="147" class="1004" name="o_3_load_fu_147">
<pin_list>
<pin id="148" dir="0" index="0" bw="7" slack="0"/>
<pin id="149" dir="1" index="1" bw="7" slack="0"/>
</pin_list>
<bind>
<opcode="load(27) " fcode="load"/>
<opset="o_3/1 "/>
</bind>
</comp>

<comp id="150" class="1004" name="icmp_ln130_fu_150">
<pin_list>
<pin id="151" dir="0" index="0" bw="7" slack="0"/>
<pin id="152" dir="0" index="1" bw="7" slack="0"/>
<pin id="153" dir="1" index="2" bw="1" slack="1"/>
</pin_list>
<bind>
<opcode="icmp(45) " fcode="icmp"/>
<opset="icmp_ln130/1 "/>
</bind>
</comp>

<comp id="156" class="1004" name="add_ln130_fu_156">
<pin_list>
<pin id="157" dir="0" index="0" bw="7" slack="0"/>
<pin id="158" dir="0" index="1" bw="1" slack="0"/>
<pin id="159" dir="1" index="2" bw="7" slack="0"/>
</pin_list>
<bind>
<opcode="add(8) " fcode="add"/>
<opset="add_ln130/1 "/>
</bind>
</comp>

<comp id="162" class="1004" name="zext_ln130_fu_162">
<pin_list>
<pin id="163" dir="0" index="0" bw="7" slack="0"/>
<pin id="164" dir="1" index="1" bw="64" slack="0"/>
</pin_list>
<bind>
<opcode="zext(34) " fcode="zext"/>
<opset="zext_ln130/1 "/>
</bind>
</comp>

<comp id="167" class="1004" name="trunc_ln132_fu_167">
<pin_list>
<pin id="168" dir="0" index="0" bw="7" slack="0"/>
<pin id="169" dir="1" index="1" bw="6" slack="0"/>
</pin_list>
<bind>
<opcode="trunc(33) " fcode="trunc"/>
<opset="trunc_ln132/1 "/>
</bind>
</comp>

<comp id="171" class="1004" name="shl_ln2_fu_171">
<pin_list>
<pin id="172" dir="0" index="0" bw="12" slack="0"/>
<pin id="173" dir="0" index="1" bw="4" slack="0"/>
<pin id="174" dir="0" index="2" bw="6" slack="0"/>
<pin id="175" dir="0" index="3" bw="1" slack="0"/>
<pin id="176" dir="1" index="4" bw="12" slack="0"/>
</pin_list>
<bind>
<opcode="bitconcatenate(1004) " fcode="bitconcatenate"/>
<opset="shl_ln2/1 "/>
</bind>
</comp>

<comp id="181" class="1004" name="zext_ln132_fu_181">
<pin_list>
<pin id="182" dir="0" index="0" bw="12" slack="0"/>
<pin id="183" dir="1" index="1" bw="64" slack="0"/>
</pin_list>
<bind>
<opcode="zext(34) " fcode="zext"/>
<opset="zext_ln132/1 "/>
</bind>
</comp>

<comp id="185" class="1004" name="add_ln132_fu_185">
<pin_list>
<pin id="186" dir="0" index="0" bw="12" slack="0"/>
<pin id="187" dir="0" index="1" bw="64" slack="0"/>
<pin id="188" dir="1" index="2" bw="64" slack="0"/>
</pin_list>
<bind>
<opcode="add(8) " fcode="add"/>
<opset="add_ln132/1 "/>
</bind>
</comp>

<comp id="191" class="1004" name="trunc_ln132_1_fu_191">
<pin_list>
<pin id="192" dir="0" index="0" bw="62" slack="0"/>
<pin id="193" dir="0" index="1" bw="64" slack="0"/>
<pin id="194" dir="0" index="2" bw="3" slack="0"/>
<pin id="195" dir="0" index="3" bw="7" slack="0"/>
<pin id="196" dir="1" index="4" bw="62" slack="0"/>
</pin_list>
<bind>
<opcode="partselect(1002) " fcode="partselect"/>
<opset="trunc_ln132_1/1 "/>
</bind>
</comp>

<comp id="201" class="1004" name="sext_ln132_fu_201">
<pin_list>
<pin id="202" dir="0" index="0" bw="62" slack="0"/>
<pin id="203" dir="1" index="1" bw="64" slack="0"/>
</pin_list>
<bind>
<opcode="sext(35) " fcode="sext"/>
<opset="sext_ln132/1 "/>
</bind>
</comp>

<comp id="205" class="1004" name="gmem12_addr_fu_205">
<pin_list>
<pin id="206" dir="0" index="0" bw="32" slack="0"/>
<pin id="207" dir="0" index="1" bw="62" slack="0"/>
<pin id="208" dir="1" index="2" bw="32" slack="1"/>
</pin_list>
<bind>
<opcode="getelementptr(29) " fcode="getelementptr"/>
<opset="gmem12_addr/1 "/>
</bind>
</comp>

<comp id="211" class="1004" name="store_ln130_store_fu_211">
<pin_list>
<pin id="212" dir="0" index="0" bw="7" slack="0"/>
<pin id="213" dir="0" index="1" bw="7" slack="0"/>
<pin id="214" dir="1" index="2" bw="0" slack="2147483647"/>
</pin_list>
<bind>
<opcode="store(28) " fcode="store"/>
<opset="store_ln130/1 "/>
</bind>
</comp>

<comp id="216" class="1004" name="bitcast_ln132_fu_216">
<pin_list>
<pin id="217" dir="0" index="0" bw="32" slack="1"/>
<pin id="218" dir="1" index="1" bw="32" slack="0"/>
</pin_list>
<bind>
<opcode="bitcast(44) " fcode="bitcast"/>
<opset="bitcast_ln132/11 "/>
</bind>
</comp>

<comp id="220" class="1004" name="bitcast_ln132_1_fu_220">
<pin_list>
<pin id="221" dir="0" index="0" bw="32" slack="0"/>
<pin id="222" dir="1" index="1" bw="32" slack="0"/>
</pin_list>
<bind>
<opcode="bitcast(44) " fcode="bitcast"/>
<opset="bitcast_ln132_1/12 "/>
</bind>
</comp>

<comp id="225" class="1005" name="o_reg_225">
<pin_list>
<pin id="226" dir="0" index="0" bw="7" slack="0"/>
<pin id="227" dir="1" index="1" bw="7" slack="0"/>
</pin_list>
<bind>
<opset="o "/>
</bind>
</comp>

<comp id="232" class="1005" name="tmp_reg_232">
<pin_list>
<pin id="233" dir="0" index="0" bw="32" slack="1"/>
<pin id="234" dir="1" index="1" bw="32" slack="1"/>
</pin_list>
<bind>
<opset="tmp "/>
</bind>
</comp>

<comp id="237" class="1005" name="icmp_ln130_reg_237">
<pin_list>
<pin id="238" dir="0" index="0" bw="1" slack="1"/>
<pin id="239" dir="1" index="1" bw="1" slack="2147483647"/>
</pin_list>
<bind>
<opset="icmp_ln130 "/>
</bind>
</comp>

<comp id="241" class="1005" name="expert_result_addr_reg_241">
<pin_list>
<pin id="242" dir="0" index="0" bw="6" slack="1"/>
<pin id="243" dir="1" index="1" bw="6" slack="1"/>
</pin_list>
<bind>
<opset="expert_result_addr "/>
</bind>
</comp>

<comp id="246" class="1005" name="gmem12_addr_reg_246">
<pin_list>
<pin id="247" dir="0" index="0" bw="32" slack="1"/>
<pin id="248" dir="1" index="1" bw="32" slack="1"/>
</pin_list>
<bind>
<opset="gmem12_addr "/>
</bind>
</comp>

<comp id="253" class="1005" name="expert_result_load_reg_253">
<pin_list>
<pin id="254" dir="0" index="0" bw="32" slack="1"/>
<pin id="255" dir="1" index="1" bw="32" slack="1"/>
</pin_list>
<bind>
<opset="expert_result_load "/>
</bind>
</comp>

<comp id="258" class="1005" name="mul2_reg_258">
<pin_list>
<pin id="259" dir="0" index="0" bw="32" slack="8"/>
<pin id="260" dir="1" index="1" bw="32" slack="8"/>
</pin_list>
<bind>
<opset="mul2 "/>
</bind>
</comp>

<comp id="263" class="1005" name="gmem12_addr_read_reg_263">
<pin_list>
<pin id="264" dir="0" index="0" bw="32" slack="1"/>
<pin id="265" dir="1" index="1" bw="32" slack="1"/>
</pin_list>
<bind>
<opset="gmem12_addr_read "/>
</bind>
</comp>

<comp id="268" class="1005" name="bitcast_ln132_reg_268">
<pin_list>
<pin id="269" dir="0" index="0" bw="32" slack="1"/>
<pin id="270" dir="1" index="1" bw="32" slack="1"/>
</pin_list>
<bind>
<opset="bitcast_ln132 "/>
</bind>
</comp>

</comp_list>

<net_list>
<net id="79"><net_src comp="10" pin="0"/><net_sink comp="76" pin=0"/></net>

<net id="84"><net_src comp="28" pin="0"/><net_sink comp="80" pin=0"/></net>

<net id="85"><net_src comp="8" pin="0"/><net_sink comp="80" pin=1"/></net>

<net id="90"><net_src comp="30" pin="0"/><net_sink comp="86" pin=0"/></net>

<net id="91"><net_src comp="6" pin="0"/><net_sink comp="86" pin=1"/></net>

<net id="96"><net_src comp="32" pin="0"/><net_sink comp="92" pin=0"/></net>

<net id="97"><net_src comp="4" pin="0"/><net_sink comp="92" pin=1"/></net>

<net id="103"><net_src comp="54" pin="0"/><net_sink comp="98" pin=0"/></net>

<net id="104"><net_src comp="10" pin="0"/><net_sink comp="98" pin=2"/></net>

<net id="109"><net_src comp="56" pin="0"/><net_sink comp="105" pin=0"/></net>

<net id="110"><net_src comp="58" pin="0"/><net_sink comp="98" pin=0"/></net>

<net id="117"><net_src comp="60" pin="0"/><net_sink comp="111" pin=0"/></net>

<net id="118"><net_src comp="62" pin="0"/><net_sink comp="111" pin=3"/></net>

<net id="119"><net_src comp="64" pin="0"/><net_sink comp="98" pin=0"/></net>

<net id="125"><net_src comp="2" pin="0"/><net_sink comp="120" pin=0"/></net>

<net id="126"><net_src comp="42" pin="0"/><net_sink comp="120" pin=1"/></net>

<net id="132"><net_src comp="120" pin="3"/><net_sink comp="127" pin=0"/></net>

<net id="141"><net_src comp="127" pin="3"/><net_sink comp="137" pin=1"/></net>

<net id="146"><net_src comp="34" pin="0"/><net_sink comp="142" pin=0"/></net>

<net id="154"><net_src comp="147" pin="1"/><net_sink comp="150" pin=0"/></net>

<net id="155"><net_src comp="38" pin="0"/><net_sink comp="150" pin=1"/></net>

<net id="160"><net_src comp="147" pin="1"/><net_sink comp="156" pin=0"/></net>

<net id="161"><net_src comp="40" pin="0"/><net_sink comp="156" pin=1"/></net>

<net id="165"><net_src comp="147" pin="1"/><net_sink comp="162" pin=0"/></net>

<net id="166"><net_src comp="162" pin="1"/><net_sink comp="120" pin=2"/></net>

<net id="170"><net_src comp="147" pin="1"/><net_sink comp="167" pin=0"/></net>

<net id="177"><net_src comp="44" pin="0"/><net_sink comp="171" pin=0"/></net>

<net id="178"><net_src comp="86" pin="2"/><net_sink comp="171" pin=1"/></net>

<net id="179"><net_src comp="167" pin="1"/><net_sink comp="171" pin=2"/></net>

<net id="180"><net_src comp="46" pin="0"/><net_sink comp="171" pin=3"/></net>

<net id="184"><net_src comp="171" pin="4"/><net_sink comp="181" pin=0"/></net>

<net id="189"><net_src comp="181" pin="1"/><net_sink comp="185" pin=0"/></net>

<net id="190"><net_src comp="80" pin="2"/><net_sink comp="185" pin=1"/></net>

<net id="197"><net_src comp="48" pin="0"/><net_sink comp="191" pin=0"/></net>

<net id="198"><net_src comp="185" pin="2"/><net_sink comp="191" pin=1"/></net>

<net id="199"><net_src comp="50" pin="0"/><net_sink comp="191" pin=2"/></net>

<net id="200"><net_src comp="52" pin="0"/><net_sink comp="191" pin=3"/></net>

<net id="204"><net_src comp="191" pin="4"/><net_sink comp="201" pin=0"/></net>

<net id="209"><net_src comp="0" pin="0"/><net_sink comp="205" pin=0"/></net>

<net id="210"><net_src comp="201" pin="1"/><net_sink comp="205" pin=1"/></net>

<net id="215"><net_src comp="156" pin="2"/><net_sink comp="211" pin=0"/></net>

<net id="219"><net_src comp="216" pin="1"/><net_sink comp="133" pin=0"/></net>

<net id="223"><net_src comp="133" pin="2"/><net_sink comp="220" pin=0"/></net>

<net id="224"><net_src comp="220" pin="1"/><net_sink comp="111" pin=2"/></net>

<net id="228"><net_src comp="76" pin="1"/><net_sink comp="225" pin=0"/></net>

<net id="229"><net_src comp="225" pin="1"/><net_sink comp="142" pin=1"/></net>

<net id="230"><net_src comp="225" pin="1"/><net_sink comp="147" pin=0"/></net>

<net id="231"><net_src comp="225" pin="1"/><net_sink comp="211" pin=1"/></net>

<net id="235"><net_src comp="92" pin="2"/><net_sink comp="232" pin=0"/></net>

<net id="236"><net_src comp="232" pin="1"/><net_sink comp="137" pin=0"/></net>

<net id="240"><net_src comp="150" pin="2"/><net_sink comp="237" pin=0"/></net>

<net id="244"><net_src comp="120" pin="3"/><net_sink comp="241" pin=0"/></net>

<net id="245"><net_src comp="241" pin="1"/><net_sink comp="127" pin=0"/></net>

<net id="249"><net_src comp="205" pin="2"/><net_sink comp="246" pin=0"/></net>

<net id="250"><net_src comp="246" pin="1"/><net_sink comp="98" pin=1"/></net>

<net id="251"><net_src comp="246" pin="1"/><net_sink comp="105" pin=1"/></net>

<net id="252"><net_src comp="246" pin="1"/><net_sink comp="111" pin=1"/></net>

<net id="256"><net_src comp="127" pin="3"/><net_sink comp="253" pin=0"/></net>

<net id="257"><net_src comp="253" pin="1"/><net_sink comp="137" pin=1"/></net>

<net id="261"><net_src comp="137" pin="2"/><net_sink comp="258" pin=0"/></net>

<net id="262"><net_src comp="258" pin="1"/><net_sink comp="133" pin=1"/></net>

<net id="266"><net_src comp="105" pin="2"/><net_sink comp="263" pin=0"/></net>

<net id="267"><net_src comp="263" pin="1"/><net_sink comp="216" pin=0"/></net>

<net id="271"><net_src comp="216" pin="1"/><net_sink comp="268" pin=0"/></net>

<net id="272"><net_src comp="268" pin="1"/><net_sink comp="133" pin=0"/></net>

</net_list>

</model> 
---------------- Datapath Model END ------------------

* FSMD analyzer results:
  - Output states:
	Port: gmem12 | {11 12 13 14 15 16 17 }
 - Input state : 
	Port: pseudo_moe_Pipeline_VITIS_LOOP_130_12 : gmem12 | {2 3 4 5 6 7 8 9 10 }
	Port: pseudo_moe_Pipeline_VITIS_LOOP_130_12 : expert_result | {1 2 }
	Port: pseudo_moe_Pipeline_VITIS_LOOP_130_12 : empty | {1 }
	Port: pseudo_moe_Pipeline_VITIS_LOOP_130_12 : n | {1 }
	Port: pseudo_moe_Pipeline_VITIS_LOOP_130_12 : output_r | {1 }
  - Chain level:
	State 1
		store_ln130 : 1
		o_3 : 1
		icmp_ln130 : 2
		add_ln130 : 2
		br_ln130 : 3
		zext_ln130 : 2
		expert_result_addr : 3
		expert_result_load : 4
		trunc_ln132 : 2
		shl_ln2 : 3
		zext_ln132 : 4
		add_ln132 : 5
		trunc_ln132_1 : 6
		sext_ln132 : 7
		gmem12_addr : 8
		store_ln130 : 3
	State 2
		mul2 : 1
	State 3
	State 4
	State 5
	State 6
	State 7
	State 8
	State 9
	State 10
	State 11
		add2 : 1
	State 12
		bitcast_ln132_1 : 1
		write_ln132 : 2
	State 13
	State 14
	State 15
	State 16
	State 17


============================================================
+ Verbose Summary: Datapath Resource usage 
============================================================

* Functional unit list:
|----------|------------------------------|---------|---------|---------|
| Operation|        Functional Unit       |   DSP   |    FF   |   LUT   |
|----------|------------------------------|---------|---------|---------|
|   fadd   |          grp_fu_133          |    2    |   177   |   233   |
|----------|------------------------------|---------|---------|---------|
|   fmul   |          grp_fu_137          |    3    |   128   |    78   |
|----------|------------------------------|---------|---------|---------|
|    add   |       add_ln130_fu_156       |    0    |    0    |    14   |
|          |       add_ln132_fu_185       |    0    |    0    |    71   |
|----------|------------------------------|---------|---------|---------|
|   icmp   |       icmp_ln130_fu_150      |    0    |    0    |    14   |
|----------|------------------------------|---------|---------|---------|
|          |   output_r_read_read_fu_80   |    0    |    0    |    0    |
|   read   |       n_read_read_fu_86      |    0    |    0    |    0    |
|          |        tmp_read_fu_92        |    0    |    0    |    0    |
|          | gmem12_addr_read_read_fu_105 |    0    |    0    |    0    |
|----------|------------------------------|---------|---------|---------|
| writeresp|      grp_writeresp_fu_98     |    0    |    0    |    0    |
|----------|------------------------------|---------|---------|---------|
|   write  |   write_ln132_write_fu_111   |    0    |    0    |    0    |
|----------|------------------------------|---------|---------|---------|
|   zext   |       zext_ln130_fu_162      |    0    |    0    |    0    |
|          |       zext_ln132_fu_181      |    0    |    0    |    0    |
|----------|------------------------------|---------|---------|---------|
|   trunc  |      trunc_ln132_fu_167      |    0    |    0    |    0    |
|----------|------------------------------|---------|---------|---------|
|bitconcatenate|        shl_ln2_fu_171        |    0    |    0    |    0    |
|----------|------------------------------|---------|---------|---------|
|partselect|     trunc_ln132_1_fu_191     |    0    |    0    |    0    |
|----------|------------------------------|---------|---------|---------|
|   sext   |       sext_ln132_fu_201      |    0    |    0    |    0    |
|----------|------------------------------|---------|---------|---------|
|   Total  |                              |    5    |   305   |   410   |
|----------|------------------------------|---------|---------|---------|

Memories:
N/A

* Register list:
+--------------------------+--------+
|                          |   FF   |
+--------------------------+--------+
|   bitcast_ln132_reg_268  |   32   |
|expert_result_addr_reg_241|    6   |
|expert_result_load_reg_253|   32   |
| gmem12_addr_read_reg_263 |   32   |
|    gmem12_addr_reg_246   |   32   |
|    icmp_ln130_reg_237    |    1   |
|       mul2_reg_258       |   32   |
|         o_reg_225        |    7   |
|        tmp_reg_232       |   32   |
+--------------------------+--------+
|           Total          |   206  |
+--------------------------+--------+

* Multiplexer (MUX) list: 
|---------------------|------|------|------|--------||---------||---------|
|         Comp        |  Pin | Size |  BW  | S x BW ||  Delay  ||   LUT   |
|---------------------|------|------|------|--------||---------||---------|
| grp_writeresp_fu_98 |  p0  |   3  |   1  |    3   |
|  grp_access_fu_127  |  p0  |   2  |   6  |   12   ||    9    |
|      grp_fu_133     |  p0  |   2  |  32  |   64   ||    9    |
|      grp_fu_137     |  p1  |   2  |  32  |   64   ||    9    |
|---------------------|------|------|------|--------||---------||---------|
|        Total        |      |      |      |   143  ||  1.477  ||    27   |
|---------------------|------|------|------|--------||---------||---------|



* Summary:
+-----------+--------+--------+--------+--------+
|           |   DSP  |  Delay |   FF   |   LUT  |
+-----------+--------+--------+--------+--------+
|  Function |    5   |    -   |   305  |   410  |
|   Memory  |    -   |    -   |    -   |    -   |
|Multiplexer|    -   |    1   |    -   |   27   |
|  Register |    -   |    -   |   206  |    -   |
+-----------+--------+--------+--------+--------+
|   Total   |    5   |    1   |   511  |   437  |
+-----------+--------+--------+--------+--------+
