

================================================================
== Vitis HLS Report for 'compute_expert_Pipeline_VITIS_LOOP_20_1_VITIS_LOOP_31_3'
================================================================
* Date:           Sun Sep 20 17:32:42 2026

* Version:        2023.2 (Build 4023990 on Oct 11 2023)
* Project:        project
* Solution:       solution1 (Vivado IP Flow Target)
* Product family: virtexuplus
* Target device:  xcvu13p_CIV-figd2104-3-e


================================================================
== Performance Estimates
================================================================
+ Timing: 
    * Summary: 
    +--------+----------+----------+------------+
    |  Clock |  Target  | Estimated| Uncertainty|
    +--------+----------+----------+------------+
    |ap_clk  |  10.00 ns|  7.300 ns|     2.70 ns|
    +--------+----------+----------+------------+

+ Latency: 
    * Summary: 
    +---------+---------+-----------+-----------+------+------+---------+
    |  Latency (cycles) |   Latency (absolute)  |   Interval  | Pipeline|
    |   min   |   max   |    min    |    max    |  min |  max |   Type  |
    +---------+---------+-----------+-----------+------+------+---------+
    |     4116|     4116|  41.160 us|  41.160 us|  4116|  4116|       no|
    +---------+---------+-----------+-----------+------+------+---------+

    + Detail: 
        * Instance: 
        N/A

        * Loop: 
        +-----------------------------------+---------+---------+----------+-----------+-----------+------+----------+
        |                                   |  Latency (cycles) | Iteration|  Initiation Interval  | Trip |          |
        |             Loop Name             |   min   |   max   |  Latency |  achieved |   target  | Count| Pipelined|
        +-----------------------------------+---------+---------+----------+-----------+-----------+------+----------+
        |- VITIS_LOOP_20_1_VITIS_LOOP_31_3  |     4114|     4114|        23|          4|          1|  1024|       yes|
        +-----------------------------------+---------+---------+----------+-----------+-----------+------+----------+

============================================================
+ Verbose Summary: Synthesis Manager
============================================================
InlineROM: 1
ExposeGlobal: 0
============================================================
+ Verbose Summary: CDFG Model
============================================================
IsTopModel: 0
ResetActiveHigh: 1
IsCombinational: 0
IsDatapathOnly: 0
HasWiredReturn: 1
HasMFsm: 2
HasVarLatency: 1
IsPipeline: 0
IsRtlPipelined: 0
IsInstanceOverlapped: 0
IsDontTouch: 0
HasImplIP: 0
IsGatedGlobalClock: 0

+ Individual pipeline summary: 
  * Pipeline-0: initiation interval (II) = 4, depth = 23


============================================================
+ Verbose Summary: Schedule
============================================================
* Number of FSM states : 23
* Pipeline : 1
  Pipeline-0 : II = 4, D = 23, States = { 1 2 3 4 5 6 7 8 9 10 11 12 13 14 15 16 17 18 19 20 21 22 23 }
* Dataflow Pipeline: 0

* FSM state transitions: 
1 --> 2 
2 --> 3 
3 --> 4 
4 --> 5 
5 --> 6 
6 --> 7 
7 --> 8 
8 --> 9 
9 --> 10 
10 --> 11 
11 --> 12 
12 --> 13 
13 --> 14 
14 --> 15 
15 --> 16 
16 --> 17 
17 --> 18 
18 --> 19 
19 --> 20 
20 --> 21 
21 --> 22 
22 --> 23 
23 --> 

* FSM state operations: 

State 1 <SV = 0> <Delay = 1.91>
ST_1 : Operation 26 [1/1] (0.00ns)   --->   "%empty = alloca i32 1"   --->   Operation 26 'alloca' 'empty' <Predicate = true> <Delay = 0.00>
ST_1 : Operation 27 [1/1] (0.00ns)   --->   "%empty_69 = alloca i32 1"   --->   Operation 27 'alloca' 'empty_69' <Predicate = true> <Delay = 0.00>
ST_1 : Operation 28 [1/1] (0.00ns)   --->   "%empty_70 = alloca i32 1"   --->   Operation 28 'alloca' 'empty_70' <Predicate = true> <Delay = 0.00>
ST_1 : Operation 29 [1/1] (0.00ns)   --->   "%empty_71 = alloca i32 1"   --->   Operation 29 'alloca' 'empty_71' <Predicate = true> <Delay = 0.00>
ST_1 : Operation 30 [1/1] (0.00ns)   --->   "%g = alloca i32 1" [/home/simics/HMoE/HLS_HMoE/pseudo_block/run_3/src/pseudo_moe.cpp:31]   --->   Operation 30 'alloca' 'g' <Predicate = true> <Delay = 0.00>
ST_1 : Operation 31 [1/1] (0.00ns)   --->   "%o = alloca i32 1" [/home/simics/HMoE/HLS_HMoE/pseudo_block/run_3/src/pseudo_moe.cpp:20]   --->   Operation 31 'alloca' 'o' <Predicate = true> <Delay = 0.00>
ST_1 : Operation 32 [1/1] (0.00ns)   --->   "%indvar_flatten = alloca i32 1"   --->   Operation 32 'alloca' 'indvar_flatten' <Predicate = true> <Delay = 0.00>
ST_1 : Operation 33 [1/1] (0.00ns)   --->   "%sext_ln20_read = read i62 @_ssdm_op_Read.ap_auto.i62, i62 %sext_ln20"   --->   Operation 33 'read' 'sext_ln20_read' <Predicate = true> <Delay = 0.00>
ST_1 : Operation 34 [1/1] (0.00ns)   --->   "%sext_ln31_read = read i62 @_ssdm_op_Read.ap_auto.i62, i62 %sext_ln31"   --->   Operation 34 'read' 'sext_ln31_read' <Predicate = true> <Delay = 0.00>
ST_1 : Operation 35 [1/1] (0.00ns)   --->   "%sext_ln20_1_read = read i62 @_ssdm_op_Read.ap_auto.i62, i62 %sext_ln20_1"   --->   Operation 35 'read' 'sext_ln20_1_read' <Predicate = true> <Delay = 0.00>
ST_1 : Operation 36 [1/1] (0.00ns)   --->   "%sext_ln20_cast = sext i62 %sext_ln20_read"   --->   Operation 36 'sext' 'sext_ln20_cast' <Predicate = true> <Delay = 0.00>
ST_1 : Operation 37 [1/1] (0.00ns)   --->   "%sext_ln31_cast = sext i62 %sext_ln31_read"   --->   Operation 37 'sext' 'sext_ln31_cast' <Predicate = true> <Delay = 0.00>
ST_1 : Operation 38 [1/1] (0.00ns)   --->   "%sext_ln20_1_cast = sext i62 %sext_ln20_1_read"   --->   Operation 38 'sext' 'sext_ln20_1_cast' <Predicate = true> <Delay = 0.00>
ST_1 : Operation 39 [1/1] (0.00ns)   --->   "%specinterface_ln0 = specinterface void @_ssdm_op_SpecInterface, i32 %gmem0, void @empty_17, i32 0, i32 0, void @empty_32, i32 0, i32 0, void @empty, void @empty_31, void @empty_32, i32 16, i32 16, i32 16, i32 16, void @empty_32, void @empty_32, i32 4294967295, i32 0"   --->   Operation 39 'specinterface' 'specinterface_ln0' <Predicate = true> <Delay = 0.00>
ST_1 : Operation 40 [1/1] (0.00ns)   --->   "%specinterface_ln0 = specinterface void @_ssdm_op_SpecInterface, i32 %gmem3, void @empty_17, i32 0, i32 0, void @empty_32, i32 0, i32 0, void @empty_3, void @empty_31, void @empty_32, i32 16, i32 16, i32 16, i32 16, void @empty_32, void @empty_32, i32 4294967295, i32 0"   --->   Operation 40 'specinterface' 'specinterface_ln0' <Predicate = true> <Delay = 0.00>
ST_1 : Operation 41 [1/1] (0.00ns)   --->   "%specinterface_ln0 = specinterface void @_ssdm_op_SpecInterface, i32 %gmem4, void @empty_17, i32 0, i32 0, void @empty_32, i32 0, i32 0, void @empty_4, void @empty_31, void @empty_32, i32 16, i32 16, i32 16, i32 16, void @empty_32, void @empty_32, i32 4294967295, i32 0"   --->   Operation 41 'specinterface' 'specinterface_ln0' <Predicate = true> <Delay = 0.00>
ST_1 : Operation 42 [1/1] (0.36ns)   --->   "%store_ln0 = store i11 0, i11 %indvar_flatten"   --->   Operation 42 'store' 'store_ln0' <Predicate = true> <Delay = 0.36>
ST_1 : Operation 43 [1/1] (0.36ns)   --->   "%store_ln20 = store i7 0, i7 %o" [/home/simics/HMoE/HLS_HMoE/pseudo_block/run_3/src/pseudo_moe.cpp:20]   --->   Operation 43 'store' 'store_ln20' <Predicate = true> <Delay = 0.36>
ST_1 : Operation 44 [1/1] (0.36ns)   --->   "%store_ln31 = store i5 0, i5 %g" [/home/simics/HMoE/HLS_HMoE/pseudo_block/run_3/src/pseudo_moe.cpp:31]   --->   Operation 44 'store' 'store_ln31' <Predicate = true> <Delay = 0.36>
ST_1 : Operation 45 [1/1] (0.36ns)   --->   "%store_ln0 = store i32 0, i32 %empty_71"   --->   Operation 45 'store' 'store_ln0' <Predicate = true> <Delay = 0.36>
ST_1 : Operation 46 [1/1] (0.36ns)   --->   "%store_ln0 = store i32 0, i32 %empty_70"   --->   Operation 46 'store' 'store_ln0' <Predicate = true> <Delay = 0.36>
ST_1 : Operation 47 [1/1] (0.36ns)   --->   "%store_ln0 = store i32 0, i32 %empty_69"   --->   Operation 47 'store' 'store_ln0' <Predicate = true> <Delay = 0.36>
ST_1 : Operation 48 [1/1] (0.36ns)   --->   "%store_ln0 = store i32 0, i32 %empty"   --->   Operation 48 'store' 'store_ln0' <Predicate = true> <Delay = 0.36>
ST_1 : Operation 49 [1/1] (0.36ns)   --->   "%br_ln0 = br void %VITIS_LOOP_34_4"   --->   Operation 49 'br' 'br_ln0' <Predicate = true> <Delay = 0.36>
ST_1 : Operation 50 [1/1] (0.00ns)   --->   "%first_iter_0 = phi i1 1, void %newFuncRoot, i1 0, void %new.latch.VITIS_LOOP_34_4.split"   --->   Operation 50 'phi' 'first_iter_0' <Predicate = true> <Delay = 0.00>
ST_1 : Operation 51 [1/1] (0.00ns)   --->   "%g_1 = load i5 %g" [/home/simics/HMoE/HLS_HMoE/pseudo_block/run_3/src/pseudo_moe.cpp:31]   --->   Operation 51 'load' 'g_1' <Predicate = true> <Delay = 0.00>
ST_1 : Operation 52 [1/1] (0.00ns)   --->   "%indvar_flatten_load = load i11 %indvar_flatten" [/home/simics/HMoE/HLS_HMoE/pseudo_block/run_3/src/pseudo_moe.cpp:20]   --->   Operation 52 'load' 'indvar_flatten_load' <Predicate = true> <Delay = 0.00>
ST_1 : Operation 53 [1/1] (0.67ns)   --->   "%icmp_ln20 = icmp_eq  i11 %indvar_flatten_load, i11 1024" [/home/simics/HMoE/HLS_HMoE/pseudo_block/run_3/src/pseudo_moe.cpp:20]   --->   Operation 53 'icmp' 'icmp_ln20' <Predicate = true> <Delay = 0.67> <CoreInst = "Cmp">   --->   Core 9 'Cmp' <Latency = 0> <II = 1> <Delay = 0.67> <FuncUnit> <Opcode : 'icmp'> <InPorts = 2> <OutPorts = 1>
ST_1 : Operation 54 [1/1] (0.67ns)   --->   "%add_ln20 = add i11 %indvar_flatten_load, i11 1" [/home/simics/HMoE/HLS_HMoE/pseudo_block/run_3/src/pseudo_moe.cpp:20]   --->   Operation 54 'add' 'add_ln20' <Predicate = true> <Delay = 0.67> <CoreInst = "Adder">   --->   Core 1 'Adder' <Latency = 0> <II = 1> <Delay = 0.67> <FuncUnit> <Opcode : 'add' 'sub'> <InPorts = 2> <OutPorts = 1>
ST_1 : Operation 55 [1/1] (0.00ns)   --->   "%br_ln20 = br i1 %icmp_ln20, void %VITIS_LOOP_43_5, void %for.end47.exitStub" [/home/simics/HMoE/HLS_HMoE/pseudo_block/run_3/src/pseudo_moe.cpp:20]   --->   Operation 55 'br' 'br_ln20' <Predicate = true> <Delay = 0.00>
ST_1 : Operation 56 [1/1] (0.64ns)   --->   "%icmp_ln31 = icmp_eq  i5 %g_1, i5 16" [/home/simics/HMoE/HLS_HMoE/pseudo_block/run_3/src/pseudo_moe.cpp:31]   --->   Operation 56 'icmp' 'icmp_ln31' <Predicate = (!icmp_ln20)> <Delay = 0.64> <CoreInst = "Cmp">   --->   Core 9 'Cmp' <Latency = 0> <II = 1> <Delay = 0.64> <FuncUnit> <Opcode : 'icmp'> <InPorts = 2> <OutPorts = 1>
ST_1 : Operation 57 [1/1] (0.11ns)   --->   "%or_ln20 = or i1 %icmp_ln31, i1 %first_iter_0" [/home/simics/HMoE/HLS_HMoE/pseudo_block/run_3/src/pseudo_moe.cpp:20]   --->   Operation 57 'or' 'or_ln20' <Predicate = (!icmp_ln20)> <Delay = 0.11> <CoreInst = "LogicGate">   --->   Core 74 'LogicGate' <Latency = 0> <II = 1> <Delay = 0.11> <FuncUnit> <Opcode : 'and' 'or' 'xor'> <InPorts = 2> <OutPorts = 1>
ST_1 : Operation 58 [1/1] (0.00ns)   --->   "%br_ln31 = br i1 %or_ln20, void %VITIS_LOOP_34_4.split, void %for.first.iter.VITIS_LOOP_34_4" [/home/simics/HMoE/HLS_HMoE/pseudo_block/run_3/src/pseudo_moe.cpp:31]   --->   Operation 58 'br' 'br_ln31' <Predicate = (!icmp_ln20)> <Delay = 0.00>
ST_1 : Operation 59 [1/1] (0.64ns)   --->   "%add_ln31 = add i5 %g_1, i5 1" [/home/simics/HMoE/HLS_HMoE/pseudo_block/run_3/src/pseudo_moe.cpp:31]   --->   Operation 59 'add' 'add_ln31' <Predicate = (!icmp_ln20)> <Delay = 0.64> <CoreInst = "Adder">   --->   Core 1 'Adder' <Latency = 0> <II = 1> <Delay = 0.64> <FuncUnit> <Opcode : 'add' 'sub'> <InPorts = 2> <OutPorts = 1>
ST_1 : Operation 60 [1/1] (0.25ns)   --->   "%select_ln31 = select i1 %icmp_ln31, i5 1, i5 %add_ln31" [/home/simics/HMoE/HLS_HMoE/pseudo_block/run_3/src/pseudo_moe.cpp:31]   --->   Operation 60 'select' 'select_ln31' <Predicate = (!icmp_ln20)> <Delay = 0.25> <CoreInst = "Sel">   --->   Core 73 'Sel' <Latency = 0> <II = 1> <Delay = 0.25> <FuncUnit> <Opcode : 'select'> <InPorts = 3> <OutPorts = 1>
ST_1 : Operation 61 [1/1] (0.64ns)   --->   "%icmp_ln31_1 = icmp_eq  i5 %select_ln31, i5 16" [/home/simics/HMoE/HLS_HMoE/pseudo_block/run_3/src/pseudo_moe.cpp:31]   --->   Operation 61 'icmp' 'icmp_ln31_1' <Predicate = (!icmp_ln20)> <Delay = 0.64> <CoreInst = "Cmp">   --->   Core 9 'Cmp' <Latency = 0> <II = 1> <Delay = 0.64> <FuncUnit> <Opcode : 'icmp'> <InPorts = 2> <OutPorts = 1>
ST_1 : Operation 62 [1/1] (0.00ns)   --->   "%br_ln31 = br i1 %icmp_ln31_1, void %new.latch.VITIS_LOOP_34_4.split, void %last.iter.VITIS_LOOP_34_4.split" [/home/simics/HMoE/HLS_HMoE/pseudo_block/run_3/src/pseudo_moe.cpp:31]   --->   Operation 62 'br' 'br_ln31' <Predicate = (!icmp_ln20)> <Delay = 0.00>
ST_1 : Operation 63 [1/1] (0.36ns)   --->   "%store_ln20 = store i11 %add_ln20, i11 %indvar_flatten" [/home/simics/HMoE/HLS_HMoE/pseudo_block/run_3/src/pseudo_moe.cpp:20]   --->   Operation 63 'store' 'store_ln20' <Predicate = (!icmp_ln20)> <Delay = 0.36>
ST_1 : Operation 64 [1/1] (0.36ns)   --->   "%store_ln31 = store i5 %select_ln31, i5 %g" [/home/simics/HMoE/HLS_HMoE/pseudo_block/run_3/src/pseudo_moe.cpp:31]   --->   Operation 64 'store' 'store_ln31' <Predicate = (!icmp_ln20)> <Delay = 0.36>
ST_1 : Operation 65 [1/1] (0.00ns)   --->   "%br_ln31 = br void %VITIS_LOOP_34_4" [/home/simics/HMoE/HLS_HMoE/pseudo_block/run_3/src/pseudo_moe.cpp:31]   --->   Operation 65 'br' 'br_ln31' <Predicate = (!icmp_ln20)> <Delay = 0.00>

State 2 <SV = 1> <Delay = 7.30>
ST_2 : Operation 66 [1/1] (0.00ns)   --->   "%gmem0_addr = getelementptr i32 %gmem0, i64 %sext_ln31_cast" [/home/simics/HMoE/HLS_HMoE/pseudo_block/run_3/src/pseudo_moe.cpp:31]   --->   Operation 66 'getelementptr' 'gmem0_addr' <Predicate = (!icmp_ln20)> <Delay = 0.00>
ST_2 : Operation 67 [8/8] (7.30ns)   --->   "%empty_72 = readreq i1 @_ssdm_op_ReadReq.m_axi.p1i32, i32 %gmem0_addr, i32 64" [/home/simics/HMoE/HLS_HMoE/pseudo_block/run_3/src/pseudo_moe.cpp:31]   --->   Operation 67 'readreq' 'empty_72' <Predicate = (!icmp_ln20 & or_ln20)> <Delay = 7.30> <CoreInst = "m_axi">   --->   Core 121 'm_axi' <Latency = 0> <II = 1> <Delay = 1.00> <Adapter> <Opcode : 'read' 'write' 'readreq' 'writereq' 'writeresp'>

State 3 <SV = 2> <Delay = 7.30>
ST_3 : Operation 68 [7/8] (7.30ns)   --->   "%empty_72 = readreq i1 @_ssdm_op_ReadReq.m_axi.p1i32, i32 %gmem0_addr, i32 64" [/home/simics/HMoE/HLS_HMoE/pseudo_block/run_3/src/pseudo_moe.cpp:31]   --->   Operation 68 'readreq' 'empty_72' <Predicate = (!icmp_ln20 & or_ln20)> <Delay = 7.30> <CoreInst = "m_axi">   --->   Core 121 'm_axi' <Latency = 0> <II = 1> <Delay = 1.00> <Adapter> <Opcode : 'read' 'write' 'readreq' 'writereq' 'writeresp'>

State 4 <SV = 3> <Delay = 7.30>
ST_4 : Operation 69 [6/8] (7.30ns)   --->   "%empty_72 = readreq i1 @_ssdm_op_ReadReq.m_axi.p1i32, i32 %gmem0_addr, i32 64" [/home/simics/HMoE/HLS_HMoE/pseudo_block/run_3/src/pseudo_moe.cpp:31]   --->   Operation 69 'readreq' 'empty_72' <Predicate = (!icmp_ln20 & or_ln20)> <Delay = 7.30> <CoreInst = "m_axi">   --->   Core 121 'm_axi' <Latency = 0> <II = 1> <Delay = 1.00> <Adapter> <Opcode : 'read' 'write' 'readreq' 'writereq' 'writeresp'>

State 5 <SV = 4> <Delay = 7.30>
ST_5 : Operation 70 [5/8] (7.30ns)   --->   "%empty_72 = readreq i1 @_ssdm_op_ReadReq.m_axi.p1i32, i32 %gmem0_addr, i32 64" [/home/simics/HMoE/HLS_HMoE/pseudo_block/run_3/src/pseudo_moe.cpp:31]   --->   Operation 70 'readreq' 'empty_72' <Predicate = (or_ln20)> <Delay = 7.30> <CoreInst = "m_axi">   --->   Core 121 'm_axi' <Latency = 0> <II = 1> <Delay = 1.00> <Adapter> <Opcode : 'read' 'write' 'readreq' 'writereq' 'writeresp'>

State 6 <SV = 5> <Delay = 7.30>
ST_6 : Operation 71 [4/8] (7.30ns)   --->   "%empty_72 = readreq i1 @_ssdm_op_ReadReq.m_axi.p1i32, i32 %gmem0_addr, i32 64" [/home/simics/HMoE/HLS_HMoE/pseudo_block/run_3/src/pseudo_moe.cpp:31]   --->   Operation 71 'readreq' 'empty_72' <Predicate = (or_ln20)> <Delay = 7.30> <CoreInst = "m_axi">   --->   Core 121 'm_axi' <Latency = 0> <II = 1> <Delay = 1.00> <Adapter> <Opcode : 'read' 'write' 'readreq' 'writereq' 'writeresp'>

State 7 <SV = 6> <Delay = 7.30>
ST_7 : Operation 72 [3/8] (7.30ns)   --->   "%empty_72 = readreq i1 @_ssdm_op_ReadReq.m_axi.p1i32, i32 %gmem0_addr, i32 64" [/home/simics/HMoE/HLS_HMoE/pseudo_block/run_3/src/pseudo_moe.cpp:31]   --->   Operation 72 'readreq' 'empty_72' <Predicate = (or_ln20)> <Delay = 7.30> <CoreInst = "m_axi">   --->   Core 121 'm_axi' <Latency = 0> <II = 1> <Delay = 1.00> <Adapter> <Opcode : 'read' 'write' 'readreq' 'writereq' 'writeresp'>

State 8 <SV = 7> <Delay = 7.30>
ST_8 : Operation 73 [2/8] (7.30ns)   --->   "%empty_72 = readreq i1 @_ssdm_op_ReadReq.m_axi.p1i32, i32 %gmem0_addr, i32 64" [/home/simics/HMoE/HLS_HMoE/pseudo_block/run_3/src/pseudo_moe.cpp:31]   --->   Operation 73 'readreq' 'empty_72' <Predicate = (or_ln20)> <Delay = 7.30> <CoreInst = "m_axi">   --->   Core 121 'm_axi' <Latency = 0> <II = 1> <Delay = 1.00> <Adapter> <Opcode : 'read' 'write' 'readreq' 'writereq' 'writeresp'>

State 9 <SV = 8> <Delay = 7.30>
ST_9 : Operation 74 [1/8] (7.30ns)   --->   "%empty_72 = readreq i1 @_ssdm_op_ReadReq.m_axi.p1i32, i32 %gmem0_addr, i32 64" [/home/simics/HMoE/HLS_HMoE/pseudo_block/run_3/src/pseudo_moe.cpp:31]   --->   Operation 74 'readreq' 'empty_72' <Predicate = (or_ln20)> <Delay = 7.30> <CoreInst = "m_axi">   --->   Core 121 'm_axi' <Latency = 0> <II = 1> <Delay = 1.00> <Adapter> <Opcode : 'read' 'write' 'readreq' 'writereq' 'writeresp'>
ST_9 : Operation 75 [1/1] (0.00ns)   --->   "%br_ln31 = br void %VITIS_LOOP_34_4.split" [/home/simics/HMoE/HLS_HMoE/pseudo_block/run_3/src/pseudo_moe.cpp:31]   --->   Operation 75 'br' 'br_ln31' <Predicate = (or_ln20)> <Delay = 0.00>

State 10 <SV = 9> <Delay = 7.30>
ST_10 : Operation 76 [1/1] (0.00ns)   --->   "%gmem3_addr = getelementptr i32 %gmem3, i64 %sext_ln20_cast" [/home/simics/HMoE/HLS_HMoE/pseudo_block/run_3/src/pseudo_moe.cpp:20]   --->   Operation 76 'getelementptr' 'gmem3_addr' <Predicate = true> <Delay = 0.00>
ST_10 : Operation 77 [1/1] (7.30ns)   --->   "%gmem0_addr_read = read i32 @_ssdm_op_Read.m_axi.p1i32, i32 %gmem0_addr" [/home/simics/HMoE/HLS_HMoE/pseudo_block/run_3/src/pseudo_moe.cpp:37]   --->   Operation 77 'read' 'gmem0_addr_read' <Predicate = true> <Delay = 7.30> <CoreInst = "m_axi">   --->   Core 121 'm_axi' <Latency = 0> <II = 1> <Delay = 1.00> <Adapter> <Opcode : 'read' 'write' 'readreq' 'writereq' 'writeresp'>
ST_10 : Operation 78 [1/1] (7.30ns)   --->   "%gmem3_addr_read = read i32 @_ssdm_op_Read.m_axi.p1i32, i32 %gmem3_addr" [/home/simics/HMoE/HLS_HMoE/pseudo_block/run_3/src/pseudo_moe.cpp:37]   --->   Operation 78 'read' 'gmem3_addr_read' <Predicate = true> <Delay = 7.30> <CoreInst = "m_axi">   --->   Core 121 'm_axi' <Latency = 0> <II = 1> <Delay = 1.00> <Adapter> <Opcode : 'read' 'write' 'readreq' 'writereq' 'writeresp'>

State 11 <SV = 10> <Delay = 7.30>
ST_11 : Operation 79 [1/1] (0.00ns)   --->   "%bitcast_ln37 = bitcast i32 %gmem0_addr_read" [/home/simics/HMoE/HLS_HMoE/pseudo_block/run_3/src/pseudo_moe.cpp:37]   --->   Operation 79 'bitcast' 'bitcast_ln37' <Predicate = true> <Delay = 0.00>
ST_11 : Operation 80 [1/1] (7.30ns)   --->   "%gmem0_addr_read_64 = read i32 @_ssdm_op_Read.m_axi.p1i32, i32 %gmem0_addr" [/home/simics/HMoE/HLS_HMoE/pseudo_block/run_3/src/pseudo_moe.cpp:37]   --->   Operation 80 'read' 'gmem0_addr_read_64' <Predicate = true> <Delay = 7.30> <CoreInst = "m_axi">   --->   Core 121 'm_axi' <Latency = 0> <II = 1> <Delay = 1.00> <Adapter> <Opcode : 'read' 'write' 'readreq' 'writereq' 'writeresp'>
ST_11 : Operation 81 [1/1] (0.00ns)   --->   "%bitcast_ln37_4 = bitcast i32 %gmem3_addr_read" [/home/simics/HMoE/HLS_HMoE/pseudo_block/run_3/src/pseudo_moe.cpp:37]   --->   Operation 81 'bitcast' 'bitcast_ln37_4' <Predicate = true> <Delay = 0.00>
ST_11 : Operation 82 [1/1] (7.30ns)   --->   "%gmem3_addr_read_1 = read i32 @_ssdm_op_Read.m_axi.p1i32, i32 %gmem3_addr" [/home/simics/HMoE/HLS_HMoE/pseudo_block/run_3/src/pseudo_moe.cpp:37]   --->   Operation 82 'read' 'gmem3_addr_read_1' <Predicate = true> <Delay = 7.30> <CoreInst = "m_axi">   --->   Core 121 'm_axi' <Latency = 0> <II = 1> <Delay = 1.00> <Adapter> <Opcode : 'read' 'write' 'readreq' 'writereq' 'writeresp'>
ST_11 : Operation 83 [2/2] (3.88ns)   --->   "%mul = fmul i32 %bitcast_ln37, i32 %bitcast_ln37_4" [/home/simics/HMoE/HLS_HMoE/pseudo_block/run_3/src/pseudo_moe.cpp:37]   --->   Operation 83 'fmul' 'mul' <Predicate = true> <Delay = 3.88> <CoreInst = "FMul_maxdsp">   --->   Core 30 'FMul_maxdsp' <Latency = 1> <II = 1> <Delay = 3.88> <FuncUnit> <Opcode : 'fmul'> <InPorts = 2> <OutPorts = 1>

State 12 <SV = 11> <Delay = 7.30>
ST_12 : Operation 84 [1/1] (0.00ns)   --->   "%bitcast_ln37_1 = bitcast i32 %gmem0_addr_read_64" [/home/simics/HMoE/HLS_HMoE/pseudo_block/run_3/src/pseudo_moe.cpp:37]   --->   Operation 84 'bitcast' 'bitcast_ln37_1' <Predicate = true> <Delay = 0.00>
ST_12 : Operation 85 [1/1] (7.30ns)   --->   "%gmem0_addr_read_65 = read i32 @_ssdm_op_Read.m_axi.p1i32, i32 %gmem0_addr" [/home/simics/HMoE/HLS_HMoE/pseudo_block/run_3/src/pseudo_moe.cpp:37]   --->   Operation 85 'read' 'gmem0_addr_read_65' <Predicate = true> <Delay = 7.30> <CoreInst = "m_axi">   --->   Core 121 'm_axi' <Latency = 0> <II = 1> <Delay = 1.00> <Adapter> <Opcode : 'read' 'write' 'readreq' 'writereq' 'writeresp'>
ST_12 : Operation 86 [1/1] (0.00ns)   --->   "%bitcast_ln37_5 = bitcast i32 %gmem3_addr_read_1" [/home/simics/HMoE/HLS_HMoE/pseudo_block/run_3/src/pseudo_moe.cpp:37]   --->   Operation 86 'bitcast' 'bitcast_ln37_5' <Predicate = true> <Delay = 0.00>
ST_12 : Operation 87 [1/1] (7.30ns)   --->   "%gmem3_addr_read_2 = read i32 @_ssdm_op_Read.m_axi.p1i32, i32 %gmem3_addr" [/home/simics/HMoE/HLS_HMoE/pseudo_block/run_3/src/pseudo_moe.cpp:37]   --->   Operation 87 'read' 'gmem3_addr_read_2' <Predicate = true> <Delay = 7.30> <CoreInst = "m_axi">   --->   Core 121 'm_axi' <Latency = 0> <II = 1> <Delay = 1.00> <Adapter> <Opcode : 'read' 'write' 'readreq' 'writereq' 'writeresp'>
ST_12 : Operation 88 [1/2] (3.88ns)   --->   "%mul = fmul i32 %bitcast_ln37, i32 %bitcast_ln37_4" [/home/simics/HMoE/HLS_HMoE/pseudo_block/run_3/src/pseudo_moe.cpp:37]   --->   Operation 88 'fmul' 'mul' <Predicate = true> <Delay = 3.88> <CoreInst = "FMul_maxdsp">   --->   Core 30 'FMul_maxdsp' <Latency = 1> <II = 1> <Delay = 3.88> <FuncUnit> <Opcode : 'fmul'> <InPorts = 2> <OutPorts = 1>
ST_12 : Operation 89 [2/2] (3.88ns)   --->   "%mul20_1 = fmul i32 %bitcast_ln37_1, i32 %bitcast_ln37_5" [/home/simics/HMoE/HLS_HMoE/pseudo_block/run_3/src/pseudo_moe.cpp:37]   --->   Operation 89 'fmul' 'mul20_1' <Predicate = true> <Delay = 3.88> <CoreInst = "FMul_maxdsp">   --->   Core 30 'FMul_maxdsp' <Latency = 1> <II = 1> <Delay = 3.88> <FuncUnit> <Opcode : 'fmul'> <InPorts = 2> <OutPorts = 1>

State 13 <SV = 12> <Delay = 7.30>
ST_13 : Operation 90 [1/1] (0.00ns)   --->   "%p_load9 = load i32 %empty" [/home/simics/HMoE/HLS_HMoE/pseudo_block/run_3/src/pseudo_moe.cpp:20]   --->   Operation 90 'load' 'p_load9' <Predicate = (!icmp_ln31)> <Delay = 0.00>
ST_13 : Operation 91 [1/1] (0.21ns)   --->   "%select_ln20_3 = select i1 %icmp_ln31, i32 0, i32 %p_load9" [/home/simics/HMoE/HLS_HMoE/pseudo_block/run_3/src/pseudo_moe.cpp:20]   --->   Operation 91 'select' 'select_ln20_3' <Predicate = true> <Delay = 0.21> <CoreInst = "Sel">   --->   Core 73 'Sel' <Latency = 0> <II = 1> <Delay = 0.21> <FuncUnit> <Opcode : 'select'> <InPorts = 3> <OutPorts = 1>
ST_13 : Operation 92 [1/1] (0.00ns)   --->   "%bitcast_ln37_2 = bitcast i32 %gmem0_addr_read_65" [/home/simics/HMoE/HLS_HMoE/pseudo_block/run_3/src/pseudo_moe.cpp:37]   --->   Operation 92 'bitcast' 'bitcast_ln37_2' <Predicate = true> <Delay = 0.00>
ST_13 : Operation 93 [1/1] (7.30ns)   --->   "%gmem0_addr_read_66 = read i32 @_ssdm_op_Read.m_axi.p1i32, i32 %gmem0_addr" [/home/simics/HMoE/HLS_HMoE/pseudo_block/run_3/src/pseudo_moe.cpp:37]   --->   Operation 93 'read' 'gmem0_addr_read_66' <Predicate = true> <Delay = 7.30> <CoreInst = "m_axi">   --->   Core 121 'm_axi' <Latency = 0> <II = 1> <Delay = 1.00> <Adapter> <Opcode : 'read' 'write' 'readreq' 'writereq' 'writeresp'>
ST_13 : Operation 94 [1/1] (0.00ns)   --->   "%bitcast_ln37_6 = bitcast i32 %gmem3_addr_read_2" [/home/simics/HMoE/HLS_HMoE/pseudo_block/run_3/src/pseudo_moe.cpp:37]   --->   Operation 94 'bitcast' 'bitcast_ln37_6' <Predicate = true> <Delay = 0.00>
ST_13 : Operation 95 [1/1] (7.30ns)   --->   "%gmem3_addr_read_3 = read i32 @_ssdm_op_Read.m_axi.p1i32, i32 %gmem3_addr" [/home/simics/HMoE/HLS_HMoE/pseudo_block/run_3/src/pseudo_moe.cpp:37]   --->   Operation 95 'read' 'gmem3_addr_read_3' <Predicate = true> <Delay = 7.30> <CoreInst = "m_axi">   --->   Core 121 'm_axi' <Latency = 0> <II = 1> <Delay = 1.00> <Adapter> <Opcode : 'read' 'write' 'readreq' 'writereq' 'writeresp'>
ST_13 : Operation 96 [2/2] (6.04ns)   --->   "%add = fadd i32 %select_ln20_3, i32 %mul" [/home/simics/HMoE/HLS_HMoE/pseudo_block/run_3/src/pseudo_moe.cpp:37]   --->   Operation 96 'fadd' 'add' <Predicate = true> <Delay = 6.04> <CoreInst = "FAddSub_fulldsp">   --->   Core 18 'FAddSub_fulldsp' <Latency = 1> <II = 1> <Delay = 6.04> <FuncUnit> <Opcode : 'fadd' 'fsub'> <InPorts = 2> <OutPorts = 1>
ST_13 : Operation 97 [1/2] (3.88ns)   --->   "%mul20_1 = fmul i32 %bitcast_ln37_1, i32 %bitcast_ln37_5" [/home/simics/HMoE/HLS_HMoE/pseudo_block/run_3/src/pseudo_moe.cpp:37]   --->   Operation 97 'fmul' 'mul20_1' <Predicate = true> <Delay = 3.88> <CoreInst = "FMul_maxdsp">   --->   Core 30 'FMul_maxdsp' <Latency = 1> <II = 1> <Delay = 3.88> <FuncUnit> <Opcode : 'fmul'> <InPorts = 2> <OutPorts = 1>
ST_13 : Operation 98 [2/2] (3.88ns)   --->   "%mul20_2 = fmul i32 %bitcast_ln37_2, i32 %bitcast_ln37_6" [/home/simics/HMoE/HLS_HMoE/pseudo_block/run_3/src/pseudo_moe.cpp:37]   --->   Operation 98 'fmul' 'mul20_2' <Predicate = true> <Delay = 3.88> <CoreInst = "FMul_maxdsp">   --->   Core 30 'FMul_maxdsp' <Latency = 1> <II = 1> <Delay = 3.88> <FuncUnit> <Opcode : 'fmul'> <InPorts = 2> <OutPorts = 1>

State 14 <SV = 13> <Delay = 7.30>
ST_14 : Operation 99 [1/1] (0.00ns)   --->   "%p_load8 = load i32 %empty_69" [/home/simics/HMoE/HLS_HMoE/pseudo_block/run_3/src/pseudo_moe.cpp:20]   --->   Operation 99 'load' 'p_load8' <Predicate = (!icmp_ln31)> <Delay = 0.00>
ST_14 : Operation 100 [1/1] (0.00ns)   --->   "%gmem4_addr = getelementptr i32 %gmem4, i64 %sext_ln20_1_cast" [/home/simics/HMoE/HLS_HMoE/pseudo_block/run_3/src/pseudo_moe.cpp:20]   --->   Operation 100 'getelementptr' 'gmem4_addr' <Predicate = true> <Delay = 0.00>
ST_14 : Operation 101 [1/1] (0.21ns)   --->   "%select_ln20_2 = select i1 %icmp_ln31, i32 0, i32 %p_load8" [/home/simics/HMoE/HLS_HMoE/pseudo_block/run_3/src/pseudo_moe.cpp:20]   --->   Operation 101 'select' 'select_ln20_2' <Predicate = true> <Delay = 0.21> <CoreInst = "Sel">   --->   Core 73 'Sel' <Latency = 0> <II = 1> <Delay = 0.21> <FuncUnit> <Opcode : 'select'> <InPorts = 3> <OutPorts = 1>
ST_14 : Operation 102 [1/1] (0.00ns)   --->   "%bitcast_ln37_3 = bitcast i32 %gmem0_addr_read_66" [/home/simics/HMoE/HLS_HMoE/pseudo_block/run_3/src/pseudo_moe.cpp:37]   --->   Operation 102 'bitcast' 'bitcast_ln37_3' <Predicate = true> <Delay = 0.00>
ST_14 : Operation 103 [1/1] (0.00ns)   --->   "%bitcast_ln37_7 = bitcast i32 %gmem3_addr_read_3" [/home/simics/HMoE/HLS_HMoE/pseudo_block/run_3/src/pseudo_moe.cpp:37]   --->   Operation 103 'bitcast' 'bitcast_ln37_7' <Predicate = true> <Delay = 0.00>
ST_14 : Operation 104 [1/2] (6.04ns)   --->   "%add = fadd i32 %select_ln20_3, i32 %mul" [/home/simics/HMoE/HLS_HMoE/pseudo_block/run_3/src/pseudo_moe.cpp:37]   --->   Operation 104 'fadd' 'add' <Predicate = true> <Delay = 6.04> <CoreInst = "FAddSub_fulldsp">   --->   Core 18 'FAddSub_fulldsp' <Latency = 1> <II = 1> <Delay = 6.04> <FuncUnit> <Opcode : 'fadd' 'fsub'> <InPorts = 2> <OutPorts = 1>
ST_14 : Operation 105 [2/2] (6.04ns)   --->   "%add23_1 = fadd i32 %select_ln20_2, i32 %mul20_1" [/home/simics/HMoE/HLS_HMoE/pseudo_block/run_3/src/pseudo_moe.cpp:37]   --->   Operation 105 'fadd' 'add23_1' <Predicate = true> <Delay = 6.04> <CoreInst = "FAddSub_fulldsp">   --->   Core 18 'FAddSub_fulldsp' <Latency = 1> <II = 1> <Delay = 6.04> <FuncUnit> <Opcode : 'fadd' 'fsub'> <InPorts = 2> <OutPorts = 1>
ST_14 : Operation 106 [1/2] (3.88ns)   --->   "%mul20_2 = fmul i32 %bitcast_ln37_2, i32 %bitcast_ln37_6" [/home/simics/HMoE/HLS_HMoE/pseudo_block/run_3/src/pseudo_moe.cpp:37]   --->   Operation 106 'fmul' 'mul20_2' <Predicate = true> <Delay = 3.88> <CoreInst = "FMul_maxdsp">   --->   Core 30 'FMul_maxdsp' <Latency = 1> <II = 1> <Delay = 3.88> <FuncUnit> <Opcode : 'fmul'> <InPorts = 2> <OutPorts = 1>
ST_14 : Operation 107 [2/2] (3.88ns)   --->   "%mul20_3 = fmul i32 %bitcast_ln37_3, i32 %bitcast_ln37_7" [/home/simics/HMoE/HLS_HMoE/pseudo_block/run_3/src/pseudo_moe.cpp:37]   --->   Operation 107 'fmul' 'mul20_3' <Predicate = true> <Delay = 3.88> <CoreInst = "FMul_maxdsp">   --->   Core 30 'FMul_maxdsp' <Latency = 1> <II = 1> <Delay = 3.88> <FuncUnit> <Opcode : 'fmul'> <InPorts = 2> <OutPorts = 1>
ST_14 : Operation 108 [1/1] (7.30ns)   --->   "%gmem4_addr_read = read i32 @_ssdm_op_Read.m_axi.p1i32, i32 %gmem4_addr" [/home/simics/HMoE/HLS_HMoE/pseudo_block/run_3/src/pseudo_moe.cpp:42]   --->   Operation 108 'read' 'gmem4_addr_read' <Predicate = (icmp_ln31_1)> <Delay = 7.30> <CoreInst = "m_axi">   --->   Core 121 'm_axi' <Latency = 0> <II = 1> <Delay = 1.00> <Adapter> <Opcode : 'read' 'write' 'readreq' 'writereq' 'writeresp'>
ST_14 : Operation 109 [1/1] (0.36ns)   --->   "%store_ln37 = store i32 %add, i32 %empty" [/home/simics/HMoE/HLS_HMoE/pseudo_block/run_3/src/pseudo_moe.cpp:37]   --->   Operation 109 'store' 'store_ln37' <Predicate = (!icmp_ln20)> <Delay = 0.36>

State 15 <SV = 14> <Delay = 6.40>
ST_15 : Operation 110 [1/1] (0.00ns)   --->   "%p_load7 = load i32 %empty_70" [/home/simics/HMoE/HLS_HMoE/pseudo_block/run_3/src/pseudo_moe.cpp:20]   --->   Operation 110 'load' 'p_load7' <Predicate = (!icmp_ln31)> <Delay = 0.00>
ST_15 : Operation 111 [1/1] (0.21ns)   --->   "%select_ln20_1 = select i1 %icmp_ln31, i32 0, i32 %p_load7" [/home/simics/HMoE/HLS_HMoE/pseudo_block/run_3/src/pseudo_moe.cpp:20]   --->   Operation 111 'select' 'select_ln20_1' <Predicate = true> <Delay = 0.21> <CoreInst = "Sel">   --->   Core 73 'Sel' <Latency = 0> <II = 1> <Delay = 0.21> <FuncUnit> <Opcode : 'select'> <InPorts = 3> <OutPorts = 1>
ST_15 : Operation 112 [1/2] (6.04ns)   --->   "%add23_1 = fadd i32 %select_ln20_2, i32 %mul20_1" [/home/simics/HMoE/HLS_HMoE/pseudo_block/run_3/src/pseudo_moe.cpp:37]   --->   Operation 112 'fadd' 'add23_1' <Predicate = true> <Delay = 6.04> <CoreInst = "FAddSub_fulldsp">   --->   Core 18 'FAddSub_fulldsp' <Latency = 1> <II = 1> <Delay = 6.04> <FuncUnit> <Opcode : 'fadd' 'fsub'> <InPorts = 2> <OutPorts = 1>
ST_15 : Operation 113 [2/2] (6.04ns)   --->   "%add23_2 = fadd i32 %select_ln20_1, i32 %mul20_2" [/home/simics/HMoE/HLS_HMoE/pseudo_block/run_3/src/pseudo_moe.cpp:37]   --->   Operation 113 'fadd' 'add23_2' <Predicate = true> <Delay = 6.04> <CoreInst = "FAddSub_fulldsp">   --->   Core 18 'FAddSub_fulldsp' <Latency = 1> <II = 1> <Delay = 6.04> <FuncUnit> <Opcode : 'fadd' 'fsub'> <InPorts = 2> <OutPorts = 1>
ST_15 : Operation 114 [1/2] (3.88ns)   --->   "%mul20_3 = fmul i32 %bitcast_ln37_3, i32 %bitcast_ln37_7" [/home/simics/HMoE/HLS_HMoE/pseudo_block/run_3/src/pseudo_moe.cpp:37]   --->   Operation 114 'fmul' 'mul20_3' <Predicate = true> <Delay = 3.88> <CoreInst = "FMul_maxdsp">   --->   Core 30 'FMul_maxdsp' <Latency = 1> <II = 1> <Delay = 3.88> <FuncUnit> <Opcode : 'fmul'> <InPorts = 2> <OutPorts = 1>
ST_15 : Operation 115 [1/1] (0.00ns)   --->   "%acc = bitcast i32 %gmem4_addr_read" [/home/simics/HMoE/HLS_HMoE/pseudo_block/run_3/src/pseudo_moe.cpp:42]   --->   Operation 115 'bitcast' 'acc' <Predicate = (icmp_ln31_1)> <Delay = 0.00>
ST_15 : Operation 116 [2/2] (6.04ns)   --->   "%acc_65 = fadd i32 %acc, i32 %add" [/home/simics/HMoE/HLS_HMoE/pseudo_block/run_3/src/pseudo_moe.cpp:45]   --->   Operation 116 'fadd' 'acc_65' <Predicate = (icmp_ln31_1)> <Delay = 6.04> <CoreInst = "FAddSub_fulldsp">   --->   Core 18 'FAddSub_fulldsp' <Latency = 1> <II = 1> <Delay = 6.04> <FuncUnit> <Opcode : 'fadd' 'fsub'> <InPorts = 2> <OutPorts = 1>
ST_15 : Operation 117 [1/1] (0.36ns)   --->   "%store_ln37 = store i32 %add23_1, i32 %empty_69" [/home/simics/HMoE/HLS_HMoE/pseudo_block/run_3/src/pseudo_moe.cpp:37]   --->   Operation 117 'store' 'store_ln37' <Predicate = (!icmp_ln20)> <Delay = 0.36>

State 16 <SV = 15> <Delay = 6.40>
ST_16 : Operation 118 [1/1] (0.00ns)   --->   "%p_load = load i32 %empty_71" [/home/simics/HMoE/HLS_HMoE/pseudo_block/run_3/src/pseudo_moe.cpp:20]   --->   Operation 118 'load' 'p_load' <Predicate = (!icmp_ln31)> <Delay = 0.00>
ST_16 : Operation 119 [1/1] (0.21ns)   --->   "%select_ln20 = select i1 %icmp_ln31, i32 0, i32 %p_load" [/home/simics/HMoE/HLS_HMoE/pseudo_block/run_3/src/pseudo_moe.cpp:20]   --->   Operation 119 'select' 'select_ln20' <Predicate = true> <Delay = 0.21> <CoreInst = "Sel">   --->   Core 73 'Sel' <Latency = 0> <II = 1> <Delay = 0.21> <FuncUnit> <Opcode : 'select'> <InPorts = 3> <OutPorts = 1>
ST_16 : Operation 120 [1/2] (6.04ns)   --->   "%add23_2 = fadd i32 %select_ln20_1, i32 %mul20_2" [/home/simics/HMoE/HLS_HMoE/pseudo_block/run_3/src/pseudo_moe.cpp:37]   --->   Operation 120 'fadd' 'add23_2' <Predicate = true> <Delay = 6.04> <CoreInst = "FAddSub_fulldsp">   --->   Core 18 'FAddSub_fulldsp' <Latency = 1> <II = 1> <Delay = 6.04> <FuncUnit> <Opcode : 'fadd' 'fsub'> <InPorts = 2> <OutPorts = 1>
ST_16 : Operation 121 [2/2] (6.04ns)   --->   "%add23_3 = fadd i32 %select_ln20, i32 %mul20_3" [/home/simics/HMoE/HLS_HMoE/pseudo_block/run_3/src/pseudo_moe.cpp:37]   --->   Operation 121 'fadd' 'add23_3' <Predicate = true> <Delay = 6.04> <CoreInst = "FAddSub_fulldsp">   --->   Core 18 'FAddSub_fulldsp' <Latency = 1> <II = 1> <Delay = 6.04> <FuncUnit> <Opcode : 'fadd' 'fsub'> <InPorts = 2> <OutPorts = 1>
ST_16 : Operation 122 [1/2] (6.04ns)   --->   "%acc_65 = fadd i32 %acc, i32 %add" [/home/simics/HMoE/HLS_HMoE/pseudo_block/run_3/src/pseudo_moe.cpp:45]   --->   Operation 122 'fadd' 'acc_65' <Predicate = (icmp_ln31_1)> <Delay = 6.04> <CoreInst = "FAddSub_fulldsp">   --->   Core 18 'FAddSub_fulldsp' <Latency = 1> <II = 1> <Delay = 6.04> <FuncUnit> <Opcode : 'fadd' 'fsub'> <InPorts = 2> <OutPorts = 1>
ST_16 : Operation 123 [1/1] (0.36ns)   --->   "%store_ln37 = store i32 %add23_2, i32 %empty_70" [/home/simics/HMoE/HLS_HMoE/pseudo_block/run_3/src/pseudo_moe.cpp:37]   --->   Operation 123 'store' 'store_ln37' <Predicate = (!icmp_ln20)> <Delay = 0.36>

State 17 <SV = 16> <Delay = 6.40>
ST_17 : Operation 124 [1/2] (6.04ns)   --->   "%add23_3 = fadd i32 %select_ln20, i32 %mul20_3" [/home/simics/HMoE/HLS_HMoE/pseudo_block/run_3/src/pseudo_moe.cpp:37]   --->   Operation 124 'fadd' 'add23_3' <Predicate = true> <Delay = 6.04> <CoreInst = "FAddSub_fulldsp">   --->   Core 18 'FAddSub_fulldsp' <Latency = 1> <II = 1> <Delay = 6.04> <FuncUnit> <Opcode : 'fadd' 'fsub'> <InPorts = 2> <OutPorts = 1>
ST_17 : Operation 125 [2/2] (6.04ns)   --->   "%acc_66 = fadd i32 %acc_65, i32 %add23_1" [/home/simics/HMoE/HLS_HMoE/pseudo_block/run_3/src/pseudo_moe.cpp:45]   --->   Operation 125 'fadd' 'acc_66' <Predicate = (icmp_ln31_1)> <Delay = 6.04> <CoreInst = "FAddSub_fulldsp">   --->   Core 18 'FAddSub_fulldsp' <Latency = 1> <II = 1> <Delay = 6.04> <FuncUnit> <Opcode : 'fadd' 'fsub'> <InPorts = 2> <OutPorts = 1>
ST_17 : Operation 126 [1/1] (0.36ns)   --->   "%store_ln37 = store i32 %add23_3, i32 %empty_71" [/home/simics/HMoE/HLS_HMoE/pseudo_block/run_3/src/pseudo_moe.cpp:37]   --->   Operation 126 'store' 'store_ln37' <Predicate = (!icmp_ln20)> <Delay = 0.36>

State 18 <SV = 17> <Delay = 6.04>
ST_18 : Operation 127 [1/2] (6.04ns)   --->   "%acc_66 = fadd i32 %acc_65, i32 %add23_1" [/home/simics/HMoE/HLS_HMoE/pseudo_block/run_3/src/pseudo_moe.cpp:45]   --->   Operation 127 'fadd' 'acc_66' <Predicate = (icmp_ln31_1)> <Delay = 6.04> <CoreInst = "FAddSub_fulldsp">   --->   Core 18 'FAddSub_fulldsp' <Latency = 1> <II = 1> <Delay = 6.04> <FuncUnit> <Opcode : 'fadd' 'fsub'> <InPorts = 2> <OutPorts = 1>

State 19 <SV = 18> <Delay = 0.00>
ST_19 : Operation 143 [1/1] (0.00ns)   --->   "%ret_ln0 = ret"   --->   Operation 143 'ret' 'ret_ln0' <Predicate = (icmp_ln20)> <Delay = 0.00>

State 20 <SV = 19> <Delay = 6.04>
ST_20 : Operation 128 [2/2] (6.04ns)   --->   "%acc_67 = fadd i32 %acc_66, i32 %add23_2" [/home/simics/HMoE/HLS_HMoE/pseudo_block/run_3/src/pseudo_moe.cpp:45]   --->   Operation 128 'fadd' 'acc_67' <Predicate = (icmp_ln31_1)> <Delay = 6.04> <CoreInst = "FAddSub_fulldsp">   --->   Core 18 'FAddSub_fulldsp' <Latency = 1> <II = 1> <Delay = 6.04> <FuncUnit> <Opcode : 'fadd' 'fsub'> <InPorts = 2> <OutPorts = 1>

State 21 <SV = 20> <Delay = 6.04>
ST_21 : Operation 129 [1/2] (6.04ns)   --->   "%acc_67 = fadd i32 %acc_66, i32 %add23_2" [/home/simics/HMoE/HLS_HMoE/pseudo_block/run_3/src/pseudo_moe.cpp:45]   --->   Operation 129 'fadd' 'acc_67' <Predicate = (icmp_ln31_1)> <Delay = 6.04> <CoreInst = "FAddSub_fulldsp">   --->   Core 18 'FAddSub_fulldsp' <Latency = 1> <II = 1> <Delay = 6.04> <FuncUnit> <Opcode : 'fadd' 'fsub'> <InPorts = 2> <OutPorts = 1>

State 22 <SV = 21> <Delay = 6.04>
ST_22 : Operation 130 [2/2] (6.04ns)   --->   "%acc_68 = fadd i32 %acc_67, i32 %add23_3" [/home/simics/HMoE/HLS_HMoE/pseudo_block/run_3/src/pseudo_moe.cpp:45]   --->   Operation 130 'fadd' 'acc_68' <Predicate = (icmp_ln31_1)> <Delay = 6.04> <CoreInst = "FAddSub_fulldsp">   --->   Core 18 'FAddSub_fulldsp' <Latency = 1> <II = 1> <Delay = 6.04> <FuncUnit> <Opcode : 'fadd' 'fsub'> <InPorts = 2> <OutPorts = 1>

State 23 <SV = 22> <Delay = 7.07>
ST_23 : Operation 131 [1/1] (0.00ns)   --->   "%o_load = load i7 %o" [/home/simics/HMoE/HLS_HMoE/pseudo_block/run_3/src/pseudo_moe.cpp:20]   --->   Operation 131 'load' 'o_load' <Predicate = true> <Delay = 0.00>
ST_23 : Operation 132 [1/1] (0.00ns)   --->   "%specloopname_ln0 = specloopname void @_ssdm_op_SpecLoopName, void @VITIS_LOOP_20_1_VITIS_LOOP_31_3_str"   --->   Operation 132 'specloopname' 'specloopname_ln0' <Predicate = true> <Delay = 0.00>
ST_23 : Operation 133 [1/1] (0.00ns)   --->   "%speclooptripcount_ln0 = speclooptripcount void @_ssdm_op_SpecLoopTripCount, i64 1024, i64 1024, i64 1024"   --->   Operation 133 'speclooptripcount' 'speclooptripcount_ln0' <Predicate = true> <Delay = 0.00>
ST_23 : Operation 134 [1/1] (0.65ns)   --->   "%add_ln20_1 = add i7 %o_load, i7 1" [/home/simics/HMoE/HLS_HMoE/pseudo_block/run_3/src/pseudo_moe.cpp:20]   --->   Operation 134 'add' 'add_ln20_1' <Predicate = (icmp_ln31)> <Delay = 0.65> <CoreInst = "Adder">   --->   Core 1 'Adder' <Latency = 0> <II = 1> <Delay = 0.65> <FuncUnit> <Opcode : 'add' 'sub'> <InPorts = 2> <OutPorts = 1>
ST_23 : Operation 135 [1/1] (0.28ns)   --->   "%select_ln20_4 = select i1 %icmp_ln31, i7 %add_ln20_1, i7 %o_load" [/home/simics/HMoE/HLS_HMoE/pseudo_block/run_3/src/pseudo_moe.cpp:20]   --->   Operation 135 'select' 'select_ln20_4' <Predicate = true> <Delay = 0.28> <CoreInst = "Sel">   --->   Core 73 'Sel' <Latency = 0> <II = 1> <Delay = 0.28> <FuncUnit> <Opcode : 'select'> <InPorts = 3> <OutPorts = 1>
ST_23 : Operation 136 [1/1] (0.00ns)   --->   "%zext_ln20 = zext i7 %select_ln20_4" [/home/simics/HMoE/HLS_HMoE/pseudo_block/run_3/src/pseudo_moe.cpp:20]   --->   Operation 136 'zext' 'zext_ln20' <Predicate = true> <Delay = 0.00>
ST_23 : Operation 137 [1/1] (0.00ns)   --->   "%specpipeline_ln32 = specpipeline void @_ssdm_op_SpecPipeline, i32 1, i32 0, i32 0, i32 0, void @empty_32" [/home/simics/HMoE/HLS_HMoE/pseudo_block/run_3/src/pseudo_moe.cpp:32]   --->   Operation 137 'specpipeline' 'specpipeline_ln32' <Predicate = true> <Delay = 0.00>
ST_23 : Operation 138 [1/1] (0.00ns)   --->   "%result_addr = getelementptr i32 %result, i64 0, i64 %zext_ln20" [/home/simics/HMoE/HLS_HMoE/pseudo_block/run_3/src/pseudo_moe.cpp:48]   --->   Operation 138 'getelementptr' 'result_addr' <Predicate = true> <Delay = 0.00>
ST_23 : Operation 139 [1/2] (6.04ns)   --->   "%acc_68 = fadd i32 %acc_67, i32 %add23_3" [/home/simics/HMoE/HLS_HMoE/pseudo_block/run_3/src/pseudo_moe.cpp:45]   --->   Operation 139 'fadd' 'acc_68' <Predicate = (icmp_ln31_1)> <Delay = 6.04> <CoreInst = "FAddSub_fulldsp">   --->   Core 18 'FAddSub_fulldsp' <Latency = 1> <II = 1> <Delay = 6.04> <FuncUnit> <Opcode : 'fadd' 'fsub'> <InPorts = 2> <OutPorts = 1>
ST_23 : Operation 140 [1/1] (1.02ns)   --->   "%store_ln48 = store i32 %acc_68, i6 %result_addr" [/home/simics/HMoE/HLS_HMoE/pseudo_block/run_3/src/pseudo_moe.cpp:48]   --->   Operation 140 'store' 'store_ln48' <Predicate = (icmp_ln31_1)> <Delay = 1.02> <CoreInst = "RAM">   --->   Core 83 'RAM' <Latency = 1> <II = 1> <Delay = 1.02> <Storage> <Opcode : 'load' 'store'> <Ports = 2> <Width = 32> <Depth = 64> <RAM>
ST_23 : Operation 141 [1/1] (0.00ns)   --->   "%br_ln31 = br void %new.latch.VITIS_LOOP_34_4.split" [/home/simics/HMoE/HLS_HMoE/pseudo_block/run_3/src/pseudo_moe.cpp:31]   --->   Operation 141 'br' 'br_ln31' <Predicate = (icmp_ln31_1)> <Delay = 0.00>
ST_23 : Operation 142 [1/1] (0.36ns)   --->   "%store_ln20 = store i7 %select_ln20_4, i7 %o" [/home/simics/HMoE/HLS_HMoE/pseudo_block/run_3/src/pseudo_moe.cpp:20]   --->   Operation 142 'store' 'store_ln20' <Predicate = (!icmp_ln20)> <Delay = 0.36>


============================================================
+ Verbose Summary: Timing violations
============================================================
Target clock period: 10.000ns, clock uncertainty: 2.700ns.

 <State 1>: 1.913ns
The critical path consists of the following:
	'store' operation 0 bit ('store_ln31', /home/simics/HMoE/HLS_HMoE/pseudo_block/run_3/src/pseudo_moe.cpp:31) of constant 0 on local variable 'g', /home/simics/HMoE/HLS_HMoE/pseudo_block/run_3/src/pseudo_moe.cpp:31 [26]  (0.362 ns)
	'load' operation 5 bit ('g', /home/simics/HMoE/HLS_HMoE/pseudo_block/run_3/src/pseudo_moe.cpp:31) on local variable 'g', /home/simics/HMoE/HLS_HMoE/pseudo_block/run_3/src/pseudo_moe.cpp:31 [34]  (0.000 ns)
	'icmp' operation 1 bit ('icmp_ln31', /home/simics/HMoE/HLS_HMoE/pseudo_block/run_3/src/pseudo_moe.cpp:31) [50]  (0.648 ns)
	'select' operation 5 bit ('select_ln31', /home/simics/HMoE/HLS_HMoE/pseudo_block/run_3/src/pseudo_moe.cpp:31) [90]  (0.255 ns)
	'icmp' operation 1 bit ('icmp_ln31_1', /home/simics/HMoE/HLS_HMoE/pseudo_block/run_3/src/pseudo_moe.cpp:31) [91]  (0.648 ns)

 <State 2>: 7.300ns
The critical path consists of the following:
	'getelementptr' operation 32 bit ('gmem0_addr', /home/simics/HMoE/HLS_HMoE/pseudo_block/run_3/src/pseudo_moe.cpp:31) [46]  (0.000 ns)
	bus request operation ('empty_72', /home/simics/HMoE/HLS_HMoE/pseudo_block/run_3/src/pseudo_moe.cpp:31) on port 'gmem0' (/home/simics/HMoE/HLS_HMoE/pseudo_block/run_3/src/pseudo_moe.cpp:31) [60]  (7.300 ns)

 <State 3>: 7.300ns
The critical path consists of the following:
	bus request operation ('empty_72', /home/simics/HMoE/HLS_HMoE/pseudo_block/run_3/src/pseudo_moe.cpp:31) on port 'gmem0' (/home/simics/HMoE/HLS_HMoE/pseudo_block/run_3/src/pseudo_moe.cpp:31) [60]  (7.300 ns)

 <State 4>: 7.300ns
The critical path consists of the following:
	bus request operation ('empty_72', /home/simics/HMoE/HLS_HMoE/pseudo_block/run_3/src/pseudo_moe.cpp:31) on port 'gmem0' (/home/simics/HMoE/HLS_HMoE/pseudo_block/run_3/src/pseudo_moe.cpp:31) [60]  (7.300 ns)

 <State 5>: 7.300ns
The critical path consists of the following:
	bus request operation ('empty_72', /home/simics/HMoE/HLS_HMoE/pseudo_block/run_3/src/pseudo_moe.cpp:31) on port 'gmem0' (/home/simics/HMoE/HLS_HMoE/pseudo_block/run_3/src/pseudo_moe.cpp:31) [60]  (7.300 ns)

 <State 6>: 7.300ns
The critical path consists of the following:
	bus request operation ('empty_72', /home/simics/HMoE/HLS_HMoE/pseudo_block/run_3/src/pseudo_moe.cpp:31) on port 'gmem0' (/home/simics/HMoE/HLS_HMoE/pseudo_block/run_3/src/pseudo_moe.cpp:31) [60]  (7.300 ns)

 <State 7>: 7.300ns
The critical path consists of the following:
	bus request operation ('empty_72', /home/simics/HMoE/HLS_HMoE/pseudo_block/run_3/src/pseudo_moe.cpp:31) on port 'gmem0' (/home/simics/HMoE/HLS_HMoE/pseudo_block/run_3/src/pseudo_moe.cpp:31) [60]  (7.300 ns)

 <State 8>: 7.300ns
The critical path consists of the following:
	bus request operation ('empty_72', /home/simics/HMoE/HLS_HMoE/pseudo_block/run_3/src/pseudo_moe.cpp:31) on port 'gmem0' (/home/simics/HMoE/HLS_HMoE/pseudo_block/run_3/src/pseudo_moe.cpp:31) [60]  (7.300 ns)

 <State 9>: 7.300ns
The critical path consists of the following:
	bus request operation ('empty_72', /home/simics/HMoE/HLS_HMoE/pseudo_block/run_3/src/pseudo_moe.cpp:31) on port 'gmem0' (/home/simics/HMoE/HLS_HMoE/pseudo_block/run_3/src/pseudo_moe.cpp:31) [60]  (7.300 ns)

 <State 10>: 7.300ns
The critical path consists of the following:
	bus read operation ('gmem0_addr_read', /home/simics/HMoE/HLS_HMoE/pseudo_block/run_3/src/pseudo_moe.cpp:37) on port 'gmem0' (/home/simics/HMoE/HLS_HMoE/pseudo_block/run_3/src/pseudo_moe.cpp:37) [65]  (7.300 ns)

 <State 11>: 7.300ns
The critical path consists of the following:
	bus read operation ('gmem0_addr_read_64', /home/simics/HMoE/HLS_HMoE/pseudo_block/run_3/src/pseudo_moe.cpp:37) on port 'gmem0' (/home/simics/HMoE/HLS_HMoE/pseudo_block/run_3/src/pseudo_moe.cpp:37) [67]  (7.300 ns)

 <State 12>: 7.300ns
The critical path consists of the following:
	bus read operation ('gmem0_addr_read_65', /home/simics/HMoE/HLS_HMoE/pseudo_block/run_3/src/pseudo_moe.cpp:37) on port 'gmem0' (/home/simics/HMoE/HLS_HMoE/pseudo_block/run_3/src/pseudo_moe.cpp:37) [69]  (7.300 ns)

 <State 13>: 7.300ns
The critical path consists of the following:
	bus read operation ('gmem0_addr_read_66', /home/simics/HMoE/HLS_HMoE/pseudo_block/run_3/src/pseudo_moe.cpp:37) on port 'gmem0' (/home/simics/HMoE/HLS_HMoE/pseudo_block/run_3/src/pseudo_moe.cpp:37) [71]  (7.300 ns)

 <State 14>: 7.300ns
The critical path consists of the following:
	'getelementptr' operation 32 bit ('gmem4_addr', /home/simics/HMoE/HLS_HMoE/pseudo_block/run_3/src/pseudo_moe.cpp:20) [45]  (0.000 ns)
	bus read operation ('gmem4_addr_read', /home/simics/HMoE/HLS_HMoE/pseudo_block/run_3/src/pseudo_moe.cpp:42) on port 'gmem4' (/home/simics/HMoE/HLS_HMoE/pseudo_block/run_3/src/pseudo_moe.cpp:42) [95]  (7.300 ns)

 <State 15>: 6.409ns
The critical path consists of the following:
	'fadd' operation 32 bit ('add23_1', /home/simics/HMoE/HLS_HMoE/pseudo_block/run_3/src/pseudo_moe.cpp:37) [84]  (6.047 ns)
	'store' operation 0 bit ('store_ln37', /home/simics/HMoE/HLS_HMoE/pseudo_block/run_3/src/pseudo_moe.cpp:37) of variable 'add23_1', /home/simics/HMoE/HLS_HMoE/pseudo_block/run_3/src/pseudo_moe.cpp:37 on local variable 'empty_69' [109]  (0.362 ns)

 <State 16>: 6.409ns
The critical path consists of the following:
	'fadd' operation 32 bit ('add23_2', /home/simics/HMoE/HLS_HMoE/pseudo_block/run_3/src/pseudo_moe.cpp:37) [86]  (6.047 ns)
	'store' operation 0 bit ('store_ln37', /home/simics/HMoE/HLS_HMoE/pseudo_block/run_3/src/pseudo_moe.cpp:37) of variable 'add23_2', /home/simics/HMoE/HLS_HMoE/pseudo_block/run_3/src/pseudo_moe.cpp:37 on local variable 'empty_70' [108]  (0.362 ns)

 <State 17>: 6.409ns
The critical path consists of the following:
	'fadd' operation 32 bit ('add23_3', /home/simics/HMoE/HLS_HMoE/pseudo_block/run_3/src/pseudo_moe.cpp:37) [88]  (6.047 ns)
	'store' operation 0 bit ('store_ln37', /home/simics/HMoE/HLS_HMoE/pseudo_block/run_3/src/pseudo_moe.cpp:37) of variable 'add23_3', /home/simics/HMoE/HLS_HMoE/pseudo_block/run_3/src/pseudo_moe.cpp:37 on local variable 'empty_71' [107]  (0.362 ns)

 <State 18>: 6.047ns
The critical path consists of the following:
	'fadd' operation 32 bit ('acc', /home/simics/HMoE/HLS_HMoE/pseudo_block/run_3/src/pseudo_moe.cpp:45) [98]  (6.047 ns)

 <State 19>: 0.000ns
The critical path consists of the following:

 <State 20>: 6.047ns
The critical path consists of the following:
	'fadd' operation 32 bit ('acc', /home/simics/HMoE/HLS_HMoE/pseudo_block/run_3/src/pseudo_moe.cpp:45) [99]  (6.047 ns)

 <State 21>: 6.047ns
The critical path consists of the following:
	'fadd' operation 32 bit ('acc', /home/simics/HMoE/HLS_HMoE/pseudo_block/run_3/src/pseudo_moe.cpp:45) [99]  (6.047 ns)

 <State 22>: 6.047ns
The critical path consists of the following:
	'fadd' operation 32 bit ('acc', /home/simics/HMoE/HLS_HMoE/pseudo_block/run_3/src/pseudo_moe.cpp:45) [100]  (6.047 ns)

 <State 23>: 7.072ns
The critical path consists of the following:
	'fadd' operation 32 bit ('acc', /home/simics/HMoE/HLS_HMoE/pseudo_block/run_3/src/pseudo_moe.cpp:45) [100]  (6.047 ns)
	'store' operation 0 bit ('store_ln48', /home/simics/HMoE/HLS_HMoE/pseudo_block/run_3/src/pseudo_moe.cpp:48) of variable 'acc', /home/simics/HMoE/HLS_HMoE/pseudo_block/run_3/src/pseudo_moe.cpp:45 on array 'result' [101]  (1.025 ns)


============================================================
+ Verbose Summary: Binding
============================================================
N/A
* FSMD analyzer results:
  - Output states:
 - Input state : 
  - Chain level:
	State 1
	State 2
	State 3
	State 4
	State 5
	State 6
	State 7
	State 8
	State 9
	State 10
	State 11
	State 12
	State 13
	State 14
	State 15
	State 16
	State 17
	State 18
	State 19
	State 20
	State 21
	State 22
	State 23


============================================================
+ Verbose Summary: Datapath Resource usage 
============================================================
N/A
