

================================================================
== Vitis HLS Report for 'compute_expert'
================================================================
* Date:           Sun Sep 20 17:32:43 2026

* Version:        2023.2 (Build 4023990 on Oct 11 2023)
* Project:        project
* Solution:       solution1 (Vivado IP Flow Target)
* Product family: virtexuplus
* Target device:  xcvu13p_CIV-figd2104-3-e


================================================================
== Performance Estimates
================================================================
+ Timing: 
    * Summary: 
    +--------+----------+----------+------------+
    |  Clock |  Target  | Estimated| Uncertainty|
    +--------+----------+----------+------------+
    |ap_clk  |  10.00 ns|  7.300 ns|     2.70 ns|
    +--------+----------+----------+------------+

+ Latency: 
    * Summary: 
    +---------+---------+-----------+-----------+------+------+---------+
    |  Latency (cycles) |   Latency (absolute)  |   Interval  | Pipeline|
    |   min   |   max   |    min    |    max    |  min |  max |   Type  |
    +---------+---------+-----------+-----------+------+------+---------+
    |     4125|     4125|  41.250 us|  41.250 us|  4125|  4125|       no|
    +---------+---------+-----------+-----------+------+------+---------+

    + Detail: 
        * Instance: 
        +-------------------------------------------------------------------+---------------------------------------------------------+---------+---------+-----------+-----------+------+------+---------+
        |                                                                   |                                                         |  Latency (cycles) |   Latency (absolute)  |   Interval  | Pipeline|
        |                              Instance                             |                          Module                         |   min   |   max   |    min    |    max    |  min |  max |   Type  |
        +-------------------------------------------------------------------+---------------------------------------------------------+---------+---------+-----------+-----------+------+------+---------+
        |grp_compute_expert_Pipeline_VITIS_LOOP_20_1_VITIS_LOOP_31_3_fu_96  |compute_expert_Pipeline_VITIS_LOOP_20_1_VITIS_LOOP_31_3  |     4116|     4116|  41.160 us|  41.160 us|  4116|  4116|       no|
        +-------------------------------------------------------------------+---------------------------------------------------------+---------+---------+-----------+-----------+------+------+---------+

        * Loop: 
        N/A



================================================================
== Utilization Estimates
================================================================
* Summary: 
+---------------------+---------+-------+---------+---------+------+
|         Name        | BRAM_18K|  DSP  |    FF   |   LUT   | URAM |
+---------------------+---------+-------+---------+---------+------+
|DSP                  |        -|      -|        -|        -|     -|
|Expression           |        -|      -|        0|       73|     -|
|FIFO                 |        -|      -|        -|        -|     -|
|Instance             |        -|      7|     1324|     1250|     -|
|Memory               |        -|      -|        -|        -|     -|
|Multiplexer          |        -|      -|        -|      359|     -|
|Register             |        -|      -|      197|        -|     -|
+---------------------+---------+-------+---------+---------+------+
|Total                |        0|      7|     1521|     1682|     0|
+---------------------+---------+-------+---------+---------+------+
|Available SLR        |     1344|   3072|   864000|   432000|   320|
+---------------------+---------+-------+---------+---------+------+
|Utilization SLR (%)  |        0|     ~0|       ~0|       ~0|     0|
+---------------------+---------+-------+---------+---------+------+
|Available            |     5376|  12288|  3456000|  1728000|  1280|
+---------------------+---------+-------+---------+---------+------+
|Utilization (%)      |        0|     ~0|       ~0|       ~0|     0|
+---------------------+---------+-------+---------+---------+------+

+ Detail: 
    * Instance: 
    +-------------------------------------------------------------------+---------------------------------------------------------+---------+----+------+------+-----+
    |                              Instance                             |                          Module                         | BRAM_18K| DSP|  FF  |  LUT | URAM|
    +-------------------------------------------------------------------+---------------------------------------------------------+---------+----+------+------+-----+
    |grp_compute_expert_Pipeline_VITIS_LOOP_20_1_VITIS_LOOP_31_3_fu_96  |compute_expert_Pipeline_VITIS_LOOP_20_1_VITIS_LOOP_31_3  |        0|   7|  1324|  1250|    0|
    +-------------------------------------------------------------------+---------------------------------------------------------+---------+----+------+------+-----+
    |Total                                                              |                                                         |        0|   7|  1324|  1250|    0|
    +-------------------------------------------------------------------+---------------------------------------------------------+---------+----+------+------+-----+

    * DSP: 
    N/A

    * Memory: 
    N/A

    * FIFO: 
    N/A

    * Expression: 
    +--------------------+----------+----+---+----+------------+------------+
    |    Variable Name   | Operation| DSP| FF| LUT| Bitwidth P0| Bitwidth P1|
    +--------------------+----------+----+---+----+------------+------------+
    |add_ln20_fu_165_p2  |         +|   0|  0|  71|          64|          64|
    |ap_block_state1_io  |        or|   0|  0|   2|           1|           1|
    +--------------------+----------+----+---+----+------------+------------+
    |Total               |          |   0|  0|  73|          65|          65|
    +--------------------+----------+----+---+----+------------+------------+

    * Multiplexer: 
    +----------------------+----+-----------+-----+-----------+
    |         Name         | LUT| Input Size| Bits| Total Bits|
    +----------------------+----+-----------+-----+-----------+
    |ap_NS_fsm             |  59|         11|    1|         11|
    |gmem3_blk_n_AR        |   9|          2|    1|          2|
    |gmem4_blk_n_AR        |   9|          2|    1|          2|
    |m_axi_gmem0_ARVALID   |   9|          2|    1|          2|
    |m_axi_gmem0_RREADY    |   9|          2|    1|          2|
    |m_axi_gmem3_ARADDR    |  14|          3|   64|        192|
    |m_axi_gmem3_ARBURST   |   9|          2|    2|          4|
    |m_axi_gmem3_ARCACHE   |   9|          2|    4|          8|
    |m_axi_gmem3_ARID      |   9|          2|    1|          2|
    |m_axi_gmem3_ARLEN     |  14|          3|   32|         96|
    |m_axi_gmem3_ARLOCK    |   9|          2|    2|          4|
    |m_axi_gmem3_ARPROT    |   9|          2|    3|          6|
    |m_axi_gmem3_ARQOS     |   9|          2|    4|          8|
    |m_axi_gmem3_ARREGION  |   9|          2|    4|          8|
    |m_axi_gmem3_ARSIZE    |   9|          2|    3|          6|
    |m_axi_gmem3_ARUSER    |   9|          2|    1|          2|
    |m_axi_gmem3_ARVALID   |  14|          3|    1|          3|
    |m_axi_gmem3_RREADY    |   9|          2|    1|          2|
    |m_axi_gmem4_ARADDR    |  14|          3|   64|        192|
    |m_axi_gmem4_ARBURST   |   9|          2|    2|          4|
    |m_axi_gmem4_ARCACHE   |   9|          2|    4|          8|
    |m_axi_gmem4_ARID      |   9|          2|    1|          2|
    |m_axi_gmem4_ARLEN     |  14|          3|   32|         96|
    |m_axi_gmem4_ARLOCK    |   9|          2|    2|          4|
    |m_axi_gmem4_ARPROT    |   9|          2|    3|          6|
    |m_axi_gmem4_ARQOS     |   9|          2|    4|          8|
    |m_axi_gmem4_ARREGION  |   9|          2|    4|          8|
    |m_axi_gmem4_ARSIZE    |   9|          2|    3|          6|
    |m_axi_gmem4_ARUSER    |   9|          2|    1|          2|
    |m_axi_gmem4_ARVALID   |  14|          3|    1|          3|
    |m_axi_gmem4_RREADY    |   9|          2|    1|          2|
    +----------------------+----+-----------+-----+-----------+
    |Total                 | 359|         77|  249|        701|
    +----------------------+----+-----------+-----+-----------+

    * Register: 
    +--------------------------------------------------------------------------------+----+----+-----+-----------+
    |                                      Name                                      | FF | LUT| Bits| Const Bits|
    +--------------------------------------------------------------------------------+----+----+-----+-----------+
    |ap_CS_fsm                                                                       |  10|   0|   10|          0|
    |grp_compute_expert_Pipeline_VITIS_LOOP_20_1_VITIS_LOOP_31_3_fu_96_ap_start_reg  |   1|   0|    1|          0|
    |trunc_ln1_reg_202                                                               |  62|   0|   62|          0|
    |trunc_ln20_1_reg_192                                                            |  62|   0|   62|          0|
    |trunc_ln_reg_182                                                                |  62|   0|   62|          0|
    +--------------------------------------------------------------------------------+----+----+-----+-----------+
    |Total                                                                           | 197|   0|  197|          0|
    +--------------------------------------------------------------------------------+----+----+-----+-----------+



================================================================
== Interface
================================================================
* Summary: 
+----------------------+-----+-----+------------+----------------+--------------+
|       RTL Ports      | Dir | Bits|  Protocol  |  Source Object |    C Type    |
+----------------------+-----+-----+------------+----------------+--------------+
|ap_clk                |   in|    1|  ap_ctrl_hs|  compute_expert|  return value|
|ap_rst                |   in|    1|  ap_ctrl_hs|  compute_expert|  return value|
|ap_start              |   in|    1|  ap_ctrl_hs|  compute_expert|  return value|
|ap_done               |  out|    1|  ap_ctrl_hs|  compute_expert|  return value|
|ap_idle               |  out|    1|  ap_ctrl_hs|  compute_expert|  return value|
|ap_ready              |  out|    1|  ap_ctrl_hs|  compute_expert|  return value|
|m_axi_gmem0_AWVALID   |  out|    1|       m_axi|           gmem0|       pointer|
|m_axi_gmem0_AWREADY   |   in|    1|       m_axi|           gmem0|       pointer|
|m_axi_gmem0_AWADDR    |  out|   64|       m_axi|           gmem0|       pointer|
|m_axi_gmem0_AWID      |  out|    1|       m_axi|           gmem0|       pointer|
|m_axi_gmem0_AWLEN     |  out|   32|       m_axi|           gmem0|       pointer|
|m_axi_gmem0_AWSIZE    |  out|    3|       m_axi|           gmem0|       pointer|
|m_axi_gmem0_AWBURST   |  out|    2|       m_axi|           gmem0|       pointer|
|m_axi_gmem0_AWLOCK    |  out|    2|       m_axi|           gmem0|       pointer|
|m_axi_gmem0_AWCACHE   |  out|    4|       m_axi|           gmem0|       pointer|
|m_axi_gmem0_AWPROT    |  out|    3|       m_axi|           gmem0|       pointer|
|m_axi_gmem0_AWQOS     |  out|    4|       m_axi|           gmem0|       pointer|
|m_axi_gmem0_AWREGION  |  out|    4|       m_axi|           gmem0|       pointer|
|m_axi_gmem0_AWUSER    |  out|    1|       m_axi|           gmem0|       pointer|
|m_axi_gmem0_WVALID    |  out|    1|       m_axi|           gmem0|       pointer|
|m_axi_gmem0_WREADY    |   in|    1|       m_axi|           gmem0|       pointer|
|m_axi_gmem0_WDATA     |  out|   32|       m_axi|           gmem0|       pointer|
|m_axi_gmem0_WSTRB     |  out|    4|       m_axi|           gmem0|       pointer|
|m_axi_gmem0_WLAST     |  out|    1|       m_axi|           gmem0|       pointer|
|m_axi_gmem0_WID       |  out|    1|       m_axi|           gmem0|       pointer|
|m_axi_gmem0_WUSER     |  out|    1|       m_axi|           gmem0|       pointer|
|m_axi_gmem0_ARVALID   |  out|    1|       m_axi|           gmem0|       pointer|
|m_axi_gmem0_ARREADY   |   in|    1|       m_axi|           gmem0|       pointer|
|m_axi_gmem0_ARADDR    |  out|   64|       m_axi|           gmem0|       pointer|
|m_axi_gmem0_ARID      |  out|    1|       m_axi|           gmem0|       pointer|
|m_axi_gmem0_ARLEN     |  out|   32|       m_axi|           gmem0|       pointer|
|m_axi_gmem0_ARSIZE    |  out|    3|       m_axi|           gmem0|       pointer|
|m_axi_gmem0_ARBURST   |  out|    2|       m_axi|           gmem0|       pointer|
|m_axi_gmem0_ARLOCK    |  out|    2|       m_axi|           gmem0|       pointer|
|m_axi_gmem0_ARCACHE   |  out|    4|       m_axi|           gmem0|       pointer|
|m_axi_gmem0_ARPROT    |  out|    3|       m_axi|           gmem0|       pointer|
|m_axi_gmem0_ARQOS     |  out|    4|       m_axi|           gmem0|       pointer|
|m_axi_gmem0_ARREGION  |  out|    4|       m_axi|           gmem0|       pointer|
|m_axi_gmem0_ARUSER    |  out|    1|       m_axi|           gmem0|       pointer|
|m_axi_gmem0_RVALID    |   in|    1|       m_axi|           gmem0|       pointer|
|m_axi_gmem0_RREADY    |  out|    1|       m_axi|           gmem0|       pointer|
|m_axi_gmem0_RDATA     |   in|   32|       m_axi|           gmem0|       pointer|
|m_axi_gmem0_RLAST     |   in|    1|       m_axi|           gmem0|       pointer|
|m_axi_gmem0_RID       |   in|    1|       m_axi|           gmem0|       pointer|
|m_axi_gmem0_RFIFONUM  |   in|    9|       m_axi|           gmem0|       pointer|
|m_axi_gmem0_RUSER     |   in|    1|       m_axi|           gmem0|       pointer|
|m_axi_gmem0_RRESP     |   in|    2|       m_axi|           gmem0|       pointer|
|m_axi_gmem0_BVALID    |   in|    1|       m_axi|           gmem0|       pointer|
|m_axi_gmem0_BREADY    |  out|    1|       m_axi|           gmem0|       pointer|
|m_axi_gmem0_BRESP     |   in|    2|       m_axi|           gmem0|       pointer|
|m_axi_gmem0_BID       |   in|    1|       m_axi|           gmem0|       pointer|
|m_axi_gmem0_BUSER     |   in|    1|       m_axi|           gmem0|       pointer|
|x                     |   in|   64|     ap_none|               x|        scalar|
|m_axi_gmem3_AWVALID   |  out|    1|       m_axi|           gmem3|       pointer|
|m_axi_gmem3_AWREADY   |   in|    1|       m_axi|           gmem3|       pointer|
|m_axi_gmem3_AWADDR    |  out|   64|       m_axi|           gmem3|       pointer|
|m_axi_gmem3_AWID      |  out|    1|       m_axi|           gmem3|       pointer|
|m_axi_gmem3_AWLEN     |  out|   32|       m_axi|           gmem3|       pointer|
|m_axi_gmem3_AWSIZE    |  out|    3|       m_axi|           gmem3|       pointer|
|m_axi_gmem3_AWBURST   |  out|    2|       m_axi|           gmem3|       pointer|
|m_axi_gmem3_AWLOCK    |  out|    2|       m_axi|           gmem3|       pointer|
|m_axi_gmem3_AWCACHE   |  out|    4|       m_axi|           gmem3|       pointer|
|m_axi_gmem3_AWPROT    |  out|    3|       m_axi|           gmem3|       pointer|
|m_axi_gmem3_AWQOS     |  out|    4|       m_axi|           gmem3|       pointer|
|m_axi_gmem3_AWREGION  |  out|    4|       m_axi|           gmem3|       pointer|
|m_axi_gmem3_AWUSER    |  out|    1|       m_axi|           gmem3|       pointer|
|m_axi_gmem3_WVALID    |  out|    1|       m_axi|           gmem3|       pointer|
|m_axi_gmem3_WREADY    |   in|    1|       m_axi|           gmem3|       pointer|
|m_axi_gmem3_WDATA     |  out|   32|       m_axi|           gmem3|       pointer|
|m_axi_gmem3_WSTRB     |  out|    4|       m_axi|           gmem3|       pointer|
|m_axi_gmem3_WLAST     |  out|    1|       m_axi|           gmem3|       pointer|
|m_axi_gmem3_WID       |  out|    1|       m_axi|           gmem3|       pointer|
|m_axi_gmem3_WUSER     |  out|    1|       m_axi|           gmem3|       pointer|
|m_axi_gmem3_ARVALID   |  out|    1|       m_axi|           gmem3|       pointer|
|m_axi_gmem3_ARREADY   |   in|    1|       m_axi|           gmem3|       pointer|
|m_axi_gmem3_ARADDR    |  out|   64|       m_axi|           gmem3|       pointer|
|m_axi_gmem3_ARID      |  out|    1|       m_axi|           gmem3|       pointer|
|m_axi_gmem3_ARLEN     |  out|   32|       m_axi|           gmem3|       pointer|
|m_axi_gmem3_ARSIZE    |  out|    3|       m_axi|           gmem3|       pointer|
|m_axi_gmem3_ARBURST   |  out|    2|       m_axi|           gmem3|       pointer|
|m_axi_gmem3_ARLOCK    |  out|    2|       m_axi|           gmem3|       pointer|
|m_axi_gmem3_ARCACHE   |  out|    4|       m_axi|           gmem3|       pointer|
|m_axi_gmem3_ARPROT    |  out|    3|       m_axi|           gmem3|       pointer|
|m_axi_gmem3_ARQOS     |  out|    4|       m_axi|           gmem3|       pointer|
|m_axi_gmem3_ARREGION  |  out|    4|       m_axi|           gmem3|       pointer|
|m_axi_gmem3_ARUSER    |  out|    1|       m_axi|           gmem3|       pointer|
|m_axi_gmem3_RVALID    |   in|    1|       m_axi|           gmem3|       pointer|
|m_axi_gmem3_RREADY    |  out|    1|       m_axi|           gmem3|       pointer|
|m_axi_gmem3_RDATA     |   in|   32|       m_axi|           gmem3|       pointer|
|m_axi_gmem3_RLAST     |   in|    1|       m_axi|           gmem3|       pointer|
|m_axi_gmem3_RID       |   in|    1|       m_axi|           gmem3|       pointer|
|m_axi_gmem3_RFIFONUM  |   in|    9|       m_axi|           gmem3|       pointer|
|m_axi_gmem3_RUSER     |   in|    1|       m_axi|           gmem3|       pointer|
|m_axi_gmem3_RRESP     |   in|    2|       m_axi|           gmem3|       pointer|
|m_axi_gmem3_BVALID    |   in|    1|       m_axi|           gmem3|       pointer|
|m_axi_gmem3_BREADY    |  out|    1|       m_axi|           gmem3|       pointer|
|m_axi_gmem3_BRESP     |   in|    2|       m_axi|           gmem3|       pointer|
|m_axi_gmem3_BID       |   in|    1|       m_axi|           gmem3|       pointer|
|m_axi_gmem3_BUSER     |   in|    1|       m_axi|           gmem3|       pointer|
|w                     |   in|   64|     ap_none|               w|        scalar|
|m_axi_gmem4_AWVALID   |  out|    1|       m_axi|           gmem4|       pointer|
|m_axi_gmem4_AWREADY   |   in|    1|       m_axi|           gmem4|       pointer|
|m_axi_gmem4_AWADDR    |  out|   64|       m_axi|           gmem4|       pointer|
|m_axi_gmem4_AWID      |  out|    1|       m_axi|           gmem4|       pointer|
|m_axi_gmem4_AWLEN     |  out|   32|       m_axi|           gmem4|       pointer|
|m_axi_gmem4_AWSIZE    |  out|    3|       m_axi|           gmem4|       pointer|
|m_axi_gmem4_AWBURST   |  out|    2|       m_axi|           gmem4|       pointer|
|m_axi_gmem4_AWLOCK    |  out|    2|       m_axi|           gmem4|       pointer|
|m_axi_gmem4_AWCACHE   |  out|    4|       m_axi|           gmem4|       pointer|
|m_axi_gmem4_AWPROT    |  out|    3|       m_axi|           gmem4|       pointer|
|m_axi_gmem4_AWQOS     |  out|    4|       m_axi|           gmem4|       pointer|
|m_axi_gmem4_AWREGION  |  out|    4|       m_axi|           gmem4|       pointer|
|m_axi_gmem4_AWUSER    |  out|    1|       m_axi|           gmem4|       pointer|
|m_axi_gmem4_WVALID    |  out|    1|       m_axi|           gmem4|       pointer|
|m_axi_gmem4_WREADY    |   in|    1|       m_axi|           gmem4|       pointer|
|m_axi_gmem4_WDATA     |  out|   32|       m_axi|           gmem4|       pointer|
|m_axi_gmem4_WSTRB     |  out|    4|       m_axi|           gmem4|       pointer|
|m_axi_gmem4_WLAST     |  out|    1|       m_axi|           gmem4|       pointer|
|m_axi_gmem4_WID       |  out|    1|       m_axi|           gmem4|       pointer|
|m_axi_gmem4_WUSER     |  out|    1|       m_axi|           gmem4|       pointer|
|m_axi_gmem4_ARVALID   |  out|    1|       m_axi|           gmem4|       pointer|
|m_axi_gmem4_ARREADY   |   in|    1|       m_axi|           gmem4|       pointer|
|m_axi_gmem4_ARADDR    |  out|   64|       m_axi|           gmem4|       pointer|
|m_axi_gmem4_ARID      |  out|    1|       m_axi|           gmem4|       pointer|
|m_axi_gmem4_ARLEN     |  out|   32|       m_axi|           gmem4|       pointer|
|m_axi_gmem4_ARSIZE    |  out|    3|       m_axi|           gmem4|       pointer|
|m_axi_gmem4_ARBURST   |  out|    2|       m_axi|           gmem4|       pointer|
|m_axi_gmem4_ARLOCK    |  out|    2|       m_axi|           gmem4|       pointer|
|m_axi_gmem4_ARCACHE   |  out|    4|       m_axi|           gmem4|       pointer|
|m_axi_gmem4_ARPROT    |  out|    3|       m_axi|           gmem4|       pointer|
|m_axi_gmem4_ARQOS     |  out|    4|       m_axi|           gmem4|       pointer|
|m_axi_gmem4_ARREGION  |  out|    4|       m_axi|           gmem4|       pointer|
|m_axi_gmem4_ARUSER    |  out|    1|       m_axi|           gmem4|       pointer|
|m_axi_gmem4_RVALID    |   in|    1|       m_axi|           gmem4|       pointer|
|m_axi_gmem4_RREADY    |  out|    1|       m_axi|           gmem4|       pointer|
|m_axi_gmem4_RDATA     |   in|   32|       m_axi|           gmem4|       pointer|
|m_axi_gmem4_RLAST     |   in|    1|       m_axi|           gmem4|       pointer|
|m_axi_gmem4_RID       |   in|    1|       m_axi|           gmem4|       pointer|
|m_axi_gmem4_RFIFONUM  |   in|    9|       m_axi|           gmem4|       pointer|
|m_axi_gmem4_RUSER     |   in|    1|       m_axi|           gmem4|       pointer|
|m_axi_gmem4_RRESP     |   in|    2|       m_axi|           gmem4|       pointer|
|m_axi_gmem4_BVALID    |   in|    1|       m_axi|           gmem4|       pointer|
|m_axi_gmem4_BREADY    |  out|    1|       m_axi|           gmem4|       pointer|
|m_axi_gmem4_BRESP     |   in|    2|       m_axi|           gmem4|       pointer|
|m_axi_gmem4_BID       |   in|    1|       m_axi|           gmem4|       pointer|
|m_axi_gmem4_BUSER     |   in|    1|       m_axi|           gmem4|       pointer|
|b                     |   in|   64|     ap_none|               b|        scalar|
|result_address0       |  out|    6|   ap_memory|          result|         array|
|result_ce0            |  out|    1|   ap_memory|          result|         array|
|result_we0            |  out|    1|   ap_memory|          result|         array|
|result_d0             |  out|   32|   ap_memory|          result|         array|
|idx                   |   in|   10|     ap_none|             idx|        scalar|
+----------------------+-----+-----+------------+----------------+--------------+

============================================================
+ Verbose Summary: Synthesis Manager
============================================================
InlineROM: 1
ExposeGlobal: 0
============================================================
+ Verbose Summary: CDFG Model
============================================================
IsTopModel: 0
ResetActiveHigh: 1
IsCombinational: 2
IsDatapathOnly: 2
HasWiredReturn: 1
HasMFsm: 0
HasVarLatency: 1
IsPipeline: 0
IsRtlPipelined: 0
IsInstanceOverlapped: 0
IsDontTouch: 0
HasImplIP: 0
IsGatedGlobalClock: 0


============================================================
+ Verbose Summary: Schedule
============================================================
* Number of FSM states : 10
* Pipeline : 0
* Dataflow Pipeline: 0

* FSM state transitions: 
1 --> 2 
2 --> 3 
3 --> 4 
4 --> 5 
5 --> 6 
6 --> 7 
7 --> 8 
8 --> 9 
9 --> 10 
10 --> 

* FSM state operations: 

State 1 <SV = 0> <Delay = 7.30>
ST_1 : Operation 11 [1/1] (0.00ns)   --->   "%b_read = read i64 @_ssdm_op_Read.ap_auto.i64, i64 %b" [/home/simics/HMoE/HLS_HMoE/pseudo_block/run_3/src/pseudo_moe.cpp:20]   --->   Operation 11 'read' 'b_read' <Predicate = true> <Delay = 0.00>
ST_1 : Operation 12 [1/1] (0.00ns)   --->   "%w_read = read i64 @_ssdm_op_Read.ap_auto.i64, i64 %w" [/home/simics/HMoE/HLS_HMoE/pseudo_block/run_3/src/pseudo_moe.cpp:20]   --->   Operation 12 'read' 'w_read' <Predicate = true> <Delay = 0.00>
ST_1 : Operation 13 [1/1] (0.00ns)   --->   "%trunc_ln = partselect i62 @_ssdm_op_PartSelect.i62.i64.i32.i32, i64 %w_read, i32 2, i32 63" [/home/simics/HMoE/HLS_HMoE/pseudo_block/run_3/src/pseudo_moe.cpp:20]   --->   Operation 13 'partselect' 'trunc_ln' <Predicate = true> <Delay = 0.00>
ST_1 : Operation 14 [1/1] (0.00ns)   --->   "%sext_ln20 = sext i62 %trunc_ln" [/home/simics/HMoE/HLS_HMoE/pseudo_block/run_3/src/pseudo_moe.cpp:20]   --->   Operation 14 'sext' 'sext_ln20' <Predicate = true> <Delay = 0.00>
ST_1 : Operation 15 [1/1] (0.00ns)   --->   "%gmem3_addr = getelementptr i32 %gmem3, i64 %sext_ln20" [/home/simics/HMoE/HLS_HMoE/pseudo_block/run_3/src/pseudo_moe.cpp:20]   --->   Operation 15 'getelementptr' 'gmem3_addr' <Predicate = true> <Delay = 0.00>
ST_1 : Operation 16 [8/8] (7.30ns)   --->   "%empty = readreq i1 @_ssdm_op_ReadReq.m_axi.p1i32, i64 %gmem3_addr, i32 4096" [/home/simics/HMoE/HLS_HMoE/pseudo_block/run_3/src/pseudo_moe.cpp:20]   --->   Operation 16 'readreq' 'empty' <Predicate = true> <Delay = 7.30> <CoreInst = "m_axi">   --->   Core 121 'm_axi' <Latency = 0> <II = 1> <Delay = 1.00> <Adapter> <Opcode : 'read' 'write' 'readreq' 'writereq' 'writeresp'>
ST_1 : Operation 17 [1/1] (0.00ns)   --->   "%trunc_ln20_1 = partselect i62 @_ssdm_op_PartSelect.i62.i64.i32.i32, i64 %b_read, i32 2, i32 63" [/home/simics/HMoE/HLS_HMoE/pseudo_block/run_3/src/pseudo_moe.cpp:20]   --->   Operation 17 'partselect' 'trunc_ln20_1' <Predicate = true> <Delay = 0.00>
ST_1 : Operation 18 [1/1] (0.00ns)   --->   "%sext_ln20_1 = sext i62 %trunc_ln20_1" [/home/simics/HMoE/HLS_HMoE/pseudo_block/run_3/src/pseudo_moe.cpp:20]   --->   Operation 18 'sext' 'sext_ln20_1' <Predicate = true> <Delay = 0.00>
ST_1 : Operation 19 [1/1] (0.00ns)   --->   "%gmem4_addr = getelementptr i32 %gmem4, i64 %sext_ln20_1" [/home/simics/HMoE/HLS_HMoE/pseudo_block/run_3/src/pseudo_moe.cpp:20]   --->   Operation 19 'getelementptr' 'gmem4_addr' <Predicate = true> <Delay = 0.00>
ST_1 : Operation 20 [8/8] (7.30ns)   --->   "%empty_73 = readreq i1 @_ssdm_op_ReadReq.m_axi.p1i32, i64 %gmem4_addr, i32 64" [/home/simics/HMoE/HLS_HMoE/pseudo_block/run_3/src/pseudo_moe.cpp:20]   --->   Operation 20 'readreq' 'empty_73' <Predicate = true> <Delay = 7.30> <CoreInst = "m_axi">   --->   Core 121 'm_axi' <Latency = 0> <II = 1> <Delay = 1.00> <Adapter> <Opcode : 'read' 'write' 'readreq' 'writereq' 'writeresp'>

State 2 <SV = 1> <Delay = 7.30>
ST_2 : Operation 21 [7/8] (7.30ns)   --->   "%empty = readreq i1 @_ssdm_op_ReadReq.m_axi.p1i32, i64 %gmem3_addr, i32 4096" [/home/simics/HMoE/HLS_HMoE/pseudo_block/run_3/src/pseudo_moe.cpp:20]   --->   Operation 21 'readreq' 'empty' <Predicate = true> <Delay = 7.30> <CoreInst = "m_axi">   --->   Core 121 'm_axi' <Latency = 0> <II = 1> <Delay = 1.00> <Adapter> <Opcode : 'read' 'write' 'readreq' 'writereq' 'writeresp'>
ST_2 : Operation 22 [7/8] (7.30ns)   --->   "%empty_73 = readreq i1 @_ssdm_op_ReadReq.m_axi.p1i32, i64 %gmem4_addr, i32 64" [/home/simics/HMoE/HLS_HMoE/pseudo_block/run_3/src/pseudo_moe.cpp:20]   --->   Operation 22 'readreq' 'empty_73' <Predicate = true> <Delay = 7.30> <CoreInst = "m_axi">   --->   Core 121 'm_axi' <Latency = 0> <II = 1> <Delay = 1.00> <Adapter> <Opcode : 'read' 'write' 'readreq' 'writereq' 'writeresp'>

State 3 <SV = 2> <Delay = 7.30>
ST_3 : Operation 23 [6/8] (7.30ns)   --->   "%empty = readreq i1 @_ssdm_op_ReadReq.m_axi.p1i32, i64 %gmem3_addr, i32 4096" [/home/simics/HMoE/HLS_HMoE/pseudo_block/run_3/src/pseudo_moe.cpp:20]   --->   Operation 23 'readreq' 'empty' <Predicate = true> <Delay = 7.30> <CoreInst = "m_axi">   --->   Core 121 'm_axi' <Latency = 0> <II = 1> <Delay = 1.00> <Adapter> <Opcode : 'read' 'write' 'readreq' 'writereq' 'writeresp'>
ST_3 : Operation 24 [6/8] (7.30ns)   --->   "%empty_73 = readreq i1 @_ssdm_op_ReadReq.m_axi.p1i32, i64 %gmem4_addr, i32 64" [/home/simics/HMoE/HLS_HMoE/pseudo_block/run_3/src/pseudo_moe.cpp:20]   --->   Operation 24 'readreq' 'empty_73' <Predicate = true> <Delay = 7.30> <CoreInst = "m_axi">   --->   Core 121 'm_axi' <Latency = 0> <II = 1> <Delay = 1.00> <Adapter> <Opcode : 'read' 'write' 'readreq' 'writereq' 'writeresp'>

State 4 <SV = 3> <Delay = 7.30>
ST_4 : Operation 25 [5/8] (7.30ns)   --->   "%empty = readreq i1 @_ssdm_op_ReadReq.m_axi.p1i32, i64 %gmem3_addr, i32 4096" [/home/simics/HMoE/HLS_HMoE/pseudo_block/run_3/src/pseudo_moe.cpp:20]   --->   Operation 25 'readreq' 'empty' <Predicate = true> <Delay = 7.30> <CoreInst = "m_axi">   --->   Core 121 'm_axi' <Latency = 0> <II = 1> <Delay = 1.00> <Adapter> <Opcode : 'read' 'write' 'readreq' 'writereq' 'writeresp'>
ST_4 : Operation 26 [5/8] (7.30ns)   --->   "%empty_73 = readreq i1 @_ssdm_op_ReadReq.m_axi.p1i32, i64 %gmem4_addr, i32 64" [/home/simics/HMoE/HLS_HMoE/pseudo_block/run_3/src/pseudo_moe.cpp:20]   --->   Operation 26 'readreq' 'empty_73' <Predicate = true> <Delay = 7.30> <CoreInst = "m_axi">   --->   Core 121 'm_axi' <Latency = 0> <II = 1> <Delay = 1.00> <Adapter> <Opcode : 'read' 'write' 'readreq' 'writereq' 'writeresp'>

State 5 <SV = 4> <Delay = 7.30>
ST_5 : Operation 27 [4/8] (7.30ns)   --->   "%empty = readreq i1 @_ssdm_op_ReadReq.m_axi.p1i32, i64 %gmem3_addr, i32 4096" [/home/simics/HMoE/HLS_HMoE/pseudo_block/run_3/src/pseudo_moe.cpp:20]   --->   Operation 27 'readreq' 'empty' <Predicate = true> <Delay = 7.30> <CoreInst = "m_axi">   --->   Core 121 'm_axi' <Latency = 0> <II = 1> <Delay = 1.00> <Adapter> <Opcode : 'read' 'write' 'readreq' 'writereq' 'writeresp'>
ST_5 : Operation 28 [4/8] (7.30ns)   --->   "%empty_73 = readreq i1 @_ssdm_op_ReadReq.m_axi.p1i32, i64 %gmem4_addr, i32 64" [/home/simics/HMoE/HLS_HMoE/pseudo_block/run_3/src/pseudo_moe.cpp:20]   --->   Operation 28 'readreq' 'empty_73' <Predicate = true> <Delay = 7.30> <CoreInst = "m_axi">   --->   Core 121 'm_axi' <Latency = 0> <II = 1> <Delay = 1.00> <Adapter> <Opcode : 'read' 'write' 'readreq' 'writereq' 'writeresp'>

State 6 <SV = 5> <Delay = 7.30>
ST_6 : Operation 29 [3/8] (7.30ns)   --->   "%empty = readreq i1 @_ssdm_op_ReadReq.m_axi.p1i32, i64 %gmem3_addr, i32 4096" [/home/simics/HMoE/HLS_HMoE/pseudo_block/run_3/src/pseudo_moe.cpp:20]   --->   Operation 29 'readreq' 'empty' <Predicate = true> <Delay = 7.30> <CoreInst = "m_axi">   --->   Core 121 'm_axi' <Latency = 0> <II = 1> <Delay = 1.00> <Adapter> <Opcode : 'read' 'write' 'readreq' 'writereq' 'writeresp'>
ST_6 : Operation 30 [3/8] (7.30ns)   --->   "%empty_73 = readreq i1 @_ssdm_op_ReadReq.m_axi.p1i32, i64 %gmem4_addr, i32 64" [/home/simics/HMoE/HLS_HMoE/pseudo_block/run_3/src/pseudo_moe.cpp:20]   --->   Operation 30 'readreq' 'empty_73' <Predicate = true> <Delay = 7.30> <CoreInst = "m_axi">   --->   Core 121 'm_axi' <Latency = 0> <II = 1> <Delay = 1.00> <Adapter> <Opcode : 'read' 'write' 'readreq' 'writereq' 'writeresp'>

State 7 <SV = 6> <Delay = 7.30>
ST_7 : Operation 31 [2/8] (7.30ns)   --->   "%empty = readreq i1 @_ssdm_op_ReadReq.m_axi.p1i32, i64 %gmem3_addr, i32 4096" [/home/simics/HMoE/HLS_HMoE/pseudo_block/run_3/src/pseudo_moe.cpp:20]   --->   Operation 31 'readreq' 'empty' <Predicate = true> <Delay = 7.30> <CoreInst = "m_axi">   --->   Core 121 'm_axi' <Latency = 0> <II = 1> <Delay = 1.00> <Adapter> <Opcode : 'read' 'write' 'readreq' 'writereq' 'writeresp'>
ST_7 : Operation 32 [2/8] (7.30ns)   --->   "%empty_73 = readreq i1 @_ssdm_op_ReadReq.m_axi.p1i32, i64 %gmem4_addr, i32 64" [/home/simics/HMoE/HLS_HMoE/pseudo_block/run_3/src/pseudo_moe.cpp:20]   --->   Operation 32 'readreq' 'empty_73' <Predicate = true> <Delay = 7.30> <CoreInst = "m_axi">   --->   Core 121 'm_axi' <Latency = 0> <II = 1> <Delay = 1.00> <Adapter> <Opcode : 'read' 'write' 'readreq' 'writereq' 'writeresp'>

State 8 <SV = 7> <Delay = 7.30>
ST_8 : Operation 33 [1/8] (7.30ns)   --->   "%empty = readreq i1 @_ssdm_op_ReadReq.m_axi.p1i32, i64 %gmem3_addr, i32 4096" [/home/simics/HMoE/HLS_HMoE/pseudo_block/run_3/src/pseudo_moe.cpp:20]   --->   Operation 33 'readreq' 'empty' <Predicate = true> <Delay = 7.30> <CoreInst = "m_axi">   --->   Core 121 'm_axi' <Latency = 0> <II = 1> <Delay = 1.00> <Adapter> <Opcode : 'read' 'write' 'readreq' 'writereq' 'writeresp'>
ST_8 : Operation 34 [1/8] (7.30ns)   --->   "%empty_73 = readreq i1 @_ssdm_op_ReadReq.m_axi.p1i32, i64 %gmem4_addr, i32 64" [/home/simics/HMoE/HLS_HMoE/pseudo_block/run_3/src/pseudo_moe.cpp:20]   --->   Operation 34 'readreq' 'empty_73' <Predicate = true> <Delay = 7.30> <CoreInst = "m_axi">   --->   Core 121 'm_axi' <Latency = 0> <II = 1> <Delay = 1.00> <Adapter> <Opcode : 'read' 'write' 'readreq' 'writereq' 'writeresp'>

State 9 <SV = 8> <Delay = 0.96>
ST_9 : Operation 35 [1/1] (0.00ns)   --->   "%idx_read = read i10 @_ssdm_op_Read.ap_auto.i10, i10 %idx" [/home/simics/HMoE/HLS_HMoE/pseudo_block/run_3/src/pseudo_moe.cpp:20]   --->   Operation 35 'read' 'idx_read' <Predicate = true> <Delay = 0.00>
ST_9 : Operation 36 [1/1] (0.00ns)   --->   "%x_read = read i64 @_ssdm_op_Read.ap_auto.i64, i64 %x" [/home/simics/HMoE/HLS_HMoE/pseudo_block/run_3/src/pseudo_moe.cpp:20]   --->   Operation 36 'read' 'x_read' <Predicate = true> <Delay = 0.00>
ST_9 : Operation 37 [1/1] (0.00ns)   --->   "%shl_ln = bitconcatenate i12 @_ssdm_op_BitConcatenate.i12.i10.i2, i10 %idx_read, i2 0" [/home/simics/HMoE/HLS_HMoE/pseudo_block/run_3/src/pseudo_moe.cpp:20]   --->   Operation 37 'bitconcatenate' 'shl_ln' <Predicate = true> <Delay = 0.00>
ST_9 : Operation 38 [1/1] (0.00ns)   --->   "%zext_ln20 = zext i12 %shl_ln" [/home/simics/HMoE/HLS_HMoE/pseudo_block/run_3/src/pseudo_moe.cpp:20]   --->   Operation 38 'zext' 'zext_ln20' <Predicate = true> <Delay = 0.00>
ST_9 : Operation 39 [1/1] (0.96ns)   --->   "%add_ln20 = add i64 %zext_ln20, i64 %x_read" [/home/simics/HMoE/HLS_HMoE/pseudo_block/run_3/src/pseudo_moe.cpp:20]   --->   Operation 39 'add' 'add_ln20' <Predicate = true> <Delay = 0.96> <CoreInst = "Adder">   --->   Core 1 'Adder' <Latency = 0> <II = 1> <Delay = 0.96> <FuncUnit> <Opcode : 'add' 'sub'> <InPorts = 2> <OutPorts = 1>
ST_9 : Operation 40 [1/1] (0.00ns)   --->   "%trunc_ln1 = partselect i62 @_ssdm_op_PartSelect.i62.i64.i32.i32, i64 %add_ln20, i32 2, i32 63" [/home/simics/HMoE/HLS_HMoE/pseudo_block/run_3/src/pseudo_moe.cpp:31]   --->   Operation 40 'partselect' 'trunc_ln1' <Predicate = true> <Delay = 0.00>
ST_9 : Operation 41 [2/2] (0.00ns)   --->   "%call_ln20 = call void @compute_expert_Pipeline_VITIS_LOOP_20_1_VITIS_LOOP_31_3, i32 %result, i32 %gmem4, i62 %trunc_ln20_1, i32 %gmem0, i62 %trunc_ln1, i32 %gmem3, i62 %trunc_ln" [/home/simics/HMoE/HLS_HMoE/pseudo_block/run_3/src/pseudo_moe.cpp:20]   --->   Operation 41 'call' 'call_ln20' <Predicate = true> <Delay = 0.00> <CoreType = "Generic">   --->   Core 0 '' <Latency = 0> <II = 1> <Delay = 1.00> <Generic> <Opcode : >

State 10 <SV = 9> <Delay = 0.00>
ST_10 : Operation 42 [1/1] (0.00ns)   --->   "%specinterface_ln0 = specinterface void @_ssdm_op_SpecInterface, i32 %gmem4, void @empty_17, i32 0, i32 0, void @empty_32, i32 0, i32 0, void @empty_4, void @empty_31, void @empty_32, i32 16, i32 16, i32 16, i32 16, void @empty_32, void @empty_32, i32 4294967295, i32 0"   --->   Operation 42 'specinterface' 'specinterface_ln0' <Predicate = true> <Delay = 0.00>
ST_10 : Operation 43 [1/1] (0.00ns)   --->   "%specinterface_ln0 = specinterface void @_ssdm_op_SpecInterface, i32 %gmem3, void @empty_17, i32 0, i32 0, void @empty_32, i32 0, i32 0, void @empty_3, void @empty_31, void @empty_32, i32 16, i32 16, i32 16, i32 16, void @empty_32, void @empty_32, i32 4294967295, i32 0"   --->   Operation 43 'specinterface' 'specinterface_ln0' <Predicate = true> <Delay = 0.00>
ST_10 : Operation 44 [1/1] (0.00ns)   --->   "%specinterface_ln0 = specinterface void @_ssdm_op_SpecInterface, i32 %gmem0, void @empty_17, i32 0, i32 0, void @empty_32, i32 0, i32 0, void @empty, void @empty_31, void @empty_32, i32 16, i32 16, i32 16, i32 16, void @empty_32, void @empty_32, i32 4294967295, i32 0"   --->   Operation 44 'specinterface' 'specinterface_ln0' <Predicate = true> <Delay = 0.00>
ST_10 : Operation 45 [1/2] (0.00ns)   --->   "%call_ln20 = call void @compute_expert_Pipeline_VITIS_LOOP_20_1_VITIS_LOOP_31_3, i32 %result, i32 %gmem4, i62 %trunc_ln20_1, i32 %gmem0, i62 %trunc_ln1, i32 %gmem3, i62 %trunc_ln" [/home/simics/HMoE/HLS_HMoE/pseudo_block/run_3/src/pseudo_moe.cpp:20]   --->   Operation 45 'call' 'call_ln20' <Predicate = true> <Delay = 0.00> <CoreType = "Generic">   --->   Core 0 '' <Latency = 0> <II = 1> <Delay = 1.00> <Generic> <Opcode : >
ST_10 : Operation 46 [1/1] (0.00ns)   --->   "%ret_ln50 = ret" [/home/simics/HMoE/HLS_HMoE/pseudo_block/run_3/src/pseudo_moe.cpp:50]   --->   Operation 46 'ret' 'ret_ln50' <Predicate = true> <Delay = 0.00>


============================================================
+ Verbose Summary: Binding
============================================================
STG Binding: 
---------------- STG Properties BEGIN ----------------
- Is combinational: 0
- Is one-state seq: 0
- Is datapath-only: 0
- Is pipelined: 0
- Is top level: 0
Port [ Return ] is wired: 1; IO mode=ap_ctrl_hs:ce=0
Port [ gmem0]:  wired=1; compound=1; hidden=0; nouse=0; global=0; static=0; extern=0; dir=0; type=4; pingpong=0; private_global=0; IO mode=m_axi:ce=0
Port [ x]:  wired=1; compound=0; hidden=0; nouse=0; global=0; static=0; extern=0; dir=0; type=0; pingpong=0; private_global=0; IO mode=ap_none:ce=0
Port [ gmem3]:  wired=1; compound=1; hidden=0; nouse=0; global=0; static=0; extern=0; dir=0; type=4; pingpong=0; private_global=0; IO mode=m_axi:ce=0
Port [ w]:  wired=1; compound=0; hidden=0; nouse=0; global=0; static=0; extern=0; dir=0; type=0; pingpong=0; private_global=0; IO mode=ap_none:ce=0
Port [ gmem4]:  wired=1; compound=1; hidden=0; nouse=0; global=0; static=0; extern=0; dir=0; type=4; pingpong=0; private_global=0; IO mode=m_axi:ce=0
Port [ b]:  wired=1; compound=0; hidden=0; nouse=0; global=0; static=0; extern=0; dir=0; type=0; pingpong=0; private_global=0; IO mode=ap_none:ce=0
Port [ result]:  wired=1; compound=1; hidden=0; nouse=0; global=0; static=0; extern=0; dir=1; type=1; pingpong=0; private_global=0; MemPort=[03]; IO mode=ap_memory:ce=0
Port [ idx]:  wired=1; compound=0; hidden=0; nouse=0; global=0; static=0; extern=0; dir=0; type=0; pingpong=0; private_global=0; IO mode=ap_none:ce=0
---------------- STG Properties END ------------------

---------------- Datapath Model BEGIN ----------------

<LifeTime>
<method=bitvector/>
b_read            (read          ) [ 00000000000]
w_read            (read          ) [ 00000000000]
trunc_ln          (partselect    ) [ 00111111111]
sext_ln20         (sext          ) [ 00000000000]
gmem3_addr        (getelementptr ) [ 00111111100]
trunc_ln20_1      (partselect    ) [ 00111111111]
sext_ln20_1       (sext          ) [ 00000000000]
gmem4_addr        (getelementptr ) [ 00111111100]
empty             (readreq       ) [ 00000000000]
empty_73          (readreq       ) [ 00000000000]
idx_read          (read          ) [ 00000000000]
x_read            (read          ) [ 00000000000]
shl_ln            (bitconcatenate) [ 00000000000]
zext_ln20         (zext          ) [ 00000000000]
add_ln20          (add           ) [ 00000000000]
trunc_ln1         (partselect    ) [ 00000000001]
specinterface_ln0 (specinterface ) [ 00000000000]
specinterface_ln0 (specinterface ) [ 00000000000]
specinterface_ln0 (specinterface ) [ 00000000000]
call_ln20         (call          ) [ 00000000000]
ret_ln50          (ret           ) [ 00000000000]
</LifeTime>

<model>

<comp_list>
<comp id="0" class="1000" name="gmem0">
<pin_list>
<pin id="1" dir="1" index="0" bw="1" slack="0"/>
</pin_list>
<bind>
<StgValue><ssdm name="gmem0"/></StgValue>
</bind>
</comp>

<comp id="2" class="1000" name="x">
<pin_list>
<pin id="3" dir="1" index="0" bw="1" slack="0"/>
</pin_list>
<bind>
<StgValue><ssdm name="x"/></StgValue>
</bind>
</comp>

<comp id="4" class="1000" name="gmem3">
<pin_list>
<pin id="5" dir="1" index="0" bw="1" slack="0"/>
</pin_list>
<bind>
<StgValue><ssdm name="gmem3"/></StgValue>
</bind>
</comp>

<comp id="6" class="1000" name="w">
<pin_list>
<pin id="7" dir="1" index="0" bw="1" slack="0"/>
</pin_list>
<bind>
<StgValue><ssdm name="w"/></StgValue>
</bind>
</comp>

<comp id="8" class="1000" name="gmem4">
<pin_list>
<pin id="9" dir="1" index="0" bw="1" slack="0"/>
</pin_list>
<bind>
<StgValue><ssdm name="gmem4"/></StgValue>
</bind>
</comp>

<comp id="10" class="1000" name="b">
<pin_list>
<pin id="11" dir="1" index="0" bw="1" slack="0"/>
</pin_list>
<bind>
<StgValue><ssdm name="b"/></StgValue>
</bind>
</comp>

<comp id="12" class="1000" name="result">
<pin_list>
<pin id="13" dir="1" index="0" bw="1" slack="0"/>
</pin_list>
<bind>
<StgValue><ssdm name="result"/><MemPortTyVec>0 3 </MemPortTyVec>
</StgValue>
</bind>
</comp>

<comp id="14" class="1000" name="idx">
<pin_list>
<pin id="15" dir="1" index="0" bw="1" slack="0"/>
</pin_list>
<bind>
<StgValue><ssdm name="idx"/></StgValue>
</bind>
</comp>

<comp id="16" class="1001" name="const_16">
<pin_list>
<pin id="17" dir="1" index="0" bw="1" slack="0"/>
</pin_list>
<bind>
<StgValue><ssdm name="_ssdm_op_Read.ap_auto.i64"/></StgValue>
</bind>
</comp>

<comp id="18" class="1001" name="const_18">
<pin_list>
<pin id="19" dir="1" index="0" bw="1" slack="0"/>
</pin_list>
<bind>
<StgValue><ssdm name="_ssdm_op_PartSelect.i62.i64.i32.i32"/></StgValue>
</bind>
</comp>

<comp id="20" class="1001" name="const_20">
<pin_list>
<pin id="21" dir="1" index="0" bw="1" slack="0"/>
</pin_list>
<bind>
<StgValue><ssdm name=""/></StgValue>
</bind>
</comp>

<comp id="22" class="1001" name="const_22">
<pin_list>
<pin id="23" dir="1" index="0" bw="1" slack="0"/>
</pin_list>
<bind>
<StgValue><ssdm name=""/></StgValue>
</bind>
</comp>

<comp id="24" class="1001" name="const_24">
<pin_list>
<pin id="25" dir="1" index="0" bw="1" slack="0"/>
</pin_list>
<bind>
<StgValue><ssdm name="_ssdm_op_ReadReq.m_axi.p1i32"/></StgValue>
</bind>
</comp>

<comp id="26" class="1001" name="const_26">
<pin_list>
<pin id="27" dir="1" index="0" bw="1" slack="0"/>
</pin_list>
<bind>
<StgValue><ssdm name=""/></StgValue>
</bind>
</comp>

<comp id="28" class="1001" name="const_28">
<pin_list>
<pin id="29" dir="1" index="0" bw="1" slack="0"/>
</pin_list>
<bind>
<StgValue><ssdm name=""/></StgValue>
</bind>
</comp>

<comp id="30" class="1001" name="const_30">
<pin_list>
<pin id="31" dir="1" index="0" bw="1" slack="0"/>
</pin_list>
<bind>
<StgValue><ssdm name="_ssdm_op_Read.ap_auto.i10"/></StgValue>
</bind>
</comp>

<comp id="32" class="1001" name="const_32">
<pin_list>
<pin id="33" dir="1" index="0" bw="1" slack="0"/>
</pin_list>
<bind>
<StgValue><ssdm name="_ssdm_op_BitConcatenate.i12.i10.i2"/></StgValue>
</bind>
</comp>

<comp id="34" class="1001" name="const_34">
<pin_list>
<pin id="35" dir="1" index="0" bw="1" slack="0"/>
</pin_list>
<bind>
<StgValue><ssdm name=""/></StgValue>
</bind>
</comp>

<comp id="36" class="1001" name="const_36">
<pin_list>
<pin id="37" dir="1" index="0" bw="1" slack="0"/>
</pin_list>
<bind>
<StgValue><ssdm name="compute_expert_Pipeline_VITIS_LOOP_20_1_VITIS_LOOP_31_3"/></StgValue>
</bind>
</comp>

<comp id="38" class="1001" name="const_38">
<pin_list>
<pin id="39" dir="1" index="0" bw="1" slack="2147483647"/>
</pin_list>
<bind>
<StgValue><ssdm name="_ssdm_op_SpecInterface"/></StgValue>
</bind>
</comp>

<comp id="40" class="1001" name="const_40">
<pin_list>
<pin id="41" dir="1" index="0" bw="1" slack="2147483647"/>
</pin_list>
<bind>
<StgValue><ssdm name="empty_17"/></StgValue>
</bind>
</comp>

<comp id="42" class="1001" name="const_42">
<pin_list>
<pin id="43" dir="1" index="0" bw="1" slack="2147483647"/>
</pin_list>
<bind>
<StgValue><ssdm name=""/></StgValue>
</bind>
</comp>

<comp id="44" class="1001" name="const_44">
<pin_list>
<pin id="45" dir="1" index="0" bw="1" slack="2147483647"/>
</pin_list>
<bind>
<StgValue><ssdm name="empty_32"/></StgValue>
</bind>
</comp>

<comp id="46" class="1001" name="const_46">
<pin_list>
<pin id="47" dir="1" index="0" bw="1" slack="2147483647"/>
</pin_list>
<bind>
<StgValue><ssdm name="empty_4"/></StgValue>
</bind>
</comp>

<comp id="48" class="1001" name="const_48">
<pin_list>
<pin id="49" dir="1" index="0" bw="1" slack="2147483647"/>
</pin_list>
<bind>
<StgValue><ssdm name="empty_31"/></StgValue>
</bind>
</comp>

<comp id="50" class="1001" name="const_50">
<pin_list>
<pin id="51" dir="1" index="0" bw="1" slack="2147483647"/>
</pin_list>
<bind>
<StgValue><ssdm name=""/></StgValue>
</bind>
</comp>

<comp id="52" class="1001" name="const_52">
<pin_list>
<pin id="53" dir="1" index="0" bw="1" slack="2147483647"/>
</pin_list>
<bind>
<StgValue><ssdm name=""/></StgValue>
</bind>
</comp>

<comp id="54" class="1001" name="const_54">
<pin_list>
<pin id="55" dir="1" index="0" bw="1" slack="2147483647"/>
</pin_list>
<bind>
<StgValue><ssdm name="empty_3"/></StgValue>
</bind>
</comp>

<comp id="56" class="1001" name="const_56">
<pin_list>
<pin id="57" dir="1" index="0" bw="1" slack="2147483647"/>
</pin_list>
<bind>
<StgValue><ssdm name="empty"/></StgValue>
</bind>
</comp>

<comp id="58" class="1004" name="b_read_read_fu_58">
<pin_list>
<pin id="59" dir="0" index="0" bw="64" slack="0"/>
<pin id="60" dir="0" index="1" bw="64" slack="0"/>
<pin id="61" dir="1" index="2" bw="64" slack="0"/>
</pin_list>
<bind>
<opcode="read(1150) " fcode="read"/>
<opset="b_read/1 "/>
</bind>
</comp>

<comp id="64" class="1004" name="w_read_read_fu_64">
<pin_list>
<pin id="65" dir="0" index="0" bw="64" slack="0"/>
<pin id="66" dir="0" index="1" bw="64" slack="0"/>
<pin id="67" dir="1" index="2" bw="64" slack="0"/>
</pin_list>
<bind>
<opcode="read(1150) " fcode="read"/>
<opset="w_read/1 "/>
</bind>
</comp>

<comp id="70" class="1004" name="grp_readreq_fu_70">
<pin_list>
<pin id="71" dir="0" index="0" bw="1" slack="0"/>
<pin id="72" dir="0" index="1" bw="32" slack="0"/>
<pin id="73" dir="0" index="2" bw="14" slack="0"/>
<pin id="74" dir="1" index="3" bw="1" slack="2147483647"/>
</pin_list>
<bind>
<opcode="readreq(1154) " fcode="readreq"/>
<opset="empty/1 "/>
</bind>
</comp>

<comp id="77" class="1004" name="grp_readreq_fu_77">
<pin_list>
<pin id="78" dir="0" index="0" bw="1" slack="0"/>
<pin id="79" dir="0" index="1" bw="32" slack="0"/>
<pin id="80" dir="0" index="2" bw="8" slack="0"/>
<pin id="81" dir="1" index="3" bw="1" slack="2147483647"/>
</pin_list>
<bind>
<opcode="readreq(1154) " fcode="readreq"/>
<opset="empty_73/1 "/>
</bind>
</comp>

<comp id="84" class="1004" name="idx_read_read_fu_84">
<pin_list>
<pin id="85" dir="0" index="0" bw="10" slack="0"/>
<pin id="86" dir="0" index="1" bw="10" slack="0"/>
<pin id="87" dir="1" index="2" bw="10" slack="0"/>
</pin_list>
<bind>
<opcode="read(1150) " fcode="read"/>
<opset="idx_read/9 "/>
</bind>
</comp>

<comp id="90" class="1004" name="x_read_read_fu_90">
<pin_list>
<pin id="91" dir="0" index="0" bw="64" slack="0"/>
<pin id="92" dir="0" index="1" bw="64" slack="0"/>
<pin id="93" dir="1" index="2" bw="64" slack="0"/>
</pin_list>
<bind>
<opcode="read(1150) " fcode="read"/>
<opset="x_read/9 "/>
</bind>
</comp>

<comp id="96" class="1004" name="grp_compute_expert_Pipeline_VITIS_LOOP_20_1_VITIS_LOOP_31_3_fu_96">
<pin_list>
<pin id="97" dir="0" index="0" bw="0" slack="0"/>
<pin id="98" dir="0" index="1" bw="32" slack="0"/>
<pin id="99" dir="0" index="2" bw="32" slack="0"/>
<pin id="100" dir="0" index="3" bw="62" slack="8"/>
<pin id="101" dir="0" index="4" bw="32" slack="0"/>
<pin id="102" dir="0" index="5" bw="62" slack="0"/>
<pin id="103" dir="0" index="6" bw="32" slack="0"/>
<pin id="104" dir="0" index="7" bw="62" slack="8"/>
<pin id="105" dir="1" index="8" bw="0" slack="2147483647"/>
</pin_list>
<bind>
<opcode="call(48) " fcode="call"/>
<opset="call_ln20/9 "/>
</bind>
</comp>

<comp id="111" class="1004" name="trunc_ln_fu_111">
<pin_list>
<pin id="112" dir="0" index="0" bw="62" slack="0"/>
<pin id="113" dir="0" index="1" bw="64" slack="0"/>
<pin id="114" dir="0" index="2" bw="3" slack="0"/>
<pin id="115" dir="0" index="3" bw="7" slack="0"/>
<pin id="116" dir="1" index="4" bw="62" slack="0"/>
</pin_list>
<bind>
<opcode="partselect(1002) " fcode="partselect"/>
<opset="trunc_ln/1 "/>
</bind>
</comp>

<comp id="121" class="1004" name="sext_ln20_fu_121">
<pin_list>
<pin id="122" dir="0" index="0" bw="62" slack="0"/>
<pin id="123" dir="1" index="1" bw="64" slack="0"/>
</pin_list>
<bind>
<opcode="sext(35) " fcode="sext"/>
<opset="sext_ln20/1 "/>
</bind>
</comp>

<comp id="125" class="1004" name="gmem3_addr_fu_125">
<pin_list>
<pin id="126" dir="0" index="0" bw="64" slack="0"/>
<pin id="127" dir="0" index="1" bw="64" slack="0"/>
<pin id="128" dir="1" index="2" bw="64" slack="0"/>
</pin_list>
<bind>
<opcode="getelementptr(29) " fcode="getelementptr"/>
<opset="gmem3_addr/1 "/>
</bind>
</comp>

<comp id="132" class="1004" name="trunc_ln20_1_fu_132">
<pin_list>
<pin id="133" dir="0" index="0" bw="62" slack="0"/>
<pin id="134" dir="0" index="1" bw="64" slack="0"/>
<pin id="135" dir="0" index="2" bw="3" slack="0"/>
<pin id="136" dir="0" index="3" bw="7" slack="0"/>
<pin id="137" dir="1" index="4" bw="62" slack="0"/>
</pin_list>
<bind>
<opcode="partselect(1002) " fcode="partselect"/>
<opset="trunc_ln20_1/1 "/>
</bind>
</comp>

<comp id="142" class="1004" name="sext_ln20_1_fu_142">
<pin_list>
<pin id="143" dir="0" index="0" bw="62" slack="0"/>
<pin id="144" dir="1" index="1" bw="64" slack="0"/>
</pin_list>
<bind>
<opcode="sext(35) " fcode="sext"/>
<opset="sext_ln20_1/1 "/>
</bind>
</comp>

<comp id="146" class="1004" name="gmem4_addr_fu_146">
<pin_list>
<pin id="147" dir="0" index="0" bw="64" slack="0"/>
<pin id="148" dir="0" index="1" bw="64" slack="0"/>
<pin id="149" dir="1" index="2" bw="64" slack="0"/>
</pin_list>
<bind>
<opcode="getelementptr(29) " fcode="getelementptr"/>
<opset="gmem4_addr/1 "/>
</bind>
</comp>

<comp id="153" class="1004" name="shl_ln_fu_153">
<pin_list>
<pin id="154" dir="0" index="0" bw="12" slack="0"/>
<pin id="155" dir="0" index="1" bw="10" slack="0"/>
<pin id="156" dir="0" index="2" bw="1" slack="0"/>
<pin id="157" dir="1" index="3" bw="12" slack="0"/>
</pin_list>
<bind>
<opcode="bitconcatenate(1004) " fcode="bitconcatenate"/>
<opset="shl_ln/9 "/>
</bind>
</comp>

<comp id="161" class="1004" name="zext_ln20_fu_161">
<pin_list>
<pin id="162" dir="0" index="0" bw="12" slack="0"/>
<pin id="163" dir="1" index="1" bw="64" slack="0"/>
</pin_list>
<bind>
<opcode="zext(34) " fcode="zext"/>
<opset="zext_ln20/9 "/>
</bind>
</comp>

<comp id="165" class="1004" name="add_ln20_fu_165">
<pin_list>
<pin id="166" dir="0" index="0" bw="12" slack="0"/>
<pin id="167" dir="0" index="1" bw="64" slack="0"/>
<pin id="168" dir="1" index="2" bw="64" slack="0"/>
</pin_list>
<bind>
<opcode="add(8) " fcode="add"/>
<opset="add_ln20/9 "/>
</bind>
</comp>

<comp id="171" class="1004" name="trunc_ln1_fu_171">
<pin_list>
<pin id="172" dir="0" index="0" bw="62" slack="0"/>
<pin id="173" dir="0" index="1" bw="64" slack="0"/>
<pin id="174" dir="0" index="2" bw="3" slack="0"/>
<pin id="175" dir="0" index="3" bw="7" slack="0"/>
<pin id="176" dir="1" index="4" bw="62" slack="0"/>
</pin_list>
<bind>
<opcode="partselect(1002) " fcode="partselect"/>
<opset="trunc_ln1/9 "/>
</bind>
</comp>

<comp id="182" class="1005" name="trunc_ln_reg_182">
<pin_list>
<pin id="183" dir="0" index="0" bw="62" slack="8"/>
<pin id="184" dir="1" index="1" bw="62" slack="8"/>
</pin_list>
<bind>
<opset="trunc_ln "/>
</bind>
</comp>

<comp id="187" class="1005" name="gmem3_addr_reg_187">
<pin_list>
<pin id="188" dir="0" index="0" bw="32" slack="1"/>
<pin id="189" dir="1" index="1" bw="32" slack="1"/>
</pin_list>
<bind>
<opset="gmem3_addr "/>
</bind>
</comp>

<comp id="192" class="1005" name="trunc_ln20_1_reg_192">
<pin_list>
<pin id="193" dir="0" index="0" bw="62" slack="8"/>
<pin id="194" dir="1" index="1" bw="62" slack="8"/>
</pin_list>
<bind>
<opset="trunc_ln20_1 "/>
</bind>
</comp>

<comp id="197" class="1005" name="gmem4_addr_reg_197">
<pin_list>
<pin id="198" dir="0" index="0" bw="32" slack="1"/>
<pin id="199" dir="1" index="1" bw="32" slack="1"/>
</pin_list>
<bind>
<opset="gmem4_addr "/>
</bind>
</comp>

<comp id="202" class="1005" name="trunc_ln1_reg_202">
<pin_list>
<pin id="203" dir="0" index="0" bw="62" slack="1"/>
<pin id="204" dir="1" index="1" bw="62" slack="1"/>
</pin_list>
<bind>
<opset="trunc_ln1 "/>
</bind>
</comp>

</comp_list>

<net_list>
<net id="62"><net_src comp="16" pin="0"/><net_sink comp="58" pin=0"/></net>

<net id="63"><net_src comp="10" pin="0"/><net_sink comp="58" pin=1"/></net>

<net id="68"><net_src comp="16" pin="0"/><net_sink comp="64" pin=0"/></net>

<net id="69"><net_src comp="6" pin="0"/><net_sink comp="64" pin=1"/></net>

<net id="75"><net_src comp="24" pin="0"/><net_sink comp="70" pin=0"/></net>

<net id="76"><net_src comp="26" pin="0"/><net_sink comp="70" pin=2"/></net>

<net id="82"><net_src comp="24" pin="0"/><net_sink comp="77" pin=0"/></net>

<net id="83"><net_src comp="28" pin="0"/><net_sink comp="77" pin=2"/></net>

<net id="88"><net_src comp="30" pin="0"/><net_sink comp="84" pin=0"/></net>

<net id="89"><net_src comp="14" pin="0"/><net_sink comp="84" pin=1"/></net>

<net id="94"><net_src comp="16" pin="0"/><net_sink comp="90" pin=0"/></net>

<net id="95"><net_src comp="2" pin="0"/><net_sink comp="90" pin=1"/></net>

<net id="106"><net_src comp="36" pin="0"/><net_sink comp="96" pin=0"/></net>

<net id="107"><net_src comp="12" pin="0"/><net_sink comp="96" pin=1"/></net>

<net id="108"><net_src comp="8" pin="0"/><net_sink comp="96" pin=2"/></net>

<net id="109"><net_src comp="0" pin="0"/><net_sink comp="96" pin=4"/></net>

<net id="110"><net_src comp="4" pin="0"/><net_sink comp="96" pin=6"/></net>

<net id="117"><net_src comp="18" pin="0"/><net_sink comp="111" pin=0"/></net>

<net id="118"><net_src comp="64" pin="2"/><net_sink comp="111" pin=1"/></net>

<net id="119"><net_src comp="20" pin="0"/><net_sink comp="111" pin=2"/></net>

<net id="120"><net_src comp="22" pin="0"/><net_sink comp="111" pin=3"/></net>

<net id="124"><net_src comp="111" pin="4"/><net_sink comp="121" pin=0"/></net>

<net id="129"><net_src comp="4" pin="0"/><net_sink comp="125" pin=0"/></net>

<net id="130"><net_src comp="121" pin="1"/><net_sink comp="125" pin=1"/></net>

<net id="131"><net_src comp="125" pin="2"/><net_sink comp="70" pin=1"/></net>

<net id="138"><net_src comp="18" pin="0"/><net_sink comp="132" pin=0"/></net>

<net id="139"><net_src comp="58" pin="2"/><net_sink comp="132" pin=1"/></net>

<net id="140"><net_src comp="20" pin="0"/><net_sink comp="132" pin=2"/></net>

<net id="141"><net_src comp="22" pin="0"/><net_sink comp="132" pin=3"/></net>

<net id="145"><net_src comp="132" pin="4"/><net_sink comp="142" pin=0"/></net>

<net id="150"><net_src comp="8" pin="0"/><net_sink comp="146" pin=0"/></net>

<net id="151"><net_src comp="142" pin="1"/><net_sink comp="146" pin=1"/></net>

<net id="152"><net_src comp="146" pin="2"/><net_sink comp="77" pin=1"/></net>

<net id="158"><net_src comp="32" pin="0"/><net_sink comp="153" pin=0"/></net>

<net id="159"><net_src comp="84" pin="2"/><net_sink comp="153" pin=1"/></net>

<net id="160"><net_src comp="34" pin="0"/><net_sink comp="153" pin=2"/></net>

<net id="164"><net_src comp="153" pin="3"/><net_sink comp="161" pin=0"/></net>

<net id="169"><net_src comp="161" pin="1"/><net_sink comp="165" pin=0"/></net>

<net id="170"><net_src comp="90" pin="2"/><net_sink comp="165" pin=1"/></net>

<net id="177"><net_src comp="18" pin="0"/><net_sink comp="171" pin=0"/></net>

<net id="178"><net_src comp="165" pin="2"/><net_sink comp="171" pin=1"/></net>

<net id="179"><net_src comp="20" pin="0"/><net_sink comp="171" pin=2"/></net>

<net id="180"><net_src comp="22" pin="0"/><net_sink comp="171" pin=3"/></net>

<net id="181"><net_src comp="171" pin="4"/><net_sink comp="96" pin=5"/></net>

<net id="185"><net_src comp="111" pin="4"/><net_sink comp="182" pin=0"/></net>

<net id="186"><net_src comp="182" pin="1"/><net_sink comp="96" pin=7"/></net>

<net id="190"><net_src comp="125" pin="2"/><net_sink comp="187" pin=0"/></net>

<net id="191"><net_src comp="187" pin="1"/><net_sink comp="70" pin=1"/></net>

<net id="195"><net_src comp="132" pin="4"/><net_sink comp="192" pin=0"/></net>

<net id="196"><net_src comp="192" pin="1"/><net_sink comp="96" pin=3"/></net>

<net id="200"><net_src comp="146" pin="2"/><net_sink comp="197" pin=0"/></net>

<net id="201"><net_src comp="197" pin="1"/><net_sink comp="77" pin=1"/></net>

<net id="205"><net_src comp="171" pin="4"/><net_sink comp="202" pin=0"/></net>

<net id="206"><net_src comp="202" pin="1"/><net_sink comp="96" pin=5"/></net>

</net_list>

</model> 
---------------- Datapath Model END ------------------

* FSMD analyzer results:
  - Output states:
	Port: gmem0 | {}
	Port: gmem3 | {}
	Port: gmem4 | {}
	Port: result | {9 10 }
 - Input state : 
	Port: compute_expert : gmem0 | {9 10 }
	Port: compute_expert : x | {9 }
	Port: compute_expert : gmem3 | {1 2 3 4 5 6 7 8 9 10 }
	Port: compute_expert : w | {1 }
	Port: compute_expert : gmem4 | {1 2 3 4 5 6 7 8 9 10 }
	Port: compute_expert : b | {1 }
	Port: compute_expert : idx | {9 }
  - Chain level:
	State 1
		sext_ln20 : 1
		gmem3_addr : 2
		empty : 3
		sext_ln20_1 : 1
		gmem4_addr : 2
		empty_73 : 3
	State 2
	State 3
	State 4
	State 5
	State 6
	State 7
	State 8
	State 9
		zext_ln20 : 1
		add_ln20 : 2
		trunc_ln1 : 3
		call_ln20 : 4
	State 10


============================================================
+ Verbose Summary: Datapath Resource usage 
============================================================

* Functional unit list:
|----------|-------------------------------------------------------------------|---------|---------|---------|---------|
| Operation|                          Functional Unit                          |   DSP   |  Delay  |    FF   |   LUT   |
|----------|-------------------------------------------------------------------|---------|---------|---------|---------|
|   call   | grp_compute_expert_Pipeline_VITIS_LOOP_20_1_VITIS_LOOP_31_3_fu_96 |    7    |  3.563  |   1694  |   974   |
|----------|-------------------------------------------------------------------|---------|---------|---------|---------|
|    add   |                          add_ln20_fu_165                          |    0    |    0    |    0    |    71   |
|----------|-------------------------------------------------------------------|---------|---------|---------|---------|
|          |                         b_read_read_fu_58                         |    0    |    0    |    0    |    0    |
|   read   |                         w_read_read_fu_64                         |    0    |    0    |    0    |    0    |
|          |                        idx_read_read_fu_84                        |    0    |    0    |    0    |    0    |
|          |                         x_read_read_fu_90                         |    0    |    0    |    0    |    0    |
|----------|-------------------------------------------------------------------|---------|---------|---------|---------|
|  readreq |                         grp_readreq_fu_70                         |    0    |    0    |    0    |    0    |
|          |                         grp_readreq_fu_77                         |    0    |    0    |    0    |    0    |
|----------|-------------------------------------------------------------------|---------|---------|---------|---------|
|          |                          trunc_ln_fu_111                          |    0    |    0    |    0    |    0    |
|partselect|                        trunc_ln20_1_fu_132                        |    0    |    0    |    0    |    0    |
|          |                          trunc_ln1_fu_171                         |    0    |    0    |    0    |    0    |
|----------|-------------------------------------------------------------------|---------|---------|---------|---------|
|   sext   |                          sext_ln20_fu_121                         |    0    |    0    |    0    |    0    |
|          |                         sext_ln20_1_fu_142                        |    0    |    0    |    0    |    0    |
|----------|-------------------------------------------------------------------|---------|---------|---------|---------|
|bitconcatenate|                           shl_ln_fu_153                           |    0    |    0    |    0    |    0    |
|----------|-------------------------------------------------------------------|---------|---------|---------|---------|
|   zext   |                          zext_ln20_fu_161                         |    0    |    0    |    0    |    0    |
|----------|-------------------------------------------------------------------|---------|---------|---------|---------|
|   Total  |                                                                   |    7    |  3.563  |   1694  |   1045  |
|----------|-------------------------------------------------------------------|---------|---------|---------|---------|

Memories:
N/A

* Register list:
+--------------------+--------+
|                    |   FF   |
+--------------------+--------+
| gmem3_addr_reg_187 |   32   |
| gmem4_addr_reg_197 |   32   |
|  trunc_ln1_reg_202 |   62   |
|trunc_ln20_1_reg_192|   62   |
|  trunc_ln_reg_182  |   62   |
+--------------------+--------+
|        Total       |   250  |
+--------------------+--------+

* Multiplexer (MUX) list: 
|-------------------------------------------------------------------|------|------|------|--------||---------||---------|
|                                Comp                               |  Pin | Size |  BW  | S x BW ||  Delay  ||   LUT   |
|-------------------------------------------------------------------|------|------|------|--------||---------||---------|
|                         grp_readreq_fu_70                         |  p1  |   2  |  32  |   64   ||    9    |
|                         grp_readreq_fu_77                         |  p1  |   2  |  32  |   64   ||    9    |
| grp_compute_expert_Pipeline_VITIS_LOOP_20_1_VITIS_LOOP_31_3_fu_96 |  p5  |   2  |  62  |   124  ||    9    |
|-------------------------------------------------------------------|------|------|------|--------||---------||---------|
|                               Total                               |      |      |      |   252  ||  1.086  ||    27   |
|-------------------------------------------------------------------|------|------|------|--------||---------||---------|



* Summary:
+-----------+--------+--------+--------+--------+
|           |   DSP  |  Delay |   FF   |   LUT  |
+-----------+--------+--------+--------+--------+
|  Function |    7   |    3   |  1694  |  1045  |
|   Memory  |    -   |    -   |    -   |    -   |
|Multiplexer|    -   |    1   |    -   |   27   |
|  Register |    -   |    -   |   250  |    -   |
+-----------+--------+--------+--------+--------+
|   Total   |    7   |    4   |  1944  |  1072  |
+-----------+--------+--------+--------+--------+
