

================================================================
== Vitis HLS Report for 'pseudo_moe_Pipeline_VITIS_LOOP_116_5'
================================================================
* Date:           Sun Sep 20 17:32:42 2026

* Version:        2023.2 (Build 4023990 on Oct 11 2023)
* Project:        project
* Solution:       solution1 (Vivado IP Flow Target)
* Product family: virtexuplus
* Target device:  xcvu13p_CIV-figd2104-3-e


================================================================
== Performance Estimates
================================================================
+ Timing: 
    * Summary: 
    +--------+----------+----------+------------+
    |  Clock |  Target  | Estimated| Uncertainty|
    +--------+----------+----------+------------+
    |ap_clk  |  10.00 ns|  7.300 ns|     2.70 ns|
    +--------+----------+----------+------------+

+ Latency: 
    * Summary: 
    +---------+---------+----------+----------+-----+-----+---------+
    |  Latency (cycles) |  Latency (absolute) |  Interval | Pipeline|
    |   min   |   max   |    min   |    max   | min | max |   Type  |
    +---------+---------+----------+----------+-----+-----+---------+
    |       11|       11|  0.110 us|  0.110 us|   11|   11|       no|
    +---------+---------+----------+----------+-----+-----+---------+

    + Detail: 
        * Instance: 
        N/A

        * Loop: 
        +--------------------+---------+---------+----------+-----------+-----------+------+----------+
        |                    |  Latency (cycles) | Iteration|  Initiation Interval  | Trip |          |
        |      Loop Name     |   min   |   max   |  Latency |  achieved |   target  | Count| Pipelined|
        +--------------------+---------+---------+----------+-----------+-----------+------+----------+
        |- VITIS_LOOP_116_5  |        9|        9|         7|          1|          1|     4|       yes|
        +--------------------+---------+---------+----------+-----------+-----------+------+----------+

============================================================
+ Verbose Summary: Synthesis Manager
============================================================
InlineROM: 1
ExposeGlobal: 0
============================================================
+ Verbose Summary: CDFG Model
============================================================
IsTopModel: 0
ResetActiveHigh: 1
IsCombinational: 0
IsDatapathOnly: 0
HasWiredReturn: 1
HasMFsm: 2
HasVarLatency: 1
IsPipeline: 0
IsRtlPipelined: 0
IsInstanceOverlapped: 0
IsDontTouch: 0
HasImplIP: 0
IsGatedGlobalClock: 0

+ Individual pipeline summary: 
  * Pipeline-0: initiation interval (II) = 1, depth = 7


============================================================
+ Verbose Summary: Schedule
============================================================
* Number of FSM states : 7
* Pipeline : 1
  Pipeline-0 : II = 1, D = 7, States = { 1 2 3 4 5 6 7 }
* Dataflow Pipeline: 0

* FSM state transitions: 
1 --> 2 
2 --> 3 
3 --> 4 
4 --> 5 
5 --> 6 
6 --> 7 
7 --> 

* FSM state operations: 

State 1 <SV = 0> <Delay = 7.05>
ST_1 : Operation 10 [1/1] (0.00ns)   --->   "%e = alloca i32 1" [/home/simics/HMoE/HLS_HMoE/pseudo_block/run_3/src/pseudo_moe.cpp:116]   --->   Operation 10 'alloca' 'e' <Predicate = true> <Delay = 0.00>
ST_1 : Operation 11 [1/1] (0.00ns)   --->   "%exp_sum_reload_read = read i32 @_ssdm_op_Read.ap_auto.float, i32 %exp_sum_reload"   --->   Operation 11 'read' 'exp_sum_reload_read' <Predicate = true> <Delay = 0.00>
ST_1 : Operation 12 [1/1] (0.00ns)   --->   "%exp_values_3_1_reload_read = read i32 @_ssdm_op_Read.ap_auto.float, i32 %exp_values_3_1_reload"   --->   Operation 12 'read' 'exp_values_3_1_reload_read' <Predicate = true> <Delay = 0.00>
ST_1 : Operation 13 [1/1] (0.00ns)   --->   "%exp_values_2_1_reload_read = read i32 @_ssdm_op_Read.ap_auto.float, i32 %exp_values_2_1_reload"   --->   Operation 13 'read' 'exp_values_2_1_reload_read' <Predicate = true> <Delay = 0.00>
ST_1 : Operation 14 [1/1] (0.00ns)   --->   "%exp_values_1_1_reload_read = read i32 @_ssdm_op_Read.ap_auto.float, i32 %exp_values_1_1_reload"   --->   Operation 14 'read' 'exp_values_1_1_reload_read' <Predicate = true> <Delay = 0.00>
ST_1 : Operation 15 [1/1] (0.00ns)   --->   "%exp_values_0_1_reload_read = read i32 @_ssdm_op_Read.ap_auto.float, i32 %exp_values_0_1_reload"   --->   Operation 15 'read' 'exp_values_0_1_reload_read' <Predicate = true> <Delay = 0.00>
ST_1 : Operation 16 [1/1] (0.00ns)   --->   "%sext_ln116_read = read i62 @_ssdm_op_Read.ap_auto.i62, i62 %sext_ln116"   --->   Operation 16 'read' 'sext_ln116_read' <Predicate = true> <Delay = 0.00>
ST_1 : Operation 17 [1/1] (0.00ns)   --->   "%sext_ln116_cast = sext i62 %sext_ln116_read"   --->   Operation 17 'sext' 'sext_ln116_cast' <Predicate = true> <Delay = 0.00>
ST_1 : Operation 18 [1/1] (0.00ns)   --->   "%specinterface_ln0 = specinterface void @_ssdm_op_SpecInterface, i32 %gmem11, void @empty_17, i32 0, i32 0, void @empty_32, i32 0, i32 0, void @empty_0, void @empty_31, void @empty_32, i32 16, i32 16, i32 16, i32 16, void @empty_32, void @empty_32, i32 4294967295, i32 0"   --->   Operation 18 'specinterface' 'specinterface_ln0' <Predicate = true> <Delay = 0.00>
ST_1 : Operation 19 [1/1] (0.36ns)   --->   "%store_ln116 = store i3 0, i3 %e" [/home/simics/HMoE/HLS_HMoE/pseudo_block/run_3/src/pseudo_moe.cpp:116]   --->   Operation 19 'store' 'store_ln116' <Predicate = true> <Delay = 0.36>
ST_1 : Operation 20 [1/1] (0.00ns)   --->   "%br_ln0 = br void %for.inc49"   --->   Operation 20 'br' 'br_ln0' <Predicate = true> <Delay = 0.00>
ST_1 : Operation 21 [1/1] (0.00ns)   --->   "%e_2 = load i3 %e" [/home/simics/HMoE/HLS_HMoE/pseudo_block/run_3/src/pseudo_moe.cpp:117]   --->   Operation 21 'load' 'e_2' <Predicate = true> <Delay = 0.00>
ST_1 : Operation 22 [1/1] (0.00ns)   --->   "%specbitsmap_ln0 = specbitsmap void @_ssdm_op_SpecBitsMap, i32 %gmem11"   --->   Operation 22 'specbitsmap' 'specbitsmap_ln0' <Predicate = true> <Delay = 0.00>
ST_1 : Operation 23 [1/1] (0.52ns)   --->   "%icmp_ln116 = icmp_eq  i3 %e_2, i3 4" [/home/simics/HMoE/HLS_HMoE/pseudo_block/run_3/src/pseudo_moe.cpp:116]   --->   Operation 23 'icmp' 'icmp_ln116' <Predicate = true> <Delay = 0.52> <CoreInst = "Cmp">   --->   Core 9 'Cmp' <Latency = 0> <II = 1> <Delay = 0.52> <FuncUnit> <Opcode : 'icmp'> <InPorts = 2> <OutPorts = 1>
ST_1 : Operation 24 [1/1] (0.52ns)   --->   "%add_ln116 = add i3 %e_2, i3 1" [/home/simics/HMoE/HLS_HMoE/pseudo_block/run_3/src/pseudo_moe.cpp:116]   --->   Operation 24 'add' 'add_ln116' <Predicate = true> <Delay = 0.52> <CoreInst = "Adder">   --->   Core 1 'Adder' <Latency = 0> <II = 1> <Delay = 0.52> <FuncUnit> <Opcode : 'add' 'sub'> <InPorts = 2> <OutPorts = 1>
ST_1 : Operation 25 [1/1] (0.00ns)   --->   "%br_ln116 = br i1 %icmp_ln116, void %for.inc49.split, void %VITIS_LOOP_121_6.exitStub" [/home/simics/HMoE/HLS_HMoE/pseudo_block/run_3/src/pseudo_moe.cpp:116]   --->   Operation 25 'br' 'br_ln116' <Predicate = true> <Delay = 0.00>
ST_1 : Operation 26 [1/1] (0.00ns)   --->   "%trunc_ln117 = trunc i3 %e_2" [/home/simics/HMoE/HLS_HMoE/pseudo_block/run_3/src/pseudo_moe.cpp:117]   --->   Operation 26 'trunc' 'trunc_ln117' <Predicate = (!icmp_ln116)> <Delay = 0.00>
ST_1 : Operation 27 [1/1] (0.42ns)   --->   "%tmp_4 = mux i32 @_ssdm_op_Mux.ap_auto.4float.i2, i32 %exp_values_0_1_reload_read, i32 %exp_values_1_1_reload_read, i32 %exp_values_2_1_reload_read, i32 %exp_values_3_1_reload_read, i2 %trunc_ln117" [/home/simics/HMoE/HLS_HMoE/pseudo_block/run_3/src/pseudo_moe.cpp:117]   --->   Operation 27 'mux' 'tmp_4' <Predicate = (!icmp_ln116)> <Delay = 0.42> <CoreInst = "Multiplexer">   --->   Core 76 'Multiplexer' <Latency = 0> <II = 1> <Delay = 0.42> <FuncUnit> <Opcode : 'mux'> <InPorts = 2> <OutPorts = 1>
ST_1 : Operation 28 [6/6] (6.26ns)   --->   "%div = fdiv i32 %tmp_4, i32 %exp_sum_reload_read" [/home/simics/HMoE/HLS_HMoE/pseudo_block/run_3/src/pseudo_moe.cpp:117]   --->   Operation 28 'fdiv' 'div' <Predicate = (!icmp_ln116)> <Delay = 6.26> <CoreInst = "FDiv">   --->   Core 20 'FDiv' <Latency = 5> <II = 1> <Delay = 6.26> <FuncUnit> <Opcode : 'fdiv' 'frem'> <InPorts = 2> <OutPorts = 1>
ST_1 : Operation 29 [1/1] (0.36ns)   --->   "%store_ln116 = store i3 %add_ln116, i3 %e" [/home/simics/HMoE/HLS_HMoE/pseudo_block/run_3/src/pseudo_moe.cpp:116]   --->   Operation 29 'store' 'store_ln116' <Predicate = (!icmp_ln116)> <Delay = 0.36>

State 2 <SV = 1> <Delay = 6.26>
ST_2 : Operation 30 [5/6] (6.26ns)   --->   "%div = fdiv i32 %tmp_4, i32 %exp_sum_reload_read" [/home/simics/HMoE/HLS_HMoE/pseudo_block/run_3/src/pseudo_moe.cpp:117]   --->   Operation 30 'fdiv' 'div' <Predicate = true> <Delay = 6.26> <CoreInst = "FDiv">   --->   Core 20 'FDiv' <Latency = 5> <II = 1> <Delay = 6.26> <FuncUnit> <Opcode : 'fdiv' 'frem'> <InPorts = 2> <OutPorts = 1>

State 3 <SV = 2> <Delay = 6.26>
ST_3 : Operation 31 [4/6] (6.26ns)   --->   "%div = fdiv i32 %tmp_4, i32 %exp_sum_reload_read" [/home/simics/HMoE/HLS_HMoE/pseudo_block/run_3/src/pseudo_moe.cpp:117]   --->   Operation 31 'fdiv' 'div' <Predicate = true> <Delay = 6.26> <CoreInst = "FDiv">   --->   Core 20 'FDiv' <Latency = 5> <II = 1> <Delay = 6.26> <FuncUnit> <Opcode : 'fdiv' 'frem'> <InPorts = 2> <OutPorts = 1>

State 4 <SV = 3> <Delay = 6.26>
ST_4 : Operation 32 [3/6] (6.26ns)   --->   "%div = fdiv i32 %tmp_4, i32 %exp_sum_reload_read" [/home/simics/HMoE/HLS_HMoE/pseudo_block/run_3/src/pseudo_moe.cpp:117]   --->   Operation 32 'fdiv' 'div' <Predicate = true> <Delay = 6.26> <CoreInst = "FDiv">   --->   Core 20 'FDiv' <Latency = 5> <II = 1> <Delay = 6.26> <FuncUnit> <Opcode : 'fdiv' 'frem'> <InPorts = 2> <OutPorts = 1>

State 5 <SV = 4> <Delay = 6.26>
ST_5 : Operation 33 [2/6] (6.26ns)   --->   "%div = fdiv i32 %tmp_4, i32 %exp_sum_reload_read" [/home/simics/HMoE/HLS_HMoE/pseudo_block/run_3/src/pseudo_moe.cpp:117]   --->   Operation 33 'fdiv' 'div' <Predicate = true> <Delay = 6.26> <CoreInst = "FDiv">   --->   Core 20 'FDiv' <Latency = 5> <II = 1> <Delay = 6.26> <FuncUnit> <Opcode : 'fdiv' 'frem'> <InPorts = 2> <OutPorts = 1>

State 6 <SV = 5> <Delay = 6.26>
ST_6 : Operation 34 [1/6] (6.26ns)   --->   "%div = fdiv i32 %tmp_4, i32 %exp_sum_reload_read" [/home/simics/HMoE/HLS_HMoE/pseudo_block/run_3/src/pseudo_moe.cpp:117]   --->   Operation 34 'fdiv' 'div' <Predicate = true> <Delay = 6.26> <CoreInst = "FDiv">   --->   Core 20 'FDiv' <Latency = 5> <II = 1> <Delay = 6.26> <FuncUnit> <Opcode : 'fdiv' 'frem'> <InPorts = 2> <OutPorts = 1>
ST_6 : Operation 42 [1/1] (0.00ns)   --->   "%ret_ln0 = ret"   --->   Operation 42 'ret' 'ret_ln0' <Predicate = (icmp_ln116)> <Delay = 0.00>

State 7 <SV = 6> <Delay = 7.30>
ST_7 : Operation 35 [1/1] (0.00ns)   --->   "%gmem11_addr = getelementptr i32 %gmem11, i64 %sext_ln116_cast" [/home/simics/HMoE/HLS_HMoE/pseudo_block/run_3/src/pseudo_moe.cpp:116]   --->   Operation 35 'getelementptr' 'gmem11_addr' <Predicate = true> <Delay = 0.00>
ST_7 : Operation 36 [1/1] (0.00ns)   --->   "%specpipeline_ln116 = specpipeline void @_ssdm_op_SpecPipeline, i32 4294967295, i32 0, i32 0, i32 0, void @empty_32" [/home/simics/HMoE/HLS_HMoE/pseudo_block/run_3/src/pseudo_moe.cpp:116]   --->   Operation 36 'specpipeline' 'specpipeline_ln116' <Predicate = true> <Delay = 0.00>
ST_7 : Operation 37 [1/1] (0.00ns)   --->   "%speclooptripcount_ln116 = speclooptripcount void @_ssdm_op_SpecLoopTripCount, i64 4, i64 4, i64 4" [/home/simics/HMoE/HLS_HMoE/pseudo_block/run_3/src/pseudo_moe.cpp:116]   --->   Operation 37 'speclooptripcount' 'speclooptripcount_ln116' <Predicate = true> <Delay = 0.00>
ST_7 : Operation 38 [1/1] (0.00ns)   --->   "%specloopname_ln116 = specloopname void @_ssdm_op_SpecLoopName, void @empty_33" [/home/simics/HMoE/HLS_HMoE/pseudo_block/run_3/src/pseudo_moe.cpp:116]   --->   Operation 38 'specloopname' 'specloopname_ln116' <Predicate = true> <Delay = 0.00>
ST_7 : Operation 39 [1/1] (0.00ns)   --->   "%bitcast_ln117 = bitcast i32 %div" [/home/simics/HMoE/HLS_HMoE/pseudo_block/run_3/src/pseudo_moe.cpp:117]   --->   Operation 39 'bitcast' 'bitcast_ln117' <Predicate = true> <Delay = 0.00>
ST_7 : Operation 40 [1/1] (7.30ns)   --->   "%write_ln117 = write void @_ssdm_op_Write.m_axi.p1i32, i32 %gmem11_addr, i32 %bitcast_ln117, i4 15" [/home/simics/HMoE/HLS_HMoE/pseudo_block/run_3/src/pseudo_moe.cpp:117]   --->   Operation 40 'write' 'write_ln117' <Predicate = true> <Delay = 7.30> <CoreInst = "m_axi">   --->   Core 121 'm_axi' <Latency = 0> <II = 1> <Delay = 1.00> <Adapter> <Opcode : 'read' 'write' 'readreq' 'writereq' 'writeresp'>
ST_7 : Operation 41 [1/1] (0.00ns)   --->   "%br_ln116 = br void %for.inc49" [/home/simics/HMoE/HLS_HMoE/pseudo_block/run_3/src/pseudo_moe.cpp:116]   --->   Operation 41 'br' 'br_ln116' <Predicate = true> <Delay = 0.00>


============================================================
+ Verbose Summary: Timing violations
============================================================
Target clock period: 10.000ns, clock uncertainty: 2.700ns.

 <State 1>: 7.050ns
The critical path consists of the following:
	'store' operation 0 bit ('store_ln116', /home/simics/HMoE/HLS_HMoE/pseudo_block/run_3/src/pseudo_moe.cpp:116) of constant 0 on local variable 'e', /home/simics/HMoE/HLS_HMoE/pseudo_block/run_3/src/pseudo_moe.cpp:116 [17]  (0.362 ns)
	'load' operation 3 bit ('e', /home/simics/HMoE/HLS_HMoE/pseudo_block/run_3/src/pseudo_moe.cpp:117) on local variable 'e', /home/simics/HMoE/HLS_HMoE/pseudo_block/run_3/src/pseudo_moe.cpp:116 [20]  (0.000 ns)
	'mux' operation 32 bit ('tmp_4', /home/simics/HMoE/HLS_HMoE/pseudo_block/run_3/src/pseudo_moe.cpp:117) [31]  (0.420 ns)
	'fdiv' operation 32 bit ('div', /home/simics/HMoE/HLS_HMoE/pseudo_block/run_3/src/pseudo_moe.cpp:117) [32]  (6.268 ns)

 <State 2>: 6.268ns
The critical path consists of the following:
	'fdiv' operation 32 bit ('div', /home/simics/HMoE/HLS_HMoE/pseudo_block/run_3/src/pseudo_moe.cpp:117) [32]  (6.268 ns)

 <State 3>: 6.268ns
The critical path consists of the following:
	'fdiv' operation 32 bit ('div', /home/simics/HMoE/HLS_HMoE/pseudo_block/run_3/src/pseudo_moe.cpp:117) [32]  (6.268 ns)

 <State 4>: 6.268ns
The critical path consists of the following:
	'fdiv' operation 32 bit ('div', /home/simics/HMoE/HLS_HMoE/pseudo_block/run_3/src/pseudo_moe.cpp:117) [32]  (6.268 ns)

 <State 5>: 6.268ns
The critical path consists of the following:
	'fdiv' operation 32 bit ('div', /home/simics/HMoE/HLS_HMoE/pseudo_block/run_3/src/pseudo_moe.cpp:117) [32]  (6.268 ns)

 <State 6>: 6.268ns
The critical path consists of the following:
	'fdiv' operation 32 bit ('div', /home/simics/HMoE/HLS_HMoE/pseudo_block/run_3/src/pseudo_moe.cpp:117) [32]  (6.268 ns)

 <State 7>: 7.300ns
The critical path consists of the following:
	'getelementptr' operation 32 bit ('gmem11_addr', /home/simics/HMoE/HLS_HMoE/pseudo_block/run_3/src/pseudo_moe.cpp:116) [26]  (0.000 ns)
	bus write operation ('write_ln117', /home/simics/HMoE/HLS_HMoE/pseudo_block/run_3/src/pseudo_moe.cpp:117) on port 'gmem11' (/home/simics/HMoE/HLS_HMoE/pseudo_block/run_3/src/pseudo_moe.cpp:117) [34]  (7.300 ns)


============================================================
+ Verbose Summary: Binding
============================================================
N/A
* FSMD analyzer results:
  - Output states:
 - Input state : 
  - Chain level:
	State 1
	State 2
	State 3
	State 4
	State 5
	State 6
	State 7


============================================================
+ Verbose Summary: Datapath Resource usage 
============================================================
N/A
