

================================================================
== Vitis HLS Report for 'pseudo_moe_Pipeline_VITIS_LOOP_111_4'
================================================================
* Date:           Sun Sep 20 17:32:42 2026

* Version:        2023.2 (Build 4023990 on Oct 11 2023)
* Project:        project
* Solution:       solution1 (Vivado IP Flow Target)
* Product family: virtexuplus
* Target device:  xcvu13p_CIV-figd2104-3-e


================================================================
== Performance Estimates
================================================================
+ Timing: 
    * Summary: 
    +--------+----------+----------+------------+
    |  Clock |  Target  | Estimated| Uncertainty|
    +--------+----------+----------+------------+
    |ap_clk  |  10.00 ns|  6.829 ns|     2.70 ns|
    +--------+----------+----------+------------+

+ Latency: 
    * Summary: 
    +---------+---------+----------+----------+-----+-----+---------+
    |  Latency (cycles) |  Latency (absolute) |  Interval | Pipeline|
    |   min   |   max   |    min   |    max   | min | max |   Type  |
    +---------+---------+----------+----------+-----+-----+---------+
    |       12|       12|  0.120 us|  0.120 us|   12|   12|       no|
    +---------+---------+----------+----------+-----+-----+---------+

    + Detail: 
        * Instance: 
        N/A

        * Loop: 
        +--------------------+---------+---------+----------+-----------+-----------+------+----------+
        |                    |  Latency (cycles) | Iteration|  Initiation Interval  | Trip |          |
        |      Loop Name     |   min   |   max   |  Latency |  achieved |   target  | Count| Pipelined|
        +--------------------+---------+---------+----------+-----------+-----------+------+----------+
        |- VITIS_LOOP_111_4  |       10|       10|         8|          1|          1|     4|       yes|
        +--------------------+---------+---------+----------+-----------+-----------+------+----------+

============================================================
+ Verbose Summary: Synthesis Manager
============================================================
InlineROM: 1
ExposeGlobal: 0
============================================================
+ Verbose Summary: CDFG Model
============================================================
IsTopModel: 0
ResetActiveHigh: 1
IsCombinational: 0
IsDatapathOnly: 0
HasWiredReturn: 1
HasMFsm: 2
HasVarLatency: 1
IsPipeline: 0
IsRtlPipelined: 0
IsInstanceOverlapped: 0
IsDontTouch: 0
HasImplIP: 0
IsGatedGlobalClock: 0

+ Individual pipeline summary: 
  * Pipeline-0: initiation interval (II) = 1, depth = 8


============================================================
+ Verbose Summary: Schedule
============================================================
* Number of FSM states : 8
* Pipeline : 1
  Pipeline-0 : II = 1, D = 8, States = { 1 2 3 4 5 6 7 8 }
* Dataflow Pipeline: 0

* FSM state transitions: 
1 --> 2 
2 --> 3 
3 --> 4 
4 --> 5 
5 --> 6 
6 --> 7 
7 --> 8 
8 --> 

* FSM state operations: 

State 1 <SV = 0> <Delay = 6.82>
ST_1 : Operation 11 [1/1] (0.00ns)   --->   "%exp_sum = alloca i32 1" [/home/simics/HMoE/HLS_HMoE/pseudo_block/run_3/src/pseudo_moe.cpp:109]   --->   Operation 11 'alloca' 'exp_sum' <Predicate = true> <Delay = 0.00>
ST_1 : Operation 12 [1/1] (0.00ns)   --->   "%e_1 = alloca i32 1" [/home/simics/HMoE/HLS_HMoE/pseudo_block/run_3/src/pseudo_moe.cpp:111]   --->   Operation 12 'alloca' 'e_1' <Predicate = true> <Delay = 0.00>
ST_1 : Operation 13 [1/1] (0.00ns)   --->   "%exp_values_0_1 = alloca i32 1"   --->   Operation 13 'alloca' 'exp_values_0_1' <Predicate = true> <Delay = 0.00>
ST_1 : Operation 14 [1/1] (0.00ns)   --->   "%exp_values_1_1 = alloca i32 1"   --->   Operation 14 'alloca' 'exp_values_1_1' <Predicate = true> <Delay = 0.00>
ST_1 : Operation 15 [1/1] (0.00ns)   --->   "%exp_values_2_1 = alloca i32 1"   --->   Operation 15 'alloca' 'exp_values_2_1' <Predicate = true> <Delay = 0.00>
ST_1 : Operation 16 [1/1] (0.00ns)   --->   "%exp_values_3_1 = alloca i32 1"   --->   Operation 16 'alloca' 'exp_values_3_1' <Predicate = true> <Delay = 0.00>
ST_1 : Operation 17 [1/1] (0.00ns)   --->   "%max_logit_reload_read = read i32 @_ssdm_op_Read.ap_auto.float, i32 %max_logit_reload"   --->   Operation 17 'read' 'max_logit_reload_read' <Predicate = true> <Delay = 0.00>
ST_1 : Operation 18 [1/1] (0.00ns)   --->   "%logits_3_1_reload_read = read i32 @_ssdm_op_Read.ap_auto.float, i32 %logits_3_1_reload"   --->   Operation 18 'read' 'logits_3_1_reload_read' <Predicate = true> <Delay = 0.00>
ST_1 : Operation 19 [1/1] (0.00ns)   --->   "%logits_2_1_reload_read = read i32 @_ssdm_op_Read.ap_auto.float, i32 %logits_2_1_reload"   --->   Operation 19 'read' 'logits_2_1_reload_read' <Predicate = true> <Delay = 0.00>
ST_1 : Operation 20 [1/1] (0.00ns)   --->   "%logits_1_1_reload_read = read i32 @_ssdm_op_Read.ap_auto.float, i32 %logits_1_1_reload"   --->   Operation 20 'read' 'logits_1_1_reload_read' <Predicate = true> <Delay = 0.00>
ST_1 : Operation 21 [1/1] (0.00ns)   --->   "%logits_0_1_reload_read = read i32 @_ssdm_op_Read.ap_auto.float, i32 %logits_0_1_reload"   --->   Operation 21 'read' 'logits_0_1_reload_read' <Predicate = true> <Delay = 0.00>
ST_1 : Operation 22 [1/1] (0.00ns)   --->   "%exp_values_0_05_read = read i32 @_ssdm_op_Read.ap_auto.float, i32 %exp_values_0_05"   --->   Operation 22 'read' 'exp_values_0_05_read' <Predicate = true> <Delay = 0.00>
ST_1 : Operation 23 [1/1] (0.00ns)   --->   "%exp_values_1_06_read = read i32 @_ssdm_op_Read.ap_auto.float, i32 %exp_values_1_06"   --->   Operation 23 'read' 'exp_values_1_06_read' <Predicate = true> <Delay = 0.00>
ST_1 : Operation 24 [1/1] (0.00ns)   --->   "%exp_values_2_07_read = read i32 @_ssdm_op_Read.ap_auto.float, i32 %exp_values_2_07"   --->   Operation 24 'read' 'exp_values_2_07_read' <Predicate = true> <Delay = 0.00>
ST_1 : Operation 25 [1/1] (0.00ns)   --->   "%exp_values_3_08_read = read i32 @_ssdm_op_Read.ap_auto.float, i32 %exp_values_3_08"   --->   Operation 25 'read' 'exp_values_3_08_read' <Predicate = true> <Delay = 0.00>
ST_1 : Operation 26 [1/1] (0.36ns)   --->   "%store_ln0 = store i32 %exp_values_3_08_read, i32 %exp_values_3_1"   --->   Operation 26 'store' 'store_ln0' <Predicate = true> <Delay = 0.36>
ST_1 : Operation 27 [1/1] (0.36ns)   --->   "%store_ln0 = store i32 %exp_values_2_07_read, i32 %exp_values_2_1"   --->   Operation 27 'store' 'store_ln0' <Predicate = true> <Delay = 0.36>
ST_1 : Operation 28 [1/1] (0.36ns)   --->   "%store_ln0 = store i32 %exp_values_1_06_read, i32 %exp_values_1_1"   --->   Operation 28 'store' 'store_ln0' <Predicate = true> <Delay = 0.36>
ST_1 : Operation 29 [1/1] (0.36ns)   --->   "%store_ln0 = store i32 %exp_values_0_05_read, i32 %exp_values_0_1"   --->   Operation 29 'store' 'store_ln0' <Predicate = true> <Delay = 0.36>
ST_1 : Operation 30 [1/1] (0.36ns)   --->   "%store_ln111 = store i3 0, i3 %e_1" [/home/simics/HMoE/HLS_HMoE/pseudo_block/run_3/src/pseudo_moe.cpp:111]   --->   Operation 30 'store' 'store_ln111' <Predicate = true> <Delay = 0.36>
ST_1 : Operation 31 [1/1] (0.36ns)   --->   "%store_ln109 = store i32 0, i32 %exp_sum" [/home/simics/HMoE/HLS_HMoE/pseudo_block/run_3/src/pseudo_moe.cpp:109]   --->   Operation 31 'store' 'store_ln109' <Predicate = true> <Delay = 0.36>
ST_1 : Operation 32 [1/1] (0.00ns)   --->   "%br_ln0 = br void %for.inc35"   --->   Operation 32 'br' 'br_ln0' <Predicate = true> <Delay = 0.00>
ST_1 : Operation 33 [1/1] (0.00ns)   --->   "%e = load i3 %e_1" [/home/simics/HMoE/HLS_HMoE/pseudo_block/run_3/src/pseudo_moe.cpp:112]   --->   Operation 33 'load' 'e' <Predicate = true> <Delay = 0.00>
ST_1 : Operation 34 [1/1] (0.52ns)   --->   "%icmp_ln111 = icmp_eq  i3 %e, i3 4" [/home/simics/HMoE/HLS_HMoE/pseudo_block/run_3/src/pseudo_moe.cpp:111]   --->   Operation 34 'icmp' 'icmp_ln111' <Predicate = true> <Delay = 0.52> <CoreInst = "Cmp">   --->   Core 9 'Cmp' <Latency = 0> <II = 1> <Delay = 0.52> <FuncUnit> <Opcode : 'icmp'> <InPorts = 2> <OutPorts = 1>
ST_1 : Operation 35 [1/1] (0.52ns)   --->   "%add_ln111 = add i3 %e, i3 1" [/home/simics/HMoE/HLS_HMoE/pseudo_block/run_3/src/pseudo_moe.cpp:111]   --->   Operation 35 'add' 'add_ln111' <Predicate = true> <Delay = 0.52> <CoreInst = "Adder">   --->   Core 1 'Adder' <Latency = 0> <II = 1> <Delay = 0.52> <FuncUnit> <Opcode : 'add' 'sub'> <InPorts = 2> <OutPorts = 1>
ST_1 : Operation 36 [1/1] (0.00ns)   --->   "%br_ln111 = br i1 %icmp_ln111, void %for.inc35.split, void %VITIS_LOOP_116_5.exitStub" [/home/simics/HMoE/HLS_HMoE/pseudo_block/run_3/src/pseudo_moe.cpp:111]   --->   Operation 36 'br' 'br_ln111' <Predicate = true> <Delay = 0.00>
ST_1 : Operation 37 [1/1] (0.00ns)   --->   "%trunc_ln112 = trunc i3 %e" [/home/simics/HMoE/HLS_HMoE/pseudo_block/run_3/src/pseudo_moe.cpp:112]   --->   Operation 37 'trunc' 'trunc_ln112' <Predicate = (!icmp_ln111)> <Delay = 0.00>
ST_1 : Operation 38 [1/1] (0.42ns)   --->   "%tmp = mux i32 @_ssdm_op_Mux.ap_auto.4float.i2, i32 %logits_0_1_reload_read, i32 %logits_1_1_reload_read, i32 %logits_2_1_reload_read, i32 %logits_3_1_reload_read, i2 %trunc_ln112" [/home/simics/HMoE/HLS_HMoE/pseudo_block/run_3/src/pseudo_moe.cpp:112]   --->   Operation 38 'mux' 'tmp' <Predicate = (!icmp_ln111)> <Delay = 0.42> <CoreInst = "Multiplexer">   --->   Core 76 'Multiplexer' <Latency = 0> <II = 1> <Delay = 0.42> <FuncUnit> <Opcode : 'mux'> <InPorts = 2> <OutPorts = 1>
ST_1 : Operation 39 [2/2] (6.04ns)   --->   "%sub = fsub i32 %tmp, i32 %max_logit_reload_read" [/home/simics/HMoE/HLS_HMoE/pseudo_block/run_3/src/pseudo_moe.cpp:112]   --->   Operation 39 'fsub' 'sub' <Predicate = (!icmp_ln111)> <Delay = 6.04> <CoreInst = "FAddSub_fulldsp">   --->   Core 18 'FAddSub_fulldsp' <Latency = 1> <II = 1> <Delay = 6.04> <FuncUnit> <Opcode : 'fadd' 'fsub'> <InPorts = 2> <OutPorts = 1>
ST_1 : Operation 40 [1/1] (0.66ns)   --->   "%switch_ln112 = switch i2 %trunc_ln112, void %branch7, i2 0, void %for.inc35.split.for.inc35.split26_crit_edge, i2 1, void %for.inc35.split.for.inc35.split26_crit_edge11, i2 2, void %branch6" [/home/simics/HMoE/HLS_HMoE/pseudo_block/run_3/src/pseudo_moe.cpp:112]   --->   Operation 40 'switch' 'switch_ln112' <Predicate = (!icmp_ln111)> <Delay = 0.66>
ST_1 : Operation 41 [1/1] (0.36ns)   --->   "%store_ln111 = store i3 %add_ln111, i3 %e_1" [/home/simics/HMoE/HLS_HMoE/pseudo_block/run_3/src/pseudo_moe.cpp:111]   --->   Operation 41 'store' 'store_ln111' <Predicate = (!icmp_ln111)> <Delay = 0.36>

State 2 <SV = 1> <Delay = 6.04>
ST_2 : Operation 42 [1/2] (6.04ns)   --->   "%sub = fsub i32 %tmp, i32 %max_logit_reload_read" [/home/simics/HMoE/HLS_HMoE/pseudo_block/run_3/src/pseudo_moe.cpp:112]   --->   Operation 42 'fsub' 'sub' <Predicate = true> <Delay = 6.04> <CoreInst = "FAddSub_fulldsp">   --->   Core 18 'FAddSub_fulldsp' <Latency = 1> <II = 1> <Delay = 6.04> <FuncUnit> <Opcode : 'fadd' 'fsub'> <InPorts = 2> <OutPorts = 1>

State 3 <SV = 2> <Delay = 6.28>
ST_3 : Operation 43 [4/4] (6.28ns)   --->   "%exp_values_1 = fexp i32 @llvm.exp.f32, i32 %sub" [/home/simics/HMoE/HLS_HMoE/pseudo_block/run_3/src/pseudo_moe.cpp:112]   --->   Operation 43 'fexp' 'exp_values_1' <Predicate = true> <Delay = 6.28> <CoreInst = "FExp_fulldsp">   --->   Core 23 'FExp_fulldsp' <Latency = 3> <II = 1> <Delay = 6.28> <FuncUnit> <Opcode : 'fexp'> <InPorts = 1> <OutPorts = 1>

State 4 <SV = 3> <Delay = 6.28>
ST_4 : Operation 44 [3/4] (6.28ns)   --->   "%exp_values_1 = fexp i32 @llvm.exp.f32, i32 %sub" [/home/simics/HMoE/HLS_HMoE/pseudo_block/run_3/src/pseudo_moe.cpp:112]   --->   Operation 44 'fexp' 'exp_values_1' <Predicate = true> <Delay = 6.28> <CoreInst = "FExp_fulldsp">   --->   Core 23 'FExp_fulldsp' <Latency = 3> <II = 1> <Delay = 6.28> <FuncUnit> <Opcode : 'fexp'> <InPorts = 1> <OutPorts = 1>

State 5 <SV = 4> <Delay = 6.28>
ST_5 : Operation 45 [2/4] (6.28ns)   --->   "%exp_values_1 = fexp i32 @llvm.exp.f32, i32 %sub" [/home/simics/HMoE/HLS_HMoE/pseudo_block/run_3/src/pseudo_moe.cpp:112]   --->   Operation 45 'fexp' 'exp_values_1' <Predicate = true> <Delay = 6.28> <CoreInst = "FExp_fulldsp">   --->   Core 23 'FExp_fulldsp' <Latency = 3> <II = 1> <Delay = 6.28> <FuncUnit> <Opcode : 'fexp'> <InPorts = 1> <OutPorts = 1>

State 6 <SV = 5> <Delay = 6.64>
ST_6 : Operation 46 [1/1] (0.00ns)   --->   "%specpipeline_ln109 = specpipeline void @_ssdm_op_SpecPipeline, i32 4294967295, i32 0, i32 0, i32 0, void @empty_32" [/home/simics/HMoE/HLS_HMoE/pseudo_block/run_3/src/pseudo_moe.cpp:109]   --->   Operation 46 'specpipeline' 'specpipeline_ln109' <Predicate = true> <Delay = 0.00>
ST_6 : Operation 47 [1/1] (0.00ns)   --->   "%speclooptripcount_ln109 = speclooptripcount void @_ssdm_op_SpecLoopTripCount, i64 4, i64 4, i64 4" [/home/simics/HMoE/HLS_HMoE/pseudo_block/run_3/src/pseudo_moe.cpp:109]   --->   Operation 47 'speclooptripcount' 'speclooptripcount_ln109' <Predicate = true> <Delay = 0.00>
ST_6 : Operation 48 [1/1] (0.00ns)   --->   "%specloopname_ln111 = specloopname void @_ssdm_op_SpecLoopName, void @empty_21" [/home/simics/HMoE/HLS_HMoE/pseudo_block/run_3/src/pseudo_moe.cpp:111]   --->   Operation 48 'specloopname' 'specloopname_ln111' <Predicate = true> <Delay = 0.00>
ST_6 : Operation 49 [1/4] (6.28ns)   --->   "%exp_values_1 = fexp i32 @llvm.exp.f32, i32 %sub" [/home/simics/HMoE/HLS_HMoE/pseudo_block/run_3/src/pseudo_moe.cpp:112]   --->   Operation 49 'fexp' 'exp_values_1' <Predicate = true> <Delay = 6.28> <CoreInst = "FExp_fulldsp">   --->   Core 23 'FExp_fulldsp' <Latency = 3> <II = 1> <Delay = 6.28> <FuncUnit> <Opcode : 'fexp'> <InPorts = 1> <OutPorts = 1>
ST_6 : Operation 50 [1/1] (0.36ns)   --->   "%store_ln112 = store i32 %exp_values_1, i32 %exp_values_2_1" [/home/simics/HMoE/HLS_HMoE/pseudo_block/run_3/src/pseudo_moe.cpp:112]   --->   Operation 50 'store' 'store_ln112' <Predicate = (trunc_ln112 == 2)> <Delay = 0.36>
ST_6 : Operation 51 [1/1] (0.00ns)   --->   "%br_ln112 = br void %for.inc35.split26" [/home/simics/HMoE/HLS_HMoE/pseudo_block/run_3/src/pseudo_moe.cpp:112]   --->   Operation 51 'br' 'br_ln112' <Predicate = (trunc_ln112 == 2)> <Delay = 0.00>
ST_6 : Operation 52 [1/1] (0.36ns)   --->   "%store_ln112 = store i32 %exp_values_1, i32 %exp_values_1_1" [/home/simics/HMoE/HLS_HMoE/pseudo_block/run_3/src/pseudo_moe.cpp:112]   --->   Operation 52 'store' 'store_ln112' <Predicate = (trunc_ln112 == 1)> <Delay = 0.36>
ST_6 : Operation 53 [1/1] (0.00ns)   --->   "%br_ln112 = br void %for.inc35.split26" [/home/simics/HMoE/HLS_HMoE/pseudo_block/run_3/src/pseudo_moe.cpp:112]   --->   Operation 53 'br' 'br_ln112' <Predicate = (trunc_ln112 == 1)> <Delay = 0.00>
ST_6 : Operation 54 [1/1] (0.36ns)   --->   "%store_ln112 = store i32 %exp_values_1, i32 %exp_values_0_1" [/home/simics/HMoE/HLS_HMoE/pseudo_block/run_3/src/pseudo_moe.cpp:112]   --->   Operation 54 'store' 'store_ln112' <Predicate = (trunc_ln112 == 0)> <Delay = 0.36>
ST_6 : Operation 55 [1/1] (0.00ns)   --->   "%br_ln112 = br void %for.inc35.split26" [/home/simics/HMoE/HLS_HMoE/pseudo_block/run_3/src/pseudo_moe.cpp:112]   --->   Operation 55 'br' 'br_ln112' <Predicate = (trunc_ln112 == 0)> <Delay = 0.00>
ST_6 : Operation 56 [1/1] (0.36ns)   --->   "%store_ln112 = store i32 %exp_values_1, i32 %exp_values_3_1" [/home/simics/HMoE/HLS_HMoE/pseudo_block/run_3/src/pseudo_moe.cpp:112]   --->   Operation 56 'store' 'store_ln112' <Predicate = (trunc_ln112 == 3)> <Delay = 0.36>
ST_6 : Operation 57 [1/1] (0.00ns)   --->   "%br_ln112 = br void %for.inc35.split26" [/home/simics/HMoE/HLS_HMoE/pseudo_block/run_3/src/pseudo_moe.cpp:112]   --->   Operation 57 'br' 'br_ln112' <Predicate = (trunc_ln112 == 3)> <Delay = 0.00>

State 7 <SV = 6> <Delay = 6.04>
ST_7 : Operation 58 [1/1] (0.00ns)   --->   "%exp_sum_load = load i32 %exp_sum" [/home/simics/HMoE/HLS_HMoE/pseudo_block/run_3/src/pseudo_moe.cpp:113]   --->   Operation 58 'load' 'exp_sum_load' <Predicate = true> <Delay = 0.00>
ST_7 : Operation 59 [2/2] (6.04ns)   --->   "%exp_sum_1 = fadd i32 %exp_sum_load, i32 %exp_values_1" [/home/simics/HMoE/HLS_HMoE/pseudo_block/run_3/src/pseudo_moe.cpp:113]   --->   Operation 59 'fadd' 'exp_sum_1' <Predicate = true> <Delay = 6.04> <CoreInst = "FAddSub_fulldsp">   --->   Core 18 'FAddSub_fulldsp' <Latency = 1> <II = 1> <Delay = 6.04> <FuncUnit> <Opcode : 'fadd' 'fsub'> <InPorts = 2> <OutPorts = 1>
ST_7 : Operation 63 [1/1] (0.00ns)   --->   "%exp_sum_load_1 = load i32 %exp_sum"   --->   Operation 63 'load' 'exp_sum_load_1' <Predicate = (icmp_ln111)> <Delay = 0.00>
ST_7 : Operation 64 [1/1] (0.00ns)   --->   "%exp_values_0_1_load = load i32 %exp_values_0_1"   --->   Operation 64 'load' 'exp_values_0_1_load' <Predicate = (icmp_ln111)> <Delay = 0.00>
ST_7 : Operation 65 [1/1] (0.00ns)   --->   "%exp_values_1_1_load = load i32 %exp_values_1_1"   --->   Operation 65 'load' 'exp_values_1_1_load' <Predicate = (icmp_ln111)> <Delay = 0.00>
ST_7 : Operation 66 [1/1] (0.00ns)   --->   "%exp_values_2_1_load = load i32 %exp_values_2_1"   --->   Operation 66 'load' 'exp_values_2_1_load' <Predicate = (icmp_ln111)> <Delay = 0.00>
ST_7 : Operation 67 [1/1] (0.00ns)   --->   "%exp_values_3_1_load = load i32 %exp_values_3_1"   --->   Operation 67 'load' 'exp_values_3_1_load' <Predicate = (icmp_ln111)> <Delay = 0.00>
ST_7 : Operation 68 [1/1] (0.00ns)   --->   "%write_ln0 = write void @_ssdm_op_Write.ap_auto.floatP0A, i32 %exp_values_3_1_out, i32 %exp_values_3_1_load"   --->   Operation 68 'write' 'write_ln0' <Predicate = (icmp_ln111)> <Delay = 0.00>
ST_7 : Operation 69 [1/1] (0.00ns)   --->   "%write_ln0 = write void @_ssdm_op_Write.ap_auto.floatP0A, i32 %exp_values_2_1_out, i32 %exp_values_2_1_load"   --->   Operation 69 'write' 'write_ln0' <Predicate = (icmp_ln111)> <Delay = 0.00>
ST_7 : Operation 70 [1/1] (0.00ns)   --->   "%write_ln0 = write void @_ssdm_op_Write.ap_auto.floatP0A, i32 %exp_values_1_1_out, i32 %exp_values_1_1_load"   --->   Operation 70 'write' 'write_ln0' <Predicate = (icmp_ln111)> <Delay = 0.00>
ST_7 : Operation 71 [1/1] (0.00ns)   --->   "%write_ln0 = write void @_ssdm_op_Write.ap_auto.floatP0A, i32 %exp_values_0_1_out, i32 %exp_values_0_1_load"   --->   Operation 71 'write' 'write_ln0' <Predicate = (icmp_ln111)> <Delay = 0.00>
ST_7 : Operation 72 [1/1] (0.00ns)   --->   "%write_ln0 = write void @_ssdm_op_Write.ap_auto.floatP0A, i32 %exp_sum_out, i32 %exp_sum_load_1"   --->   Operation 72 'write' 'write_ln0' <Predicate = (icmp_ln111)> <Delay = 0.00>
ST_7 : Operation 73 [1/1] (0.00ns)   --->   "%ret_ln0 = ret"   --->   Operation 73 'ret' 'ret_ln0' <Predicate = (icmp_ln111)> <Delay = 0.00>

State 8 <SV = 7> <Delay = 6.40>
ST_8 : Operation 60 [1/2] (6.04ns)   --->   "%exp_sum_1 = fadd i32 %exp_sum_load, i32 %exp_values_1" [/home/simics/HMoE/HLS_HMoE/pseudo_block/run_3/src/pseudo_moe.cpp:113]   --->   Operation 60 'fadd' 'exp_sum_1' <Predicate = true> <Delay = 6.04> <CoreInst = "FAddSub_fulldsp">   --->   Core 18 'FAddSub_fulldsp' <Latency = 1> <II = 1> <Delay = 6.04> <FuncUnit> <Opcode : 'fadd' 'fsub'> <InPorts = 2> <OutPorts = 1>
ST_8 : Operation 61 [1/1] (0.36ns)   --->   "%store_ln109 = store i32 %exp_sum_1, i32 %exp_sum" [/home/simics/HMoE/HLS_HMoE/pseudo_block/run_3/src/pseudo_moe.cpp:109]   --->   Operation 61 'store' 'store_ln109' <Predicate = true> <Delay = 0.36>
ST_8 : Operation 62 [1/1] (0.00ns)   --->   "%br_ln111 = br void %for.inc35" [/home/simics/HMoE/HLS_HMoE/pseudo_block/run_3/src/pseudo_moe.cpp:111]   --->   Operation 62 'br' 'br_ln111' <Predicate = true> <Delay = 0.00>


============================================================
+ Verbose Summary: Timing violations
============================================================
Target clock period: 10.000ns, clock uncertainty: 2.700ns.

 <State 1>: 6.829ns
The critical path consists of the following:
	'store' operation 0 bit ('store_ln111', /home/simics/HMoE/HLS_HMoE/pseudo_block/run_3/src/pseudo_moe.cpp:111) of constant 0 on local variable 'e', /home/simics/HMoE/HLS_HMoE/pseudo_block/run_3/src/pseudo_moe.cpp:111 [34]  (0.362 ns)
	'load' operation 3 bit ('e', /home/simics/HMoE/HLS_HMoE/pseudo_block/run_3/src/pseudo_moe.cpp:112) on local variable 'e', /home/simics/HMoE/HLS_HMoE/pseudo_block/run_3/src/pseudo_moe.cpp:111 [38]  (0.000 ns)
	'mux' operation 32 bit ('tmp', /home/simics/HMoE/HLS_HMoE/pseudo_block/run_3/src/pseudo_moe.cpp:112) [47]  (0.420 ns)
	'fsub' operation 32 bit ('sub', /home/simics/HMoE/HLS_HMoE/pseudo_block/run_3/src/pseudo_moe.cpp:112) [48]  (6.047 ns)

 <State 2>: 6.047ns
The critical path consists of the following:
	'fsub' operation 32 bit ('sub', /home/simics/HMoE/HLS_HMoE/pseudo_block/run_3/src/pseudo_moe.cpp:112) [48]  (6.047 ns)

 <State 3>: 6.282ns
The critical path consists of the following:
	'fexp' operation 32 bit ('exp_values[1]', /home/simics/HMoE/HLS_HMoE/pseudo_block/run_3/src/pseudo_moe.cpp:112) [49]  (6.282 ns)

 <State 4>: 6.282ns
The critical path consists of the following:
	'fexp' operation 32 bit ('exp_values[1]', /home/simics/HMoE/HLS_HMoE/pseudo_block/run_3/src/pseudo_moe.cpp:112) [49]  (6.282 ns)

 <State 5>: 6.282ns
The critical path consists of the following:
	'fexp' operation 32 bit ('exp_values[1]', /home/simics/HMoE/HLS_HMoE/pseudo_block/run_3/src/pseudo_moe.cpp:112) [49]  (6.282 ns)

 <State 6>: 6.644ns
The critical path consists of the following:
	'fexp' operation 32 bit ('exp_values[1]', /home/simics/HMoE/HLS_HMoE/pseudo_block/run_3/src/pseudo_moe.cpp:112) [49]  (6.282 ns)
	'store' operation 0 bit ('store_ln112', /home/simics/HMoE/HLS_HMoE/pseudo_block/run_3/src/pseudo_moe.cpp:112) of variable 'exp_values[1]', /home/simics/HMoE/HLS_HMoE/pseudo_block/run_3/src/pseudo_moe.cpp:112 on local variable 'exp_values_2_1' [52]  (0.362 ns)

 <State 7>: 6.047ns
The critical path consists of the following:
	'load' operation 32 bit ('exp_sum_load', /home/simics/HMoE/HLS_HMoE/pseudo_block/run_3/src/pseudo_moe.cpp:113) on local variable 'exp_sum', /home/simics/HMoE/HLS_HMoE/pseudo_block/run_3/src/pseudo_moe.cpp:109 [64]  (0.000 ns)
	'fadd' operation 32 bit ('exp_sum', /home/simics/HMoE/HLS_HMoE/pseudo_block/run_3/src/pseudo_moe.cpp:113) [65]  (6.047 ns)

 <State 8>: 6.409ns
The critical path consists of the following:
	'fadd' operation 32 bit ('exp_sum', /home/simics/HMoE/HLS_HMoE/pseudo_block/run_3/src/pseudo_moe.cpp:113) [65]  (6.047 ns)
	'store' operation 0 bit ('store_ln109', /home/simics/HMoE/HLS_HMoE/pseudo_block/run_3/src/pseudo_moe.cpp:109) of variable 'exp_sum', /home/simics/HMoE/HLS_HMoE/pseudo_block/run_3/src/pseudo_moe.cpp:113 on local variable 'exp_sum', /home/simics/HMoE/HLS_HMoE/pseudo_block/run_3/src/pseudo_moe.cpp:109 [67]  (0.362 ns)


============================================================
+ Verbose Summary: Binding
============================================================
N/A
* FSMD analyzer results:
  - Output states:
 - Input state : 
  - Chain level:
	State 1
	State 2
	State 3
	State 4
	State 5
	State 6
	State 7
	State 8


============================================================
+ Verbose Summary: Datapath Resource usage 
============================================================
N/A
