

================================================================
== Vitis HLS Report for 'pseudo_moe_Pipeline_VITIS_LOOP_121_6'
================================================================
* Date:           Sun Sep 20 17:32:43 2026

* Version:        2023.2 (Build 4023990 on Oct 11 2023)
* Project:        project
* Solution:       solution1 (Vivado IP Flow Target)
* Product family: virtexuplus
* Target device:  xcvu13p_CIV-figd2104-3-e


================================================================
== Performance Estimates
================================================================
+ Timing: 
    * Summary: 
    +--------+----------+----------+------------+
    |  Clock |  Target  | Estimated| Uncertainty|
    +--------+----------+----------+------------+
    |ap_clk  |  10.00 ns|  7.300 ns|     2.70 ns|
    +--------+----------+----------+------------+

+ Latency: 
    * Summary: 
    +---------+---------+----------+----------+-----+-----+---------+
    |  Latency (cycles) |  Latency (absolute) |  Interval | Pipeline|
    |   min   |   max   |    min   |    max   | min | max |   Type  |
    +---------+---------+----------+----------+-----+-----+---------+
    |       66|       66|  0.660 us|  0.660 us|   66|   66|       no|
    +---------+---------+----------+----------+-----+-----+---------+

    + Detail: 
        * Instance: 
        N/A

        * Loop: 
        +--------------------+---------+---------+----------+-----------+-----------+------+----------+
        |                    |  Latency (cycles) | Iteration|  Initiation Interval  | Trip |          |
        |      Loop Name     |   min   |   max   |  Latency |  achieved |   target  | Count| Pipelined|
        +--------------------+---------+---------+----------+-----------+-----------+------+----------+
        |- VITIS_LOOP_121_6  |       64|       64|         2|          1|          1|    64|       yes|
        +--------------------+---------+---------+----------+-----------+-----------+------+----------+



================================================================
== Utilization Estimates
================================================================
* Summary: 
+---------------------+---------+-------+---------+---------+------+
|         Name        | BRAM_18K|  DSP  |    FF   |   LUT   | URAM |
+---------------------+---------+-------+---------+---------+------+
|DSP                  |        -|      -|        -|        -|     -|
|Expression           |        -|      -|        0|       33|     -|
|FIFO                 |        -|      -|        -|        -|     -|
|Instance             |        -|      -|        -|        -|     -|
|Memory               |        -|      -|        -|        -|     -|
|Multiplexer          |        -|      -|        -|       45|     -|
|Register             |        -|      -|       10|        -|     -|
+---------------------+---------+-------+---------+---------+------+
|Total                |        0|      0|       10|       78|     0|
+---------------------+---------+-------+---------+---------+------+
|Available SLR        |     1344|   3072|   864000|   432000|   320|
+---------------------+---------+-------+---------+---------+------+
|Utilization SLR (%)  |        0|      0|       ~0|       ~0|     0|
+---------------------+---------+-------+---------+---------+------+
|Available            |     5376|  12288|  3456000|  1728000|  1280|
+---------------------+---------+-------+---------+---------+------+
|Utilization (%)      |        0|      0|       ~0|       ~0|     0|
+---------------------+---------+-------+---------+---------+------+

+ Detail: 
    * Instance: 
    N/A

    * DSP: 
    N/A

    * Memory: 
    N/A

    * FIFO: 
    N/A

    * Expression: 
    +---------------------------+----------+----+---+----+------------+------------+
    |       Variable Name       | Operation| DSP| FF| LUT| Bitwidth P0| Bitwidth P1|
    +---------------------------+----------+----+---+----+------------+------------+
    |add_ln121_fu_83_p2         |         +|   0|  0|  14|           7|           1|
    |ap_block_pp0_stage0_11001  |       and|   0|  0|   2|           1|           1|
    |icmp_ln121_fu_77_p2        |      icmp|   0|  0|  15|           7|           8|
    |ap_enable_pp0              |       xor|   0|  0|   2|           1|           2|
    +---------------------------+----------+----+---+----+------------+------------+
    |Total                      |          |   0|  0|  33|          16|          12|
    +---------------------------+----------+----+---+----+------------+------------+

    * Multiplexer: 
    +-------------------------+----+-----------+-----+-----------+
    |           Name          | LUT| Input Size| Bits| Total Bits|
    +-------------------------+----+-----------+-----+-----------+
    |ap_done_int              |   9|          2|    1|          2|
    |ap_enable_reg_pp0_iter1  |   9|          2|    1|          2|
    |ap_sig_allocacmp_d_1     |   9|          2|    7|         14|
    |d_fu_46                  |   9|          2|    7|         14|
    |gmem12_blk_n_W           |   9|          2|    1|          2|
    +-------------------------+----+-----------+-----+-----------+
    |Total                    |  45|         10|   17|         34|
    +-------------------------+----+-----------+-----+-----------+

    * Register: 
    +-------------------------+---+----+-----+-----------+
    |           Name          | FF| LUT| Bits| Const Bits|
    +-------------------------+---+----+-----+-----------+
    |ap_CS_fsm                |  1|   0|    1|          0|
    |ap_done_reg              |  1|   0|    1|          0|
    |ap_enable_reg_pp0_iter1  |  1|   0|    1|          0|
    |d_fu_46                  |  7|   0|    7|          0|
    +-------------------------+---+----+-----+-----------+
    |Total                    | 10|   0|   10|          0|
    +-------------------------+---+----+-----+-----------+



================================================================
== Interface
================================================================
* Summary: 
+-----------------------+-----+-----+------------+--------------------------------------+--------------+
|       RTL Ports       | Dir | Bits|  Protocol  |             Source Object            |    C Type    |
+-----------------------+-----+-----+------------+--------------------------------------+--------------+
|ap_clk                 |   in|    1|  ap_ctrl_hs|  pseudo_moe_Pipeline_VITIS_LOOP_121_6|  return value|
|ap_rst                 |   in|    1|  ap_ctrl_hs|  pseudo_moe_Pipeline_VITIS_LOOP_121_6|  return value|
|ap_start               |   in|    1|  ap_ctrl_hs|  pseudo_moe_Pipeline_VITIS_LOOP_121_6|  return value|
|ap_done                |  out|    1|  ap_ctrl_hs|  pseudo_moe_Pipeline_VITIS_LOOP_121_6|  return value|
|ap_idle                |  out|    1|  ap_ctrl_hs|  pseudo_moe_Pipeline_VITIS_LOOP_121_6|  return value|
|ap_ready               |  out|    1|  ap_ctrl_hs|  pseudo_moe_Pipeline_VITIS_LOOP_121_6|  return value|
|m_axi_gmem12_AWVALID   |  out|    1|       m_axi|                                gmem12|       pointer|
|m_axi_gmem12_AWREADY   |   in|    1|       m_axi|                                gmem12|       pointer|
|m_axi_gmem12_AWADDR    |  out|   64|       m_axi|                                gmem12|       pointer|
|m_axi_gmem12_AWID      |  out|    1|       m_axi|                                gmem12|       pointer|
|m_axi_gmem12_AWLEN     |  out|   32|       m_axi|                                gmem12|       pointer|
|m_axi_gmem12_AWSIZE    |  out|    3|       m_axi|                                gmem12|       pointer|
|m_axi_gmem12_AWBURST   |  out|    2|       m_axi|                                gmem12|       pointer|
|m_axi_gmem12_AWLOCK    |  out|    2|       m_axi|                                gmem12|       pointer|
|m_axi_gmem12_AWCACHE   |  out|    4|       m_axi|                                gmem12|       pointer|
|m_axi_gmem12_AWPROT    |  out|    3|       m_axi|                                gmem12|       pointer|
|m_axi_gmem12_AWQOS     |  out|    4|       m_axi|                                gmem12|       pointer|
|m_axi_gmem12_AWREGION  |  out|    4|       m_axi|                                gmem12|       pointer|
|m_axi_gmem12_AWUSER    |  out|    1|       m_axi|                                gmem12|       pointer|
|m_axi_gmem12_WVALID    |  out|    1|       m_axi|                                gmem12|       pointer|
|m_axi_gmem12_WREADY    |   in|    1|       m_axi|                                gmem12|       pointer|
|m_axi_gmem12_WDATA     |  out|   32|       m_axi|                                gmem12|       pointer|
|m_axi_gmem12_WSTRB     |  out|    4|       m_axi|                                gmem12|       pointer|
|m_axi_gmem12_WLAST     |  out|    1|       m_axi|                                gmem12|       pointer|
|m_axi_gmem12_WID       |  out|    1|       m_axi|                                gmem12|       pointer|
|m_axi_gmem12_WUSER     |  out|    1|       m_axi|                                gmem12|       pointer|
|m_axi_gmem12_ARVALID   |  out|    1|       m_axi|                                gmem12|       pointer|
|m_axi_gmem12_ARREADY   |   in|    1|       m_axi|                                gmem12|       pointer|
|m_axi_gmem12_ARADDR    |  out|   64|       m_axi|                                gmem12|       pointer|
|m_axi_gmem12_ARID      |  out|    1|       m_axi|                                gmem12|       pointer|
|m_axi_gmem12_ARLEN     |  out|   32|       m_axi|                                gmem12|       pointer|
|m_axi_gmem12_ARSIZE    |  out|    3|       m_axi|                                gmem12|       pointer|
|m_axi_gmem12_ARBURST   |  out|    2|       m_axi|                                gmem12|       pointer|
|m_axi_gmem12_ARLOCK    |  out|    2|       m_axi|                                gmem12|       pointer|
|m_axi_gmem12_ARCACHE   |  out|    4|       m_axi|                                gmem12|       pointer|
|m_axi_gmem12_ARPROT    |  out|    3|       m_axi|                                gmem12|       pointer|
|m_axi_gmem12_ARQOS     |  out|    4|       m_axi|                                gmem12|       pointer|
|m_axi_gmem12_ARREGION  |  out|    4|       m_axi|                                gmem12|       pointer|
|m_axi_gmem12_ARUSER    |  out|    1|       m_axi|                                gmem12|       pointer|
|m_axi_gmem12_RVALID    |   in|    1|       m_axi|                                gmem12|       pointer|
|m_axi_gmem12_RREADY    |  out|    1|       m_axi|                                gmem12|       pointer|
|m_axi_gmem12_RDATA     |   in|   32|       m_axi|                                gmem12|       pointer|
|m_axi_gmem12_RLAST     |   in|    1|       m_axi|                                gmem12|       pointer|
|m_axi_gmem12_RID       |   in|    1|       m_axi|                                gmem12|       pointer|
|m_axi_gmem12_RFIFONUM  |   in|    9|       m_axi|                                gmem12|       pointer|
|m_axi_gmem12_RUSER     |   in|    1|       m_axi|                                gmem12|       pointer|
|m_axi_gmem12_RRESP     |   in|    2|       m_axi|                                gmem12|       pointer|
|m_axi_gmem12_BVALID    |   in|    1|       m_axi|                                gmem12|       pointer|
|m_axi_gmem12_BREADY    |  out|    1|       m_axi|                                gmem12|       pointer|
|m_axi_gmem12_BRESP     |   in|    2|       m_axi|                                gmem12|       pointer|
|m_axi_gmem12_BID       |   in|    1|       m_axi|                                gmem12|       pointer|
|m_axi_gmem12_BUSER     |   in|    1|       m_axi|                                gmem12|       pointer|
|sext_ln121             |   in|   62|     ap_none|                            sext_ln121|        scalar|
+-----------------------+-----+-----+------------+--------------------------------------+--------------+

============================================================
+ Verbose Summary: Synthesis Manager
============================================================
InlineROM: 1
ExposeGlobal: 0
============================================================
+ Verbose Summary: CDFG Model
============================================================
IsTopModel: 0
ResetActiveHigh: 1
IsCombinational: 2
IsDatapathOnly: 2
HasWiredReturn: 1
HasMFsm: 2
HasVarLatency: 1
IsPipeline: 0
IsRtlPipelined: 0
IsInstanceOverlapped: 0
IsDontTouch: 0
HasImplIP: 0
IsGatedGlobalClock: 0

+ Individual pipeline summary: 
  * Pipeline-0: initiation interval (II) = 1, depth = 2


============================================================
+ Verbose Summary: Schedule
============================================================
* Number of FSM states : 2
* Pipeline : 1
  Pipeline-0 : II = 1, D = 2, States = { 1 2 }
* Dataflow Pipeline: 0

* FSM state transitions: 
1 --> 2 
2 --> 

* FSM state operations: 

State 1 <SV = 0> <Delay = 1.37>
ST_1 : Operation 5 [1/1] (0.00ns)   --->   "%d = alloca i32 1" [/home/simics/HMoE/HLS_HMoE/pseudo_block/run_3/src/pseudo_moe.cpp:121]   --->   Operation 5 'alloca' 'd' <Predicate = true> <Delay = 0.00>
ST_1 : Operation 6 [1/1] (0.00ns)   --->   "%sext_ln121_read = read i62 @_ssdm_op_Read.ap_auto.i62, i62 %sext_ln121"   --->   Operation 6 'read' 'sext_ln121_read' <Predicate = true> <Delay = 0.00>
ST_1 : Operation 7 [1/1] (0.00ns)   --->   "%sext_ln121_cast = sext i62 %sext_ln121_read"   --->   Operation 7 'sext' 'sext_ln121_cast' <Predicate = true> <Delay = 0.00>
ST_1 : Operation 8 [1/1] (0.00ns)   --->   "%specinterface_ln0 = specinterface void @_ssdm_op_SpecInterface, i32 %gmem12, void @empty_17, i32 0, i32 0, void @empty_32, i32 0, i32 0, void @empty_9, void @empty_31, void @empty_32, i32 16, i32 16, i32 16, i32 16, void @empty_32, void @empty_32, i32 4294967295, i32 0"   --->   Operation 8 'specinterface' 'specinterface_ln0' <Predicate = true> <Delay = 0.00>
ST_1 : Operation 9 [1/1] (0.36ns)   --->   "%store_ln121 = store i7 0, i7 %d" [/home/simics/HMoE/HLS_HMoE/pseudo_block/run_3/src/pseudo_moe.cpp:121]   --->   Operation 9 'store' 'store_ln121' <Predicate = true> <Delay = 0.36>
ST_1 : Operation 10 [1/1] (0.00ns)   --->   "%br_ln0 = br void %for.inc61"   --->   Operation 10 'br' 'br_ln0' <Predicate = true> <Delay = 0.00>
ST_1 : Operation 11 [1/1] (0.00ns)   --->   "%d_1 = load i7 %d" [/home/simics/HMoE/HLS_HMoE/pseudo_block/run_3/src/pseudo_moe.cpp:121]   --->   Operation 11 'load' 'd_1' <Predicate = true> <Delay = 0.00>
ST_1 : Operation 12 [1/1] (0.00ns)   --->   "%specbitsmap_ln0 = specbitsmap void @_ssdm_op_SpecBitsMap, i32 %gmem12"   --->   Operation 12 'specbitsmap' 'specbitsmap_ln0' <Predicate = true> <Delay = 0.00>
ST_1 : Operation 13 [1/1] (0.65ns)   --->   "%icmp_ln121 = icmp_eq  i7 %d_1, i7 64" [/home/simics/HMoE/HLS_HMoE/pseudo_block/run_3/src/pseudo_moe.cpp:121]   --->   Operation 13 'icmp' 'icmp_ln121' <Predicate = true> <Delay = 0.65> <CoreInst = "Cmp">   --->   Core 9 'Cmp' <Latency = 0> <II = 1> <Delay = 0.65> <FuncUnit> <Opcode : 'icmp'> <InPorts = 2> <OutPorts = 1>
ST_1 : Operation 14 [1/1] (0.65ns)   --->   "%add_ln121 = add i7 %d_1, i7 1" [/home/simics/HMoE/HLS_HMoE/pseudo_block/run_3/src/pseudo_moe.cpp:121]   --->   Operation 14 'add' 'add_ln121' <Predicate = true> <Delay = 0.65> <CoreInst = "Adder">   --->   Core 1 'Adder' <Latency = 0> <II = 1> <Delay = 0.65> <FuncUnit> <Opcode : 'add' 'sub'> <InPorts = 2> <OutPorts = 1>
ST_1 : Operation 15 [1/1] (0.00ns)   --->   "%br_ln121 = br i1 %icmp_ln121, void %for.inc61.split, void %VITIS_LOOP_128_7.exitStub" [/home/simics/HMoE/HLS_HMoE/pseudo_block/run_3/src/pseudo_moe.cpp:121]   --->   Operation 15 'br' 'br_ln121' <Predicate = true> <Delay = 0.00>
ST_1 : Operation 16 [1/1] (0.36ns)   --->   "%store_ln121 = store i7 %add_ln121, i7 %d" [/home/simics/HMoE/HLS_HMoE/pseudo_block/run_3/src/pseudo_moe.cpp:121]   --->   Operation 16 'store' 'store_ln121' <Predicate = (!icmp_ln121)> <Delay = 0.36>
ST_1 : Operation 23 [1/1] (0.00ns)   --->   "%ret_ln0 = ret"   --->   Operation 23 'ret' 'ret_ln0' <Predicate = (icmp_ln121)> <Delay = 0.00>

State 2 <SV = 1> <Delay = 7.30>
ST_2 : Operation 17 [1/1] (0.00ns)   --->   "%gmem12_addr = getelementptr i32 %gmem12, i64 %sext_ln121_cast" [/home/simics/HMoE/HLS_HMoE/pseudo_block/run_3/src/pseudo_moe.cpp:121]   --->   Operation 17 'getelementptr' 'gmem12_addr' <Predicate = true> <Delay = 0.00>
ST_2 : Operation 18 [1/1] (0.00ns)   --->   "%specpipeline_ln121 = specpipeline void @_ssdm_op_SpecPipeline, i32 4294967295, i32 0, i32 0, i32 0, void @empty_32" [/home/simics/HMoE/HLS_HMoE/pseudo_block/run_3/src/pseudo_moe.cpp:121]   --->   Operation 18 'specpipeline' 'specpipeline_ln121' <Predicate = true> <Delay = 0.00>
ST_2 : Operation 19 [1/1] (0.00ns)   --->   "%speclooptripcount_ln121 = speclooptripcount void @_ssdm_op_SpecLoopTripCount, i64 64, i64 64, i64 64" [/home/simics/HMoE/HLS_HMoE/pseudo_block/run_3/src/pseudo_moe.cpp:121]   --->   Operation 19 'speclooptripcount' 'speclooptripcount_ln121' <Predicate = true> <Delay = 0.00>
ST_2 : Operation 20 [1/1] (0.00ns)   --->   "%specloopname_ln121 = specloopname void @_ssdm_op_SpecLoopName, void @empty_34" [/home/simics/HMoE/HLS_HMoE/pseudo_block/run_3/src/pseudo_moe.cpp:121]   --->   Operation 20 'specloopname' 'specloopname_ln121' <Predicate = true> <Delay = 0.00>
ST_2 : Operation 21 [1/1] (7.30ns)   --->   "%write_ln122 = write void @_ssdm_op_Write.m_axi.p1i32, i64 %gmem12_addr, i32 0, i4 15" [/home/simics/HMoE/HLS_HMoE/pseudo_block/run_3/src/pseudo_moe.cpp:122]   --->   Operation 21 'write' 'write_ln122' <Predicate = true> <Delay = 7.30> <CoreInst = "m_axi">   --->   Core 121 'm_axi' <Latency = 0> <II = 1> <Delay = 1.00> <Adapter> <Opcode : 'read' 'write' 'readreq' 'writereq' 'writeresp'>
ST_2 : Operation 22 [1/1] (0.00ns)   --->   "%br_ln121 = br void %for.inc61" [/home/simics/HMoE/HLS_HMoE/pseudo_block/run_3/src/pseudo_moe.cpp:121]   --->   Operation 22 'br' 'br_ln121' <Predicate = true> <Delay = 0.00>


============================================================
+ Verbose Summary: Binding
============================================================
STG Binding: 
---------------- STG Properties BEGIN ----------------
- Is combinational: 0
- Is one-state seq: 0
- Is datapath-only: 0
- Is pipelined: 0
- Is top level: 0
Port [ Return ] is wired: 1; IO mode=ap_ctrl_hs:ce=0
Port [ gmem12]:  wired=1; compound=1; hidden=0; nouse=0; global=0; static=0; extern=0; dir=1; type=4; pingpong=0; private_global=0; IO mode=m_axi:ce=0
Port [ sext_ln121]:  wired=1; compound=0; hidden=0; nouse=0; global=0; static=0; extern=0; dir=0; type=0; pingpong=0; private_global=0; IO mode=ap_none:ce=0
---------------- STG Properties END ------------------

---------------- Datapath Model BEGIN ----------------

<LifeTime>
<method=bitvector/>
d                       (alloca           ) [ 010]
sext_ln121_read         (read             ) [ 000]
sext_ln121_cast         (sext             ) [ 011]
specinterface_ln0       (specinterface    ) [ 000]
store_ln121             (store            ) [ 000]
br_ln0                  (br               ) [ 000]
d_1                     (load             ) [ 000]
specbitsmap_ln0         (specbitsmap      ) [ 000]
icmp_ln121              (icmp             ) [ 010]
add_ln121               (add              ) [ 000]
br_ln121                (br               ) [ 000]
store_ln121             (store            ) [ 000]
gmem12_addr             (getelementptr    ) [ 000]
specpipeline_ln121      (specpipeline     ) [ 000]
speclooptripcount_ln121 (speclooptripcount) [ 000]
specloopname_ln121      (specloopname     ) [ 000]
write_ln122             (write            ) [ 000]
br_ln121                (br               ) [ 000]
ret_ln0                 (ret              ) [ 000]
</LifeTime>

<model>

<comp_list>
<comp id="0" class="1000" name="gmem12">
<pin_list>
<pin id="1" dir="1" index="0" bw="1" slack="0"/>
</pin_list>
<bind>
<StgValue><ssdm name="gmem12"/></StgValue>
</bind>
</comp>

<comp id="2" class="1000" name="sext_ln121">
<pin_list>
<pin id="3" dir="1" index="0" bw="1" slack="0"/>
</pin_list>
<bind>
<StgValue><ssdm name="sext_ln121"/></StgValue>
</bind>
</comp>

<comp id="4" class="1001" name="const_4">
<pin_list>
<pin id="5" dir="1" index="0" bw="1" slack="0"/>
</pin_list>
<bind>
<StgValue><ssdm name=""/></StgValue>
</bind>
</comp>

<comp id="6" class="1001" name="const_6">
<pin_list>
<pin id="7" dir="1" index="0" bw="1" slack="0"/>
</pin_list>
<bind>
<StgValue><ssdm name="_ssdm_op_Read.ap_auto.i62"/></StgValue>
</bind>
</comp>

<comp id="8" class="1001" name="const_8">
<pin_list>
<pin id="9" dir="1" index="0" bw="1" slack="2147483647"/>
</pin_list>
<bind>
<StgValue><ssdm name="_ssdm_op_SpecInterface"/></StgValue>
</bind>
</comp>

<comp id="10" class="1001" name="const_10">
<pin_list>
<pin id="11" dir="1" index="0" bw="1" slack="2147483647"/>
</pin_list>
<bind>
<StgValue><ssdm name="empty_17"/></StgValue>
</bind>
</comp>

<comp id="12" class="1001" name="const_12">
<pin_list>
<pin id="13" dir="1" index="0" bw="1" slack="0"/>
</pin_list>
<bind>
<StgValue><ssdm name=""/></StgValue>
</bind>
</comp>

<comp id="14" class="1001" name="const_14">
<pin_list>
<pin id="15" dir="1" index="0" bw="1" slack="2147483647"/>
</pin_list>
<bind>
<StgValue><ssdm name="empty_32"/></StgValue>
</bind>
</comp>

<comp id="16" class="1001" name="const_16">
<pin_list>
<pin id="17" dir="1" index="0" bw="1" slack="2147483647"/>
</pin_list>
<bind>
<StgValue><ssdm name="empty_9"/></StgValue>
</bind>
</comp>

<comp id="18" class="1001" name="const_18">
<pin_list>
<pin id="19" dir="1" index="0" bw="1" slack="2147483647"/>
</pin_list>
<bind>
<StgValue><ssdm name="empty_31"/></StgValue>
</bind>
</comp>

<comp id="20" class="1001" name="const_20">
<pin_list>
<pin id="21" dir="1" index="0" bw="1" slack="2147483647"/>
</pin_list>
<bind>
<StgValue><ssdm name=""/></StgValue>
</bind>
</comp>

<comp id="22" class="1001" name="const_22">
<pin_list>
<pin id="23" dir="1" index="0" bw="1" slack="2147483647"/>
</pin_list>
<bind>
<StgValue><ssdm name=""/></StgValue>
</bind>
</comp>

<comp id="24" class="1001" name="const_24">
<pin_list>
<pin id="25" dir="1" index="0" bw="1" slack="0"/>
</pin_list>
<bind>
<StgValue><ssdm name=""/></StgValue>
</bind>
</comp>

<comp id="26" class="1001" name="const_26">
<pin_list>
<pin id="27" dir="1" index="0" bw="1" slack="2147483647"/>
</pin_list>
<bind>
<StgValue><ssdm name="_ssdm_op_SpecBitsMap"/></StgValue>
</bind>
</comp>

<comp id="28" class="1001" name="const_28">
<pin_list>
<pin id="29" dir="1" index="0" bw="1" slack="0"/>
</pin_list>
<bind>
<StgValue><ssdm name=""/></StgValue>
</bind>
</comp>

<comp id="30" class="1001" name="const_30">
<pin_list>
<pin id="31" dir="1" index="0" bw="1" slack="0"/>
</pin_list>
<bind>
<StgValue><ssdm name=""/></StgValue>
</bind>
</comp>

<comp id="32" class="1001" name="const_32">
<pin_list>
<pin id="33" dir="1" index="0" bw="1" slack="2147483647"/>
</pin_list>
<bind>
<StgValue><ssdm name="_ssdm_op_SpecPipeline"/></StgValue>
</bind>
</comp>

<comp id="34" class="1001" name="const_34">
<pin_list>
<pin id="35" dir="1" index="0" bw="1" slack="2147483647"/>
</pin_list>
<bind>
<StgValue><ssdm name="_ssdm_op_SpecLoopTripCount"/></StgValue>
</bind>
</comp>

<comp id="36" class="1001" name="const_36">
<pin_list>
<pin id="37" dir="1" index="0" bw="1" slack="2147483647"/>
</pin_list>
<bind>
<StgValue><ssdm name=""/></StgValue>
</bind>
</comp>

<comp id="38" class="1001" name="const_38">
<pin_list>
<pin id="39" dir="1" index="0" bw="1" slack="2147483647"/>
</pin_list>
<bind>
<StgValue><ssdm name="_ssdm_op_SpecLoopName"/></StgValue>
</bind>
</comp>

<comp id="40" class="1001" name="const_40">
<pin_list>
<pin id="41" dir="1" index="0" bw="1" slack="2147483647"/>
</pin_list>
<bind>
<StgValue><ssdm name="empty_34"/></StgValue>
</bind>
</comp>

<comp id="42" class="1001" name="const_42">
<pin_list>
<pin id="43" dir="1" index="0" bw="1" slack="0"/>
</pin_list>
<bind>
<StgValue><ssdm name="_ssdm_op_Write.m_axi.p1i32"/></StgValue>
</bind>
</comp>

<comp id="44" class="1001" name="const_44">
<pin_list>
<pin id="45" dir="1" index="0" bw="1" slack="0"/>
</pin_list>
<bind>
<StgValue><ssdm name=""/></StgValue>
</bind>
</comp>

<comp id="46" class="1004" name="d_fu_46">
<pin_list>
<pin id="47" dir="0" index="0" bw="1" slack="0"/>
<pin id="48" dir="1" index="1" bw="7" slack="0"/>
</pin_list>
<bind>
<opcode="alloca(26) " fcode="alloca"/>
<opset="d/1 "/>
</bind>
</comp>

<comp id="50" class="1004" name="sext_ln121_read_read_fu_50">
<pin_list>
<pin id="51" dir="0" index="0" bw="62" slack="0"/>
<pin id="52" dir="0" index="1" bw="62" slack="0"/>
<pin id="53" dir="1" index="2" bw="62" slack="0"/>
</pin_list>
<bind>
<opcode="read(1150) " fcode="read"/>
<opset="sext_ln121_read/1 "/>
</bind>
</comp>

<comp id="56" class="1004" name="write_ln122_write_fu_56">
<pin_list>
<pin id="57" dir="0" index="0" bw="0" slack="0"/>
<pin id="58" dir="0" index="1" bw="32" slack="0"/>
<pin id="59" dir="0" index="2" bw="1" slack="0"/>
<pin id="60" dir="0" index="3" bw="1" slack="0"/>
<pin id="61" dir="1" index="4" bw="0" slack="2147483647"/>
</pin_list>
<bind>
<opcode="write(1151) " fcode="write"/>
<opset="write_ln122/2 "/>
</bind>
</comp>

<comp id="65" class="1004" name="sext_ln121_cast_fu_65">
<pin_list>
<pin id="66" dir="0" index="0" bw="62" slack="0"/>
<pin id="67" dir="1" index="1" bw="64" slack="1"/>
</pin_list>
<bind>
<opcode="sext(35) " fcode="sext"/>
<opset="sext_ln121_cast/1 "/>
</bind>
</comp>

<comp id="69" class="1004" name="store_ln121_store_fu_69">
<pin_list>
<pin id="70" dir="0" index="0" bw="1" slack="0"/>
<pin id="71" dir="0" index="1" bw="7" slack="0"/>
<pin id="72" dir="1" index="2" bw="0" slack="2147483647"/>
</pin_list>
<bind>
<opcode="store(28) " fcode="store"/>
<opset="store_ln121/1 "/>
</bind>
</comp>

<comp id="74" class="1004" name="d_1_load_fu_74">
<pin_list>
<pin id="75" dir="0" index="0" bw="7" slack="0"/>
<pin id="76" dir="1" index="1" bw="7" slack="0"/>
</pin_list>
<bind>
<opcode="load(27) " fcode="load"/>
<opset="d_1/1 "/>
</bind>
</comp>

<comp id="77" class="1004" name="icmp_ln121_fu_77">
<pin_list>
<pin id="78" dir="0" index="0" bw="7" slack="0"/>
<pin id="79" dir="0" index="1" bw="7" slack="0"/>
<pin id="80" dir="1" index="2" bw="1" slack="2147483647"/>
</pin_list>
<bind>
<opcode="icmp(45) " fcode="icmp"/>
<opset="icmp_ln121/1 "/>
</bind>
</comp>

<comp id="83" class="1004" name="add_ln121_fu_83">
<pin_list>
<pin id="84" dir="0" index="0" bw="7" slack="0"/>
<pin id="85" dir="0" index="1" bw="1" slack="0"/>
<pin id="86" dir="1" index="2" bw="7" slack="0"/>
</pin_list>
<bind>
<opcode="add(8) " fcode="add"/>
<opset="add_ln121/1 "/>
</bind>
</comp>

<comp id="89" class="1004" name="store_ln121_store_fu_89">
<pin_list>
<pin id="90" dir="0" index="0" bw="7" slack="0"/>
<pin id="91" dir="0" index="1" bw="7" slack="0"/>
<pin id="92" dir="1" index="2" bw="0" slack="2147483647"/>
</pin_list>
<bind>
<opcode="store(28) " fcode="store"/>
<opset="store_ln121/1 "/>
</bind>
</comp>

<comp id="94" class="1004" name="gmem12_addr_fu_94">
<pin_list>
<pin id="95" dir="0" index="0" bw="64" slack="0"/>
<pin id="96" dir="0" index="1" bw="64" slack="1"/>
<pin id="97" dir="1" index="2" bw="64" slack="0"/>
</pin_list>
<bind>
<opcode="getelementptr(29) " fcode="getelementptr"/>
<opset="gmem12_addr/2 "/>
</bind>
</comp>

<comp id="100" class="1005" name="d_reg_100">
<pin_list>
<pin id="101" dir="0" index="0" bw="7" slack="0"/>
<pin id="102" dir="1" index="1" bw="7" slack="0"/>
</pin_list>
<bind>
<opset="d "/>
</bind>
</comp>

<comp id="107" class="1005" name="sext_ln121_cast_reg_107">
<pin_list>
<pin id="108" dir="0" index="0" bw="64" slack="1"/>
<pin id="109" dir="1" index="1" bw="64" slack="1"/>
</pin_list>
<bind>
<opset="sext_ln121_cast "/>
</bind>
</comp>

</comp_list>

<net_list>
<net id="49"><net_src comp="4" pin="0"/><net_sink comp="46" pin=0"/></net>

<net id="54"><net_src comp="6" pin="0"/><net_sink comp="50" pin=0"/></net>

<net id="55"><net_src comp="2" pin="0"/><net_sink comp="50" pin=1"/></net>

<net id="62"><net_src comp="42" pin="0"/><net_sink comp="56" pin=0"/></net>

<net id="63"><net_src comp="12" pin="0"/><net_sink comp="56" pin=2"/></net>

<net id="64"><net_src comp="44" pin="0"/><net_sink comp="56" pin=3"/></net>

<net id="68"><net_src comp="50" pin="2"/><net_sink comp="65" pin=0"/></net>

<net id="73"><net_src comp="24" pin="0"/><net_sink comp="69" pin=0"/></net>

<net id="81"><net_src comp="74" pin="1"/><net_sink comp="77" pin=0"/></net>

<net id="82"><net_src comp="28" pin="0"/><net_sink comp="77" pin=1"/></net>

<net id="87"><net_src comp="74" pin="1"/><net_sink comp="83" pin=0"/></net>

<net id="88"><net_src comp="30" pin="0"/><net_sink comp="83" pin=1"/></net>

<net id="93"><net_src comp="83" pin="2"/><net_sink comp="89" pin=0"/></net>

<net id="98"><net_src comp="0" pin="0"/><net_sink comp="94" pin=0"/></net>

<net id="99"><net_src comp="94" pin="2"/><net_sink comp="56" pin=1"/></net>

<net id="103"><net_src comp="46" pin="1"/><net_sink comp="100" pin=0"/></net>

<net id="104"><net_src comp="100" pin="1"/><net_sink comp="69" pin=1"/></net>

<net id="105"><net_src comp="100" pin="1"/><net_sink comp="74" pin=0"/></net>

<net id="106"><net_src comp="100" pin="1"/><net_sink comp="89" pin=1"/></net>

<net id="110"><net_src comp="65" pin="1"/><net_sink comp="107" pin=0"/></net>

<net id="111"><net_src comp="107" pin="1"/><net_sink comp="94" pin=1"/></net>

</net_list>

</model> 
---------------- Datapath Model END ------------------

* FSMD analyzer results:
  - Output states:
	Port: gmem12 | {2 }
 - Input state : 
	Port: pseudo_moe_Pipeline_VITIS_LOOP_121_6 : gmem12 | {}
	Port: pseudo_moe_Pipeline_VITIS_LOOP_121_6 : sext_ln121 | {1 }
  - Chain level:
	State 1
		store_ln121 : 1
		d_1 : 1
		icmp_ln121 : 2
		add_ln121 : 2
		br_ln121 : 3
		store_ln121 : 3
	State 2
		write_ln122 : 1


============================================================
+ Verbose Summary: Datapath Resource usage 
============================================================

* Functional unit list:
|----------|----------------------------|---------|---------|
| Operation|       Functional Unit      |    FF   |   LUT   |
|----------|----------------------------|---------|---------|
|   icmp   |      icmp_ln121_fu_77      |    0    |    14   |
|----------|----------------------------|---------|---------|
|    add   |       add_ln121_fu_83      |    0    |    14   |
|----------|----------------------------|---------|---------|
|   read   | sext_ln121_read_read_fu_50 |    0    |    0    |
|----------|----------------------------|---------|---------|
|   write  |   write_ln122_write_fu_56  |    0    |    0    |
|----------|----------------------------|---------|---------|
|   sext   |    sext_ln121_cast_fu_65   |    0    |    0    |
|----------|----------------------------|---------|---------|
|   Total  |                            |    0    |    28   |
|----------|----------------------------|---------|---------|

Memories:
N/A

* Register list:
+-----------------------+--------+
|                       |   FF   |
+-----------------------+--------+
|       d_reg_100       |    7   |
|sext_ln121_cast_reg_107|   64   |
+-----------------------+--------+
|         Total         |   71   |
+-----------------------+--------+

* Multiplexer (MUX) list: 
|--------|------|------|------|--------|
|  Comp  |  Pin | Size |  BW  | S x BW |
|--------|------|------|------|--------|
|  Total |      |      |      |    0   |
|--------|------|------|------|--------|



* Summary:
+-----------+--------+--------+
|           |   FF   |   LUT  |
+-----------+--------+--------+
|  Function |    0   |   28   |
|   Memory  |    -   |    -   |
|Multiplexer|    -   |    -   |
|  Register |   71   |    -   |
+-----------+--------+--------+
|   Total   |   71   |   28   |
+-----------+--------+--------+
