

================================================================
== Vitis HLS Report for 'pseudo_moe_Pipeline_VITIS_LOOP_178_10'
================================================================
* Date:           Sun Sep 20 20:28:26 2026

* Version:        2023.2 (Build 4023990 on Oct 11 2023)
* Project:        project
* Solution:       solution1 (Vivado IP Flow Target)
* Product family: virtexuplus
* Target device:  xcvu13p_CIV-figd2104-3-e


================================================================
== Performance Estimates
================================================================
+ Timing: 
    * Summary: 
    +--------+----------+----------+------------+
    |  Clock |  Target  | Estimated| Uncertainty|
    +--------+----------+----------+------------+
    |ap_clk  |  10.00 ns|  7.072 ns|     2.70 ns|
    +--------+----------+----------+------------+

+ Latency: 
    * Summary: 
    +---------+---------+----------+----------+-----+-----+---------+
    |  Latency (cycles) |  Latency (absolute) |  Interval | Pipeline|
    |   min   |   max   |    min   |    max   | min | max |   Type  |
    +---------+---------+----------+----------+-----+-----+---------+
    |       69|       69|  0.690 us|  0.690 us|   69|   69|       no|
    +---------+---------+----------+----------+-----+-----+---------+

    + Detail: 
        * Instance: 
        N/A

        * Loop: 
        +---------------------+---------+---------+----------+-----------+-----------+------+----------+
        |                     |  Latency (cycles) | Iteration|  Initiation Interval  | Trip |          |
        |      Loop Name      |   min   |   max   |  Latency |  achieved |   target  | Count| Pipelined|
        +---------------------+---------+---------+----------+-----------+-----------+------+----------+
        |- VITIS_LOOP_178_10  |       67|       67|         5|          1|          1|    64|       yes|
        +---------------------+---------+---------+----------+-----------+-----------+------+----------+

============================================================
+ Verbose Summary: Synthesis Manager
============================================================
InlineROM: 1
ExposeGlobal: 0
============================================================
+ Verbose Summary: CDFG Model
============================================================
IsTopModel: 0
ResetActiveHigh: 1
IsCombinational: 0
IsDatapathOnly: 0
HasWiredReturn: 1
HasMFsm: 2
HasVarLatency: 1
IsPipeline: 0
IsRtlPipelined: 0
IsInstanceOverlapped: 0
IsDontTouch: 0
HasImplIP: 0
IsGatedGlobalClock: 0

+ Individual pipeline summary: 
  * Pipeline-0: initiation interval (II) = 1, depth = 5


============================================================
+ Verbose Summary: Schedule
============================================================
* Number of FSM states : 5
* Pipeline : 1
  Pipeline-0 : II = 1, D = 5, States = { 1 2 3 4 5 }
* Dataflow Pipeline: 0

* FSM state transitions: 
1 --> 2 
2 --> 3 
3 --> 4 
4 --> 5 
5 --> 

* FSM state operations: 

State 1 <SV = 0> <Delay = 1.38>
ST_1 : Operation 8 [1/1] (0.00ns)   --->   "%o = alloca i32 1" [/home/simics/HMoE/HLS_HMoE/pseudo_block/run_9/src/pseudo_moe.cpp:178]   --->   Operation 8 'alloca' 'o' <Predicate = true> <Delay = 0.00>
ST_1 : Operation 9 [1/1] (0.00ns)   --->   "%gates_0_1_reload_read = read i32 @_ssdm_op_Read.ap_auto.float, i32 %gates_0_1_reload"   --->   Operation 9 'read' 'gates_0_1_reload_read' <Predicate = true> <Delay = 0.00>
ST_1 : Operation 10 [1/1] (0.36ns)   --->   "%store_ln178 = store i7 0, i7 %o" [/home/simics/HMoE/HLS_HMoE/pseudo_block/run_9/src/pseudo_moe.cpp:178]   --->   Operation 10 'store' 'store_ln178' <Predicate = true> <Delay = 0.36>
ST_1 : Operation 11 [1/1] (0.00ns)   --->   "%br_ln0 = br void %for.inc128"   --->   Operation 11 'br' 'br_ln0' <Predicate = true> <Delay = 0.00>
ST_1 : Operation 12 [1/1] (0.00ns)   --->   "%o_3 = load i7 %o" [/home/simics/HMoE/HLS_HMoE/pseudo_block/run_9/src/pseudo_moe.cpp:178]   --->   Operation 12 'load' 'o_3' <Predicate = true> <Delay = 0.00>
ST_1 : Operation 13 [1/1] (0.65ns)   --->   "%icmp_ln178 = icmp_eq  i7 %o_3, i7 64" [/home/simics/HMoE/HLS_HMoE/pseudo_block/run_9/src/pseudo_moe.cpp:178]   --->   Operation 13 'icmp' 'icmp_ln178' <Predicate = true> <Delay = 0.65> <CoreInst = "Cmp">   --->   Core 9 'Cmp' <Latency = 0> <II = 1> <Delay = 0.65> <FuncUnit> <Opcode : 'icmp'> <InPorts = 2> <OutPorts = 1>
ST_1 : Operation 14 [1/1] (0.65ns)   --->   "%add_ln178 = add i7 %o_3, i7 1" [/home/simics/HMoE/HLS_HMoE/pseudo_block/run_9/src/pseudo_moe.cpp:178]   --->   Operation 14 'add' 'add_ln178' <Predicate = true> <Delay = 0.65> <CoreInst = "Adder">   --->   Core 1 'Adder' <Latency = 0> <II = 1> <Delay = 0.65> <FuncUnit> <Opcode : 'add' 'sub'> <InPorts = 2> <OutPorts = 1>
ST_1 : Operation 15 [1/1] (0.00ns)   --->   "%br_ln178 = br i1 %icmp_ln178, void %for.inc128.split, void %VITIS_LOOP_186_11.exitStub" [/home/simics/HMoE/HLS_HMoE/pseudo_block/run_9/src/pseudo_moe.cpp:178]   --->   Operation 15 'br' 'br_ln178' <Predicate = true> <Delay = 0.00>
ST_1 : Operation 16 [1/1] (0.00ns)   --->   "%zext_ln178 = zext i7 %o_3" [/home/simics/HMoE/HLS_HMoE/pseudo_block/run_9/src/pseudo_moe.cpp:178]   --->   Operation 16 'zext' 'zext_ln178' <Predicate = (!icmp_ln178)> <Delay = 0.00>
ST_1 : Operation 17 [1/1] (0.00ns)   --->   "%expert_result_addr = getelementptr i32 %expert_result, i64 0, i64 %zext_ln178" [/home/simics/HMoE/HLS_HMoE/pseudo_block/run_9/src/pseudo_moe.cpp:180]   --->   Operation 17 'getelementptr' 'expert_result_addr' <Predicate = (!icmp_ln178)> <Delay = 0.00>
ST_1 : Operation 18 [2/2] (1.02ns)   --->   "%expert_result_load = load i6 %expert_result_addr" [/home/simics/HMoE/HLS_HMoE/pseudo_block/run_9/src/pseudo_moe.cpp:180]   --->   Operation 18 'load' 'expert_result_load' <Predicate = (!icmp_ln178)> <Delay = 1.02> <CoreInst = "RAM">   --->   Core 83 'RAM' <Latency = 1> <II = 1> <Delay = 1.02> <Storage> <Opcode : 'load' 'store'> <Ports = 2> <Width = 32> <Depth = 64> <RAM>
ST_1 : Operation 19 [1/1] (0.00ns)   --->   "%acc_out_addr = getelementptr i32 %acc_out, i64 0, i64 %zext_ln178" [/home/simics/HMoE/HLS_HMoE/pseudo_block/run_9/src/pseudo_moe.cpp:180]   --->   Operation 19 'getelementptr' 'acc_out_addr' <Predicate = (!icmp_ln178)> <Delay = 0.00>
ST_1 : Operation 20 [1/1] (0.36ns)   --->   "%store_ln178 = store i7 %add_ln178, i7 %o" [/home/simics/HMoE/HLS_HMoE/pseudo_block/run_9/src/pseudo_moe.cpp:178]   --->   Operation 20 'store' 'store_ln178' <Predicate = (!icmp_ln178)> <Delay = 0.36>

State 2 <SV = 1> <Delay = 4.90>
ST_2 : Operation 21 [1/2] (1.02ns)   --->   "%expert_result_load = load i6 %expert_result_addr" [/home/simics/HMoE/HLS_HMoE/pseudo_block/run_9/src/pseudo_moe.cpp:180]   --->   Operation 21 'load' 'expert_result_load' <Predicate = true> <Delay = 1.02> <CoreInst = "RAM">   --->   Core 83 'RAM' <Latency = 1> <II = 1> <Delay = 1.02> <Storage> <Opcode : 'load' 'store'> <Ports = 2> <Width = 32> <Depth = 64> <RAM>
ST_2 : Operation 22 [2/2] (3.88ns)   --->   "%mul1 = fmul i32 %gates_0_1_reload_read, i32 %expert_result_load" [/home/simics/HMoE/HLS_HMoE/pseudo_block/run_9/src/pseudo_moe.cpp:180]   --->   Operation 22 'fmul' 'mul1' <Predicate = true> <Delay = 3.88> <CoreInst = "FMul_maxdsp">   --->   Core 30 'FMul_maxdsp' <Latency = 1> <II = 1> <Delay = 3.88> <FuncUnit> <Opcode : 'fmul'> <InPorts = 2> <OutPorts = 1>

State 3 <SV = 2> <Delay = 3.88>
ST_3 : Operation 23 [1/2] (3.88ns)   --->   "%mul1 = fmul i32 %gates_0_1_reload_read, i32 %expert_result_load" [/home/simics/HMoE/HLS_HMoE/pseudo_block/run_9/src/pseudo_moe.cpp:180]   --->   Operation 23 'fmul' 'mul1' <Predicate = true> <Delay = 3.88> <CoreInst = "FMul_maxdsp">   --->   Core 30 'FMul_maxdsp' <Latency = 1> <II = 1> <Delay = 3.88> <FuncUnit> <Opcode : 'fmul'> <InPorts = 2> <OutPorts = 1>
ST_3 : Operation 24 [2/2] (1.02ns)   --->   "%acc_out_load = load i6 %acc_out_addr" [/home/simics/HMoE/HLS_HMoE/pseudo_block/run_9/src/pseudo_moe.cpp:180]   --->   Operation 24 'load' 'acc_out_load' <Predicate = true> <Delay = 1.02> <CoreInst = "RAM">   --->   Core 83 'RAM' <Latency = 1> <II = 1> <Delay = 1.02> <Storage> <Opcode : 'load' 'store'> <Ports = 2> <Width = 32> <Depth = 64> <RAM>

State 4 <SV = 3> <Delay = 7.07>
ST_4 : Operation 25 [1/2] (1.02ns)   --->   "%acc_out_load = load i6 %acc_out_addr" [/home/simics/HMoE/HLS_HMoE/pseudo_block/run_9/src/pseudo_moe.cpp:180]   --->   Operation 25 'load' 'acc_out_load' <Predicate = true> <Delay = 1.02> <CoreInst = "RAM">   --->   Core 83 'RAM' <Latency = 1> <II = 1> <Delay = 1.02> <Storage> <Opcode : 'load' 'store'> <Ports = 2> <Width = 32> <Depth = 64> <RAM>
ST_4 : Operation 26 [2/2] (6.04ns)   --->   "%add = fadd i32 %acc_out_load, i32 %mul1" [/home/simics/HMoE/HLS_HMoE/pseudo_block/run_9/src/pseudo_moe.cpp:180]   --->   Operation 26 'fadd' 'add' <Predicate = true> <Delay = 6.04> <CoreInst = "FAddSub_fulldsp">   --->   Core 18 'FAddSub_fulldsp' <Latency = 1> <II = 1> <Delay = 6.04> <FuncUnit> <Opcode : 'fadd' 'fsub'> <InPorts = 2> <OutPorts = 1>
ST_4 : Operation 33 [1/1] (0.00ns)   --->   "%ret_ln0 = ret"   --->   Operation 33 'ret' 'ret_ln0' <Predicate = (icmp_ln178)> <Delay = 0.00>

State 5 <SV = 4> <Delay = 7.07>
ST_5 : Operation 27 [1/1] (0.00ns)   --->   "%specpipeline_ln179 = specpipeline void @_ssdm_op_SpecPipeline, i32 1, i32 0, i32 0, i32 0, void @empty_34" [/home/simics/HMoE/HLS_HMoE/pseudo_block/run_9/src/pseudo_moe.cpp:179]   --->   Operation 27 'specpipeline' 'specpipeline_ln179' <Predicate = true> <Delay = 0.00>
ST_5 : Operation 28 [1/1] (0.00ns)   --->   "%speclooptripcount_ln178 = speclooptripcount void @_ssdm_op_SpecLoopTripCount, i64 64, i64 64, i64 64" [/home/simics/HMoE/HLS_HMoE/pseudo_block/run_9/src/pseudo_moe.cpp:178]   --->   Operation 28 'speclooptripcount' 'speclooptripcount_ln178' <Predicate = true> <Delay = 0.00>
ST_5 : Operation 29 [1/1] (0.00ns)   --->   "%specloopname_ln178 = specloopname void @_ssdm_op_SpecLoopName, void @empty_23" [/home/simics/HMoE/HLS_HMoE/pseudo_block/run_9/src/pseudo_moe.cpp:178]   --->   Operation 29 'specloopname' 'specloopname_ln178' <Predicate = true> <Delay = 0.00>
ST_5 : Operation 30 [1/2] (6.04ns)   --->   "%add = fadd i32 %acc_out_load, i32 %mul1" [/home/simics/HMoE/HLS_HMoE/pseudo_block/run_9/src/pseudo_moe.cpp:180]   --->   Operation 30 'fadd' 'add' <Predicate = true> <Delay = 6.04> <CoreInst = "FAddSub_fulldsp">   --->   Core 18 'FAddSub_fulldsp' <Latency = 1> <II = 1> <Delay = 6.04> <FuncUnit> <Opcode : 'fadd' 'fsub'> <InPorts = 2> <OutPorts = 1>
ST_5 : Operation 31 [1/1] (1.02ns)   --->   "%store_ln180 = store i32 %add, i6 %acc_out_addr" [/home/simics/HMoE/HLS_HMoE/pseudo_block/run_9/src/pseudo_moe.cpp:180]   --->   Operation 31 'store' 'store_ln180' <Predicate = true> <Delay = 1.02> <CoreInst = "RAM">   --->   Core 83 'RAM' <Latency = 1> <II = 1> <Delay = 1.02> <Storage> <Opcode : 'load' 'store'> <Ports = 2> <Width = 32> <Depth = 64> <RAM>
ST_5 : Operation 32 [1/1] (0.00ns)   --->   "%br_ln178 = br void %for.inc128" [/home/simics/HMoE/HLS_HMoE/pseudo_block/run_9/src/pseudo_moe.cpp:178]   --->   Operation 32 'br' 'br_ln178' <Predicate = true> <Delay = 0.00>


============================================================
+ Verbose Summary: Timing violations
============================================================
Target clock period: 10.000ns, clock uncertainty: 2.700ns.

 <State 1>: 1.387ns
The critical path consists of the following:
	'store' operation 0 bit ('store_ln178', /home/simics/HMoE/HLS_HMoE/pseudo_block/run_9/src/pseudo_moe.cpp:178) of constant 0 on local variable 'o', /home/simics/HMoE/HLS_HMoE/pseudo_block/run_9/src/pseudo_moe.cpp:178 [6]  (0.362 ns)
	'load' operation 7 bit ('o', /home/simics/HMoE/HLS_HMoE/pseudo_block/run_9/src/pseudo_moe.cpp:178) on local variable 'o', /home/simics/HMoE/HLS_HMoE/pseudo_block/run_9/src/pseudo_moe.cpp:178 [9]  (0.000 ns)
	'getelementptr' operation 6 bit ('expert_result_addr', /home/simics/HMoE/HLS_HMoE/pseudo_block/run_9/src/pseudo_moe.cpp:180) [18]  (0.000 ns)
	'load' operation 32 bit ('expert_result_load', /home/simics/HMoE/HLS_HMoE/pseudo_block/run_9/src/pseudo_moe.cpp:180) on array 'expert_result' [19]  (1.025 ns)

 <State 2>: 4.906ns
The critical path consists of the following:
	'load' operation 32 bit ('expert_result_load', /home/simics/HMoE/HLS_HMoE/pseudo_block/run_9/src/pseudo_moe.cpp:180) on array 'expert_result' [19]  (1.025 ns)
	'fmul' operation 32 bit ('mul1', /home/simics/HMoE/HLS_HMoE/pseudo_block/run_9/src/pseudo_moe.cpp:180) [20]  (3.881 ns)

 <State 3>: 3.881ns
The critical path consists of the following:
	'fmul' operation 32 bit ('mul1', /home/simics/HMoE/HLS_HMoE/pseudo_block/run_9/src/pseudo_moe.cpp:180) [20]  (3.881 ns)

 <State 4>: 7.072ns
The critical path consists of the following:
	'load' operation 32 bit ('acc_out_load', /home/simics/HMoE/HLS_HMoE/pseudo_block/run_9/src/pseudo_moe.cpp:180) on array 'acc_out' [22]  (1.025 ns)
	'fadd' operation 32 bit ('add', /home/simics/HMoE/HLS_HMoE/pseudo_block/run_9/src/pseudo_moe.cpp:180) [23]  (6.047 ns)

 <State 5>: 7.072ns
The critical path consists of the following:
	'fadd' operation 32 bit ('add', /home/simics/HMoE/HLS_HMoE/pseudo_block/run_9/src/pseudo_moe.cpp:180) [23]  (6.047 ns)
	'store' operation 0 bit ('store_ln180', /home/simics/HMoE/HLS_HMoE/pseudo_block/run_9/src/pseudo_moe.cpp:180) of variable 'add', /home/simics/HMoE/HLS_HMoE/pseudo_block/run_9/src/pseudo_moe.cpp:180 on array 'acc_out' [24]  (1.025 ns)


============================================================
+ Verbose Summary: Binding
============================================================
N/A
* FSMD analyzer results:
  - Output states:
 - Input state : 
  - Chain level:
	State 1
	State 2
	State 3
	State 4
	State 5


============================================================
+ Verbose Summary: Datapath Resource usage 
============================================================
N/A
