/home/simics/HMoE/HLS_HMoE/pseudo_block/run_1/scripts/run_hls.tcl:14:9: warning: HLS pragma dump _XLX_SEP_ PragmaIsValid=1_XLX_SEP_ PragmaType=top_XLX_SEP_ PragmaContext=directive_XLX_SEP_ PragmaFunction=pseudo_moe_XLX_SEP_ PragmaOptions=name=pseudo_moe_XLX_SEP_ [-Wdump-hls-pragmas]
#pragma HLSDIRECTIVE TOP name=pseudo_moe
        ^
/home/simics/HMoE/HLS_HMoE/pseudo_block/run_1/src/pseudo_moe.cpp:22:9: warning: HLS pragma dump _XLX_SEP_ PragmaIsValid=1_XLX_SEP_ PragmaType=interface_XLX_SEP_ PragmaContext=_XLX_SEP_ PragmaFunction=pseudo_moe_XLX_SEP_ PragmaOptions=m_axi port=input offset=slave bundle=gmem0_XLX_SEP_ [-Wdump-hls-pragmas]
#pragma HLS INTERFACE m_axi port=input offset=slave bundle=gmem0
        ^
/home/simics/HMoE/HLS_HMoE/pseudo_block/run_1/src/pseudo_moe.cpp:23:9: warning: HLS pragma dump _XLX_SEP_ PragmaIsValid=1_XLX_SEP_ PragmaType=interface_XLX_SEP_ PragmaContext=_XLX_SEP_ PragmaFunction=pseudo_moe_XLX_SEP_ PragmaOptions=m_axi port=w_gate offset=slave bundle=gmem1_XLX_SEP_ [-Wdump-hls-pragmas]
#pragma HLS INTERFACE m_axi port=w_gate offset=slave bundle=gmem1
        ^
/home/simics/HMoE/HLS_HMoE/pseudo_block/run_1/src/pseudo_moe.cpp:24:9: warning: HLS pragma dump _XLX_SEP_ PragmaIsValid=1_XLX_SEP_ PragmaType=interface_XLX_SEP_ PragmaContext=_XLX_SEP_ PragmaFunction=pseudo_moe_XLX_SEP_ PragmaOptions=m_axi port=b_gate offset=slave bundle=gmem2_XLX_SEP_ [-Wdump-hls-pragmas]
#pragma HLS INTERFACE m_axi port=b_gate offset=slave bundle=gmem2
        ^
/home/simics/HMoE/HLS_HMoE/pseudo_block/run_1/src/pseudo_moe.cpp:26:9: warning: HLS pragma dump _XLX_SEP_ PragmaIsValid=1_XLX_SEP_ PragmaType=interface_XLX_SEP_ PragmaContext=_XLX_SEP_ PragmaFunction=pseudo_moe_XLX_SEP_ PragmaOptions=m_axi port=w0 offset=slave bundle=gmem3_XLX_SEP_ [-Wdump-hls-pragmas]
#pragma HLS INTERFACE m_axi port=w0 offset=slave bundle=gmem3
        ^
/home/simics/HMoE/HLS_HMoE/pseudo_block/run_1/src/pseudo_moe.cpp:27:9: warning: HLS pragma dump _XLX_SEP_ PragmaIsValid=1_XLX_SEP_ PragmaType=interface_XLX_SEP_ PragmaContext=_XLX_SEP_ PragmaFunction=pseudo_moe_XLX_SEP_ PragmaOptions=m_axi port=b0 offset=slave bundle=gmem4_XLX_SEP_ [-Wdump-hls-pragmas]
#pragma HLS INTERFACE m_axi port=b0 offset=slave bundle=gmem4
        ^
/home/simics/HMoE/HLS_HMoE/pseudo_block/run_1/src/pseudo_moe.cpp:28:9: warning: HLS pragma dump _XLX_SEP_ PragmaIsValid=1_XLX_SEP_ PragmaType=interface_XLX_SEP_ PragmaContext=_XLX_SEP_ PragmaFunction=pseudo_moe_XLX_SEP_ PragmaOptions=m_axi port=w1 offset=slave bundle=gmem5_XLX_SEP_ [-Wdump-hls-pragmas]
#pragma HLS INTERFACE m_axi port=w1 offset=slave bundle=gmem5
        ^
/home/simics/HMoE/HLS_HMoE/pseudo_block/run_1/src/pseudo_moe.cpp:29:9: warning: HLS pragma dump _XLX_SEP_ PragmaIsValid=1_XLX_SEP_ PragmaType=interface_XLX_SEP_ PragmaContext=_XLX_SEP_ PragmaFunction=pseudo_moe_XLX_SEP_ PragmaOptions=m_axi port=b1 offset=slave bundle=gmem6_XLX_SEP_ [-Wdump-hls-pragmas]
#pragma HLS INTERFACE m_axi port=b1 offset=slave bundle=gmem6
        ^
/home/simics/HMoE/HLS_HMoE/pseudo_block/run_1/src/pseudo_moe.cpp:30:9: warning: HLS pragma dump _XLX_SEP_ PragmaIsValid=1_XLX_SEP_ PragmaType=interface_XLX_SEP_ PragmaContext=_XLX_SEP_ PragmaFunction=pseudo_moe_XLX_SEP_ PragmaOptions=m_axi port=w2 offset=slave bundle=gmem7_XLX_SEP_ [-Wdump-hls-pragmas]
#pragma HLS INTERFACE m_axi port=w2 offset=slave bundle=gmem7
        ^
/home/simics/HMoE/HLS_HMoE/pseudo_block/run_1/src/pseudo_moe.cpp:31:9: warning: HLS pragma dump _XLX_SEP_ PragmaIsValid=1_XLX_SEP_ PragmaType=interface_XLX_SEP_ PragmaContext=_XLX_SEP_ PragmaFunction=pseudo_moe_XLX_SEP_ PragmaOptions=m_axi port=b2 offset=slave bundle=gmem8_XLX_SEP_ [-Wdump-hls-pragmas]
#pragma HLS INTERFACE m_axi port=b2 offset=slave bundle=gmem8
        ^
/home/simics/HMoE/HLS_HMoE/pseudo_block/run_1/src/pseudo_moe.cpp:32:9: warning: HLS pragma dump _XLX_SEP_ PragmaIsValid=1_XLX_SEP_ PragmaType=interface_XLX_SEP_ PragmaContext=_XLX_SEP_ PragmaFunction=pseudo_moe_XLX_SEP_ PragmaOptions=m_axi port=w3 offset=slave bundle=gmem9_XLX_SEP_ [-Wdump-hls-pragmas]
#pragma HLS INTERFACE m_axi port=w3 offset=slave bundle=gmem9
        ^
/home/simics/HMoE/HLS_HMoE/pseudo_block/run_1/src/pseudo_moe.cpp:33:9: warning: HLS pragma dump _XLX_SEP_ PragmaIsValid=1_XLX_SEP_ PragmaType=interface_XLX_SEP_ PragmaContext=_XLX_SEP_ PragmaFunction=pseudo_moe_XLX_SEP_ PragmaOptions=m_axi port=b3 offset=slave bundle=gmem10_XLX_SEP_ [-Wdump-hls-pragmas]
#pragma HLS INTERFACE m_axi port=b3 offset=slave bundle=gmem10
        ^
/home/simics/HMoE/HLS_HMoE/pseudo_block/run_1/src/pseudo_moe.cpp:35:9: warning: HLS pragma dump _XLX_SEP_ PragmaIsValid=1_XLX_SEP_ PragmaType=interface_XLX_SEP_ PragmaContext=_XLX_SEP_ PragmaFunction=pseudo_moe_XLX_SEP_ PragmaOptions=m_axi port=gates_out offset=slave bundle=gmem11_XLX_SEP_ [-Wdump-hls-pragmas]
#pragma HLS INTERFACE m_axi port=gates_out offset=slave bundle=gmem11
        ^
/home/simics/HMoE/HLS_HMoE/pseudo_block/run_1/src/pseudo_moe.cpp:36:9: warning: HLS pragma dump _XLX_SEP_ PragmaIsValid=1_XLX_SEP_ PragmaType=interface_XLX_SEP_ PragmaContext=_XLX_SEP_ PragmaFunction=pseudo_moe_XLX_SEP_ PragmaOptions=m_axi port=output offset=slave bundle=gmem12_XLX_SEP_ [-Wdump-hls-pragmas]
#pragma HLS INTERFACE m_axi port=output offset=slave bundle=gmem12
        ^
/home/simics/HMoE/HLS_HMoE/pseudo_block/run_1/src/pseudo_moe.cpp:38:9: warning: HLS pragma dump _XLX_SEP_ PragmaIsValid=1_XLX_SEP_ PragmaType=interface_XLX_SEP_ PragmaContext=_XLX_SEP_ PragmaFunction=pseudo_moe_XLX_SEP_ PragmaOptions=s_axilite port=return bundle=control_XLX_SEP_ [-Wdump-hls-pragmas]
#pragma HLS INTERFACE s_axilite port=return bundle=control
        ^
/home/simics/HMoE/HLS_HMoE/pseudo_block/run_1/src/pseudo_moe.cpp:46:9: warning: HLS pragma dump _XLX_SEP_ PragmaIsValid=1_XLX_SEP_ PragmaType=pipeline_XLX_SEP_ PragmaContext=_XLX_SEP_ PragmaFunction=pseudo_moe_XLX_SEP_ PragmaOptions=off_XLX_SEP_ [-Wdump-hls-pragmas]
#pragma HLS PIPELINE off
        ^
/home/simics/HMoE/HLS_HMoE/pseudo_block/run_1/src/pseudo_moe.cpp:54:9: warning: HLS pragma dump _XLX_SEP_ PragmaIsValid=1_XLX_SEP_ PragmaType=pipeline_XLX_SEP_ PragmaContext=_XLX_SEP_ PragmaFunction=pseudo_moe_XLX_SEP_ PragmaOptions=off_XLX_SEP_ [-Wdump-hls-pragmas]
#pragma HLS PIPELINE off
        ^
/home/simics/HMoE/HLS_HMoE/pseudo_block/run_1/src/pseudo_moe.cpp:59:9: warning: HLS pragma dump _XLX_SEP_ PragmaIsValid=1_XLX_SEP_ PragmaType=pipeline_XLX_SEP_ PragmaContext=_XLX_SEP_ PragmaFunction=pseudo_moe_XLX_SEP_ PragmaOptions=off_XLX_SEP_ [-Wdump-hls-pragmas]
#pragma HLS PIPELINE off
        ^
/home/simics/HMoE/HLS_HMoE/pseudo_block/run_1/src/pseudo_moe.cpp:76:9: warning: HLS pragma dump _XLX_SEP_ PragmaIsValid=1_XLX_SEP_ PragmaType=pipeline_XLX_SEP_ PragmaContext=_XLX_SEP_ PragmaFunction=pseudo_moe_XLX_SEP_ PragmaOptions=off_XLX_SEP_ [-Wdump-hls-pragmas]
#pragma HLS PIPELINE off
        ^
/home/simics/HMoE/HLS_HMoE/pseudo_block/run_1/src/pseudo_moe.cpp:82:9: warning: HLS pragma dump _XLX_SEP_ PragmaIsValid=1_XLX_SEP_ PragmaType=pipeline_XLX_SEP_ PragmaContext=_XLX_SEP_ PragmaFunction=pseudo_moe_XLX_SEP_ PragmaOptions=off_XLX_SEP_ [-Wdump-hls-pragmas]
#pragma HLS PIPELINE off
        ^
/home/simics/HMoE/HLS_HMoE/pseudo_block/run_1/src/pseudo_moe.cpp:90:9: warning: HLS pragma dump _XLX_SEP_ PragmaIsValid=1_XLX_SEP_ PragmaType=pipeline_XLX_SEP_ PragmaContext=_XLX_SEP_ PragmaFunction=pseudo_moe_XLX_SEP_ PragmaOptions=off_XLX_SEP_ [-Wdump-hls-pragmas]
#pragma HLS PIPELINE off
        ^
/home/simics/HMoE/HLS_HMoE/pseudo_block/run_1/src/pseudo_moe.cpp:98:9: warning: HLS pragma dump _XLX_SEP_ PragmaIsValid=1_XLX_SEP_ PragmaType=pipeline_XLX_SEP_ PragmaContext=_XLX_SEP_ PragmaFunction=pseudo_moe_XLX_SEP_ PragmaOptions=off_XLX_SEP_ [-Wdump-hls-pragmas]
#pragma HLS PIPELINE off
        ^
/home/simics/HMoE/HLS_HMoE/pseudo_block/run_1/src/pseudo_moe.cpp:103:9: warning: HLS pragma dump _XLX_SEP_ PragmaIsValid=1_XLX_SEP_ PragmaType=pipeline_XLX_SEP_ PragmaContext=_XLX_SEP_ PragmaFunction=pseudo_moe_XLX_SEP_ PragmaOptions=off_XLX_SEP_ [-Wdump-hls-pragmas]
#pragma HLS PIPELINE off
        ^
/home/simics/HMoE/HLS_HMoE/pseudo_block/run_1/src/pseudo_moe.cpp:111:9: warning: HLS pragma dump _XLX_SEP_ PragmaIsValid=1_XLX_SEP_ PragmaType=pipeline_XLX_SEP_ PragmaContext=_XLX_SEP_ PragmaFunction=pseudo_moe_XLX_SEP_ PragmaOptions=off_XLX_SEP_ [-Wdump-hls-pragmas]
#pragma HLS PIPELINE off
        ^
/home/simics/HMoE/HLS_HMoE/pseudo_block/run_1/src/pseudo_moe.cpp:120:9: warning: HLS pragma dump _XLX_SEP_ PragmaIsValid=1_XLX_SEP_ PragmaType=pipeline_XLX_SEP_ PragmaContext=_XLX_SEP_ PragmaFunction=pseudo_moe_XLX_SEP_ PragmaOptions=off_XLX_SEP_ [-Wdump-hls-pragmas]
#pragma HLS PIPELINE off
        ^
/home/simics/HMoE/HLS_HMoE/pseudo_block/run_1/src/pseudo_moe.cpp:125:9: warning: HLS pragma dump _XLX_SEP_ PragmaIsValid=1_XLX_SEP_ PragmaType=pipeline_XLX_SEP_ PragmaContext=_XLX_SEP_ PragmaFunction=pseudo_moe_XLX_SEP_ PragmaOptions=off_XLX_SEP_ [-Wdump-hls-pragmas]
#pragma HLS PIPELINE off
        ^
/home/simics/HMoE/HLS_HMoE/pseudo_block/run_1/src/pseudo_moe.cpp:133:9: warning: HLS pragma dump _XLX_SEP_ PragmaIsValid=1_XLX_SEP_ PragmaType=pipeline_XLX_SEP_ PragmaContext=_XLX_SEP_ PragmaFunction=pseudo_moe_XLX_SEP_ PragmaOptions=off_XLX_SEP_ [-Wdump-hls-pragmas]
#pragma HLS PIPELINE off
        ^
/home/simics/HMoE/HLS_HMoE/pseudo_block/run_1/src/pseudo_moe.cpp:142:9: warning: HLS pragma dump _XLX_SEP_ PragmaIsValid=1_XLX_SEP_ PragmaType=pipeline_XLX_SEP_ PragmaContext=_XLX_SEP_ PragmaFunction=pseudo_moe_XLX_SEP_ PragmaOptions=off_XLX_SEP_ [-Wdump-hls-pragmas]
#pragma HLS PIPELINE off
        ^
/home/simics/HMoE/HLS_HMoE/pseudo_block/run_1/src/pseudo_moe.cpp:147:9: warning: HLS pragma dump _XLX_SEP_ PragmaIsValid=1_XLX_SEP_ PragmaType=pipeline_XLX_SEP_ PragmaContext=_XLX_SEP_ PragmaFunction=pseudo_moe_XLX_SEP_ PragmaOptions=off_XLX_SEP_ [-Wdump-hls-pragmas]
#pragma HLS PIPELINE off
        ^
/home/simics/HMoE/HLS_HMoE/pseudo_block/run_1/src/pseudo_moe.cpp:155:9: warning: HLS pragma dump _XLX_SEP_ PragmaIsValid=1_XLX_SEP_ PragmaType=pipeline_XLX_SEP_ PragmaContext=_XLX_SEP_ PragmaFunction=pseudo_moe_XLX_SEP_ PragmaOptions=off_XLX_SEP_ [-Wdump-hls-pragmas]
#pragma HLS PIPELINE off
        ^
/home/simics/HMoE/HLS_HMoE/pseudo_block/run_1/src/pseudo_moe.cpp:164:9: warning: HLS pragma dump _XLX_SEP_ PragmaIsValid=1_XLX_SEP_ PragmaType=pipeline_XLX_SEP_ PragmaContext=_XLX_SEP_ PragmaFunction=pseudo_moe_XLX_SEP_ PragmaOptions=off_XLX_SEP_ [-Wdump-hls-pragmas]
#pragma HLS PIPELINE off
        ^
/home/simics/HMoE/HLS_HMoE/pseudo_block/run_1/src/pseudo_moe.cpp:169:9: warning: HLS pragma dump _XLX_SEP_ PragmaIsValid=1_XLX_SEP_ PragmaType=pipeline_XLX_SEP_ PragmaContext=_XLX_SEP_ PragmaFunction=pseudo_moe_XLX_SEP_ PragmaOptions=off_XLX_SEP_ [-Wdump-hls-pragmas]
#pragma HLS PIPELINE off
        ^
/home/simics/HMoE/HLS_HMoE/pseudo_block/run_1/src/pseudo_moe.cpp:177:9: warning: HLS pragma dump _XLX_SEP_ PragmaIsValid=1_XLX_SEP_ PragmaType=pipeline_XLX_SEP_ PragmaContext=_XLX_SEP_ PragmaFunction=pseudo_moe_XLX_SEP_ PragmaOptions=off_XLX_SEP_ [-Wdump-hls-pragmas]
#pragma HLS PIPELINE off
        ^
33 warnings generated.
