================================================================
== Design Size Report
================================================================

* Total Instructions per Compilation Phase
+---------------+-----------------------------+--------------+----------------------------------------------------------------------------------------+
| Phase         | Step                        | Instructions | Description                                                                            |
+---------------+-----------------------------+--------------+----------------------------------------------------------------------------------------+
| Compile/Link  |                             | 998          | After all functions are compiled and linked into a single design                       |
|               |                             |              |                                                                                        |
| Unroll/Inline |                             |              | After user unroll and inline pragmas are applied                                       |
|               | (1) unroll                  | 794          | user unroll pragmas are applied                                                        |
|               | (2) simplification          | 620          | simplification of applied user unroll pragmas                                          |
|               | (3) inline                  | 582          | user inline pragmas are applied                                                        |
|               | (4) simplification          | 582          | simplification of applied user inline pragmas                                          |
|               |                             |              |                                                                                        |
| Array/Struct  |                             |              | After user array partition and struct aggregate/disaggregate pragmas are applied       |
|               | (1) array partition         | 625          | user array partition pragmas are applied                                               |
|               | (2) simplification          | 625          | simplification of applied user array partition & struct aggregate/disaggregate pragmas |
|               | (3) aggregate/disaggregate  | 625          | user struct aggregate/disaggregate pragmas are applied                                 |
|               | (4) array reshape           | 625          | apply array reshape pragmas                                                            |
|               | (5) access patterns         | 644          | array access pattern optmizations                                                      |
|               |                             |              |                                                                                        |
| Performance   |                             |              | After transformations are applied to meet performance pragma targets                   |
|               | (1) loop simplification     | 625          | loop and instruction simplification                                                    |
|               | (2) parallelization         | 625          | loops are unrolled or pipelined to meet performance targets                            |
|               | (3) array partition         | 625          | arrays are partitioned to meet performance targets                                     |
|               | (4) simplification          | 625          | simplification of design after performance transformations                             |
|               |                             |              |                                                                                        |
| HW Transforms |                             |              | After hardware transfomations                                                          |
|               | (1) lowering                | 671          | initial conversion to HW specific instructions                                         |
|               | (2) optimizations           | 766          | high level synthesis optimizations                                                     |
+---------------+-----------------------------+--------------+----------------------------------------------------------------------------------------+

* Instructions per Function for each Compilation Phase
+-------------------------+-------------+----------------+---------------+---------------+---------------+---------------+
| Function                | Location    | Compile/Link   | Unroll/Inline | Array/Struct  | Performance   | HW Transforms |
+-------------------------+-------------+----------------+---------------+---------------+---------------+---------------+
| + graph_moe             | moe.cpp:307 | 998            | 582           | 644           | 625           | 766           |
|  + run_parallel_engines | moe.cpp:199 | 797            | 441           | 465           | 449           | 565           |
|   + expert_engine       | moe.cpp:26  | 790 (2 calls)  | 434 (2 calls) | 462 (2 calls) | 446 (2 calls) | 560 (2 calls) |
|      elu                | moe.cpp:5   |  96 (12 calls) |               |               |               |               |
+-------------------------+-------------+----------------+---------------+---------------+---------------+---------------+

* Design Size Message Settings
+---------------------------------------------+--------+------------------------------------------------------------------+
| Message Setting                             | Value  | Description                                                      |
+---------------------------------------------+--------+------------------------------------------------------------------+
| config_compile -design_size_maximum_warning | 100000 | Show a warning when total design instructions exceeds this value |
+---------------------------------------------+--------+------------------------------------------------------------------+


