

================================================================
== Vitis HLS Report for 'expert_engine_Pipeline_VITIS_LOOP_82_5'
================================================================
* Date:           Sat Sep 12 20:19:19 2026

* Version:        2023.2 (Build 4023990 on Oct 11 2023)
* Project:        HLS_GraphMoE_Run6
* Solution:       solution1 (Vivado IP Flow Target)
* Product family: virtexuplus
* Target device:  xcvu13p_CIV-figd2104-3-e


================================================================
== Performance Estimates
================================================================
+ Timing: 
    * Summary: 
    +--------+----------+----------+------------+
    |  Clock |  Target  | Estimated| Uncertainty|
    +--------+----------+----------+------------+
    |ap_clk  |  10.00 ns|  6.409 ns|     2.70 ns|
    +--------+----------+----------+------------+

+ Latency: 
    * Summary: 
    +---------+---------+----------+----------+-----+-----+---------+
    |  Latency (cycles) |  Latency (absolute) |  Interval | Pipeline|
    |   min   |   max   |    min   |    max   | min | max |   Type  |
    +---------+---------+----------+----------+-----+-----+---------+
    |       37|       37|  0.370 us|  0.370 us|   37|   37|       no|
    +---------+---------+----------+----------+-----+-----+---------+

    + Detail: 
        * Instance: 
        N/A

        * Loop: 
        +-------------------+---------+---------+----------+-----------+-----------+------+----------+
        |                   |  Latency (cycles) | Iteration|  Initiation Interval  | Trip |          |
        |     Loop Name     |   min   |   max   |  Latency |  achieved |   target  | Count| Pipelined|
        +-------------------+---------+---------+----------+-----------+-----------+------+----------+
        |- VITIS_LOOP_82_5  |       35|       35|         5|          1|          1|    32|       yes|
        +-------------------+---------+---------+----------+-----------+-----------+------+----------+



================================================================
== Utilization Estimates
================================================================
* Summary: 
+---------------------+---------+-------+---------+---------+------+
|         Name        | BRAM_18K|  DSP  |    FF   |   LUT   | URAM |
+---------------------+---------+-------+---------+---------+------+
|DSP                  |        -|      -|        -|        -|     -|
|Expression           |        -|      -|        0|       48|     -|
|FIFO                 |        -|      -|        -|        -|     -|
|Instance             |        -|      -|        -|        -|     -|
|Memory               |        -|      -|        -|        -|     -|
|Multiplexer          |        -|      -|        -|       54|     -|
|Register             |        -|      -|      144|       32|     -|
+---------------------+---------+-------+---------+---------+------+
|Total                |        0|      0|      144|      134|     0|
+---------------------+---------+-------+---------+---------+------+
|Available SLR        |     1344|   3072|   864000|   432000|   320|
+---------------------+---------+-------+---------+---------+------+
|Utilization SLR (%)  |        0|      0|       ~0|       ~0|     0|
+---------------------+---------+-------+---------+---------+------+
|Available            |     5376|  12288|  3456000|  1728000|  1280|
+---------------------+---------+-------+---------+---------+------+
|Utilization (%)      |        0|      0|       ~0|       ~0|     0|
+---------------------+---------+-------+---------+---------+------+

+ Detail: 
    * Instance: 
    N/A

    * DSP: 
    N/A

    * Memory: 
    N/A

    * FIFO: 
    N/A

    * Expression: 
    +---------------------+----------+----+---+----+------------+------------+
    |    Variable Name    | Operation| DSP| FF| LUT| Bitwidth P0| Bitwidth P1|
    +---------------------+----------+----+---+----+------------+------------+
    |add_ln82_fu_127_p2   |         +|   0|  0|  13|           6|           1|
    |add_ln85_fu_142_p2   |         +|   0|  0|  19|          12|          12|
    |icmp_ln82_fu_121_p2  |      icmp|   0|  0|  14|           6|           7|
    |ap_enable_pp0        |       xor|   0|  0|   2|           1|           2|
    +---------------------+----------+----+---+----+------------+------------+
    |Total                |          |   0|  0|  48|          25|          22|
    +---------------------+----------+----+---+----+------------+------------+

    * Multiplexer: 
    +-----------------------------+----+-----------+-----+-----------+
    |             Name            | LUT| Input Size| Bits| Total Bits|
    +-----------------------------+----+-----------+-----+-----------+
    |ap_done_int                  |   9|          2|    1|          2|
    |ap_enable_reg_pp0_iter1      |   9|          2|    1|          2|
    |ap_sig_allocacmp_j_2         |   9|          2|    6|         12|
    |ap_sig_allocacmp_sum_load_2  |   9|          2|   32|         64|
    |j_fu_50                      |   9|          2|    6|         12|
    |sum_fu_46                    |   9|          2|   32|         64|
    +-----------------------------+----+-----------+-----+-----------+
    |Total                        |  54|         12|   78|        156|
    +-----------------------------+----+-----------+-----+-----------+

    * Register: 
    +----------------------------------+----+----+-----+-----------+
    |               Name               | FF | LUT| Bits| Const Bits|
    +----------------------------------+----+----+-----+-----------+
    |ap_CS_fsm                         |   1|   0|    1|          0|
    |ap_done_reg                       |   1|   0|    1|          0|
    |ap_enable_reg_pp0_iter1           |   1|   0|    1|          0|
    |ap_enable_reg_pp0_iter2           |   1|   0|    1|          0|
    |ap_enable_reg_pp0_iter3           |   1|   0|    1|          0|
    |ap_enable_reg_pp0_iter4           |   1|   0|    1|          0|
    |ap_loop_exit_ready_pp0_iter1_reg  |   1|   0|    1|          0|
    |ap_loop_exit_ready_pp0_iter2_reg  |   1|   0|    1|          0|
    |ap_loop_exit_ready_pp0_iter3_reg  |   1|   0|    1|          0|
    |icmp_ln82_reg_191                 |   1|   0|    1|          0|
    |j_fu_50                           |   6|   0|    6|          0|
    |mul4_reg_215                      |  32|   0|   32|          0|
    |sum_fu_46                         |  32|   0|   32|          0|
    |icmp_ln82_reg_191                 |  64|  32|    1|          0|
    +----------------------------------+----+----+-----+-----------+
    |Total                             | 144|  32|   81|          0|
    +----------------------------------+----+----+-----+-----------+



================================================================
== Interface
================================================================
* Summary: 
+---------------------+-----+-----+------------+----------------------------------------+--------------+
|      RTL Ports      | Dir | Bits|  Protocol  |              Source Object             |    C Type    |
+---------------------+-----+-----+------------+----------------------------------------+--------------+
|ap_clk               |   in|    1|  ap_ctrl_hs|  expert_engine_Pipeline_VITIS_LOOP_82_5|  return value|
|ap_rst               |   in|    1|  ap_ctrl_hs|  expert_engine_Pipeline_VITIS_LOOP_82_5|  return value|
|ap_start             |   in|    1|  ap_ctrl_hs|  expert_engine_Pipeline_VITIS_LOOP_82_5|  return value|
|ap_done              |  out|    1|  ap_ctrl_hs|  expert_engine_Pipeline_VITIS_LOOP_82_5|  return value|
|ap_idle              |  out|    1|  ap_ctrl_hs|  expert_engine_Pipeline_VITIS_LOOP_82_5|  return value|
|ap_ready             |  out|    1|  ap_ctrl_hs|  expert_engine_Pipeline_VITIS_LOOP_82_5|  return value|
|grp_fu_1654_p_din0   |  out|   32|  ap_ctrl_hs|  expert_engine_Pipeline_VITIS_LOOP_82_5|  return value|
|grp_fu_1654_p_din1   |  out|   32|  ap_ctrl_hs|  expert_engine_Pipeline_VITIS_LOOP_82_5|  return value|
|grp_fu_1654_p_dout0  |   in|   32|  ap_ctrl_hs|  expert_engine_Pipeline_VITIS_LOOP_82_5|  return value|
|grp_fu_1654_p_ce     |  out|    1|  ap_ctrl_hs|  expert_engine_Pipeline_VITIS_LOOP_82_5|  return value|
|grp_fu_578_p_din0    |  out|   32|  ap_ctrl_hs|  expert_engine_Pipeline_VITIS_LOOP_82_5|  return value|
|grp_fu_578_p_din1    |  out|   32|  ap_ctrl_hs|  expert_engine_Pipeline_VITIS_LOOP_82_5|  return value|
|grp_fu_578_p_opcode  |  out|    2|  ap_ctrl_hs|  expert_engine_Pipeline_VITIS_LOOP_82_5|  return value|
|grp_fu_578_p_dout0   |   in|   32|  ap_ctrl_hs|  expert_engine_Pipeline_VITIS_LOOP_82_5|  return value|
|grp_fu_578_p_ce      |  out|    1|  ap_ctrl_hs|  expert_engine_Pipeline_VITIS_LOOP_82_5|  return value|
|sum_25               |   in|   32|     ap_none|                                  sum_25|        scalar|
|empty                |   in|   12|     ap_none|                                   empty|        scalar|
|w2_0_address0        |  out|   12|   ap_memory|                                    w2_0|         array|
|w2_0_ce0             |  out|    1|   ap_memory|                                    w2_0|         array|
|w2_0_q0              |   in|   32|   ap_memory|                                    w2_0|         array|
|l1_address0          |  out|    5|   ap_memory|                                      l1|         array|
|l1_ce0               |  out|    1|   ap_memory|                                      l1|         array|
|l1_q0                |   in|   32|   ap_memory|                                      l1|         array|
|sum_32_out           |  out|   32|      ap_vld|                              sum_32_out|       pointer|
|sum_32_out_ap_vld    |  out|    1|      ap_vld|                              sum_32_out|       pointer|
+---------------------+-----+-----+------------+----------------------------------------+--------------+

