

================================================================
== Vitis HLS Report for 'expert_engine'
================================================================
* Date:           Sat Sep 12 20:19:19 2026

* Version:        2023.2 (Build 4023990 on Oct 11 2023)
* Project:        HLS_GraphMoE_Run6
* Solution:       solution1 (Vivado IP Flow Target)
* Product family: virtexuplus
* Target device:  xcvu13p_CIV-figd2104-3-e


================================================================
== Performance Estimates
================================================================
+ Timing: 
    * Summary: 
    +--------+----------+----------+------------+
    |  Clock |  Target  | Estimated| Uncertainty|
    +--------+----------+----------+------------+
    |ap_clk  |  10.00 ns|  7.285 ns|     2.70 ns|
    +--------+----------+----------+------------+

+ Latency: 
    * Summary: 
    +---------+---------+----------+----------+-------+-------+---------+
    |  Latency (cycles) |  Latency (absolute) |    Interval   | Pipeline|
    |   min   |   max   |    min   |    max   |  min  |  max  |   Type  |
    +---------+---------+----------+----------+-------+-------+---------+
    |    55402|    55402|  0.554 ms|  0.554 ms|  55402|  55402|       no|
    +---------+---------+----------+----------+-------+-------+---------+

    + Detail: 
        * Instance: 
        +-----------------------------------------------------+------------------------------------------+---------+---------+----------+----------+-----+-----+---------+
        |                                                     |                                          |  Latency (cycles) |  Latency (absolute) |  Interval | Pipeline|
        |                       Instance                      |                  Module                  |   min   |   max   |    min   |    max   | min | max |   Type  |
        +-----------------------------------------------------+------------------------------------------+---------+---------+----------+----------+-----+-----+---------+
        |grp_expert_engine_Pipeline_VITIS_LOOP_68_3_fu_496    |expert_engine_Pipeline_VITIS_LOOP_68_3    |      133|      133|  1.330 us|  1.330 us|  133|  133|       no|
        |grp_expert_engine_Pipeline_VITIS_LOOP_82_5_fu_507    |expert_engine_Pipeline_VITIS_LOOP_82_5    |       37|       37|  0.370 us|  0.370 us|   37|   37|       no|
        |grp_expert_engine_Pipeline_VITIS_LOOP_96_7_fu_517    |expert_engine_Pipeline_VITIS_LOOP_96_7    |       21|       21|  0.210 us|  0.210 us|   21|   21|       no|
        |grp_expert_engine_Pipeline_VITIS_LOOP_108_8_fu_527   |expert_engine_Pipeline_VITIS_LOOP_108_8   |       13|       13|  0.130 us|  0.130 us|   13|   13|       no|
        |grp_expert_engine_Pipeline_VITIS_LOOP_133_11_fu_537  |expert_engine_Pipeline_VITIS_LOOP_133_11  |      133|      133|  1.330 us|  1.330 us|  133|  133|       no|
        |grp_expert_engine_Pipeline_VITIS_LOOP_147_13_fu_548  |expert_engine_Pipeline_VITIS_LOOP_147_13  |       37|       37|  0.370 us|  0.370 us|   37|   37|       no|
        |grp_expert_engine_Pipeline_VITIS_LOOP_161_15_fu_558  |expert_engine_Pipeline_VITIS_LOOP_161_15  |       21|       21|  0.210 us|  0.210 us|   21|   21|       no|
        |grp_expert_engine_Pipeline_VITIS_LOOP_173_16_fu_568  |expert_engine_Pipeline_VITIS_LOOP_173_16  |       13|       13|  0.130 us|  0.130 us|   13|   13|       no|
        +-----------------------------------------------------+------------------------------------------+---------+---------+----------+----------+-----+-----+---------+

        * Loop: 
        +----------------------+---------+---------+----------+-----------+-----------+------+----------+
        |                      |  Latency (cycles) | Iteration|  Initiation Interval  | Trip |          |
        |       Loop Name      |   min   |   max   |  Latency |  achieved |   target  | Count| Pipelined|
        +----------------------+---------+---------+----------+-----------+-----------+------+----------+
        |- VITIS_LOOP_57_1     |    27700|    27700|      5540|          -|          -|     5|        no|
        | + VITIS_LOOP_64_2    |     4544|     4544|       142|          -|          -|    32|        no|
        | + VITIS_LOOP_78_4    |      736|      736|        46|          -|          -|    16|        no|
        | + VITIS_LOOP_92_6    |      240|      240|        30|          -|          -|     8|        no|
        |- VITIS_LOOP_122_9    |    27700|    27700|      5540|          -|          -|     5|        no|
        | + VITIS_LOOP_129_10  |     4544|     4544|       142|          -|          -|    32|        no|
        | + VITIS_LOOP_143_12  |      736|      736|        46|          -|          -|    16|        no|
        | + VITIS_LOOP_157_14  |      240|      240|        30|          -|          -|     8|        no|
        +----------------------+---------+---------+----------+-----------+-----------+------+----------+



================================================================
== Utilization Estimates
================================================================
* Summary: 
+---------------------+---------+-------+---------+---------+------+
|         Name        | BRAM_18K|  DSP  |    FF   |   LUT   | URAM |
+---------------------+---------+-------+---------+---------+------+
|DSP                  |        -|      -|        -|        -|     -|
|Expression           |        -|      -|        0|      764|     -|
|FIFO                 |        -|      -|        -|        -|     -|
|Instance             |        -|     12|     1595|     2108|     -|
|Memory               |        2|      -|      128|       24|     0|
|Multiplexer          |        -|      -|        -|      928|     -|
|Register             |        -|      -|      546|        -|     -|
+---------------------+---------+-------+---------+---------+------+
|Total                |        2|     12|     2269|     3824|     0|
+---------------------+---------+-------+---------+---------+------+
|Available SLR        |     1344|   3072|   864000|   432000|   320|
+---------------------+---------+-------+---------+---------+------+
|Utilization SLR (%)  |       ~0|     ~0|       ~0|       ~0|     0|
+---------------------+---------+-------+---------+---------+------+
|Available            |     5376|  12288|  3456000|  1728000|  1280|
+---------------------+---------+-------+---------+---------+------+
|Utilization (%)      |       ~0|     ~0|       ~0|       ~0|     0|
+---------------------+---------+-------+---------+---------+------+

+ Detail: 
    * Instance: 
    +-----------------------------------------------------+------------------------------------------+---------+----+-----+-----+-----+
    |                       Instance                      |                  Module                  | BRAM_18K| DSP|  FF | LUT | URAM|
    +-----------------------------------------------------+------------------------------------------+---------+----+-----+-----+-----+
    |grp_expert_engine_Pipeline_VITIS_LOOP_108_8_fu_527   |expert_engine_Pipeline_VITIS_LOOP_108_8   |        0|   0|  142|  125|    0|
    |grp_expert_engine_Pipeline_VITIS_LOOP_133_11_fu_537  |expert_engine_Pipeline_VITIS_LOOP_133_11  |        0|   0|  146|  141|    0|
    |grp_expert_engine_Pipeline_VITIS_LOOP_147_13_fu_548  |expert_engine_Pipeline_VITIS_LOOP_147_13  |        0|   0|  144|  134|    0|
    |grp_expert_engine_Pipeline_VITIS_LOOP_161_15_fu_558  |expert_engine_Pipeline_VITIS_LOOP_161_15  |        0|   0|  143|  130|    0|
    |grp_expert_engine_Pipeline_VITIS_LOOP_173_16_fu_568  |expert_engine_Pipeline_VITIS_LOOP_173_16  |        0|   0|  142|  125|    0|
    |grp_expert_engine_Pipeline_VITIS_LOOP_68_3_fu_496    |expert_engine_Pipeline_VITIS_LOOP_68_3    |        0|   0|  146|  141|    0|
    |grp_expert_engine_Pipeline_VITIS_LOOP_82_5_fu_507    |expert_engine_Pipeline_VITIS_LOOP_82_5    |        0|   0|  144|  134|    0|
    |grp_expert_engine_Pipeline_VITIS_LOOP_96_7_fu_517    |expert_engine_Pipeline_VITIS_LOOP_96_7    |        0|   0|  143|  130|    0|
    |fadd_32ns_32ns_32_2_full_dsp_1_U81                   |fadd_32ns_32ns_32_2_full_dsp_1            |        0|   2|  177|  233|    0|
    |fcmp_32ns_32ns_1_1_no_dsp_1_U82                      |fcmp_32ns_32ns_1_1_no_dsp_1               |        0|   0|    0|    0|    0|
    |fexp_32ns_32ns_32_4_full_dsp_1_U83                   |fexp_32ns_32ns_32_4_full_dsp_1            |        0|   7|  140|  737|    0|
    |fmul_32ns_32ns_32_2_max_dsp_1_U84                    |fmul_32ns_32ns_32_2_max_dsp_1             |        0|   3|  128|   78|    0|
    +-----------------------------------------------------+------------------------------------------+---------+----+-----+-----+-----+
    |Total                                                |                                          |        0|  12| 1595| 2108|    0|
    +-----------------------------------------------------+------------------------------------------+---------+----+-----+-----+-----+

    * DSP: 
    N/A

    * Memory: 
    +--------+--------------------------------+---------+----+----+-----+------+-----+------+-------------+
    | Memory |             Module             | BRAM_18K| FF | LUT| URAM| Words| Bits| Banks| W*Bits*Banks|
    +--------+--------------------------------+---------+----+----+-----+------+-----+------+-------------+
    |l1_U    |expert_engine_l1_RAM_AUTO_1R1W  |        1|   0|   0|    0|    32|   32|     1|         1024|
    |l1_2_U  |expert_engine_l1_RAM_AUTO_1R1W  |        1|   0|   0|    0|    32|   32|     1|         1024|
    |l2_U    |expert_engine_l2_RAM_AUTO_1R1W  |        0|  32|   8|    0|    16|   32|     1|          512|
    |l2_2_U  |expert_engine_l2_RAM_AUTO_1R1W  |        0|  32|   8|    0|    16|   32|     1|          512|
    |l3_U    |expert_engine_l3_RAM_AUTO_1R1W  |        0|  32|   4|    0|     8|   32|     1|          256|
    |l3_2_U  |expert_engine_l3_RAM_AUTO_1R1W  |        0|  32|   4|    0|     8|   32|     1|          256|
    +--------+--------------------------------+---------+----+----+-----+------+-----+------+-------------+
    |Total   |                                |        2| 128|  24|    0|   112|  192|     6|         3584|
    +--------+--------------------------------+---------+----+----+-----+------+-----+------+-------------+

    * FIFO: 
    N/A

    * Expression: 
    +------------------------+----------+----+---+----+------------+------------+
    |      Variable Name     | Operation| DSP| FF| LUT| Bitwidth P0| Bitwidth P1|
    +------------------------+----------+----+---+----+------------+------------+
    |add_ln122_fu_961_p2     |         +|   0|  0|  10|           3|           1|
    |add_ln129_fu_1001_p2    |         +|   0|  0|  13|           6|           1|
    |add_ln136_fu_1011_p2    |         +|   0|  0|  15|           8|           8|
    |add_ln143_fu_1097_p2    |         +|   0|  0|  12|           5|           1|
    |add_ln150_fu_1107_p2    |         +|   0|  0|  14|           7|           7|
    |add_ln157_fu_1193_p2    |         +|   0|  0|  12|           4|           1|
    |add_ln164_fu_1203_p2    |         +|   0|  0|  13|           6|           6|
    |add_ln57_fu_612_p2      |         +|   0|  0|  10|           3|           1|
    |add_ln64_fu_657_p2      |         +|   0|  0|  13|           6|           1|
    |add_ln71_fu_667_p2      |         +|   0|  0|  15|           8|           8|
    |add_ln78_fu_753_p2      |         +|   0|  0|  12|           5|           1|
    |add_ln85_fu_763_p2      |         +|   0|  0|  14|           7|           7|
    |add_ln92_fu_849_p2      |         +|   0|  0|  12|           4|           1|
    |add_ln99_fu_859_p2      |         +|   0|  0|  13|           6|           6|
    |and_ln8_10_fu_1274_p2   |       and|   0|  0|   2|           1|           1|
    |and_ln8_6_fu_1078_p2    |       and|   0|  0|   2|           1|           1|
    |and_ln8_7_fu_830_p2     |       and|   0|  0|   2|           1|           1|
    |and_ln8_8_fu_1174_p2    |       and|   0|  0|   2|           1|           1|
    |and_ln8_9_fu_930_p2     |       and|   0|  0|   2|           1|           1|
    |and_ln8_fu_734_p2       |       and|   0|  0|   2|           1|           1|
    |icmp_ln122_fu_955_p2    |      icmp|   0|  0|  10|           3|           3|
    |icmp_ln129_fu_995_p2    |      icmp|   0|  0|  14|           6|           7|
    |icmp_ln143_fu_1091_p2   |      icmp|   0|  0|  13|           5|           6|
    |icmp_ln157_fu_1187_p2   |      icmp|   0|  0|  12|           4|           5|
    |icmp_ln57_fu_606_p2     |      icmp|   0|  0|  10|           3|           3|
    |icmp_ln64_fu_651_p2     |      icmp|   0|  0|  14|           6|           7|
    |icmp_ln78_fu_747_p2     |      icmp|   0|  0|  13|           5|           6|
    |icmp_ln8_12_fu_722_p2   |      icmp|   0|  0|  30|          23|           1|
    |icmp_ln8_13_fu_1060_p2  |      icmp|   0|  0|  15|           8|           2|
    |icmp_ln8_14_fu_1066_p2  |      icmp|   0|  0|  30|          23|           1|
    |icmp_ln8_15_fu_812_p2   |      icmp|   0|  0|  15|           8|           2|
    |icmp_ln8_16_fu_818_p2   |      icmp|   0|  0|  30|          23|           1|
    |icmp_ln8_17_fu_1156_p2  |      icmp|   0|  0|  15|           8|           2|
    |icmp_ln8_18_fu_1162_p2  |      icmp|   0|  0|  30|          23|           1|
    |icmp_ln8_19_fu_912_p2   |      icmp|   0|  0|  15|           8|           2|
    |icmp_ln8_20_fu_918_p2   |      icmp|   0|  0|  30|          23|           1|
    |icmp_ln8_21_fu_1256_p2  |      icmp|   0|  0|  15|           8|           2|
    |icmp_ln8_22_fu_1262_p2  |      icmp|   0|  0|  30|          23|           1|
    |icmp_ln8_fu_716_p2      |      icmp|   0|  0|  15|           8|           2|
    |icmp_ln92_fu_843_p2     |      icmp|   0|  0|  12|           4|           5|
    |ap_block_state1         |        or|   0|  0|   2|           1|           1|
    |or_ln8_10_fu_1268_p2    |        or|   0|  0|   2|           1|           1|
    |or_ln8_6_fu_1072_p2     |        or|   0|  0|   2|           1|           1|
    |or_ln8_7_fu_824_p2      |        or|   0|  0|   2|           1|           1|
    |or_ln8_8_fu_1168_p2     |        or|   0|  0|   2|           1|           1|
    |or_ln8_9_fu_924_p2      |        or|   0|  0|   2|           1|           1|
    |or_ln8_fu_728_p2        |        or|   0|  0|   2|           1|           1|
    |l1_2_d0                 |    select|   0|  0|  32|           1|          32|
    |l1_d0                   |    select|   0|  0|  32|           1|          32|
    |l2_2_d0                 |    select|   0|  0|  32|           1|          32|
    |l2_d0                   |    select|   0|  0|  32|           1|          32|
    |l3_2_d0                 |    select|   0|  0|  32|           1|          32|
    |l3_d0                   |    select|   0|  0|  32|           1|          32|
    +------------------------+----------+----+---+----+------------+------------+
    |Total                   |          |   0|  0| 764|         319|         315|
    +------------------------+----------+----+---+----+------------+------------+

    * Multiplexer: 
    +------------------+-----+-----------+-----+-----------+
    |       Name       | LUT | Input Size| Bits| Total Bits|
    +------------------+-----+-----------+-----+-----------+
    |ap_NS_fsm         |  273|         64|    1|         64|
    |ap_done           |    9|          2|    1|          2|
    |grp_fu_1654_ce    |   49|          9|    1|          9|
    |grp_fu_1654_p0    |   49|          9|   32|        288|
    |grp_fu_1654_p1    |   49|          9|   32|        288|
    |grp_fu_578_ce     |   49|          9|    1|          9|
    |grp_fu_578_p0     |   54|         10|   32|        320|
    |grp_fu_578_p1     |   54|         10|   32|        320|
    |grp_fu_583_p0     |   37|          7|   32|        224|
    |grp_fu_588_p1     |   37|          7|   32|        224|
    |i_10_reg_484      |    9|          2|    4|          8|
    |i_6_reg_460       |    9|          2|    6|         12|
    |i_7_reg_436       |    9|          2|    5|         10|
    |i_8_reg_472       |    9|          2|    5|         10|
    |i_9_reg_448       |    9|          2|    4|          8|
    |i_reg_424         |    9|          2|    6|         12|
    |input_r_address0  |   14|          3|    7|         21|
    |input_r_ce0       |   14|          3|    1|          3|
    |l1_2_address0     |   14|          3|    5|         15|
    |l1_2_ce0          |   14|          3|    1|          3|
    |l1_address0       |   14|          3|    5|         15|
    |l1_ce0            |   14|          3|    1|          3|
    |l2_2_address0     |   14|          3|    4|         12|
    |l2_2_ce0          |   14|          3|    1|          3|
    |l2_address0       |   14|          3|    4|         12|
    |l2_ce0            |   14|          3|    1|          3|
    |l3_2_address0     |   14|          3|    3|          9|
    |l3_2_ce0          |   14|          3|    1|          3|
    |l3_address0       |   14|          3|    3|          9|
    |l3_ce0            |   14|          3|    1|          3|
    |obj_2_fu_218      |    9|          2|    3|          6|
    |obj_fu_158        |    9|          2|    3|          6|
    +------------------+-----+-----------+-----+-----------+
    |Total             |  928|        194|  270|       1934|
    +------------------+-----+-----------+-----+-----------+

    * Register: 
    +------------------------------------------------------------------+----+----+-----+-----------+
    |                               Name                               | FF | LUT| Bits| Const Bits|
    +------------------------------------------------------------------+----+----+-----+-----------+
    |add_ln122_reg_1509                                                |   3|   0|    3|          0|
    |add_ln129_reg_1539                                                |   6|   0|    6|          0|
    |add_ln136_reg_1544                                                |   8|   0|    8|          0|
    |add_ln143_reg_1575                                                |   5|   0|    5|          0|
    |add_ln150_reg_1580                                                |   7|   0|    7|          0|
    |add_ln157_reg_1611                                                |   4|   0|    4|          0|
    |add_ln164_reg_1616                                                |   6|   0|    6|          0|
    |add_ln57_reg_1354                                                 |   3|   0|    3|          0|
    |add_ln64_reg_1391                                                 |   6|   0|    6|          0|
    |add_ln71_reg_1396                                                 |   8|   0|    8|          0|
    |add_ln78_reg_1427                                                 |   5|   0|    5|          0|
    |add_ln85_reg_1432                                                 |   7|   0|    7|          0|
    |add_ln92_reg_1463                                                 |   4|   0|    4|          0|
    |add_ln99_reg_1468                                                 |   6|   0|    6|          0|
    |ap_CS_fsm                                                         |  63|   0|   63|          0|
    |ap_done_reg                                                       |   1|   0|    1|          0|
    |grp_expert_engine_Pipeline_VITIS_LOOP_108_8_fu_527_ap_start_reg   |   1|   0|    1|          0|
    |grp_expert_engine_Pipeline_VITIS_LOOP_133_11_fu_537_ap_start_reg  |   1|   0|    1|          0|
    |grp_expert_engine_Pipeline_VITIS_LOOP_147_13_fu_548_ap_start_reg  |   1|   0|    1|          0|
    |grp_expert_engine_Pipeline_VITIS_LOOP_161_15_fu_558_ap_start_reg  |   1|   0|    1|          0|
    |grp_expert_engine_Pipeline_VITIS_LOOP_173_16_fu_568_ap_start_reg  |   1|   0|    1|          0|
    |grp_expert_engine_Pipeline_VITIS_LOOP_68_3_fu_496_ap_start_reg    |   1|   0|    1|          0|
    |grp_expert_engine_Pipeline_VITIS_LOOP_82_5_fu_507_ap_start_reg    |   1|   0|    1|          0|
    |grp_expert_engine_Pipeline_VITIS_LOOP_96_7_fu_517_ap_start_reg    |   1|   0|    1|          0|
    |i_10_reg_484                                                      |   4|   0|    4|          0|
    |i_6_reg_460                                                       |   6|   0|    6|          0|
    |i_7_reg_436                                                       |   5|   0|    5|          0|
    |i_8_reg_472                                                       |   5|   0|    5|          0|
    |i_9_reg_448                                                       |   4|   0|    4|          0|
    |i_reg_424                                                         |   6|   0|    6|          0|
    |obj_2_fu_218                                                      |   3|   0|    3|          0|
    |obj_fu_158                                                        |   3|   0|    3|          0|
    |reg_593                                                           |  32|   0|   32|          0|
    |result_6_reg_1649                                                 |  32|   0|   32|          0|
    |result_reg_1501                                                   |  32|   0|   32|          0|
    |sum_22_reg_1559                                                   |  32|   0|   32|          0|
    |sum_23_reg_1447                                                   |  32|   0|   32|          0|
    |sum_24_reg_1595                                                   |  32|   0|   32|          0|
    |sum_25_reg_1488                                                   |  32|   0|   32|          0|
    |sum_26_reg_1636                                                   |  32|   0|   32|          0|
    |sum_reg_1411                                                      |  32|   0|   32|          0|
    |tmp_18_reg_1419                                                   |   1|   0|    1|          0|
    |tmp_20_reg_1567                                                   |   1|   0|    1|          0|
    |tmp_22_reg_1455                                                   |   1|   0|    1|          0|
    |tmp_24_reg_1603                                                   |   1|   0|    1|          0|
    |tmp_26_reg_1496                                                   |   1|   0|    1|          0|
    |tmp_28_reg_1644                                                   |   1|   0|    1|          0|
    |tmp_29_reg_1365                                                   |   3|   0|    8|          5|
    |tmp_30_reg_1370                                                   |   3|   0|    7|          4|
    |tmp_31_reg_1375                                                   |   3|   0|    6|          3|
    |tmp_32_reg_1520                                                   |   3|   0|    8|          5|
    |tmp_33_reg_1525                                                   |   3|   0|    7|          4|
    |tmp_34_reg_1530                                                   |   3|   0|    6|          3|
    |tmp_35_reg_1406                                                   |   8|   0|   15|          7|
    |tmp_36_reg_1554                                                   |   8|   0|   15|          7|
    |tmp_37_reg_1442                                                   |   7|   0|   12|          5|
    |tmp_38_reg_1590                                                   |   7|   0|   12|          5|
    |tmp_39_reg_1483                                                   |   6|   0|   10|          4|
    |tmp_40_reg_1631                                                   |   6|   0|   10|          4|
    |zext_ln122_reg_1514                                               |   3|   0|   64|         61|
    |zext_ln57_reg_1359                                                |   3|   0|   64|         61|
    +------------------------------------------------------------------+----+----+-----+-----------+
    |Total                                                             | 546|   0|  724|        178|
    +------------------------------------------------------------------+----+----+-----+-----------+



================================================================
== Interface
================================================================
* Summary: 
+--------------------+-----+-----+------------+---------------+--------------+
|      RTL Ports     | Dir | Bits|  Protocol  | Source Object |    C Type    |
+--------------------+-----+-----+------------+---------------+--------------+
|ap_clk              |   in|    1|  ap_ctrl_hs|  expert_engine|  return value|
|ap_rst              |   in|    1|  ap_ctrl_hs|  expert_engine|  return value|
|ap_start            |   in|    1|  ap_ctrl_hs|  expert_engine|  return value|
|ap_done             |  out|    1|  ap_ctrl_hs|  expert_engine|  return value|
|ap_continue         |   in|    1|  ap_ctrl_hs|  expert_engine|  return value|
|ap_idle             |  out|    1|  ap_ctrl_hs|  expert_engine|  return value|
|ap_ready            |  out|    1|  ap_ctrl_hs|  expert_engine|  return value|
|input_r_address0    |  out|    7|   ap_memory|        input_r|         array|
|input_r_ce0         |  out|    1|   ap_memory|        input_r|         array|
|input_r_q0          |   in|   32|   ap_memory|        input_r|         array|
|w1_0_address0       |  out|   15|   ap_memory|           w1_0|         array|
|w1_0_ce0            |  out|    1|   ap_memory|           w1_0|         array|
|w1_0_q0             |   in|   32|   ap_memory|           w1_0|         array|
|b1_0_address0       |  out|    8|   ap_memory|           b1_0|         array|
|b1_0_ce0            |  out|    1|   ap_memory|           b1_0|         array|
|b1_0_q0             |   in|   32|   ap_memory|           b1_0|         array|
|w2_0_address0       |  out|   12|   ap_memory|           w2_0|         array|
|w2_0_ce0            |  out|    1|   ap_memory|           w2_0|         array|
|w2_0_q0             |   in|   32|   ap_memory|           w2_0|         array|
|b2_0_address0       |  out|    7|   ap_memory|           b2_0|         array|
|b2_0_ce0            |  out|    1|   ap_memory|           b2_0|         array|
|b2_0_q0             |   in|   32|   ap_memory|           b2_0|         array|
|w3_0_address0       |  out|   10|   ap_memory|           w3_0|         array|
|w3_0_ce0            |  out|    1|   ap_memory|           w3_0|         array|
|w3_0_q0             |   in|   32|   ap_memory|           w3_0|         array|
|b3_0_address0       |  out|    6|   ap_memory|           b3_0|         array|
|b3_0_ce0            |  out|    1|   ap_memory|           b3_0|         array|
|b3_0_q0             |   in|   32|   ap_memory|           b3_0|         array|
|w4_0_address0       |  out|    6|   ap_memory|           w4_0|         array|
|w4_0_ce0            |  out|    1|   ap_memory|           w4_0|         array|
|w4_0_q0             |   in|   32|   ap_memory|           w4_0|         array|
|b4_0_address0       |  out|    3|   ap_memory|           b4_0|         array|
|b4_0_ce0            |  out|    1|   ap_memory|           b4_0|         array|
|b4_0_q0             |   in|   32|   ap_memory|           b4_0|         array|
|w1_2_address0       |  out|   15|   ap_memory|           w1_2|         array|
|w1_2_ce0            |  out|    1|   ap_memory|           w1_2|         array|
|w1_2_q0             |   in|   32|   ap_memory|           w1_2|         array|
|b1_2_address0       |  out|    8|   ap_memory|           b1_2|         array|
|b1_2_ce0            |  out|    1|   ap_memory|           b1_2|         array|
|b1_2_q0             |   in|   32|   ap_memory|           b1_2|         array|
|w2_2_address0       |  out|   12|   ap_memory|           w2_2|         array|
|w2_2_ce0            |  out|    1|   ap_memory|           w2_2|         array|
|w2_2_q0             |   in|   32|   ap_memory|           w2_2|         array|
|b2_2_address0       |  out|    7|   ap_memory|           b2_2|         array|
|b2_2_ce0            |  out|    1|   ap_memory|           b2_2|         array|
|b2_2_q0             |   in|   32|   ap_memory|           b2_2|         array|
|w3_2_address0       |  out|   10|   ap_memory|           w3_2|         array|
|w3_2_ce0            |  out|    1|   ap_memory|           w3_2|         array|
|w3_2_q0             |   in|   32|   ap_memory|           w3_2|         array|
|b3_2_address0       |  out|    6|   ap_memory|           b3_2|         array|
|b3_2_ce0            |  out|    1|   ap_memory|           b3_2|         array|
|b3_2_q0             |   in|   32|   ap_memory|           b3_2|         array|
|w4_2_address0       |  out|    6|   ap_memory|           w4_2|         array|
|w4_2_ce0            |  out|    1|   ap_memory|           w4_2|         array|
|w4_2_q0             |   in|   32|   ap_memory|           w4_2|         array|
|b4_2_address0       |  out|    3|   ap_memory|           b4_2|         array|
|b4_2_ce0            |  out|    1|   ap_memory|           b4_2|         array|
|b4_2_q0             |   in|   32|   ap_memory|           b4_2|         array|
|outputs_0_address0  |  out|    3|   ap_memory|      outputs_0|         array|
|outputs_0_ce0       |  out|    1|   ap_memory|      outputs_0|         array|
|outputs_0_we0       |  out|    1|   ap_memory|      outputs_0|         array|
|outputs_0_d0        |  out|   32|   ap_memory|      outputs_0|         array|
|outputs_1_address0  |  out|    3|   ap_memory|      outputs_1|         array|
|outputs_1_ce0       |  out|    1|   ap_memory|      outputs_1|         array|
|outputs_1_we0       |  out|    1|   ap_memory|      outputs_1|         array|
|outputs_1_d0        |  out|   32|   ap_memory|      outputs_1|         array|
+--------------------+-----+-----+------------+---------------+--------------+

