

================================================================
== Vitis HLS Report for 'expert_engine_Pipeline_VITIS_LOOP_133_11'
================================================================
* Date:           Sat Sep 12 20:19:19 2026

* Version:        2023.2 (Build 4023990 on Oct 11 2023)
* Project:        HLS_GraphMoE_Run6
* Solution:       solution1 (Vivado IP Flow Target)
* Product family: virtexuplus
* Target device:  xcvu13p_CIV-figd2104-3-e


================================================================
== Performance Estimates
================================================================
+ Timing: 
    * Summary: 
    +--------+----------+----------+------------+
    |  Clock |  Target  | Estimated| Uncertainty|
    +--------+----------+----------+------------+
    |ap_clk  |  10.00 ns|  6.409 ns|     2.70 ns|
    +--------+----------+----------+------------+

+ Latency: 
    * Summary: 
    +---------+---------+----------+----------+-----+-----+---------+
    |  Latency (cycles) |  Latency (absolute) |  Interval | Pipeline|
    |   min   |   max   |    min   |    max   | min | max |   Type  |
    +---------+---------+----------+----------+-----+-----+---------+
    |      133|      133|  1.330 us|  1.330 us|  133|  133|       no|
    +---------+---------+----------+----------+-----+-----+---------+

    + Detail: 
        * Instance: 
        N/A

        * Loop: 
        +---------------------+---------+---------+----------+-----------+-----------+------+----------+
        |                     |  Latency (cycles) | Iteration|  Initiation Interval  | Trip |          |
        |      Loop Name      |   min   |   max   |  Latency |  achieved |   target  | Count| Pipelined|
        +---------------------+---------+---------+----------+-----------+-----------+------+----------+
        |- VITIS_LOOP_133_11  |      131|      131|         5|          1|          1|   128|       yes|
        +---------------------+---------+---------+----------+-----------+-----------+------+----------+



================================================================
== Utilization Estimates
================================================================
* Summary: 
+---------------------+---------+-------+---------+---------+------+
|         Name        | BRAM_18K|  DSP  |    FF   |   LUT   | URAM |
+---------------------+---------+-------+---------+---------+------+
|DSP                  |        -|      -|        -|        -|     -|
|Expression           |        -|      -|        0|       55|     -|
|FIFO                 |        -|      -|        -|        -|     -|
|Instance             |        -|      -|        -|        -|     -|
|Memory               |        -|      -|        -|        -|     -|
|Multiplexer          |        -|      -|        -|       54|     -|
|Register             |        -|      -|      146|       32|     -|
+---------------------+---------+-------+---------+---------+------+
|Total                |        0|      0|      146|      141|     0|
+---------------------+---------+-------+---------+---------+------+
|Available SLR        |     1344|   3072|   864000|   432000|   320|
+---------------------+---------+-------+---------+---------+------+
|Utilization SLR (%)  |        0|      0|       ~0|       ~0|     0|
+---------------------+---------+-------+---------+---------+------+
|Available            |     5376|  12288|  3456000|  1728000|  1280|
+---------------------+---------+-------+---------+---------+------+
|Utilization (%)      |        0|      0|       ~0|       ~0|     0|
+---------------------+---------+-------+---------+---------+------+

+ Detail: 
    * Instance: 
    N/A

    * DSP: 
    N/A

    * Memory: 
    N/A

    * FIFO: 
    N/A

    * Expression: 
    +----------------------+----------+----+---+----+------------+------------+
    |     Variable Name    | Operation| DSP| FF| LUT| Bitwidth P0| Bitwidth P1|
    +----------------------+----------+----+---+----+------------+------------+
    |add_ln133_fu_132_p2   |         +|   0|  0|  15|           8|           1|
    |add_ln136_fu_147_p2   |         +|   0|  0|  22|          15|          15|
    |icmp_ln133_fu_126_p2  |      icmp|   0|  0|  16|           8|           9|
    |ap_enable_pp0         |       xor|   0|  0|   2|           1|           2|
    +----------------------+----------+----+---+----+------------+------------+
    |Total                 |          |   0|  0|  55|          32|          27|
    +----------------------+----------+----+---+----+------------+------------+

    * Multiplexer: 
    +-----------------------------+----+-----------+-----+-----------+
    |             Name            | LUT| Input Size| Bits| Total Bits|
    +-----------------------------+----+-----------+-----+-----------+
    |ap_done_int                  |   9|          2|    1|          2|
    |ap_enable_reg_pp0_iter1      |   9|          2|    1|          2|
    |ap_sig_allocacmp_j_7         |   9|          2|    8|         16|
    |ap_sig_allocacmp_sum_load_5  |   9|          2|   32|         64|
    |j_fu_56                      |   9|          2|    8|         16|
    |sum_fu_52                    |   9|          2|   32|         64|
    +-----------------------------+----+-----------+-----+-----------+
    |Total                        |  54|         12|   82|        164|
    +-----------------------------+----+-----------+-----+-----------+

    * Register: 
    +----------------------------------+----+----+-----+-----------+
    |               Name               | FF | LUT| Bits| Const Bits|
    +----------------------------------+----+----+-----+-----------+
    |ap_CS_fsm                         |   1|   0|    1|          0|
    |ap_done_reg                       |   1|   0|    1|          0|
    |ap_enable_reg_pp0_iter1           |   1|   0|    1|          0|
    |ap_enable_reg_pp0_iter2           |   1|   0|    1|          0|
    |ap_enable_reg_pp0_iter3           |   1|   0|    1|          0|
    |ap_enable_reg_pp0_iter4           |   1|   0|    1|          0|
    |ap_loop_exit_ready_pp0_iter1_reg  |   1|   0|    1|          0|
    |ap_loop_exit_ready_pp0_iter2_reg  |   1|   0|    1|          0|
    |ap_loop_exit_ready_pp0_iter3_reg  |   1|   0|    1|          0|
    |icmp_ln133_reg_201                |   1|   0|    1|          0|
    |j_fu_56                           |   8|   0|    8|          0|
    |mul3_reg_225                      |  32|   0|   32|          0|
    |sum_fu_52                         |  32|   0|   32|          0|
    |icmp_ln133_reg_201                |  64|  32|    1|          0|
    +----------------------------------+----+----+-----+-----------+
    |Total                             | 146|  32|   83|          0|
    +----------------------------------+----+----+-----+-----------+



================================================================
== Interface
================================================================
* Summary: 
+---------------------+-----+-----+------------+------------------------------------------+--------------+
|      RTL Ports      | Dir | Bits|  Protocol  |               Source Object              |    C Type    |
+---------------------+-----+-----+------------+------------------------------------------+--------------+
|ap_clk               |   in|    1|  ap_ctrl_hs|  expert_engine_Pipeline_VITIS_LOOP_133_11|  return value|
|ap_rst               |   in|    1|  ap_ctrl_hs|  expert_engine_Pipeline_VITIS_LOOP_133_11|  return value|
|ap_start             |   in|    1|  ap_ctrl_hs|  expert_engine_Pipeline_VITIS_LOOP_133_11|  return value|
|ap_done              |  out|    1|  ap_ctrl_hs|  expert_engine_Pipeline_VITIS_LOOP_133_11|  return value|
|ap_idle              |  out|    1|  ap_ctrl_hs|  expert_engine_Pipeline_VITIS_LOOP_133_11|  return value|
|ap_ready             |  out|    1|  ap_ctrl_hs|  expert_engine_Pipeline_VITIS_LOOP_133_11|  return value|
|grp_fu_578_p_din0    |  out|   32|  ap_ctrl_hs|  expert_engine_Pipeline_VITIS_LOOP_133_11|  return value|
|grp_fu_578_p_din1    |  out|   32|  ap_ctrl_hs|  expert_engine_Pipeline_VITIS_LOOP_133_11|  return value|
|grp_fu_578_p_opcode  |  out|    2|  ap_ctrl_hs|  expert_engine_Pipeline_VITIS_LOOP_133_11|  return value|
|grp_fu_578_p_dout0   |   in|   32|  ap_ctrl_hs|  expert_engine_Pipeline_VITIS_LOOP_133_11|  return value|
|grp_fu_578_p_ce      |  out|    1|  ap_ctrl_hs|  expert_engine_Pipeline_VITIS_LOOP_133_11|  return value|
|grp_fu_1654_p_din0   |  out|   32|  ap_ctrl_hs|  expert_engine_Pipeline_VITIS_LOOP_133_11|  return value|
|grp_fu_1654_p_din1   |  out|   32|  ap_ctrl_hs|  expert_engine_Pipeline_VITIS_LOOP_133_11|  return value|
|grp_fu_1654_p_dout0  |   in|   32|  ap_ctrl_hs|  expert_engine_Pipeline_VITIS_LOOP_133_11|  return value|
|grp_fu_1654_p_ce     |  out|    1|  ap_ctrl_hs|  expert_engine_Pipeline_VITIS_LOOP_133_11|  return value|
|sum_24               |   in|   32|     ap_none|                                    sum_24|        scalar|
|empty                |   in|   15|     ap_none|                                     empty|        scalar|
|w1_2_address0        |  out|   15|   ap_memory|                                      w1_2|         array|
|w1_2_ce0             |  out|    1|   ap_memory|                                      w1_2|         array|
|w1_2_q0              |   in|   32|   ap_memory|                                      w1_2|         array|
|input_r_address0     |  out|    7|   ap_memory|                                   input_r|         array|
|input_r_ce0          |  out|    1|   ap_memory|                                   input_r|         array|
|input_r_q0           |   in|   32|   ap_memory|                                   input_r|         array|
|sum_29_out           |  out|   32|      ap_vld|                                sum_29_out|       pointer|
|sum_29_out_ap_vld    |  out|    1|      ap_vld|                                sum_29_out|       pointer|
+---------------------+-----+-----+------------+------------------------------------------+--------------+

