

================================================================
== Vitis HLS Report for 'graph_moe_Pipeline_VITIS_LOOP_408_1_VITIS_LOOP_412_2'
================================================================
* Date:           Sat Sep 12 20:19:18 2026

* Version:        2023.2 (Build 4023990 on Oct 11 2023)
* Project:        HLS_GraphMoE_Run6
* Solution:       solution1 (Vivado IP Flow Target)
* Product family: virtexuplus
* Target device:  xcvu13p_CIV-figd2104-3-e


================================================================
== Performance Estimates
================================================================
+ Timing: 
    * Summary: 
    +--------+----------+----------+------------+
    |  Clock |  Target  | Estimated| Uncertainty|
    +--------+----------+----------+------------+
    |ap_clk  |  10.00 ns|  6.951 ns|     2.70 ns|
    +--------+----------+----------+------------+

+ Latency: 
    * Summary: 
    +---------+---------+----------+----------+-----+-----+---------+
    |  Latency (cycles) |  Latency (absolute) |  Interval | Pipeline|
    |   min   |   max   |    min   |    max   | min | max |   Type  |
    +---------+---------+----------+----------+-----+-----+---------+
    |      517|      517|  5.170 us|  5.170 us|  517|  517|       no|
    +---------+---------+----------+----------+-----+-----+---------+

    + Detail: 
        * Instance: 
        N/A

        * Loop: 
        +-------------------------------------+---------+---------+----------+-----------+-----------+------+----------+
        |                                     |  Latency (cycles) | Iteration|  Initiation Interval  | Trip |          |
        |              Loop Name              |   min   |   max   |  Latency |  achieved |   target  | Count| Pipelined|
        +-------------------------------------+---------+---------+----------+-----------+-----------+------+----------+
        |- VITIS_LOOP_408_1_VITIS_LOOP_412_2  |      515|      515|         5|          1|          1|   512|       yes|
        +-------------------------------------+---------+---------+----------+-----------+-----------+------+----------+



================================================================
== Utilization Estimates
================================================================
* Summary: 
+---------------------+---------+-------+---------+---------+------+
|         Name        | BRAM_18K|  DSP  |    FF   |   LUT   | URAM |
+---------------------+---------+-------+---------+---------+------+
|DSP                  |        -|      -|        -|        -|     -|
|Expression           |        -|      -|        0|      125|     -|
|FIFO                 |        -|      -|        -|        -|     -|
|Instance             |        -|      -|        -|        -|     -|
|Memory               |        -|      -|        -|        -|     -|
|Multiplexer          |        -|      -|        -|       95|     -|
|Register             |        -|      -|      299|       96|     -|
+---------------------+---------+-------+---------+---------+------+
|Total                |        0|      0|      299|      316|     0|
+---------------------+---------+-------+---------+---------+------+
|Available SLR        |     1344|   3072|   864000|   432000|   320|
+---------------------+---------+-------+---------+---------+------+
|Utilization SLR (%)  |        0|      0|       ~0|       ~0|     0|
+---------------------+---------+-------+---------+---------+------+
|Available            |     5376|  12288|  3456000|  1728000|  1280|
+---------------------+---------+-------+---------+---------+------+
|Utilization (%)      |        0|      0|       ~0|       ~0|     0|
+---------------------+---------+-------+---------+---------+------+

+ Detail: 
    * Instance: 
    N/A

    * DSP: 
    N/A

    * Memory: 
    N/A

    * FIFO: 
    N/A

    * Expression: 
    +--------------------------+----------+----+---+----+------------+------------+
    |       Variable Name      | Operation| DSP| FF| LUT| Bitwidth P0| Bitwidth P1|
    +--------------------------+----------+----+---+----+------------+------------+
    |add_ln408_1_fu_167_p2     |         +|   0|  0|  17|          10|           1|
    |add_ln408_fu_179_p2       |         +|   0|  0|  10|           3|           1|
    |add_ln412_fu_245_p2       |         +|   0|  0|  15|           8|           1|
    |add_ln415_fu_234_p2       |         +|   0|  0|  16|           9|           9|
    |ap_condition_322          |       and|   0|  0|   2|           1|           1|
    |icmp_ln408_fu_161_p2      |      icmp|   0|  0|  18|          10|          11|
    |icmp_ln412_1_fu_251_p2    |      icmp|   0|  0|  16|           8|           9|
    |icmp_ln412_fu_185_p2      |      icmp|   0|  0|  16|           8|           9|
    |or_ln408_fu_191_p2        |        or|   0|  0|   2|           1|           1|
    |select_ln408_1_fu_205_p3  |    select|   0|  0|   3|           1|           3|
    |select_ln408_fu_197_p3    |    select|   0|  0|   8|           1|           1|
    |ap_enable_pp0             |       xor|   0|  0|   2|           1|           2|
    +--------------------------+----------+----+---+----+------------+------------+
    |Total                     |          |   0|  0| 125|          61|          49|
    +--------------------------+----------+----+---+----+------------+------------+

    * Multiplexer: 
    +--------------------------------------+----+-----------+-----+-----------+
    |                 Name                 | LUT| Input Size| Bits| Total Bits|
    +--------------------------------------+----+-----------+-----+-----------+
    |ap_done_int                           |   9|          2|    1|          2|
    |ap_enable_reg_pp0_iter1               |   9|          2|    1|          2|
    |ap_sig_allocacmp_e_load               |   9|          2|    3|          6|
    |ap_sig_allocacmp_i_load               |   9|          2|    8|         16|
    |ap_sig_allocacmp_indvar_flatten_load  |   9|          2|   10|         20|
    |ap_sig_allocacmp_sum_1_load           |  14|          3|   32|         96|
    |e_fu_60                               |   9|          2|    3|          6|
    |i_fu_56                               |   9|          2|    8|         16|
    |indvar_flatten_fu_64                  |   9|          2|   10|         20|
    |sum_1_fu_68                           |   9|          2|   32|         64|
    +--------------------------------------+----+-----------+-----+-----------+
    |Total                                 |  95|         21|  108|        248|
    +--------------------------------------+----+-----------+-----+-----------+

    * Register: 
    +--------------------------------------+----+----+-----+-----------+
    |                 Name                 | FF | LUT| Bits| Const Bits|
    +--------------------------------------+----+----+-----+-----------+
    |ap_CS_fsm                             |   1|   0|    1|          0|
    |ap_done_reg                           |   1|   0|    1|          0|
    |ap_enable_reg_pp0_iter1               |   1|   0|    1|          0|
    |ap_enable_reg_pp0_iter2               |   1|   0|    1|          0|
    |ap_enable_reg_pp0_iter3               |   1|   0|    1|          0|
    |ap_enable_reg_pp0_iter4               |   1|   0|    1|          0|
    |ap_loop_exit_ready_pp0_iter1_reg      |   1|   0|    1|          0|
    |ap_loop_exit_ready_pp0_iter2_reg      |   1|   0|    1|          0|
    |ap_loop_exit_ready_pp0_iter3_reg      |   1|   0|    1|          0|
    |e_fu_60                               |   3|   0|    3|          0|
    |i_fu_56                               |   8|   0|    8|          0|
    |icmp_ln408_reg_333                    |   1|   0|    1|          0|
    |icmp_ln412_1_reg_356                  |   1|   0|    1|          0|
    |indvar_flatten_fu_64                  |  10|   0|   10|          0|
    |logits_addr_reg_380                   |   2|   0|    2|          0|
    |logits_addr_reg_380_pp0_iter3_reg     |   2|   0|    2|          0|
    |mul_reg_375                           |  32|   0|   32|          0|
    |or_ln408_reg_337                      |   1|   0|    1|          0|
    |select_ln408_1_reg_341                |   3|   0|    3|          0|
    |select_ln408_1_reg_341_pp0_iter1_reg  |   3|   0|    3|          0|
    |sum_1_fu_68                           |  32|   0|   32|          0|
    |icmp_ln408_reg_333                    |  64|  32|    1|          0|
    |icmp_ln412_1_reg_356                  |  64|  32|    1|          0|
    |or_ln408_reg_337                      |  64|  32|    1|          0|
    +--------------------------------------+----+----+-----+-----------+
    |Total                                 | 299|  96|  110|          0|
    +--------------------------------------+----+----+-----+-----------+



================================================================
== Interface
================================================================
* Summary: 
+----------------------+-----+-----+------------+------------------------------------------------------+--------------+
|       RTL Ports      | Dir | Bits|  Protocol  |                     Source Object                    |    C Type    |
+----------------------+-----+-----+------------+------------------------------------------------------+--------------+
|ap_clk                |   in|    1|  ap_ctrl_hs|  graph_moe_Pipeline_VITIS_LOOP_408_1_VITIS_LOOP_412_2|  return value|
|ap_rst                |   in|    1|  ap_ctrl_hs|  graph_moe_Pipeline_VITIS_LOOP_408_1_VITIS_LOOP_412_2|  return value|
|ap_start              |   in|    1|  ap_ctrl_hs|  graph_moe_Pipeline_VITIS_LOOP_408_1_VITIS_LOOP_412_2|  return value|
|ap_done               |  out|    1|  ap_ctrl_hs|  graph_moe_Pipeline_VITIS_LOOP_408_1_VITIS_LOOP_412_2|  return value|
|ap_idle               |  out|    1|  ap_ctrl_hs|  graph_moe_Pipeline_VITIS_LOOP_408_1_VITIS_LOOP_412_2|  return value|
|ap_ready              |  out|    1|  ap_ctrl_hs|  graph_moe_Pipeline_VITIS_LOOP_408_1_VITIS_LOOP_412_2|  return value|
|grp_fu_431_p_din0     |  out|   32|  ap_ctrl_hs|  graph_moe_Pipeline_VITIS_LOOP_408_1_VITIS_LOOP_412_2|  return value|
|grp_fu_431_p_din1     |  out|   32|  ap_ctrl_hs|  graph_moe_Pipeline_VITIS_LOOP_408_1_VITIS_LOOP_412_2|  return value|
|grp_fu_431_p_opcode   |  out|    1|  ap_ctrl_hs|  graph_moe_Pipeline_VITIS_LOOP_408_1_VITIS_LOOP_412_2|  return value|
|grp_fu_431_p_dout0    |   in|   32|  ap_ctrl_hs|  graph_moe_Pipeline_VITIS_LOOP_408_1_VITIS_LOOP_412_2|  return value|
|grp_fu_431_p_ce       |  out|    1|  ap_ctrl_hs|  graph_moe_Pipeline_VITIS_LOOP_408_1_VITIS_LOOP_412_2|  return value|
|grp_fu_435_p_din0     |  out|   32|  ap_ctrl_hs|  graph_moe_Pipeline_VITIS_LOOP_408_1_VITIS_LOOP_412_2|  return value|
|grp_fu_435_p_din1     |  out|   32|  ap_ctrl_hs|  graph_moe_Pipeline_VITIS_LOOP_408_1_VITIS_LOOP_412_2|  return value|
|grp_fu_435_p_dout0    |   in|   32|  ap_ctrl_hs|  graph_moe_Pipeline_VITIS_LOOP_408_1_VITIS_LOOP_412_2|  return value|
|grp_fu_435_p_ce       |  out|    1|  ap_ctrl_hs|  graph_moe_Pipeline_VITIS_LOOP_408_1_VITIS_LOOP_412_2|  return value|
|gate_weight_address0  |  out|    9|   ap_memory|                                           gate_weight|         array|
|gate_weight_ce0       |  out|    1|   ap_memory|                                           gate_weight|         array|
|gate_weight_q0        |   in|   32|   ap_memory|                                           gate_weight|         array|
|input_r_address0      |  out|    7|   ap_memory|                                               input_r|         array|
|input_r_ce0           |  out|    1|   ap_memory|                                               input_r|         array|
|input_r_q0            |   in|   32|   ap_memory|                                               input_r|         array|
|logits_address0       |  out|    2|   ap_memory|                                                logits|         array|
|logits_ce0            |  out|    1|   ap_memory|                                                logits|         array|
|logits_we0            |  out|    1|   ap_memory|                                                logits|         array|
|logits_d0             |  out|   32|   ap_memory|                                                logits|         array|
|gate_bias_address0    |  out|    2|   ap_memory|                                             gate_bias|         array|
|gate_bias_ce0         |  out|    1|   ap_memory|                                             gate_bias|         array|
|gate_bias_q0          |   in|   32|   ap_memory|                                             gate_bias|         array|
+----------------------+-----+-----+------------+------------------------------------------------------+--------------+

