

================================================================
== Vitis HLS Report for 'expert_engine_B'
================================================================
* Date:           Sun Sep 13 11:40:32 2026

* Version:        2023.2 (Build 4023990 on Oct 11 2023)
* Project:        HLS_OutputMoE_Run8
* Solution:       solution1 (Vivado IP Flow Target)
* Product family: virtexuplus
* Target device:  xcvu13p_CIV-figd2104-3-e


================================================================
== Performance Estimates
================================================================
+ Timing: 
    * Summary: 
    +--------+----------+----------+------------+
    |  Clock |  Target  | Estimated| Uncertainty|
    +--------+----------+----------+------------+
    |ap_clk  |  10.00 ns|  7.028 ns|     2.70 ns|
    +--------+----------+----------+------------+

+ Latency: 
    * Summary: 
    +---------+---------+----------+----------+-------+-------+---------+
    |  Latency (cycles) |  Latency (absolute) |    Interval   | Pipeline|
    |   min   |   max   |    min   |    max   |  min  |  max  |   Type  |
    +---------+---------+----------+----------+-------+-------+---------+
    |    47041|    47041|  0.470 ms|  0.470 ms|  47041|  47041|       no|
    +---------+---------+----------+----------+-------+-------+---------+

    + Detail: 
        * Instance: 
        +----------------------+----------+---------+---------+----------+----------+-------+-------+---------+
        |                      |          |  Latency (cycles) |  Latency (absolute) |    Interval   | Pipeline|
        |       Instance       |  Module  |   min   |   max   |    min   |    max   |  min  |  max  |   Type  |
        +----------------------+----------+---------+---------+----------+----------+-------+-------+---------+
        |grp_expert48_fu_1086  |expert48  |    23519|    23519|  0.235 ms|  0.235 ms|  23519|  23519|       no|
        |grp_expert_fu_1624    |expert    |    23519|    23519|  0.235 ms|  0.235 ms|  23519|  23519|       no|
        +----------------------+----------+---------+---------+----------+----------+-------+-------+---------+

        * Loop: 
        N/A



================================================================
== Utilization Estimates
================================================================
* Summary: 
+---------------------+---------+-------+---------+---------+------+
|         Name        | BRAM_18K|  DSP  |    FF   |   LUT   | URAM |
+---------------------+---------+-------+---------+---------+------+
|DSP                  |        -|      -|        -|        -|     -|
|Expression           |        -|      -|        0|        2|     -|
|FIFO                 |        -|      -|        -|        -|     -|
|Instance             |       90|    169|    85347|    55284|     0|
|Memory               |        -|      -|        -|        -|     -|
|Multiplexer          |        -|      -|        -|     2891|     -|
|Register             |        -|      -|        7|        -|     -|
+---------------------+---------+-------+---------+---------+------+
|Total                |       90|    169|    85354|    58177|     0|
+---------------------+---------+-------+---------+---------+------+
|Available SLR        |     1344|   3072|   864000|   432000|   320|
+---------------------+---------+-------+---------+---------+------+
|Utilization SLR (%)  |        6|      5|        9|       13|     0|
+---------------------+---------+-------+---------+---------+------+
|Available            |     5376|  12288|  3456000|  1728000|  1280|
+---------------------+---------+-------+---------+---------+------+
|Utilization (%)      |        1|      1|        2|        3|     0|
+---------------------+---------+-------+---------+---------+------+

+ Detail: 
    * Instance: 
    +--------------------------------------+--------------------------------+---------+----+-------+-------+-----+
    |               Instance               |             Module             | BRAM_18K| DSP|   FF  |  LUT  | URAM|
    +--------------------------------------+--------------------------------+---------+----+-------+-------+-----+
    |grp_expert_fu_1624                    |expert                          |       45|   0|  37635|  22181|    0|
    |grp_expert48_fu_1086                  |expert48                        |       45|   0|  37635|  22181|    0|
    |fadd_32ns_32ns_32_2_full_dsp_1_U6345  |fadd_32ns_32ns_32_2_full_dsp_1  |        0|   2|    177|    233|    0|
    |fadd_32ns_32ns_32_2_full_dsp_1_U6346  |fadd_32ns_32ns_32_2_full_dsp_1  |        0|   2|    177|    233|    0|
    |fadd_32ns_32ns_32_2_full_dsp_1_U6347  |fadd_32ns_32ns_32_2_full_dsp_1  |        0|   2|    177|    233|    0|
    |fadd_32ns_32ns_32_2_full_dsp_1_U6348  |fadd_32ns_32ns_32_2_full_dsp_1  |        0|   2|    177|    233|    0|
    |fadd_32ns_32ns_32_2_full_dsp_1_U6349  |fadd_32ns_32ns_32_2_full_dsp_1  |        0|   2|    177|    233|    0|
    |fadd_32ns_32ns_32_2_full_dsp_1_U6350  |fadd_32ns_32ns_32_2_full_dsp_1  |        0|   2|    177|    233|    0|
    |fadd_32ns_32ns_32_2_full_dsp_1_U6351  |fadd_32ns_32ns_32_2_full_dsp_1  |        0|   2|    177|    233|    0|
    |fadd_32ns_32ns_32_2_full_dsp_1_U6352  |fadd_32ns_32ns_32_2_full_dsp_1  |        0|   2|    177|    233|    0|
    |fadd_32ns_32ns_32_2_full_dsp_1_U6353  |fadd_32ns_32ns_32_2_full_dsp_1  |        0|   2|    177|    233|    0|
    |fadd_32ns_32ns_32_2_full_dsp_1_U6354  |fadd_32ns_32ns_32_2_full_dsp_1  |        0|   2|    177|    233|    0|
    |fadd_32ns_32ns_32_2_full_dsp_1_U6355  |fadd_32ns_32ns_32_2_full_dsp_1  |        0|   2|    177|    233|    0|
    |fadd_32ns_32ns_32_2_full_dsp_1_U6356  |fadd_32ns_32ns_32_2_full_dsp_1  |        0|   2|    177|    233|    0|
    |fadd_32ns_32ns_32_2_full_dsp_1_U6357  |fadd_32ns_32ns_32_2_full_dsp_1  |        0|   2|    177|    233|    0|
    |fadd_32ns_32ns_32_2_full_dsp_1_U6358  |fadd_32ns_32ns_32_2_full_dsp_1  |        0|   2|    177|    233|    0|
    |fadd_32ns_32ns_32_2_full_dsp_1_U6359  |fadd_32ns_32ns_32_2_full_dsp_1  |        0|   2|    177|    233|    0|
    |fadd_32ns_32ns_32_2_full_dsp_1_U6360  |fadd_32ns_32ns_32_2_full_dsp_1  |        0|   2|    177|    233|    0|
    |fadd_32ns_32ns_32_2_full_dsp_1_U6361  |fadd_32ns_32ns_32_2_full_dsp_1  |        0|   2|    177|    233|    0|
    |fadd_32ns_32ns_32_2_full_dsp_1_U6362  |fadd_32ns_32ns_32_2_full_dsp_1  |        0|   2|    177|    233|    0|
    |fadd_32ns_32ns_32_2_full_dsp_1_U6363  |fadd_32ns_32ns_32_2_full_dsp_1  |        0|   2|    177|    233|    0|
    |fadd_32ns_32ns_32_2_full_dsp_1_U6364  |fadd_32ns_32ns_32_2_full_dsp_1  |        0|   2|    177|    233|    0|
    |fadd_32ns_32ns_32_2_full_dsp_1_U6365  |fadd_32ns_32ns_32_2_full_dsp_1  |        0|   2|    177|    233|    0|
    |fadd_32ns_32ns_32_2_full_dsp_1_U6366  |fadd_32ns_32ns_32_2_full_dsp_1  |        0|   2|    177|    233|    0|
    |fadd_32ns_32ns_32_2_full_dsp_1_U6367  |fadd_32ns_32ns_32_2_full_dsp_1  |        0|   2|    177|    233|    0|
    |fadd_32ns_32ns_32_2_full_dsp_1_U6368  |fadd_32ns_32ns_32_2_full_dsp_1  |        0|   2|    177|    233|    0|
    |fadd_32ns_32ns_32_2_full_dsp_1_U6369  |fadd_32ns_32ns_32_2_full_dsp_1  |        0|   2|    177|    233|    0|
    |fadd_32ns_32ns_32_2_full_dsp_1_U6370  |fadd_32ns_32ns_32_2_full_dsp_1  |        0|   2|    177|    233|    0|
    |fadd_32ns_32ns_32_2_full_dsp_1_U6371  |fadd_32ns_32ns_32_2_full_dsp_1  |        0|   2|    177|    233|    0|
    |fadd_32ns_32ns_32_2_full_dsp_1_U6372  |fadd_32ns_32ns_32_2_full_dsp_1  |        0|   2|    177|    233|    0|
    |fadd_32ns_32ns_32_2_full_dsp_1_U6373  |fadd_32ns_32ns_32_2_full_dsp_1  |        0|   2|    177|    233|    0|
    |fadd_32ns_32ns_32_2_full_dsp_1_U6374  |fadd_32ns_32ns_32_2_full_dsp_1  |        0|   2|    177|    233|    0|
    |fadd_32ns_32ns_32_2_full_dsp_1_U6375  |fadd_32ns_32ns_32_2_full_dsp_1  |        0|   2|    177|    233|    0|
    |fadd_32ns_32ns_32_2_full_dsp_1_U6376  |fadd_32ns_32ns_32_2_full_dsp_1  |        0|   2|    177|    233|    0|
    |fadd_32ns_32ns_32_2_full_dsp_1_U6408  |fadd_32ns_32ns_32_2_full_dsp_1  |        0|   2|    177|    233|    0|
    |fexp_32ns_32ns_32_4_full_dsp_1_U6409  |fexp_32ns_32ns_32_4_full_dsp_1  |        0|   7|    140|    737|    0|
    |fmul_32ns_32ns_32_2_max_dsp_1_U6344   |fmul_32ns_32ns_32_2_max_dsp_1   |        0|   3|    128|     78|    0|
    |fmul_32ns_32ns_32_2_max_dsp_1_U6377   |fmul_32ns_32ns_32_2_max_dsp_1   |        0|   3|    128|     78|    0|
    |fmul_32ns_32ns_32_2_max_dsp_1_U6378   |fmul_32ns_32ns_32_2_max_dsp_1   |        0|   3|    128|     78|    0|
    |fmul_32ns_32ns_32_2_max_dsp_1_U6379   |fmul_32ns_32ns_32_2_max_dsp_1   |        0|   3|    128|     78|    0|
    |fmul_32ns_32ns_32_2_max_dsp_1_U6380   |fmul_32ns_32ns_32_2_max_dsp_1   |        0|   3|    128|     78|    0|
    |fmul_32ns_32ns_32_2_max_dsp_1_U6381   |fmul_32ns_32ns_32_2_max_dsp_1   |        0|   3|    128|     78|    0|
    |fmul_32ns_32ns_32_2_max_dsp_1_U6382   |fmul_32ns_32ns_32_2_max_dsp_1   |        0|   3|    128|     78|    0|
    |fmul_32ns_32ns_32_2_max_dsp_1_U6383   |fmul_32ns_32ns_32_2_max_dsp_1   |        0|   3|    128|     78|    0|
    |fmul_32ns_32ns_32_2_max_dsp_1_U6384   |fmul_32ns_32ns_32_2_max_dsp_1   |        0|   3|    128|     78|    0|
    |fmul_32ns_32ns_32_2_max_dsp_1_U6385   |fmul_32ns_32ns_32_2_max_dsp_1   |        0|   3|    128|     78|    0|
    |fmul_32ns_32ns_32_2_max_dsp_1_U6386   |fmul_32ns_32ns_32_2_max_dsp_1   |        0|   3|    128|     78|    0|
    |fmul_32ns_32ns_32_2_max_dsp_1_U6387   |fmul_32ns_32ns_32_2_max_dsp_1   |        0|   3|    128|     78|    0|
    |fmul_32ns_32ns_32_2_max_dsp_1_U6388   |fmul_32ns_32ns_32_2_max_dsp_1   |        0|   3|    128|     78|    0|
    |fmul_32ns_32ns_32_2_max_dsp_1_U6389   |fmul_32ns_32ns_32_2_max_dsp_1   |        0|   3|    128|     78|    0|
    |fmul_32ns_32ns_32_2_max_dsp_1_U6390   |fmul_32ns_32ns_32_2_max_dsp_1   |        0|   3|    128|     78|    0|
    |fmul_32ns_32ns_32_2_max_dsp_1_U6391   |fmul_32ns_32ns_32_2_max_dsp_1   |        0|   3|    128|     78|    0|
    |fmul_32ns_32ns_32_2_max_dsp_1_U6392   |fmul_32ns_32ns_32_2_max_dsp_1   |        0|   3|    128|     78|    0|
    |fmul_32ns_32ns_32_2_max_dsp_1_U6393   |fmul_32ns_32ns_32_2_max_dsp_1   |        0|   3|    128|     78|    0|
    |fmul_32ns_32ns_32_2_max_dsp_1_U6394   |fmul_32ns_32ns_32_2_max_dsp_1   |        0|   3|    128|     78|    0|
    |fmul_32ns_32ns_32_2_max_dsp_1_U6395   |fmul_32ns_32ns_32_2_max_dsp_1   |        0|   3|    128|     78|    0|
    |fmul_32ns_32ns_32_2_max_dsp_1_U6396   |fmul_32ns_32ns_32_2_max_dsp_1   |        0|   3|    128|     78|    0|
    |fmul_32ns_32ns_32_2_max_dsp_1_U6397   |fmul_32ns_32ns_32_2_max_dsp_1   |        0|   3|    128|     78|    0|
    |fmul_32ns_32ns_32_2_max_dsp_1_U6398   |fmul_32ns_32ns_32_2_max_dsp_1   |        0|   3|    128|     78|    0|
    |fmul_32ns_32ns_32_2_max_dsp_1_U6399   |fmul_32ns_32ns_32_2_max_dsp_1   |        0|   3|    128|     78|    0|
    |fmul_32ns_32ns_32_2_max_dsp_1_U6400   |fmul_32ns_32ns_32_2_max_dsp_1   |        0|   3|    128|     78|    0|
    |fmul_32ns_32ns_32_2_max_dsp_1_U6401   |fmul_32ns_32ns_32_2_max_dsp_1   |        0|   3|    128|     78|    0|
    |fmul_32ns_32ns_32_2_max_dsp_1_U6402   |fmul_32ns_32ns_32_2_max_dsp_1   |        0|   3|    128|     78|    0|
    |fmul_32ns_32ns_32_2_max_dsp_1_U6403   |fmul_32ns_32ns_32_2_max_dsp_1   |        0|   3|    128|     78|    0|
    |fmul_32ns_32ns_32_2_max_dsp_1_U6404   |fmul_32ns_32ns_32_2_max_dsp_1   |        0|   3|    128|     78|    0|
    |fmul_32ns_32ns_32_2_max_dsp_1_U6405   |fmul_32ns_32ns_32_2_max_dsp_1   |        0|   3|    128|     78|    0|
    |fmul_32ns_32ns_32_2_max_dsp_1_U6406   |fmul_32ns_32ns_32_2_max_dsp_1   |        0|   3|    128|     78|    0|
    |fmul_32ns_32ns_32_2_max_dsp_1_U6407   |fmul_32ns_32ns_32_2_max_dsp_1   |        0|   3|    128|     78|    0|
    +--------------------------------------+--------------------------------+---------+----+-------+-------+-----+
    |Total                                 |                                |       90| 169|  85347|  55284|    0|
    +--------------------------------------+--------------------------------+---------+----+-------+-------+-----+

    * DSP: 
    N/A

    * Memory: 
    N/A

    * FIFO: 
    N/A

    * Expression: 
    +-----------------+----------+----+---+----+------------+------------+
    |  Variable Name  | Operation| DSP| FF| LUT| Bitwidth P0| Bitwidth P1|
    +-----------------+----------+----+---+----+------------+------------+
    |ap_block_state1  |        or|   0|  0|   2|           1|           1|
    +-----------------+----------+----+---+----+------------+------------+
    |Total            |          |   0|  0|   2|           1|           1|
    +-----------------+----------+----+---+----+------------+------------+

    * Multiplexer: 
    +-------------------+----+-----------+-----+-----------+
    |        Name       | LUT| Input Size| Bits| Total Bits|
    +-------------------+----+-----------+-----+-----------+
    |ap_NS_fsm          |  26|          5|    1|          5|
    |ap_done            |   9|          2|    1|          2|
    |grp_fu_2162_ce     |  14|          3|    1|          3|
    |grp_fu_2162_p0     |  14|          3|   32|         96|
    |grp_fu_2162_p1     |  14|          3|   32|         96|
    |grp_fu_2166_ce     |  14|          3|    1|          3|
    |grp_fu_2166_p0     |  14|          3|   32|         96|
    |grp_fu_2166_p1     |  14|          3|   32|         96|
    |grp_fu_2170_ce     |  14|          3|    1|          3|
    |grp_fu_2170_p0     |  14|          3|   32|         96|
    |grp_fu_2170_p1     |  14|          3|   32|         96|
    |grp_fu_2174_ce     |  14|          3|    1|          3|
    |grp_fu_2174_p0     |  14|          3|   32|         96|
    |grp_fu_2174_p1     |  14|          3|   32|         96|
    |grp_fu_2178_ce     |  14|          3|    1|          3|
    |grp_fu_2178_p0     |  14|          3|   32|         96|
    |grp_fu_2178_p1     |  14|          3|   32|         96|
    |grp_fu_2182_ce     |  14|          3|    1|          3|
    |grp_fu_2182_p0     |  14|          3|   32|         96|
    |grp_fu_2182_p1     |  14|          3|   32|         96|
    |grp_fu_2186_ce     |  14|          3|    1|          3|
    |grp_fu_2186_p0     |  14|          3|   32|         96|
    |grp_fu_2186_p1     |  14|          3|   32|         96|
    |grp_fu_2190_ce     |  14|          3|    1|          3|
    |grp_fu_2190_p0     |  14|          3|   32|         96|
    |grp_fu_2190_p1     |  14|          3|   32|         96|
    |grp_fu_2194_ce     |  14|          3|    1|          3|
    |grp_fu_2194_p0     |  14|          3|   32|         96|
    |grp_fu_2194_p1     |  14|          3|   32|         96|
    |grp_fu_2198_ce     |  14|          3|    1|          3|
    |grp_fu_2198_p0     |  14|          3|   32|         96|
    |grp_fu_2198_p1     |  14|          3|   32|         96|
    |grp_fu_2202_ce     |  14|          3|    1|          3|
    |grp_fu_2202_p0     |  14|          3|   32|         96|
    |grp_fu_2202_p1     |  14|          3|   32|         96|
    |grp_fu_2206_ce     |  14|          3|    1|          3|
    |grp_fu_2206_p0     |  14|          3|   32|         96|
    |grp_fu_2206_p1     |  14|          3|   32|         96|
    |grp_fu_2210_ce     |  14|          3|    1|          3|
    |grp_fu_2210_p0     |  14|          3|   32|         96|
    |grp_fu_2210_p1     |  14|          3|   32|         96|
    |grp_fu_2214_ce     |  14|          3|    1|          3|
    |grp_fu_2214_p0     |  14|          3|   32|         96|
    |grp_fu_2214_p1     |  14|          3|   32|         96|
    |grp_fu_2218_ce     |  14|          3|    1|          3|
    |grp_fu_2218_p0     |  14|          3|   32|         96|
    |grp_fu_2218_p1     |  14|          3|   32|         96|
    |grp_fu_2222_ce     |  14|          3|    1|          3|
    |grp_fu_2222_p0     |  14|          3|   32|         96|
    |grp_fu_2222_p1     |  14|          3|   32|         96|
    |grp_fu_2226_ce     |  14|          3|    1|          3|
    |grp_fu_2226_p0     |  14|          3|   32|         96|
    |grp_fu_2226_p1     |  14|          3|   32|         96|
    |grp_fu_2230_ce     |  14|          3|    1|          3|
    |grp_fu_2230_p0     |  14|          3|   32|         96|
    |grp_fu_2230_p1     |  14|          3|   32|         96|
    |grp_fu_2234_ce     |  14|          3|    1|          3|
    |grp_fu_2234_p0     |  14|          3|   32|         96|
    |grp_fu_2234_p1     |  14|          3|   32|         96|
    |grp_fu_2238_ce     |  14|          3|    1|          3|
    |grp_fu_2238_p0     |  14|          3|   32|         96|
    |grp_fu_2238_p1     |  14|          3|   32|         96|
    |grp_fu_2242_ce     |  14|          3|    1|          3|
    |grp_fu_2242_p0     |  14|          3|   32|         96|
    |grp_fu_2242_p1     |  14|          3|   32|         96|
    |grp_fu_2246_ce     |  14|          3|    1|          3|
    |grp_fu_2246_p0     |  14|          3|   32|         96|
    |grp_fu_2246_p1     |  14|          3|   32|         96|
    |grp_fu_2250_ce     |  14|          3|    1|          3|
    |grp_fu_2250_p0     |  14|          3|   32|         96|
    |grp_fu_2250_p1     |  14|          3|   32|         96|
    |grp_fu_2254_ce     |  14|          3|    1|          3|
    |grp_fu_2254_p0     |  14|          3|   32|         96|
    |grp_fu_2254_p1     |  14|          3|   32|         96|
    |grp_fu_2258_ce     |  14|          3|    1|          3|
    |grp_fu_2258_p0     |  14|          3|   32|         96|
    |grp_fu_2258_p1     |  14|          3|   32|         96|
    |grp_fu_2262_ce     |  14|          3|    1|          3|
    |grp_fu_2262_p0     |  14|          3|   32|         96|
    |grp_fu_2262_p1     |  14|          3|   32|         96|
    |grp_fu_2266_ce     |  14|          3|    1|          3|
    |grp_fu_2266_p0     |  14|          3|   32|         96|
    |grp_fu_2266_p1     |  14|          3|   32|         96|
    |grp_fu_2270_ce     |  14|          3|    1|          3|
    |grp_fu_2270_p0     |  14|          3|   32|         96|
    |grp_fu_2270_p1     |  14|          3|   32|         96|
    |grp_fu_2274_ce     |  14|          3|    1|          3|
    |grp_fu_2274_p0     |  14|          3|   32|         96|
    |grp_fu_2274_p1     |  14|          3|   32|         96|
    |grp_fu_2278_ce     |  14|          3|    1|          3|
    |grp_fu_2278_p0     |  14|          3|   32|         96|
    |grp_fu_2278_p1     |  14|          3|   32|         96|
    |grp_fu_2282_ce     |  14|          3|    1|          3|
    |grp_fu_2282_p0     |  14|          3|   32|         96|
    |grp_fu_2282_p1     |  14|          3|   32|         96|
    |grp_fu_2286_ce     |  14|          3|    1|          3|
    |grp_fu_2286_p0     |  14|          3|   32|         96|
    |grp_fu_2286_p1     |  14|          3|   32|         96|
    |grp_fu_2290_ce     |  14|          3|    1|          3|
    |grp_fu_2290_p0     |  14|          3|   32|         96|
    |grp_fu_2290_p1     |  14|          3|   32|         96|
    |grp_fu_2294_ce     |  14|          3|    1|          3|
    |grp_fu_2294_p0     |  14|          3|   32|         96|
    |grp_fu_2294_p1     |  14|          3|   32|         96|
    |grp_fu_2298_ce     |  14|          3|    1|          3|
    |grp_fu_2298_p0     |  14|          3|   32|         96|
    |grp_fu_2298_p1     |  14|          3|   32|         96|
    |grp_fu_2302_ce     |  14|          3|    1|          3|
    |grp_fu_2302_p0     |  14|          3|   32|         96|
    |grp_fu_2302_p1     |  14|          3|   32|         96|
    |grp_fu_2306_ce     |  14|          3|    1|          3|
    |grp_fu_2306_p0     |  14|          3|   32|         96|
    |grp_fu_2306_p1     |  14|          3|   32|         96|
    |grp_fu_2310_ce     |  14|          3|    1|          3|
    |grp_fu_2310_p0     |  14|          3|   32|         96|
    |grp_fu_2310_p1     |  14|          3|   32|         96|
    |grp_fu_2314_ce     |  14|          3|    1|          3|
    |grp_fu_2314_p0     |  14|          3|   32|         96|
    |grp_fu_2314_p1     |  14|          3|   32|         96|
    |grp_fu_2318_ce     |  14|          3|    1|          3|
    |grp_fu_2318_p0     |  14|          3|   32|         96|
    |grp_fu_2318_p1     |  14|          3|   32|         96|
    |grp_fu_2322_ce     |  14|          3|    1|          3|
    |grp_fu_2322_p0     |  14|          3|   32|         96|
    |grp_fu_2322_p1     |  14|          3|   32|         96|
    |grp_fu_2326_ce     |  14|          3|    1|          3|
    |grp_fu_2326_p0     |  14|          3|   32|         96|
    |grp_fu_2326_p1     |  14|          3|   32|         96|
    |grp_fu_2330_ce     |  14|          3|    1|          3|
    |grp_fu_2330_p0     |  14|          3|   32|         96|
    |grp_fu_2330_p1     |  14|          3|   32|         96|
    |grp_fu_2334_ce     |  14|          3|    1|          3|
    |grp_fu_2334_p0     |  14|          3|   32|         96|
    |grp_fu_2334_p1     |  14|          3|   32|         96|
    |grp_fu_2338_ce     |  14|          3|    1|          3|
    |grp_fu_2338_p0     |  14|          3|   32|         96|
    |grp_fu_2338_p1     |  14|          3|   32|         96|
    |grp_fu_2342_ce     |  14|          3|    1|          3|
    |grp_fu_2342_p0     |  14|          3|   32|         96|
    |grp_fu_2342_p1     |  14|          3|   32|         96|
    |grp_fu_2346_ce     |  14|          3|    1|          3|
    |grp_fu_2346_p0     |  14|          3|   32|         96|
    |grp_fu_2346_p1     |  14|          3|   32|         96|
    |grp_fu_2350_ce     |  14|          3|    1|          3|
    |grp_fu_2350_p0     |  14|          3|   32|         96|
    |grp_fu_2350_p1     |  14|          3|   32|         96|
    |grp_fu_2354_ce     |  14|          3|    1|          3|
    |grp_fu_2354_p0     |  14|          3|   32|         96|
    |grp_fu_2354_p1     |  14|          3|   32|         96|
    |grp_fu_2358_ce     |  14|          3|    1|          3|
    |grp_fu_2358_p0     |  14|          3|   32|         96|
    |grp_fu_2358_p1     |  14|          3|   32|         96|
    |grp_fu_2362_ce     |  14|          3|    1|          3|
    |grp_fu_2362_p0     |  14|          3|   32|         96|
    |grp_fu_2362_p1     |  14|          3|   32|         96|
    |grp_fu_2366_ce     |  14|          3|    1|          3|
    |grp_fu_2366_p0     |  14|          3|   32|         96|
    |grp_fu_2366_p1     |  14|          3|   32|         96|
    |grp_fu_2370_ce     |  14|          3|    1|          3|
    |grp_fu_2370_p0     |  14|          3|   32|         96|
    |grp_fu_2370_p1     |  14|          3|   32|         96|
    |grp_fu_2374_ce     |  14|          3|    1|          3|
    |grp_fu_2374_p0     |  14|          3|   32|         96|
    |grp_fu_2374_p1     |  14|          3|   32|         96|
    |grp_fu_2378_ce     |  14|          3|    1|          3|
    |grp_fu_2378_p0     |  14|          3|   32|         96|
    |grp_fu_2378_p1     |  14|          3|   32|         96|
    |grp_fu_2382_ce     |  14|          3|    1|          3|
    |grp_fu_2382_p0     |  14|          3|   32|         96|
    |grp_fu_2382_p1     |  14|          3|   32|         96|
    |grp_fu_2386_ce     |  14|          3|    1|          3|
    |grp_fu_2386_p0     |  14|          3|   32|         96|
    |grp_fu_2386_p1     |  14|          3|   32|         96|
    |grp_fu_2390_ce     |  14|          3|    1|          3|
    |grp_fu_2390_p0     |  14|          3|   32|         96|
    |grp_fu_2390_p1     |  14|          3|   32|         96|
    |grp_fu_2394_ce     |  14|          3|    1|          3|
    |grp_fu_2394_p0     |  14|          3|   32|         96|
    |grp_fu_2394_p1     |  14|          3|   32|         96|
    |grp_fu_2398_ce     |  14|          3|    1|          3|
    |grp_fu_2398_p0     |  14|          3|   32|         96|
    |grp_fu_2398_p1     |  14|          3|   32|         96|
    |grp_fu_2402_ce     |  14|          3|    1|          3|
    |grp_fu_2402_p0     |  14|          3|   32|         96|
    |grp_fu_2402_p1     |  14|          3|   32|         96|
    |grp_fu_2406_ce     |  14|          3|    1|          3|
    |grp_fu_2406_p0     |  14|          3|   32|         96|
    |grp_fu_2406_p1     |  14|          3|   32|         96|
    |grp_fu_2410_ce     |  14|          3|    1|          3|
    |grp_fu_2410_p0     |  14|          3|   32|         96|
    |grp_fu_2410_p1     |  14|          3|   32|         96|
    |grp_fu_2414_ce     |  14|          3|    1|          3|
    |grp_fu_2414_p0     |  14|          3|   32|         96|
    |grp_fu_2414_p1     |  14|          3|   32|         96|
    |grp_fu_2418_ce     |  14|          3|    1|          3|
    |grp_fu_2418_p0     |  14|          3|   32|         96|
    |grp_fu_2418_p1     |  14|          3|   32|         96|
    |grp_fu_2422_ce     |  14|          3|    1|          3|
    |grp_fu_2422_p0     |  14|          3|   32|         96|
    |grp_fu_2422_p1     |  14|          3|   32|         96|
    |input_r_address1   |  14|          3|    7|         21|
    |input_r_ce1        |  14|          3|    1|          3|
    |output_B_address0  |  14|          3|    4|         12|
    |output_B_ce0       |  14|          3|    1|          3|
    |output_B_d0        |  14|          3|   32|         96|
    |output_B_we0       |  14|          3|    1|          3|
    +-------------------+----+-----------+-----+-----------+
    |Total              |2891|        619| 4338|      13015|
    +-------------------+----+-----------+-----+-----------+

    * Register: 
    +-----------------------------------+---+----+-----+-----------+
    |                Name               | FF| LUT| Bits| Const Bits|
    +-----------------------------------+---+----+-----+-----------+
    |ap_CS_fsm                          |  4|   0|    4|          0|
    |ap_done_reg                        |  1|   0|    1|          0|
    |grp_expert48_fu_1086_ap_start_reg  |  1|   0|    1|          0|
    |grp_expert_fu_1624_ap_start_reg    |  1|   0|    1|          0|
    +-----------------------------------+---+----+-----+-----------+
    |Total                              |  7|   0|    7|          0|
    +-----------------------------------+---+----+-----+-----------+



================================================================
== Interface
================================================================
* Summary: 
+-------------------+-----+-----+------------+-----------------+--------------+
|     RTL Ports     | Dir | Bits|  Protocol  |  Source Object  |    C Type    |
+-------------------+-----+-----+------------+-----------------+--------------+
|ap_clk             |   in|    1|  ap_ctrl_hs|  expert_engine_B|  return value|
|ap_rst             |   in|    1|  ap_ctrl_hs|  expert_engine_B|  return value|
|ap_start           |   in|    1|  ap_ctrl_hs|  expert_engine_B|  return value|
|ap_done            |  out|    1|  ap_ctrl_hs|  expert_engine_B|  return value|
|ap_continue        |   in|    1|  ap_ctrl_hs|  expert_engine_B|  return value|
|ap_idle            |  out|    1|  ap_ctrl_hs|  expert_engine_B|  return value|
|ap_ready           |  out|    1|  ap_ctrl_hs|  expert_engine_B|  return value|
|input_r_address1   |  out|    7|   ap_memory|          input_r|         array|
|input_r_ce1        |  out|    1|   ap_memory|          input_r|         array|
|input_r_q1         |   in|   32|   ap_memory|          input_r|         array|
|output_B_address0  |  out|    4|   ap_memory|         output_B|         array|
|output_B_ce0       |  out|    1|   ap_memory|         output_B|         array|
|output_B_we0       |  out|    1|   ap_memory|         output_B|         array|
|output_B_d0        |  out|   32|   ap_memory|         output_B|         array|
+-------------------+-----+-----+------------+-----------------+--------------+

