

================================================================
== Vitis HLS Report for 'mlp_head451'
================================================================
* Date:           Sun Sep 13 11:40:17 2026

* Version:        2023.2 (Build 4023990 on Oct 11 2023)
* Project:        HLS_OutputMoE_Run8
* Solution:       solution1 (Vivado IP Flow Target)
* Product family: virtexuplus
* Target device:  xcvu13p_CIV-figd2104-3-e


================================================================
== Performance Estimates
================================================================
+ Timing: 
    * Summary: 
    +--------+----------+----------+------------+
    |  Clock |  Target  | Estimated| Uncertainty|
    +--------+----------+----------+------------+
    |ap_clk  |  10.00 ns|  7.028 ns|     2.70 ns|
    +--------+----------+----------+------------+

+ Latency: 
    * Summary: 
    +---------+---------+-----------+-----------+------+------+---------+
    |  Latency (cycles) |   Latency (absolute)  |   Interval  | Pipeline|
    |   min   |   max   |    min    |    max    |  min |  max |   Type  |
    +---------+---------+-----------+-----------+------+------+---------+
    |     4702|     4702|  47.020 us|  47.020 us|  4702|  4702|       no|
    +---------+---------+-----------+-----------+------+------+---------+

    + Detail: 
        * Instance: 
        +--------------------------------------------------+---------------------------------------+---------+---------+----------+----------+-----+-----+---------+
        |                                                  |                                       |  Latency (cycles) |  Latency (absolute) |  Interval | Pipeline|
        |                     Instance                     |                 Module                |   min   |   max   |    min   |    max   | min | max |   Type  |
        +--------------------------------------------------+---------------------------------------+---------+---------+----------+----------+-----+-----+---------+
        |grp_mlp_head451_Pipeline_VITIS_LOOP_586_3_fu_455  |mlp_head451_Pipeline_VITIS_LOOP_586_3  |       89|       89|  0.890 us|  0.890 us|   89|   89|       no|
        |grp_mlp_head451_Pipeline_VITIS_LOOP_579_2_fu_573  |mlp_head451_Pipeline_VITIS_LOOP_579_2  |      133|      133|  1.330 us|  1.330 us|  133|  133|       no|
        |grp_mlp_head451_Pipeline_VITIS_LOOP_596_5_fu_585  |mlp_head451_Pipeline_VITIS_LOOP_596_5  |       49|       49|  0.490 us|  0.490 us|   49|   49|       no|
        |grp_mlp_head451_Pipeline_VITIS_LOOP_608_7_fu_640  |mlp_head451_Pipeline_VITIS_LOOP_608_7  |       13|       13|  0.130 us|  0.130 us|   13|   13|       no|
        +--------------------------------------------------+---------------------------------------+---------+---------+----------+----------+-----+-----+---------+

        * Loop: 
        +--------------------+---------+---------+----------+-----------+-----------+------+----------+
        |                    |  Latency (cycles) | Iteration|  Initiation Interval  | Trip |          |
        |      Loop Name     |   min   |   max   |  Latency |  achieved |   target  | Count| Pipelined|
        +--------------------+---------+---------+----------+-----------+-----------+------+----------+
        |- VITIS_LOOP_576_1  |     4544|     4544|       142|          -|          -|    32|        no|
        +--------------------+---------+---------+----------+-----------+-----------+------+----------+



================================================================
== Utilization Estimates
================================================================
* Summary: 
+---------------------+---------+-------+---------+---------+------+
|         Name        | BRAM_18K|  DSP  |    FF   |   LUT   | URAM |
+---------------------+---------+-------+---------+---------+------+
|DSP                  |        -|      -|        -|        -|     -|
|Expression           |        -|      -|        0|      108|     -|
|FIFO                 |        -|      -|        -|        -|     -|
|Instance             |        8|      -|     6330|     1129|     -|
|Memory               |        1|      -|       32|        4|     0|
|Multiplexer          |        -|      -|        -|     1931|     -|
|Register             |        -|      -|     1162|        -|     -|
+---------------------+---------+-------+---------+---------+------+
|Total                |        9|      0|     7524|     3172|     0|
+---------------------+---------+-------+---------+---------+------+
|Available SLR        |     1344|   3072|   864000|   432000|   320|
+---------------------+---------+-------+---------+---------+------+
|Utilization SLR (%)  |       ~0|      0|       ~0|       ~0|     0|
+---------------------+---------+-------+---------+---------+------+
|Available            |     5376|  12288|  3456000|  1728000|  1280|
+---------------------+---------+-------+---------+---------+------+
|Utilization (%)      |       ~0|      0|       ~0|       ~0|     0|
+---------------------+---------+-------+---------+---------+------+

+ Detail: 
    * Instance: 
    +--------------------------------------------------+---------------------------------------+---------+----+------+-----+-----+
    |                     Instance                     |                 Module                | BRAM_18K| DSP|  FF  | LUT | URAM|
    +--------------------------------------------------+---------------------------------------+---------+----+------+-----+-----+
    |fcmp_32ns_32ns_1_1_no_dsp_1_U5609                 |fcmp_32ns_32ns_1_1_no_dsp_1            |        0|   0|     0|    0|    0|
    |grp_mlp_head451_Pipeline_VITIS_LOOP_579_2_fu_573  |mlp_head451_Pipeline_VITIS_LOOP_579_2  |        8|   0|   146|  138|    0|
    |grp_mlp_head451_Pipeline_VITIS_LOOP_586_3_fu_455  |mlp_head451_Pipeline_VITIS_LOOP_586_3  |        0|   0|  4192|  600|    0|
    |grp_mlp_head451_Pipeline_VITIS_LOOP_596_5_fu_585  |mlp_head451_Pipeline_VITIS_LOOP_596_5  |        0|   0|  1818|  275|    0|
    |grp_mlp_head451_Pipeline_VITIS_LOOP_608_7_fu_640  |mlp_head451_Pipeline_VITIS_LOOP_608_7  |        0|   0|   174|  116|    0|
    +--------------------------------------------------+---------------------------------------+---------+----+------+-----+-----+
    |Total                                             |                                       |        8|   0|  6330| 1129|    0|
    +--------------------------------------------------+---------------------------------------+---------+----+------+-----+-----+

    * DSP: 
    N/A

    * Memory: 
    +------------+----------------------------------+---------+----+----+-----+------+-----+------+-------------+
    |   Memory   |              Module              | BRAM_18K| FF | LUT| URAM| Words| Bits| Banks| W*Bits*Banks|
    +------------+----------------------------------+---------+----+----+-----+------+-----+------+-------------+
    |e3_ff_b0_U  |mlp_head451_e3_ff_b0_ROM_AUTO_1R  |        1|   0|   0|    0|    32|   32|     1|         1024|
    |l3_U        |mlp_head451_l3_RAM_AUTO_1R1W      |        0|  32|   4|    0|     8|   32|     1|          256|
    +------------+----------------------------------+---------+----+----+-----+------+-----+------+-------------+
    |Total       |                                  |        1|  32|   4|    0|    40|   64|     2|         1280|
    +------------+----------------------------------+---------+----+----+-----+------+-----+------+-------------+

    * FIFO: 
    N/A

    * Expression: 
    +-------------------------+----------+----+---+----+------------+------------+
    |      Variable Name      | Operation| DSP| FF| LUT| Bitwidth P0| Bitwidth P1|
    +-------------------------+----------+----+---+----+------------+------------+
    |add_ln576_fu_681_p2      |         +|   0|  0|  13|           6|           1|
    |and_ln545_fu_867_p2      |       and|   0|  0|   2|           1|           1|
    |icmp_ln545_23_fu_855_p2  |      icmp|   0|  0|  30|          23|           1|
    |icmp_ln545_fu_849_p2     |      icmp|   0|  0|  15|           8|           2|
    |icmp_ln576_fu_675_p2     |      icmp|   0|  0|  14|           6|           7|
    |or_ln545_fu_861_p2       |        or|   0|  0|   2|           1|           1|
    |l1_fu_873_p3             |    select|   0|  0|  32|           1|          32|
    +-------------------------+----------+----+---+----+------------+------------+
    |Total                    |          |   0|  0| 108|          46|          45|
    +-------------------------+----------+----+---+----+------------+------------+

    * Multiplexer: 
    +----------------+----+-----------+-----+-----------+
    |      Name      | LUT| Input Size| Bits| Total Bits|
    +----------------+----+-----------+-----+-----------+
    |ap_NS_fsm       |  81|         17|    1|         17|
    |grp_fu_1662_ce  |  26|          5|    1|          5|
    |grp_fu_1662_p0  |  26|          5|   32|        160|
    |grp_fu_1662_p1  |  26|          5|   32|        160|
    |grp_fu_1666_ce  |  14|          3|    1|          3|
    |grp_fu_1666_p0  |  14|          3|   32|         96|
    |grp_fu_1666_p1  |  14|          3|   32|         96|
    |grp_fu_1670_ce  |  14|          3|    1|          3|
    |grp_fu_1670_p0  |  14|          3|   32|         96|
    |grp_fu_1670_p1  |  14|          3|   32|         96|
    |grp_fu_1674_ce  |  14|          3|    1|          3|
    |grp_fu_1674_p0  |  14|          3|   32|         96|
    |grp_fu_1674_p1  |  14|          3|   32|         96|
    |grp_fu_1678_ce  |  14|          3|    1|          3|
    |grp_fu_1678_p0  |  14|          3|   32|         96|
    |grp_fu_1678_p1  |  14|          3|   32|         96|
    |grp_fu_1682_ce  |  14|          3|    1|          3|
    |grp_fu_1682_p0  |  14|          3|   32|         96|
    |grp_fu_1682_p1  |  14|          3|   32|         96|
    |grp_fu_1686_ce  |  14|          3|    1|          3|
    |grp_fu_1686_p0  |  14|          3|   32|         96|
    |grp_fu_1686_p1  |  14|          3|   32|         96|
    |grp_fu_1690_ce  |  14|          3|    1|          3|
    |grp_fu_1690_p0  |  14|          3|   32|         96|
    |grp_fu_1690_p1  |  14|          3|   32|         96|
    |grp_fu_1694_ce  |  14|          3|    1|          3|
    |grp_fu_1694_p0  |  14|          3|   32|         96|
    |grp_fu_1694_p1  |  14|          3|   32|         96|
    |grp_fu_1698_ce  |  14|          3|    1|          3|
    |grp_fu_1698_p0  |  14|          3|   32|         96|
    |grp_fu_1698_p1  |  14|          3|   32|         96|
    |grp_fu_1702_ce  |  14|          3|    1|          3|
    |grp_fu_1702_p0  |  14|          3|   32|         96|
    |grp_fu_1702_p1  |  14|          3|   32|         96|
    |grp_fu_1706_ce  |  14|          3|    1|          3|
    |grp_fu_1706_p0  |  14|          3|   32|         96|
    |grp_fu_1706_p1  |  14|          3|   32|         96|
    |grp_fu_1710_ce  |  14|          3|    1|          3|
    |grp_fu_1710_p0  |  14|          3|   32|         96|
    |grp_fu_1710_p1  |  14|          3|   32|         96|
    |grp_fu_1714_ce  |  14|          3|    1|          3|
    |grp_fu_1714_p0  |  14|          3|   32|         96|
    |grp_fu_1714_p1  |  14|          3|   32|         96|
    |grp_fu_1718_ce  |  14|          3|    1|          3|
    |grp_fu_1718_p0  |  14|          3|   32|         96|
    |grp_fu_1718_p1  |  14|          3|   32|         96|
    |grp_fu_1722_ce  |  14|          3|    1|          3|
    |grp_fu_1722_p0  |  14|          3|   32|         96|
    |grp_fu_1722_p1  |  14|          3|   32|         96|
    |grp_fu_1726_ce  |  14|          3|    1|          3|
    |grp_fu_1726_p0  |  14|          3|   32|         96|
    |grp_fu_1726_p1  |  14|          3|   32|         96|
    |grp_fu_1730_ce  |   9|          2|    1|          2|
    |grp_fu_1734_ce  |   9|          2|    1|          2|
    |grp_fu_1738_ce  |   9|          2|    1|          2|
    |grp_fu_1742_ce  |   9|          2|    1|          2|
    |grp_fu_1746_ce  |   9|          2|    1|          2|
    |grp_fu_1750_ce  |   9|          2|    1|          2|
    |grp_fu_1754_ce  |   9|          2|    1|          2|
    |grp_fu_1758_ce  |   9|          2|    1|          2|
    |grp_fu_1762_ce  |   9|          2|    1|          2|
    |grp_fu_1766_ce  |   9|          2|    1|          2|
    |grp_fu_1770_ce  |   9|          2|    1|          2|
    |grp_fu_1774_ce  |   9|          2|    1|          2|
    |grp_fu_1778_ce  |   9|          2|    1|          2|
    |grp_fu_1782_ce  |   9|          2|    1|          2|
    |grp_fu_1786_ce  |   9|          2|    1|          2|
    |grp_fu_1790_ce  |   9|          2|    1|          2|
    |grp_fu_1794_ce  |  14|          3|    1|          3|
    |grp_fu_1794_p0  |  14|          3|   32|         96|
    |grp_fu_1794_p1  |  14|          3|   32|         96|
    |grp_fu_1798_ce  |  14|          3|    1|          3|
    |grp_fu_1798_p0  |  14|          3|   32|         96|
    |grp_fu_1798_p1  |  14|          3|   32|         96|
    |grp_fu_1802_ce  |  14|          3|    1|          3|
    |grp_fu_1802_p0  |  14|          3|   32|         96|
    |grp_fu_1802_p1  |  14|          3|   32|         96|
    |grp_fu_1806_ce  |  14|          3|    1|          3|
    |grp_fu_1806_p0  |  14|          3|   32|         96|
    |grp_fu_1806_p1  |  14|          3|   32|         96|
    |grp_fu_1810_ce  |  14|          3|    1|          3|
    |grp_fu_1810_p0  |  14|          3|   32|         96|
    |grp_fu_1810_p1  |  14|          3|   32|         96|
    |grp_fu_1814_ce  |  14|          3|    1|          3|
    |grp_fu_1814_p0  |  14|          3|   32|         96|
    |grp_fu_1814_p1  |  14|          3|   32|         96|
    |grp_fu_1818_ce  |  14|          3|    1|          3|
    |grp_fu_1818_p0  |  14|          3|   32|         96|
    |grp_fu_1818_p1  |  14|          3|   32|         96|
    |grp_fu_1822_ce  |  14|          3|    1|          3|
    |grp_fu_1822_p0  |  14|          3|   32|         96|
    |grp_fu_1822_p1  |  14|          3|   32|         96|
    |grp_fu_1826_ce  |  14|          3|    1|          3|
    |grp_fu_1826_p0  |  14|          3|   32|         96|
    |grp_fu_1826_p1  |  14|          3|   32|         96|
    |grp_fu_1830_ce  |  14|          3|    1|          3|
    |grp_fu_1830_p0  |  14|          3|   32|         96|
    |grp_fu_1830_p1  |  14|          3|   32|         96|
    |grp_fu_1834_ce  |  14|          3|    1|          3|
    |grp_fu_1834_p0  |  14|          3|   32|         96|
    |grp_fu_1834_p1  |  14|          3|   32|         96|
    |grp_fu_1838_ce  |  14|          3|    1|          3|
    |grp_fu_1838_p0  |  14|          3|   32|         96|
    |grp_fu_1838_p1  |  14|          3|   32|         96|
    |grp_fu_1842_ce  |  14|          3|    1|          3|
    |grp_fu_1842_p0  |  14|          3|   32|         96|
    |grp_fu_1842_p1  |  14|          3|   32|         96|
    |grp_fu_1846_ce  |  14|          3|    1|          3|
    |grp_fu_1846_p0  |  14|          3|   32|         96|
    |grp_fu_1846_p1  |  14|          3|   32|         96|
    |grp_fu_1850_ce  |  14|          3|    1|          3|
    |grp_fu_1850_p0  |  14|          3|   32|         96|
    |grp_fu_1850_p1  |  14|          3|   32|         96|
    |grp_fu_1854_ce  |   9|          2|    1|          2|
    |grp_fu_1858_ce  |   9|          2|    1|          2|
    |grp_fu_1862_ce  |   9|          2|    1|          2|
    |grp_fu_1866_ce  |   9|          2|    1|          2|
    |grp_fu_1870_ce  |   9|          2|    1|          2|
    |grp_fu_1874_ce  |   9|          2|    1|          2|
    |grp_fu_1878_ce  |   9|          2|    1|          2|
    |grp_fu_1882_ce  |   9|          2|    1|          2|
    |grp_fu_1886_ce  |   9|          2|    1|          2|
    |grp_fu_1890_ce  |   9|          2|    1|          2|
    |grp_fu_1894_ce  |   9|          2|    1|          2|
    |grp_fu_1898_ce  |   9|          2|    1|          2|
    |grp_fu_1902_ce  |   9|          2|    1|          2|
    |grp_fu_1906_ce  |   9|          2|    1|          2|
    |grp_fu_1910_ce  |   9|          2|    1|          2|
    |grp_fu_1914_ce  |   9|          2|    1|          2|
    |grp_fu_648_ce   |  26|          5|    1|          5|
    |grp_fu_648_p0   |  31|          6|   32|        192|
    |grp_fu_648_p1   |  31|          6|   32|        192|
    |grp_fu_658_ce   |  14|          3|    1|          3|
    |grp_fu_658_p0   |  14|          3|   32|         96|
    |grp_fu_658_p1   |  20|          4|   32|        128|
    |i_fu_234        |   9|          2|    6|         12|
    |l3_address0     |  14|          3|    3|          9|
    |l3_ce0          |  14|          3|    1|          3|
    |l3_we0          |   9|          2|    1|          2|
    +----------------+----+-----------+-----+-----------+
    |Total           |1931|        412| 2254|       7093|
    +----------------+----+-----------+-----+-----------+

    * Register: 
    +---------------------------------------------------------------+----+----+-----+-----------+
    |                              Name                             | FF | LUT| Bits| Const Bits|
    +---------------------------------------------------------------+----+----+-----+-----------+
    |acc_reg_1601                                                   |  32|   0|   32|          0|
    |add_ln576_reg_1426                                             |   6|   0|    6|          0|
    |ap_CS_fsm                                                      |  16|   0|   16|          0|
    |ap_predicate_pred1284_state10                                  |   1|   0|    1|          0|
    |ap_predicate_pred1296_state10                                  |   1|   0|    1|          0|
    |ap_predicate_pred1303_state10                                  |   1|   0|    1|          0|
    |ap_predicate_pred1310_state10                                  |   1|   0|    1|          0|
    |ap_predicate_pred1317_state10                                  |   1|   0|    1|          0|
    |ap_predicate_pred1324_state10                                  |   1|   0|    1|          0|
    |ap_predicate_pred1331_state10                                  |   1|   0|    1|          0|
    |ap_predicate_pred1338_state10                                  |   1|   0|    1|          0|
    |ap_predicate_pred1345_state10                                  |   1|   0|    1|          0|
    |ap_predicate_pred1352_state10                                  |   1|   0|    1|          0|
    |ap_predicate_pred1359_state10                                  |   1|   0|    1|          0|
    |ap_predicate_pred1366_state10                                  |   1|   0|    1|          0|
    |ap_predicate_pred1373_state10                                  |   1|   0|    1|          0|
    |ap_predicate_pred1380_state10                                  |   1|   0|    1|          0|
    |ap_predicate_pred1387_state10                                  |   1|   0|    1|          0|
    |ap_predicate_pred1394_state10                                  |   1|   0|    1|          0|
    |ap_predicate_pred1401_state10                                  |   1|   0|    1|          0|
    |ap_predicate_pred1408_state10                                  |   1|   0|    1|          0|
    |ap_predicate_pred1415_state10                                  |   1|   0|    1|          0|
    |ap_predicate_pred1422_state10                                  |   1|   0|    1|          0|
    |ap_predicate_pred1429_state10                                  |   1|   0|    1|          0|
    |ap_predicate_pred1436_state10                                  |   1|   0|    1|          0|
    |ap_predicate_pred1443_state10                                  |   1|   0|    1|          0|
    |ap_predicate_pred1450_state10                                  |   1|   0|    1|          0|
    |ap_predicate_pred1457_state10                                  |   1|   0|    1|          0|
    |ap_predicate_pred1464_state10                                  |   1|   0|    1|          0|
    |ap_predicate_pred1471_state10                                  |   1|   0|    1|          0|
    |ap_predicate_pred1478_state10                                  |   1|   0|    1|          0|
    |ap_predicate_pred1485_state10                                  |   1|   0|    1|          0|
    |ap_predicate_pred1492_state10                                  |   1|   0|    1|          0|
    |ap_predicate_pred1499_state10                                  |   1|   0|    1|          0|
    |ap_predicate_pred1506_state10                                  |   1|   0|    1|          0|
    |empty_1000_fu_294                                              |  32|   0|   32|          0|
    |empty_1001_fu_298                                              |  32|   0|   32|          0|
    |empty_1002_fu_302                                              |  32|   0|   32|          0|
    |empty_1003_fu_306                                              |  32|   0|   32|          0|
    |empty_1004_fu_310                                              |  32|   0|   32|          0|
    |empty_1005_fu_314                                              |  32|   0|   32|          0|
    |empty_1006_fu_318                                              |  32|   0|   32|          0|
    |empty_1007_fu_322                                              |  32|   0|   32|          0|
    |empty_1008_fu_326                                              |  32|   0|   32|          0|
    |empty_1009_fu_330                                              |  32|   0|   32|          0|
    |empty_1010_fu_334                                              |  32|   0|   32|          0|
    |empty_1011_fu_338                                              |  32|   0|   32|          0|
    |empty_1012_fu_342                                              |  32|   0|   32|          0|
    |empty_1013_fu_346                                              |  32|   0|   32|          0|
    |empty_1014_fu_350                                              |  32|   0|   32|          0|
    |empty_1015_fu_354                                              |  32|   0|   32|          0|
    |empty_1016_fu_358                                              |  32|   0|   32|          0|
    |empty_1017_fu_362                                              |  32|   0|   32|          0|
    |empty_987_fu_242                                               |  32|   0|   32|          0|
    |empty_988_fu_246                                               |  32|   0|   32|          0|
    |empty_989_fu_250                                               |  32|   0|   32|          0|
    |empty_990_fu_254                                               |  32|   0|   32|          0|
    |empty_991_fu_258                                               |  32|   0|   32|          0|
    |empty_992_fu_262                                               |  32|   0|   32|          0|
    |empty_993_fu_266                                               |  32|   0|   32|          0|
    |empty_994_fu_270                                               |  32|   0|   32|          0|
    |empty_995_fu_274                                               |  32|   0|   32|          0|
    |empty_996_fu_278                                               |  32|   0|   32|          0|
    |empty_997_fu_282                                               |  32|   0|   32|          0|
    |empty_998_fu_286                                               |  32|   0|   32|          0|
    |empty_999_fu_290                                               |  32|   0|   32|          0|
    |empty_fu_238                                                   |  32|   0|   32|          0|
    |grp_mlp_head451_Pipeline_VITIS_LOOP_579_2_fu_573_ap_start_reg  |   1|   0|    1|          0|
    |grp_mlp_head451_Pipeline_VITIS_LOOP_586_3_fu_455_ap_start_reg  |   1|   0|    1|          0|
    |grp_mlp_head451_Pipeline_VITIS_LOOP_596_5_fu_585_ap_start_reg  |   1|   0|    1|          0|
    |grp_mlp_head451_Pipeline_VITIS_LOOP_608_7_fu_640_ap_start_reg  |   1|   0|    1|          0|
    |i_fu_234                                                       |   6|   0|    6|          0|
    |tmp_1_reg_1609                                                 |  32|   0|   32|          0|
    |tmp_s_reg_1596                                                 |   5|   0|   12|          7|
    |trunc_ln576_reg_1418                                           |   5|   0|    5|          0|
    +---------------------------------------------------------------+----+----+-----+-----------+
    |Total                                                          |1162|   0| 1169|          7|
    +---------------------------------------------------------------+----+----+-----+-----------+



================================================================
== Interface
================================================================
* Summary: 
+----------------------+-----+-----+------------+--------------+--------------+
|       RTL Ports      | Dir | Bits|  Protocol  | Source Object|    C Type    |
+----------------------+-----+-----+------------+--------------+--------------+
|ap_clk                |   in|    1|  ap_ctrl_hs|   mlp_head451|  return value|
|ap_rst                |   in|    1|  ap_ctrl_hs|   mlp_head451|  return value|
|ap_start              |   in|    1|  ap_ctrl_hs|   mlp_head451|  return value|
|ap_done               |  out|    1|  ap_ctrl_hs|   mlp_head451|  return value|
|ap_idle               |  out|    1|  ap_ctrl_hs|   mlp_head451|  return value|
|ap_ready              |  out|    1|  ap_ctrl_hs|   mlp_head451|  return value|
|ap_return             |  out|   32|  ap_ctrl_hs|   mlp_head451|  return value|
|grp_fu_1189_p_din0    |  out|   32|  ap_ctrl_hs|   mlp_head451|  return value|
|grp_fu_1189_p_din1    |  out|   32|  ap_ctrl_hs|   mlp_head451|  return value|
|grp_fu_1189_p_dout0   |   in|   32|  ap_ctrl_hs|   mlp_head451|  return value|
|grp_fu_1189_p_ce      |  out|    1|  ap_ctrl_hs|   mlp_head451|  return value|
|grp_fu_1193_p_din0    |  out|   32|  ap_ctrl_hs|   mlp_head451|  return value|
|grp_fu_1193_p_din1    |  out|   32|  ap_ctrl_hs|   mlp_head451|  return value|
|grp_fu_1193_p_opcode  |  out|    2|  ap_ctrl_hs|   mlp_head451|  return value|
|grp_fu_1193_p_dout0   |   in|   32|  ap_ctrl_hs|   mlp_head451|  return value|
|grp_fu_1193_p_ce      |  out|    1|  ap_ctrl_hs|   mlp_head451|  return value|
|grp_fu_1197_p_din0    |  out|   32|  ap_ctrl_hs|   mlp_head451|  return value|
|grp_fu_1197_p_din1    |  out|   32|  ap_ctrl_hs|   mlp_head451|  return value|
|grp_fu_1197_p_opcode  |  out|    2|  ap_ctrl_hs|   mlp_head451|  return value|
|grp_fu_1197_p_dout0   |   in|   32|  ap_ctrl_hs|   mlp_head451|  return value|
|grp_fu_1197_p_ce      |  out|    1|  ap_ctrl_hs|   mlp_head451|  return value|
|grp_fu_1201_p_din0    |  out|   32|  ap_ctrl_hs|   mlp_head451|  return value|
|grp_fu_1201_p_din1    |  out|   32|  ap_ctrl_hs|   mlp_head451|  return value|
|grp_fu_1201_p_opcode  |  out|    2|  ap_ctrl_hs|   mlp_head451|  return value|
|grp_fu_1201_p_dout0   |   in|   32|  ap_ctrl_hs|   mlp_head451|  return value|
|grp_fu_1201_p_ce      |  out|    1|  ap_ctrl_hs|   mlp_head451|  return value|
|grp_fu_1205_p_din0    |  out|   32|  ap_ctrl_hs|   mlp_head451|  return value|
|grp_fu_1205_p_din1    |  out|   32|  ap_ctrl_hs|   mlp_head451|  return value|
|grp_fu_1205_p_opcode  |  out|    2|  ap_ctrl_hs|   mlp_head451|  return value|
|grp_fu_1205_p_dout0   |   in|   32|  ap_ctrl_hs|   mlp_head451|  return value|
|grp_fu_1205_p_ce      |  out|    1|  ap_ctrl_hs|   mlp_head451|  return value|
|grp_fu_1209_p_din0    |  out|   32|  ap_ctrl_hs|   mlp_head451|  return value|
|grp_fu_1209_p_din1    |  out|   32|  ap_ctrl_hs|   mlp_head451|  return value|
|grp_fu_1209_p_opcode  |  out|    2|  ap_ctrl_hs|   mlp_head451|  return value|
|grp_fu_1209_p_dout0   |   in|   32|  ap_ctrl_hs|   mlp_head451|  return value|
|grp_fu_1209_p_ce      |  out|    1|  ap_ctrl_hs|   mlp_head451|  return value|
|grp_fu_1213_p_din0    |  out|   32|  ap_ctrl_hs|   mlp_head451|  return value|
|grp_fu_1213_p_din1    |  out|   32|  ap_ctrl_hs|   mlp_head451|  return value|
|grp_fu_1213_p_opcode  |  out|    2|  ap_ctrl_hs|   mlp_head451|  return value|
|grp_fu_1213_p_dout0   |   in|   32|  ap_ctrl_hs|   mlp_head451|  return value|
|grp_fu_1213_p_ce      |  out|    1|  ap_ctrl_hs|   mlp_head451|  return value|
|grp_fu_1217_p_din0    |  out|   32|  ap_ctrl_hs|   mlp_head451|  return value|
|grp_fu_1217_p_din1    |  out|   32|  ap_ctrl_hs|   mlp_head451|  return value|
|grp_fu_1217_p_opcode  |  out|    2|  ap_ctrl_hs|   mlp_head451|  return value|
|grp_fu_1217_p_dout0   |   in|   32|  ap_ctrl_hs|   mlp_head451|  return value|
|grp_fu_1217_p_ce      |  out|    1|  ap_ctrl_hs|   mlp_head451|  return value|
|grp_fu_1221_p_din0    |  out|   32|  ap_ctrl_hs|   mlp_head451|  return value|
|grp_fu_1221_p_din1    |  out|   32|  ap_ctrl_hs|   mlp_head451|  return value|
|grp_fu_1221_p_opcode  |  out|    2|  ap_ctrl_hs|   mlp_head451|  return value|
|grp_fu_1221_p_dout0   |   in|   32|  ap_ctrl_hs|   mlp_head451|  return value|
|grp_fu_1221_p_ce      |  out|    1|  ap_ctrl_hs|   mlp_head451|  return value|
|grp_fu_1225_p_din0    |  out|   32|  ap_ctrl_hs|   mlp_head451|  return value|
|grp_fu_1225_p_din1    |  out|   32|  ap_ctrl_hs|   mlp_head451|  return value|
|grp_fu_1225_p_opcode  |  out|    2|  ap_ctrl_hs|   mlp_head451|  return value|
|grp_fu_1225_p_dout0   |   in|   32|  ap_ctrl_hs|   mlp_head451|  return value|
|grp_fu_1225_p_ce      |  out|    1|  ap_ctrl_hs|   mlp_head451|  return value|
|grp_fu_1229_p_din0    |  out|   32|  ap_ctrl_hs|   mlp_head451|  return value|
|grp_fu_1229_p_din1    |  out|   32|  ap_ctrl_hs|   mlp_head451|  return value|
|grp_fu_1229_p_opcode  |  out|    2|  ap_ctrl_hs|   mlp_head451|  return value|
|grp_fu_1229_p_dout0   |   in|   32|  ap_ctrl_hs|   mlp_head451|  return value|
|grp_fu_1229_p_ce      |  out|    1|  ap_ctrl_hs|   mlp_head451|  return value|
|grp_fu_1233_p_din0    |  out|   32|  ap_ctrl_hs|   mlp_head451|  return value|
|grp_fu_1233_p_din1    |  out|   32|  ap_ctrl_hs|   mlp_head451|  return value|
|grp_fu_1233_p_opcode  |  out|    2|  ap_ctrl_hs|   mlp_head451|  return value|
|grp_fu_1233_p_dout0   |   in|   32|  ap_ctrl_hs|   mlp_head451|  return value|
|grp_fu_1233_p_ce      |  out|    1|  ap_ctrl_hs|   mlp_head451|  return value|
|grp_fu_1237_p_din0    |  out|   32|  ap_ctrl_hs|   mlp_head451|  return value|
|grp_fu_1237_p_din1    |  out|   32|  ap_ctrl_hs|   mlp_head451|  return value|
|grp_fu_1237_p_opcode  |  out|    2|  ap_ctrl_hs|   mlp_head451|  return value|
|grp_fu_1237_p_dout0   |   in|   32|  ap_ctrl_hs|   mlp_head451|  return value|
|grp_fu_1237_p_ce      |  out|    1|  ap_ctrl_hs|   mlp_head451|  return value|
|grp_fu_1241_p_din0    |  out|   32|  ap_ctrl_hs|   mlp_head451|  return value|
|grp_fu_1241_p_din1    |  out|   32|  ap_ctrl_hs|   mlp_head451|  return value|
|grp_fu_1241_p_opcode  |  out|    2|  ap_ctrl_hs|   mlp_head451|  return value|
|grp_fu_1241_p_dout0   |   in|   32|  ap_ctrl_hs|   mlp_head451|  return value|
|grp_fu_1241_p_ce      |  out|    1|  ap_ctrl_hs|   mlp_head451|  return value|
|grp_fu_1245_p_din0    |  out|   32|  ap_ctrl_hs|   mlp_head451|  return value|
|grp_fu_1245_p_din1    |  out|   32|  ap_ctrl_hs|   mlp_head451|  return value|
|grp_fu_1245_p_opcode  |  out|    2|  ap_ctrl_hs|   mlp_head451|  return value|
|grp_fu_1245_p_dout0   |   in|   32|  ap_ctrl_hs|   mlp_head451|  return value|
|grp_fu_1245_p_ce      |  out|    1|  ap_ctrl_hs|   mlp_head451|  return value|
|grp_fu_1249_p_din0    |  out|   32|  ap_ctrl_hs|   mlp_head451|  return value|
|grp_fu_1249_p_din1    |  out|   32|  ap_ctrl_hs|   mlp_head451|  return value|
|grp_fu_1249_p_opcode  |  out|    2|  ap_ctrl_hs|   mlp_head451|  return value|
|grp_fu_1249_p_dout0   |   in|   32|  ap_ctrl_hs|   mlp_head451|  return value|
|grp_fu_1249_p_ce      |  out|    1|  ap_ctrl_hs|   mlp_head451|  return value|
|grp_fu_1253_p_din0    |  out|   32|  ap_ctrl_hs|   mlp_head451|  return value|
|grp_fu_1253_p_din1    |  out|   32|  ap_ctrl_hs|   mlp_head451|  return value|
|grp_fu_1253_p_opcode  |  out|    2|  ap_ctrl_hs|   mlp_head451|  return value|
|grp_fu_1253_p_dout0   |   in|   32|  ap_ctrl_hs|   mlp_head451|  return value|
|grp_fu_1253_p_ce      |  out|    1|  ap_ctrl_hs|   mlp_head451|  return value|
|grp_fu_1257_p_din0    |  out|   32|  ap_ctrl_hs|   mlp_head451|  return value|
|grp_fu_1257_p_din1    |  out|   32|  ap_ctrl_hs|   mlp_head451|  return value|
|grp_fu_1257_p_opcode  |  out|    2|  ap_ctrl_hs|   mlp_head451|  return value|
|grp_fu_1257_p_dout0   |   in|   32|  ap_ctrl_hs|   mlp_head451|  return value|
|grp_fu_1257_p_ce      |  out|    1|  ap_ctrl_hs|   mlp_head451|  return value|
|grp_fu_1261_p_din0    |  out|   32|  ap_ctrl_hs|   mlp_head451|  return value|
|grp_fu_1261_p_din1    |  out|   32|  ap_ctrl_hs|   mlp_head451|  return value|
|grp_fu_1261_p_opcode  |  out|    2|  ap_ctrl_hs|   mlp_head451|  return value|
|grp_fu_1261_p_dout0   |   in|   32|  ap_ctrl_hs|   mlp_head451|  return value|
|grp_fu_1261_p_ce      |  out|    1|  ap_ctrl_hs|   mlp_head451|  return value|
|grp_fu_1265_p_din0    |  out|   32|  ap_ctrl_hs|   mlp_head451|  return value|
|grp_fu_1265_p_din1    |  out|   32|  ap_ctrl_hs|   mlp_head451|  return value|
|grp_fu_1265_p_opcode  |  out|    2|  ap_ctrl_hs|   mlp_head451|  return value|
|grp_fu_1265_p_dout0   |   in|   32|  ap_ctrl_hs|   mlp_head451|  return value|
|grp_fu_1265_p_ce      |  out|    1|  ap_ctrl_hs|   mlp_head451|  return value|
|grp_fu_1269_p_din0    |  out|   32|  ap_ctrl_hs|   mlp_head451|  return value|
|grp_fu_1269_p_din1    |  out|   32|  ap_ctrl_hs|   mlp_head451|  return value|
|grp_fu_1269_p_opcode  |  out|    2|  ap_ctrl_hs|   mlp_head451|  return value|
|grp_fu_1269_p_dout0   |   in|   32|  ap_ctrl_hs|   mlp_head451|  return value|
|grp_fu_1269_p_ce      |  out|    1|  ap_ctrl_hs|   mlp_head451|  return value|
|grp_fu_1273_p_din0    |  out|   32|  ap_ctrl_hs|   mlp_head451|  return value|
|grp_fu_1273_p_din1    |  out|   32|  ap_ctrl_hs|   mlp_head451|  return value|
|grp_fu_1273_p_opcode  |  out|    2|  ap_ctrl_hs|   mlp_head451|  return value|
|grp_fu_1273_p_dout0   |   in|   32|  ap_ctrl_hs|   mlp_head451|  return value|
|grp_fu_1273_p_ce      |  out|    1|  ap_ctrl_hs|   mlp_head451|  return value|
|grp_fu_1277_p_din0    |  out|   32|  ap_ctrl_hs|   mlp_head451|  return value|
|grp_fu_1277_p_din1    |  out|   32|  ap_ctrl_hs|   mlp_head451|  return value|
|grp_fu_1277_p_opcode  |  out|    2|  ap_ctrl_hs|   mlp_head451|  return value|
|grp_fu_1277_p_dout0   |   in|   32|  ap_ctrl_hs|   mlp_head451|  return value|
|grp_fu_1277_p_ce      |  out|    1|  ap_ctrl_hs|   mlp_head451|  return value|
|grp_fu_1281_p_din0    |  out|   32|  ap_ctrl_hs|   mlp_head451|  return value|
|grp_fu_1281_p_din1    |  out|   32|  ap_ctrl_hs|   mlp_head451|  return value|
|grp_fu_1281_p_opcode  |  out|    2|  ap_ctrl_hs|   mlp_head451|  return value|
|grp_fu_1281_p_dout0   |   in|   32|  ap_ctrl_hs|   mlp_head451|  return value|
|grp_fu_1281_p_ce      |  out|    1|  ap_ctrl_hs|   mlp_head451|  return value|
|grp_fu_1285_p_din0    |  out|   32|  ap_ctrl_hs|   mlp_head451|  return value|
|grp_fu_1285_p_din1    |  out|   32|  ap_ctrl_hs|   mlp_head451|  return value|
|grp_fu_1285_p_opcode  |  out|    2|  ap_ctrl_hs|   mlp_head451|  return value|
|grp_fu_1285_p_dout0   |   in|   32|  ap_ctrl_hs|   mlp_head451|  return value|
|grp_fu_1285_p_ce      |  out|    1|  ap_ctrl_hs|   mlp_head451|  return value|
|grp_fu_1289_p_din0    |  out|   32|  ap_ctrl_hs|   mlp_head451|  return value|
|grp_fu_1289_p_din1    |  out|   32|  ap_ctrl_hs|   mlp_head451|  return value|
|grp_fu_1289_p_opcode  |  out|    2|  ap_ctrl_hs|   mlp_head451|  return value|
|grp_fu_1289_p_dout0   |   in|   32|  ap_ctrl_hs|   mlp_head451|  return value|
|grp_fu_1289_p_ce      |  out|    1|  ap_ctrl_hs|   mlp_head451|  return value|
|grp_fu_1293_p_din0    |  out|   32|  ap_ctrl_hs|   mlp_head451|  return value|
|grp_fu_1293_p_din1    |  out|   32|  ap_ctrl_hs|   mlp_head451|  return value|
|grp_fu_1293_p_opcode  |  out|    2|  ap_ctrl_hs|   mlp_head451|  return value|
|grp_fu_1293_p_dout0   |   in|   32|  ap_ctrl_hs|   mlp_head451|  return value|
|grp_fu_1293_p_ce      |  out|    1|  ap_ctrl_hs|   mlp_head451|  return value|
|grp_fu_1297_p_din0    |  out|   32|  ap_ctrl_hs|   mlp_head451|  return value|
|grp_fu_1297_p_din1    |  out|   32|  ap_ctrl_hs|   mlp_head451|  return value|
|grp_fu_1297_p_opcode  |  out|    2|  ap_ctrl_hs|   mlp_head451|  return value|
|grp_fu_1297_p_dout0   |   in|   32|  ap_ctrl_hs|   mlp_head451|  return value|
|grp_fu_1297_p_ce      |  out|    1|  ap_ctrl_hs|   mlp_head451|  return value|
|grp_fu_1301_p_din0    |  out|   32|  ap_ctrl_hs|   mlp_head451|  return value|
|grp_fu_1301_p_din1    |  out|   32|  ap_ctrl_hs|   mlp_head451|  return value|
|grp_fu_1301_p_opcode  |  out|    2|  ap_ctrl_hs|   mlp_head451|  return value|
|grp_fu_1301_p_dout0   |   in|   32|  ap_ctrl_hs|   mlp_head451|  return value|
|grp_fu_1301_p_ce      |  out|    1|  ap_ctrl_hs|   mlp_head451|  return value|
|grp_fu_1305_p_din0    |  out|   32|  ap_ctrl_hs|   mlp_head451|  return value|
|grp_fu_1305_p_din1    |  out|   32|  ap_ctrl_hs|   mlp_head451|  return value|
|grp_fu_1305_p_opcode  |  out|    2|  ap_ctrl_hs|   mlp_head451|  return value|
|grp_fu_1305_p_dout0   |   in|   32|  ap_ctrl_hs|   mlp_head451|  return value|
|grp_fu_1305_p_ce      |  out|    1|  ap_ctrl_hs|   mlp_head451|  return value|
|grp_fu_1309_p_din0    |  out|   32|  ap_ctrl_hs|   mlp_head451|  return value|
|grp_fu_1309_p_din1    |  out|   32|  ap_ctrl_hs|   mlp_head451|  return value|
|grp_fu_1309_p_opcode  |  out|    2|  ap_ctrl_hs|   mlp_head451|  return value|
|grp_fu_1309_p_dout0   |   in|   32|  ap_ctrl_hs|   mlp_head451|  return value|
|grp_fu_1309_p_ce      |  out|    1|  ap_ctrl_hs|   mlp_head451|  return value|
|grp_fu_1313_p_din0    |  out|   32|  ap_ctrl_hs|   mlp_head451|  return value|
|grp_fu_1313_p_din1    |  out|   32|  ap_ctrl_hs|   mlp_head451|  return value|
|grp_fu_1313_p_opcode  |  out|    2|  ap_ctrl_hs|   mlp_head451|  return value|
|grp_fu_1313_p_dout0   |   in|   32|  ap_ctrl_hs|   mlp_head451|  return value|
|grp_fu_1313_p_ce      |  out|    1|  ap_ctrl_hs|   mlp_head451|  return value|
|grp_fu_1317_p_din0    |  out|   32|  ap_ctrl_hs|   mlp_head451|  return value|
|grp_fu_1317_p_din1    |  out|   32|  ap_ctrl_hs|   mlp_head451|  return value|
|grp_fu_1317_p_opcode  |  out|    2|  ap_ctrl_hs|   mlp_head451|  return value|
|grp_fu_1317_p_dout0   |   in|   32|  ap_ctrl_hs|   mlp_head451|  return value|
|grp_fu_1317_p_ce      |  out|    1|  ap_ctrl_hs|   mlp_head451|  return value|
|grp_fu_1321_p_din0    |  out|   32|  ap_ctrl_hs|   mlp_head451|  return value|
|grp_fu_1321_p_din1    |  out|   32|  ap_ctrl_hs|   mlp_head451|  return value|
|grp_fu_1321_p_dout0   |   in|   32|  ap_ctrl_hs|   mlp_head451|  return value|
|grp_fu_1321_p_ce      |  out|    1|  ap_ctrl_hs|   mlp_head451|  return value|
|grp_fu_1325_p_din0    |  out|   32|  ap_ctrl_hs|   mlp_head451|  return value|
|grp_fu_1325_p_din1    |  out|   32|  ap_ctrl_hs|   mlp_head451|  return value|
|grp_fu_1325_p_dout0   |   in|   32|  ap_ctrl_hs|   mlp_head451|  return value|
|grp_fu_1325_p_ce      |  out|    1|  ap_ctrl_hs|   mlp_head451|  return value|
|grp_fu_1329_p_din0    |  out|   32|  ap_ctrl_hs|   mlp_head451|  return value|
|grp_fu_1329_p_din1    |  out|   32|  ap_ctrl_hs|   mlp_head451|  return value|
|grp_fu_1329_p_dout0   |   in|   32|  ap_ctrl_hs|   mlp_head451|  return value|
|grp_fu_1329_p_ce      |  out|    1|  ap_ctrl_hs|   mlp_head451|  return value|
|grp_fu_1333_p_din0    |  out|   32|  ap_ctrl_hs|   mlp_head451|  return value|
|grp_fu_1333_p_din1    |  out|   32|  ap_ctrl_hs|   mlp_head451|  return value|
|grp_fu_1333_p_dout0   |   in|   32|  ap_ctrl_hs|   mlp_head451|  return value|
|grp_fu_1333_p_ce      |  out|    1|  ap_ctrl_hs|   mlp_head451|  return value|
|grp_fu_1337_p_din0    |  out|   32|  ap_ctrl_hs|   mlp_head451|  return value|
|grp_fu_1337_p_din1    |  out|   32|  ap_ctrl_hs|   mlp_head451|  return value|
|grp_fu_1337_p_dout0   |   in|   32|  ap_ctrl_hs|   mlp_head451|  return value|
|grp_fu_1337_p_ce      |  out|    1|  ap_ctrl_hs|   mlp_head451|  return value|
|grp_fu_1341_p_din0    |  out|   32|  ap_ctrl_hs|   mlp_head451|  return value|
|grp_fu_1341_p_din1    |  out|   32|  ap_ctrl_hs|   mlp_head451|  return value|
|grp_fu_1341_p_dout0   |   in|   32|  ap_ctrl_hs|   mlp_head451|  return value|
|grp_fu_1341_p_ce      |  out|    1|  ap_ctrl_hs|   mlp_head451|  return value|
|grp_fu_1345_p_din0    |  out|   32|  ap_ctrl_hs|   mlp_head451|  return value|
|grp_fu_1345_p_din1    |  out|   32|  ap_ctrl_hs|   mlp_head451|  return value|
|grp_fu_1345_p_dout0   |   in|   32|  ap_ctrl_hs|   mlp_head451|  return value|
|grp_fu_1345_p_ce      |  out|    1|  ap_ctrl_hs|   mlp_head451|  return value|
|grp_fu_1349_p_din0    |  out|   32|  ap_ctrl_hs|   mlp_head451|  return value|
|grp_fu_1349_p_din1    |  out|   32|  ap_ctrl_hs|   mlp_head451|  return value|
|grp_fu_1349_p_dout0   |   in|   32|  ap_ctrl_hs|   mlp_head451|  return value|
|grp_fu_1349_p_ce      |  out|    1|  ap_ctrl_hs|   mlp_head451|  return value|
|grp_fu_1353_p_din0    |  out|   32|  ap_ctrl_hs|   mlp_head451|  return value|
|grp_fu_1353_p_din1    |  out|   32|  ap_ctrl_hs|   mlp_head451|  return value|
|grp_fu_1353_p_dout0   |   in|   32|  ap_ctrl_hs|   mlp_head451|  return value|
|grp_fu_1353_p_ce      |  out|    1|  ap_ctrl_hs|   mlp_head451|  return value|
|grp_fu_1357_p_din0    |  out|   32|  ap_ctrl_hs|   mlp_head451|  return value|
|grp_fu_1357_p_din1    |  out|   32|  ap_ctrl_hs|   mlp_head451|  return value|
|grp_fu_1357_p_dout0   |   in|   32|  ap_ctrl_hs|   mlp_head451|  return value|
|grp_fu_1357_p_ce      |  out|    1|  ap_ctrl_hs|   mlp_head451|  return value|
|grp_fu_1361_p_din0    |  out|   32|  ap_ctrl_hs|   mlp_head451|  return value|
|grp_fu_1361_p_din1    |  out|   32|  ap_ctrl_hs|   mlp_head451|  return value|
|grp_fu_1361_p_dout0   |   in|   32|  ap_ctrl_hs|   mlp_head451|  return value|
|grp_fu_1361_p_ce      |  out|    1|  ap_ctrl_hs|   mlp_head451|  return value|
|grp_fu_1365_p_din0    |  out|   32|  ap_ctrl_hs|   mlp_head451|  return value|
|grp_fu_1365_p_din1    |  out|   32|  ap_ctrl_hs|   mlp_head451|  return value|
|grp_fu_1365_p_dout0   |   in|   32|  ap_ctrl_hs|   mlp_head451|  return value|
|grp_fu_1365_p_ce      |  out|    1|  ap_ctrl_hs|   mlp_head451|  return value|
|grp_fu_1369_p_din0    |  out|   32|  ap_ctrl_hs|   mlp_head451|  return value|
|grp_fu_1369_p_din1    |  out|   32|  ap_ctrl_hs|   mlp_head451|  return value|
|grp_fu_1369_p_dout0   |   in|   32|  ap_ctrl_hs|   mlp_head451|  return value|
|grp_fu_1369_p_ce      |  out|    1|  ap_ctrl_hs|   mlp_head451|  return value|
|grp_fu_1373_p_din0    |  out|   32|  ap_ctrl_hs|   mlp_head451|  return value|
|grp_fu_1373_p_din1    |  out|   32|  ap_ctrl_hs|   mlp_head451|  return value|
|grp_fu_1373_p_dout0   |   in|   32|  ap_ctrl_hs|   mlp_head451|  return value|
|grp_fu_1373_p_ce      |  out|    1|  ap_ctrl_hs|   mlp_head451|  return value|
|grp_fu_1377_p_din0    |  out|   32|  ap_ctrl_hs|   mlp_head451|  return value|
|grp_fu_1377_p_din1    |  out|   32|  ap_ctrl_hs|   mlp_head451|  return value|
|grp_fu_1377_p_dout0   |   in|   32|  ap_ctrl_hs|   mlp_head451|  return value|
|grp_fu_1377_p_ce      |  out|    1|  ap_ctrl_hs|   mlp_head451|  return value|
|grp_fu_1381_p_din0    |  out|   32|  ap_ctrl_hs|   mlp_head451|  return value|
|grp_fu_1381_p_din1    |  out|   32|  ap_ctrl_hs|   mlp_head451|  return value|
|grp_fu_1381_p_dout0   |   in|   32|  ap_ctrl_hs|   mlp_head451|  return value|
|grp_fu_1381_p_ce      |  out|    1|  ap_ctrl_hs|   mlp_head451|  return value|
|grp_fu_1385_p_din0    |  out|   32|  ap_ctrl_hs|   mlp_head451|  return value|
|grp_fu_1385_p_din1    |  out|   32|  ap_ctrl_hs|   mlp_head451|  return value|
|grp_fu_1385_p_dout0   |   in|   32|  ap_ctrl_hs|   mlp_head451|  return value|
|grp_fu_1385_p_ce      |  out|    1|  ap_ctrl_hs|   mlp_head451|  return value|
|grp_fu_1389_p_din0    |  out|   32|  ap_ctrl_hs|   mlp_head451|  return value|
|grp_fu_1389_p_din1    |  out|   32|  ap_ctrl_hs|   mlp_head451|  return value|
|grp_fu_1389_p_dout0   |   in|   32|  ap_ctrl_hs|   mlp_head451|  return value|
|grp_fu_1389_p_ce      |  out|    1|  ap_ctrl_hs|   mlp_head451|  return value|
|grp_fu_1393_p_din0    |  out|   32|  ap_ctrl_hs|   mlp_head451|  return value|
|grp_fu_1393_p_din1    |  out|   32|  ap_ctrl_hs|   mlp_head451|  return value|
|grp_fu_1393_p_dout0   |   in|   32|  ap_ctrl_hs|   mlp_head451|  return value|
|grp_fu_1393_p_ce      |  out|    1|  ap_ctrl_hs|   mlp_head451|  return value|
|grp_fu_1397_p_din0    |  out|   32|  ap_ctrl_hs|   mlp_head451|  return value|
|grp_fu_1397_p_din1    |  out|   32|  ap_ctrl_hs|   mlp_head451|  return value|
|grp_fu_1397_p_dout0   |   in|   32|  ap_ctrl_hs|   mlp_head451|  return value|
|grp_fu_1397_p_ce      |  out|    1|  ap_ctrl_hs|   mlp_head451|  return value|
|grp_fu_1401_p_din0    |  out|   32|  ap_ctrl_hs|   mlp_head451|  return value|
|grp_fu_1401_p_din1    |  out|   32|  ap_ctrl_hs|   mlp_head451|  return value|
|grp_fu_1401_p_dout0   |   in|   32|  ap_ctrl_hs|   mlp_head451|  return value|
|grp_fu_1401_p_ce      |  out|    1|  ap_ctrl_hs|   mlp_head451|  return value|
|grp_fu_1405_p_din0    |  out|   32|  ap_ctrl_hs|   mlp_head451|  return value|
|grp_fu_1405_p_din1    |  out|   32|  ap_ctrl_hs|   mlp_head451|  return value|
|grp_fu_1405_p_dout0   |   in|   32|  ap_ctrl_hs|   mlp_head451|  return value|
|grp_fu_1405_p_ce      |  out|    1|  ap_ctrl_hs|   mlp_head451|  return value|
|grp_fu_1409_p_din0    |  out|   32|  ap_ctrl_hs|   mlp_head451|  return value|
|grp_fu_1409_p_din1    |  out|   32|  ap_ctrl_hs|   mlp_head451|  return value|
|grp_fu_1409_p_dout0   |   in|   32|  ap_ctrl_hs|   mlp_head451|  return value|
|grp_fu_1409_p_ce      |  out|    1|  ap_ctrl_hs|   mlp_head451|  return value|
|grp_fu_1413_p_din0    |  out|   32|  ap_ctrl_hs|   mlp_head451|  return value|
|grp_fu_1413_p_din1    |  out|   32|  ap_ctrl_hs|   mlp_head451|  return value|
|grp_fu_1413_p_dout0   |   in|   32|  ap_ctrl_hs|   mlp_head451|  return value|
|grp_fu_1413_p_ce      |  out|    1|  ap_ctrl_hs|   mlp_head451|  return value|
|grp_fu_1417_p_din0    |  out|   32|  ap_ctrl_hs|   mlp_head451|  return value|
|grp_fu_1417_p_din1    |  out|   32|  ap_ctrl_hs|   mlp_head451|  return value|
|grp_fu_1417_p_dout0   |   in|   32|  ap_ctrl_hs|   mlp_head451|  return value|
|grp_fu_1417_p_ce      |  out|    1|  ap_ctrl_hs|   mlp_head451|  return value|
|grp_fu_1421_p_din0    |  out|   32|  ap_ctrl_hs|   mlp_head451|  return value|
|grp_fu_1421_p_din1    |  out|   32|  ap_ctrl_hs|   mlp_head451|  return value|
|grp_fu_1421_p_dout0   |   in|   32|  ap_ctrl_hs|   mlp_head451|  return value|
|grp_fu_1421_p_ce      |  out|    1|  ap_ctrl_hs|   mlp_head451|  return value|
|grp_fu_1425_p_din0    |  out|   32|  ap_ctrl_hs|   mlp_head451|  return value|
|grp_fu_1425_p_din1    |  out|   32|  ap_ctrl_hs|   mlp_head451|  return value|
|grp_fu_1425_p_dout0   |   in|   32|  ap_ctrl_hs|   mlp_head451|  return value|
|grp_fu_1425_p_ce      |  out|    1|  ap_ctrl_hs|   mlp_head451|  return value|
|grp_fu_1429_p_din0    |  out|   32|  ap_ctrl_hs|   mlp_head451|  return value|
|grp_fu_1429_p_din1    |  out|   32|  ap_ctrl_hs|   mlp_head451|  return value|
|grp_fu_1429_p_dout0   |   in|   32|  ap_ctrl_hs|   mlp_head451|  return value|
|grp_fu_1429_p_ce      |  out|    1|  ap_ctrl_hs|   mlp_head451|  return value|
|grp_fu_1433_p_din0    |  out|   32|  ap_ctrl_hs|   mlp_head451|  return value|
|grp_fu_1433_p_din1    |  out|   32|  ap_ctrl_hs|   mlp_head451|  return value|
|grp_fu_1433_p_dout0   |   in|   32|  ap_ctrl_hs|   mlp_head451|  return value|
|grp_fu_1433_p_ce      |  out|    1|  ap_ctrl_hs|   mlp_head451|  return value|
|grp_fu_1437_p_din0    |  out|   32|  ap_ctrl_hs|   mlp_head451|  return value|
|grp_fu_1437_p_din1    |  out|   32|  ap_ctrl_hs|   mlp_head451|  return value|
|grp_fu_1437_p_dout0   |   in|   32|  ap_ctrl_hs|   mlp_head451|  return value|
|grp_fu_1437_p_ce      |  out|    1|  ap_ctrl_hs|   mlp_head451|  return value|
|grp_fu_1441_p_din0    |  out|   32|  ap_ctrl_hs|   mlp_head451|  return value|
|grp_fu_1441_p_din1    |  out|   32|  ap_ctrl_hs|   mlp_head451|  return value|
|grp_fu_1441_p_dout0   |   in|   32|  ap_ctrl_hs|   mlp_head451|  return value|
|grp_fu_1441_p_ce      |  out|    1|  ap_ctrl_hs|   mlp_head451|  return value|
|grp_fu_1445_p_din0    |  out|   32|  ap_ctrl_hs|   mlp_head451|  return value|
|grp_fu_1445_p_din1    |  out|   32|  ap_ctrl_hs|   mlp_head451|  return value|
|grp_fu_1445_p_opcode  |  out|    2|  ap_ctrl_hs|   mlp_head451|  return value|
|grp_fu_1445_p_dout0   |   in|   32|  ap_ctrl_hs|   mlp_head451|  return value|
|grp_fu_1445_p_ce      |  out|    1|  ap_ctrl_hs|   mlp_head451|  return value|
|grp_fu_1449_p_din0    |  out|   32|  ap_ctrl_hs|   mlp_head451|  return value|
|grp_fu_1449_p_din1    |  out|   32|  ap_ctrl_hs|   mlp_head451|  return value|
|grp_fu_1449_p_dout0   |   in|   32|  ap_ctrl_hs|   mlp_head451|  return value|
|grp_fu_1449_p_ce      |  out|    1|  ap_ctrl_hs|   mlp_head451|  return value|
|input_r_address1      |  out|    7|   ap_memory|       input_r|         array|
|input_r_ce1           |  out|    1|   ap_memory|       input_r|         array|
|input_r_q1            |   in|   32|   ap_memory|       input_r|         array|
+----------------------+-----+-----+------------+--------------+--------------+

