

================================================================
== Vitis HLS Report for 'output_moe_Pipeline_VITIS_LOOP_911_5'
================================================================
* Date:           Sun Sep 13 11:38:50 2026

* Version:        2023.2 (Build 4023990 on Oct 11 2023)
* Project:        HLS_OutputMoE_Run8
* Solution:       solution1 (Vivado IP Flow Target)
* Product family: virtexuplus
* Target device:  xcvu13p_CIV-figd2104-3-e


================================================================
== Performance Estimates
================================================================
+ Timing: 
    * Summary: 
    +--------+----------+----------+------------+
    |  Clock |  Target  | Estimated| Uncertainty|
    +--------+----------+----------+------------+
    |ap_clk  |  10.00 ns|  6.810 ns|     2.70 ns|
    +--------+----------+----------+------------+

+ Latency: 
    * Summary: 
    +---------+---------+----------+----------+-----+-----+---------+
    |  Latency (cycles) |  Latency (absolute) |  Interval | Pipeline|
    |   min   |   max   |    min   |    max   | min | max |   Type  |
    +---------+---------+----------+----------+-----+-----+---------+
    |       11|       11|  0.110 us|  0.110 us|   11|   11|       no|
    +---------+---------+----------+----------+-----+-----+---------+

    + Detail: 
        * Instance: 
        N/A

        * Loop: 
        +--------------------+---------+---------+----------+-----------+-----------+------+----------+
        |                    |  Latency (cycles) | Iteration|  Initiation Interval  | Trip |          |
        |      Loop Name     |   min   |   max   |  Latency |  achieved |   target  | Count| Pipelined|
        +--------------------+---------+---------+----------+-----------+-----------+------+----------+
        |- VITIS_LOOP_911_5  |        9|        9|         7|          1|          1|     4|       yes|
        +--------------------+---------+---------+----------+-----------+-----------+------+----------+

============================================================
+ Verbose Summary: Synthesis Manager
============================================================
InlineROM: 1
ExposeGlobal: 0
============================================================
+ Verbose Summary: CDFG Model
============================================================
IsTopModel: 0
ResetActiveHigh: 1
IsCombinational: 0
IsDatapathOnly: 0
HasWiredReturn: 1
HasMFsm: 2
HasVarLatency: 1
IsPipeline: 0
IsRtlPipelined: 0
IsInstanceOverlapped: 0
IsDontTouch: 0
HasImplIP: 0
IsGatedGlobalClock: 0

+ Individual pipeline summary: 
  * Pipeline-0: initiation interval (II) = 1, depth = 7


============================================================
+ Verbose Summary: Schedule
============================================================
* Number of FSM states : 7
* Pipeline : 1
  Pipeline-0 : II = 1, D = 7, States = { 1 2 3 4 5 6 7 }
* Dataflow Pipeline: 0

* FSM state transitions: 
1 --> 2 
2 --> 3 
3 --> 4 
4 --> 5 
5 --> 6 
6 --> 7 
7 --> 

* FSM state operations: 

State 1 <SV = 0> <Delay = 1.24>
ST_1 : Operation 10 [1/1] (0.00ns)   --->   "%e = alloca i32 1" [src/moe.cpp:911]   --->   Operation 10 'alloca' 'e' <Predicate = true> <Delay = 0.00>
ST_1 : Operation 11 [1/1] (0.00ns)   --->   "%specinterface_ln0 = specinterface void @_ssdm_op_SpecInterface, i32 %gates, void @empty_1, i32 0, i32 0, void @empty_2, i32 4294967295, i32 0, void @empty_2, void @empty_2, void @empty_2, i32 0, i32 0, i32 0, i32 0, void @empty_2, void @empty_2, i32 4294967295, i32 0"   --->   Operation 11 'specinterface' 'specinterface_ln0' <Predicate = true> <Delay = 0.00>
ST_1 : Operation 12 [1/1] (0.00ns)   --->   "%exp_sum_reload_read = read i32 @_ssdm_op_Read.ap_auto.float, i32 %exp_sum_reload"   --->   Operation 12 'read' 'exp_sum_reload_read' <Predicate = true> <Delay = 0.00>
ST_1 : Operation 13 [1/1] (0.36ns)   --->   "%store_ln911 = store i3 0, i3 %e" [src/moe.cpp:911]   --->   Operation 13 'store' 'store_ln911' <Predicate = true> <Delay = 0.36>
ST_1 : Operation 14 [1/1] (0.00ns)   --->   "%br_ln0 = br void %for.inc52"   --->   Operation 14 'br' 'br_ln0' <Predicate = true> <Delay = 0.00>
ST_1 : Operation 15 [1/1] (0.00ns)   --->   "%e_1 = load i3 %e" [src/moe.cpp:911]   --->   Operation 15 'load' 'e_1' <Predicate = true> <Delay = 0.00>
ST_1 : Operation 16 [1/1] (0.52ns)   --->   "%icmp_ln911 = icmp_eq  i3 %e_1, i3 4" [src/moe.cpp:911]   --->   Operation 16 'icmp' 'icmp_ln911' <Predicate = true> <Delay = 0.52> <CoreInst = "Cmp">   --->   Core 9 'Cmp' <Latency = 0> <II = 1> <Delay = 0.52> <FuncUnit> <Opcode : 'icmp'> <InPorts = 2> <OutPorts = 1>
ST_1 : Operation 17 [1/1] (0.52ns)   --->   "%add_ln911 = add i3 %e_1, i3 1" [src/moe.cpp:911]   --->   Operation 17 'add' 'add_ln911' <Predicate = true> <Delay = 0.52> <CoreInst = "Adder">   --->   Core 1 'Adder' <Latency = 0> <II = 1> <Delay = 0.52> <FuncUnit> <Opcode : 'add' 'sub'> <InPorts = 2> <OutPorts = 1>
ST_1 : Operation 18 [1/1] (0.00ns)   --->   "%br_ln911 = br i1 %icmp_ln911, void %for.inc52.split, void %for.end54.exitStub" [src/moe.cpp:911]   --->   Operation 18 'br' 'br_ln911' <Predicate = true> <Delay = 0.00>
ST_1 : Operation 19 [1/1] (0.00ns)   --->   "%zext_ln911 = zext i3 %e_1" [src/moe.cpp:911]   --->   Operation 19 'zext' 'zext_ln911' <Predicate = (!icmp_ln911)> <Delay = 0.00>
ST_1 : Operation 20 [1/1] (0.00ns)   --->   "%gates_addr = getelementptr i32 %gates, i64 0, i64 %zext_ln911" [src/moe.cpp:912]   --->   Operation 20 'getelementptr' 'gates_addr' <Predicate = (!icmp_ln911)> <Delay = 0.00>
ST_1 : Operation 21 [2/2] (0.54ns)   --->   "%gates_load = load i2 %gates_addr" [src/moe.cpp:912]   --->   Operation 21 'load' 'gates_load' <Predicate = (!icmp_ln911)> <Delay = 0.54> <CoreInst = "RAM">   --->   Core 83 'RAM' <Latency = 1> <II = 1> <Delay = 0.54> <Storage> <Opcode : 'load' 'store'> <Ports = 2> <Width = 32> <Depth = 4> <RAM>
ST_1 : Operation 22 [1/1] (0.36ns)   --->   "%store_ln911 = store i3 %add_ln911, i3 %e" [src/moe.cpp:911]   --->   Operation 22 'store' 'store_ln911' <Predicate = (!icmp_ln911)> <Delay = 0.36>

State 2 <SV = 1> <Delay = 6.81>
ST_2 : Operation 23 [1/2] (0.54ns)   --->   "%gates_load = load i2 %gates_addr" [src/moe.cpp:912]   --->   Operation 23 'load' 'gates_load' <Predicate = true> <Delay = 0.54> <CoreInst = "RAM">   --->   Core 83 'RAM' <Latency = 1> <II = 1> <Delay = 0.54> <Storage> <Opcode : 'load' 'store'> <Ports = 2> <Width = 32> <Depth = 4> <RAM>
ST_2 : Operation 24 [1/1] (0.00ns)   --->   "%bitcast_ln912 = bitcast i32 %gates_load" [src/moe.cpp:912]   --->   Operation 24 'bitcast' 'bitcast_ln912' <Predicate = true> <Delay = 0.00>
ST_2 : Operation 25 [6/6] (6.26ns)   --->   "%div = fdiv i32 %bitcast_ln912, i32 %exp_sum_reload_read" [src/moe.cpp:912]   --->   Operation 25 'fdiv' 'div' <Predicate = true> <Delay = 6.26> <CoreInst = "FDiv">   --->   Core 20 'FDiv' <Latency = 5> <II = 1> <Delay = 6.26> <FuncUnit> <Opcode : 'fdiv' 'frem'> <InPorts = 2> <OutPorts = 1>

State 3 <SV = 2> <Delay = 6.26>
ST_3 : Operation 26 [5/6] (6.26ns)   --->   "%div = fdiv i32 %bitcast_ln912, i32 %exp_sum_reload_read" [src/moe.cpp:912]   --->   Operation 26 'fdiv' 'div' <Predicate = true> <Delay = 6.26> <CoreInst = "FDiv">   --->   Core 20 'FDiv' <Latency = 5> <II = 1> <Delay = 6.26> <FuncUnit> <Opcode : 'fdiv' 'frem'> <InPorts = 2> <OutPorts = 1>

State 4 <SV = 3> <Delay = 6.26>
ST_4 : Operation 27 [4/6] (6.26ns)   --->   "%div = fdiv i32 %bitcast_ln912, i32 %exp_sum_reload_read" [src/moe.cpp:912]   --->   Operation 27 'fdiv' 'div' <Predicate = true> <Delay = 6.26> <CoreInst = "FDiv">   --->   Core 20 'FDiv' <Latency = 5> <II = 1> <Delay = 6.26> <FuncUnit> <Opcode : 'fdiv' 'frem'> <InPorts = 2> <OutPorts = 1>

State 5 <SV = 4> <Delay = 6.26>
ST_5 : Operation 28 [3/6] (6.26ns)   --->   "%div = fdiv i32 %bitcast_ln912, i32 %exp_sum_reload_read" [src/moe.cpp:912]   --->   Operation 28 'fdiv' 'div' <Predicate = true> <Delay = 6.26> <CoreInst = "FDiv">   --->   Core 20 'FDiv' <Latency = 5> <II = 1> <Delay = 6.26> <FuncUnit> <Opcode : 'fdiv' 'frem'> <InPorts = 2> <OutPorts = 1>

State 6 <SV = 5> <Delay = 6.26>
ST_6 : Operation 29 [2/6] (6.26ns)   --->   "%div = fdiv i32 %bitcast_ln912, i32 %exp_sum_reload_read" [src/moe.cpp:912]   --->   Operation 29 'fdiv' 'div' <Predicate = true> <Delay = 6.26> <CoreInst = "FDiv">   --->   Core 20 'FDiv' <Latency = 5> <II = 1> <Delay = 6.26> <FuncUnit> <Opcode : 'fdiv' 'frem'> <InPorts = 2> <OutPorts = 1>
ST_6 : Operation 37 [1/1] (0.00ns)   --->   "%ret_ln0 = ret"   --->   Operation 37 'ret' 'ret_ln0' <Predicate = (icmp_ln911)> <Delay = 0.00>

State 7 <SV = 6> <Delay = 6.81>
ST_7 : Operation 30 [1/1] (0.00ns)   --->   "%specpipeline_ln911 = specpipeline void @_ssdm_op_SpecPipeline, i32 4294967295, i32 0, i32 0, i32 0, void @empty_2" [src/moe.cpp:911]   --->   Operation 30 'specpipeline' 'specpipeline_ln911' <Predicate = true> <Delay = 0.00>
ST_7 : Operation 31 [1/1] (0.00ns)   --->   "%speclooptripcount_ln911 = speclooptripcount void @_ssdm_op_SpecLoopTripCount, i64 4, i64 4, i64 4" [src/moe.cpp:911]   --->   Operation 31 'speclooptripcount' 'speclooptripcount_ln911' <Predicate = true> <Delay = 0.00>
ST_7 : Operation 32 [1/1] (0.00ns)   --->   "%specloopname_ln911 = specloopname void @_ssdm_op_SpecLoopName, void @empty_8" [src/moe.cpp:911]   --->   Operation 32 'specloopname' 'specloopname_ln911' <Predicate = true> <Delay = 0.00>
ST_7 : Operation 33 [1/6] (6.26ns)   --->   "%div = fdiv i32 %bitcast_ln912, i32 %exp_sum_reload_read" [src/moe.cpp:912]   --->   Operation 33 'fdiv' 'div' <Predicate = true> <Delay = 6.26> <CoreInst = "FDiv">   --->   Core 20 'FDiv' <Latency = 5> <II = 1> <Delay = 6.26> <FuncUnit> <Opcode : 'fdiv' 'frem'> <InPorts = 2> <OutPorts = 1>
ST_7 : Operation 34 [1/1] (0.00ns)   --->   "%bitcast_ln912_1 = bitcast i32 %div" [src/moe.cpp:912]   --->   Operation 34 'bitcast' 'bitcast_ln912_1' <Predicate = true> <Delay = 0.00>
ST_7 : Operation 35 [1/1] (0.54ns)   --->   "%store_ln912 = store i32 %bitcast_ln912_1, i2 %gates_addr" [src/moe.cpp:912]   --->   Operation 35 'store' 'store_ln912' <Predicate = true> <Delay = 0.54> <CoreInst = "RAM">   --->   Core 83 'RAM' <Latency = 1> <II = 1> <Delay = 0.54> <Storage> <Opcode : 'load' 'store'> <Ports = 2> <Width = 32> <Depth = 4> <RAM>
ST_7 : Operation 36 [1/1] (0.00ns)   --->   "%br_ln911 = br void %for.inc52" [src/moe.cpp:911]   --->   Operation 36 'br' 'br_ln911' <Predicate = true> <Delay = 0.00>


============================================================
+ Verbose Summary: Timing violations
============================================================
Target clock period: 10.000ns, clock uncertainty: 2.700ns.

 <State 1>: 1.248ns
The critical path consists of the following:
	'store' operation 0 bit ('store_ln911', src/moe.cpp:911) of constant 0 on local variable 'e', src/moe.cpp:911 [6]  (0.362 ns)
	'load' operation 3 bit ('e', src/moe.cpp:911) on local variable 'e', src/moe.cpp:911 [9]  (0.000 ns)
	'add' operation 3 bit ('add_ln911', src/moe.cpp:911) [11]  (0.524 ns)
	'store' operation 0 bit ('store_ln911', src/moe.cpp:911) of variable 'add_ln911', src/moe.cpp:911 on local variable 'e', src/moe.cpp:911 [24]  (0.362 ns)

 <State 2>: 6.810ns
The critical path consists of the following:
	'load' operation 32 bit ('gates_load', src/moe.cpp:912) on array 'gates' [19]  (0.542 ns)
	'fdiv' operation 32 bit ('div', src/moe.cpp:912) [21]  (6.268 ns)

 <State 3>: 6.268ns
The critical path consists of the following:
	'fdiv' operation 32 bit ('div', src/moe.cpp:912) [21]  (6.268 ns)

 <State 4>: 6.268ns
The critical path consists of the following:
	'fdiv' operation 32 bit ('div', src/moe.cpp:912) [21]  (6.268 ns)

 <State 5>: 6.268ns
The critical path consists of the following:
	'fdiv' operation 32 bit ('div', src/moe.cpp:912) [21]  (6.268 ns)

 <State 6>: 6.268ns
The critical path consists of the following:
	'fdiv' operation 32 bit ('div', src/moe.cpp:912) [21]  (6.268 ns)

 <State 7>: 6.810ns
The critical path consists of the following:
	'fdiv' operation 32 bit ('div', src/moe.cpp:912) [21]  (6.268 ns)
	'store' operation 0 bit ('store_ln912', src/moe.cpp:912) of variable 'bitcast_ln912_1', src/moe.cpp:912 on array 'gates' [23]  (0.542 ns)


============================================================
+ Verbose Summary: Binding
============================================================
N/A
* FSMD analyzer results:
  - Output states:
 - Input state : 
  - Chain level:
	State 1
	State 2
	State 3
	State 4
	State 5
	State 6
	State 7


============================================================
+ Verbose Summary: Datapath Resource usage 
============================================================
N/A
