

================================================================
== Vitis HLS Report for 'output_moe_Pipeline_VITIS_LOOP_943_6'
================================================================
* Date:           Sun Sep 13 11:39:09 2026

* Version:        2023.2 (Build 4023990 on Oct 11 2023)
* Project:        HLS_OutputMoE_Run8
* Solution:       solution1 (Vivado IP Flow Target)
* Product family: virtexuplus
* Target device:  xcvu13p_CIV-figd2104-3-e


================================================================
== Performance Estimates
================================================================
+ Timing: 
    * Summary: 
    +--------+----------+----------+------------+
    |  Clock |  Target  | Estimated| Uncertainty|
    +--------+----------+----------+------------+
    |ap_clk  |  10.00 ns|  6.589 ns|     2.70 ns|
    +--------+----------+----------+------------+

+ Latency: 
    * Summary: 
    +---------+---------+----------+----------+-----+-----+---------+
    |  Latency (cycles) |  Latency (absolute) |  Interval | Pipeline|
    |   min   |   max   |    min   |    max   | min | max |   Type  |
    +---------+---------+----------+----------+-----+-----+---------+
    |       14|       14|  0.140 us|  0.140 us|   14|   14|       no|
    +---------+---------+----------+----------+-----+-----+---------+

    + Detail: 
        * Instance: 
        N/A

        * Loop: 
        +--------------------+---------+---------+----------+-----------+-----------+------+----------+
        |                    |  Latency (cycles) | Iteration|  Initiation Interval  | Trip |          |
        |      Loop Name     |   min   |   max   |  Latency |  achieved |   target  | Count| Pipelined|
        +--------------------+---------+---------+----------+-----------+-----------+------+----------+
        |- VITIS_LOOP_943_6  |       12|       12|         9|          1|          1|     5|       yes|
        +--------------------+---------+---------+----------+-----------+-----------+------+----------+

============================================================
+ Verbose Summary: Synthesis Manager
============================================================
InlineROM: 1
ExposeGlobal: 0
============================================================
+ Verbose Summary: CDFG Model
============================================================
IsTopModel: 0
ResetActiveHigh: 1
IsCombinational: 0
IsDatapathOnly: 0
HasWiredReturn: 1
HasMFsm: 2
HasVarLatency: 1
IsPipeline: 0
IsRtlPipelined: 0
IsInstanceOverlapped: 0
IsDontTouch: 0
HasImplIP: 0
IsGatedGlobalClock: 0

+ Individual pipeline summary: 
  * Pipeline-0: initiation interval (II) = 1, depth = 9


============================================================
+ Verbose Summary: Schedule
============================================================
* Number of FSM states : 9
* Pipeline : 1
  Pipeline-0 : II = 1, D = 9, States = { 1 2 3 4 5 6 7 8 9 }
* Dataflow Pipeline: 0

* FSM state transitions: 
1 --> 2 
2 --> 3 
3 --> 4 
4 --> 5 
5 --> 6 
6 --> 7 
7 --> 8 
8 --> 9 
9 --> 

* FSM state operations: 

State 1 <SV = 0> <Delay = 1.24>
ST_1 : Operation 12 [1/1] (0.00ns)   --->   "%objective = alloca i32 1" [src/moe.cpp:943]   --->   Operation 12 'alloca' 'objective' <Predicate = true> <Delay = 0.00>
ST_1 : Operation 13 [1/1] (0.00ns)   --->   "%specinterface_ln0 = specinterface void @_ssdm_op_SpecInterface, i32 %output_r, void @empty_1, i32 0, i32 0, void @empty_2, i32 4294967295, i32 0, void @empty_2, void @empty_2, void @empty_2, i32 0, i32 0, i32 0, i32 0, void @empty_2, void @empty_2, i32 4294967295, i32 0"   --->   Operation 13 'specinterface' 'specinterface_ln0' <Predicate = true> <Delay = 0.00>
ST_1 : Operation 14 [1/1] (0.00ns)   --->   "%tmp = read i32 @_ssdm_op_Read.ap_auto.float, i32 %empty"   --->   Operation 14 'read' 'tmp' <Predicate = true> <Delay = 0.00>
ST_1 : Operation 15 [1/1] (0.00ns)   --->   "%tmp_1 = read i32 @_ssdm_op_Read.ap_auto.float, i32 %empty_13"   --->   Operation 15 'read' 'tmp_1' <Predicate = true> <Delay = 0.00>
ST_1 : Operation 16 [1/1] (0.00ns)   --->   "%tmp_2 = read i32 @_ssdm_op_Read.ap_auto.float, i32 %empty_12"   --->   Operation 16 'read' 'tmp_2' <Predicate = true> <Delay = 0.00>
ST_1 : Operation 17 [1/1] (0.00ns)   --->   "%tmp_3 = read i32 @_ssdm_op_Read.ap_auto.float, i32 %empty_11"   --->   Operation 17 'read' 'tmp_3' <Predicate = true> <Delay = 0.00>
ST_1 : Operation 18 [1/1] (0.36ns)   --->   "%store_ln943 = store i3 0, i3 %objective" [src/moe.cpp:943]   --->   Operation 18 'store' 'store_ln943' <Predicate = true> <Delay = 0.36>
ST_1 : Operation 19 [1/1] (0.00ns)   --->   "%br_ln0 = br void %for.inc85"   --->   Operation 19 'br' 'br_ln0' <Predicate = true> <Delay = 0.00>
ST_1 : Operation 20 [1/1] (0.00ns)   --->   "%objective_1 = load i3 %objective" [src/moe.cpp:945]   --->   Operation 20 'load' 'objective_1' <Predicate = true> <Delay = 0.00>
ST_1 : Operation 21 [1/1] (0.52ns)   --->   "%icmp_ln944 = icmp_eq  i3 %objective_1, i3 5" [src/moe.cpp:944]   --->   Operation 21 'icmp' 'icmp_ln944' <Predicate = true> <Delay = 0.52> <CoreInst = "Cmp">   --->   Core 9 'Cmp' <Latency = 0> <II = 1> <Delay = 0.52> <FuncUnit> <Opcode : 'icmp'> <InPorts = 2> <OutPorts = 1>
ST_1 : Operation 22 [1/1] (0.52ns)   --->   "%add_ln945 = add i3 %objective_1, i3 1" [src/moe.cpp:945]   --->   Operation 22 'add' 'add_ln945' <Predicate = true> <Delay = 0.52> <CoreInst = "Adder">   --->   Core 1 'Adder' <Latency = 0> <II = 1> <Delay = 0.52> <FuncUnit> <Opcode : 'add' 'sub'> <InPorts = 2> <OutPorts = 1>
ST_1 : Operation 23 [1/1] (0.00ns)   --->   "%br_ln943 = br i1 %icmp_ln944, void %for.inc85.split, void %for.end87.exitStub" [src/moe.cpp:943]   --->   Operation 23 'br' 'br_ln943' <Predicate = true> <Delay = 0.00>
ST_1 : Operation 24 [1/1] (0.00ns)   --->   "%zext_ln944 = zext i3 %objective_1" [src/moe.cpp:944]   --->   Operation 24 'zext' 'zext_ln944' <Predicate = (!icmp_ln944)> <Delay = 0.00>
ST_1 : Operation 25 [1/1] (0.00ns)   --->   "%expert_output_A_addr = getelementptr i32 %expert_output_A, i64 0, i64 %zext_ln944" [src/moe.cpp:948]   --->   Operation 25 'getelementptr' 'expert_output_A_addr' <Predicate = (!icmp_ln944)> <Delay = 0.00>
ST_1 : Operation 26 [1/1] (0.00ns)   --->   "%expert_output_B_addr = getelementptr i32 %expert_output_B, i64 0, i64 %zext_ln944" [src/moe.cpp:949]   --->   Operation 26 'getelementptr' 'expert_output_B_addr' <Predicate = (!icmp_ln944)> <Delay = 0.00>
ST_1 : Operation 27 [2/2] (0.54ns)   --->   "%expert_output_A_load = load i4 %expert_output_A_addr" [src/moe.cpp:948]   --->   Operation 27 'load' 'expert_output_A_load' <Predicate = (!icmp_ln944)> <Delay = 0.54> <CoreInst = "RAM">   --->   Core 83 'RAM' <Latency = 1> <II = 1> <Delay = 0.54> <Storage> <Opcode : 'load' 'store'> <Ports = 2> <Width = 32> <Depth = 10> <RAM>
ST_1 : Operation 28 [2/2] (0.54ns)   --->   "%expert_output_B_load = load i4 %expert_output_B_addr" [src/moe.cpp:949]   --->   Operation 28 'load' 'expert_output_B_load' <Predicate = (!icmp_ln944)> <Delay = 0.54> <CoreInst = "RAM">   --->   Core 83 'RAM' <Latency = 1> <II = 1> <Delay = 0.54> <Storage> <Opcode : 'load' 'store'> <Ports = 2> <Width = 32> <Depth = 10> <RAM>
ST_1 : Operation 29 [1/1] (0.36ns)   --->   "%store_ln943 = store i3 %add_ln945, i3 %objective" [src/moe.cpp:943]   --->   Operation 29 'store' 'store_ln943' <Predicate = (!icmp_ln944)> <Delay = 0.36>

State 2 <SV = 1> <Delay = 4.42>
ST_2 : Operation 30 [1/2] (0.54ns)   --->   "%expert_output_A_load = load i4 %expert_output_A_addr" [src/moe.cpp:948]   --->   Operation 30 'load' 'expert_output_A_load' <Predicate = true> <Delay = 0.54> <CoreInst = "RAM">   --->   Core 83 'RAM' <Latency = 1> <II = 1> <Delay = 0.54> <Storage> <Opcode : 'load' 'store'> <Ports = 2> <Width = 32> <Depth = 10> <RAM>
ST_2 : Operation 31 [2/2] (3.88ns)   --->   "%mul1 = fmul i32 %tmp_3, i32 %expert_output_A_load" [src/moe.cpp:948]   --->   Operation 31 'fmul' 'mul1' <Predicate = true> <Delay = 3.88> <CoreInst = "FMul_maxdsp">   --->   Core 30 'FMul_maxdsp' <Latency = 1> <II = 1> <Delay = 3.88> <FuncUnit> <Opcode : 'fmul'> <InPorts = 2> <OutPorts = 1>
ST_2 : Operation 32 [1/2] (0.54ns)   --->   "%expert_output_B_load = load i4 %expert_output_B_addr" [src/moe.cpp:949]   --->   Operation 32 'load' 'expert_output_B_load' <Predicate = true> <Delay = 0.54> <CoreInst = "RAM">   --->   Core 83 'RAM' <Latency = 1> <II = 1> <Delay = 0.54> <Storage> <Opcode : 'load' 'store'> <Ports = 2> <Width = 32> <Depth = 10> <RAM>
ST_2 : Operation 33 [2/2] (3.88ns)   --->   "%mul2 = fmul i32 %tmp_2, i32 %expert_output_B_load" [src/moe.cpp:949]   --->   Operation 33 'fmul' 'mul2' <Predicate = true> <Delay = 3.88> <CoreInst = "FMul_maxdsp">   --->   Core 30 'FMul_maxdsp' <Latency = 1> <II = 1> <Delay = 3.88> <FuncUnit> <Opcode : 'fmul'> <InPorts = 2> <OutPorts = 1>

State 3 <SV = 2> <Delay = 3.88>
ST_3 : Operation 34 [1/1] (0.00ns)   --->   "%zext_ln948 = zext i3 %objective_1" [src/moe.cpp:948]   --->   Operation 34 'zext' 'zext_ln948' <Predicate = true> <Delay = 0.00>
ST_3 : Operation 35 [1/1] (0.64ns)   --->   "%add_ln950 = add i4 %zext_ln948, i4 5" [src/moe.cpp:950]   --->   Operation 35 'add' 'add_ln950' <Predicate = true> <Delay = 0.64> <CoreInst = "Adder">   --->   Core 1 'Adder' <Latency = 0> <II = 1> <Delay = 0.64> <FuncUnit> <Opcode : 'add' 'sub'> <InPorts = 2> <OutPorts = 1>
ST_3 : Operation 36 [1/1] (0.00ns)   --->   "%zext_ln950 = zext i4 %add_ln950" [src/moe.cpp:950]   --->   Operation 36 'zext' 'zext_ln950' <Predicate = true> <Delay = 0.00>
ST_3 : Operation 37 [1/1] (0.00ns)   --->   "%expert_output_A_addr_1 = getelementptr i32 %expert_output_A, i64 0, i64 %zext_ln950" [src/moe.cpp:950]   --->   Operation 37 'getelementptr' 'expert_output_A_addr_1' <Predicate = true> <Delay = 0.00>
ST_3 : Operation 38 [1/2] (3.88ns)   --->   "%mul1 = fmul i32 %tmp_3, i32 %expert_output_A_load" [src/moe.cpp:948]   --->   Operation 38 'fmul' 'mul1' <Predicate = true> <Delay = 3.88> <CoreInst = "FMul_maxdsp">   --->   Core 30 'FMul_maxdsp' <Latency = 1> <II = 1> <Delay = 3.88> <FuncUnit> <Opcode : 'fmul'> <InPorts = 2> <OutPorts = 1>
ST_3 : Operation 39 [1/2] (3.88ns)   --->   "%mul2 = fmul i32 %tmp_2, i32 %expert_output_B_load" [src/moe.cpp:949]   --->   Operation 39 'fmul' 'mul2' <Predicate = true> <Delay = 3.88> <CoreInst = "FMul_maxdsp">   --->   Core 30 'FMul_maxdsp' <Latency = 1> <II = 1> <Delay = 3.88> <FuncUnit> <Opcode : 'fmul'> <InPorts = 2> <OutPorts = 1>
ST_3 : Operation 40 [2/2] (0.54ns)   --->   "%expert_output_A_load_1 = load i4 %expert_output_A_addr_1" [src/moe.cpp:950]   --->   Operation 40 'load' 'expert_output_A_load_1' <Predicate = true> <Delay = 0.54> <CoreInst = "RAM">   --->   Core 83 'RAM' <Latency = 1> <II = 1> <Delay = 0.54> <Storage> <Opcode : 'load' 'store'> <Ports = 2> <Width = 32> <Depth = 10> <RAM>

State 4 <SV = 3> <Delay = 6.04>
ST_4 : Operation 41 [2/2] (6.04ns)   --->   "%add = fadd i32 %mul1, i32 %mul2" [src/moe.cpp:949]   --->   Operation 41 'fadd' 'add' <Predicate = true> <Delay = 6.04> <CoreInst = "FAddSub_fulldsp">   --->   Core 18 'FAddSub_fulldsp' <Latency = 1> <II = 1> <Delay = 6.04> <FuncUnit> <Opcode : 'fadd' 'fsub'> <InPorts = 2> <OutPorts = 1>
ST_4 : Operation 42 [1/2] (0.54ns)   --->   "%expert_output_A_load_1 = load i4 %expert_output_A_addr_1" [src/moe.cpp:950]   --->   Operation 42 'load' 'expert_output_A_load_1' <Predicate = true> <Delay = 0.54> <CoreInst = "RAM">   --->   Core 83 'RAM' <Latency = 1> <II = 1> <Delay = 0.54> <Storage> <Opcode : 'load' 'store'> <Ports = 2> <Width = 32> <Depth = 10> <RAM>
ST_4 : Operation 43 [2/2] (3.88ns)   --->   "%mul3 = fmul i32 %tmp_1, i32 %expert_output_A_load_1" [src/moe.cpp:950]   --->   Operation 43 'fmul' 'mul3' <Predicate = true> <Delay = 3.88> <CoreInst = "FMul_maxdsp">   --->   Core 30 'FMul_maxdsp' <Latency = 1> <II = 1> <Delay = 3.88> <FuncUnit> <Opcode : 'fmul'> <InPorts = 2> <OutPorts = 1>

State 5 <SV = 4> <Delay = 6.04>
ST_5 : Operation 44 [1/1] (0.00ns)   --->   "%expert_output_B_addr_1 = getelementptr i32 %expert_output_B, i64 0, i64 %zext_ln950" [src/moe.cpp:951]   --->   Operation 44 'getelementptr' 'expert_output_B_addr_1' <Predicate = true> <Delay = 0.00>
ST_5 : Operation 45 [1/2] (6.04ns)   --->   "%add = fadd i32 %mul1, i32 %mul2" [src/moe.cpp:949]   --->   Operation 45 'fadd' 'add' <Predicate = true> <Delay = 6.04> <CoreInst = "FAddSub_fulldsp">   --->   Core 18 'FAddSub_fulldsp' <Latency = 1> <II = 1> <Delay = 6.04> <FuncUnit> <Opcode : 'fadd' 'fsub'> <InPorts = 2> <OutPorts = 1>
ST_5 : Operation 46 [1/2] (3.88ns)   --->   "%mul3 = fmul i32 %tmp_1, i32 %expert_output_A_load_1" [src/moe.cpp:950]   --->   Operation 46 'fmul' 'mul3' <Predicate = true> <Delay = 3.88> <CoreInst = "FMul_maxdsp">   --->   Core 30 'FMul_maxdsp' <Latency = 1> <II = 1> <Delay = 3.88> <FuncUnit> <Opcode : 'fmul'> <InPorts = 2> <OutPorts = 1>
ST_5 : Operation 47 [2/2] (0.54ns)   --->   "%expert_output_B_load_1 = load i4 %expert_output_B_addr_1" [src/moe.cpp:951]   --->   Operation 47 'load' 'expert_output_B_load_1' <Predicate = true> <Delay = 0.54> <CoreInst = "RAM">   --->   Core 83 'RAM' <Latency = 1> <II = 1> <Delay = 0.54> <Storage> <Opcode : 'load' 'store'> <Ports = 2> <Width = 32> <Depth = 10> <RAM>

State 6 <SV = 5> <Delay = 6.04>
ST_6 : Operation 48 [2/2] (6.04ns)   --->   "%add1 = fadd i32 %add, i32 %mul3" [src/moe.cpp:950]   --->   Operation 48 'fadd' 'add1' <Predicate = true> <Delay = 6.04> <CoreInst = "FAddSub_fulldsp">   --->   Core 18 'FAddSub_fulldsp' <Latency = 1> <II = 1> <Delay = 6.04> <FuncUnit> <Opcode : 'fadd' 'fsub'> <InPorts = 2> <OutPorts = 1>
ST_6 : Operation 49 [1/2] (0.54ns)   --->   "%expert_output_B_load_1 = load i4 %expert_output_B_addr_1" [src/moe.cpp:951]   --->   Operation 49 'load' 'expert_output_B_load_1' <Predicate = true> <Delay = 0.54> <CoreInst = "RAM">   --->   Core 83 'RAM' <Latency = 1> <II = 1> <Delay = 0.54> <Storage> <Opcode : 'load' 'store'> <Ports = 2> <Width = 32> <Depth = 10> <RAM>
ST_6 : Operation 50 [2/2] (3.88ns)   --->   "%mul4 = fmul i32 %tmp, i32 %expert_output_B_load_1" [src/moe.cpp:951]   --->   Operation 50 'fmul' 'mul4' <Predicate = true> <Delay = 3.88> <CoreInst = "FMul_maxdsp">   --->   Core 30 'FMul_maxdsp' <Latency = 1> <II = 1> <Delay = 3.88> <FuncUnit> <Opcode : 'fmul'> <InPorts = 2> <OutPorts = 1>

State 7 <SV = 6> <Delay = 6.04>
ST_7 : Operation 51 [1/2] (6.04ns)   --->   "%add1 = fadd i32 %add, i32 %mul3" [src/moe.cpp:950]   --->   Operation 51 'fadd' 'add1' <Predicate = true> <Delay = 6.04> <CoreInst = "FAddSub_fulldsp">   --->   Core 18 'FAddSub_fulldsp' <Latency = 1> <II = 1> <Delay = 6.04> <FuncUnit> <Opcode : 'fadd' 'fsub'> <InPorts = 2> <OutPorts = 1>
ST_7 : Operation 52 [1/2] (3.88ns)   --->   "%mul4 = fmul i32 %tmp, i32 %expert_output_B_load_1" [src/moe.cpp:951]   --->   Operation 52 'fmul' 'mul4' <Predicate = true> <Delay = 3.88> <CoreInst = "FMul_maxdsp">   --->   Core 30 'FMul_maxdsp' <Latency = 1> <II = 1> <Delay = 3.88> <FuncUnit> <Opcode : 'fmul'> <InPorts = 2> <OutPorts = 1>

State 8 <SV = 7> <Delay = 6.04>
ST_8 : Operation 53 [2/2] (6.04ns)   --->   "%add2 = fadd i32 %add1, i32 %mul4" [src/moe.cpp:951]   --->   Operation 53 'fadd' 'add2' <Predicate = true> <Delay = 6.04> <CoreInst = "FAddSub_fulldsp">   --->   Core 18 'FAddSub_fulldsp' <Latency = 1> <II = 1> <Delay = 6.04> <FuncUnit> <Opcode : 'fadd' 'fsub'> <InPorts = 2> <OutPorts = 1>
ST_8 : Operation 62 [1/1] (0.00ns)   --->   "%ret_ln0 = ret"   --->   Operation 62 'ret' 'ret_ln0' <Predicate = (icmp_ln944)> <Delay = 0.00>

State 9 <SV = 8> <Delay = 6.58>
ST_9 : Operation 54 [1/1] (0.00ns)   --->   "%specpipeline_ln943 = specpipeline void @_ssdm_op_SpecPipeline, i32 4294967295, i32 0, i32 0, i32 0, void @empty_2" [src/moe.cpp:943]   --->   Operation 54 'specpipeline' 'specpipeline_ln943' <Predicate = true> <Delay = 0.00>
ST_9 : Operation 55 [1/1] (0.00ns)   --->   "%speclooptripcount_ln943 = speclooptripcount void @_ssdm_op_SpecLoopTripCount, i64 5, i64 5, i64 5" [src/moe.cpp:943]   --->   Operation 55 'speclooptripcount' 'speclooptripcount_ln943' <Predicate = true> <Delay = 0.00>
ST_9 : Operation 56 [1/1] (0.00ns)   --->   "%specloopname_ln943 = specloopname void @_ssdm_op_SpecLoopName, void @empty_4" [src/moe.cpp:943]   --->   Operation 56 'specloopname' 'specloopname_ln943' <Predicate = true> <Delay = 0.00>
ST_9 : Operation 57 [1/2] (6.04ns)   --->   "%add2 = fadd i32 %add1, i32 %mul4" [src/moe.cpp:951]   --->   Operation 57 'fadd' 'add2' <Predicate = true> <Delay = 6.04> <CoreInst = "FAddSub_fulldsp">   --->   Core 18 'FAddSub_fulldsp' <Latency = 1> <II = 1> <Delay = 6.04> <FuncUnit> <Opcode : 'fadd' 'fsub'> <InPorts = 2> <OutPorts = 1>
ST_9 : Operation 58 [1/1] (0.00ns)   --->   "%bitcast_ln947 = bitcast i32 %add2" [src/moe.cpp:947]   --->   Operation 58 'bitcast' 'bitcast_ln947' <Predicate = true> <Delay = 0.00>
ST_9 : Operation 59 [1/1] (0.00ns)   --->   "%output_r_addr = getelementptr i32 %output_r, i64 0, i64 %zext_ln944" [src/moe.cpp:947]   --->   Operation 59 'getelementptr' 'output_r_addr' <Predicate = true> <Delay = 0.00>
ST_9 : Operation 60 [1/1] (0.54ns)   --->   "%store_ln947 = store i32 %bitcast_ln947, i3 %output_r_addr" [src/moe.cpp:947]   --->   Operation 60 'store' 'store_ln947' <Predicate = true> <Delay = 0.54> <CoreInst = "RAM">   --->   Core 83 'RAM' <Latency = 1> <II = 1> <Delay = 0.54> <Storage> <Opcode : 'load' 'store'> <Ports = 2> <Width = 32> <Depth = 5> <RAM>
ST_9 : Operation 61 [1/1] (0.00ns)   --->   "%br_ln943 = br void %for.inc85" [src/moe.cpp:943]   --->   Operation 61 'br' 'br_ln943' <Predicate = true> <Delay = 0.00>


============================================================
+ Verbose Summary: Binding
============================================================
STG Binding: 
---------------- STG Properties BEGIN ----------------
- Is combinational: 0
- Is one-state seq: 0
- Is datapath-only: 0
- Is pipelined: 0
- Is top level: 0
Port [ Return ] is wired: 1; IO mode=ap_ctrl_hs:ce=0
Port [ expert_output_A]:  wired=1; compound=1; hidden=0; nouse=0; global=0; static=0; extern=0; dir=0; type=1; pingpong=0; private_global=0; MemPort=[11]; IO mode=ap_memory:ce=0
Port [ expert_output_B]:  wired=1; compound=1; hidden=0; nouse=0; global=0; static=0; extern=0; dir=0; type=1; pingpong=0; private_global=0; MemPort=[11]; IO mode=ap_memory:ce=0
Port [ empty_11]:  wired=1; compound=0; hidden=0; nouse=0; global=0; static=0; extern=0; dir=0; type=0; pingpong=0; private_global=0; IO mode=ap_none:ce=0
Port [ empty_12]:  wired=1; compound=0; hidden=0; nouse=0; global=0; static=0; extern=0; dir=0; type=0; pingpong=0; private_global=0; IO mode=ap_none:ce=0
Port [ empty_13]:  wired=1; compound=0; hidden=0; nouse=0; global=0; static=0; extern=0; dir=0; type=0; pingpong=0; private_global=0; IO mode=ap_none:ce=0
Port [ empty]:  wired=1; compound=0; hidden=0; nouse=0; global=0; static=0; extern=0; dir=0; type=0; pingpong=0; private_global=0; IO mode=ap_none:ce=0
Port [ output_r]:  wired=1; compound=1; hidden=0; nouse=0; global=0; static=0; extern=0; dir=1; type=1; pingpong=0; private_global=0; MemPort=[03]; IO mode=ap_memory:ce=0
---------------- STG Properties END ------------------

---------------- Datapath Model BEGIN ----------------

<LifeTime>
<method=bitvector/>
objective               (alloca           ) [ 0100000000]
specinterface_ln0       (specinterface    ) [ 0000000000]
tmp                     (read             ) [ 0111111100]
tmp_1                   (read             ) [ 0111110000]
tmp_2                   (read             ) [ 0111000000]
tmp_3                   (read             ) [ 0111000000]
store_ln943             (store            ) [ 0000000000]
br_ln0                  (br               ) [ 0000000000]
objective_1             (load             ) [ 0111000000]
icmp_ln944              (icmp             ) [ 0111111110]
add_ln945               (add              ) [ 0000000000]
br_ln943                (br               ) [ 0000000000]
zext_ln944              (zext             ) [ 0111111111]
expert_output_A_addr    (getelementptr    ) [ 0110000000]
expert_output_B_addr    (getelementptr    ) [ 0110000000]
store_ln943             (store            ) [ 0000000000]
expert_output_A_load    (load             ) [ 0101000000]
expert_output_B_load    (load             ) [ 0101000000]
zext_ln948              (zext             ) [ 0000000000]
add_ln950               (add              ) [ 0000000000]
zext_ln950              (zext             ) [ 0100110000]
expert_output_A_addr_1  (getelementptr    ) [ 0100100000]
mul1                    (fmul             ) [ 0100110000]
mul2                    (fmul             ) [ 0100110000]
expert_output_A_load_1  (load             ) [ 0100010000]
expert_output_B_addr_1  (getelementptr    ) [ 0100001000]
add                     (fadd             ) [ 0100001100]
mul3                    (fmul             ) [ 0100001100]
expert_output_B_load_1  (load             ) [ 0100000100]
add1                    (fadd             ) [ 0100000011]
mul4                    (fmul             ) [ 0100000011]
specpipeline_ln943      (specpipeline     ) [ 0000000000]
speclooptripcount_ln943 (speclooptripcount) [ 0000000000]
specloopname_ln943      (specloopname     ) [ 0000000000]
add2                    (fadd             ) [ 0000000000]
bitcast_ln947           (bitcast          ) [ 0000000000]
output_r_addr           (getelementptr    ) [ 0000000000]
store_ln947             (store            ) [ 0000000000]
br_ln943                (br               ) [ 0000000000]
ret_ln0                 (ret              ) [ 0000000000]
</LifeTime>

<model>

<comp_list>
<comp id="0" class="1000" name="expert_output_A">
<pin_list>
<pin id="1" dir="1" index="0" bw="1" slack="0"/>
</pin_list>
<bind>
<StgValue><ssdm name="expert_output_A"/><MemPortTyVec>1 1 </MemPortTyVec>
</StgValue>
</bind>
</comp>

<comp id="2" class="1000" name="expert_output_B">
<pin_list>
<pin id="3" dir="1" index="0" bw="1" slack="0"/>
</pin_list>
<bind>
<StgValue><ssdm name="expert_output_B"/><MemPortTyVec>1 1 </MemPortTyVec>
</StgValue>
</bind>
</comp>

<comp id="4" class="1000" name="empty_11">
<pin_list>
<pin id="5" dir="1" index="0" bw="1" slack="0"/>
</pin_list>
<bind>
<StgValue><ssdm name="empty_11"/></StgValue>
</bind>
</comp>

<comp id="6" class="1000" name="empty_12">
<pin_list>
<pin id="7" dir="1" index="0" bw="1" slack="0"/>
</pin_list>
<bind>
<StgValue><ssdm name="empty_12"/></StgValue>
</bind>
</comp>

<comp id="8" class="1000" name="empty_13">
<pin_list>
<pin id="9" dir="1" index="0" bw="1" slack="0"/>
</pin_list>
<bind>
<StgValue><ssdm name="empty_13"/></StgValue>
</bind>
</comp>

<comp id="10" class="1000" name="empty">
<pin_list>
<pin id="11" dir="1" index="0" bw="1" slack="0"/>
</pin_list>
<bind>
<StgValue><ssdm name="empty"/></StgValue>
</bind>
</comp>

<comp id="12" class="1000" name="output_r">
<pin_list>
<pin id="13" dir="1" index="0" bw="1" slack="0"/>
</pin_list>
<bind>
<StgValue><ssdm name="output_r"/><MemPortTyVec>0 3 </MemPortTyVec>
</StgValue>
</bind>
</comp>

<comp id="14" class="1001" name="const_14">
<pin_list>
<pin id="15" dir="1" index="0" bw="1" slack="0"/>
</pin_list>
<bind>
<StgValue><ssdm name=""/></StgValue>
</bind>
</comp>

<comp id="16" class="1001" name="const_16">
<pin_list>
<pin id="17" dir="1" index="0" bw="1" slack="2147483647"/>
</pin_list>
<bind>
<StgValue><ssdm name="_ssdm_op_SpecInterface"/></StgValue>
</bind>
</comp>

<comp id="18" class="1001" name="const_18">
<pin_list>
<pin id="19" dir="1" index="0" bw="1" slack="2147483647"/>
</pin_list>
<bind>
<StgValue><ssdm name="empty_1"/></StgValue>
</bind>
</comp>

<comp id="20" class="1001" name="const_20">
<pin_list>
<pin id="21" dir="1" index="0" bw="1" slack="2147483647"/>
</pin_list>
<bind>
<StgValue><ssdm name=""/></StgValue>
</bind>
</comp>

<comp id="22" class="1001" name="const_22">
<pin_list>
<pin id="23" dir="1" index="0" bw="1" slack="2147483647"/>
</pin_list>
<bind>
<StgValue><ssdm name="empty_2"/></StgValue>
</bind>
</comp>

<comp id="24" class="1001" name="const_24">
<pin_list>
<pin id="25" dir="1" index="0" bw="1" slack="2147483647"/>
</pin_list>
<bind>
<StgValue><ssdm name=""/></StgValue>
</bind>
</comp>

<comp id="26" class="1001" name="const_26">
<pin_list>
<pin id="27" dir="1" index="0" bw="1" slack="0"/>
</pin_list>
<bind>
<StgValue><ssdm name="_ssdm_op_Read.ap_auto.float"/></StgValue>
</bind>
</comp>

<comp id="28" class="1001" name="const_28">
<pin_list>
<pin id="29" dir="1" index="0" bw="1" slack="0"/>
</pin_list>
<bind>
<StgValue><ssdm name=""/></StgValue>
</bind>
</comp>

<comp id="30" class="1001" name="const_30">
<pin_list>
<pin id="31" dir="1" index="0" bw="1" slack="0"/>
</pin_list>
<bind>
<StgValue><ssdm name=""/></StgValue>
</bind>
</comp>

<comp id="32" class="1001" name="const_32">
<pin_list>
<pin id="33" dir="1" index="0" bw="1" slack="0"/>
</pin_list>
<bind>
<StgValue><ssdm name=""/></StgValue>
</bind>
</comp>

<comp id="34" class="1001" name="const_34">
<pin_list>
<pin id="35" dir="1" index="0" bw="1" slack="0"/>
</pin_list>
<bind>
<StgValue><ssdm name=""/></StgValue>
</bind>
</comp>

<comp id="36" class="1001" name="const_36">
<pin_list>
<pin id="37" dir="1" index="0" bw="1" slack="0"/>
</pin_list>
<bind>
<StgValue><ssdm name=""/></StgValue>
</bind>
</comp>

<comp id="38" class="1001" name="const_38">
<pin_list>
<pin id="39" dir="1" index="0" bw="1" slack="2147483647"/>
</pin_list>
<bind>
<StgValue><ssdm name="_ssdm_op_SpecPipeline"/></StgValue>
</bind>
</comp>

<comp id="40" class="1001" name="const_40">
<pin_list>
<pin id="41" dir="1" index="0" bw="1" slack="2147483647"/>
</pin_list>
<bind>
<StgValue><ssdm name="_ssdm_op_SpecLoopTripCount"/></StgValue>
</bind>
</comp>

<comp id="42" class="1001" name="const_42">
<pin_list>
<pin id="43" dir="1" index="0" bw="1" slack="2147483647"/>
</pin_list>
<bind>
<StgValue><ssdm name=""/></StgValue>
</bind>
</comp>

<comp id="44" class="1001" name="const_44">
<pin_list>
<pin id="45" dir="1" index="0" bw="1" slack="2147483647"/>
</pin_list>
<bind>
<StgValue><ssdm name="_ssdm_op_SpecLoopName"/></StgValue>
</bind>
</comp>

<comp id="46" class="1001" name="const_46">
<pin_list>
<pin id="47" dir="1" index="0" bw="1" slack="2147483647"/>
</pin_list>
<bind>
<StgValue><ssdm name="empty_4"/></StgValue>
</bind>
</comp>

<comp id="48" class="1004" name="objective_fu_48">
<pin_list>
<pin id="49" dir="0" index="0" bw="1" slack="0"/>
<pin id="50" dir="1" index="1" bw="3" slack="0"/>
</pin_list>
<bind>
<opcode="alloca(26) " fcode="alloca"/>
<opset="objective/1 "/>
</bind>
</comp>

<comp id="52" class="1004" name="tmp_read_fu_52">
<pin_list>
<pin id="53" dir="0" index="0" bw="32" slack="0"/>
<pin id="54" dir="0" index="1" bw="32" slack="0"/>
<pin id="55" dir="1" index="2" bw="32" slack="5"/>
</pin_list>
<bind>
<opcode="read(1150) " fcode="read"/>
<opset="tmp/1 "/>
</bind>
</comp>

<comp id="58" class="1004" name="tmp_1_read_fu_58">
<pin_list>
<pin id="59" dir="0" index="0" bw="32" slack="0"/>
<pin id="60" dir="0" index="1" bw="32" slack="0"/>
<pin id="61" dir="1" index="2" bw="32" slack="3"/>
</pin_list>
<bind>
<opcode="read(1150) " fcode="read"/>
<opset="tmp_1/1 "/>
</bind>
</comp>

<comp id="64" class="1004" name="tmp_2_read_fu_64">
<pin_list>
<pin id="65" dir="0" index="0" bw="32" slack="0"/>
<pin id="66" dir="0" index="1" bw="32" slack="0"/>
<pin id="67" dir="1" index="2" bw="32" slack="1"/>
</pin_list>
<bind>
<opcode="read(1150) " fcode="read"/>
<opset="tmp_2/1 "/>
</bind>
</comp>

<comp id="70" class="1004" name="tmp_3_read_fu_70">
<pin_list>
<pin id="71" dir="0" index="0" bw="32" slack="0"/>
<pin id="72" dir="0" index="1" bw="32" slack="0"/>
<pin id="73" dir="1" index="2" bw="32" slack="1"/>
</pin_list>
<bind>
<opcode="read(1150) " fcode="read"/>
<opset="tmp_3/1 "/>
</bind>
</comp>

<comp id="76" class="1004" name="expert_output_A_addr_gep_fu_76">
<pin_list>
<pin id="77" dir="0" index="0" bw="32" slack="0"/>
<pin id="78" dir="0" index="1" bw="1" slack="0"/>
<pin id="79" dir="0" index="2" bw="3" slack="0"/>
<pin id="80" dir="1" index="3" bw="4" slack="0"/>
</pin_list>
<bind>
<opcode="getelementptr(29) " fcode="getelementptr"/>
<opset="expert_output_A_addr/1 "/>
</bind>
</comp>

<comp id="83" class="1004" name="expert_output_B_addr_gep_fu_83">
<pin_list>
<pin id="84" dir="0" index="0" bw="32" slack="0"/>
<pin id="85" dir="0" index="1" bw="1" slack="0"/>
<pin id="86" dir="0" index="2" bw="3" slack="0"/>
<pin id="87" dir="1" index="3" bw="4" slack="0"/>
</pin_list>
<bind>
<opcode="getelementptr(29) " fcode="getelementptr"/>
<opset="expert_output_B_addr/1 "/>
</bind>
</comp>

<comp id="90" class="1004" name="grp_access_fu_90">
<pin_list>
<pin id="91" dir="0" index="0" bw="4" slack="0"/>
<pin id="92" dir="0" index="1" bw="32" slack="2147483647"/>
<pin id="93" dir="0" index="2" bw="0" slack="0"/>
<pin id="95" dir="0" index="4" bw="4" slack="2147483647"/>
<pin id="96" dir="0" index="5" bw="32" slack="2147483647"/>
<pin id="97" dir="0" index="6" bw="0" slack="2147483647"/>
<pin id="94" dir="1" index="3" bw="32" slack="0"/>
<pin id="98" dir="1" index="7" bw="32" slack="0"/>
</pin_list>
<bind>
<opcode="load(27) " fcode="load"/>
<opset="expert_output_A_load/1 expert_output_A_load_1/3 "/>
</bind>
</comp>

<comp id="100" class="1004" name="grp_access_fu_100">
<pin_list>
<pin id="101" dir="0" index="0" bw="4" slack="0"/>
<pin id="102" dir="0" index="1" bw="32" slack="2147483647"/>
<pin id="103" dir="0" index="2" bw="0" slack="0"/>
<pin id="105" dir="0" index="4" bw="4" slack="2147483647"/>
<pin id="106" dir="0" index="5" bw="32" slack="2147483647"/>
<pin id="107" dir="0" index="6" bw="0" slack="2147483647"/>
<pin id="104" dir="1" index="3" bw="32" slack="0"/>
<pin id="108" dir="1" index="7" bw="32" slack="0"/>
</pin_list>
<bind>
<opcode="load(27) " fcode="load"/>
<opset="expert_output_B_load/1 expert_output_B_load_1/5 "/>
</bind>
</comp>

<comp id="110" class="1004" name="expert_output_A_addr_1_gep_fu_110">
<pin_list>
<pin id="111" dir="0" index="0" bw="32" slack="0"/>
<pin id="112" dir="0" index="1" bw="1" slack="0"/>
<pin id="113" dir="0" index="2" bw="4" slack="0"/>
<pin id="114" dir="1" index="3" bw="4" slack="0"/>
</pin_list>
<bind>
<opcode="getelementptr(29) " fcode="getelementptr"/>
<opset="expert_output_A_addr_1/3 "/>
</bind>
</comp>

<comp id="118" class="1004" name="expert_output_B_addr_1_gep_fu_118">
<pin_list>
<pin id="119" dir="0" index="0" bw="32" slack="0"/>
<pin id="120" dir="0" index="1" bw="1" slack="0"/>
<pin id="121" dir="0" index="2" bw="4" slack="2"/>
<pin id="122" dir="1" index="3" bw="4" slack="0"/>
</pin_list>
<bind>
<opcode="getelementptr(29) " fcode="getelementptr"/>
<opset="expert_output_B_addr_1/5 "/>
</bind>
</comp>

<comp id="126" class="1004" name="output_r_addr_gep_fu_126">
<pin_list>
<pin id="127" dir="0" index="0" bw="32" slack="0"/>
<pin id="128" dir="0" index="1" bw="1" slack="0"/>
<pin id="129" dir="0" index="2" bw="3" slack="8"/>
<pin id="130" dir="1" index="3" bw="3" slack="0"/>
</pin_list>
<bind>
<opcode="getelementptr(29) " fcode="getelementptr"/>
<opset="output_r_addr/9 "/>
</bind>
</comp>

<comp id="133" class="1004" name="store_ln947_access_fu_133">
<pin_list>
<pin id="134" dir="0" index="0" bw="3" slack="0"/>
<pin id="135" dir="0" index="1" bw="32" slack="0"/>
<pin id="136" dir="0" index="2" bw="0" slack="2147483647"/>
<pin id="137" dir="1" index="3" bw="32" slack="2147483647"/>
</pin_list>
<bind>
<opcode="store(28) " fcode="store"/>
<opset="store_ln947/9 "/>
</bind>
</comp>

<comp id="139" class="1004" name="grp_fu_139">
<pin_list>
<pin id="140" dir="0" index="0" bw="32" slack="1"/>
<pin id="141" dir="0" index="1" bw="32" slack="1"/>
<pin id="142" dir="1" index="2" bw="32" slack="1"/>
</pin_list>
<bind>
<opcode="fadd(9) " fcode="fadd"/>
<opset="add/4 "/>
</bind>
</comp>

<comp id="143" class="1004" name="grp_fu_143">
<pin_list>
<pin id="144" dir="0" index="0" bw="32" slack="1"/>
<pin id="145" dir="0" index="1" bw="32" slack="1"/>
<pin id="146" dir="1" index="2" bw="32" slack="1"/>
</pin_list>
<bind>
<opcode="fadd(9) " fcode="fadd"/>
<opset="add1/6 "/>
</bind>
</comp>

<comp id="147" class="1004" name="grp_fu_147">
<pin_list>
<pin id="148" dir="0" index="0" bw="32" slack="1"/>
<pin id="149" dir="0" index="1" bw="32" slack="1"/>
<pin id="150" dir="1" index="2" bw="32" slack="0"/>
</pin_list>
<bind>
<opcode="fadd(9) " fcode="fadd"/>
<opset="add2/8 "/>
</bind>
</comp>

<comp id="151" class="1004" name="grp_fu_151">
<pin_list>
<pin id="152" dir="0" index="0" bw="32" slack="1"/>
<pin id="153" dir="0" index="1" bw="32" slack="0"/>
<pin id="154" dir="1" index="2" bw="32" slack="1"/>
</pin_list>
<bind>
<opcode="fmul(13) " fcode="fmul"/>
<opset="mul1/2 "/>
</bind>
</comp>

<comp id="156" class="1004" name="grp_fu_156">
<pin_list>
<pin id="157" dir="0" index="0" bw="32" slack="1"/>
<pin id="158" dir="0" index="1" bw="32" slack="0"/>
<pin id="159" dir="1" index="2" bw="32" slack="1"/>
</pin_list>
<bind>
<opcode="fmul(13) " fcode="fmul"/>
<opset="mul2/2 "/>
</bind>
</comp>

<comp id="161" class="1004" name="grp_fu_161">
<pin_list>
<pin id="162" dir="0" index="0" bw="32" slack="3"/>
<pin id="163" dir="0" index="1" bw="32" slack="0"/>
<pin id="164" dir="1" index="2" bw="32" slack="1"/>
</pin_list>
<bind>
<opcode="fmul(13) " fcode="fmul"/>
<opset="mul3/4 "/>
</bind>
</comp>

<comp id="166" class="1004" name="grp_fu_166">
<pin_list>
<pin id="167" dir="0" index="0" bw="32" slack="5"/>
<pin id="168" dir="0" index="1" bw="32" slack="0"/>
<pin id="169" dir="1" index="2" bw="32" slack="1"/>
</pin_list>
<bind>
<opcode="fmul(13) " fcode="fmul"/>
<opset="mul4/6 "/>
</bind>
</comp>

<comp id="171" class="1004" name="store_ln943_store_fu_171">
<pin_list>
<pin id="172" dir="0" index="0" bw="1" slack="0"/>
<pin id="173" dir="0" index="1" bw="3" slack="0"/>
<pin id="174" dir="1" index="2" bw="0" slack="2147483647"/>
</pin_list>
<bind>
<opcode="store(28) " fcode="store"/>
<opset="store_ln943/1 "/>
</bind>
</comp>

<comp id="176" class="1004" name="objective_1_load_fu_176">
<pin_list>
<pin id="177" dir="0" index="0" bw="3" slack="0"/>
<pin id="178" dir="1" index="1" bw="3" slack="0"/>
</pin_list>
<bind>
<opcode="load(27) " fcode="load"/>
<opset="objective_1/1 "/>
</bind>
</comp>

<comp id="179" class="1004" name="icmp_ln944_fu_179">
<pin_list>
<pin id="180" dir="0" index="0" bw="3" slack="0"/>
<pin id="181" dir="0" index="1" bw="3" slack="0"/>
<pin id="182" dir="1" index="2" bw="1" slack="7"/>
</pin_list>
<bind>
<opcode="icmp(45) " fcode="icmp"/>
<opset="icmp_ln944/1 "/>
</bind>
</comp>

<comp id="185" class="1004" name="add_ln945_fu_185">
<pin_list>
<pin id="186" dir="0" index="0" bw="3" slack="0"/>
<pin id="187" dir="0" index="1" bw="1" slack="0"/>
<pin id="188" dir="1" index="2" bw="3" slack="0"/>
</pin_list>
<bind>
<opcode="add(8) " fcode="add"/>
<opset="add_ln945/1 "/>
</bind>
</comp>

<comp id="191" class="1004" name="zext_ln944_fu_191">
<pin_list>
<pin id="192" dir="0" index="0" bw="3" slack="0"/>
<pin id="193" dir="1" index="1" bw="64" slack="0"/>
</pin_list>
<bind>
<opcode="zext(34) " fcode="zext"/>
<opset="zext_ln944/1 "/>
</bind>
</comp>

<comp id="197" class="1004" name="store_ln943_store_fu_197">
<pin_list>
<pin id="198" dir="0" index="0" bw="3" slack="0"/>
<pin id="199" dir="0" index="1" bw="3" slack="0"/>
<pin id="200" dir="1" index="2" bw="0" slack="2147483647"/>
</pin_list>
<bind>
<opcode="store(28) " fcode="store"/>
<opset="store_ln943/1 "/>
</bind>
</comp>

<comp id="202" class="1004" name="zext_ln948_fu_202">
<pin_list>
<pin id="203" dir="0" index="0" bw="3" slack="2"/>
<pin id="204" dir="1" index="1" bw="4" slack="0"/>
</pin_list>
<bind>
<opcode="zext(34) " fcode="zext"/>
<opset="zext_ln948/3 "/>
</bind>
</comp>

<comp id="205" class="1004" name="add_ln950_fu_205">
<pin_list>
<pin id="206" dir="0" index="0" bw="3" slack="0"/>
<pin id="207" dir="0" index="1" bw="4" slack="0"/>
<pin id="208" dir="1" index="2" bw="4" slack="0"/>
</pin_list>
<bind>
<opcode="add(8) " fcode="add"/>
<opset="add_ln950/3 "/>
</bind>
</comp>

<comp id="211" class="1004" name="zext_ln950_fu_211">
<pin_list>
<pin id="212" dir="0" index="0" bw="4" slack="0"/>
<pin id="213" dir="1" index="1" bw="64" slack="0"/>
</pin_list>
<bind>
<opcode="zext(34) " fcode="zext"/>
<opset="zext_ln950/3 "/>
</bind>
</comp>

<comp id="216" class="1004" name="bitcast_ln947_fu_216">
<pin_list>
<pin id="217" dir="0" index="0" bw="32" slack="0"/>
<pin id="218" dir="1" index="1" bw="32" slack="0"/>
</pin_list>
<bind>
<opcode="bitcast(44) " fcode="bitcast"/>
<opset="bitcast_ln947/9 "/>
</bind>
</comp>

<comp id="221" class="1005" name="objective_reg_221">
<pin_list>
<pin id="222" dir="0" index="0" bw="3" slack="0"/>
<pin id="223" dir="1" index="1" bw="3" slack="0"/>
</pin_list>
<bind>
<opset="objective "/>
</bind>
</comp>

<comp id="228" class="1005" name="tmp_reg_228">
<pin_list>
<pin id="229" dir="0" index="0" bw="32" slack="5"/>
<pin id="230" dir="1" index="1" bw="32" slack="5"/>
</pin_list>
<bind>
<opset="tmp "/>
</bind>
</comp>

<comp id="233" class="1005" name="tmp_1_reg_233">
<pin_list>
<pin id="234" dir="0" index="0" bw="32" slack="3"/>
<pin id="235" dir="1" index="1" bw="32" slack="3"/>
</pin_list>
<bind>
<opset="tmp_1 "/>
</bind>
</comp>

<comp id="238" class="1005" name="tmp_2_reg_238">
<pin_list>
<pin id="239" dir="0" index="0" bw="32" slack="1"/>
<pin id="240" dir="1" index="1" bw="32" slack="1"/>
</pin_list>
<bind>
<opset="tmp_2 "/>
</bind>
</comp>

<comp id="243" class="1005" name="tmp_3_reg_243">
<pin_list>
<pin id="244" dir="0" index="0" bw="32" slack="1"/>
<pin id="245" dir="1" index="1" bw="32" slack="1"/>
</pin_list>
<bind>
<opset="tmp_3 "/>
</bind>
</comp>

<comp id="248" class="1005" name="objective_1_reg_248">
<pin_list>
<pin id="249" dir="0" index="0" bw="3" slack="2"/>
<pin id="250" dir="1" index="1" bw="3" slack="2"/>
</pin_list>
<bind>
<opset="objective_1 "/>
</bind>
</comp>

<comp id="253" class="1005" name="icmp_ln944_reg_253">
<pin_list>
<pin id="254" dir="0" index="0" bw="1" slack="7"/>
<pin id="255" dir="1" index="1" bw="1" slack="2147483647"/>
</pin_list>
<bind>
<opset="icmp_ln944 "/>
</bind>
</comp>

<comp id="257" class="1005" name="zext_ln944_reg_257">
<pin_list>
<pin id="258" dir="0" index="0" bw="64" slack="8"/>
<pin id="259" dir="1" index="1" bw="64" slack="8"/>
</pin_list>
<bind>
<opset="zext_ln944 "/>
</bind>
</comp>

<comp id="262" class="1005" name="expert_output_A_addr_reg_262">
<pin_list>
<pin id="263" dir="0" index="0" bw="4" slack="1"/>
<pin id="264" dir="1" index="1" bw="4" slack="1"/>
</pin_list>
<bind>
<opset="expert_output_A_addr "/>
</bind>
</comp>

<comp id="267" class="1005" name="expert_output_B_addr_reg_267">
<pin_list>
<pin id="268" dir="0" index="0" bw="4" slack="1"/>
<pin id="269" dir="1" index="1" bw="4" slack="1"/>
</pin_list>
<bind>
<opset="expert_output_B_addr "/>
</bind>
</comp>

<comp id="272" class="1005" name="expert_output_A_load_reg_272">
<pin_list>
<pin id="273" dir="0" index="0" bw="32" slack="1"/>
<pin id="274" dir="1" index="1" bw="32" slack="1"/>
</pin_list>
<bind>
<opset="expert_output_A_load "/>
</bind>
</comp>

<comp id="277" class="1005" name="expert_output_B_load_reg_277">
<pin_list>
<pin id="278" dir="0" index="0" bw="32" slack="1"/>
<pin id="279" dir="1" index="1" bw="32" slack="1"/>
</pin_list>
<bind>
<opset="expert_output_B_load "/>
</bind>
</comp>

<comp id="282" class="1005" name="zext_ln950_reg_282">
<pin_list>
<pin id="283" dir="0" index="0" bw="64" slack="2"/>
<pin id="284" dir="1" index="1" bw="64" slack="2"/>
</pin_list>
<bind>
<opset="zext_ln950 "/>
</bind>
</comp>

<comp id="287" class="1005" name="expert_output_A_addr_1_reg_287">
<pin_list>
<pin id="288" dir="0" index="0" bw="4" slack="1"/>
<pin id="289" dir="1" index="1" bw="4" slack="1"/>
</pin_list>
<bind>
<opset="expert_output_A_addr_1 "/>
</bind>
</comp>

<comp id="292" class="1005" name="mul1_reg_292">
<pin_list>
<pin id="293" dir="0" index="0" bw="32" slack="1"/>
<pin id="294" dir="1" index="1" bw="32" slack="1"/>
</pin_list>
<bind>
<opset="mul1 "/>
</bind>
</comp>

<comp id="297" class="1005" name="mul2_reg_297">
<pin_list>
<pin id="298" dir="0" index="0" bw="32" slack="1"/>
<pin id="299" dir="1" index="1" bw="32" slack="1"/>
</pin_list>
<bind>
<opset="mul2 "/>
</bind>
</comp>

<comp id="302" class="1005" name="expert_output_A_load_1_reg_302">
<pin_list>
<pin id="303" dir="0" index="0" bw="32" slack="1"/>
<pin id="304" dir="1" index="1" bw="32" slack="1"/>
</pin_list>
<bind>
<opset="expert_output_A_load_1 "/>
</bind>
</comp>

<comp id="307" class="1005" name="expert_output_B_addr_1_reg_307">
<pin_list>
<pin id="308" dir="0" index="0" bw="4" slack="1"/>
<pin id="309" dir="1" index="1" bw="4" slack="1"/>
</pin_list>
<bind>
<opset="expert_output_B_addr_1 "/>
</bind>
</comp>

<comp id="312" class="1005" name="add_reg_312">
<pin_list>
<pin id="313" dir="0" index="0" bw="32" slack="1"/>
<pin id="314" dir="1" index="1" bw="32" slack="1"/>
</pin_list>
<bind>
<opset="add "/>
</bind>
</comp>

<comp id="317" class="1005" name="mul3_reg_317">
<pin_list>
<pin id="318" dir="0" index="0" bw="32" slack="1"/>
<pin id="319" dir="1" index="1" bw="32" slack="1"/>
</pin_list>
<bind>
<opset="mul3 "/>
</bind>
</comp>

<comp id="322" class="1005" name="expert_output_B_load_1_reg_322">
<pin_list>
<pin id="323" dir="0" index="0" bw="32" slack="1"/>
<pin id="324" dir="1" index="1" bw="32" slack="1"/>
</pin_list>
<bind>
<opset="expert_output_B_load_1 "/>
</bind>
</comp>

<comp id="327" class="1005" name="add1_reg_327">
<pin_list>
<pin id="328" dir="0" index="0" bw="32" slack="1"/>
<pin id="329" dir="1" index="1" bw="32" slack="1"/>
</pin_list>
<bind>
<opset="add1 "/>
</bind>
</comp>

<comp id="332" class="1005" name="mul4_reg_332">
<pin_list>
<pin id="333" dir="0" index="0" bw="32" slack="1"/>
<pin id="334" dir="1" index="1" bw="32" slack="1"/>
</pin_list>
<bind>
<opset="mul4 "/>
</bind>
</comp>

</comp_list>

<net_list>
<net id="51"><net_src comp="14" pin="0"/><net_sink comp="48" pin=0"/></net>

<net id="56"><net_src comp="26" pin="0"/><net_sink comp="52" pin=0"/></net>

<net id="57"><net_src comp="10" pin="0"/><net_sink comp="52" pin=1"/></net>

<net id="62"><net_src comp="26" pin="0"/><net_sink comp="58" pin=0"/></net>

<net id="63"><net_src comp="8" pin="0"/><net_sink comp="58" pin=1"/></net>

<net id="68"><net_src comp="26" pin="0"/><net_sink comp="64" pin=0"/></net>

<net id="69"><net_src comp="6" pin="0"/><net_sink comp="64" pin=1"/></net>

<net id="74"><net_src comp="26" pin="0"/><net_sink comp="70" pin=0"/></net>

<net id="75"><net_src comp="4" pin="0"/><net_sink comp="70" pin=1"/></net>

<net id="81"><net_src comp="0" pin="0"/><net_sink comp="76" pin=0"/></net>

<net id="82"><net_src comp="34" pin="0"/><net_sink comp="76" pin=1"/></net>

<net id="88"><net_src comp="2" pin="0"/><net_sink comp="83" pin=0"/></net>

<net id="89"><net_src comp="34" pin="0"/><net_sink comp="83" pin=1"/></net>

<net id="99"><net_src comp="76" pin="3"/><net_sink comp="90" pin=2"/></net>

<net id="109"><net_src comp="83" pin="3"/><net_sink comp="100" pin=2"/></net>

<net id="115"><net_src comp="0" pin="0"/><net_sink comp="110" pin=0"/></net>

<net id="116"><net_src comp="34" pin="0"/><net_sink comp="110" pin=1"/></net>

<net id="117"><net_src comp="110" pin="3"/><net_sink comp="90" pin=0"/></net>

<net id="123"><net_src comp="2" pin="0"/><net_sink comp="118" pin=0"/></net>

<net id="124"><net_src comp="34" pin="0"/><net_sink comp="118" pin=1"/></net>

<net id="125"><net_src comp="118" pin="3"/><net_sink comp="100" pin=0"/></net>

<net id="131"><net_src comp="12" pin="0"/><net_sink comp="126" pin=0"/></net>

<net id="132"><net_src comp="34" pin="0"/><net_sink comp="126" pin=1"/></net>

<net id="138"><net_src comp="126" pin="3"/><net_sink comp="133" pin=0"/></net>

<net id="155"><net_src comp="90" pin="7"/><net_sink comp="151" pin=1"/></net>

<net id="160"><net_src comp="100" pin="7"/><net_sink comp="156" pin=1"/></net>

<net id="165"><net_src comp="90" pin="3"/><net_sink comp="161" pin=1"/></net>

<net id="170"><net_src comp="100" pin="3"/><net_sink comp="166" pin=1"/></net>

<net id="175"><net_src comp="28" pin="0"/><net_sink comp="171" pin=0"/></net>

<net id="183"><net_src comp="176" pin="1"/><net_sink comp="179" pin=0"/></net>

<net id="184"><net_src comp="30" pin="0"/><net_sink comp="179" pin=1"/></net>

<net id="189"><net_src comp="176" pin="1"/><net_sink comp="185" pin=0"/></net>

<net id="190"><net_src comp="32" pin="0"/><net_sink comp="185" pin=1"/></net>

<net id="194"><net_src comp="176" pin="1"/><net_sink comp="191" pin=0"/></net>

<net id="195"><net_src comp="191" pin="1"/><net_sink comp="76" pin=2"/></net>

<net id="196"><net_src comp="191" pin="1"/><net_sink comp="83" pin=2"/></net>

<net id="201"><net_src comp="185" pin="2"/><net_sink comp="197" pin=0"/></net>

<net id="209"><net_src comp="202" pin="1"/><net_sink comp="205" pin=0"/></net>

<net id="210"><net_src comp="36" pin="0"/><net_sink comp="205" pin=1"/></net>

<net id="214"><net_src comp="205" pin="2"/><net_sink comp="211" pin=0"/></net>

<net id="215"><net_src comp="211" pin="1"/><net_sink comp="110" pin=2"/></net>

<net id="219"><net_src comp="147" pin="2"/><net_sink comp="216" pin=0"/></net>

<net id="220"><net_src comp="216" pin="1"/><net_sink comp="133" pin=1"/></net>

<net id="224"><net_src comp="48" pin="1"/><net_sink comp="221" pin=0"/></net>

<net id="225"><net_src comp="221" pin="1"/><net_sink comp="171" pin=1"/></net>

<net id="226"><net_src comp="221" pin="1"/><net_sink comp="176" pin=0"/></net>

<net id="227"><net_src comp="221" pin="1"/><net_sink comp="197" pin=1"/></net>

<net id="231"><net_src comp="52" pin="2"/><net_sink comp="228" pin=0"/></net>

<net id="232"><net_src comp="228" pin="1"/><net_sink comp="166" pin=0"/></net>

<net id="236"><net_src comp="58" pin="2"/><net_sink comp="233" pin=0"/></net>

<net id="237"><net_src comp="233" pin="1"/><net_sink comp="161" pin=0"/></net>

<net id="241"><net_src comp="64" pin="2"/><net_sink comp="238" pin=0"/></net>

<net id="242"><net_src comp="238" pin="1"/><net_sink comp="156" pin=0"/></net>

<net id="246"><net_src comp="70" pin="2"/><net_sink comp="243" pin=0"/></net>

<net id="247"><net_src comp="243" pin="1"/><net_sink comp="151" pin=0"/></net>

<net id="251"><net_src comp="176" pin="1"/><net_sink comp="248" pin=0"/></net>

<net id="252"><net_src comp="248" pin="1"/><net_sink comp="202" pin=0"/></net>

<net id="256"><net_src comp="179" pin="2"/><net_sink comp="253" pin=0"/></net>

<net id="260"><net_src comp="191" pin="1"/><net_sink comp="257" pin=0"/></net>

<net id="261"><net_src comp="257" pin="1"/><net_sink comp="126" pin=2"/></net>

<net id="265"><net_src comp="76" pin="3"/><net_sink comp="262" pin=0"/></net>

<net id="266"><net_src comp="262" pin="1"/><net_sink comp="90" pin=2"/></net>

<net id="270"><net_src comp="83" pin="3"/><net_sink comp="267" pin=0"/></net>

<net id="271"><net_src comp="267" pin="1"/><net_sink comp="100" pin=2"/></net>

<net id="275"><net_src comp="90" pin="7"/><net_sink comp="272" pin=0"/></net>

<net id="276"><net_src comp="272" pin="1"/><net_sink comp="151" pin=1"/></net>

<net id="280"><net_src comp="100" pin="7"/><net_sink comp="277" pin=0"/></net>

<net id="281"><net_src comp="277" pin="1"/><net_sink comp="156" pin=1"/></net>

<net id="285"><net_src comp="211" pin="1"/><net_sink comp="282" pin=0"/></net>

<net id="286"><net_src comp="282" pin="1"/><net_sink comp="118" pin=2"/></net>

<net id="290"><net_src comp="110" pin="3"/><net_sink comp="287" pin=0"/></net>

<net id="291"><net_src comp="287" pin="1"/><net_sink comp="90" pin=0"/></net>

<net id="295"><net_src comp="151" pin="2"/><net_sink comp="292" pin=0"/></net>

<net id="296"><net_src comp="292" pin="1"/><net_sink comp="139" pin=0"/></net>

<net id="300"><net_src comp="156" pin="2"/><net_sink comp="297" pin=0"/></net>

<net id="301"><net_src comp="297" pin="1"/><net_sink comp="139" pin=1"/></net>

<net id="305"><net_src comp="90" pin="3"/><net_sink comp="302" pin=0"/></net>

<net id="306"><net_src comp="302" pin="1"/><net_sink comp="161" pin=1"/></net>

<net id="310"><net_src comp="118" pin="3"/><net_sink comp="307" pin=0"/></net>

<net id="311"><net_src comp="307" pin="1"/><net_sink comp="100" pin=0"/></net>

<net id="315"><net_src comp="139" pin="2"/><net_sink comp="312" pin=0"/></net>

<net id="316"><net_src comp="312" pin="1"/><net_sink comp="143" pin=0"/></net>

<net id="320"><net_src comp="161" pin="2"/><net_sink comp="317" pin=0"/></net>

<net id="321"><net_src comp="317" pin="1"/><net_sink comp="143" pin=1"/></net>

<net id="325"><net_src comp="100" pin="3"/><net_sink comp="322" pin=0"/></net>

<net id="326"><net_src comp="322" pin="1"/><net_sink comp="166" pin=1"/></net>

<net id="330"><net_src comp="143" pin="2"/><net_sink comp="327" pin=0"/></net>

<net id="331"><net_src comp="327" pin="1"/><net_sink comp="147" pin=0"/></net>

<net id="335"><net_src comp="166" pin="2"/><net_sink comp="332" pin=0"/></net>

<net id="336"><net_src comp="332" pin="1"/><net_sink comp="147" pin=1"/></net>

</net_list>

</model> 
---------------- Datapath Model END ------------------

* FSMD analyzer results:
  - Output states:
	Port: output_r | {9 }
 - Input state : 
	Port: output_moe_Pipeline_VITIS_LOOP_943_6 : expert_output_A | {1 2 3 4 }
	Port: output_moe_Pipeline_VITIS_LOOP_943_6 : expert_output_B | {1 2 5 6 }
	Port: output_moe_Pipeline_VITIS_LOOP_943_6 : empty_11 | {1 }
	Port: output_moe_Pipeline_VITIS_LOOP_943_6 : empty_12 | {1 }
	Port: output_moe_Pipeline_VITIS_LOOP_943_6 : empty_13 | {1 }
	Port: output_moe_Pipeline_VITIS_LOOP_943_6 : empty | {1 }
  - Chain level:
	State 1
		store_ln943 : 1
		objective_1 : 1
		icmp_ln944 : 2
		add_ln945 : 2
		br_ln943 : 3
		zext_ln944 : 2
		expert_output_A_addr : 3
		expert_output_B_addr : 3
		expert_output_A_load : 4
		expert_output_B_load : 4
		store_ln943 : 3
	State 2
		mul1 : 1
		mul2 : 1
	State 3
		add_ln950 : 1
		zext_ln950 : 2
		expert_output_A_addr_1 : 3
		expert_output_A_load_1 : 4
	State 4
		mul3 : 1
	State 5
		expert_output_B_load_1 : 1
	State 6
		mul4 : 1
	State 7
	State 8
	State 9
		bitcast_ln947 : 1
		store_ln947 : 2


============================================================
+ Verbose Summary: Datapath Resource usage 
============================================================

* Functional unit list:
|----------|-------------------|---------|---------|---------|
| Operation|  Functional Unit  |   DSP   |    FF   |   LUT   |
|----------|-------------------|---------|---------|---------|
|          |     grp_fu_139    |    2    |   177   |   233   |
|   fadd   |     grp_fu_143    |    2    |   177   |   233   |
|          |     grp_fu_147    |    2    |   177   |   233   |
|----------|-------------------|---------|---------|---------|
|          |     grp_fu_151    |    3    |   128   |    78   |
|   fmul   |     grp_fu_156    |    3    |   128   |    78   |
|          |     grp_fu_161    |    3    |   128   |    78   |
|          |     grp_fu_166    |    3    |   128   |    78   |
|----------|-------------------|---------|---------|---------|
|    add   |  add_ln945_fu_185 |    0    |    0    |    10   |
|          |  add_ln950_fu_205 |    0    |    0    |    12   |
|----------|-------------------|---------|---------|---------|
|   icmp   | icmp_ln944_fu_179 |    0    |    0    |    10   |
|----------|-------------------|---------|---------|---------|
|          |   tmp_read_fu_52  |    0    |    0    |    0    |
|   read   |  tmp_1_read_fu_58 |    0    |    0    |    0    |
|          |  tmp_2_read_fu_64 |    0    |    0    |    0    |
|          |  tmp_3_read_fu_70 |    0    |    0    |    0    |
|----------|-------------------|---------|---------|---------|
|          | zext_ln944_fu_191 |    0    |    0    |    0    |
|   zext   | zext_ln948_fu_202 |    0    |    0    |    0    |
|          | zext_ln950_fu_211 |    0    |    0    |    0    |
|----------|-------------------|---------|---------|---------|
|   Total  |                   |    18   |   1043  |   1043  |
|----------|-------------------|---------|---------|---------|

Memories:
N/A

* Register list:
+------------------------------+--------+
|                              |   FF   |
+------------------------------+--------+
|         add1_reg_327         |   32   |
|          add_reg_312         |   32   |
|expert_output_A_addr_1_reg_287|    4   |
| expert_output_A_addr_reg_262 |    4   |
|expert_output_A_load_1_reg_302|   32   |
| expert_output_A_load_reg_272 |   32   |
|expert_output_B_addr_1_reg_307|    4   |
| expert_output_B_addr_reg_267 |    4   |
|expert_output_B_load_1_reg_322|   32   |
| expert_output_B_load_reg_277 |   32   |
|      icmp_ln944_reg_253      |    1   |
|         mul1_reg_292         |   32   |
|         mul2_reg_297         |   32   |
|         mul3_reg_317         |   32   |
|         mul4_reg_332         |   32   |
|      objective_1_reg_248     |    3   |
|       objective_reg_221      |    3   |
|         tmp_1_reg_233        |   32   |
|         tmp_2_reg_238        |   32   |
|         tmp_3_reg_243        |   32   |
|          tmp_reg_228         |   32   |
|      zext_ln944_reg_257      |   64   |
|      zext_ln950_reg_282      |   64   |
+------------------------------+--------+
|             Total            |   599  |
+------------------------------+--------+

* Multiplexer (MUX) list: 
|-------------------|------|------|------|--------||---------||---------|
|        Comp       |  Pin | Size |  BW  | S x BW ||  Delay  ||   LUT   |
|-------------------|------|------|------|--------||---------||---------|
|  grp_access_fu_90 |  p0  |   2  |   4  |    8   ||    9    |
|  grp_access_fu_90 |  p2  |   2  |   0  |    0   ||    9    |
| grp_access_fu_100 |  p0  |   2  |   4  |    8   ||    9    |
| grp_access_fu_100 |  p2  |   2  |   0  |    0   ||    9    |
|     grp_fu_151    |  p1  |   2  |  32  |   64   ||    9    |
|     grp_fu_156    |  p1  |   2  |  32  |   64   ||    9    |
|     grp_fu_161    |  p1  |   2  |  32  |   64   ||    9    |
|     grp_fu_166    |  p1  |   2  |  32  |   64   ||    9    |
|-------------------|------|------|------|--------||---------||---------|
|       Total       |      |      |      |   272  ||  2.896  ||    72   |
|-------------------|------|------|------|--------||---------||---------|



* Summary:
+-----------+--------+--------+--------+--------+
|           |   DSP  |  Delay |   FF   |   LUT  |
+-----------+--------+--------+--------+--------+
|  Function |   18   |    -   |  1043  |  1043  |
|   Memory  |    -   |    -   |    -   |    -   |
|Multiplexer|    -   |    2   |    -   |   72   |
|  Register |    -   |    -   |   599  |    -   |
+-----------+--------+--------+--------+--------+
|   Total   |   18   |    2   |  1642  |  1115  |
+-----------+--------+--------+--------+--------+
